22:03:08.694 [main] INFO  sprint5_TestCases.E_CommonTC - Logged in, searched for a file, and clicked Edit.
22:03:08.721 [main] INFO  sprint5_TestCases.E_CommonTC - Created E_Common instance.
22:14:07.431 [main] INFO  sprint5_TestCases.E_CommonTC - Starting verifyNewlyAddedListRevisionInsertedSymbol
22:14:48.537 [main] INFO  sprint5_TestCases.E_CommonTC - Logged in, searched for a file, and clicked Edit.
22:14:48.544 [main] INFO  sprint5_TestCases.E_CommonTC - Created E_Common instance.
22:18:20.010 [main] INFO  sprint5_TestCases.E_CommonTC - Starting verifyNewlyAddedListRevisionInsertedSymbol
22:19:04.180 [main] INFO  sprint5_TestCases.E_CommonTC - Logged in, searched for a file, and clicked Edit.
22:19:04.184 [main] INFO  sprint5_TestCases.E_CommonTC - Created E_Common instance.
22:27:05.855 [main] INFO  sprint5_TestCases.E_CommonTC - Starting verifyNewlyAddedListRevisionInsertedSymbol
22:28:22.062 [main] INFO  sprint5_TestCases.E_CommonTC - Logged in, searched for a file, and clicked Edit.
22:28:22.071 [main] INFO  sprint5_TestCases.E_CommonTC - Created E_Common instance.
23:44:39.471 [main] INFO  sprint1_TestCases.B_Verify_TitleBarOptionsTC - Starting verify_TitleBar
23:45:19.241 [main] INFO  sprint1_TestCases.B_Verify_TitleBarOptionsTC - Logged in and searched for a file, then clicked Edit.
23:45:19.393 [main] INFO  sprint1_TestCases.B_Verify_TitleBarOptionsTC - verified banner is in blue
23:45:19.485 [main] INFO  sprint1_TestCases.B_Verify_TitleBarOptionsTC - verified image banner is available
23:45:19.485 [main] INFO  sprint1_TestCases.B_Verify_TitleBarOptionsTC - Finished verify_TitleBar
15:37:58.932 [main] INFO  BasicEditingTC.F11_CommnetsTC - Starting Verify_CommentInSectionNumber ..
15:38:28.957 [main] INFO  BasicEditingTC.F11_CommnetsTC - Double clicked on Section Number
15:38:29.135 [main] INFO  BasicEditingTC.F11_CommnetsTC -  clicked on Add comment plugin
15:40:46.293 [main] INFO  BasicEditingTC.F11_CommnetsTC - Starting Verify_CommentInSectionNumber ..
15:41:19.824 [main] INFO  BasicEditingTC.F11_CommnetsTC - Double clicked on Section Number
15:41:19.930 [main] INFO  BasicEditingTC.F11_CommnetsTC -  clicked on Add comment plugin
15:41:20.207 [main] INFO  BasicEditingTC.F11_CommnetsTC - Comment is entered into comment text field
15:41:20.470 [main] INFO  BasicEditingTC.F11_CommnetsTC - Commnet is submited
15:41:20.908 [main] INFO  BasicEditingTC.F11_CommnetsTC -  Comment card is added into comment panel
15:41:20.938 [main] INFO  BasicEditingTC.F11_CommnetsTC - Comment count is updated
15:41:20.972 [main] INFO  BasicEditingTC.F11_CommnetsTC - Commented Section Number is highlighted into yellow Color
15:41:21.190 [main] INFO  BasicEditingTC.F11_CommnetsTC - clicked on Code View button 
15:42:01.278 [main] INFO  BasicEditingTC.F11_CommnetsTC - Verifying content validation error
15:42:01.278 [main] INFO  BasicEditingTC.F11_CommnetsTC - Finished Verify_CommentInSectionNumber ..
15:44:10.669 [main] INFO  BasicEditingTC.F11_CommnetsTC - Starting Verify_CommentInSectionNumber ..
15:44:39.297 [main] INFO  BasicEditingTC.F11_CommnetsTC - Double clicked on Section Number
15:44:39.410 [main] INFO  BasicEditingTC.F11_CommnetsTC -  clicked on Add comment plugin
15:44:39.688 [main] INFO  BasicEditingTC.F11_CommnetsTC - Comment is entered into comment text field
15:44:39.949 [main] INFO  BasicEditingTC.F11_CommnetsTC - Commnet is submited
15:44:40.375 [main] INFO  BasicEditingTC.F11_CommnetsTC -  Comment card is added into comment panel
15:44:40.403 [main] INFO  BasicEditingTC.F11_CommnetsTC - Comment count is updated
15:44:40.435 [main] INFO  BasicEditingTC.F11_CommnetsTC - Commented Section Number is highlighted into yellow Color
15:44:40.652 [main] INFO  BasicEditingTC.F11_CommnetsTC - clicked on Code View button 
16:21:35.185 [main] INFO  BasicEditingTC.F11_CommnetsTC - Starting Verify_CommentToCrossReference ..
16:22:07.966 [main] INFO  BasicEditingTC.F11_CommnetsTC - Double clicked on First para
16:22:08.192 [main] INFO  BasicEditingTC.F11_CommnetsTC - clicked on Cross Reference button 
16:22:48.361 [main] INFO  BasicEditingTC.F11_CommnetsTC - clicked on Code Cross Reference checkbox 
16:22:48.638 [main] INFO  BasicEditingTC.F11_CommnetsTC - clicked on Cross Reference popup ok button 
16:22:49.770 [main] INFO  BasicEditingTC.F11_CommnetsTC - Verifying Cross Reference is present in AP
16:22:49.889 [main] INFO  BasicEditingTC.F11_CommnetsTC -  clicked on Add comment plugin
16:22:50.186 [main] INFO  BasicEditingTC.F11_CommnetsTC - Comment is entered into comment text field
16:22:50.458 [main] INFO  BasicEditingTC.F11_CommnetsTC - Commnet is submited
16:22:51.287 [main] INFO  BasicEditingTC.F11_CommnetsTC -  Comment card is added into comment panel
16:22:51.312 [main] INFO  BasicEditingTC.F11_CommnetsTC - Comment count is updated
16:22:51.341 [main] INFO  BasicEditingTC.F11_CommnetsTC - Commented Xref is highlighted into yellow Color
16:22:51.507 [main] INFO  BasicEditingTC.F11_CommnetsTC - clicked on Code View button 
16:23:28.994 [main] INFO  BasicEditingTC.F1_SectionTC - Starting Verify_insertAfterSectionheading ..
16:23:58.835 [main] INFO  BasicEditingTC.F1_SectionTC - Cliked on First section heading from VE
16:23:58.886 [main] INFO  BasicEditingTC.F1_SectionTC - Before Adding New Section Heading the section number is :7.2.1
16:23:59.206 [main] INFO  BasicEditingTC.F1_SectionTC - Right Clicked on First section heading
11:04:25.523 [main] INFO  sprint5_TestCases.E_CommonTC - Starting verifyMultipleFootnoteInCodeViewContentValidation
11:05:00.374 [main] INFO  sprint5_TestCases.E_CommonTC - Logged in, searched for a file, and clicked Edit.
11:05:00.654 [main] INFO  sprint5_TestCases.E_CommonTC - clicked on footnote plugin
11:05:14.499 [main] INFO  sprint5_TestCases.E_CommonTC - clicked on new footnote box
11:05:15.054 [main] INFO  sprint5_TestCases.E_CommonTC - clicked on footnote ok button
11:05:16.638 [main] INFO  sprint5_TestCases.E_CommonTC - clicked on footnote plugin
11:05:16.905 [main] INFO  sprint5_TestCases.E_CommonTC - clicked on new footnote box
11:05:17.687 [main] INFO  sprint5_TestCases.E_CommonTC - clicked on footnote ok button
11:05:19.373 [main] INFO  sprint5_TestCases.E_CommonTC - clicked on footnote plugin
11:05:19.646 [main] INFO  sprint5_TestCases.E_CommonTC - clicked on new footnote box
11:05:20.491 [main] INFO  sprint5_TestCases.E_CommonTC - clicked on footnote ok button
11:05:21.624 [main] INFO  sprint5_TestCases.E_CommonTC - clicked on Code View button 
11:06:01.767 [main] INFO  sprint5_TestCases.E_CommonTC - Verifying content validation error
11:06:01.767 [main] INFO  sprint5_TestCases.E_CommonTC - Finished verifyMultipleFootnoteInCodeViewContentValidation ..
11:17:25.498 [main] INFO  sprint5_TestCases.E_CommonTC - Starting verifyMultipleFootnoteInCodeViewContentValidation
11:18:02.561 [main] INFO  sprint5_TestCases.E_CommonTC - Logged in, searched for a file, and clicked Edit.
11:18:02.798 [main] INFO  sprint5_TestCases.E_CommonTC - clicked on footnote plugin
11:18:22.421 [main] INFO  sprint5_TestCases.E_CommonTC - clicked on new footnote box
11:18:22.994 [main] INFO  sprint5_TestCases.E_CommonTC - clicked on footnote ok button
11:18:24.445 [main] INFO  sprint5_TestCases.E_CommonTC - clicked on footnote plugin
11:18:24.721 [main] INFO  sprint5_TestCases.E_CommonTC - clicked on new footnote box
11:18:25.383 [main] INFO  sprint5_TestCases.E_CommonTC - clicked on footnote ok button
11:18:26.788 [main] INFO  sprint5_TestCases.E_CommonTC - clicked on footnote plugin
11:18:27.018 [main] INFO  sprint5_TestCases.E_CommonTC - clicked on new footnote box
11:18:27.760 [main] INFO  sprint5_TestCases.E_CommonTC - clicked on footnote ok button
11:19:39.025 [main] INFO  sprint5_TestCases.E_CommonTC - Starting verifyMultipleFootnoteInCodeViewContentValidation
11:20:22.220 [main] INFO  sprint5_TestCases.E_CommonTC - Logged in, searched for a file, and clicked Edit.
11:20:22.420 [main] INFO  sprint5_TestCases.E_CommonTC - clicked on footnote plugin
11:20:29.483 [main] INFO  sprint5_TestCases.E_CommonTC - clicked on new footnote box
11:20:30.122 [main] INFO  sprint5_TestCases.E_CommonTC - clicked on footnote ok button
11:20:31.723 [main] INFO  sprint5_TestCases.E_CommonTC - clicked on footnote plugin
11:20:31.992 [main] INFO  sprint5_TestCases.E_CommonTC - clicked on new footnote box
11:20:32.657 [main] INFO  sprint5_TestCases.E_CommonTC - clicked on footnote ok button
11:20:34.120 [main] INFO  sprint5_TestCases.E_CommonTC - clicked on footnote plugin
11:20:34.354 [main] INFO  sprint5_TestCases.E_CommonTC - clicked on new footnote box
11:20:35.110 [main] INFO  sprint5_TestCases.E_CommonTC - clicked on footnote ok button
11:34:49.381 [main] INFO  sprint5_TestCases.E_CommonTC - Starting verifyInsertVariableCheckInCodeView
11:35:25.351 [main] INFO  sprint5_TestCases.E_CommonTC - Logged in, searched for a file, and clicked Edit.
11:37:12.549 [main] INFO  sprint5_TestCases.E_CommonTC - Starting verifyInsertVariableCheckInCodeView
11:37:48.323 [main] INFO  sprint5_TestCases.E_CommonTC - Logged in, searched for a file, and clicked Edit.
11:39:04.996 [main] INFO  sprint5_TestCases.E_CommonTC - Starting verifyInsertVariableCheckInCodeView
11:39:50.699 [main] INFO  sprint5_TestCases.E_CommonTC - Logged in, searched for a file, and clicked Edit.
11:42:10.319 [main] INFO  sprint5_TestCases.E_CommonTC - Starting verifyInsertVariableCheckInCodeView
11:42:52.069 [main] INFO  sprint5_TestCases.E_CommonTC - Logged in, searched for a file, and clicked Edit.
11:43:46.293 [main] INFO  sprint5_TestCases.E_CommonTC - Starting verifyInsertVariableCheckInCodeView
11:44:23.349 [main] INFO  sprint5_TestCases.E_CommonTC - Logged in, searched for a file, and clicked Edit.
11:46:01.359 [main] INFO  sprint5_TestCases.E_CommonTC - Starting verifyInsertVariableCheckInCodeView
11:46:36.125 [main] INFO  sprint5_TestCases.E_CommonTC - Logged in, searched for a file, and clicked Edit.
11:47:36.995 [main] INFO  sprint5_TestCases.E_CommonTC - Starting verifyInsertVariableCheckInCodeView
11:48:53.545 [main] INFO  sprint5_TestCases.E_CommonTC - Logged in, searched for a file, and clicked Edit.
11:50:41.614 [main] INFO  sprint5_TestCases.E_CommonTC - Starting verifyInsertVariableCheckInCodeView
11:51:15.446 [main] INFO  sprint5_TestCases.E_CommonTC - Logged in, searched for a file, and clicked Edit.
11:54:09.043 [main] INFO  sprint5_TestCases.E_CommonTC - Starting verifyInsertVariableCheckInCodeView
11:54:45.689 [main] INFO  sprint5_TestCases.E_CommonTC - Logged in, searched for a file, and clicked Edit.
11:59:12.713 [main] INFO  sprint5_TestCases.E_CommonTC - Starting verifyInsertVariableCheckInCodeView
11:59:48.093 [main] INFO  sprint5_TestCases.E_CommonTC - Logged in, searched for a file, and clicked Edit.
12:02:06.319 [main] INFO  sprint5_TestCases.E_CommonTC - Starting verifyInsertVariableCheckInCodeView
12:02:44.736 [main] INFO  sprint5_TestCases.E_CommonTC - Logged in, searched for a file, and clicked Edit.
12:02:49.409 [main] INFO  sprint5_TestCases.E_CommonTC - clicked on Code View button 
12:03:29.485 [main] INFO  sprint5_TestCases.E_CommonTC - Verifying content validation error
12:03:29.485 [main] INFO  sprint5_TestCases.E_CommonTC - Finished verifyInsertVariableCheckInCodeView ..
12:09:10.641 [main] INFO  sprint5_TestCases.E_CommonTC - Starting verifyInsertVariableCheckInCodeView
12:09:49.814 [main] INFO  sprint5_TestCases.E_CommonTC - Logged in, searched for a file, and clicked Edit.
12:13:02.307 [main] INFO  sprint5_TestCases.E_CommonTC - Starting verifyInsertVariableCheckInCodeView
12:13:37.877 [main] INFO  sprint5_TestCases.E_CommonTC - Logged in, searched for a file, and clicked Edit.
12:14:51.948 [main] INFO  sprint5_TestCases.E_CommonTC - Starting verifyInsertVariableCheckInCodeView
12:15:25.189 [main] INFO  sprint5_TestCases.E_CommonTC - Logged in, searched for a file, and clicked Edit.
12:21:33.274 [main] INFO  sprint5_TestCases.E_CommonTC - Starting verifyInsertVariableCheckInCodeView
12:22:09.065 [main] INFO  sprint5_TestCases.E_CommonTC - Logged in, searched for a file, and clicked Edit.
12:32:55.518 [main] INFO  sprint5_TestCases.E_CommonTC - Starting verifyInsertAfterListCheckCodeView
12:33:28.404 [main] INFO  sprint5_TestCases.E_CommonTC - Logged in, searched for a file, and clicked Edit.
12:35:51.238 [main] INFO  sprint5_TestCases.E_CommonTC - Starting verifyInsertAfterListCheckCodeView
12:36:28.594 [main] INFO  sprint5_TestCases.E_CommonTC - Logged in, searched for a file, and clicked Edit.
12:36:31.199 [main] INFO  sprint5_TestCases.E_CommonTC - clicked on Code View button 
12:37:11.286 [main] INFO  sprint5_TestCases.E_CommonTC - Verifying content validation error
12:37:11.286 [main] INFO  sprint5_TestCases.E_CommonTC - Finished verifyInsertVariableCheckInCodeView ..
12:44:59.606 [main] INFO  sprint5_TestCases.E_CommonTC - Starting verifyFootnoteInBlockView
12:45:37.456 [main] INFO  sprint5_TestCases.E_CommonTC - Logged in, searched for a file, and clicked Edit.
12:45:37.979 [main] INFO  sprint5_TestCases.E_CommonTC - clicked on footnote plugin
12:45:49.595 [main] INFO  sprint5_TestCases.E_CommonTC - clicked on new footnote box
12:45:50.106 [main] INFO  sprint5_TestCases.E_CommonTC - clicked on footnote ok button
12:48:01.365 [main] INFO  sprint5_TestCases.E_CommonTC - Starting verifyFootnoteInBlockView
12:48:33.881 [main] INFO  sprint5_TestCases.E_CommonTC - Logged in, searched for a file, and clicked Edit.
12:48:34.505 [main] INFO  sprint5_TestCases.E_CommonTC - clicked on footnote plugin
12:48:46.655 [main] INFO  sprint5_TestCases.E_CommonTC - clicked on new footnote box
12:48:47.633 [main] INFO  sprint5_TestCases.E_CommonTC - clicked on footnote ok button
12:48:50.155 [main] INFO  sprint5_TestCases.E_CommonTC - Finished verifyFootnoteInBlockView ..
12:56:57.739 [main] INFO  sprint5_TestCases.E_CommonTC - Starting verifyXrefCutUndo
12:57:33.567 [main] INFO  sprint5_TestCases.E_CommonTC - Logged in, searched for a file, and clicked Edit.
12:57:34.081 [main] INFO  sprint5_TestCases.E_CommonTC - Double clicked on First para
12:57:34.408 [main] INFO  sprint5_TestCases.E_CommonTC - clicked on Cross Reference button 
12:58:14.747 [main] INFO  sprint5_TestCases.E_CommonTC - clicked on Code Cross Reference checkbox 
12:58:15.229 [main] INFO  sprint5_TestCases.E_CommonTC - clicked on Cross Reference popup ok button 
13:43:48.400 [main] INFO  sprint5_TestCases.E_CommonTC - Starting verifyXrefCutUndo
13:44:34.131 [main] INFO  sprint5_TestCases.E_CommonTC - Logged in, searched for a file, and clicked Edit.
13:44:34.557 [main] INFO  sprint5_TestCases.E_CommonTC - Double clicked on First para
13:44:34.935 [main] INFO  sprint5_TestCases.E_CommonTC - clicked on Cross Reference button 
13:45:21.113 [main] INFO  sprint5_TestCases.E_CommonTC - clicked on Code Cross Reference checkbox 
13:45:21.415 [main] INFO  sprint5_TestCases.E_CommonTC - clicked on Cross Reference popup ok button 
13:45:23.221 [main] INFO  sprint5_TestCases.E_CommonTC - Finished verifyXrefCutUndo ..
14:31:12.983 [main] INFO  sprint6_TestCases.HL_CommonBugsTC - clicked on footnote plugin
14:31:33.615 [main] INFO  sprint6_TestCases.HL_CommonBugsTC - clicked on new footnote box
14:31:34.156 [main] INFO  sprint6_TestCases.HL_CommonBugsTC - clicked on footnote ok button
14:36:49.039 [main] INFO  sprint6_TestCases.HL_CommonBugsTC - clicked on footnote plugin
14:37:03.742 [main] INFO  sprint6_TestCases.HL_CommonBugsTC - clicked on new footnote box
14:37:04.338 [main] INFO  sprint6_TestCases.HL_CommonBugsTC - clicked on footnote ok button
15:23:26.491 [main] INFO  sprint6_TestCases.HL_CommonBugsTC - clicked on footnote plugin
15:23:36.379 [main] INFO  sprint6_TestCases.HL_CommonBugsTC - clicked on new footnote box
15:23:37.206 [main] INFO  sprint6_TestCases.HL_CommonBugsTC - clicked on footnote ok button
15:23:38.830 [main] INFO  sprint6_TestCases.HL_CommonBugsTC - clicked on Code View button 
15:24:18.973 [main] INFO  sprint6_TestCases.HL_CommonBugsTC - Verifying content validation error
16:43:16.458 [main] INFO  sprint6_TestCases.HL_CommonBugsTC - clicked on footnote plugin
16:43:27.265 [main] INFO  sprint6_TestCases.HL_CommonBugsTC - clicked on new footnote box
16:43:28.025 [main] INFO  sprint6_TestCases.HL_CommonBugsTC - clicked on footnote ok button
16:43:29.568 [main] INFO  sprint6_TestCases.HL_CommonBugsTC - clicked on Code View button 
16:44:09.689 [main] INFO  sprint6_TestCases.HL_CommonBugsTC - Verifying content validation error
18:07:54.026 [main] INFO  sprint6_TestCases.HL_CommonBugsTC - clicked on footnote plugin
18:08:06.145 [main] INFO  sprint6_TestCases.HL_CommonBugsTC - clicked on new footnote box
18:08:06.742 [main] INFO  sprint6_TestCases.HL_CommonBugsTC - clicked on footnote ok button
11:49:54.953 [main] INFO  sprint6_TestCases.HL_CommonBugsTC - Context Clicked on Para VE.
11:49:54.964 [main] INFO  sprint6_TestCases.HL_CommonBugsTC - Switched back to default content.
11:49:54.988 [main] INFO  sprint6_TestCases.HL_CommonBugsTC - Switched to frame 1.
11:54:39.180 [main] INFO  sprint6_TestCases.HL_CommonBugsTC - Context Clicked on Para VE.
11:54:39.190 [main] INFO  sprint6_TestCases.HL_CommonBugsTC - Switched back to default content.
11:54:39.203 [main] INFO  sprint6_TestCases.HL_CommonBugsTC - Switched to frame 1.
11:56:10.530 [main] INFO  sprint2_TestCases.B_Verify_RightClick_OptionsTC - Starting delete_SectionNumber_AcceptChange ..
11:56:47.846 [main] INFO  sprint2_TestCases.B_Verify_RightClick_OptionsTC - Logged in, searched for a file, and clicked Edit.
11:56:47.856 [main] INFO  sprint2_TestCases.B_Verify_RightClick_OptionsTC - Created B_Verify_RightClick_Options instance.
11:56:47.878 [main] INFO  sprint2_TestCases.B_Verify_RightClick_OptionsTC - Switched to frame 0.
11:56:48.200 [main] INFO  sprint2_TestCases.B_Verify_RightClick_OptionsTC - Context Clicked on Para VE.
11:56:48.230 [main] INFO  sprint2_TestCases.B_Verify_RightClick_OptionsTC - Switched back to default content.
11:56:48.251 [main] INFO  sprint2_TestCases.B_Verify_RightClick_OptionsTC - Switched to frame 1.
11:56:48.510 [main] INFO  sprint2_TestCases.B_Verify_RightClick_OptionsTC - Clicked on Remove Element Block 
11:56:48.537 [main] INFO  sprint2_TestCases.B_Verify_RightClick_OptionsTC - Switched back to default content.
11:56:48.910 [main] INFO  sprint2_TestCases.B_Verify_RightClick_OptionsTC - Clicked on Accept Changes 
11:56:49.638 [main] INFO  sprint2_TestCases.B_Verify_RightClick_OptionsTC - Clicked on Section 
11:57:29.809 [main] INFO  sprint2_TestCases.B_Verify_RightClick_OptionsTC - Para element is deleted.
11:57:29.809 [main] INFO  sprint2_TestCases.B_Verify_RightClick_OptionsTC - Finished delete_SectionNumber_AcceptChange ..
12:11:13.582 [main] INFO  sprint5_TestCases.E_CommonTC - Starting verifyNewlyAddedListRevisionInsertedSymbol
12:11:48.251 [main] INFO  sprint5_TestCases.E_CommonTC - Logged in, searched for a file, and clicked Edit.
12:11:48.258 [main] INFO  sprint5_TestCases.E_CommonTC - Created E_Common instance.
12:12:30.644 [main] INFO  sprint5_TestCases.E_CommonTC - Finished verifyNewlyAddedListRevisionInsertedSymbol ..
12:19:57.410 [main] INFO  sprint5_TestCases.E_CommonTC - Starting verifyInsertVariableCheckInCodeView
12:20:32.878 [main] INFO  sprint5_TestCases.E_CommonTC - Logged in, searched for a file, and clicked Edit.
12:20:36.600 [main] INFO  sprint5_TestCases.E_CommonTC - clicked on Code View button 
12:21:16.738 [main] INFO  sprint5_TestCases.E_CommonTC - Verifying content validation error
12:21:16.739 [main] INFO  sprint5_TestCases.E_CommonTC - Finished verifyInsertVariableCheckInCodeView ..
12:36:05.128 [main] INFO  sprint6_TestCases.HL_CommonBugsTC - Context Clicked on Para VE.
12:36:05.148 [main] INFO  sprint6_TestCases.HL_CommonBugsTC - Switched back to default content.
12:36:05.170 [main] INFO  sprint6_TestCases.HL_CommonBugsTC - Switched to frame 1.
12:41:01.427 [TestNG-test=RetryMultipleFailedTestcases-3] INFO  sprint6_TestCases.HL_CommonBugsTC - clicked on footnote plugin
12:41:18.450 [TestNG-test=RetryMultipleFailedTestcases-3] INFO  sprint6_TestCases.HL_CommonBugsTC - clicked on new footnote box
12:41:19.094 [TestNG-test=RetryMultipleFailedTestcases-3] INFO  sprint6_TestCases.HL_CommonBugsTC - clicked on footnote ok button
12:42:32.078 [TestNG-test=RetryMultipleFailedTestcases-4] INFO  sprint6_TestCases.HL_CommonBugsTC - clicked on footnote plugin
12:42:39.440 [TestNG-test=RetryMultipleFailedTestcases-4] INFO  sprint6_TestCases.HL_CommonBugsTC - clicked on new footnote box
12:42:40.151 [TestNG-test=RetryMultipleFailedTestcases-4] INFO  sprint6_TestCases.HL_CommonBugsTC - clicked on footnote ok button
12:42:41.920 [TestNG-test=RetryMultipleFailedTestcases-4] INFO  sprint6_TestCases.HL_CommonBugsTC - clicked on Code View button 
12:43:22.052 [TestNG-test=RetryMultipleFailedTestcases-4] INFO  sprint6_TestCases.HL_CommonBugsTC - Verifying content validation error
12:49:32.583 [TestNG-test=RetryMultipleFailedTestcases-4] INFO  sprint6_TestCases.HL_CommonBugsTC - clicked on footnote plugin
12:49:50.175 [TestNG-test=RetryMultipleFailedTestcases-3] INFO  sprint6_TestCases.HL_CommonBugsTC - clicked on footnote plugin
12:49:51.283 [TestNG-test=RetryMultipleFailedTestcases-4] INFO  sprint6_TestCases.HL_CommonBugsTC - clicked on new footnote box
12:49:51.962 [TestNG-test=RetryMultipleFailedTestcases-4] INFO  sprint6_TestCases.HL_CommonBugsTC - clicked on footnote ok button
12:49:53.851 [TestNG-test=RetryMultipleFailedTestcases-4] INFO  sprint6_TestCases.HL_CommonBugsTC - clicked on Code View button 
12:50:33.979 [TestNG-test=RetryMultipleFailedTestcases-4] INFO  sprint6_TestCases.HL_CommonBugsTC - Verifying content validation error
12:52:37.667 [TestNG-test=RetryMultipleFailedTestcases-3] INFO  sprint6_TestCases.HL_CommonBugsTC - clicked on footnote plugin
12:52:58.389 [TestNG-test=RetryMultipleFailedTestcases-3] INFO  sprint6_TestCases.HL_CommonBugsTC - clicked on new footnote box
12:52:59.824 [TestNG-test=RetryMultipleFailedTestcases-3] INFO  sprint6_TestCases.HL_CommonBugsTC - clicked on footnote ok button
13:13:02.612 [TestNG-test=RetryMultipleFailedTestcases-1] INFO  sprint6_TestCases.HL_CommonBugsTC - clicked on footnote plugin
13:16:31.908 [TestNG-test=RetryMultipleFailedTestcases-1] INFO  sprint6_TestCases.HL_CommonBugsTC - clicked on footnote plugin
13:47:33.497 [TestNG-test=RetryMultipleFailedTestcases-3] INFO  sprint6_TestCases.HL_CommonBugsTC - clicked on footnote plugin
13:47:47.045 [TestNG-test=RetryMultipleFailedTestcases-3] INFO  sprint6_TestCases.HL_CommonBugsTC - clicked on new footnote box
13:47:47.974 [TestNG-test=RetryMultipleFailedTestcases-3] INFO  sprint6_TestCases.HL_CommonBugsTC - clicked on footnote ok button
13:48:46.197 [TestNG-test=RetryMultipleFailedTestcases-4] INFO  sprint6_TestCases.HL_CommonBugsTC - clicked on footnote plugin
13:50:08.496 [TestNG-test=RetryMultipleFailedTestcases-4] INFO  sprint6_TestCases.HL_CommonBugsTC - clicked on footnote plugin
13:50:18.980 [TestNG-test=RetryMultipleFailedTestcases-4] INFO  sprint6_TestCases.HL_CommonBugsTC - clicked on new footnote box
13:50:19.880 [TestNG-test=RetryMultipleFailedTestcases-4] INFO  sprint6_TestCases.HL_CommonBugsTC - clicked on footnote ok button
13:50:22.267 [TestNG-test=RetryMultipleFailedTestcases-4] INFO  sprint6_TestCases.HL_CommonBugsTC - clicked on Code View button 
13:51:02.428 [TestNG-test=RetryMultipleFailedTestcases-4] INFO  sprint6_TestCases.HL_CommonBugsTC - Verifying content validation error
13:54:02.628 [TestNG-test=RetryMultipleFailedTestcases-3] INFO  sprint6_TestCases.HL_CommonBugsTC - clicked on footnote plugin
13:54:10.636 [TestNG-test=RetryMultipleFailedTestcases-3] INFO  sprint6_TestCases.HL_CommonBugsTC - clicked on new footnote box
13:54:13.059 [TestNG-test=RetryMultipleFailedTestcases-3] INFO  sprint6_TestCases.HL_CommonBugsTC - clicked on footnote ok button
13:59:27.633 [TestNG-test=RetryMultipleFailedTestcases-3] INFO  sprint6_TestCases.HL_CommonBugsTC - clicked on footnote plugin
13:59:38.967 [TestNG-test=RetryMultipleFailedTestcases-3] INFO  sprint6_TestCases.HL_CommonBugsTC - clicked on new footnote box
13:59:42.050 [TestNG-test=RetryMultipleFailedTestcases-3] INFO  sprint6_TestCases.HL_CommonBugsTC - clicked on footnote ok button
14:02:50.793 [TestNG-test=RetryMultipleFailedTestcases-2] INFO  sprint6_TestCases.HL_CommonBugsTC - Context Clicked on Para VE.
14:02:50.829 [TestNG-test=RetryMultipleFailedTestcases-2] INFO  sprint6_TestCases.HL_CommonBugsTC - Switched back to default content.
14:02:50.863 [TestNG-test=RetryMultipleFailedTestcases-2] INFO  sprint6_TestCases.HL_CommonBugsTC - Switched to frame 1.
14:05:34.680 [TestNG-test=RetryMultipleFailedTestcases-2] INFO  sprint6_TestCases.HL_CommonBugsTC - Context Clicked on Para VE.
14:05:34.723 [TestNG-test=RetryMultipleFailedTestcases-2] INFO  sprint6_TestCases.HL_CommonBugsTC - Switched back to default content.
14:05:34.768 [TestNG-test=RetryMultipleFailedTestcases-2] INFO  sprint6_TestCases.HL_CommonBugsTC - Switched to frame 1.
14:07:30.726 [TestNG-test=RetryMultipleFailedTestcases-2] INFO  sprint6_TestCases.HL_CommonBugsTC - Context Clicked on Para VE.
14:07:30.766 [TestNG-test=RetryMultipleFailedTestcases-2] INFO  sprint6_TestCases.HL_CommonBugsTC - Switched back to default content.
14:07:30.802 [TestNG-test=RetryMultipleFailedTestcases-2] INFO  sprint6_TestCases.HL_CommonBugsTC - Switched to frame 1.
14:42:32.908 [main] INFO  sprint6_TestCases.HL_CommonBugsTC - Context Clicked on Para VE.
14:42:32.928 [main] INFO  sprint6_TestCases.HL_CommonBugsTC - Switched back to default content.
14:42:32.948 [main] INFO  sprint6_TestCases.HL_CommonBugsTC - Switched to frame 1.
14:51:05.861 [main] INFO  sprint5_TestCases.E_CommonTC - Starting verifyXrefCutUndo
14:52:02.539 [main] INFO  sprint5_TestCases.E_CommonTC - Logged in, searched for a file, and clicked Edit.
14:52:02.969 [main] INFO  sprint5_TestCases.E_CommonTC - Double clicked on First para
14:52:03.409 [main] INFO  sprint5_TestCases.E_CommonTC - clicked on Cross Reference button 
14:52:43.697 [main] INFO  sprint5_TestCases.E_CommonTC - clicked on Code Cross Reference checkbox 
14:52:44.263 [main] INFO  sprint5_TestCases.E_CommonTC - clicked on Cross Reference popup ok button 
14:52:46.428 [main] INFO  sprint5_TestCases.E_CommonTC - Finished verifyXrefCutUndo ..
14:58:04.443 [main] INFO  sprint5_TestCases.E_CommonTC - Starting verifyRevisionDeleted
14:58:55.955 [main] INFO  sprint5_TestCases.E_CommonTC - Logged in, searched for a file, and clicked Edit.
16:13:03.178 [main] INFO  sprint5_TestCases.E_CommonTC - Starting verifyRevisionDeleted
16:13:46.047 [main] INFO  sprint5_TestCases.E_CommonTC - Logged in, searched for a file, and clicked Edit.
16:18:17.698 [main] INFO  sprint5_TestCases.E_CommonTC - Starting verifyRevisionDeleted
16:20:03.039 [main] INFO  sprint5_TestCases.E_CommonTC - Starting verifyRevisionDeleted
16:20:52.410 [main] INFO  sprint5_TestCases.E_CommonTC - Logged in, searched for a file, and clicked Edit.
16:30:22.436 [main] INFO  sprint5_TestCases.E_CommonTC - Starting verifyRevisionDeleted
16:31:04.051 [main] INFO  sprint5_TestCases.E_CommonTC - Logged in, searched for a file, and clicked Edit.
16:31:04.801 [main] INFO  sprint5_TestCases.E_CommonTC - Finished verifyXrefCutUndo ..
16:40:54.054 [main] INFO  sprint5_TestCases.E_CommonTC - Starting verifyChangeParaToMOQPAndVE
16:41:29.655 [main] INFO  sprint5_TestCases.E_CommonTC - Logged in, searched for a file, and clicked Edit.
16:41:50.770 [main] INFO  sprint5_TestCases.E_CommonTC - Finished verifyChangeParaToMOQPAndVE ..
16:51:32.746 [main] INFO  sprint5_TestCases.E_CommonTC - Starting verifyChangeParaToMOQPAndVE
16:52:08.161 [main] INFO  sprint5_TestCases.E_CommonTC - Logged in, searched for a file, and clicked Edit.
16:56:08.685 [main] INFO  sprint5_TestCases.E_CommonTC - Starting verifyDeletedElementblockType
16:56:46.661 [main] INFO  sprint5_TestCases.E_CommonTC - Logged in, searched for a file, and clicked Edit.
09:03:42.315 [main] INFO  sprint5_TestCases.E_CommonTC - Starting verifyDeletedElementblockType
09:04:12.949 [main] INFO  sprint5_TestCases.E_CommonTC - Logged in, searched for a file, and clicked Edit.
09:06:34.729 [main] INFO  sprint5_TestCases.E_CommonTC - Starting verifyDeletedElementblockType
09:07:14.180 [main] INFO  sprint5_TestCases.E_CommonTC - Logged in, searched for a file, and clicked Edit.
09:10:15.376 [main] INFO  sprint5_TestCases.E_CommonTC - Starting verifyDeletedElementblockType
09:10:46.880 [main] INFO  sprint5_TestCases.E_CommonTC - Logged in, searched for a file, and clicked Edit.
09:10:48.728 [main] INFO  sprint5_TestCases.E_CommonTC - Finished verifyDeletedElementblockType ..
09:35:12.177 [main] INFO  sprint5_TestCases.E_CommonTC - Starting verifyDeletedElementblockType
09:35:43.880 [main] INFO  sprint5_TestCases.E_CommonTC - Logged in, searched for a file, and clicked Edit.
09:39:42.454 [main] INFO  sprint5_TestCases.E_CommonTC - Starting verifyDeletedElementblockType
09:40:15.043 [main] INFO  sprint5_TestCases.E_CommonTC - Logged in, searched for a file, and clicked Edit.
09:41:24.320 [main] INFO  sprint5_TestCases.E_CommonTC - Starting verifyDeletedElementblockType
09:41:53.372 [main] INFO  sprint5_TestCases.E_CommonTC - Logged in, searched for a file, and clicked Edit.
09:41:53.509 [main] INFO  sprint5_TestCases.E_CommonTC - clicked on footnote plugin
09:41:57.986 [main] INFO  sprint5_TestCases.E_CommonTC - clicked on new footnote box
09:41:58.394 [main] INFO  sprint5_TestCases.E_CommonTC - clicked on footnote ok button
10:35:20.983 [main] INFO  sprint5_TestCases.E_CommonTC - Starting verifyFindSectionNumber
10:35:51.326 [main] INFO  sprint5_TestCases.E_CommonTC - Logged in, searched for a file, and clicked Edit.
10:35:52.964 [main] INFO  sprint5_TestCases.E_CommonTC - Finished verifyFindSectionNumber ..
10:48:50.114 [main] INFO  sprint5_TestCases.E_CommonTC - Starting verifyFindSectionNumber
10:49:23.042 [main] INFO  sprint5_TestCases.E_CommonTC - Logged in, searched for a file, and clicked Edit.
11:04:30.634 [main] INFO  sprint5_TestCases.E_CommonTC - Starting verifyBackspaceParaCB
11:05:01.896 [main] INFO  sprint5_TestCases.E_CommonTC - Logged in, searched for a file, and clicked Edit.
11:05:03.327 [main] INFO  sprint5_TestCases.E_CommonTC - Finished verifyBackspaceParaCB ..
11:14:39.975 [main] INFO  sprint5_TestCases.E_CommonTC - Starting verifyEntityRightclickoption
11:15:09.539 [main] INFO  sprint5_TestCases.E_CommonTC - Logged in, searched for a file, and clicked Edit.
11:15:15.873 [main] INFO  sprint5_TestCases.E_CommonTC - Finished verifyEntityRightclickoption ..
11:21:21.718 [main] INFO  sprint5_TestCases.E_CommonTC - Starting verifyEntityRightclickoption
11:21:52.919 [main] INFO  sprint5_TestCases.E_CommonTC - Logged in, searched for a file, and clicked Edit.
16:03:10.949 [main] INFO  sprint5_TestCases.E_CommonTC - Starting verifyMediaObjectDeleteCBSelection
16:03:53.302 [main] INFO  sprint5_TestCases.E_CommonTC - Logged in, searched for a file, and clicked Edit.
16:03:57.415 [main] INFO  sprint5_TestCases.E_CommonTC - Finished verifyMediaObjectDeleteCBSelection ..
16:09:39.443 [main] INFO  sprint5_TestCases.E_CommonTC - Starting verifyMediaObjectDeleteCBSelection
16:10:15.279 [main] INFO  sprint5_TestCases.E_CommonTC - Logged in, searched for a file, and clicked Edit.
16:23:11.096 [main] INFO  sprint5_TestCases.E_CommonTC - Starting verifyRightClickXrefInfo
16:23:49.329 [main] INFO  sprint5_TestCases.E_CommonTC - Logged in, searched for a file, and clicked Edit.
16:23:50.101 [main] INFO  sprint5_TestCases.E_CommonTC - Switched back to default content.
16:23:50.133 [main] INFO  sprint5_TestCases.E_CommonTC - Switched to frame 1.
16:23:52.775 [main] INFO  sprint5_TestCases.E_CommonTC - Switched back to default content.
16:28:33.874 [main] INFO  sprint5_TestCases.E_CommonTC - Starting verifyRightClickXrefInfo
16:29:06.800 [main] INFO  sprint5_TestCases.E_CommonTC - Logged in, searched for a file, and clicked Edit.
16:29:07.576 [main] INFO  sprint5_TestCases.E_CommonTC - Switched back to default content.
16:29:07.623 [main] INFO  sprint5_TestCases.E_CommonTC - Switched to frame 1.
16:29:08.698 [main] INFO  sprint5_TestCases.E_CommonTC - Switched back to default content.
16:29:09.374 [main] INFO  sprint5_TestCases.E_CommonTC - Finished verifyRightClickXrefInfo ..
17:01:33.845 [main] INFO  sprint5_TestCases.E_CommonTC - Starting veriyExistingTableInsertElements
17:02:03.754 [main] INFO  sprint5_TestCases.E_CommonTC - Logged in, searched for a file, and clicked Edit.
17:02:05.053 [main] INFO  sprint5_TestCases.E_CommonTC - Finished veriyExistingTableInsertElements ..
17:23:34.026 [main] INFO  sprint5_TestCases.E_CommonTC - Starting verifyInsertMediaObjects
17:24:06.254 [main] INFO  sprint5_TestCases.E_CommonTC - Logged in, searched for a file, and clicked Edit.
21:16:22.634 [main] INFO  sprint5_TestCases.E_CommonTC - Starting verifyInsertMediaObjects
21:17:00.366 [main] INFO  sprint5_TestCases.E_CommonTC - Logged in, searched for a file, and clicked Edit.
21:26:17.968 [main] INFO  sprint5_TestCases.E_CommonTC - Starting verifyChangingSectionNumberTrackChange
21:26:58.674 [main] INFO  sprint5_TestCases.E_CommonTC - Logged in, searched for a file, and clicked Edit.
21:31:21.133 [main] INFO  BasicEditingTC.F1_SectionTC - Starting Verify_DeleteSectionNumberBackSpacekey ..
21:31:57.833 [main] INFO  BasicEditingTC.F1_SectionTC - Double Clicked on Section Number....
21:31:58.143 [main] INFO  BasicEditingTC.F1_SectionTC -  Clicked on deleted Section Number from VE....
21:31:58.895 [main] INFO  BasicEditingTC.F1_SectionTC - Clicked on Accept changes Button....
21:32:00.010 [main] INFO  BasicEditingTC.F1_SectionTC - New Section Number is Inserted In VE
21:32:00.300 [main] INFO  BasicEditingTC.F1_SectionTC - Clicked on Accept changes Button....
21:32:00.700 [main] INFO  BasicEditingTC.F1_SectionTC - Clicked on Code View Button....
21:32:40.793 [main] INFO  BasicEditingTC.F1_SectionTC - Verifying content validation is not Occured...
21:32:41.136 [main] INFO  BasicEditingTC.F1_SectionTC - Clicked on Quick Preview Button....
21:33:21.282 [main] INFO  BasicEditingTC.F1_SectionTC - Verifying section Number is not present in Quick Preview...
21:33:21.282 [main] INFO  BasicEditingTC.F1_SectionTC - Finished Verify_DeleteSectionNumberBackSpacekey ..
21:41:10.158 [main] INFO  sprint5_TestCases.E_CommonTC - Starting verifyChangingSectionNumberTrackChange
21:41:47.364 [main] INFO  sprint5_TestCases.E_CommonTC - Logged in, searched for a file, and clicked Edit.
21:41:47.986 [main] INFO  sprint5_TestCases.E_CommonTC - Finished verifyChangingSectionNumberTrackChange ..
21:47:25.412 [main] INFO  sprint5_TestCases.E_CommonTC - Starting verifyChangingSectionNumberTrackChange
21:48:22.365 [main] INFO  sprint5_TestCases.E_CommonTC - Logged in, searched for a file, and clicked Edit.
22:04:43.407 [main] INFO  sprint5_TestCases.E_CommonTC - Starting verifyCaptionRightclick
22:05:30.737 [main] INFO  sprint5_TestCases.E_CommonTC - Logged in, searched for a file, and clicked Edit.
22:05:31.454 [main] INFO  sprint5_TestCases.E_CommonTC - Switched back to default content.
22:05:31.492 [main] INFO  sprint5_TestCases.E_CommonTC - Switched to frame 1.
22:05:34.842 [main] INFO  sprint5_TestCases.E_CommonTC - Switched back to default content.
22:21:47.521 [main] INFO  sprint5_TestCases.E_CommonTC - Starting verifyCaptionRightclick
22:22:23.257 [main] INFO  sprint5_TestCases.E_CommonTC - Logged in, searched for a file, and clicked Edit.
22:22:24.316 [main] INFO  sprint5_TestCases.E_CommonTC - Switched back to default content.
22:22:24.346 [main] INFO  sprint5_TestCases.E_CommonTC - Switched to frame 1.
22:23:04.483 [main] INFO  sprint5_TestCases.E_CommonTC - Finished verifyCaptionRightclick ..
23:12:11.852 [main] INFO  sprint5_TestCases.E_CommonTC - Starting verifyMultipleFootnoteInCodeViewContentValidation
23:12:51.056 [main] INFO  sprint5_TestCases.E_CommonTC - Logged in, searched for a file, and clicked Edit.
23:12:51.339 [main] INFO  sprint5_TestCases.E_CommonTC - clicked on footnote plugin
23:13:08.791 [main] INFO  sprint5_TestCases.E_CommonTC - clicked on new footnote box
23:13:09.426 [main] INFO  sprint5_TestCases.E_CommonTC - clicked on footnote ok button
23:15:34.745 [main] INFO  sprint5_TestCases.E_CommonTC - Starting verifyMultipleFootnoteInCodeViewContentValidation
23:16:09.393 [main] INFO  sprint5_TestCases.E_CommonTC - Logged in, searched for a file, and clicked Edit.
23:16:10.068 [main] INFO  sprint5_TestCases.E_CommonTC - clicked on footnote plugin
23:16:19.416 [main] INFO  sprint5_TestCases.E_CommonTC - clicked on new footnote box
23:16:20.686 [main] INFO  sprint5_TestCases.E_CommonTC - clicked on footnote ok button
23:54:28.721 [main] INFO  sprint5_TestCases.E_CommonTC - Starting verifyMultipleFootnoteInCodeViewContentValidation
23:54:57.829 [main] INFO  sprint5_TestCases.E_CommonTC - Logged in, searched for a file, and clicked Edit.
23:54:58.327 [main] INFO  sprint5_TestCases.E_CommonTC - clicked on footnote plugin
23:55:12.152 [main] INFO  sprint5_TestCases.E_CommonTC - clicked on new footnote box
23:55:12.681 [main] INFO  sprint5_TestCases.E_CommonTC - clicked on footnote ok button
23:59:37.376 [main] INFO  sprint5_TestCases.E_CommonTC - Starting verifyMultipleFootnoteInCodeViewContentValidation
00:00:12.285 [main] INFO  sprint5_TestCases.E_CommonTC - Logged in, searched for a file, and clicked Edit.
00:00:12.829 [main] INFO  sprint5_TestCases.E_CommonTC - clicked on footnote plugin
00:00:23.274 [main] INFO  sprint5_TestCases.E_CommonTC - clicked on new footnote box
00:00:23.810 [main] INFO  sprint5_TestCases.E_CommonTC - clicked on footnote ok button
00:01:46.365 [main] INFO  sprint5_TestCases.E_CommonTC - Starting verifyMultipleFootnoteInCodeViewContentValidation
00:02:16.691 [main] INFO  sprint5_TestCases.E_CommonTC - Logged in, searched for a file, and clicked Edit.
00:02:17.146 [main] INFO  sprint5_TestCases.E_CommonTC - clicked on footnote plugin
00:02:21.571 [main] INFO  sprint5_TestCases.E_CommonTC - clicked on new footnote box
00:02:22.047 [main] INFO  sprint5_TestCases.E_CommonTC - clicked on footnote ok button
00:07:42.374 [main] INFO  sprint5_TestCases.E_CommonTC - Starting verifyMultipleFootnoteInCodeViewContentValidation
00:08:20.592 [main] INFO  sprint5_TestCases.E_CommonTC - Logged in, searched for a file, and clicked Edit.
00:08:21.153 [main] INFO  sprint5_TestCases.E_CommonTC - clicked on footnote plugin
00:08:34.786 [main] INFO  sprint5_TestCases.E_CommonTC - clicked on new footnote box
00:08:35.328 [main] INFO  sprint5_TestCases.E_CommonTC - clicked on footnote ok button
00:14:37.249 [main] INFO  sprint5_TestCases.E_CommonTC - Starting verifyMultipleFootnoteInCodeViewContentValidation
00:15:09.694 [main] INFO  sprint5_TestCases.E_CommonTC - Logged in, searched for a file, and clicked Edit.
00:15:10.221 [main] INFO  sprint5_TestCases.E_CommonTC - clicked on footnote plugin
00:15:20.696 [main] INFO  sprint5_TestCases.E_CommonTC - clicked on new footnote box
00:15:21.214 [main] INFO  sprint5_TestCases.E_CommonTC - clicked on footnote ok button
00:19:22.724 [main] INFO  sprint5_TestCases.E_CommonTC - Starting verifyCaptionRightclick
00:19:53.676 [main] INFO  sprint5_TestCases.E_CommonTC - Logged in, searched for a file, and clicked Edit.
00:19:54.498 [main] INFO  sprint5_TestCases.E_CommonTC - Switched back to default content.
00:19:54.523 [main] INFO  sprint5_TestCases.E_CommonTC - Switched to frame 1.
00:20:34.632 [main] INFO  sprint5_TestCases.E_CommonTC - Finished verifyCaptionRightclick ..
00:21:16.507 [main] INFO  sprint5_TestCases.E_CommonTC - Starting verifyMultipleFootnoteInCodeViewContentValidation
00:21:51.197 [main] INFO  sprint5_TestCases.E_CommonTC - Logged in, searched for a file, and clicked Edit.
00:21:51.742 [main] INFO  sprint5_TestCases.E_CommonTC - clicked on footnote plugin
00:22:09.129 [main] INFO  sprint5_TestCases.E_CommonTC - clicked on new footnote box
00:22:09.649 [main] INFO  sprint5_TestCases.E_CommonTC - clicked on footnote ok button
18:33:40.529 [main] INFO  sprint5_TestCases.E_CommonTC - Starting verifyFootnoteEmphasisTypeContentQuickPreview
18:34:12.948 [main] INFO  sprint5_TestCases.E_CommonTC - Logged in, searched for a file, and clicked Edit.
18:34:13.372 [main] INFO  sprint5_TestCases.E_CommonTC - clicked on footnote plugin
18:34:23.637 [main] INFO  sprint5_TestCases.E_CommonTC - clicked on new footnote box
18:34:24.113 [main] INFO  sprint5_TestCases.E_CommonTC - clicked on footnote ok button
18:37:13.394 [main] INFO  sprint5_TestCases.E_CommonTC - Starting verifyFootnoteEmphasisTypeContentQuickPreview
18:38:08.720 [main] INFO  sprint5_TestCases.E_CommonTC - Logged in, searched for a file, and clicked Edit.
18:38:09.233 [main] INFO  sprint5_TestCases.E_CommonTC - clicked on footnote plugin
18:38:17.218 [main] INFO  sprint5_TestCases.E_CommonTC - clicked on new footnote box
18:38:17.728 [main] INFO  sprint5_TestCases.E_CommonTC - clicked on footnote ok button
18:44:54.499 [main] INFO  sprint5_TestCases.E_CommonTC - Starting verifyFootnoteEmphasisTypeContentQuickPreview
18:45:43.838 [main] INFO  sprint5_TestCases.E_CommonTC - Logged in, searched for a file, and clicked Edit.
18:45:44.341 [main] INFO  sprint5_TestCases.E_CommonTC - clicked on footnote plugin
18:45:58.042 [main] INFO  sprint5_TestCases.E_CommonTC - clicked on new footnote box
18:45:58.463 [main] INFO  sprint5_TestCases.E_CommonTC - clicked on footnote ok button
18:46:01.202 [main] INFO  sprint5_TestCases.E_CommonTC - Finished verifyFootnoteEmphasisTypeContentQuickPreview ..
18:58:23.872 [main] INFO  sprint5_TestCases.E_CommonTC - Starting verifyBoldCaptionInRightClick
18:59:23.002 [main] INFO  sprint5_TestCases.E_CommonTC - Logged in, searched for a file, and clicked Edit.
18:59:23.610 [main] INFO  sprint5_TestCases.E_CommonTC - Switched back to default content.
18:59:23.625 [main] INFO  sprint5_TestCases.E_CommonTC - Switched to frame 1.
18:59:24.478 [main] INFO  sprint5_TestCases.E_CommonTC - Switched back to default content.
19:13:36.037 [main] INFO  sprint5_TestCases.E_CommonTC - Starting verifyBoldCaptionInRightClick
19:13:58.107 [main] INFO  sprint5_TestCases.E_CommonTC - Logged in, searched for a file, and clicked Edit.
19:18:59.588 [main] INFO  BasicEditingTC.F1_SectionTC - Starting Verify_InsertsectionAtMiddle ..
19:29:26.763 [main] INFO  sprint5_TestCases.E_CommonTC - Starting verifyBoldCaptionInRightClick
19:30:17.618 [main] INFO  sprint5_TestCases.E_CommonTC - Logged in, searched for a file, and clicked Edit.
19:30:18.329 [main] INFO  sprint5_TestCases.E_CommonTC - Switched back to default content.
19:30:18.349 [main] INFO  sprint5_TestCases.E_CommonTC - Switched to frame 1.
19:30:20.080 [main] INFO  sprint5_TestCases.E_CommonTC - Switched back to default content.
19:32:07.756 [main] INFO  sprint5_TestCases.E_CommonTC - Starting verifyCaptionRightclick
19:35:30.045 [main] INFO  sprint5_TestCases.E_CommonTC - Logged in, searched for a file, and clicked Edit.
19:38:00.024 [main] INFO  sprint5_TestCases.E_CommonTC - Starting verifyCaptionRightclick
19:39:10.346 [main] INFO  sprint5_TestCases.E_CommonTC - Logged in, searched for a file, and clicked Edit.
19:39:10.961 [main] INFO  sprint5_TestCases.E_CommonTC - Switched back to default content.
19:39:10.989 [main] INFO  sprint5_TestCases.E_CommonTC - Switched to frame 1.
19:39:12.474 [main] INFO  sprint5_TestCases.E_CommonTC - Switched back to default content.
20:15:31.049 [main] INFO  sprint5_TestCases.E_CommonTC - Starting verifyBoldCaptionInRightClick
20:16:28.662 [main] INFO  sprint5_TestCases.E_CommonTC - Logged in, searched for a file, and clicked Edit.
20:20:43.651 [main] INFO  sprint5_TestCases.E_CommonTC - Starting verifyBoldCaptionInRightClick
20:21:27.461 [main] INFO  sprint5_TestCases.E_CommonTC - Logged in, searched for a file, and clicked Edit.
20:23:58.475 [main] INFO  sprint5_TestCases.E_CommonTC - Starting verifyBoldCaptionInRightClick
20:24:33.910 [main] INFO  sprint5_TestCases.E_CommonTC - Logged in, searched for a file, and clicked Edit.
20:26:56.026 [main] INFO  sprint5_TestCases.E_CommonTC - Starting verifyBoldCaptionInRightClick
20:27:42.763 [main] INFO  sprint5_TestCases.E_CommonTC - Logged in, searched for a file, and clicked Edit.
21:19:34.590 [main] INFO  sprint5_TestCases.E_CommonTC - Starting verifyBoldCaptionInRightClick
21:22:03.282 [main] INFO  sprint5_TestCases.E_CommonTC - Logged in, searched for a file, and clicked Edit.
23:35:08.831 [TestNG-test=RetryMultipleFailedTestcases-1] INFO  BasicEditingTC.F1_SectionTC - Starting Verify_InsertSectionAtBeginning ..
23:35:09.063 [TestNG-test=RetryMultipleFailedTestcases-4] INFO  BasicEditingTC.F1_SectionTC - Starting VerifyDeleteSection ..
23:35:09.260 [TestNG-test=RetryMultipleFailedTestcases-3] INFO  BasicEditingTC.F1_SectionTC - Starting Verify_InsertsectionAtEnd ..
23:35:09.284 [TestNG-test=RetryMultipleFailedTestcases-2] INFO  BasicEditingTC.F1_SectionTC - Starting Verify_InsertsectionAtMiddle ..
23:35:52.947 [TestNG-test=RetryMultipleFailedTestcases-4] INFO  BasicEditingTC.F1_SectionTC - Verifying section presence in Visual Editor...
23:35:53.231 [TestNG-test=RetryMultipleFailedTestcases-4] INFO  BasicEditingTC.F1_SectionTC - Clicked on Quick Preview Button....
23:35:53.349 [TestNG-test=RetryMultipleFailedTestcases-4] INFO  BasicEditingTC.F1_SectionTC - Verifying section presence in Quick Preview...
23:35:53.793 [TestNG-test=RetryMultipleFailedTestcases-4] INFO  BasicEditingTC.F1_SectionTC - Clicked on visual Editor Button....
23:35:54.740 [TestNG-test=RetryMultipleFailedTestcases-4] INFO  BasicEditingTC.F1_SectionTC - Right clicked and click on Remove element....
23:35:55.708 [TestNG-test=RetryMultipleFailedTestcases-4] INFO  BasicEditingTC.F1_SectionTC - Clicked on Accept changes Button....
23:35:57.224 [TestNG-test=RetryMultipleFailedTestcases-2] INFO  BasicEditingTC.F1_SectionTC - Cliked on Middle section heading
23:35:57.607 [TestNG-test=RetryMultipleFailedTestcases-2] INFO  BasicEditingTC.F1_SectionTC - Right Clicked on Middle section heading
23:35:59.436 [TestNG-test=RetryMultipleFailedTestcases-2] INFO  BasicEditingTC.F1_SectionTC - Clicked on Insert After from through right click
23:36:04.802 [TestNG-test=RetryMultipleFailedTestcases-1] INFO  BasicEditingTC.F1_SectionTC - Cliked on First section heading
23:36:05.029 [TestNG-test=RetryMultipleFailedTestcases-3] INFO  BasicEditingTC.F1_SectionTC - Cliked on Last section heading
23:36:05.309 [TestNG-test=RetryMultipleFailedTestcases-1] INFO  BasicEditingTC.F1_SectionTC - Right Clicked on First section heading
23:36:05.471 [TestNG-test=RetryMultipleFailedTestcases-3] INFO  BasicEditingTC.F1_SectionTC - Right Clicked on Last section heading
23:36:08.531 [TestNG-test=RetryMultipleFailedTestcases-1] INFO  BasicEditingTC.F1_SectionTC - Clicked on Insert After from through right click
23:36:09.091 [TestNG-test=RetryMultipleFailedTestcases-3] INFO  BasicEditingTC.F1_SectionTC - Clicked on Insert After from through right click
23:36:36.793 [TestNG-test=RetryMultipleFailedTestcases-4] INFO  BasicEditingTC.F1_SectionTC - Verifying section is not present in Visual Editor...
23:36:37.137 [TestNG-test=RetryMultipleFailedTestcases-4] INFO  BasicEditingTC.F1_SectionTC - Clicked on Code View Button....
23:36:45.761 [TestNG-test=RetryMultipleFailedTestcases-2] INFO  BasicEditingTC.F1_SectionTC - Starting Verify_InsertsectionAtMiddle ..
23:36:55.067 [TestNG-test=RetryMultipleFailedTestcases-1] INFO  BasicEditingTC.F1_SectionTC - Starting Verify_InsertSectionAtBeginning ..
23:36:55.968 [TestNG-test=RetryMultipleFailedTestcases-3] INFO  BasicEditingTC.F1_SectionTC - Starting Verify_InsertsectionAtEnd ..
23:37:17.250 [TestNG-test=RetryMultipleFailedTestcases-4] INFO  BasicEditingTC.F1_SectionTC - Verifying content validation is not Occured...
23:37:17.424 [TestNG-test=RetryMultipleFailedTestcases-4] INFO  BasicEditingTC.F1_SectionTC - Clicked on Quick Preview Button....
23:37:54.503 [TestNG-test=RetryMultipleFailedTestcases-2] INFO  BasicEditingTC.F1_SectionTC - Cliked on Middle section heading
23:37:54.886 [TestNG-test=RetryMultipleFailedTestcases-2] INFO  BasicEditingTC.F1_SectionTC - Right Clicked on Middle section heading
23:37:55.992 [TestNG-test=RetryMultipleFailedTestcases-2] INFO  BasicEditingTC.F1_SectionTC - Clicked on Insert After from through right click
23:37:57.497 [TestNG-test=RetryMultipleFailedTestcases-4] INFO  BasicEditingTC.F1_SectionTC - Verifying section is not present in Quick Preview...
23:37:57.497 [TestNG-test=RetryMultipleFailedTestcases-4] INFO  BasicEditingTC.F1_SectionTC - Finished VerifyDeleteSection ..
23:38:09.269 [TestNG-test=RetryMultipleFailedTestcases-4] INFO  BasicEditingTC.F1_SectionTC - Starting Verify_PressEnterInToSectionNumber ..
23:38:12.702 [TestNG-test=RetryMultipleFailedTestcases-1] INFO  BasicEditingTC.F1_SectionTC - Cliked on First section heading
23:38:13.374 [TestNG-test=RetryMultipleFailedTestcases-1] INFO  BasicEditingTC.F1_SectionTC - Right Clicked on First section heading
23:38:13.673 [TestNG-test=RetryMultipleFailedTestcases-3] INFO  BasicEditingTC.F1_SectionTC - Cliked on Last section heading
23:38:14.352 [TestNG-test=RetryMultipleFailedTestcases-3] INFO  BasicEditingTC.F1_SectionTC - Right Clicked on Last section heading
23:38:14.968 [TestNG-test=RetryMultipleFailedTestcases-1] INFO  BasicEditingTC.F1_SectionTC - Clicked on Insert After from through right click
