23:28:14.197 [TestNG-test=RetryMultipleFailedTestcases-1] INFO  sprint4_TestCases.J_CommonTestcases - Starting verify_MediaObject_SearchValidImage
23:28:18.413 [TestNG-test=RetryMultipleFailedTestcases-3] INFO  sprint4_TestCases.J_CommonTestcases - Logged in and searched for a file, then clicked Edit.
23:28:18.948 [TestNG-test=RetryMultipleFailedTestcases-4] INFO  sprint4_TestCases.J_CommonTestcases - Inserted Table in DS
23:28:18.983 [TestNG-test=RetryMultipleFailedTestcases-4] INFO  sprint4_TestCases.J_CommonTestcases - Switched to frame 0.
23:28:19.495 [TestNG-test=RetryMultipleFailedTestcases-4] INFO  sprint4_TestCases.J_CommonTestcases - clicked on Inserted Table First Cell
23:28:19.530 [TestNG-test=RetryMultipleFailedTestcases-4] INFO  sprint4_TestCases.J_CommonTestcases - Switched back to default content.
23:28:27.819 [TestNG-test=RetryMultipleFailedTestcases-2] INFO  sprint4_TestCases.J_CommonTestcases - Logged in and searched for a file, then clicked Edit.
23:28:27.951 [TestNG-test=RetryMultipleFailedTestcases-4] INFO  sprint4_TestCases.J_CommonTestcases - Starting verify_MediaObject_SearchValidImage
23:28:29.626 [TestNG-test=RetryMultipleFailedTestcases-3] INFO  sprint4_TestCases.J_CommonTestcases - Inserted Table in DS
23:28:30.311 [TestNG-test=RetryMultipleFailedTestcases-3] INFO  sprint4_TestCases.J_CommonTestcases - clicked on Insert plugin
23:28:30.694 [TestNG-test=RetryMultipleFailedTestcases-3] INFO  sprint4_TestCases.J_CommonTestcases - clicked on Insert plugin image button
23:28:31.313 [TestNG-test=RetryMultipleFailedTestcases-3] INFO  sprint4_TestCases.J_CommonTestcases - clicked on Insert into
23:28:39.493 [TestNG-test=RetryMultipleFailedTestcases-2] INFO  sprint4_TestCases.J_CommonTestcases - Inserted Table in DS
23:28:40.131 [TestNG-test=RetryMultipleFailedTestcases-2] INFO  sprint4_TestCases.J_CommonTestcases - clicked on Accept change
23:28:40.470 [TestNG-test=RetryMultipleFailedTestcases-2] INFO  sprint4_TestCases.J_CommonTestcases - Switched to frame 0.
23:28:41.078 [TestNG-test=RetryMultipleFailedTestcases-2] INFO  sprint4_TestCases.J_CommonTestcases - clicked on Inserted Table First Cell
23:28:41.112 [TestNG-test=RetryMultipleFailedTestcases-2] INFO  sprint4_TestCases.J_CommonTestcases - Switched back to default content.
23:28:41.934 [TestNG-test=RetryMultipleFailedTestcases-2] INFO  sprint4_TestCases.J_CommonTestcases - clicked on Number list from VE
23:28:54.171 [TestNG-test=RetryMultipleFailedTestcases-3] INFO  sprint4_TestCases.J_CommonTestcases - Starting insertTableCBAddContentToListRejectChanges
23:28:58.141 [TestNG-test=RetryMultipleFailedTestcases-2] INFO  sprint4_TestCases.J_CommonTestcases - Starting insertTableCBAndCheckHighliting
23:29:14.824 [TestNG-test=RetryMultipleFailedTestcases-1] INFO  sprint4_TestCases.J_CommonTestcases - Logged in and searched for a file, then clicked Edit.
23:29:18.435 [TestNG-test=RetryMultipleFailedTestcases-4] INFO  sprint4_TestCases.J_CommonTestcases - Logged in and searched for a file, then clicked Edit.
23:29:23.157 [TestNG-test=RetryMultipleFailedTestcases-1] INFO  sprint4_TestCases.J_CommonTestcases - Inserted Table in DS
23:29:23.580 [TestNG-test=RetryMultipleFailedTestcases-1] INFO  sprint4_TestCases.J_CommonTestcases - Switched to frame 0.
23:29:24.686 [TestNG-test=RetryMultipleFailedTestcases-1] INFO  sprint4_TestCases.J_CommonTestcases - Switched back to default content.
23:29:24.713 [TestNG-test=RetryMultipleFailedTestcases-1] INFO  sprint4_TestCases.J_CommonTestcases - Switched to frame 1.
23:29:30.270 [TestNG-test=RetryMultipleFailedTestcases-3] INFO  sprint4_TestCases.J_CommonTestcases - Logged in and searched for a file, then clicked Edit.
23:29:32.417 [TestNG-test=RetryMultipleFailedTestcases-4] INFO  sprint4_TestCases.J_CommonTestcases - Inserted Table in DS
23:29:32.475 [TestNG-test=RetryMultipleFailedTestcases-4] INFO  sprint4_TestCases.J_CommonTestcases - Switched to frame 0.
23:29:32.980 [TestNG-test=RetryMultipleFailedTestcases-4] INFO  sprint4_TestCases.J_CommonTestcases - clicked on Inserted Table First Cell
23:29:32.982 [TestNG-test=RetryMultipleFailedTestcases-4] INFO  sprint4_TestCases.J_CommonTestcases - Switched back to default content.
23:29:33.770 [TestNG-test=RetryMultipleFailedTestcases-2] INFO  sprint4_TestCases.J_CommonTestcases - Logged in and searched for a file, then clicked Edit.
23:29:39.554 [TestNG-test=RetryMultipleFailedTestcases-3] INFO  sprint4_TestCases.J_CommonTestcases - Inserted Table in DS
23:29:39.792 [TestNG-test=RetryMultipleFailedTestcases-4] INFO  sprint4_TestCases.J_CommonTestcases - Starting verify_MediaObject_SearchValidImage
23:29:40.136 [TestNG-test=RetryMultipleFailedTestcases-3] INFO  sprint4_TestCases.J_CommonTestcases - clicked on Number list from VE
23:29:40.333 [TestNG-test=RetryMultipleFailedTestcases-3] INFO  sprint4_TestCases.J_CommonTestcases - Switched to frame 0.
23:29:40.393 [TestNG-test=RetryMultipleFailedTestcases-3] INFO  sprint4_TestCases.J_CommonTestcases - Verifying list item is displayed
23:29:40.750 [TestNG-test=RetryMultipleFailedTestcases-3] INFO  sprint4_TestCases.J_CommonTestcases - clicked on inserted editor list
23:29:41.159 [TestNG-test=RetryMultipleFailedTestcases-3] INFO  sprint4_TestCases.J_CommonTestcases - entered hello value
23:29:41.686 [TestNG-test=RetryMultipleFailedTestcases-3] INFO  sprint4_TestCases.J_CommonTestcases - clicked on inserted editor list
23:29:41.788 [TestNG-test=RetryMultipleFailedTestcases-3] INFO  sprint4_TestCases.J_CommonTestcases - Switched back to default content.
23:29:47.929 [TestNG-test=RetryMultipleFailedTestcases-2] INFO  sprint4_TestCases.J_CommonTestcases - Inserted Table in DS
23:29:47.989 [TestNG-test=RetryMultipleFailedTestcases-2] INFO  sprint4_TestCases.J_CommonTestcases - Switched to frame 0.
23:29:48.587 [TestNG-test=RetryMultipleFailedTestcases-2] INFO  sprint4_TestCases.J_CommonTestcases - clicked on Existing Table First Cell
23:29:48.641 [TestNG-test=RetryMultipleFailedTestcases-2] INFO  sprint4_TestCases.J_CommonTestcases - Switched back to default content.
23:29:48.700 [TestNG-test=RetryMultipleFailedTestcases-2] INFO  sprint4_TestCases.J_CommonTestcases - Finished insertTableCBAndCheckHighliting
23:29:54.824 [TestNG-test=RetryMultipleFailedTestcases-2] INFO  sprint4_TestCases.J_CommonTestcases - Starting insertTableCBAndVerifyTablePropertiesByClickingSomewhere
23:29:59.162 [TestNG-test=RetryMultipleFailedTestcases-3] INFO  sprint4_TestCases.J_CommonTestcases - Starting insertTableCBAddContentToListRejectChanges
23:30:12.964 [TestNG-test=RetryMultipleFailedTestcases-4] INFO  sprint4_TestCases.J_CommonTestcases - Logged in and searched for a file, then clicked Edit.
23:30:13.048 [TestNG-test=RetryMultipleFailedTestcases-1] INFO  sprint4_TestCases.J_CommonTestcases - Starting insertTableCBListUnlistAlign
23:30:21.601 [TestNG-test=RetryMultipleFailedTestcases-4] INFO  sprint4_TestCases.J_CommonTestcases - Inserted Table in DS
23:30:21.640 [TestNG-test=RetryMultipleFailedTestcases-4] INFO  sprint4_TestCases.J_CommonTestcases - Switched to frame 0.
23:30:22.135 [TestNG-test=RetryMultipleFailedTestcases-4] INFO  sprint4_TestCases.J_CommonTestcases - clicked on Inserted Table First Cell
23:30:22.164 [TestNG-test=RetryMultipleFailedTestcases-4] INFO  sprint4_TestCases.J_CommonTestcases - Switched back to default content.
23:30:28.236 [TestNG-test=RetryMultipleFailedTestcases-4] INFO  sprint4_TestCases.J_CommonTestcases - Starting verify_MediaObject_SearchValidImage
23:30:31.057 [TestNG-test=RetryMultipleFailedTestcases-2] INFO  sprint4_TestCases.J_CommonTestcases - Logged in and searched for a file, then clicked Edit.
23:30:36.912 [TestNG-test=RetryMultipleFailedTestcases-3] INFO  sprint4_TestCases.J_CommonTestcases - Logged in and searched for a file, then clicked Edit.
23:30:39.132 [TestNG-test=RetryMultipleFailedTestcases-2] INFO  sprint4_TestCases.J_CommonTestcases - Inserted Table in DS
23:30:39.200 [TestNG-test=RetryMultipleFailedTestcases-2] INFO  sprint4_TestCases.J_CommonTestcases - verifying the label table properties
23:30:39.251 [TestNG-test=RetryMultipleFailedTestcases-2] INFO  sprint4_TestCases.J_CommonTestcases - verifying the label table properties
23:30:39.393 [TestNG-test=RetryMultipleFailedTestcases-2] INFO  sprint4_TestCases.J_CommonTestcases - clicking the label content block
23:30:39.418 [TestNG-test=RetryMultipleFailedTestcases-2] INFO  sprint4_TestCases.J_CommonTestcases - verifying the label table properties
23:30:39.469 [TestNG-test=RetryMultipleFailedTestcases-2] INFO  sprint4_TestCases.J_CommonTestcases - verifying the label table properties
23:30:39.470 [TestNG-test=RetryMultipleFailedTestcases-2] INFO  sprint4_TestCases.J_CommonTestcases - Finished insertTableCBAndVerifyTablePropertiesByClickingSomewhere
23:30:45.513 [TestNG-test=RetryMultipleFailedTestcases-2] INFO  sprint4_TestCases.J_CommonTestcases - Starting insertTableCB_ListUnlist_CheckWidth
23:30:48.457 [TestNG-test=RetryMultipleFailedTestcases-3] INFO  sprint4_TestCases.J_CommonTestcases - Inserted Table in DS
23:30:49.318 [TestNG-test=RetryMultipleFailedTestcases-3] INFO  sprint4_TestCases.J_CommonTestcases - clicked on Number list from VE
23:30:49.619 [TestNG-test=RetryMultipleFailedTestcases-3] INFO  sprint4_TestCases.J_CommonTestcases - Switched to frame 0.
23:30:49.698 [TestNG-test=RetryMultipleFailedTestcases-3] INFO  sprint4_TestCases.J_CommonTestcases - Verifying list item is displayed
23:30:50.303 [TestNG-test=RetryMultipleFailedTestcases-3] INFO  sprint4_TestCases.J_CommonTestcases - clicked on inserted editor list
23:30:50.740 [TestNG-test=RetryMultipleFailedTestcases-3] INFO  sprint4_TestCases.J_CommonTestcases - entered hello value
23:30:51.418 [TestNG-test=RetryMultipleFailedTestcases-3] INFO  sprint4_TestCases.J_CommonTestcases - clicked on inserted editor list
23:30:51.453 [TestNG-test=RetryMultipleFailedTestcases-3] INFO  sprint4_TestCases.J_CommonTestcases - Switched back to default content.
23:30:55.822 [TestNG-test=RetryMultipleFailedTestcases-1] INFO  sprint4_TestCases.J_CommonTestcases - Logged in and searched for a file, then clicked Edit.
23:30:57.007 [TestNG-test=RetryMultipleFailedTestcases-4] INFO  sprint4_TestCases.J_CommonTestcases - Logged in and searched for a file, then clicked Edit.
23:31:03.693 [TestNG-test=RetryMultipleFailedTestcases-1] INFO  sprint4_TestCases.J_CommonTestcases - Inserted Table in DS
23:31:03.750 [TestNG-test=RetryMultipleFailedTestcases-1] INFO  sprint4_TestCases.J_CommonTestcases - Verifying center alignment plugin is disabled
23:31:04.269 [TestNG-test=RetryMultipleFailedTestcases-1] INFO  sprint4_TestCases.J_CommonTestcases - clicked on Number list from VE
23:31:04.975 [TestNG-test=RetryMultipleFailedTestcases-1] INFO  sprint4_TestCases.J_CommonTestcases - clicked on Number list from VE
23:31:05.130 [TestNG-test=RetryMultipleFailedTestcases-1] INFO  sprint4_TestCases.J_CommonTestcases - verifying center alignment is not displayed
23:31:09.346 [TestNG-test=RetryMultipleFailedTestcases-3] INFO  sprint4_TestCases.J_CommonTestcases - Starting insertTableCBAddContentToListRejectChanges
23:31:12.717 [TestNG-test=RetryMultipleFailedTestcases-4] INFO  sprint4_TestCases.J_CommonTestcases - Inserted Table in DS
23:31:12.866 [TestNG-test=RetryMultipleFailedTestcases-4] INFO  sprint4_TestCases.J_CommonTestcases - Switched to frame 0.
23:31:13.396 [TestNG-test=RetryMultipleFailedTestcases-4] INFO  sprint4_TestCases.J_CommonTestcases - clicked on Inserted Table First Cell
23:31:13.430 [TestNG-test=RetryMultipleFailedTestcases-4] INFO  sprint4_TestCases.J_CommonTestcases - Switched back to default content.
23:31:14.352 [TestNG-test=RetryMultipleFailedTestcases-1] INFO  sprint4_TestCases.J_CommonTestcases - Starting insertTableCBListUnlistAlign
23:31:20.794 [TestNG-test=RetryMultipleFailedTestcases-4] INFO  sprint4_TestCases.J_CommonTestcases - Starting insertTable_List_RejectChanges
23:31:20.934 [TestNG-test=RetryMultipleFailedTestcases-2] INFO  sprint4_TestCases.J_CommonTestcases - Logged in and searched for a file, then clicked Edit.
23:31:30.104 [TestNG-test=RetryMultipleFailedTestcases-2] INFO  sprint4_TestCases.J_CommonTestcases - Inserted Table in DS
23:31:30.787 [TestNG-test=RetryMultipleFailedTestcases-2] INFO  sprint4_TestCases.J_CommonTestcases - clicked on Number list from VE
23:31:31.327 [TestNG-test=RetryMultipleFailedTestcases-2] INFO  sprint4_TestCases.J_CommonTestcases - Switched to frame 0.
23:31:31.366 [TestNG-test=RetryMultipleFailedTestcases-2] INFO  sprint4_TestCases.J_CommonTestcases - Verifying width is correct
23:31:31.369 [TestNG-test=RetryMultipleFailedTestcases-2] INFO  sprint4_TestCases.J_CommonTestcases - Switched back to default content.
23:31:31.933 [TestNG-test=RetryMultipleFailedTestcases-2] INFO  sprint4_TestCases.J_CommonTestcases - clicked on Number list from VE
23:31:32.080 [TestNG-test=RetryMultipleFailedTestcases-2] INFO  sprint4_TestCases.J_CommonTestcases - Switched to frame 0.
23:31:32.111 [TestNG-test=RetryMultipleFailedTestcases-2] INFO  sprint4_TestCases.J_CommonTestcases - Verifying width is correct
23:31:32.112 [TestNG-test=RetryMultipleFailedTestcases-2] INFO  sprint4_TestCases.J_CommonTestcases - Finished insertTableCB_ListUnlist_CheckWidth
23:31:37.578 [TestNG-test=RetryMultipleFailedTestcases-3] INFO  sprint4_TestCases.J_CommonTestcases - Logged in and searched for a file, then clicked Edit.
23:31:46.143 [TestNG-test=RetryMultipleFailedTestcases-2] INFO  sprint4_TestCases.J_CommonTestcases - Starting mergeCellsRightUndoAndVerify
23:31:46.726 [TestNG-test=RetryMultipleFailedTestcases-3] INFO  sprint4_TestCases.J_CommonTestcases - Inserted Table in DS
23:31:47.125 [TestNG-test=RetryMultipleFailedTestcases-3] INFO  sprint4_TestCases.J_CommonTestcases - clicked on Number list from VE
23:31:47.268 [TestNG-test=RetryMultipleFailedTestcases-3] INFO  sprint4_TestCases.J_CommonTestcases - Switched to frame 0.
23:31:47.326 [TestNG-test=RetryMultipleFailedTestcases-3] INFO  sprint4_TestCases.J_CommonTestcases - Verifying list item is displayed
23:31:47.589 [TestNG-test=RetryMultipleFailedTestcases-3] INFO  sprint4_TestCases.J_CommonTestcases - clicked on inserted editor list
23:31:48.080 [TestNG-test=RetryMultipleFailedTestcases-3] INFO  sprint4_TestCases.J_CommonTestcases - entered hello value
23:31:48.807 [TestNG-test=RetryMultipleFailedTestcases-3] INFO  sprint4_TestCases.J_CommonTestcases - clicked on inserted editor list
23:31:48.842 [TestNG-test=RetryMultipleFailedTestcases-3] INFO  sprint4_TestCases.J_CommonTestcases - Switched back to default content.
23:31:53.615 [TestNG-test=RetryMultipleFailedTestcases-4] INFO  sprint4_TestCases.J_CommonTestcases - Logged in and searched for a file, then clicked Edit.
23:31:55.073 [TestNG-test=RetryMultipleFailedTestcases-1] INFO  sprint4_TestCases.J_CommonTestcases - Logged in and searched for a file, then clicked Edit.
23:32:02.093 [TestNG-test=RetryMultipleFailedTestcases-4] INFO  sprint4_TestCases.J_CommonTestcases - Inserted Table in DS
23:32:02.771 [TestNG-test=RetryMultipleFailedTestcases-4] INFO  sprint4_TestCases.J_CommonTestcases - clicked on Number list from VE
23:32:03.127 [TestNG-test=RetryMultipleFailedTestcases-4] INFO  sprint4_TestCases.J_CommonTestcases - Switched to frame 0.
23:32:03.411 [TestNG-test=RetryMultipleFailedTestcases-4] INFO  sprint4_TestCases.J_CommonTestcases - Verifying list item is displayed
23:32:04.172 [TestNG-test=RetryMultipleFailedTestcases-4] INFO  sprint4_TestCases.J_CommonTestcases - clicked on inserted table list
23:32:04.203 [TestNG-test=RetryMultipleFailedTestcases-4] INFO  sprint4_TestCases.J_CommonTestcases - Switched back to default content.
23:32:06.139 [TestNG-test=RetryMultipleFailedTestcases-3] INFO  sprint4_TestCases.J_CommonTestcases - Starting insertTableCBAddContentToListRejectChanges
23:32:10.448 [TestNG-test=RetryMultipleFailedTestcases-1] INFO  sprint4_TestCases.J_CommonTestcases - Inserted Table in DS
23:32:10.600 [TestNG-test=RetryMultipleFailedTestcases-1] INFO  sprint4_TestCases.J_CommonTestcases - Verifying center alignment plugin is disabled
23:32:11.087 [TestNG-test=RetryMultipleFailedTestcases-1] INFO  sprint4_TestCases.J_CommonTestcases - clicked on Number list from VE
23:32:11.691 [TestNG-test=RetryMultipleFailedTestcases-1] INFO  sprint4_TestCases.J_CommonTestcases - clicked on Number list from VE
23:32:11.837 [TestNG-test=RetryMultipleFailedTestcases-1] INFO  sprint4_TestCases.J_CommonTestcases - verifying center alignment is not displayed
23:32:18.122 [TestNG-test=RetryMultipleFailedTestcases-1] INFO  sprint4_TestCases.J_CommonTestcases - Starting insertTableCBListUnlistAlign
23:32:21.158 [TestNG-test=RetryMultipleFailedTestcases-4] INFO  sprint4_TestCases.J_CommonTestcases - Starting insertTable_List_RejectChanges
23:32:28.322 [TestNG-test=RetryMultipleFailedTestcases-2] INFO  sprint4_TestCases.J_CommonTestcases - Logged in and searched for a file, then clicked Edit.
23:32:34.454 [TestNG-test=RetryMultipleFailedTestcases-3] INFO  sprint4_TestCases.J_CommonTestcases - Logged in and searched for a file, then clicked Edit.
23:32:36.439 [TestNG-test=RetryMultipleFailedTestcases-2] INFO  sprint4_TestCases.J_CommonTestcases - Inserted Table in DS
23:32:36.512 [TestNG-test=RetryMultipleFailedTestcases-2] INFO  sprint4_TestCases.J_CommonTestcases - Switched to frame 0.
23:32:37.153 [TestNG-test=RetryMultipleFailedTestcases-2] INFO  sprint4_TestCases.J_CommonTestcases - clicked on Inserted Table First Cell
23:32:37.244 [TestNG-test=RetryMultipleFailedTestcases-2] INFO  sprint4_TestCases.J_CommonTestcases - Switched back to default content.
23:32:38.452 [TestNG-test=RetryMultipleFailedTestcases-2] INFO  sprint4_TestCases.J_CommonTestcases - clicked on merge right
23:32:38.675 [TestNG-test=RetryMultipleFailedTestcases-2] INFO  sprint4_TestCases.J_CommonTestcases - Switched to frame 0.
23:32:38.744 [TestNG-test=RetryMultipleFailedTestcases-2] INFO  sprint4_TestCases.J_CommonTestcases - Switched back to default content.
23:32:39.669 [TestNG-test=RetryMultipleFailedTestcases-2] INFO  sprint4_TestCases.J_CommonTestcases - clicked on Undo plugin
23:32:39.874 [TestNG-test=RetryMultipleFailedTestcases-2] INFO  sprint4_TestCases.J_CommonTestcases - Switched to frame 0.
23:32:39.917 [TestNG-test=RetryMultipleFailedTestcases-2] INFO  sprint4_TestCases.J_CommonTestcases - Starting mergeCellsRightUndoAndVerify
23:32:45.945 [TestNG-test=RetryMultipleFailedTestcases-3] INFO  sprint4_TestCases.J_CommonTestcases - Inserted Table in DS
23:32:46.883 [TestNG-test=RetryMultipleFailedTestcases-3] INFO  sprint4_TestCases.J_CommonTestcases - clicked on Number list from VE
23:32:47.197 [TestNG-test=RetryMultipleFailedTestcases-3] INFO  sprint4_TestCases.J_CommonTestcases - Switched to frame 0.
23:32:47.254 [TestNG-test=RetryMultipleFailedTestcases-3] INFO  sprint4_TestCases.J_CommonTestcases - Verifying list item is displayed
23:32:47.752 [TestNG-test=RetryMultipleFailedTestcases-2] INFO  sprint4_TestCases.J_CommonTestcases - Starting specialCharacterInCellPaddingAndVerify
23:32:48.090 [TestNG-test=RetryMultipleFailedTestcases-3] INFO  sprint4_TestCases.J_CommonTestcases - clicked on inserted editor list
23:32:49.222 [TestNG-test=RetryMultipleFailedTestcases-3] INFO  sprint4_TestCases.J_CommonTestcases - entered hello value
23:32:50.139 [TestNG-test=RetryMultipleFailedTestcases-1] INFO  sprint4_TestCases.J_CommonTestcases - Logged in and searched for a file, then clicked Edit.
23:32:50.576 [TestNG-test=RetryMultipleFailedTestcases-3] INFO  sprint4_TestCases.J_CommonTestcases - clicked on inserted editor list
23:32:50.644 [TestNG-test=RetryMultipleFailedTestcases-3] INFO  sprint4_TestCases.J_CommonTestcases - Switched back to default content.
23:32:51.908 [TestNG-test=RetryMultipleFailedTestcases-4] INFO  sprint4_TestCases.J_CommonTestcases - Logged in and searched for a file, then clicked Edit.
23:32:57.621 [TestNG-test=RetryMultipleFailedTestcases-1] INFO  sprint4_TestCases.J_CommonTestcases - Inserted Table in DS
23:32:57.683 [TestNG-test=RetryMultipleFailedTestcases-1] INFO  sprint4_TestCases.J_CommonTestcases - Verifying center alignment plugin is disabled
23:32:58.093 [TestNG-test=RetryMultipleFailedTestcases-1] INFO  sprint4_TestCases.J_CommonTestcases - clicked on Number list from VE
23:32:58.639 [TestNG-test=RetryMultipleFailedTestcases-1] INFO  sprint4_TestCases.J_CommonTestcases - clicked on Number list from VE
23:32:58.714 [TestNG-test=RetryMultipleFailedTestcases-1] INFO  sprint4_TestCases.J_CommonTestcases - verifying center alignment is not displayed
23:33:07.294 [TestNG-test=RetryMultipleFailedTestcases-4] INFO  sprint4_TestCases.J_CommonTestcases - Inserted Table in DS
23:33:07.446 [TestNG-test=RetryMultipleFailedTestcases-1] INFO  sprint4_TestCases.J_CommonTestcases - Starting insertTableCBListUnlistAlign
23:33:08.371 [TestNG-test=RetryMultipleFailedTestcases-4] INFO  sprint4_TestCases.J_CommonTestcases - clicked on Number list from VE
23:33:08.692 [TestNG-test=RetryMultipleFailedTestcases-4] INFO  sprint4_TestCases.J_CommonTestcases - Switched to frame 0.
23:33:08.786 [TestNG-test=RetryMultipleFailedTestcases-4] INFO  sprint4_TestCases.J_CommonTestcases - Verifying list item is displayed
23:33:09.824 [TestNG-test=RetryMultipleFailedTestcases-4] INFO  sprint4_TestCases.J_CommonTestcases - clicked on inserted table list
23:33:09.854 [TestNG-test=RetryMultipleFailedTestcases-4] INFO  sprint4_TestCases.J_CommonTestcases - Switched back to default content.
23:33:13.446 [TestNG-test=RetryMultipleFailedTestcases-3] INFO  sprint4_TestCases.J_CommonTestcases - Starting verifyMediaObjectDeletedInCell
23:33:28.339 [TestNG-test=RetryMultipleFailedTestcases-4] INFO  sprint4_TestCases.J_CommonTestcases - Starting insertTable_List_RejectChanges
23:33:36.211 [TestNG-test=RetryMultipleFailedTestcases-2] INFO  sprint4_TestCases.J_CommonTestcases - Logged in and searched for a file, then clicked Edit.
23:33:43.542 [TestNG-test=RetryMultipleFailedTestcases-2] INFO  sprint4_TestCases.J_CommonTestcases - Inserted Table in DS
23:33:43.678 [TestNG-test=RetryMultipleFailedTestcases-2] INFO  sprint4_TestCases.J_CommonTestcases - clear Border Size Input
23:33:43.751 [TestNG-test=RetryMultipleFailedTestcases-2] INFO  sprint4_TestCases.J_CommonTestcases - clicked Border Size Input
23:33:44.072 [TestNG-test=RetryMultipleFailedTestcases-2] INFO  sprint4_TestCases.J_CommonTestcases - clicked on Spcl Char Plugin
23:33:45.619 [TestNG-test=RetryMultipleFailedTestcases-2] INFO  sprint4_TestCases.J_CommonTestcases - clicked on special character
23:33:45.701 [TestNG-test=RetryMultipleFailedTestcases-2] INFO  sprint4_TestCases.J_CommonTestcases - verifying border size is equal before and after increase
23:33:45.701 [TestNG-test=RetryMultipleFailedTestcases-2] INFO  sprint4_TestCases.J_CommonTestcases - Finished specialCharacterInCellPaddingAndVerify
23:33:54.513 [TestNG-test=RetryMultipleFailedTestcases-2] INFO  sprint4_TestCases.J_CommonTestcases - Starting verify_MediaObject_Insertinto_In_Para
23:33:56.401 [TestNG-test=RetryMultipleFailedTestcases-3] INFO  sprint4_TestCases.J_CommonTestcases - Logged in and searched for a file, then clicked Edit.
23:33:57.812 [TestNG-test=RetryMultipleFailedTestcases-1] INFO  sprint4_TestCases.J_CommonTestcases - Logged in and searched for a file, then clicked Edit.
23:33:59.568 [TestNG-test=RetryMultipleFailedTestcases-4] INFO  sprint4_TestCases.J_CommonTestcases - Logged in and searched for a file, then clicked Edit.
23:34:04.081 [TestNG-test=RetryMultipleFailedTestcases-3] INFO  sprint4_TestCases.J_CommonTestcases - Inserted Table in DS
23:34:04.104 [TestNG-test=RetryMultipleFailedTestcases-3] INFO  sprint4_TestCases.J_CommonTestcases - Switched to frame 0.
23:34:04.404 [TestNG-test=RetryMultipleFailedTestcases-3] INFO  sprint4_TestCases.J_CommonTestcases - clicked on Inserted Table First Cell
23:34:04.432 [TestNG-test=RetryMultipleFailedTestcases-3] INFO  sprint4_TestCases.J_CommonTestcases - Switched back to default content.
23:34:04.834 [TestNG-test=RetryMultipleFailedTestcases-3] INFO  sprint4_TestCases.J_CommonTestcases - clicked on Insert plugin
23:34:05.079 [TestNG-test=RetryMultipleFailedTestcases-3] INFO  sprint4_TestCases.J_CommonTestcases - clicked on Insert plugin image button
23:34:05.297 [TestNG-test=RetryMultipleFailedTestcases-3] INFO  sprint4_TestCases.J_CommonTestcases - clicked on Insert into
23:34:10.938 [TestNG-test=RetryMultipleFailedTestcases-4] INFO  sprint4_TestCases.J_CommonTestcases - Inserted Table in DS
23:34:11.810 [TestNG-test=RetryMultipleFailedTestcases-4] INFO  sprint4_TestCases.J_CommonTestcases - clicked on Number list from VE
23:34:12.082 [TestNG-test=RetryMultipleFailedTestcases-4] INFO  sprint4_TestCases.J_CommonTestcases - Switched to frame 0.
23:34:12.155 [TestNG-test=RetryMultipleFailedTestcases-4] INFO  sprint4_TestCases.J_CommonTestcases - Verifying list item is displayed
23:34:12.784 [TestNG-test=RetryMultipleFailedTestcases-4] INFO  sprint4_TestCases.J_CommonTestcases - clicked on inserted table list
23:34:12.817 [TestNG-test=RetryMultipleFailedTestcases-4] INFO  sprint4_TestCases.J_CommonTestcases - Switched back to default content.
23:34:20.597 [TestNG-test=RetryMultipleFailedTestcases-1] INFO  sprint4_TestCases.J_CommonTestcases - Inserted Table in DS
23:34:20.925 [TestNG-test=RetryMultipleFailedTestcases-1] INFO  sprint4_TestCases.J_CommonTestcases - Verifying center alignment plugin is disabled
23:34:21.636 [TestNG-test=RetryMultipleFailedTestcases-1] INFO  sprint4_TestCases.J_CommonTestcases - clicked on Number list from VE
23:34:22.432 [TestNG-test=RetryMultipleFailedTestcases-1] INFO  sprint4_TestCases.J_CommonTestcases - clicked on Number list from VE
23:34:22.615 [TestNG-test=RetryMultipleFailedTestcases-1] INFO  sprint4_TestCases.J_CommonTestcases - verifying center alignment is not displayed
23:34:28.466 [TestNG-test=RetryMultipleFailedTestcases-3] INFO  sprint4_TestCases.J_CommonTestcases - Starting verifyMediaObjectDeletedInCell
23:34:31.237 [TestNG-test=RetryMultipleFailedTestcases-1] INFO  sprint4_TestCases.J_CommonTestcases - Starting verifySplitHorizontalAcceptRejectChanges
23:34:31.391 [TestNG-test=RetryMultipleFailedTestcases-4] INFO  sprint4_TestCases.J_CommonTestcases - Starting insertTable_List_RejectChanges
23:34:33.839 [TestNG-test=RetryMultipleFailedTestcases-2] INFO  sprint4_TestCases.J_CommonTestcases - Logged in and searched for a file, then clicked Edit.
23:34:33.874 [TestNG-test=RetryMultipleFailedTestcases-2] INFO  sprint4_TestCases.J_CommonTestcases - Switched to frame 0.
23:34:34.535 [TestNG-test=RetryMultipleFailedTestcases-2] INFO  sprint4_TestCases.J_CommonTestcases - Right click on first para
23:34:34.703 [TestNG-test=RetryMultipleFailedTestcases-2] INFO  sprint4_TestCases.J_CommonTestcases - Switched back to default content.
23:34:34.754 [TestNG-test=RetryMultipleFailedTestcases-2] INFO  sprint4_TestCases.J_CommonTestcases - Switched to frame 0.
23:34:56.302 [TestNG-test=RetryMultipleFailedTestcases-1] INFO  sprint4_TestCases.J_CommonTestcases - Logged in and searched for a file, then clicked Edit.
23:34:56.417 [TestNG-test=RetryMultipleFailedTestcases-4] INFO  sprint4_TestCases.J_CommonTestcases - Logged in and searched for a file, then clicked Edit.
23:34:57.361 [TestNG-test=RetryMultipleFailedTestcases-3] INFO  sprint4_TestCases.J_CommonTestcases - Logged in and searched for a file, then clicked Edit.
23:35:03.348 [TestNG-test=RetryMultipleFailedTestcases-1] INFO  sprint4_TestCases.J_CommonTestcases - Inserted Table in DS
23:35:03.688 [TestNG-test=RetryMultipleFailedTestcases-1] INFO  sprint4_TestCases.J_CommonTestcases - clicked on Accept change
23:35:03.771 [TestNG-test=RetryMultipleFailedTestcases-1] INFO  sprint4_TestCases.J_CommonTestcases - Switched to frame 0.
23:35:04.195 [TestNG-test=RetryMultipleFailedTestcases-1] INFO  sprint4_TestCases.J_CommonTestcases - clicked on Inserted Table First Cell
23:35:04.229 [TestNG-test=RetryMultipleFailedTestcases-1] INFO  sprint4_TestCases.J_CommonTestcases - Switched back to default content.
23:35:04.608 [TestNG-test=RetryMultipleFailedTestcases-1] INFO  sprint4_TestCases.J_CommonTestcases - clicked on split horizontal
23:35:04.653 [TestNG-test=RetryMultipleFailedTestcases-1] INFO  sprint4_TestCases.J_CommonTestcases - Switched to frame 0.
23:35:05.206 [TestNG-test=RetryMultipleFailedTestcases-1] INFO  sprint4_TestCases.J_CommonTestcases - clicked on splitted Cell
23:35:05.249 [TestNG-test=RetryMultipleFailedTestcases-1] INFO  sprint4_TestCases.J_CommonTestcases - Switched back to default content.
23:35:10.965 [TestNG-test=RetryMultipleFailedTestcases-1] INFO  sprint4_TestCases.J_CommonTestcases - Starting verifySplitHorizontalAcceptRejectChanges
23:35:11.015 [TestNG-test=RetryMultipleFailedTestcases-3] INFO  sprint4_TestCases.J_CommonTestcases - Inserted Table in DS
23:35:11.057 [TestNG-test=RetryMultipleFailedTestcases-3] INFO  sprint4_TestCases.J_CommonTestcases - Switched to frame 0.
23:35:11.572 [TestNG-test=RetryMultipleFailedTestcases-3] INFO  sprint4_TestCases.J_CommonTestcases - clicked on Inserted Table First Cell
23:35:11.599 [TestNG-test=RetryMultipleFailedTestcases-3] INFO  sprint4_TestCases.J_CommonTestcases - Switched back to default content.
23:35:12.136 [TestNG-test=RetryMultipleFailedTestcases-3] INFO  sprint4_TestCases.J_CommonTestcases - clicked on Insert plugin
23:35:12.449 [TestNG-test=RetryMultipleFailedTestcases-3] INFO  sprint4_TestCases.J_CommonTestcases - clicked on Insert plugin image button
23:35:12.773 [TestNG-test=RetryMultipleFailedTestcases-3] INFO  sprint4_TestCases.J_CommonTestcases - clicked on Insert into
23:35:20.547 [TestNG-test=RetryMultipleFailedTestcases-4] INFO  sprint4_TestCases.J_CommonTestcases - Inserted Table in DS
23:35:21.196 [TestNG-test=RetryMultipleFailedTestcases-4] INFO  sprint4_TestCases.J_CommonTestcases - clicked on Number list from VE
23:35:21.393 [TestNG-test=RetryMultipleFailedTestcases-4] INFO  sprint4_TestCases.J_CommonTestcases - Switched to frame 0.
23:35:21.451 [TestNG-test=RetryMultipleFailedTestcases-4] INFO  sprint4_TestCases.J_CommonTestcases - Verifying list item is displayed
23:35:21.963 [TestNG-test=RetryMultipleFailedTestcases-4] INFO  sprint4_TestCases.J_CommonTestcases - clicked on inserted table list
23:35:21.985 [TestNG-test=RetryMultipleFailedTestcases-4] INFO  sprint4_TestCases.J_CommonTestcases - Switched back to default content.
23:35:25.956 [TestNG-test=RetryMultipleFailedTestcases-2] INFO  sprint4_TestCases.J_CommonTestcases - Starting verify_MediaObject_Insertinto_In_Para
23:35:28.828 [TestNG-test=RetryMultipleFailedTestcases-3] INFO  sprint4_TestCases.J_CommonTestcases - Starting verifyMediaObjectDeletedInCell
23:35:39.227 [TestNG-test=RetryMultipleFailedTestcases-4] INFO  sprint4_TestCases.J_CommonTestcases - Starting verify_Cell_BackgroundColor_InsertAbove
23:35:51.456 [TestNG-test=RetryMultipleFailedTestcases-1] INFO  sprint4_TestCases.J_CommonTestcases - Logged in and searched for a file, then clicked Edit.
23:35:55.449 [TestNG-test=RetryMultipleFailedTestcases-3] INFO  sprint4_TestCases.J_CommonTestcases - Logged in and searched for a file, then clicked Edit.
23:35:55.608 [TestNG-test=RetryMultipleFailedTestcases-2] INFO  sprint4_TestCases.J_CommonTestcases - Logged in and searched for a file, then clicked Edit.
23:35:55.630 [TestNG-test=RetryMultipleFailedTestcases-2] INFO  sprint4_TestCases.J_CommonTestcases - Switched to frame 0.
23:35:56.149 [TestNG-test=RetryMultipleFailedTestcases-2] INFO  sprint4_TestCases.J_CommonTestcases - Right click on first para
23:35:56.260 [TestNG-test=RetryMultipleFailedTestcases-2] INFO  sprint4_TestCases.J_CommonTestcases - Switched back to default content.
23:35:56.303 [TestNG-test=RetryMultipleFailedTestcases-2] INFO  sprint4_TestCases.J_CommonTestcases - Switched to frame 0.
23:36:00.091 [TestNG-test=RetryMultipleFailedTestcases-1] INFO  sprint4_TestCases.J_CommonTestcases - Inserted Table in DS
23:36:00.617 [TestNG-test=RetryMultipleFailedTestcases-1] INFO  sprint4_TestCases.J_CommonTestcases - clicked on Accept change
23:36:00.719 [TestNG-test=RetryMultipleFailedTestcases-1] INFO  sprint4_TestCases.J_CommonTestcases - Switched to frame 0.
23:36:01.239 [TestNG-test=RetryMultipleFailedTestcases-1] INFO  sprint4_TestCases.J_CommonTestcases - clicked on Inserted Table First Cell
23:36:01.278 [TestNG-test=RetryMultipleFailedTestcases-1] INFO  sprint4_TestCases.J_CommonTestcases - Switched back to default content.
23:36:01.746 [TestNG-test=RetryMultipleFailedTestcases-1] INFO  sprint4_TestCases.J_CommonTestcases - clicked on split horizontal
23:36:01.872 [TestNG-test=RetryMultipleFailedTestcases-1] INFO  sprint4_TestCases.J_CommonTestcases - Switched to frame 0.
23:36:02.806 [TestNG-test=RetryMultipleFailedTestcases-1] INFO  sprint4_TestCases.J_CommonTestcases - clicked on splitted Cell
23:36:02.879 [TestNG-test=RetryMultipleFailedTestcases-1] INFO  sprint4_TestCases.J_CommonTestcases - Switched back to default content.
23:36:04.542 [TestNG-test=RetryMultipleFailedTestcases-4] INFO  sprint4_TestCases.J_CommonTestcases - Logged in and searched for a file, then clicked Edit.
23:36:08.982 [TestNG-test=RetryMultipleFailedTestcases-3] INFO  sprint4_TestCases.J_CommonTestcases - Inserted Table in DS
23:36:09.035 [TestNG-test=RetryMultipleFailedTestcases-3] INFO  sprint4_TestCases.J_CommonTestcases - Switched to frame 0.
23:36:09.448 [TestNG-test=RetryMultipleFailedTestcases-3] INFO  sprint4_TestCases.J_CommonTestcases - clicked on Inserted Table First Cell
23:36:09.460 [TestNG-test=RetryMultipleFailedTestcases-1] INFO  sprint4_TestCases.J_CommonTestcases - Starting verifySplitHorizontalAcceptRejectChanges
23:36:09.488 [TestNG-test=RetryMultipleFailedTestcases-3] INFO  sprint4_TestCases.J_CommonTestcases - Switched back to default content.
23:36:10.004 [TestNG-test=RetryMultipleFailedTestcases-3] INFO  sprint4_TestCases.J_CommonTestcases - clicked on Insert plugin
23:36:10.264 [TestNG-test=RetryMultipleFailedTestcases-3] INFO  sprint4_TestCases.J_CommonTestcases - clicked on Insert plugin image button
23:36:10.513 [TestNG-test=RetryMultipleFailedTestcases-3] INFO  sprint4_TestCases.J_CommonTestcases - clicked on Insert into
23:36:17.062 [TestNG-test=RetryMultipleFailedTestcases-4] INFO  sprint4_TestCases.J_CommonTestcases - Inserted Table in DS
23:36:17.410 [TestNG-test=RetryMultipleFailedTestcases-4] INFO  sprint4_TestCases.J_CommonTestcases - clicked on Accept change
23:36:17.625 [TestNG-test=RetryMultipleFailedTestcases-4] INFO  sprint4_TestCases.J_CommonTestcases - clicked on cell padding
23:36:30.893 [TestNG-test=RetryMultipleFailedTestcases-3] INFO  sprint4_TestCases.J_CommonTestcases - Starting verifyMediaObjectDeletedInCell
23:36:34.116 [TestNG-test=RetryMultipleFailedTestcases-4] INFO  sprint4_TestCases.J_CommonTestcases - Starting verify_Cell_BackgroundColor_InsertAbove
23:36:45.215 [TestNG-test=RetryMultipleFailedTestcases-2] INFO  sprint4_TestCases.J_CommonTestcases - Starting verify_MediaObject_Insertinto_In_Para
23:37:01.268 [TestNG-test=RetryMultipleFailedTestcases-4] INFO  sprint4_TestCases.J_CommonTestcases - Logged in and searched for a file, then clicked Edit.
23:37:04.911 [TestNG-test=RetryMultipleFailedTestcases-1] INFO  sprint4_TestCases.J_CommonTestcases - Logged in and searched for a file, then clicked Edit.
23:37:05.661 [TestNG-test=RetryMultipleFailedTestcases-3] INFO  sprint4_TestCases.J_CommonTestcases - Logged in and searched for a file, then clicked Edit.
23:37:09.471 [TestNG-test=RetryMultipleFailedTestcases-4] INFO  sprint4_TestCases.J_CommonTestcases - Inserted Table in DS
23:37:09.883 [TestNG-test=RetryMultipleFailedTestcases-4] INFO  sprint4_TestCases.J_CommonTestcases - clicked on Accept change
23:37:10.433 [TestNG-test=RetryMultipleFailedTestcases-4] INFO  sprint4_TestCases.J_CommonTestcases - clicked on cell padding
23:37:12.465 [TestNG-test=RetryMultipleFailedTestcases-2] INFO  sprint4_TestCases.J_CommonTestcases - Logged in and searched for a file, then clicked Edit.
23:37:12.479 [TestNG-test=RetryMultipleFailedTestcases-2] INFO  sprint4_TestCases.J_CommonTestcases - Switched to frame 0.
23:37:12.854 [TestNG-test=RetryMultipleFailedTestcases-2] INFO  sprint4_TestCases.J_CommonTestcases - Right click on first para
23:37:12.924 [TestNG-test=RetryMultipleFailedTestcases-2] INFO  sprint4_TestCases.J_CommonTestcases - Switched back to default content.
23:37:12.993 [TestNG-test=RetryMultipleFailedTestcases-2] INFO  sprint4_TestCases.J_CommonTestcases - Switched to frame 0.
23:37:16.405 [TestNG-test=RetryMultipleFailedTestcases-3] INFO  sprint4_TestCases.J_CommonTestcases - Inserted Table in DS
23:37:16.521 [TestNG-test=RetryMultipleFailedTestcases-3] INFO  sprint4_TestCases.J_CommonTestcases - Switched to frame 0.
23:37:16.901 [TestNG-test=RetryMultipleFailedTestcases-3] INFO  sprint4_TestCases.J_CommonTestcases - clicked on Inserted Table First Cell
23:37:16.931 [TestNG-test=RetryMultipleFailedTestcases-3] INFO  sprint4_TestCases.J_CommonTestcases - Switched back to default content.
23:37:17.397 [TestNG-test=RetryMultipleFailedTestcases-3] INFO  sprint4_TestCases.J_CommonTestcases - clicked on Insert plugin
23:37:17.612 [TestNG-test=RetryMultipleFailedTestcases-3] INFO  sprint4_TestCases.J_CommonTestcases - clicked on Insert plugin image button
23:37:17.838 [TestNG-test=RetryMultipleFailedTestcases-3] INFO  sprint4_TestCases.J_CommonTestcases - clicked on Insert into
23:37:25.037 [TestNG-test=RetryMultipleFailedTestcases-1] INFO  sprint4_TestCases.J_CommonTestcases - Inserted Table in DS
23:37:25.969 [TestNG-test=RetryMultipleFailedTestcases-1] INFO  sprint4_TestCases.J_CommonTestcases - clicked on Accept change
23:37:26.202 [TestNG-test=RetryMultipleFailedTestcases-1] INFO  sprint4_TestCases.J_CommonTestcases - Switched to frame 0.
23:37:27.035 [TestNG-test=RetryMultipleFailedTestcases-1] INFO  sprint4_TestCases.J_CommonTestcases - clicked on Inserted Table First Cell
23:37:27.095 [TestNG-test=RetryMultipleFailedTestcases-1] INFO  sprint4_TestCases.J_CommonTestcases - Switched back to default content.
23:37:27.715 [TestNG-test=RetryMultipleFailedTestcases-1] INFO  sprint4_TestCases.J_CommonTestcases - clicked on split horizontal
23:37:27.856 [TestNG-test=RetryMultipleFailedTestcases-1] INFO  sprint4_TestCases.J_CommonTestcases - Switched to frame 0.
23:37:28.557 [TestNG-test=RetryMultipleFailedTestcases-1] INFO  sprint4_TestCases.J_CommonTestcases - clicked on splitted Cell
23:37:28.671 [TestNG-test=RetryMultipleFailedTestcases-1] INFO  sprint4_TestCases.J_CommonTestcases - Switched back to default content.
23:37:36.757 [TestNG-test=RetryMultipleFailedTestcases-4] INFO  sprint4_TestCases.J_CommonTestcases - Starting verify_Cell_BackgroundColor_InsertAbove
23:37:37.438 [TestNG-test=RetryMultipleFailedTestcases-1] INFO  sprint4_TestCases.J_CommonTestcases - Starting verifySplitHorizontalAcceptRejectChanges
23:38:00.717 [TestNG-test=RetryMultipleFailedTestcases-2] INFO  sprint4_TestCases.J_CommonTestcases - Starting verify_MediaObject_Insertinto_In_Para
23:38:04.410 [TestNG-test=RetryMultipleFailedTestcases-3] INFO  sprint4_TestCases.J_CommonTestcases - Starting verify_MediaObject_SearchValidImage
23:38:08.738 [TestNG-test=RetryMultipleFailedTestcases-1] INFO  sprint4_TestCases.J_CommonTestcases - Logged in and searched for a file, then clicked Edit.
23:38:09.131 [TestNG-test=RetryMultipleFailedTestcases-4] INFO  sprint4_TestCases.J_CommonTestcases - Logged in and searched for a file, then clicked Edit.
23:38:16.251 [TestNG-test=RetryMultipleFailedTestcases-1] INFO  sprint4_TestCases.J_CommonTestcases - Inserted Table in DS
23:38:16.701 [TestNG-test=RetryMultipleFailedTestcases-1] INFO  sprint4_TestCases.J_CommonTestcases - clicked on Accept change
23:38:16.787 [TestNG-test=RetryMultipleFailedTestcases-1] INFO  sprint4_TestCases.J_CommonTestcases - Switched to frame 0.
23:38:17.311 [TestNG-test=RetryMultipleFailedTestcases-1] INFO  sprint4_TestCases.J_CommonTestcases - clicked on Inserted Table First Cell
23:38:17.349 [TestNG-test=RetryMultipleFailedTestcases-1] INFO  sprint4_TestCases.J_CommonTestcases - Switched back to default content.
23:38:17.837 [TestNG-test=RetryMultipleFailedTestcases-1] INFO  sprint4_TestCases.J_CommonTestcases - clicked on split horizontal
23:38:17.973 [TestNG-test=RetryMultipleFailedTestcases-1] INFO  sprint4_TestCases.J_CommonTestcases - Switched to frame 0.
23:38:18.548 [TestNG-test=RetryMultipleFailedTestcases-1] INFO  sprint4_TestCases.J_CommonTestcases - clicked on splitted Cell
23:38:18.599 [TestNG-test=RetryMultipleFailedTestcases-1] INFO  sprint4_TestCases.J_CommonTestcases - Switched back to default content.
23:38:26.699 [TestNG-test=RetryMultipleFailedTestcases-4] INFO  sprint4_TestCases.J_CommonTestcases - Inserted Table in DS
23:38:27.473 [TestNG-test=RetryMultipleFailedTestcases-4] INFO  sprint4_TestCases.J_CommonTestcases - clicked on Accept change
23:38:27.978 [TestNG-test=RetryMultipleFailedTestcases-4] INFO  sprint4_TestCases.J_CommonTestcases - clicked on cell padding
23:38:41.139 [TestNG-test=RetryMultipleFailedTestcases-1] INFO  sprint4_TestCases.J_CommonTestcases - Starting verify_CursorPosition_TabKey
23:38:41.294 [TestNG-test=RetryMultipleFailedTestcases-2] INFO  sprint4_TestCases.J_CommonTestcases - Logged in and searched for a file, then clicked Edit.
23:38:41.357 [TestNG-test=RetryMultipleFailedTestcases-2] INFO  sprint4_TestCases.J_CommonTestcases - Switched to frame 0.
23:38:42.197 [TestNG-test=RetryMultipleFailedTestcases-2] INFO  sprint4_TestCases.J_CommonTestcases - Right click on first para
23:38:42.391 [TestNG-test=RetryMultipleFailedTestcases-2] INFO  sprint4_TestCases.J_CommonTestcases - Switched back to default content.
23:38:42.487 [TestNG-test=RetryMultipleFailedTestcases-2] INFO  sprint4_TestCases.J_CommonTestcases - Switched to frame 0.
23:38:44.567 [TestNG-test=RetryMultipleFailedTestcases-3] INFO  sprint4_TestCases.J_CommonTestcases - Logged in and searched for a file, then clicked Edit.
23:38:45.984 [TestNG-test=RetryMultipleFailedTestcases-4] INFO  sprint4_TestCases.J_CommonTestcases - Starting verify_Cell_BackgroundColor_InsertAbove
23:38:51.935 [TestNG-test=RetryMultipleFailedTestcases-3] INFO  sprint4_TestCases.J_CommonTestcases - Inserted Table in DS
23:38:51.972 [TestNG-test=RetryMultipleFailedTestcases-3] INFO  sprint4_TestCases.J_CommonTestcases - Switched to frame 0.
23:38:53.449 [TestNG-test=RetryMultipleFailedTestcases-3] INFO  sprint4_TestCases.J_CommonTestcases - clicked on Inserted Table First Cell
23:39:06.132 [TestNG-test=RetryMultipleFailedTestcases-1] INFO  sprint4_TestCases.J_CommonTestcases - Logged in and searched for a file, then clicked Edit.
23:39:10.706 [TestNG-test=RetryMultipleFailedTestcases-4] INFO  sprint4_TestCases.J_CommonTestcases - Logged in and searched for a file, then clicked Edit.
23:39:13.786 [TestNG-test=RetryMultipleFailedTestcases-1] INFO  sprint4_TestCases.J_CommonTestcases - Inserted Table in DS
23:39:14.437 [TestNG-test=RetryMultipleFailedTestcases-1] INFO  sprint4_TestCases.J_CommonTestcases - clicked on Accept change
23:39:14.567 [TestNG-test=RetryMultipleFailedTestcases-1] INFO  sprint4_TestCases.J_CommonTestcases - verifying table is highlighted
23:39:14.598 [TestNG-test=RetryMultipleFailedTestcases-1] INFO  sprint4_TestCases.J_CommonTestcases - Switched to frame 0.
23:39:14.778 [TestNG-test=RetryMultipleFailedTestcases-1] INFO  sprint4_TestCases.J_CommonTestcases - cursor is placed in the first cell
23:39:15.305 [TestNG-test=RetryMultipleFailedTestcases-1] INFO  sprint4_TestCases.J_CommonTestcases - clicking on tab key
23:39:15.351 [TestNG-test=RetryMultipleFailedTestcases-1] INFO  sprint4_TestCases.J_CommonTestcases - Cursor is not placed in the Second cell using tab key
23:39:15.351 [TestNG-test=RetryMultipleFailedTestcases-1] INFO  sprint4_TestCases.J_CommonTestcases - Finished verify_CursorPosition_TabKey
23:39:20.125 [TestNG-test=RetryMultipleFailedTestcases-3] INFO  sprint4_TestCases.J_CommonTestcases - Starting verify_MediaObject_SearchValidImage
23:39:22.366 [TestNG-test=RetryMultipleFailedTestcases-1] INFO  sprint4_TestCases.J_CommonTestcases - Starting verify_CursorPosition_TabKey_Lastcell
23:39:25.180 [TestNG-test=RetryMultipleFailedTestcases-4] INFO  sprint4_TestCases.J_CommonTestcases - Starting verify_MediaObject_SearchValidImage
23:39:29.416 [TestNG-test=RetryMultipleFailedTestcases-2] INFO  sprint4_TestCases.J_CommonTestcases - Starting verify_MediaObject_SearchValidImage
23:39:47.100 [TestNG-test=RetryMultipleFailedTestcases-3] INFO  sprint4_TestCases.J_CommonTestcases - Logged in and searched for a file, then clicked Edit.
23:39:55.031 [TestNG-test=RetryMultipleFailedTestcases-1] INFO  sprint4_TestCases.J_CommonTestcases - Logged in and searched for a file, then clicked Edit.
23:39:55.575 [TestNG-test=RetryMultipleFailedTestcases-4] INFO  sprint4_TestCases.J_CommonTestcases - Logged in and searched for a file, then clicked Edit.
23:39:55.594 [TestNG-test=RetryMultipleFailedTestcases-4] INFO  sprint4_TestCases.J_CommonTestcases - Switched to frame 0.
23:39:56.516 [TestNG-test=RetryMultipleFailedTestcases-3] INFO  sprint4_TestCases.J_CommonTestcases - Inserted Table in DS
23:39:56.565 [TestNG-test=RetryMultipleFailedTestcases-3] INFO  sprint4_TestCases.J_CommonTestcases - Switched to frame 0.
23:39:58.936 [TestNG-test=RetryMultipleFailedTestcases-3] INFO  sprint4_TestCases.J_CommonTestcases - clicked on Inserted Table First Cell
23:40:03.355 [TestNG-test=RetryMultipleFailedTestcases-4] INFO  sprint4_TestCases.J_CommonTestcases - Starting verify_MediaObject_SearchValidImage
23:40:03.977 [TestNG-test=RetryMultipleFailedTestcases-2] INFO  sprint4_TestCases.J_CommonTestcases - Logged in and searched for a file, then clicked Edit.
23:40:03.999 [TestNG-test=RetryMultipleFailedTestcases-2] INFO  sprint4_TestCases.J_CommonTestcases - Switched to frame 0.
23:40:04.897 [TestNG-test=RetryMultipleFailedTestcases-2] INFO  sprint4_TestCases.J_CommonTestcases - Switched back to default content.
23:40:04.941 [TestNG-test=RetryMultipleFailedTestcases-2] INFO  sprint4_TestCases.J_CommonTestcases - Switched to frame 1.
23:40:05.288 [TestNG-test=RetryMultipleFailedTestcases-1] INFO  sprint4_TestCases.J_CommonTestcases - Inserted Table in DS
23:40:05.710 [TestNG-test=RetryMultipleFailedTestcases-1] INFO  sprint4_TestCases.J_CommonTestcases - clicked on Accept change
23:40:05.791 [TestNG-test=RetryMultipleFailedTestcases-1] INFO  sprint4_TestCases.J_CommonTestcases - Switched to frame 0.
23:40:06.396 [TestNG-test=RetryMultipleFailedTestcases-1] INFO  sprint4_TestCases.J_CommonTestcases - Clicked o last cell in table
23:40:06.470 [TestNG-test=RetryMultipleFailedTestcases-1] INFO  sprint4_TestCases.J_CommonTestcases - Switched back to default content.
23:40:07.384 [TestNG-test=RetryMultipleFailedTestcases-1] INFO  sprint4_TestCases.J_CommonTestcases - clicked on Accept change
23:40:07.464 [TestNG-test=RetryMultipleFailedTestcases-1] INFO  sprint4_TestCases.J_CommonTestcases - Switched to frame 0.
23:40:07.486 [TestNG-test=RetryMultipleFailedTestcases-1] INFO  sprint4_TestCases.J_CommonTestcases - Finished verify_CursorPosition_TabKey_Lastcell
23:40:14.044 [TestNG-test=RetryMultipleFailedTestcases-1] INFO  sprint4_TestCases.J_CommonTestcases - Starting verify_MediaObject_SearchValidImage
23:40:29.287 [TestNG-test=RetryMultipleFailedTestcases-3] INFO  sprint4_TestCases.J_CommonTestcases - Starting verify_MediaObject_SearchValidImage
23:40:44.645 [TestNG-test=RetryMultipleFailedTestcases-4] INFO  sprint4_TestCases.J_CommonTestcases - Logged in and searched for a file, then clicked Edit.
23:40:44.668 [TestNG-test=RetryMultipleFailedTestcases-4] INFO  sprint4_TestCases.J_CommonTestcases - Switched to frame 0.
23:40:45.466 [TestNG-test=RetryMultipleFailedTestcases-1] INFO  sprint4_TestCases.J_CommonTestcases - Logged in and searched for a file, then clicked Edit.
23:40:54.951 [TestNG-test=RetryMultipleFailedTestcases-1] INFO  sprint4_TestCases.J_CommonTestcases - Inserted Table in DS
23:40:55.309 [TestNG-test=RetryMultipleFailedTestcases-1] INFO  sprint4_TestCases.J_CommonTestcases - clicked on Accept change
23:40:55.950 [TestNG-test=RetryMultipleFailedTestcases-1] INFO  sprint4_TestCases.J_CommonTestcases - Switched to frame 0.
23:40:56.236 [TestNG-test=RetryMultipleFailedTestcases-1] INFO  sprint4_TestCases.J_CommonTestcases - clicked on Inserted Table First Cell
23:40:56.304 [TestNG-test=RetryMultipleFailedTestcases-1] INFO  sprint4_TestCases.J_CommonTestcases - Switched back to default content.
23:40:56.596 [TestNG-test=RetryMultipleFailedTestcases-1] INFO  sprint4_TestCases.J_CommonTestcases - clicked on Accept change
23:40:57.006 [TestNG-test=RetryMultipleFailedTestcases-1] INFO  sprint4_TestCases.J_CommonTestcases - Starting verify_MediaObject_SearchValidImage
23:40:58.521 [TestNG-test=RetryMultipleFailedTestcases-2] INFO  sprint4_TestCases.J_CommonTestcases - Starting verify_MediaObject_SearchValidImage
23:40:59.932 [TestNG-test=RetryMultipleFailedTestcases-4] INFO  sprint4_TestCases.J_CommonTestcases - Starting verify_MediaObject_SearchValidImage
23:41:00.355 [TestNG-test=RetryMultipleFailedTestcases-3] INFO  sprint4_TestCases.J_CommonTestcases - Logged in and searched for a file, then clicked Edit.
23:41:04.259 [TestNG-test=RetryMultipleFailedTestcases-1] INFO  sprint4_TestCases.J_CommonTestcases - Starting verify_MediaObject_SearchValidImage
23:41:08.076 [TestNG-test=RetryMultipleFailedTestcases-3] INFO  sprint4_TestCases.J_CommonTestcases - Inserted Table in DS
