00:06:41.487 [TestNG-test=RetryMultipleFailedTestcases-1] INFO  sprint6_TestCases.HB_RemoveElementBlockTC - Starting TC342_verifyRemovePrimaryKeyRejectTC ..
00:06:49.434 [TestNG-test=RetryMultipleFailedTestcases-2] INFO  sprint6_TestCases.HB_RemoveElementBlockTC - Logged in, searched for a file, and clicked Edit.
00:06:49.434 [TestNG-test=RetryMultipleFailedTestcases-2] INFO  sprint6_TestCases.HB_RemoveElementBlockTC - Created HB_RemoveElementBlock instance.
00:06:49.434 [TestNG-test=RetryMultipleFailedTestcases-2] INFO  sprint6_TestCases.HB_RemoveElementBlockTC - Created Actions class instance.
00:06:51.569 [TestNG-test=RetryMultipleFailedTestcases-2] INFO  sprint6_TestCases.HB_RemoveElementBlockTC - Clicked DS First Para
00:06:51.958 [TestNG-test=RetryMultipleFailedTestcases-2] INFO  sprint6_TestCases.HB_RemoveElementBlockTC - Clicked on Enter key.
00:06:53.159 [TestNG-test=RetryMultipleFailedTestcases-2] INFO  sprint6_TestCases.HB_RemoveElementBlockTC - Clicked On change Element
00:07:06.298 [TestNG-test=RetryMultipleFailedTestcases-4] INFO  sprint6_TestCases.HB_RemoveElementBlockTC - Starting TC341_verifyRemovePrimaryKeyAcceptTC ..
00:07:19.600 [TestNG-test=RetryMultipleFailedTestcases-1] INFO  sprint6_TestCases.HB_RemoveElementBlockTC - Logged in, searched for a file, and clicked Edit.
00:07:19.600 [TestNG-test=RetryMultipleFailedTestcases-1] INFO  sprint6_TestCases.HB_RemoveElementBlockTC - Created HB_RemoveElementBlock instance.
00:07:19.600 [TestNG-test=RetryMultipleFailedTestcases-1] INFO  sprint6_TestCases.HB_RemoveElementBlockTC - Created Actions class instance.
00:07:21.945 [TestNG-test=RetryMultipleFailedTestcases-3] INFO  sprint6_TestCases.HB_RemoveElementBlockTC - Logged in, searched for a file, and clicked Edit.
00:07:21.945 [TestNG-test=RetryMultipleFailedTestcases-3] INFO  sprint6_TestCases.HB_RemoveElementBlockTC - Created HB_RemoveElementBlock instance.
00:07:21.945 [TestNG-test=RetryMultipleFailedTestcases-3] INFO  sprint6_TestCases.HB_RemoveElementBlockTC - Created Actions class instance.
00:07:22.261 [TestNG-test=RetryMultipleFailedTestcases-1] INFO  sprint6_TestCases.HB_RemoveElementBlockTC - Clicked DS First Para
00:07:22.791 [TestNG-test=RetryMultipleFailedTestcases-1] INFO  sprint6_TestCases.HB_RemoveElementBlockTC - Clicked on Enter key.
00:07:24.180 [TestNG-test=RetryMultipleFailedTestcases-3] INFO  sprint6_TestCases.HB_RemoveElementBlockTC - Clicked DS First Para
00:07:24.505 [TestNG-test=RetryMultipleFailedTestcases-1] INFO  sprint6_TestCases.HB_RemoveElementBlockTC - Clicked On change Element
00:07:24.569 [TestNG-test=RetryMultipleFailedTestcases-3] INFO  sprint6_TestCases.HB_RemoveElementBlockTC - Clicked on Enter key.
00:07:25.831 [TestNG-test=RetryMultipleFailedTestcases-3] INFO  sprint6_TestCases.HB_RemoveElementBlockTC - Clicked On change Element
00:07:44.312 [TestNG-test=RetryMultipleFailedTestcases-2] INFO  sprint6_TestCases.HB_RemoveElementBlockTC - Starting TC343_verifyRemoveSecondaryKeyCheckTC ..
00:07:56.358 [TestNG-test=RetryMultipleFailedTestcases-4] INFO  sprint6_TestCases.HB_RemoveElementBlockTC - Logged in, searched for a file, and clicked Edit.
00:07:56.358 [TestNG-test=RetryMultipleFailedTestcases-4] INFO  sprint6_TestCases.HB_RemoveElementBlockTC - Created HB_RemoveElementBlock instance.
00:07:56.358 [TestNG-test=RetryMultipleFailedTestcases-4] INFO  sprint6_TestCases.HB_RemoveElementBlockTC - Created Actions class instance.
00:07:58.239 [TestNG-test=RetryMultipleFailedTestcases-4] INFO  sprint6_TestCases.HB_RemoveElementBlockTC - Clicked DS First Para
00:07:58.583 [TestNG-test=RetryMultipleFailedTestcases-4] INFO  sprint6_TestCases.HB_RemoveElementBlockTC - Clicked on Enter key.
00:07:59.712 [TestNG-test=RetryMultipleFailedTestcases-4] INFO  sprint6_TestCases.HB_RemoveElementBlockTC - Clicked On change Element
00:08:11.210 [TestNG-test=RetryMultipleFailedTestcases-1] INFO  sprint6_TestCases.HB_RemoveElementBlockTC - Starting TC342_verifyRemovePrimaryKeyRejectTC ..
00:08:13.498 [TestNG-test=RetryMultipleFailedTestcases-3] INFO  sprint6_TestCases.HB_RemoveElementBlockTC - Starting TC344_verifyRemoveSecondaryKeyAcceptTC ..
00:08:31.602 [TestNG-test=RetryMultipleFailedTestcases-2] INFO  sprint6_TestCases.HB_RemoveElementBlockTC - Logged in, searched for a file, and clicked Edit.
00:08:31.602 [TestNG-test=RetryMultipleFailedTestcases-2] INFO  sprint6_TestCases.HB_RemoveElementBlockTC - Created HB_RemoveElementBlock instance.
00:08:31.602 [TestNG-test=RetryMultipleFailedTestcases-2] INFO  sprint6_TestCases.HB_RemoveElementBlockTC - Created Actions class instance.
00:08:33.546 [TestNG-test=RetryMultipleFailedTestcases-2] INFO  sprint6_TestCases.HB_RemoveElementBlockTC - Clicked DS First Para
00:08:33.884 [TestNG-test=RetryMultipleFailedTestcases-2] INFO  sprint6_TestCases.HB_RemoveElementBlockTC - Clicked on Enter key.
00:08:34.981 [TestNG-test=RetryMultipleFailedTestcases-2] INFO  sprint6_TestCases.HB_RemoveElementBlockTC - Clicked On change Element
00:08:44.705 [TestNG-test=RetryMultipleFailedTestcases-1] INFO  sprint6_TestCases.HB_RemoveElementBlockTC - Logged in, searched for a file, and clicked Edit.
00:08:44.706 [TestNG-test=RetryMultipleFailedTestcases-1] INFO  sprint6_TestCases.HB_RemoveElementBlockTC - Created HB_RemoveElementBlock instance.
00:08:44.706 [TestNG-test=RetryMultipleFailedTestcases-1] INFO  sprint6_TestCases.HB_RemoveElementBlockTC - Created Actions class instance.
00:08:47.094 [TestNG-test=RetryMultipleFailedTestcases-1] INFO  sprint6_TestCases.HB_RemoveElementBlockTC - Clicked DS First Para
00:08:47.507 [TestNG-test=RetryMultipleFailedTestcases-1] INFO  sprint6_TestCases.HB_RemoveElementBlockTC - Clicked on Enter key.
00:08:47.566 [TestNG-test=RetryMultipleFailedTestcases-4] INFO  sprint6_TestCases.HB_RemoveElementBlockTC - Starting TC341_verifyRemovePrimaryKeyAcceptTC ..
00:08:54.036 [TestNG-test=RetryMultipleFailedTestcases-1] INFO  sprint6_TestCases.HB_RemoveElementBlockTC - Clicked On change Element
00:09:10.538 [TestNG-test=RetryMultipleFailedTestcases-3] INFO  sprint6_TestCases.HB_RemoveElementBlockTC - Logged in, searched for a file, and clicked Edit.
00:09:10.538 [TestNG-test=RetryMultipleFailedTestcases-3] INFO  sprint6_TestCases.HB_RemoveElementBlockTC - Created HB_RemoveElementBlock instance.
00:09:10.538 [TestNG-test=RetryMultipleFailedTestcases-3] INFO  sprint6_TestCases.HB_RemoveElementBlockTC - Created Actions class instance.
00:09:12.400 [TestNG-test=RetryMultipleFailedTestcases-3] INFO  sprint6_TestCases.HB_RemoveElementBlockTC - Clicked DS First Para
00:09:12.714 [TestNG-test=RetryMultipleFailedTestcases-3] INFO  sprint6_TestCases.HB_RemoveElementBlockTC - Clicked on Enter key.
00:09:13.738 [TestNG-test=RetryMultipleFailedTestcases-3] INFO  sprint6_TestCases.HB_RemoveElementBlockTC - Clicked On change Element
00:09:28.380 [TestNG-test=RetryMultipleFailedTestcases-2] INFO  sprint6_TestCases.HB_RemoveElementBlockTC - Starting TC343_verifyRemoveSecondaryKeyCheckTC ..
00:09:31.165 [TestNG-test=RetryMultipleFailedTestcases-4] INFO  sprint6_TestCases.HB_RemoveElementBlockTC - Logged in, searched for a file, and clicked Edit.
00:09:31.165 [TestNG-test=RetryMultipleFailedTestcases-4] INFO  sprint6_TestCases.HB_RemoveElementBlockTC - Created HB_RemoveElementBlock instance.
00:09:31.165 [TestNG-test=RetryMultipleFailedTestcases-4] INFO  sprint6_TestCases.HB_RemoveElementBlockTC - Created Actions class instance.
00:09:33.552 [TestNG-test=RetryMultipleFailedTestcases-4] INFO  sprint6_TestCases.HB_RemoveElementBlockTC - Clicked DS First Para
00:09:33.881 [TestNG-test=RetryMultipleFailedTestcases-4] INFO  sprint6_TestCases.HB_RemoveElementBlockTC - Clicked on Enter key.
00:09:38.135 [TestNG-test=RetryMultipleFailedTestcases-4] INFO  sprint6_TestCases.HB_RemoveElementBlockTC - Clicked On change Element
00:09:42.151 [TestNG-test=RetryMultipleFailedTestcases-1] INFO  sprint6_TestCases.HB_RemoveElementBlockTC - Starting TC342_verifyRemovePrimaryKeyRejectTC ..
00:10:01.402 [TestNG-test=RetryMultipleFailedTestcases-3] INFO  sprint6_TestCases.HB_RemoveElementBlockTC - Starting TC344_verifyRemoveSecondaryKeyAcceptTC ..
00:10:18.381 [TestNG-test=RetryMultipleFailedTestcases-2] INFO  sprint6_TestCases.HB_RemoveElementBlockTC - Logged in, searched for a file, and clicked Edit.
00:10:18.381 [TestNG-test=RetryMultipleFailedTestcases-2] INFO  sprint6_TestCases.HB_RemoveElementBlockTC - Created HB_RemoveElementBlock instance.
00:10:18.381 [TestNG-test=RetryMultipleFailedTestcases-2] INFO  sprint6_TestCases.HB_RemoveElementBlockTC - Created Actions class instance.
00:10:20.881 [TestNG-test=RetryMultipleFailedTestcases-2] INFO  sprint6_TestCases.HB_RemoveElementBlockTC - Clicked DS First Para
00:10:22.063 [TestNG-test=RetryMultipleFailedTestcases-2] INFO  sprint6_TestCases.HB_RemoveElementBlockTC - Clicked on Enter key.
00:10:24.595 [TestNG-test=RetryMultipleFailedTestcases-2] INFO  sprint6_TestCases.HB_RemoveElementBlockTC - Clicked On change Element
00:10:29.203 [TestNG-test=RetryMultipleFailedTestcases-4] INFO  sprint6_TestCases.HB_RemoveElementBlockTC - Starting TC345_verifyRemoveSecondaryKeyRejectTC ..
00:10:37.462 [TestNG-test=RetryMultipleFailedTestcases-1] INFO  sprint6_TestCases.HB_RemoveElementBlockTC - Logged in, searched for a file, and clicked Edit.
00:10:37.462 [TestNG-test=RetryMultipleFailedTestcases-1] INFO  sprint6_TestCases.HB_RemoveElementBlockTC - Created HB_RemoveElementBlock instance.
00:10:37.462 [TestNG-test=RetryMultipleFailedTestcases-1] INFO  sprint6_TestCases.HB_RemoveElementBlockTC - Created Actions class instance.
00:10:39.569 [TestNG-test=RetryMultipleFailedTestcases-1] INFO  sprint6_TestCases.HB_RemoveElementBlockTC - Clicked DS First Para
00:10:40.103 [TestNG-test=RetryMultipleFailedTestcases-1] INFO  sprint6_TestCases.HB_RemoveElementBlockTC - Clicked on Enter key.
00:10:41.842 [TestNG-test=RetryMultipleFailedTestcases-1] INFO  sprint6_TestCases.HB_RemoveElementBlockTC - Clicked On change Element
00:10:59.987 [TestNG-test=RetryMultipleFailedTestcases-3] INFO  sprint6_TestCases.HB_RemoveElementBlockTC - Logged in, searched for a file, and clicked Edit.
00:10:59.987 [TestNG-test=RetryMultipleFailedTestcases-3] INFO  sprint6_TestCases.HB_RemoveElementBlockTC - Created HB_RemoveElementBlock instance.
00:10:59.987 [TestNG-test=RetryMultipleFailedTestcases-3] INFO  sprint6_TestCases.HB_RemoveElementBlockTC - Created Actions class instance.
00:11:02.474 [TestNG-test=RetryMultipleFailedTestcases-3] INFO  sprint6_TestCases.HB_RemoveElementBlockTC - Clicked DS First Para
00:11:03.028 [TestNG-test=RetryMultipleFailedTestcases-3] INFO  sprint6_TestCases.HB_RemoveElementBlockTC - Clicked on Enter key.
00:11:05.093 [TestNG-test=RetryMultipleFailedTestcases-3] INFO  sprint6_TestCases.HB_RemoveElementBlockTC - Clicked On change Element
00:11:11.682 [TestNG-test=RetryMultipleFailedTestcases-4] INFO  sprint6_TestCases.HB_RemoveElementBlockTC - Logged in, searched for a file, and clicked Edit.
00:11:11.682 [TestNG-test=RetryMultipleFailedTestcases-4] INFO  sprint6_TestCases.HB_RemoveElementBlockTC - Created HB_RemoveElementBlock instance.
00:11:11.682 [TestNG-test=RetryMultipleFailedTestcases-4] INFO  sprint6_TestCases.HB_RemoveElementBlockTC - Created Actions class instance.
00:11:12.928 [TestNG-test=RetryMultipleFailedTestcases-2] INFO  sprint6_TestCases.HB_RemoveElementBlockTC - Starting TC343_verifyRemoveSecondaryKeyCheckTC ..
00:11:14.784 [TestNG-test=RetryMultipleFailedTestcases-4] INFO  sprint6_TestCases.HB_RemoveElementBlockTC - Clicked DS First Para
00:11:15.239 [TestNG-test=RetryMultipleFailedTestcases-4] INFO  sprint6_TestCases.HB_RemoveElementBlockTC - Clicked on Enter key.
00:11:17.626 [TestNG-test=RetryMultipleFailedTestcases-4] INFO  sprint6_TestCases.HB_RemoveElementBlockTC - Clicked On change Element
00:11:17.626 [TestNG-test=RetryMultipleFailedTestcases-4] INFO  sprint6_TestCases.HB_RemoveElementBlockTC - Clicked On change Element
00:11:31.452 [TestNG-test=RetryMultipleFailedTestcases-1] INFO  sprint6_TestCases.HB_RemoveElementBlockTC - Starting verifyAddContentBeforeSectionNumberCheckTC ..
00:11:56.217 [TestNG-test=RetryMultipleFailedTestcases-3] INFO  sprint6_TestCases.HB_RemoveElementBlockTC - Starting TC344_verifyRemoveSecondaryKeyAcceptTC ..
00:12:07.402 [TestNG-test=RetryMultipleFailedTestcases-4] INFO  sprint6_TestCases.HB_RemoveElementBlockTC - Starting TC345_verifyRemoveSecondaryKeyRejectTC ..
00:12:14.930 [TestNG-test=RetryMultipleFailedTestcases-2] INFO  sprint6_TestCases.HB_RemoveElementBlockTC - Logged in, searched for a file, and clicked Edit.
00:12:14.930 [TestNG-test=RetryMultipleFailedTestcases-2] INFO  sprint6_TestCases.HB_RemoveElementBlockTC - Created HB_RemoveElementBlock instance.
00:12:14.930 [TestNG-test=RetryMultipleFailedTestcases-2] INFO  sprint6_TestCases.HB_RemoveElementBlockTC - Created Actions class instance.
00:12:18.910 [TestNG-test=RetryMultipleFailedTestcases-2] INFO  sprint6_TestCases.HB_RemoveElementBlockTC - Clicked DS First Para
00:12:19.898 [TestNG-test=RetryMultipleFailedTestcases-2] INFO  sprint6_TestCases.HB_RemoveElementBlockTC - Clicked on Enter key.
00:12:21.331 [TestNG-test=RetryMultipleFailedTestcases-2] INFO  sprint6_TestCases.HB_RemoveElementBlockTC - Clicked On change Element
00:12:25.184 [TestNG-test=RetryMultipleFailedTestcases-1] INFO  sprint6_TestCases.HB_RemoveElementBlockTC - Logged in, searched for a file, and clicked Edit.
00:12:25.185 [TestNG-test=RetryMultipleFailedTestcases-1] INFO  sprint6_TestCases.HB_RemoveElementBlockTC - Created HB_RemoveElementBlock instance.
00:12:25.185 [TestNG-test=RetryMultipleFailedTestcases-1] INFO  sprint6_TestCases.HB_RemoveElementBlockTC - Created Actions class instance.
00:12:26.316 [TestNG-test=RetryMultipleFailedTestcases-1] INFO  sprint6_TestCases.HB_RemoveElementBlockTC - Clicked Track Change
00:12:26.453 [TestNG-test=RetryMultipleFailedTestcases-1] INFO  sprint6_TestCases.HB_RemoveElementBlockTC - Finished verifyAddContentBeforeSectionNumberCheckTC ..
00:12:37.203 [TestNG-test=RetryMultipleFailedTestcases-1] INFO  sprint6_TestCases.HB_RemoveElementBlockTC - Starting VerifyChangeElementFromCB ..
00:12:45.330 [TestNG-test=RetryMultipleFailedTestcases-4] INFO  sprint6_TestCases.HB_RemoveElementBlockTC - Logged in, searched for a file, and clicked Edit.
00:12:45.330 [TestNG-test=RetryMultipleFailedTestcases-4] INFO  sprint6_TestCases.HB_RemoveElementBlockTC - Created HB_RemoveElementBlock instance.
00:12:45.330 [TestNG-test=RetryMultipleFailedTestcases-4] INFO  sprint6_TestCases.HB_RemoveElementBlockTC - Created Actions class instance.
00:12:55.494 [TestNG-test=RetryMultipleFailedTestcases-3] INFO  sprint6_TestCases.HB_RemoveElementBlockTC - Logged in, searched for a file, and clicked Edit.
00:12:55.494 [TestNG-test=RetryMultipleFailedTestcases-3] INFO  sprint6_TestCases.HB_RemoveElementBlockTC - Created HB_RemoveElementBlock instance.
00:12:55.494 [TestNG-test=RetryMultipleFailedTestcases-3] INFO  sprint6_TestCases.HB_RemoveElementBlockTC - Created Actions class instance.
00:12:58.151 [TestNG-test=RetryMultipleFailedTestcases-3] INFO  sprint6_TestCases.HB_RemoveElementBlockTC - Clicked DS First Para
00:12:58.891 [TestNG-test=RetryMultipleFailedTestcases-3] INFO  sprint6_TestCases.HB_RemoveElementBlockTC - Clicked on Enter key.
00:13:00.922 [TestNG-test=RetryMultipleFailedTestcases-3] INFO  sprint6_TestCases.HB_RemoveElementBlockTC - Clicked On change Element
00:13:04.657 [TestNG-test=RetryMultipleFailedTestcases-4] INFO  sprint6_TestCases.HB_RemoveElementBlockTC - Starting TC345_verifyRemoveSecondaryKeyRejectTC ..
00:13:10.780 [TestNG-test=RetryMultipleFailedTestcases-2] INFO  sprint6_TestCases.HB_RemoveElementBlockTC - Starting verifyChangeParaToAddressAddContentCheckTC ..
00:13:19.144 [TestNG-test=RetryMultipleFailedTestcases-1] INFO  sprint6_TestCases.HB_RemoveElementBlockTC - Logged in, searched for a file, and clicked Edit.
00:13:19.144 [TestNG-test=RetryMultipleFailedTestcases-1] INFO  sprint6_TestCases.HB_RemoveElementBlockTC - Created HB_RemoveElementBlock instance.
00:13:21.409 [TestNG-test=RetryMultipleFailedTestcases-1] INFO  sprint6_TestCases.HB_RemoveElementBlockTC - Clicked DS First Para
00:13:22.181 [TestNG-test=RetryMultipleFailedTestcases-1] INFO  sprint6_TestCases.HB_RemoveElementBlockTC - Clicked On change Element
00:13:24.857 [TestNG-test=RetryMultipleFailedTestcases-1] INFO  sprint6_TestCases.HB_RemoveElementBlockTC - Clicked on ChangeElement simple para
00:13:25.488 [TestNG-test=RetryMultipleFailedTestcases-1] INFO  sprint6_TestCases.HB_RemoveElementBlockTC - Clicked Track Change
00:13:36.374 [TestNG-test=RetryMultipleFailedTestcases-4] INFO  sprint6_TestCases.HB_RemoveElementBlockTC - Logged in, searched for a file, and clicked Edit.
00:13:36.375 [TestNG-test=RetryMultipleFailedTestcases-4] INFO  sprint6_TestCases.HB_RemoveElementBlockTC - Created HB_RemoveElementBlock instance.
00:13:36.375 [TestNG-test=RetryMultipleFailedTestcases-4] INFO  sprint6_TestCases.HB_RemoveElementBlockTC - Created Actions class instance.
00:13:38.474 [TestNG-test=RetryMultipleFailedTestcases-4] INFO  sprint6_TestCases.HB_RemoveElementBlockTC - Clicked DS First Para
00:13:38.871 [TestNG-test=RetryMultipleFailedTestcases-4] INFO  sprint6_TestCases.HB_RemoveElementBlockTC - Clicked on Enter key.
00:13:40.715 [TestNG-test=RetryMultipleFailedTestcases-4] INFO  sprint6_TestCases.HB_RemoveElementBlockTC - Clicked On change Element
00:13:40.715 [TestNG-test=RetryMultipleFailedTestcases-4] INFO  sprint6_TestCases.HB_RemoveElementBlockTC - Clicked On change Element
00:13:46.920 [TestNG-test=RetryMultipleFailedTestcases-3] INFO  sprint6_TestCases.HB_RemoveElementBlockTC - Starting TC344_verifyRemoveSecondaryKeyAcceptTC ..
00:14:01.352 [TestNG-test=RetryMultipleFailedTestcases-2] INFO  sprint6_TestCases.HB_RemoveElementBlockTC - Logged in, searched for a file, and clicked Edit.
00:14:01.352 [TestNG-test=RetryMultipleFailedTestcases-2] INFO  sprint6_TestCases.HB_RemoveElementBlockTC - Created HB_RemoveElementBlock instance.
00:14:01.415 [TestNG-test=RetryMultipleFailedTestcases-2] INFO  sprint6_TestCases.HB_RemoveElementBlockTC - Switched to frame 0.
00:14:01.415 [TestNG-test=RetryMultipleFailedTestcases-2] INFO  sprint6_TestCases.HB_RemoveElementBlockTC - Created Actions class instance.
00:14:03.168 [TestNG-test=RetryMultipleFailedTestcases-2] INFO  sprint6_TestCases.HB_RemoveElementBlockTC - Switched back to default content.
00:14:04.481 [TestNG-test=RetryMultipleFailedTestcases-2] INFO  sprint6_TestCases.HB_RemoveElementBlockTC - Clicked VE Insert After
00:14:04.582 [TestNG-test=RetryMultipleFailedTestcases-2] INFO  sprint6_TestCases.HB_RemoveElementBlockTC - Switched back to default content.
00:14:05.278 [TestNG-test=RetryMultipleFailedTestcases-2] INFO  sprint6_TestCases.HB_RemoveElementBlockTC - Clicked on Enter key.
00:14:05.969 [TestNG-test=RetryMultipleFailedTestcases-2] INFO  sprint6_TestCases.HB_RemoveElementBlockTC - Clicked on Enter key.
00:14:05.979 [TestNG-test=RetryMultipleFailedTestcases-1] INFO  sprint6_TestCases.HB_RemoveElementBlockTC - Clicked DS simple para
00:14:07.163 [TestNG-test=RetryMultipleFailedTestcases-1] INFO  sprint6_TestCases.HB_RemoveElementBlockTC - Right Clicked DS simple para
00:14:07.887 [TestNG-test=RetryMultipleFailedTestcases-2] INFO  sprint6_TestCases.HB_RemoveElementBlockTC - Inserted Hello Word.
00:14:09.239 [TestNG-test=RetryMultipleFailedTestcases-1] INFO  sprint6_TestCases.HB_RemoveElementBlockTC - Clicked on DS Remove Element Block
00:14:09.862 [TestNG-test=RetryMultipleFailedTestcases-2] INFO  sprint6_TestCases.HB_RemoveElementBlockTC - Clicked Track Change
00:14:10.179 [TestNG-test=RetryMultipleFailedTestcases-1] INFO  sprint6_TestCases.HB_RemoveElementBlockTC - Clicked Track Change
00:14:10.217 [TestNG-test=RetryMultipleFailedTestcases-2] INFO  sprint6_TestCases.HB_RemoveElementBlockTC - Finished verifyChangeParaToAddressAddContentCheckTC ..
00:14:10.322 [TestNG-test=RetryMultipleFailedTestcases-1] INFO  sprint6_TestCases.HB_RemoveElementBlockTC - Element Removed Data Card Is displayed in TC panel
00:14:10.322 [TestNG-test=RetryMultipleFailedTestcases-1] INFO  sprint6_TestCases.HB_RemoveElementBlockTC - Finished VerifyChangeElementFromCB ..
00:14:29.339 [TestNG-test=RetryMultipleFailedTestcases-3] INFO  sprint6_TestCases.HB_RemoveElementBlockTC - Logged in, searched for a file, and clicked Edit.
00:14:29.339 [TestNG-test=RetryMultipleFailedTestcases-3] INFO  sprint6_TestCases.HB_RemoveElementBlockTC - Created HB_RemoveElementBlock instance.
00:14:29.339 [TestNG-test=RetryMultipleFailedTestcases-3] INFO  sprint6_TestCases.HB_RemoveElementBlockTC - Created Actions class instance.
00:14:31.897 [TestNG-test=RetryMultipleFailedTestcases-2] INFO  sprint6_TestCases.HB_RemoveElementBlockTC - Starting verifyDeleteAddressLineCheckTC ..
00:14:32.465 [TestNG-test=RetryMultipleFailedTestcases-3] INFO  sprint6_TestCases.HB_RemoveElementBlockTC - Clicked DS First Para
00:14:33.766 [TestNG-test=RetryMultipleFailedTestcases-3] INFO  sprint6_TestCases.HB_RemoveElementBlockTC - Clicked on Enter key.
00:14:36.469 [TestNG-test=RetryMultipleFailedTestcases-3] INFO  sprint6_TestCases.HB_RemoveElementBlockTC - Clicked On change Element
00:14:36.750 [TestNG-test=RetryMultipleFailedTestcases-1] INFO  sprint6_TestCases.HB_RemoveElementBlockTC - Starting verifyDoubleClickContentAddContentCheckTC ..
00:14:41.030 [TestNG-test=RetryMultipleFailedTestcases-4] INFO  sprint6_TestCases.HB_RemoveElementBlockTC - Starting TC345_verifyRemoveSecondaryKeyRejectTC ..
00:15:03.812 [TestNG-test=RetryMultipleFailedTestcases-2] INFO  sprint6_TestCases.HB_RemoveElementBlockTC - Logged in, searched for a file, and clicked Edit.
00:15:03.812 [TestNG-test=RetryMultipleFailedTestcases-2] INFO  sprint6_TestCases.HB_RemoveElementBlockTC - Created HB_RemoveElementBlock instance.
00:15:05.920 [TestNG-test=RetryMultipleFailedTestcases-2] INFO  sprint6_TestCases.HB_RemoveElementBlockTC - Clicked DS First Para
00:15:05.920 [TestNG-test=RetryMultipleFailedTestcases-2] INFO  sprint6_TestCases.HB_RemoveElementBlockTC - Created Actions class instance.
00:15:08.864 [TestNG-test=RetryMultipleFailedTestcases-2] INFO  sprint6_TestCases.HB_RemoveElementBlockTC - Right Clicked DSpara
00:15:09.275 [TestNG-test=RetryMultipleFailedTestcases-2] INFO  sprint6_TestCases.HB_RemoveElementBlockTC - Clicked on DS insert After.
00:15:09.494 [TestNG-test=RetryMultipleFailedTestcases-2] INFO  sprint6_TestCases.HB_RemoveElementBlockTC - Clicked on Tab key.
00:15:10.175 [TestNG-test=RetryMultipleFailedTestcases-2] INFO  sprint6_TestCases.HB_RemoveElementBlockTC - Clicked on Enter key.
00:15:10.899 [TestNG-test=RetryMultipleFailedTestcases-1] INFO  sprint6_TestCases.HB_RemoveElementBlockTC - Logged in, searched for a file, and clicked Edit.
00:15:10.900 [TestNG-test=RetryMultipleFailedTestcases-1] INFO  sprint6_TestCases.HB_RemoveElementBlockTC - Created HB_RemoveElementBlock instance.
00:15:10.941 [TestNG-test=RetryMultipleFailedTestcases-1] INFO  sprint6_TestCases.HB_RemoveElementBlockTC - Switched to frame 0.
00:15:10.941 [TestNG-test=RetryMultipleFailedTestcases-1] INFO  sprint6_TestCases.HB_RemoveElementBlockTC - Created Actions class instance.
00:15:12.164 [TestNG-test=RetryMultipleFailedTestcases-2] INFO  sprint6_TestCases.HB_RemoveElementBlockTC - Right Clicked DS Address
00:15:12.265 [TestNG-test=RetryMultipleFailedTestcases-1] INFO  sprint6_TestCases.HB_RemoveElementBlockTC - Switched back to default content.
00:15:12.563 [TestNG-test=RetryMultipleFailedTestcases-2] INFO  sprint6_TestCases.HB_RemoveElementBlockTC - Clicked on DS Remove Element Block
00:15:12.606 [TestNG-test=RetryMultipleFailedTestcases-1] INFO  sprint6_TestCases.HB_RemoveElementBlockTC - Clicked Track Change
00:15:12.647 [TestNG-test=RetryMultipleFailedTestcases-1] INFO  sprint6_TestCases.HB_RemoveElementBlockTC - Switched to frame 0.
00:15:12.854 [TestNG-test=RetryMultipleFailedTestcases-2] INFO  sprint6_TestCases.HB_RemoveElementBlockTC - Clicked Track Change
00:15:13.189 [TestNG-test=RetryMultipleFailedTestcases-1] INFO  sprint6_TestCases.HB_RemoveElementBlockTC - Switched back to default content.
00:15:13.722 [TestNG-test=RetryMultipleFailedTestcases-1] INFO  sprint6_TestCases.HB_RemoveElementBlockTC - Clicked Accept Track Changes
00:15:23.485 [TestNG-test=RetryMultipleFailedTestcases-3] INFO  sprint6_TestCases.HB_RemoveElementBlockTC - Starting verifyRemoveMultipleElementCheckTCUsingbackspace ..
00:15:26.534 [TestNG-test=RetryMultipleFailedTestcases-4] INFO  sprint6_TestCases.HB_RemoveElementBlockTC - Logged in, searched for a file, and clicked Edit.
00:15:26.535 [TestNG-test=RetryMultipleFailedTestcases-4] INFO  sprint6_TestCases.HB_RemoveElementBlockTC - Created HB_RemoveElementBlock instance.
00:15:26.535 [TestNG-test=RetryMultipleFailedTestcases-4] INFO  sprint6_TestCases.HB_RemoveElementBlockTC - Created Actions class instance.
00:15:28.796 [TestNG-test=RetryMultipleFailedTestcases-4] INFO  sprint6_TestCases.HB_RemoveElementBlockTC - Clicked DS First Para
00:15:29.154 [TestNG-test=RetryMultipleFailedTestcases-4] INFO  sprint6_TestCases.HB_RemoveElementBlockTC - Clicked on Enter key.
00:15:30.108 [TestNG-test=RetryMultipleFailedTestcases-4] INFO  sprint6_TestCases.HB_RemoveElementBlockTC - Clicked On change Element
00:15:30.108 [TestNG-test=RetryMultipleFailedTestcases-4] INFO  sprint6_TestCases.HB_RemoveElementBlockTC - Clicked On change Element
00:15:53.837 [TestNG-test=RetryMultipleFailedTestcases-1] INFO  sprint6_TestCases.HB_RemoveElementBlockTC - After click on Accept changes data card is removed
00:15:55.022 [TestNG-test=RetryMultipleFailedTestcases-1] INFO  sprint6_TestCases.HB_RemoveElementBlockTC - Switched to frame 0.
00:15:55.392 [TestNG-test=RetryMultipleFailedTestcases-1] INFO  sprint6_TestCases.HB_RemoveElementBlockTC - Switched back to default content.
00:16:01.156 [TestNG-test=RetryMultipleFailedTestcases-2] INFO  sprint6_TestCases.HB_RemoveElementBlockTC - Starting verifyDeleteAddressLineCheckTC ..
00:16:02.952 [TestNG-test=RetryMultipleFailedTestcases-3] INFO  sprint6_TestCases.HB_RemoveElementBlockTC - Logged in, searched for a file, and clicked Edit.
00:16:02.953 [TestNG-test=RetryMultipleFailedTestcases-3] INFO  sprint6_TestCases.HB_RemoveElementBlockTC - Created HB_RemoveElementBlock instance.
00:16:02.973 [TestNG-test=RetryMultipleFailedTestcases-3] INFO  sprint6_TestCases.HB_RemoveElementBlockTC - Switched to frame 0.
00:16:03.707 [TestNG-test=RetryMultipleFailedTestcases-3] INFO  sprint6_TestCases.HB_RemoveElementBlockTC - Created Actions class instance.
00:16:03.908 [TestNG-test=RetryMultipleFailedTestcases-3] INFO  sprint6_TestCases.HB_RemoveElementBlockTC - Clicked on Backspace key.
00:16:05.033 [TestNG-test=RetryMultipleFailedTestcases-3] INFO  sprint6_TestCases.HB_RemoveElementBlockTC - Clicked on Backspace key.
00:16:05.270 [TestNG-test=RetryMultipleFailedTestcases-3] INFO  sprint6_TestCases.HB_RemoveElementBlockTC - Switched back to default content.
00:16:05.785 [TestNG-test=RetryMultipleFailedTestcases-3] INFO  sprint6_TestCases.HB_RemoveElementBlockTC - Clicked Track Change
00:16:05.846 [TestNG-test=RetryMultipleFailedTestcases-3] INFO  sprint6_TestCases.HB_RemoveElementBlockTC - Finished verifyRemoveMultipleElementCheckTCUsingbackspace ..
00:16:11.368 [TestNG-test=RetryMultipleFailedTestcases-3] INFO  sprint6_TestCases.HB_RemoveElementBlockTC - Starting verifyRemoveMultipleElementCheckTCUsingDelete ..
00:16:19.113 [TestNG-test=RetryMultipleFailedTestcases-4] INFO  sprint6_TestCases.HC_TableTrackChagesTC - Starting TC197_verifyTableRighClickInsertCellBeforeCheckTC ..
00:16:30.952 [TestNG-test=RetryMultipleFailedTestcases-2] INFO  sprint6_TestCases.HB_RemoveElementBlockTC - Logged in, searched for a file, and clicked Edit.
00:16:30.952 [TestNG-test=RetryMultipleFailedTestcases-2] INFO  sprint6_TestCases.HB_RemoveElementBlockTC - Created HB_RemoveElementBlock instance.
00:16:33.287 [TestNG-test=RetryMultipleFailedTestcases-2] INFO  sprint6_TestCases.HB_RemoveElementBlockTC - Clicked DS First Para
00:16:33.287 [TestNG-test=RetryMultipleFailedTestcases-2] INFO  sprint6_TestCases.HB_RemoveElementBlockTC - Created Actions class instance.
00:16:34.399 [TestNG-test=RetryMultipleFailedTestcases-2] INFO  sprint6_TestCases.HB_RemoveElementBlockTC - Right Clicked DSpara
00:16:34.573 [TestNG-test=RetryMultipleFailedTestcases-2] INFO  sprint6_TestCases.HB_RemoveElementBlockTC - Clicked on DS insert After.
00:16:34.714 [TestNG-test=RetryMultipleFailedTestcases-2] INFO  sprint6_TestCases.HB_RemoveElementBlockTC - Clicked on Tab key.
00:16:35.217 [TestNG-test=RetryMultipleFailedTestcases-2] INFO  sprint6_TestCases.HB_RemoveElementBlockTC - Clicked on Enter key.
00:16:36.167 [TestNG-test=RetryMultipleFailedTestcases-1] INFO  sprint6_TestCases.HB_RemoveElementBlockTC - After click on Accept changes data card is removed
00:16:36.167 [TestNG-test=RetryMultipleFailedTestcases-1] INFO  sprint6_TestCases.HB_RemoveElementBlockTC - Finished verifyDoubleClickContentAddContentCheckTC ..
00:16:37.253 [TestNG-test=RetryMultipleFailedTestcases-2] INFO  sprint6_TestCases.HB_RemoveElementBlockTC - Right Clicked DS Address
00:16:37.736 [TestNG-test=RetryMultipleFailedTestcases-2] INFO  sprint6_TestCases.HB_RemoveElementBlockTC - Clicked on DS Remove Element Block
00:16:38.118 [TestNG-test=RetryMultipleFailedTestcases-2] INFO  sprint6_TestCases.HB_RemoveElementBlockTC - Clicked Track Change
00:16:44.262 [TestNG-test=RetryMultipleFailedTestcases-1] INFO  sprint6_TestCases.HC_TableTrackChagesTC - Starting TC198_verifyTableRighClickInsertCellAfterCheckTC ..
00:16:50.364 [TestNG-test=RetryMultipleFailedTestcases-3] INFO  sprint6_TestCases.HB_RemoveElementBlockTC - Logged in, searched for a file, and clicked Edit.
00:16:50.364 [TestNG-test=RetryMultipleFailedTestcases-3] INFO  sprint6_TestCases.HB_RemoveElementBlockTC - Created HB_RemoveElementBlock instance.
00:16:50.393 [TestNG-test=RetryMultipleFailedTestcases-3] INFO  sprint6_TestCases.HB_RemoveElementBlockTC - Switched to frame 0.
00:16:51.234 [TestNG-test=RetryMultipleFailedTestcases-3] INFO  sprint6_TestCases.HB_RemoveElementBlockTC - Created Actions class instance.
00:16:52.511 [TestNG-test=RetryMultipleFailedTestcases-4] INFO  sprint6_TestCases.HC_TableTrackChagesTC - Logged in, searched for a file, and clicked Edit.
00:16:52.521 [TestNG-test=RetryMultipleFailedTestcases-4] INFO  sprint6_TestCases.HC_TableTrackChagesTC - Created HC_TableTrackChages instance.
00:16:53.190 [TestNG-test=RetryMultipleFailedTestcases-3] INFO  sprint6_TestCases.HB_RemoveElementBlockTC - Switched back to default content.
00:16:53.528 [TestNG-test=RetryMultipleFailedTestcases-3] INFO  sprint6_TestCases.HB_RemoveElementBlockTC - Clicked Track Change
00:16:53.616 [TestNG-test=RetryMultipleFailedTestcases-3] INFO  sprint6_TestCases.HB_RemoveElementBlockTC - Finished verifyRemoveMultipleElementCheckTCUsingDelete ..
00:17:00.747 [TestNG-test=RetryMultipleFailedTestcases-3] INFO  sprint6_TestCases.HC_TableTrackChagesTC - Starting TC390_verifyAddTableAcceptChangeTC ..
00:17:10.937 [TestNG-test=RetryMultipleFailedTestcases-4] INFO  sprint6_TestCases.HC_TableTrackChagesTC - Starting TC197_verifyTableRighClickInsertCellBeforeCheckTC ..
00:17:16.508 [TestNG-test=RetryMultipleFailedTestcases-1] INFO  sprint6_TestCases.HC_TableTrackChagesTC - Logged in, searched for a file, and clicked Edit.
00:17:16.508 [TestNG-test=RetryMultipleFailedTestcases-1] INFO  sprint6_TestCases.HC_TableTrackChagesTC - Created HC_TableTrackChages instance.
00:17:32.999 [TestNG-test=RetryMultipleFailedTestcases-1] INFO  sprint6_TestCases.HC_TableTrackChagesTC - Starting TC198_verifyTableRighClickInsertCellAfterCheckTC ..
00:17:33.231 [TestNG-test=RetryMultipleFailedTestcases-2] INFO  sprint6_TestCases.HB_RemoveElementBlockTC - Starting verifyDeleteAddressLineCheckTC ..
00:17:46.121 [TestNG-test=RetryMultipleFailedTestcases-3] INFO  sprint6_TestCases.HC_TableTrackChagesTC - Logged in, searched for a file, and clicked Edit.
00:17:46.121 [TestNG-test=RetryMultipleFailedTestcases-3] INFO  sprint6_TestCases.HC_TableTrackChagesTC - Created HC_TableTrackChages instance.
00:17:54.024 [TestNG-test=RetryMultipleFailedTestcases-4] INFO  sprint6_TestCases.HC_TableTrackChagesTC - Logged in, searched for a file, and clicked Edit.
00:17:54.025 [TestNG-test=RetryMultipleFailedTestcases-4] INFO  sprint6_TestCases.HC_TableTrackChagesTC - Created HC_TableTrackChages instance.
00:18:02.787 [TestNG-test=RetryMultipleFailedTestcases-3] INFO  sprint6_TestCases.HC_TableTrackChagesTC - Starting TC390_verifyAddTableAcceptChangeTC ..
00:18:10.229 [TestNG-test=RetryMultipleFailedTestcases-2] INFO  sprint6_TestCases.HB_RemoveElementBlockTC - Logged in, searched for a file, and clicked Edit.
00:18:10.229 [TestNG-test=RetryMultipleFailedTestcases-2] INFO  sprint6_TestCases.HB_RemoveElementBlockTC - Created HB_RemoveElementBlock instance.
00:18:12.460 [TestNG-test=RetryMultipleFailedTestcases-2] INFO  sprint6_TestCases.HB_RemoveElementBlockTC - Clicked DS First Para
00:18:12.460 [TestNG-test=RetryMultipleFailedTestcases-2] INFO  sprint6_TestCases.HB_RemoveElementBlockTC - Created Actions class instance.
00:18:12.512 [TestNG-test=RetryMultipleFailedTestcases-1] INFO  sprint6_TestCases.HC_TableTrackChagesTC - Logged in, searched for a file, and clicked Edit.
00:18:12.512 [TestNG-test=RetryMultipleFailedTestcases-1] INFO  sprint6_TestCases.HC_TableTrackChagesTC - Created HC_TableTrackChages instance.
00:18:14.607 [TestNG-test=RetryMultipleFailedTestcases-2] INFO  sprint6_TestCases.HB_RemoveElementBlockTC - Right Clicked DSpara
00:18:14.778 [TestNG-test=RetryMultipleFailedTestcases-2] INFO  sprint6_TestCases.HB_RemoveElementBlockTC - Clicked on DS insert After.
00:18:14.901 [TestNG-test=RetryMultipleFailedTestcases-4] INFO  sprint6_TestCases.HC_TableTrackChagesTC - Starting TC197_verifyTableRighClickInsertCellBeforeCheckTC ..
00:18:14.940 [TestNG-test=RetryMultipleFailedTestcases-2] INFO  sprint6_TestCases.HB_RemoveElementBlockTC - Clicked on Tab key.
00:18:15.501 [TestNG-test=RetryMultipleFailedTestcases-2] INFO  sprint6_TestCases.HB_RemoveElementBlockTC - Clicked on Enter key.
00:18:17.634 [TestNG-test=RetryMultipleFailedTestcases-2] INFO  sprint6_TestCases.HB_RemoveElementBlockTC - Right Clicked DS Address
00:18:17.971 [TestNG-test=RetryMultipleFailedTestcases-2] INFO  sprint6_TestCases.HB_RemoveElementBlockTC - Clicked on DS Remove Element Block
00:18:18.204 [TestNG-test=RetryMultipleFailedTestcases-2] INFO  sprint6_TestCases.HB_RemoveElementBlockTC - Clicked Track Change
00:18:30.902 [TestNG-test=RetryMultipleFailedTestcases-1] INFO  sprint6_TestCases.HC_TableTrackChagesTC - Starting TC198_verifyTableRighClickInsertCellAfterCheckTC ..
00:18:36.847 [TestNG-test=RetryMultipleFailedTestcases-3] INFO  sprint6_TestCases.HC_TableTrackChagesTC - Logged in, searched for a file, and clicked Edit.
00:18:36.847 [TestNG-test=RetryMultipleFailedTestcases-3] INFO  sprint6_TestCases.HC_TableTrackChagesTC - Created HC_TableTrackChages instance.
00:18:53.018 [TestNG-test=RetryMultipleFailedTestcases-4] INFO  sprint6_TestCases.HC_TableTrackChagesTC - Logged in, searched for a file, and clicked Edit.
00:18:53.018 [TestNG-test=RetryMultipleFailedTestcases-4] INFO  sprint6_TestCases.HC_TableTrackChagesTC - Created HC_TableTrackChages instance.
00:18:54.800 [TestNG-test=RetryMultipleFailedTestcases-3] INFO  sprint6_TestCases.HC_TableTrackChagesTC - Starting TC390_verifyAddTableAcceptChangeTC ..
00:19:06.231 [TestNG-test=RetryMultipleFailedTestcases-2] INFO  sprint6_TestCases.HB_RemoveElementBlockTC - Starting verifyDeleteAddressLineCheckTC ..
00:19:12.022 [TestNG-test=RetryMultipleFailedTestcases-4] INFO  sprint6_TestCases.HC_TableTrackChagesTC - Starting TC197_verifyTableRighClickInsertCellBeforeCheckTC ..
00:19:24.730 [TestNG-test=RetryMultipleFailedTestcases-3] INFO  sprint6_TestCases.HC_TableTrackChagesTC - Logged in, searched for a file, and clicked Edit.
00:19:24.730 [TestNG-test=RetryMultipleFailedTestcases-3] INFO  sprint6_TestCases.HC_TableTrackChagesTC - Created HC_TableTrackChages instance.
00:19:26.456 [TestNG-test=RetryMultipleFailedTestcases-1] INFO  sprint6_TestCases.HC_TableTrackChagesTC - Logged in, searched for a file, and clicked Edit.
00:19:26.457 [TestNG-test=RetryMultipleFailedTestcases-1] INFO  sprint6_TestCases.HC_TableTrackChagesTC - Created HC_TableTrackChages instance.
00:19:43.401 [TestNG-test=RetryMultipleFailedTestcases-3] INFO  sprint6_TestCases.HC_TableTrackChagesTC - Starting TC390_verifyAddTableAcceptChangeTC ..
00:19:53.001 [TestNG-test=RetryMultipleFailedTestcases-1] INFO  sprint6_TestCases.HC_TableTrackChagesTC - Starting TC198_verifyTableRighClickInsertCellAfterCheckTC ..
00:20:20.603 [TestNG-test=RetryMultipleFailedTestcases-4] INFO  sprint6_TestCases.HC_TableTrackChagesTC - Logged in, searched for a file, and clicked Edit.
00:20:20.603 [TestNG-test=RetryMultipleFailedTestcases-4] INFO  sprint6_TestCases.HC_TableTrackChagesTC - Created HC_TableTrackChages instance.
00:20:39.729 [TestNG-test=RetryMultipleFailedTestcases-4] INFO  sprint6_TestCases.HC_TableTrackChagesTC - Starting TC391_verifyAddTableRejectChangeTC ..
00:20:41.753 [TestNG-test=RetryMultipleFailedTestcases-2] INFO  sprint6_TestCases.HB_RemoveElementBlockTC - Logged in, searched for a file, and clicked Edit.
00:20:41.753 [TestNG-test=RetryMultipleFailedTestcases-2] INFO  sprint6_TestCases.HB_RemoveElementBlockTC - Created HB_RemoveElementBlock instance.
00:20:43.836 [TestNG-test=RetryMultipleFailedTestcases-2] INFO  sprint6_TestCases.HB_RemoveElementBlockTC - Clicked DS First Para
00:20:43.837 [TestNG-test=RetryMultipleFailedTestcases-2] INFO  sprint6_TestCases.HB_RemoveElementBlockTC - Created Actions class instance.
00:20:45.088 [TestNG-test=RetryMultipleFailedTestcases-2] INFO  sprint6_TestCases.HB_RemoveElementBlockTC - Right Clicked DSpara
00:20:45.291 [TestNG-test=RetryMultipleFailedTestcases-2] INFO  sprint6_TestCases.HB_RemoveElementBlockTC - Clicked on DS insert After.
00:20:45.449 [TestNG-test=RetryMultipleFailedTestcases-2] INFO  sprint6_TestCases.HB_RemoveElementBlockTC - Clicked on Tab key.
00:20:46.077 [TestNG-test=RetryMultipleFailedTestcases-2] INFO  sprint6_TestCases.HB_RemoveElementBlockTC - Clicked on Enter key.
00:20:47.900 [TestNG-test=RetryMultipleFailedTestcases-2] INFO  sprint6_TestCases.HB_RemoveElementBlockTC - Right Clicked DS Address
00:20:48.215 [TestNG-test=RetryMultipleFailedTestcases-2] INFO  sprint6_TestCases.HB_RemoveElementBlockTC - Clicked on DS Remove Element Block
00:20:48.430 [TestNG-test=RetryMultipleFailedTestcases-2] INFO  sprint6_TestCases.HB_RemoveElementBlockTC - Clicked Track Change
00:21:17.295 [TestNG-test=RetryMultipleFailedTestcases-1] INFO  sprint6_TestCases.HC_TableTrackChagesTC - Logged in, searched for a file, and clicked Edit.
00:21:17.295 [TestNG-test=RetryMultipleFailedTestcases-1] INFO  sprint6_TestCases.HC_TableTrackChagesTC - Created HC_TableTrackChages instance.
00:21:17.429 [TestNG-test=RetryMultipleFailedTestcases-3] INFO  sprint6_TestCases.HC_TableTrackChagesTC - Logged in, searched for a file, and clicked Edit.
00:21:17.429 [TestNG-test=RetryMultipleFailedTestcases-3] INFO  sprint6_TestCases.HC_TableTrackChagesTC - Created HC_TableTrackChages instance.
00:21:35.181 [TestNG-test=RetryMultipleFailedTestcases-1] INFO  sprint6_TestCases.HC_TableTrackChagesTC - Starting TC392_verifyAddRowAboveAcceptChangeTC ..
00:21:35.993 [TestNG-test=RetryMultipleFailedTestcases-2] INFO  sprint6_TestCases.HC_TableTrackChagesTC - Starting TC393_verifyAddRowAboveRejectChangeTC ..
00:21:36.710 [TestNG-test=RetryMultipleFailedTestcases-4] INFO  sprint6_TestCases.HC_TableTrackChagesTC - Logged in, searched for a file, and clicked Edit.
00:21:36.710 [TestNG-test=RetryMultipleFailedTestcases-4] INFO  sprint6_TestCases.HC_TableTrackChagesTC - Created HC_TableTrackChages instance.
00:21:46.804 [TestNG-test=RetryMultipleFailedTestcases-3] INFO  sprint6_TestCases.HC_TableTrackChagesTC - Starting TC394_verifyAddRowBelowAcceptChangeTC ..
00:21:57.826 [TestNG-test=RetryMultipleFailedTestcases-4] INFO  sprint6_TestCases.HC_TableTrackChagesTC - Starting TC391_verifyAddTableRejectChangeTC ..
00:22:23.301 [TestNG-test=RetryMultipleFailedTestcases-2] INFO  sprint6_TestCases.HC_TableTrackChagesTC - Logged in, searched for a file, and clicked Edit.
00:22:23.302 [TestNG-test=RetryMultipleFailedTestcases-2] INFO  sprint6_TestCases.HC_TableTrackChagesTC - Created HC_TableTrackChages instance.
00:22:23.986 [TestNG-test=RetryMultipleFailedTestcases-1] INFO  sprint6_TestCases.HC_TableTrackChagesTC - Logged in, searched for a file, and clicked Edit.
00:22:23.986 [TestNG-test=RetryMultipleFailedTestcases-1] INFO  sprint6_TestCases.HC_TableTrackChagesTC - Created HC_TableTrackChages instance.
00:22:39.477 [TestNG-test=RetryMultipleFailedTestcases-4] INFO  sprint6_TestCases.HC_TableTrackChagesTC - Logged in, searched for a file, and clicked Edit.
00:22:39.478 [TestNG-test=RetryMultipleFailedTestcases-4] INFO  sprint6_TestCases.HC_TableTrackChagesTC - Created HC_TableTrackChages instance.
00:22:42.231 [TestNG-test=RetryMultipleFailedTestcases-2] INFO  sprint6_TestCases.HC_TableTrackChagesTC - Starting TC393_verifyAddRowAboveRejectChangeTC ..
00:22:51.338 [TestNG-test=RetryMultipleFailedTestcases-1] INFO  sprint6_TestCases.HC_TableTrackChagesTC - Starting TC392_verifyAddRowAboveAcceptChangeTC ..
00:23:02.750 [TestNG-test=RetryMultipleFailedTestcases-4] INFO  sprint6_TestCases.HC_TableTrackChagesTC - Starting TC391_verifyAddTableRejectChangeTC ..
00:23:08.733 [TestNG-test=RetryMultipleFailedTestcases-3] INFO  sprint6_TestCases.HC_TableTrackChagesTC - Logged in, searched for a file, and clicked Edit.
00:23:08.734 [TestNG-test=RetryMultipleFailedTestcases-3] INFO  sprint6_TestCases.HC_TableTrackChagesTC - Created HC_TableTrackChages instance.
00:23:35.117 [TestNG-test=RetryMultipleFailedTestcases-3] INFO  sprint6_TestCases.HC_TableTrackChagesTC - Starting TC394_verifyAddRowBelowAcceptChangeTC ..
00:23:37.438 [TestNG-test=RetryMultipleFailedTestcases-4] INFO  sprint6_TestCases.HC_TableTrackChagesTC - Logged in, searched for a file, and clicked Edit.
00:23:37.438 [TestNG-test=RetryMultipleFailedTestcases-4] INFO  sprint6_TestCases.HC_TableTrackChagesTC - Created HC_TableTrackChages instance.
00:23:40.793 [TestNG-test=RetryMultipleFailedTestcases-2] INFO  sprint6_TestCases.HC_TableTrackChagesTC - Logged in, searched for a file, and clicked Edit.
00:23:40.793 [TestNG-test=RetryMultipleFailedTestcases-2] INFO  sprint6_TestCases.HC_TableTrackChagesTC - Created HC_TableTrackChages instance.
00:23:46.531 [TestNG-test=RetryMultipleFailedTestcases-1] INFO  sprint6_TestCases.HC_TableTrackChagesTC - Logged in, searched for a file, and clicked Edit.
00:23:46.531 [TestNG-test=RetryMultipleFailedTestcases-1] INFO  sprint6_TestCases.HC_TableTrackChagesTC - Created HC_TableTrackChages instance.
00:23:55.454 [TestNG-test=RetryMultipleFailedTestcases-4] INFO  sprint6_TestCases.HC_TableTrackChagesTC - Starting TC391_verifyAddTableRejectChangeTC ..
00:24:06.121 [TestNG-test=RetryMultipleFailedTestcases-1] INFO  sprint6_TestCases.HC_TableTrackChagesTC - Starting TC392_verifyAddRowAboveAcceptChangeTC ..
00:24:17.160 [TestNG-test=RetryMultipleFailedTestcases-2] INFO  sprint6_TestCases.HC_TableTrackChagesTC - Starting TC393_verifyAddRowAboveRejectChangeTC ..
00:24:25.008 [TestNG-test=RetryMultipleFailedTestcases-3] INFO  sprint6_TestCases.HC_TableTrackChagesTC - Logged in, searched for a file, and clicked Edit.
00:24:25.008 [TestNG-test=RetryMultipleFailedTestcases-3] INFO  sprint6_TestCases.HC_TableTrackChagesTC - Created HC_TableTrackChages instance.
00:24:41.956 [TestNG-test=RetryMultipleFailedTestcases-4] INFO  sprint6_TestCases.HC_TableTrackChagesTC - Logged in, searched for a file, and clicked Edit.
00:24:41.956 [TestNG-test=RetryMultipleFailedTestcases-4] INFO  sprint6_TestCases.HC_TableTrackChagesTC - Created HC_TableTrackChages instance.
00:24:43.588 [TestNG-test=RetryMultipleFailedTestcases-3] INFO  sprint6_TestCases.HC_TableTrackChagesTC - Starting TC394_verifyAddRowBelowAcceptChangeTC ..
00:24:51.746 [TestNG-test=RetryMultipleFailedTestcases-1] INFO  sprint6_TestCases.HC_TableTrackChagesTC - Logged in, searched for a file, and clicked Edit.
00:24:51.746 [TestNG-test=RetryMultipleFailedTestcases-1] INFO  sprint6_TestCases.HC_TableTrackChagesTC - Created HC_TableTrackChages instance.
00:24:56.460 [TestNG-test=RetryMultipleFailedTestcases-2] INFO  sprint6_TestCases.HC_TableTrackChagesTC - Logged in, searched for a file, and clicked Edit.
00:24:56.460 [TestNG-test=RetryMultipleFailedTestcases-2] INFO  sprint6_TestCases.HC_TableTrackChagesTC - Created HC_TableTrackChages instance.
00:25:00.556 [TestNG-test=RetryMultipleFailedTestcases-4] INFO  sprint6_TestCases.HC_TableTrackChagesTC - Starting TC395_verifyAddRowBelowRejectChangeTC ..
00:25:10.090 [TestNG-test=RetryMultipleFailedTestcases-1] INFO  sprint6_TestCases.HC_TableTrackChagesTC - Starting TC392_verifyAddRowAboveAcceptChangeTC ..
00:25:15.979 [TestNG-test=RetryMultipleFailedTestcases-3] INFO  sprint6_TestCases.HC_TableTrackChagesTC - Logged in, searched for a file, and clicked Edit.
00:25:15.979 [TestNG-test=RetryMultipleFailedTestcases-3] INFO  sprint6_TestCases.HC_TableTrackChagesTC - Created HC_TableTrackChages instance.
00:25:21.974 [TestNG-test=RetryMultipleFailedTestcases-2] INFO  sprint6_TestCases.HC_TableTrackChagesTC - Starting TC393_verifyAddRowAboveRejectChangeTC ..
00:25:32.835 [TestNG-test=RetryMultipleFailedTestcases-4] INFO  sprint6_TestCases.HC_TableTrackChagesTC - Logged in, searched for a file, and clicked Edit.
00:25:32.837 [TestNG-test=RetryMultipleFailedTestcases-4] INFO  sprint6_TestCases.HC_TableTrackChagesTC - Created HC_TableTrackChages instance.
00:25:33.836 [TestNG-test=RetryMultipleFailedTestcases-3] INFO  sprint6_TestCases.HC_TableTrackChagesTC - Starting TC394_verifyAddRowBelowAcceptChangeTC ..
00:25:41.559 [TestNG-test=RetryMultipleFailedTestcases-1] INFO  sprint6_TestCases.HC_TableTrackChagesTC - Logged in, searched for a file, and clicked Edit.
00:25:41.559 [TestNG-test=RetryMultipleFailedTestcases-1] INFO  sprint6_TestCases.HC_TableTrackChagesTC - Created HC_TableTrackChages instance.
00:25:51.806 [TestNG-test=RetryMultipleFailedTestcases-4] INFO  sprint6_TestCases.HC_TableTrackChagesTC - Starting TC395_verifyAddRowBelowRejectChangeTC ..
00:26:02.446 [TestNG-test=RetryMultipleFailedTestcases-1] INFO  sprint6_TestCases.HC_TableTrackChagesTC - Starting TC396_verifyAddColumnLeftAcceptChangeTC ..
00:26:05.257 [TestNG-test=RetryMultipleFailedTestcases-2] INFO  sprint6_TestCases.HC_TableTrackChagesTC - Logged in, searched for a file, and clicked Edit.
00:26:05.257 [TestNG-test=RetryMultipleFailedTestcases-2] INFO  sprint6_TestCases.HC_TableTrackChagesTC - Created HC_TableTrackChages instance.
00:26:16.068 [TestNG-test=RetryMultipleFailedTestcases-3] INFO  sprint6_TestCases.HC_TableTrackChagesTC - Logged in, searched for a file, and clicked Edit.
00:26:16.068 [TestNG-test=RetryMultipleFailedTestcases-3] INFO  sprint6_TestCases.HC_TableTrackChagesTC - Created HC_TableTrackChages instance.
00:26:22.560 [TestNG-test=RetryMultipleFailedTestcases-2] INFO  sprint6_TestCases.HC_TableTrackChagesTC - Starting TC397_verifyAddColumnLeftRejectChangeTB ..
00:26:25.120 [TestNG-test=RetryMultipleFailedTestcases-4] INFO  sprint6_TestCases.HC_TableTrackChagesTC - Logged in, searched for a file, and clicked Edit.
00:26:25.120 [TestNG-test=RetryMultipleFailedTestcases-4] INFO  sprint6_TestCases.HC_TableTrackChagesTC - Created HC_TableTrackChages instance.
00:26:29.267 [TestNG-test=RetryMultipleFailedTestcases-1] INFO  sprint6_TestCases.HC_TableTrackChagesTC - Logged in, searched for a file, and clicked Edit.
00:26:29.267 [TestNG-test=RetryMultipleFailedTestcases-1] INFO  sprint6_TestCases.HC_TableTrackChagesTC - Created HC_TableTrackChages instance.
00:26:38.185 [TestNG-test=RetryMultipleFailedTestcases-3] INFO  sprint6_TestCases.HC_TableTrackChagesTC - Starting TC398_verifyAddColumnRightAcceptChangeTC ..
00:26:48.231 [TestNG-test=RetryMultipleFailedTestcases-4] INFO  sprint6_TestCases.HC_TableTrackChagesTC - Starting TC395_verifyAddRowBelowRejectChangeTC ..
00:26:55.763 [TestNG-test=RetryMultipleFailedTestcases-1] INFO  sprint6_TestCases.HC_TableTrackChagesTC - Starting TC396_verifyAddColumnLeftAcceptChangeTC ..
00:27:03.721 [TestNG-test=RetryMultipleFailedTestcases-2] INFO  sprint6_TestCases.HC_TableTrackChagesTC - Logged in, searched for a file, and clicked Edit.
00:27:03.721 [TestNG-test=RetryMultipleFailedTestcases-2] INFO  sprint6_TestCases.HC_TableTrackChagesTC - Created HC_TableTrackChages instance.
00:27:23.067 [TestNG-test=RetryMultipleFailedTestcases-2] INFO  sprint6_TestCases.HC_TableTrackChagesTC - Starting TC397_verifyAddColumnLeftRejectChangeTB ..
00:27:23.754 [TestNG-test=RetryMultipleFailedTestcases-4] INFO  sprint6_TestCases.HC_TableTrackChagesTC - Logged in, searched for a file, and clicked Edit.
00:27:23.755 [TestNG-test=RetryMultipleFailedTestcases-4] INFO  sprint6_TestCases.HC_TableTrackChagesTC - Created HC_TableTrackChages instance.
00:27:24.468 [TestNG-test=RetryMultipleFailedTestcases-3] INFO  sprint6_TestCases.HC_TableTrackChagesTC - Logged in, searched for a file, and clicked Edit.
00:27:24.468 [TestNG-test=RetryMultipleFailedTestcases-3] INFO  sprint6_TestCases.HC_TableTrackChagesTC - Created HC_TableTrackChages instance.
00:27:41.667 [TestNG-test=RetryMultipleFailedTestcases-1] INFO  sprint6_TestCases.HC_TableTrackChagesTC - Logged in, searched for a file, and clicked Edit.
