20:28:03.305 [TestNG-test=RetryMultipleFailedTestcases-2] INFO  Elements_Testcases.Aa_ListTC - Content Validation error is not present.
20:28:03.318 [TestNG-test=RetryMultipleFailedTestcases-2] INFO  Elements_Testcases.Aa_ListTC - Finished PressEnterAtEnd_ToExistingList_CheckCount
20:28:04.219 [TestNG-test=RetryMultipleFailedTestcases-4] INFO  Elements_Testcases.Aa_ListTC - Verified that Content Validation error is not present in Code View.
20:28:04.219 [TestNG-test=RetryMultipleFailedTestcases-4] INFO  Elements_Testcases.Aa_ListTC - Finished AddList_To_ExistingList_CheckCount
20:28:07.607 [TestNG-test=RetryMultipleFailedTestcases-1] INFO  sprint5_TestCases.Am_ListTC - Starting TC238_verifyNumberedList
20:28:09.043 [TestNG-test=RetryMultipleFailedTestcases-2] INFO  sprint5_TestCases.Am_ListTC - Starting TC243_verifyNumberListInCB
20:28:12.192 [TestNG-test=RetryMultipleFailedTestcases-4] INFO  sprint5_TestCases.Am_ListTC - Starting TC244_verifyBulletListInCB
20:28:15.045 [TestNG-test=RetryMultipleFailedTestcases-3] INFO  Elements_Testcases.Aa_ListTC - Logged in, searched for a file, and clicked Edit.
20:28:15.089 [TestNG-test=RetryMultipleFailedTestcases-3] INFO  Elements_Testcases.Aa_ListTC - List count before adding: 5
20:28:20.396 [TestNG-test=RetryMultipleFailedTestcases-3] INFO  Elements_Testcases.Aa_ListTC - Accept Change button is enabled.
20:28:20.425 [TestNG-test=RetryMultipleFailedTestcases-3] INFO  Elements_Testcases.Aa_ListTC - Reject Change button is enabled.
20:28:39.535 [TestNG-test=RetryMultipleFailedTestcases-1] INFO  sprint5_TestCases.Am_ListTC - Logged in and searched for a file, then clicked Edit.
20:28:39.639 [TestNG-test=RetryMultipleFailedTestcases-1] INFO  sprint5_TestCases.Am_ListTC - Switched to frame 0.
20:28:40.499 [TestNG-test=RetryMultipleFailedTestcases-1] INFO  sprint5_TestCases.Am_ListTC - Clicked on first para VE.
20:28:40.533 [TestNG-test=RetryMultipleFailedTestcases-1] INFO  sprint5_TestCases.Am_ListTC - Switched to default content.
20:28:42.639 [TestNG-test=RetryMultipleFailedTestcases-1] INFO  sprint5_TestCases.Am_ListTC - Clicked on Number List Plugin.
20:28:46.390 [TestNG-test=RetryMultipleFailedTestcases-4] INFO  sprint5_TestCases.Am_ListTC - Logged in and searched for a file, then clicked Edit.
20:28:46.432 [TestNG-test=RetryMultipleFailedTestcases-4] INFO  sprint5_TestCases.Am_ListTC - Switched to frame 0.
20:28:54.006 [TestNG-test=RetryMultipleFailedTestcases-4] INFO  sprint5_TestCases.Am_ListTC - Starting TC244_verifyBulletListInCB
20:28:54.024 [TestNG-test=RetryMultipleFailedTestcases-1] INFO  sprint5_TestCases.Am_ListTC - Starting TC238_verifyNumberedList
20:29:00.559 [TestNG-test=RetryMultipleFailedTestcases-3] INFO  Elements_Testcases.Aa_ListTC - Attribute Li button is not displayed.
20:29:00.612 [TestNG-test=RetryMultipleFailedTestcases-3] INFO  Elements_Testcases.Aa_ListTC - List count after adding: 6
20:29:00.612 [TestNG-test=RetryMultipleFailedTestcases-3] INFO  Elements_Testcases.Aa_ListTC - List count increased by 1 as expected.
20:29:11.456 [TestNG-test=RetryMultipleFailedTestcases-3] INFO  sprint5_TestCases.Am_ListTC - Starting TC245_verifyEmphasisParaToList
20:29:16.477 [TestNG-test=RetryMultipleFailedTestcases-2] INFO  sprint5_TestCases.Am_ListTC - Logged in and searched for a file, then clicked Edit.
20:29:16.490 [TestNG-test=RetryMultipleFailedTestcases-2] INFO  sprint5_TestCases.Am_ListTC - Switched to frame 0.
20:29:17.073 [TestNG-test=RetryMultipleFailedTestcases-2] INFO  sprint5_TestCases.Am_ListTC - Clicked on first para VE.
20:29:17.319 [TestNG-test=RetryMultipleFailedTestcases-2] INFO  sprint5_TestCases.Am_ListTC - Switched to default content.
20:29:19.191 [TestNG-test=RetryMultipleFailedTestcases-2] INFO  sprint5_TestCases.Am_ListTC - Clicked on Number List Plugin.
20:29:20.548 [TestNG-test=RetryMultipleFailedTestcases-2] INFO  sprint5_TestCases.Am_ListTC - Finished TC243_verifyNumberListInCB
20:29:28.211 [TestNG-test=RetryMultipleFailedTestcases-2] INFO  sprint5_TestCases.Am_ListTC - Starting TC246_verifyListInTable
20:29:30.052 [TestNG-test=RetryMultipleFailedTestcases-4] INFO  sprint5_TestCases.Am_ListTC - Logged in and searched for a file, then clicked Edit.
20:29:30.071 [TestNG-test=RetryMultipleFailedTestcases-4] INFO  sprint5_TestCases.Am_ListTC - Switched to frame 0.
20:29:30.554 [TestNG-test=RetryMultipleFailedTestcases-4] INFO  sprint5_TestCases.Am_ListTC - Clicked on first para VE.
20:29:30.588 [TestNG-test=RetryMultipleFailedTestcases-4] INFO  sprint5_TestCases.Am_ListTC - Switched to default content.
20:29:32.017 [TestNG-test=RetryMultipleFailedTestcases-4] INFO  sprint5_TestCases.Am_ListTC - Clicked on Bullet List Plugin.
20:29:36.428 [TestNG-test=RetryMultipleFailedTestcases-1] INFO  sprint5_TestCases.Am_ListTC - Logged in and searched for a file, then clicked Edit.
20:29:36.485 [TestNG-test=RetryMultipleFailedTestcases-1] INFO  sprint5_TestCases.Am_ListTC - Switched to frame 0.
20:29:36.850 [TestNG-test=RetryMultipleFailedTestcases-1] INFO  sprint5_TestCases.Am_ListTC - Clicked on first para VE.
20:29:36.881 [TestNG-test=RetryMultipleFailedTestcases-1] INFO  sprint5_TestCases.Am_ListTC - Switched to default content.
20:29:38.504 [TestNG-test=RetryMultipleFailedTestcases-1] INFO  sprint5_TestCases.Am_ListTC - Clicked on Number List Plugin.
20:29:44.549 [TestNG-test=RetryMultipleFailedTestcases-3] INFO  sprint5_TestCases.Am_ListTC - Logged in and searched for a file, then clicked Edit.
20:29:44.568 [TestNG-test=RetryMultipleFailedTestcases-3] INFO  sprint5_TestCases.Am_ListTC - Switched to frame 0.
20:29:45.039 [TestNG-test=RetryMultipleFailedTestcases-3] INFO  sprint5_TestCases.Am_ListTC - Switched to default content.
20:29:46.253 [TestNG-test=RetryMultipleFailedTestcases-3] INFO  sprint5_TestCases.Am_ListTC - Clicked on Number List Plugin.
20:29:46.700 [TestNG-test=RetryMultipleFailedTestcases-1] INFO  sprint5_TestCases.Am_ListTC - Starting TC238_verifyNumberedList
20:30:00.747 [TestNG-test=RetryMultipleFailedTestcases-3] INFO  sprint5_TestCases.Am_ListTC - Starting TC245_verifyEmphasisParaToList
20:30:19.917 [TestNG-test=RetryMultipleFailedTestcases-4] INFO  sprint5_TestCases.Am_ListTC - Starting TC244_verifyBulletListInCB
20:30:33.244 [TestNG-test=RetryMultipleFailedTestcases-1] INFO  sprint5_TestCases.Am_ListTC - Logged in and searched for a file, then clicked Edit.
20:30:33.407 [TestNG-test=RetryMultipleFailedTestcases-1] INFO  sprint5_TestCases.Am_ListTC - Switched to frame 0.
20:30:34.032 [TestNG-test=RetryMultipleFailedTestcases-1] INFO  sprint5_TestCases.Am_ListTC - Clicked on first para VE.
20:30:34.230 [TestNG-test=RetryMultipleFailedTestcases-1] INFO  sprint5_TestCases.Am_ListTC - Switched to default content.
20:30:35.345 [TestNG-test=RetryMultipleFailedTestcases-1] INFO  sprint5_TestCases.Am_ListTC - Clicked on Number List Plugin.
20:30:40.332 [TestNG-test=RetryMultipleFailedTestcases-3] INFO  sprint5_TestCases.Am_ListTC - Logged in and searched for a file, then clicked Edit.
20:30:40.393 [TestNG-test=RetryMultipleFailedTestcases-3] INFO  sprint5_TestCases.Am_ListTC - Switched to frame 0.
20:30:40.969 [TestNG-test=RetryMultipleFailedTestcases-3] INFO  sprint5_TestCases.Am_ListTC - Switched to default content.
20:30:42.103 [TestNG-test=RetryMultipleFailedTestcases-3] INFO  sprint5_TestCases.Am_ListTC - Clicked on Number List Plugin.
20:30:43.065 [TestNG-test=RetryMultipleFailedTestcases-1] INFO  sprint5_TestCases.Am_ListTC - Starting TC238_verifyNumberedList
20:30:51.028 [TestNG-test=RetryMultipleFailedTestcases-3] INFO  sprint5_TestCases.Am_ListTC - Starting TC245_verifyEmphasisParaToList
20:30:58.590 [TestNG-test=RetryMultipleFailedTestcases-4] INFO  sprint5_TestCases.Am_ListTC - Logged in and searched for a file, then clicked Edit.
20:30:58.604 [TestNG-test=RetryMultipleFailedTestcases-4] INFO  sprint5_TestCases.Am_ListTC - Switched to frame 0.
20:30:59.566 [TestNG-test=RetryMultipleFailedTestcases-4] INFO  sprint5_TestCases.Am_ListTC - Clicked on first para VE.
20:30:59.604 [TestNG-test=RetryMultipleFailedTestcases-4] INFO  sprint5_TestCases.Am_ListTC - Switched to default content.
20:31:00.943 [TestNG-test=RetryMultipleFailedTestcases-4] INFO  sprint5_TestCases.Am_ListTC - Clicked on Bullet List Plugin.
20:31:08.615 [TestNG-test=RetryMultipleFailedTestcases-2] INFO  sprint5_TestCases.Am_ListTC - Logged in and searched for a file, then clicked Edit.
20:31:09.771 [TestNG-test=RetryMultipleFailedTestcases-1] INFO  sprint5_TestCases.Am_ListTC - Logged in and searched for a file, then clicked Edit.
20:31:09.834 [TestNG-test=RetryMultipleFailedTestcases-1] INFO  sprint5_TestCases.Am_ListTC - Switched to frame 0.
20:31:10.277 [TestNG-test=RetryMultipleFailedTestcases-1] INFO  sprint5_TestCases.Am_ListTC - Clicked on first para VE.
20:31:10.315 [TestNG-test=RetryMultipleFailedTestcases-1] INFO  sprint5_TestCases.Am_ListTC - Switched to default content.
20:31:11.941 [TestNG-test=RetryMultipleFailedTestcases-1] INFO  sprint5_TestCases.Am_ListTC - Clicked on Number List Plugin.
20:31:12.904 [TestNG-test=RetryMultipleFailedTestcases-1] INFO  sprint5_TestCases.Am_ListTC - Finished TC238_verifyNumberedList
20:31:20.400 [TestNG-test=RetryMultipleFailedTestcases-2] INFO  sprint5_TestCases.Am_ListTC - Clicked on Number List Plugin.
20:31:20.771 [TestNG-test=RetryMultipleFailedTestcases-2] INFO  sprint5_TestCases.Am_ListTC - Switched to frame 0.
20:31:20.836 [TestNG-test=RetryMultipleFailedTestcases-2] INFO  sprint5_TestCases.Am_ListTC - Finished TC246_verifyListInTable
20:31:23.989 [TestNG-test=RetryMultipleFailedTestcases-3] INFO  sprint5_TestCases.Am_ListTC - Logged in and searched for a file, then clicked Edit.
20:31:24.013 [TestNG-test=RetryMultipleFailedTestcases-3] INFO  sprint5_TestCases.Am_ListTC - Switched to frame 0.
20:31:24.825 [TestNG-test=RetryMultipleFailedTestcases-3] INFO  sprint5_TestCases.Am_ListTC - Switched to default content.
20:31:26.140 [TestNG-test=RetryMultipleFailedTestcases-3] INFO  sprint5_TestCases.Am_ListTC - Clicked on Number List Plugin.
20:31:27.510 [TestNG-test=RetryMultipleFailedTestcases-2] INFO  sprint5_TestCases.Am_ListTC - Starting TC248_verifyListResequence
20:31:27.731 [TestNG-test=RetryMultipleFailedTestcases-1] INFO  sprint5_TestCases.Am_ListTC - Starting TC247_verifyExistingListToUnList
20:31:34.770 [TestNG-test=RetryMultipleFailedTestcases-3] INFO  sprint5_TestCases.Am_ListTC - Starting TC245_verifyEmphasisParaToList
20:31:48.329 [TestNG-test=RetryMultipleFailedTestcases-4] INFO  sprint5_TestCases.Am_ListTC - Starting TC244_verifyBulletListInCB
20:31:57.389 [TestNG-test=RetryMultipleFailedTestcases-2] INFO  sprint5_TestCases.Am_ListTC - Logged in and searched for a file, then clicked Edit.
20:31:57.410 [TestNG-test=RetryMultipleFailedTestcases-2] INFO  sprint5_TestCases.Am_ListTC - Switched to frame 0.
20:31:57.886 [TestNG-test=RetryMultipleFailedTestcases-2] INFO  sprint5_TestCases.Am_ListTC - Clicked on first para VE.
20:31:57.919 [TestNG-test=RetryMultipleFailedTestcases-2] INFO  sprint5_TestCases.Am_ListTC - Switched to default content.
20:32:00.130 [TestNG-test=RetryMultipleFailedTestcases-2] INFO  sprint5_TestCases.Am_ListTC - Clicked on Number List Plugin.
20:32:01.477 [TestNG-test=RetryMultipleFailedTestcases-1] INFO  sprint5_TestCases.Am_ListTC - Logged in and searched for a file, then clicked Edit.
20:32:01.530 [TestNG-test=RetryMultipleFailedTestcases-1] INFO  sprint5_TestCases.Am_ListTC - Switched to frame 0.
20:32:02.671 [TestNG-test=RetryMultipleFailedTestcases-1] INFO  sprint5_TestCases.Am_ListTC - Switched to default content.
20:32:03.644 [TestNG-test=RetryMultipleFailedTestcases-1] INFO  sprint5_TestCases.Am_ListTC - Clicked on Number List Plugin.
20:32:04.441 [TestNG-test=RetryMultipleFailedTestcases-3] INFO  sprint5_TestCases.Am_ListTC - Logged in and searched for a file, then clicked Edit.
20:32:04.475 [TestNG-test=RetryMultipleFailedTestcases-3] INFO  sprint5_TestCases.Am_ListTC - Switched to frame 0.
20:32:05.348 [TestNG-test=RetryMultipleFailedTestcases-3] INFO  sprint5_TestCases.Am_ListTC - Switched to default content.
20:32:06.734 [TestNG-test=RetryMultipleFailedTestcases-3] INFO  sprint5_TestCases.Am_ListTC - Clicked on Number List Plugin.
20:32:09.341 [TestNG-test=RetryMultipleFailedTestcases-3] INFO  sprint5_TestCases.Am_ListTC - Finished TC245_verifyEmphasisParaToList
20:32:13.941 [TestNG-test=RetryMultipleFailedTestcases-2] INFO  sprint5_TestCases.Am_ListTC - Switched to default content.
20:32:14.808 [TestNG-test=RetryMultipleFailedTestcases-2] INFO  sprint5_TestCases.Am_ListTC - Clicked on Number List Plugin.
20:32:15.512 [TestNG-test=RetryMultipleFailedTestcases-2] INFO  sprint5_TestCases.Am_ListTC - Switched to frame 0.
20:32:15.580 [TestNG-test=RetryMultipleFailedTestcases-2] INFO  sprint5_TestCases.Am_ListTC - Finished TC248_verifyListResequence
20:32:17.271 [TestNG-test=RetryMultipleFailedTestcases-4] INFO  sprint5_TestCases.Am_ListTC - Logged in and searched for a file, then clicked Edit.
20:32:17.292 [TestNG-test=RetryMultipleFailedTestcases-4] INFO  sprint5_TestCases.Am_ListTC - Switched to frame 0.
20:32:18.005 [TestNG-test=RetryMultipleFailedTestcases-4] INFO  sprint5_TestCases.Am_ListTC - Clicked on first para VE.
20:32:18.033 [TestNG-test=RetryMultipleFailedTestcases-4] INFO  sprint5_TestCases.Am_ListTC - Switched to default content.
20:32:19.051 [TestNG-test=RetryMultipleFailedTestcases-3] INFO  sprint5_TestCases.Am_ListTC - Starting TC249_verifyListUsingTab
20:32:19.184 [TestNG-test=RetryMultipleFailedTestcases-4] INFO  sprint5_TestCases.Am_ListTC - Clicked on Bullet List Plugin.
20:32:24.561 [TestNG-test=RetryMultipleFailedTestcases-2] INFO  sprint5_TestCases.Am_ListTC - Starting TC250_verifyListPropertiesAlphabetical
20:32:44.226 [TestNG-test=RetryMultipleFailedTestcases-1] INFO  sprint5_TestCases.Am_ListTC - Finished TC247_verifyExistingListToUnList
20:32:49.718 [TestNG-test=RetryMultipleFailedTestcases-1] INFO  sprint5_TestCases.Am_ListTC - Starting TC251_verifyListPropertiesLowerRoman
20:32:57.093 [TestNG-test=RetryMultipleFailedTestcases-3] INFO  sprint5_TestCases.Am_ListTC - Logged in and searched for a file, then clicked Edit.
20:32:57.108 [TestNG-test=RetryMultipleFailedTestcases-3] INFO  sprint5_TestCases.Am_ListTC - Switched to frame 0.
20:32:57.530 [TestNG-test=RetryMultipleFailedTestcases-3] INFO  sprint5_TestCases.Am_ListTC - Clicked on first para VE.
20:32:57.561 [TestNG-test=RetryMultipleFailedTestcases-3] INFO  sprint5_TestCases.Am_ListTC - Switched to default content.
20:32:58.602 [TestNG-test=RetryMultipleFailedTestcases-3] INFO  sprint5_TestCases.Am_ListTC - Clicked on Number List Plugin.
20:33:00.450 [TestNG-test=RetryMultipleFailedTestcases-3] INFO  sprint5_TestCases.Am_ListTC - Switched to frame 0.
20:33:03.068 [TestNG-test=RetryMultipleFailedTestcases-3] INFO  sprint5_TestCases.Am_ListTC - Finished TC249_verifyListUsingTab
20:33:03.325 [TestNG-test=RetryMultipleFailedTestcases-2] INFO  sprint5_TestCases.Am_ListTC - Logged in and searched for a file, then clicked Edit.
20:33:03.386 [TestNG-test=RetryMultipleFailedTestcases-2] INFO  sprint5_TestCases.Am_ListTC - Switched to frame 0.
20:33:04.391 [TestNG-test=RetryMultipleFailedTestcases-2] INFO  sprint5_TestCases.Am_ListTC - Switched to default content.
20:33:06.251 [TestNG-test=RetryMultipleFailedTestcases-2] INFO  sprint5_TestCases.Am_ListTC - Clicked on Number List Plugin.
20:33:07.210 [TestNG-test=RetryMultipleFailedTestcases-4] INFO  sprint5_TestCases.Am_ListTC - Starting TC252_verifyListPropertiesCircle
20:33:07.979 [TestNG-test=RetryMultipleFailedTestcases-2] INFO  sprint5_TestCases.Am_ListTC - Switched to frame 0.
20:33:08.977 [TestNG-test=RetryMultipleFailedTestcases-2] INFO  sprint5_TestCases.Am_ListTC - Switched to default content.
20:33:09.237 [TestNG-test=RetryMultipleFailedTestcases-2] INFO  sprint5_TestCases.Am_ListTC - Switched to frame 1.
20:33:10.422 [TestNG-test=RetryMultipleFailedTestcases-2] INFO  sprint5_TestCases.Am_ListTC - Switched to default content.
20:33:11.925 [TestNG-test=RetryMultipleFailedTestcases-2] INFO  sprint5_TestCases.Am_ListTC - Switched to List Proprties OK Button.
20:33:12.212 [TestNG-test=RetryMultipleFailedTestcases-2] INFO  sprint5_TestCases.Am_ListTC - Switched to frame 0.
20:33:12.368 [TestNG-test=RetryMultipleFailedTestcases-3] INFO  sprint5_TestCases.Am_ListTC - Starting TC253_verifyListPropertiesSquare
20:33:12.432 [TestNG-test=RetryMultipleFailedTestcases-2] INFO  sprint5_TestCases.Am_ListTC - Finished verifyNumberedListHilighted
20:33:20.029 [TestNG-test=RetryMultipleFailedTestcases-1] INFO  sprint5_TestCases.Am_ListTC - Logged in and searched for a file, then clicked Edit.
20:33:20.063 [TestNG-test=RetryMultipleFailedTestcases-1] INFO  sprint5_TestCases.Am_ListTC - Switched to frame 0.
20:33:20.872 [TestNG-test=RetryMultipleFailedTestcases-1] INFO  sprint5_TestCases.Am_ListTC - Switched to default content.
20:33:20.929 [TestNG-test=RetryMultipleFailedTestcases-2] INFO  sprint5_TestCases.Am_ListTC - Starting TC254_verifyListPropertiesmdash
20:33:22.148 [TestNG-test=RetryMultipleFailedTestcases-1] INFO  sprint5_TestCases.Am_ListTC - Clicked on Number List Plugin.
20:33:22.184 [TestNG-test=RetryMultipleFailedTestcases-1] INFO  sprint5_TestCases.Am_ListTC - Switched to frame 0.
20:33:32.208 [TestNG-test=RetryMultipleFailedTestcases-1] INFO  sprint5_TestCases.Am_ListTC - Starting TC251_verifyListPropertiesLowerRoman
20:33:45.269 [TestNG-test=RetryMultipleFailedTestcases-4] INFO  sprint5_TestCases.Am_ListTC - Logged in and searched for a file, then clicked Edit.
20:33:45.291 [TestNG-test=RetryMultipleFailedTestcases-4] INFO  sprint5_TestCases.Am_ListTC - Switched to frame 0.
20:33:45.928 [TestNG-test=RetryMultipleFailedTestcases-4] INFO  sprint5_TestCases.Am_ListTC - Switched to default content.
20:33:47.719 [TestNG-test=RetryMultipleFailedTestcases-4] INFO  sprint5_TestCases.Am_ListTC - Clicked on Number List Plugin.
20:33:48.728 [TestNG-test=RetryMultipleFailedTestcases-4] INFO  sprint5_TestCases.Am_ListTC - Switched to frame 0.
20:33:49.514 [TestNG-test=RetryMultipleFailedTestcases-4] INFO  sprint5_TestCases.Am_ListTC - Switched to default content.
20:33:49.544 [TestNG-test=RetryMultipleFailedTestcases-4] INFO  sprint5_TestCases.Am_ListTC - Switched to frame 1.
20:33:50.193 [TestNG-test=RetryMultipleFailedTestcases-4] INFO  sprint5_TestCases.Am_ListTC - Switched to default content.
20:33:52.277 [TestNG-test=RetryMultipleFailedTestcases-4] INFO  sprint5_TestCases.Am_ListTC - Switched to List Proprties OK Button.
20:33:52.989 [TestNG-test=RetryMultipleFailedTestcases-4] INFO  sprint5_TestCases.Am_ListTC - Switched to frame 0.
20:33:53.021 [TestNG-test=RetryMultipleFailedTestcases-4] INFO  sprint5_TestCases.Am_ListTC - Finished TC252_verifyListPropertiesCircle
20:33:53.359 [TestNG-test=RetryMultipleFailedTestcases-3] INFO  sprint5_TestCases.Am_ListTC - Logged in and searched for a file, then clicked Edit.
20:33:53.381 [TestNG-test=RetryMultipleFailedTestcases-3] INFO  sprint5_TestCases.Am_ListTC - Switched to frame 0.
20:33:53.968 [TestNG-test=RetryMultipleFailedTestcases-3] INFO  sprint5_TestCases.Am_ListTC - Switched to default content.
20:33:55.077 [TestNG-test=RetryMultipleFailedTestcases-3] INFO  sprint5_TestCases.Am_ListTC - Clicked on Number List Plugin.
20:33:55.267 [TestNG-test=RetryMultipleFailedTestcases-3] INFO  sprint5_TestCases.Am_ListTC - Switched to frame 0.
20:33:57.860 [TestNG-test=RetryMultipleFailedTestcases-2] INFO  sprint5_TestCases.Am_ListTC - Logged in and searched for a file, then clicked Edit.
20:33:57.894 [TestNG-test=RetryMultipleFailedTestcases-2] INFO  sprint5_TestCases.Am_ListTC - Switched to frame 0.
20:33:58.677 [TestNG-test=RetryMultipleFailedTestcases-2] INFO  sprint5_TestCases.Am_ListTC - Switched to default content.
20:34:00.385 [TestNG-test=RetryMultipleFailedTestcases-2] INFO  sprint5_TestCases.Am_ListTC - Clicked on Number List Plugin.
20:34:00.408 [TestNG-test=RetryMultipleFailedTestcases-2] INFO  sprint5_TestCases.Am_ListTC - Switched to frame 0.
20:34:02.787 [TestNG-test=RetryMultipleFailedTestcases-4] INFO  sprint5_TestCases.Am_ListTC - Starting TC255_verifyListPropertiesndash
20:34:02.841 [TestNG-test=RetryMultipleFailedTestcases-3] INFO  sprint5_TestCases.Am_ListTC - Starting TC253_verifyListPropertiesSquare
20:34:04.861 [TestNG-test=RetryMultipleFailedTestcases-1] INFO  sprint5_TestCases.Am_ListTC - Logged in and searched for a file, then clicked Edit.
20:34:04.888 [TestNG-test=RetryMultipleFailedTestcases-1] INFO  sprint5_TestCases.Am_ListTC - Switched to frame 0.
20:34:05.786 [TestNG-test=RetryMultipleFailedTestcases-1] INFO  sprint5_TestCases.Am_ListTC - Switched to default content.
20:34:07.490 [TestNG-test=RetryMultipleFailedTestcases-1] INFO  sprint5_TestCases.Am_ListTC - Clicked on Number List Plugin.
20:34:08.204 [TestNG-test=RetryMultipleFailedTestcases-1] INFO  sprint5_TestCases.Am_ListTC - Switched to frame 0.
20:34:09.032 [TestNG-test=RetryMultipleFailedTestcases-2] INFO  sprint5_TestCases.Am_ListTC - Starting TC254_verifyListPropertiesmdash
20:34:09.123 [TestNG-test=RetryMultipleFailedTestcases-1] INFO  sprint5_TestCases.Am_ListTC - Switched to default content.
20:34:09.156 [TestNG-test=RetryMultipleFailedTestcases-1] INFO  sprint5_TestCases.Am_ListTC - Switched to frame 1.
20:34:09.544 [TestNG-test=RetryMultipleFailedTestcases-1] INFO  sprint5_TestCases.Am_ListTC - Switched to default content.
20:34:10.396 [TestNG-test=RetryMultipleFailedTestcases-1] INFO  sprint5_TestCases.Am_ListTC - Switched to List Proprties OK Button.
20:34:10.462 [TestNG-test=RetryMultipleFailedTestcases-1] INFO  sprint5_TestCases.Am_ListTC - Switched to frame 0.
20:34:10.491 [TestNG-test=RetryMultipleFailedTestcases-1] INFO  sprint5_TestCases.Am_ListTC - Finished TC251_verifyListPropertiesLowerRoman
20:34:17.985 [TestNG-test=RetryMultipleFailedTestcases-1] INFO  sprint5_TestCases.Am_ListTC - Starting TC256_verifyListPropertiesBullet
20:34:42.487 [TestNG-test=RetryMultipleFailedTestcases-3] INFO  sprint5_TestCases.Am_ListTC - Logged in and searched for a file, then clicked Edit.
20:34:42.506 [TestNG-test=RetryMultipleFailedTestcases-3] INFO  sprint5_TestCases.Am_ListTC - Switched to frame 0.
20:34:43.213 [TestNG-test=RetryMultipleFailedTestcases-3] INFO  sprint5_TestCases.Am_ListTC - Switched to default content.
20:34:46.412 [TestNG-test=RetryMultipleFailedTestcases-3] INFO  sprint5_TestCases.Am_ListTC - Clicked on Number List Plugin.
20:34:47.465 [TestNG-test=RetryMultipleFailedTestcases-4] INFO  sprint5_TestCases.Am_ListTC - Logged in and searched for a file, then clicked Edit.
20:34:47.499 [TestNG-test=RetryMultipleFailedTestcases-4] INFO  sprint5_TestCases.Am_ListTC - Switched to frame 0.
20:34:47.792 [TestNG-test=RetryMultipleFailedTestcases-3] INFO  sprint5_TestCases.Am_ListTC - Switched to frame 0.
20:34:48.594 [TestNG-test=RetryMultipleFailedTestcases-4] INFO  sprint5_TestCases.Am_ListTC - Switched to default content.
20:34:48.644 [TestNG-test=RetryMultipleFailedTestcases-2] INFO  sprint5_TestCases.Am_ListTC - Logged in and searched for a file, then clicked Edit.
20:34:48.692 [TestNG-test=RetryMultipleFailedTestcases-2] INFO  sprint5_TestCases.Am_ListTC - Switched to frame 0.
20:34:49.602 [TestNG-test=RetryMultipleFailedTestcases-2] INFO  sprint5_TestCases.Am_ListTC - Switched to default content.
20:34:49.789 [TestNG-test=RetryMultipleFailedTestcases-4] INFO  sprint5_TestCases.Am_ListTC - Clicked on Number List Plugin.
20:34:49.814 [TestNG-test=RetryMultipleFailedTestcases-4] INFO  sprint5_TestCases.Am_ListTC - Switched to frame 0.
20:34:50.051 [TestNG-test=RetryMultipleFailedTestcases-3] INFO  sprint5_TestCases.Am_ListTC - Switched to default content.
20:34:50.141 [TestNG-test=RetryMultipleFailedTestcases-3] INFO  sprint5_TestCases.Am_ListTC - Switched to frame 1.
20:34:50.813 [TestNG-test=RetryMultipleFailedTestcases-3] INFO  sprint5_TestCases.Am_ListTC - Switched to default content.
20:34:51.315 [TestNG-test=RetryMultipleFailedTestcases-2] INFO  sprint5_TestCases.Am_ListTC - Clicked on Number List Plugin.
20:34:51.358 [TestNG-test=RetryMultipleFailedTestcases-2] INFO  sprint5_TestCases.Am_ListTC - Switched to frame 0.
20:34:52.333 [TestNG-test=RetryMultipleFailedTestcases-3] INFO  sprint5_TestCases.Am_ListTC - Switched to List Proprties OK Button.
20:34:53.397 [TestNG-test=RetryMultipleFailedTestcases-3] INFO  sprint5_TestCases.Am_ListTC - Switched to frame 0.
20:34:53.441 [TestNG-test=RetryMultipleFailedTestcases-3] INFO  sprint5_TestCases.Am_ListTC - Finished TC253_verifyListPropertiesSquare
20:34:57.050 [TestNG-test=RetryMultipleFailedTestcases-4] INFO  sprint5_TestCases.Am_ListTC - Starting TC255_verifyListPropertiesndash
20:34:59.942 [TestNG-test=RetryMultipleFailedTestcases-2] INFO  sprint5_TestCases.Am_ListTC - Starting TC254_verifyListPropertiesmdash
20:35:02.643 [TestNG-test=RetryMultipleFailedTestcases-3] INFO  sprint5_TestCases.Am_ListTC - Starting TC257_verifyListPropertiesNone
20:35:08.671 [TestNG-test=RetryMultipleFailedTestcases-1] INFO  sprint5_TestCases.Am_ListTC - Logged in and searched for a file, then clicked Edit.
20:35:08.695 [TestNG-test=RetryMultipleFailedTestcases-1] INFO  sprint5_TestCases.Am_ListTC - Switched to frame 0.
20:35:09.423 [TestNG-test=RetryMultipleFailedTestcases-1] INFO  sprint5_TestCases.Am_ListTC - Switched to default content.
20:35:11.060 [TestNG-test=RetryMultipleFailedTestcases-1] INFO  sprint5_TestCases.Am_ListTC - Clicked on Number List Plugin.
20:35:11.108 [TestNG-test=RetryMultipleFailedTestcases-1] INFO  sprint5_TestCases.Am_ListTC - Switched to frame 0.
20:35:19.325 [TestNG-test=RetryMultipleFailedTestcases-1] INFO  sprint5_TestCases.Am_ListTC - Starting TC256_verifyListPropertiesBullet
20:35:27.448 [TestNG-test=RetryMultipleFailedTestcases-4] INFO  sprint5_TestCases.Am_ListTC - Logged in and searched for a file, then clicked Edit.
20:35:27.469 [TestNG-test=RetryMultipleFailedTestcases-4] INFO  sprint5_TestCases.Am_ListTC - Switched to frame 0.
20:35:28.325 [TestNG-test=RetryMultipleFailedTestcases-4] INFO  sprint5_TestCases.Am_ListTC - Switched to default content.
20:35:30.011 [TestNG-test=RetryMultipleFailedTestcases-4] INFO  sprint5_TestCases.Am_ListTC - Clicked on Number List Plugin.
20:35:30.190 [TestNG-test=RetryMultipleFailedTestcases-2] INFO  sprint5_TestCases.Am_ListTC - Logged in and searched for a file, then clicked Edit.
20:35:30.209 [TestNG-test=RetryMultipleFailedTestcases-2] INFO  sprint5_TestCases.Am_ListTC - Switched to frame 0.
20:35:31.002 [TestNG-test=RetryMultipleFailedTestcases-2] INFO  sprint5_TestCases.Am_ListTC - Switched to default content.
20:35:31.449 [TestNG-test=RetryMultipleFailedTestcases-4] INFO  sprint5_TestCases.Am_ListTC - Switched to frame 0.
20:35:32.370 [TestNG-test=RetryMultipleFailedTestcases-4] INFO  sprint5_TestCases.Am_ListTC - Switched to default content.
20:35:32.397 [TestNG-test=RetryMultipleFailedTestcases-4] INFO  sprint5_TestCases.Am_ListTC - Switched to frame 1.
20:35:32.583 [TestNG-test=RetryMultipleFailedTestcases-2] INFO  sprint5_TestCases.Am_ListTC - Clicked on Number List Plugin.
20:35:32.610 [TestNG-test=RetryMultipleFailedTestcases-2] INFO  sprint5_TestCases.Am_ListTC - Switched to frame 0.
20:35:32.866 [TestNG-test=RetryMultipleFailedTestcases-4] INFO  sprint5_TestCases.Am_ListTC - Switched to default content.
20:35:34.156 [TestNG-test=RetryMultipleFailedTestcases-4] INFO  sprint5_TestCases.Am_ListTC - Switched to List Proprties OK Button.
20:35:35.149 [TestNG-test=RetryMultipleFailedTestcases-4] INFO  sprint5_TestCases.Am_ListTC - Switched to frame 0.
20:35:35.187 [TestNG-test=RetryMultipleFailedTestcases-4] INFO  sprint5_TestCases.Am_ListTC - Finished TC255_verifyListPropertiesndash
20:35:38.382 [TestNG-test=RetryMultipleFailedTestcases-3] INFO  sprint5_TestCases.Am_ListTC - Logged in and searched for a file, then clicked Edit.
20:35:38.435 [TestNG-test=RetryMultipleFailedTestcases-3] INFO  sprint5_TestCases.Am_ListTC - Switched to frame 0.
20:35:39.435 [TestNG-test=RetryMultipleFailedTestcases-3] INFO  sprint5_TestCases.Am_ListTC - Switched to default content.
20:35:40.623 [TestNG-test=RetryMultipleFailedTestcases-3] INFO  sprint5_TestCases.Am_ListTC - Clicked on Number List Plugin.
20:35:40.966 [TestNG-test=RetryMultipleFailedTestcases-2] INFO  sprint5_TestCases.Am_ListTC - Starting TC254_verifyListPropertiesmdash
20:35:41.097 [TestNG-test=RetryMultipleFailedTestcases-3] INFO  sprint5_TestCases.Am_ListTC - Switched to frame 0.
20:35:44.489 [TestNG-test=RetryMultipleFailedTestcases-4] INFO  sprint5_TestCases.Am_ListTC - Starting TC258_verifyBacktoBackListitems
20:35:47.580 [TestNG-test=RetryMultipleFailedTestcases-3] INFO  sprint5_TestCases.Am_ListTC - Starting TC257_verifyListPropertiesNone
20:35:58.972 [TestNG-test=RetryMultipleFailedTestcases-1] INFO  sprint5_TestCases.Am_ListTC - Logged in and searched for a file, then clicked Edit.
20:35:58.998 [TestNG-test=RetryMultipleFailedTestcases-1] INFO  sprint5_TestCases.Am_ListTC - Switched to frame 0.
20:35:59.585 [TestNG-test=RetryMultipleFailedTestcases-1] INFO  sprint5_TestCases.Am_ListTC - Switched to default content.
20:36:00.851 [TestNG-test=RetryMultipleFailedTestcases-1] INFO  sprint5_TestCases.Am_ListTC - Clicked on Number List Plugin.
20:36:01.768 [TestNG-test=RetryMultipleFailedTestcases-1] INFO  sprint5_TestCases.Am_ListTC - Switched to frame 0.
20:36:02.623 [TestNG-test=RetryMultipleFailedTestcases-1] INFO  sprint5_TestCases.Am_ListTC - Switched to default content.
20:36:02.646 [TestNG-test=RetryMultipleFailedTestcases-1] INFO  sprint5_TestCases.Am_ListTC - Switched to frame 1.
20:36:03.051 [TestNG-test=RetryMultipleFailedTestcases-1] INFO  sprint5_TestCases.Am_ListTC - Switched to default content.
20:36:04.068 [TestNG-test=RetryMultipleFailedTestcases-1] INFO  sprint5_TestCases.Am_ListTC - Switched to List Proprties OK Button.
20:36:04.755 [TestNG-test=RetryMultipleFailedTestcases-1] INFO  sprint5_TestCases.Am_ListTC - Switched to frame 0.
20:36:04.777 [TestNG-test=RetryMultipleFailedTestcases-1] INFO  sprint5_TestCases.Am_ListTC - Finished TC256_verifyListPropertiesBullet
20:36:12.182 [TestNG-test=RetryMultipleFailedTestcases-1] INFO  sprint5_TestCases.Am_ListTC - Starting TC259_verifyNumberedListitemsInAttributePanel
20:36:17.637 [TestNG-test=RetryMultipleFailedTestcases-2] INFO  sprint5_TestCases.Am_ListTC - Logged in and searched for a file, then clicked Edit.
20:36:17.669 [TestNG-test=RetryMultipleFailedTestcases-2] INFO  sprint5_TestCases.Am_ListTC - Switched to frame 0.
20:36:18.332 [TestNG-test=RetryMultipleFailedTestcases-2] INFO  sprint5_TestCases.Am_ListTC - Switched to default content.
20:36:19.671 [TestNG-test=RetryMultipleFailedTestcases-2] INFO  sprint5_TestCases.Am_ListTC - Clicked on Number List Plugin.
20:36:19.725 [TestNG-test=RetryMultipleFailedTestcases-2] INFO  sprint5_TestCases.Am_ListTC - Switched to frame 0.
20:36:21.229 [TestNG-test=RetryMultipleFailedTestcases-4] INFO  sprint5_TestCases.Am_ListTC - Logged in and searched for a file, then clicked Edit.
20:36:21.289 [TestNG-test=RetryMultipleFailedTestcases-4] INFO  sprint5_TestCases.Am_ListTC - Switched to frame 0.
20:36:22.341 [TestNG-test=RetryMultipleFailedTestcases-4] INFO  sprint5_TestCases.Am_ListTC - Switched to default content.
20:36:24.880 [TestNG-test=RetryMultipleFailedTestcases-4] INFO  sprint5_TestCases.Am_ListTC - Clicked on Number List Plugin.
20:36:26.897 [TestNG-test=RetryMultipleFailedTestcases-4] INFO  sprint5_TestCases.Am_ListTC - Switched to frame 0.
20:36:29.303 [TestNG-test=RetryMultipleFailedTestcases-2] INFO  sprint5_TestCases.Am_ListTC - Starting TC260_verifyBulletListitemsInAttributePanel
20:36:30.976 [TestNG-test=RetryMultipleFailedTestcases-3] INFO  sprint5_TestCases.Am_ListTC - Logged in and searched for a file, then clicked Edit.
20:36:31.009 [TestNG-test=RetryMultipleFailedTestcases-3] INFO  sprint5_TestCases.Am_ListTC - Switched to frame 0.
20:36:32.010 [TestNG-test=RetryMultipleFailedTestcases-3] INFO  sprint5_TestCases.Am_ListTC - Switched to default content.
20:36:33.241 [TestNG-test=RetryMultipleFailedTestcases-3] INFO  sprint5_TestCases.Am_ListTC - Clicked on Number List Plugin.
20:36:33.404 [TestNG-test=RetryMultipleFailedTestcases-3] INFO  sprint5_TestCases.Am_ListTC - Switched to frame 0.
20:36:47.467 [TestNG-test=RetryMultipleFailedTestcases-3] INFO  sprint5_TestCases.Am_ListTC - Starting TC257_verifyListPropertiesNone
20:37:02.944 [TestNG-test=RetryMultipleFailedTestcases-1] INFO  sprint5_TestCases.Am_ListTC - Logged in and searched for a file, then clicked Edit.
20:37:03.061 [TestNG-test=RetryMultipleFailedTestcases-1] INFO  sprint5_TestCases.Am_ListTC - Switched to frame 0.
20:37:03.490 [TestNG-test=RetryMultipleFailedTestcases-1] INFO  sprint5_TestCases.Am_ListTC - Clicked on first para VE.
20:37:03.516 [TestNG-test=RetryMultipleFailedTestcases-1] INFO  sprint5_TestCases.Am_ListTC - Switched to default content.
20:37:04.757 [TestNG-test=RetryMultipleFailedTestcases-1] INFO  sprint5_TestCases.Am_ListTC - Clicked on Number List Plugin.
20:37:06.382 [TestNG-test=RetryMultipleFailedTestcases-2] INFO  sprint5_TestCases.Am_ListTC - Logged in and searched for a file, then clicked Edit.
20:37:06.436 [TestNG-test=RetryMultipleFailedTestcases-2] INFO  sprint5_TestCases.Am_ListTC - Switched to frame 0.
20:37:06.850 [TestNG-test=RetryMultipleFailedTestcases-2] INFO  sprint5_TestCases.Am_ListTC - Clicked on first para VE.
20:37:06.883 [TestNG-test=RetryMultipleFailedTestcases-2] INFO  sprint5_TestCases.Am_ListTC - Switched to default content.
20:37:08.215 [TestNG-test=RetryMultipleFailedTestcases-2] INFO  sprint5_TestCases.Am_ListTC - Clicked on Number List Plugin.
20:37:09.549 [TestNG-test=RetryMultipleFailedTestcases-2] INFO  sprint5_TestCases.Am_ListTC - Finished TC260_verifyBulletListitemsInAttributePanel
20:37:15.862 [TestNG-test=RetryMultipleFailedTestcases-4] INFO  sprint5_TestCases.Am_ListTC - Starting TC258_verifyBacktoBackListitems
20:37:16.080 [TestNG-test=RetryMultipleFailedTestcases-3] INFO  sprint5_TestCases.Am_ListTC - Logged in and searched for a file, then clicked Edit.
20:37:16.106 [TestNG-test=RetryMultipleFailedTestcases-3] INFO  sprint5_TestCases.Am_ListTC - Switched to frame 0.
20:37:17.160 [TestNG-test=RetryMultipleFailedTestcases-3] INFO  sprint5_TestCases.Am_ListTC - Switched to default content.
20:37:18.379 [TestNG-test=RetryMultipleFailedTestcases-3] INFO  sprint5_TestCases.Am_ListTC - Clicked on Number List Plugin.
20:37:18.402 [TestNG-test=RetryMultipleFailedTestcases-3] INFO  sprint5_TestCases.Am_ListTC - Switched to frame 0.
20:37:18.507 [TestNG-test=RetryMultipleFailedTestcases-2] INFO  sprint5_TestCases.Am_ListTC - Starting TC261_verifyUnListBulletList
20:37:19.370 [TestNG-test=RetryMultipleFailedTestcases-3] INFO  sprint5_TestCases.Am_ListTC - Switched to default content.
20:37:19.398 [TestNG-test=RetryMultipleFailedTestcases-3] INFO  sprint5_TestCases.Am_ListTC - Switched to frame 1.
20:37:19.826 [TestNG-test=RetryMultipleFailedTestcases-3] INFO  sprint5_TestCases.Am_ListTC - Switched to default content.
20:37:20.713 [TestNG-test=RetryMultipleFailedTestcases-3] INFO  sprint5_TestCases.Am_ListTC - Switched to List Proprties OK Button.
20:37:20.788 [TestNG-test=RetryMultipleFailedTestcases-3] INFO  sprint5_TestCases.Am_ListTC - Switched to frame 0.
20:37:20.818 [TestNG-test=RetryMultipleFailedTestcases-3] INFO  sprint5_TestCases.Am_ListTC - Finished TC257_verifyListPropertiesNone
20:37:28.081 [TestNG-test=RetryMultipleFailedTestcases-3] INFO  sprint5_TestCases.Am_ListTC - Starting TC262_verifyUnlistNumberedList
20:37:33.496 [TestNG-test=RetryMultipleFailedTestcases-1] INFO  sprint5_TestCases.Am_ListTC - Starting TC259_verifyNumberedListitemsInAttributePanel
20:37:45.414 [TestNG-test=RetryMultipleFailedTestcases-4] INFO  sprint5_TestCases.Am_ListTC - Logged in and searched for a file, then clicked Edit.
20:37:45.444 [TestNG-test=RetryMultipleFailedTestcases-4] INFO  sprint5_TestCases.Am_ListTC - Switched to frame 0.
20:37:45.994 [TestNG-test=RetryMultipleFailedTestcases-4] INFO  sprint5_TestCases.Am_ListTC - Switched to default content.
20:37:47.540 [TestNG-test=RetryMultipleFailedTestcases-4] INFO  sprint5_TestCases.Am_ListTC - Clicked on Number List Plugin.
20:37:49.422 [TestNG-test=RetryMultipleFailedTestcases-4] INFO  sprint5_TestCases.Am_ListTC - Switched to frame 0.
20:37:49.492 [TestNG-test=RetryMultipleFailedTestcases-2] INFO  sprint5_TestCases.Am_ListTC - Logged in and searched for a file, then clicked Edit.
20:37:49.529 [TestNG-test=RetryMultipleFailedTestcases-2] INFO  sprint5_TestCases.Am_ListTC - Switched to frame 0.
20:37:50.056 [TestNG-test=RetryMultipleFailedTestcases-2] INFO  sprint5_TestCases.Am_ListTC - Clicked on first para VE.
20:37:50.103 [TestNG-test=RetryMultipleFailedTestcases-2] INFO  sprint5_TestCases.Am_ListTC - Switched to default content.
20:37:51.893 [TestNG-test=RetryMultipleFailedTestcases-2] INFO  sprint5_TestCases.Am_ListTC - Clicked on Bullet List Plugin.
20:37:55.740 [TestNG-test=RetryMultipleFailedTestcases-3] INFO  sprint5_TestCases.Am_ListTC - Logged in and searched for a file, then clicked Edit.
20:37:55.784 [TestNG-test=RetryMultipleFailedTestcases-3] INFO  sprint5_TestCases.Am_ListTC - Switched to frame 0.
20:37:56.413 [TestNG-test=RetryMultipleFailedTestcases-3] INFO  sprint5_TestCases.Am_ListTC - Clicked on first para VE.
20:37:56.456 [TestNG-test=RetryMultipleFailedTestcases-3] INFO  sprint5_TestCases.Am_ListTC - Switched to default content.
20:37:57.757 [TestNG-test=RetryMultipleFailedTestcases-3] INFO  sprint5_TestCases.Am_ListTC - Clicked on Number List Plugin.
20:38:00.076 [TestNG-test=RetryMultipleFailedTestcases-1] INFO  sprint5_TestCases.Am_ListTC - Logged in and searched for a file, then clicked Edit.
20:38:00.090 [TestNG-test=RetryMultipleFailedTestcases-1] INFO  sprint5_TestCases.Am_ListTC - Switched to frame 0.
20:38:00.382 [TestNG-test=RetryMultipleFailedTestcases-3] INFO  sprint5_TestCases.Am_ListTC - Clicked on Number List Plugin.
20:38:00.493 [TestNG-test=RetryMultipleFailedTestcases-1] INFO  sprint5_TestCases.Am_ListTC - Clicked on first para VE.
20:38:00.521 [TestNG-test=RetryMultipleFailedTestcases-1] INFO  sprint5_TestCases.Am_ListTC - Switched to default content.
20:38:01.592 [TestNG-test=RetryMultipleFailedTestcases-1] INFO  sprint5_TestCases.Am_ListTC - Clicked on Number List Plugin.
20:38:31.273 [TestNG-test=RetryMultipleFailedTestcases-1] INFO  sprint5_TestCases.Am_ListTC - Starting TC259_verifyNumberedListitemsInAttributePanel
20:38:38.204 [TestNG-test=RetryMultipleFailedTestcases-4] INFO  sprint5_TestCases.Am_ListTC - Starting TC258_verifyBacktoBackListitems
20:38:40.729 [TestNG-test=RetryMultipleFailedTestcases-2] INFO  sprint5_TestCases.Am_ListTC - Starting TC261_verifyUnListBulletList
20:38:40.767 [TestNG-test=RetryMultipleFailedTestcases-3] INFO  sprint5_TestCases.Am_ListTC - Finished TC262_verifyUnlistNumberedList
20:38:50.127 [TestNG-test=RetryMultipleFailedTestcases-3] INFO  sprint5_TestCases.C_CommonBugsTC - Starting test TC462_verifyExistingEmphasisListandUnlist.
20:38:57.425 [TestNG-test=RetryMultipleFailedTestcases-1] INFO  sprint5_TestCases.Am_ListTC - Logged in and searched for a file, then clicked Edit.
20:38:57.470 [TestNG-test=RetryMultipleFailedTestcases-1] INFO  sprint5_TestCases.Am_ListTC - Switched to frame 0.
20:38:57.917 [TestNG-test=RetryMultipleFailedTestcases-1] INFO  sprint5_TestCases.Am_ListTC - Clicked on first para VE.
20:38:57.943 [TestNG-test=RetryMultipleFailedTestcases-1] INFO  sprint5_TestCases.Am_ListTC - Switched to default content.
20:38:59.338 [TestNG-test=RetryMultipleFailedTestcases-1] INFO  sprint5_TestCases.Am_ListTC - Clicked on Number List Plugin.
20:39:18.547 [TestNG-test=RetryMultipleFailedTestcases-4] INFO  sprint5_TestCases.Am_ListTC - Logged in and searched for a file, then clicked Edit.
20:39:18.572 [TestNG-test=RetryMultipleFailedTestcases-4] INFO  sprint5_TestCases.Am_ListTC - Switched to frame 0.
20:39:19.011 [TestNG-test=RetryMultipleFailedTestcases-4] INFO  sprint5_TestCases.Am_ListTC - Switched to default content.
20:39:20.229 [TestNG-test=RetryMultipleFailedTestcases-4] INFO  sprint5_TestCases.Am_ListTC - Clicked on Number List Plugin.
20:39:20.279 [TestNG-test=RetryMultipleFailedTestcases-4] INFO  sprint5_TestCases.Am_ListTC - Switched to frame 0.
20:39:21.547 [TestNG-test=RetryMultipleFailedTestcases-2] INFO  sprint5_TestCases.Am_ListTC - Logged in and searched for a file, then clicked Edit.
20:39:21.564 [TestNG-test=RetryMultipleFailedTestcases-2] INFO  sprint5_TestCases.Am_ListTC - Switched to frame 0.
20:39:22.041 [TestNG-test=RetryMultipleFailedTestcases-2] INFO  sprint5_TestCases.Am_ListTC - Clicked on first para VE.
20:39:22.073 [TestNG-test=RetryMultipleFailedTestcases-2] INFO  sprint5_TestCases.Am_ListTC - Switched to default content.
20:39:23.557 [TestNG-test=RetryMultipleFailedTestcases-2] INFO  sprint5_TestCases.Am_ListTC - Clicked on Bullet List Plugin.
20:39:26.437 [TestNG-test=RetryMultipleFailedTestcases-1] INFO  sprint5_TestCases.Am_ListTC - Starting TC259_verifyNumberedListitemsInAttributePanel
20:39:31.096 [TestNG-test=RetryMultipleFailedTestcases-3] INFO  sprint5_TestCases.C_CommonBugsTC - Logged in and clicked on Edit.
20:39:31.107 [TestNG-test=RetryMultipleFailedTestcases-3] INFO  sprint5_TestCases.C_CommonBugsTC - Initialized the CommonBugs page object.
20:39:31.765 [TestNG-test=RetryMultipleFailedTestcases-3] INFO  sprint5_TestCases.C_CommonBugsTC - Double-clicked on the bold element in the paragraph.
20:39:32.856 [TestNG-test=RetryMultipleFailedTestcases-3] INFO  sprint5_TestCases.C_CommonBugsTC - Clicked on 'Number List' twice.
20:39:34.427 [TestNG-test=RetryMultipleFailedTestcases-3] INFO  sprint5_TestCases.C_CommonBugsTC - Checked if the same Emphasis is disabled after adding List and Unlist.
20:39:34.427 [TestNG-test=RetryMultipleFailedTestcases-3] INFO  sprint5_TestCases.C_CommonBugsTC - Test TC462_verifyExistingEmphasisListandUnlist completed.
20:39:45.303 [TestNG-test=RetryMultipleFailedTestcases-3] INFO  sprint5_TestCases.C_CommonBugsTC - Starting test TC463_verifyEmphasisToList.
20:40:05.997 [TestNG-test=RetryMultipleFailedTestcases-1] INFO  sprint5_TestCases.Am_ListTC - Logged in and searched for a file, then clicked Edit.
20:40:06.021 [TestNG-test=RetryMultipleFailedTestcases-1] INFO  sprint5_TestCases.Am_ListTC - Switched to frame 0.
20:40:06.546 [TestNG-test=RetryMultipleFailedTestcases-1] INFO  sprint5_TestCases.Am_ListTC - Clicked on first para VE.
20:40:06.579 [TestNG-test=RetryMultipleFailedTestcases-1] INFO  sprint5_TestCases.Am_ListTC - Switched to default content.
20:40:07.981 [TestNG-test=RetryMultipleFailedTestcases-1] INFO  sprint5_TestCases.Am_ListTC - Clicked on Number List Plugin.
20:40:08.688 [TestNG-test=RetryMultipleFailedTestcases-4] INFO  sprint5_TestCases.Am_ListTC - Starting TC258_verifyBacktoBackListitems
20:40:09.635 [TestNG-test=RetryMultipleFailedTestcases-1] INFO  sprint5_TestCases.Am_ListTC - Finished TC259_verifyNumberedListitemsInAttributePanel
20:40:10.030 [TestNG-test=RetryMultipleFailedTestcases-2] INFO  sprint5_TestCases.Am_ListTC - Starting TC261_verifyUnListBulletList
20:40:18.525 [TestNG-test=RetryMultipleFailedTestcases-3] INFO  sprint5_TestCases.C_CommonBugsTC - Logged in and clicked on Edit.
20:40:19.129 [TestNG-test=RetryMultipleFailedTestcases-3] INFO  sprint5_TestCases.C_CommonBugsTC - Clicked on the bold text in the paragraph.
20:40:20.064 [TestNG-test=RetryMultipleFailedTestcases-3] INFO  sprint5_TestCases.C_CommonBugsTC - Clicked on the Number List option.
20:40:20.186 [TestNG-test=RetryMultipleFailedTestcases-3] INFO  sprint5_TestCases.C_CommonBugsTC - Verified that the list is displayed in the paragraph.
20:40:20.186 [TestNG-test=RetryMultipleFailedTestcases-3] INFO  sprint5_TestCases.C_CommonBugsTC - Test TC463_verifyEmphasisToList completed.
20:40:35.528 [TestNG-test=RetryMultipleFailedTestcases-4] INFO  sprint5_TestCases.Am_ListTC - Logged in and searched for a file, then clicked Edit.
20:40:35.549 [TestNG-test=RetryMultipleFailedTestcases-4] INFO  sprint5_TestCases.Am_ListTC - Switched to frame 0.
20:40:36.171 [TestNG-test=RetryMultipleFailedTestcases-4] INFO  sprint5_TestCases.Am_ListTC - Switched to default content.
20:40:37.236 [TestNG-test=RetryMultipleFailedTestcases-4] INFO  sprint5_TestCases.Am_ListTC - Clicked on Number List Plugin.
20:40:38.310 [TestNG-test=RetryMultipleFailedTestcases-4] INFO  sprint5_TestCases.Am_ListTC - Switched to frame 0.
20:40:39.066 [TestNG-test=RetryMultipleFailedTestcases-2] INFO  sprint5_TestCases.Am_ListTC - Logged in and searched for a file, then clicked Edit.
20:40:39.088 [TestNG-test=RetryMultipleFailedTestcases-2] INFO  sprint5_TestCases.Am_ListTC - Switched to frame 0.
20:40:39.418 [TestNG-test=RetryMultipleFailedTestcases-2] INFO  sprint5_TestCases.Am_ListTC - Clicked on first para VE.
20:40:39.449 [TestNG-test=RetryMultipleFailedTestcases-2] INFO  sprint5_TestCases.Am_ListTC - Switched to default content.
20:40:41.264 [TestNG-test=RetryMultipleFailedTestcases-2] INFO  sprint5_TestCases.Am_ListTC - Clicked on Bullet List Plugin.
20:40:42.547 [TestNG-test=RetryMultipleFailedTestcases-2] INFO  sprint5_TestCases.Am_ListTC - Clicked on Bullet List Plugin.
20:41:22.795 [TestNG-test=RetryMultipleFailedTestcases-2] INFO  sprint5_TestCases.Am_ListTC - Finished TC261_verifyUnListBulletList
20:53:18.718 [TestNG-test=RetryMultipleFailedTestcases-3] INFO  Elements_Testcases.Ac_LinksTC - Starting verify_InsertCrossReferenceInPara ..
20:53:18.718 [TestNG-test=RetryMultipleFailedTestcases-1] INFO  Elements_Testcases.Ac_LinksTC - Starting verify_CrossReference_EditLink_DS ..
20:53:18.866 [TestNG-test=RetryMultipleFailedTestcases-4] INFO  Elements_Testcases.Ac_LinksTC - Starting verifyXrefAddedTextTooltip ..
20:53:18.969 [TestNG-test=RetryMultipleFailedTestcases-2] INFO  Elements_Testcases.Ac_LinksTC - Starting verify_CrossReference_EditLink_VE ..
20:54:11.925 [TestNG-test=RetryMultipleFailedTestcases-2] INFO  Elements_Testcases.Ac_LinksTC - Double clicked on First para
20:54:13.784 [TestNG-test=RetryMultipleFailedTestcases-2] INFO  Elements_Testcases.Ac_LinksTC - clicked on Cross Reference button 
20:54:16.714 [TestNG-test=RetryMultipleFailedTestcases-4] INFO  Elements_Testcases.Ac_LinksTC - Logged in, searched for a file, and clicked Edit.
20:54:16.727 [TestNG-test=RetryMultipleFailedTestcases-4] INFO  Elements_Testcases.Ac_LinksTC - Created Ao_CrossReference instance.
20:54:16.770 [TestNG-test=RetryMultipleFailedTestcases-4] INFO  Elements_Testcases.Ac_LinksTC - Switched to frame 0.
20:54:16.770 [TestNG-test=RetryMultipleFailedTestcases-4] INFO  Elements_Testcases.Ac_LinksTC - Created Actions class instance.
20:54:17.337 [TestNG-test=RetryMultipleFailedTestcases-3] INFO  Elements_Testcases.Ac_LinksTC - Double clicked on First para
20:54:17.501 [TestNG-test=RetryMultipleFailedTestcases-4] INFO  Elements_Testcases.Ac_LinksTC - Double clicked on First para
20:54:17.553 [TestNG-test=RetryMultipleFailedTestcases-4] INFO  Elements_Testcases.Ac_LinksTC - Switched back to default content.
20:54:17.971 [TestNG-test=RetryMultipleFailedTestcases-3] INFO  Elements_Testcases.Ac_LinksTC - clicked on Cross Reference button 
20:54:18.253 [TestNG-test=RetryMultipleFailedTestcases-4] INFO  Elements_Testcases.Ac_LinksTC - clicked on CrossReference Button
20:54:18.937 [TestNG-test=RetryMultipleFailedTestcases-1] INFO  Elements_Testcases.Ac_LinksTC - Double clicked on First para
20:54:20.071 [TestNG-test=RetryMultipleFailedTestcases-1] INFO  Elements_Testcases.Ac_LinksTC - clicked on Cross Reference button 
20:54:26.141 [TestNG-test=RetryMultipleFailedTestcases-4] INFO  Elements_Testcases.Ac_LinksTC - Starting verifyXrefAddedTextTooltip ..
20:54:54.128 [TestNG-test=RetryMultipleFailedTestcases-2] INFO  Elements_Testcases.Ac_LinksTC - clicked on Code Cross Reference checkbox 
20:54:54.698 [TestNG-test=RetryMultipleFailedTestcases-2] INFO  Elements_Testcases.Ac_LinksTC - clicked on Cross Reference popup ok button 
20:54:56.064 [TestNG-test=RetryMultipleFailedTestcases-2] INFO  Elements_Testcases.Ac_LinksTC - Verifying Cross Reference is present in AP
20:54:56.155 [TestNG-test=RetryMultipleFailedTestcases-2] INFO  Elements_Testcases.Ac_LinksTC - Verifying Cross Reference text is correct
20:54:58.267 [TestNG-test=RetryMultipleFailedTestcases-3] INFO  Elements_Testcases.Ac_LinksTC - clicked on Code Cross Reference checkbox 
20:54:59.646 [TestNG-test=RetryMultipleFailedTestcases-3] INFO  Elements_Testcases.Ac_LinksTC - clicked on Cross Reference popup ok button 
20:55:00.390 [TestNG-test=RetryMultipleFailedTestcases-1] INFO  Elements_Testcases.Ac_LinksTC - clicked on Code Cross Reference checkbox 
20:55:01.206 [TestNG-test=RetryMultipleFailedTestcases-3] INFO  Elements_Testcases.Ac_LinksTC - Verifying Cross Reference is present in AP
20:55:01.279 [TestNG-test=RetryMultipleFailedTestcases-3] INFO  Elements_Testcases.Ac_LinksTC - Verifying Cross Reference text is correct
20:55:01.668 [TestNG-test=RetryMultipleFailedTestcases-1] INFO  Elements_Testcases.Ac_LinksTC - clicked on Cross Reference popup ok button 
20:55:02.990 [TestNG-test=RetryMultipleFailedTestcases-3] INFO  Elements_Testcases.Ac_LinksTC - clicked on Code View button 
20:55:03.195 [TestNG-test=RetryMultipleFailedTestcases-1] INFO  Elements_Testcases.Ac_LinksTC - Verifying Cross Reference is present in AP
20:55:03.312 [TestNG-test=RetryMultipleFailedTestcases-1] INFO  Elements_Testcases.Ac_LinksTC - Verifying Cross Reference text is correct
