03:50:01.608 [TestNG-test=RetryMultipleFailedTestcases-2] INFO  c_testCases.F12_UndoRedoTC - Switched to default content.
03:50:02.170 [TestNG-test=RetryMultipleFailedTestcases-2] INFO  c_testCases.F12_UndoRedoTC - Switched to frame 0.
03:50:02.355 [TestNG-test=RetryMultipleFailedTestcases-2] INFO  c_testCases.F12_UndoRedoTC - Switched to default content.
03:50:02.559 [TestNG-test=RetryMultipleFailedTestcases-2] INFO  c_testCases.F12_UndoRedoTC - Clicked on track changes.
03:50:03.683 [TestNG-test=RetryMultipleFailedTestcases-2] INFO  c_testCases.F12_UndoRedoTC - Switched to frame 0.
03:50:08.017 [TestNG-test=RetryMultipleFailedTestcases-1] INFO  c_testCases.F12_UndoRedoTC - Logged in, searched for a file, and clicked Edit.
03:50:08.019 [TestNG-test=RetryMultipleFailedTestcases-1] INFO  c_testCases.F12_UndoRedoTC - Created F4_Table instance.
03:50:10.554 [TestNG-test=RetryMultipleFailedTestcases-4] INFO  c_testCases.F12_UndoRedoTC - Inserted table using ReusableMethods.
03:50:10.571 [TestNG-test=RetryMultipleFailedTestcases-4] INFO  c_testCases.F12_UndoRedoTC - Switched to frame 0.
03:50:10.607 [TestNG-test=RetryMultipleFailedTestcases-4] INFO  c_testCases.F12_UndoRedoTC - Table is inserted in the Visual Editor.
03:50:10.608 [TestNG-test=RetryMultipleFailedTestcases-4] INFO  c_testCases.F12_UndoRedoTC - Switched back to default content.
03:50:10.651 [TestNG-test=RetryMultipleFailedTestcases-4] INFO  c_testCases.F12_UndoRedoTC - Document Structure is updated with the table.
03:50:18.447 [TestNG-test=RetryMultipleFailedTestcases-1] INFO  c_testCases.F12_UndoRedoTC - Inserted table using ReusableMethods.
03:50:18.491 [TestNG-test=RetryMultipleFailedTestcases-1] INFO  c_testCases.F12_UndoRedoTC - Switched to frame 0.
03:50:18.540 [TestNG-test=RetryMultipleFailedTestcases-1] INFO  c_testCases.F12_UndoRedoTC - Table is inserted in the Visual Editor.
03:50:18.542 [TestNG-test=RetryMultipleFailedTestcases-1] INFO  c_testCases.F12_UndoRedoTC - Switched back to default content.
03:50:18.599 [TestNG-test=RetryMultipleFailedTestcases-1] INFO  c_testCases.F12_UndoRedoTC - Document Structure is updated with the table.
03:50:48.216 [TestNG-test=RetryMultipleFailedTestcases-2] INFO  c_testCases.F12_UndoRedoTC - Logged in and searched for a file, then clicked Edit.
03:50:48.251 [TestNG-test=RetryMultipleFailedTestcases-2] INFO  c_testCases.F12_UndoRedoTC - Switched to frame 0.
03:50:48.968 [TestNG-test=RetryMultipleFailedTestcases-2] INFO  c_testCases.F12_UndoRedoTC - Switched to default content.
03:50:49.429 [TestNG-test=RetryMultipleFailedTestcases-2] INFO  c_testCases.F12_UndoRedoTC - Switched to frame 0.
03:50:49.591 [TestNG-test=RetryMultipleFailedTestcases-2] INFO  c_testCases.F12_UndoRedoTC - Switched to default content.
03:50:49.735 [TestNG-test=RetryMultipleFailedTestcases-2] INFO  c_testCases.F12_UndoRedoTC - Clicked on track changes.
03:50:50.375 [TestNG-test=RetryMultipleFailedTestcases-2] INFO  c_testCases.F12_UndoRedoTC - Switched to frame 0.
03:50:58.746 [TestNG-test=RetryMultipleFailedTestcases-3] INFO  c_testCases.F12_UndoRedoTC - Logged in and searched for a file, then clicked Edit.
03:51:03.451 [TestNG-test=RetryMultipleFailedTestcases-4] INFO  c_testCases.F12_UndoRedoTC - Starting verify_Insert_Table
03:51:04.966 [TestNG-test=RetryMultipleFailedTestcases-3] INFO  c_testCases.F12_UndoRedoTC - Clicked on track changes.
03:51:04.966 [TestNG-test=RetryMultipleFailedTestcases-3] INFO  c_testCases.F12_UndoRedoTC - Clicked on track changes.
03:51:09.417 [TestNG-test=RetryMultipleFailedTestcases-1] INFO  c_testCases.F12_UndoRedoTC - Starting verify_Insert_Table
03:51:39.042 [TestNG-test=RetryMultipleFailedTestcases-2] INFO  c_testCases.F12_UndoRedoTC - Logged in and searched for a file, then clicked Edit.
03:51:39.059 [TestNG-test=RetryMultipleFailedTestcases-2] INFO  c_testCases.F12_UndoRedoTC - Switched to frame 0.
03:51:39.530 [TestNG-test=RetryMultipleFailedTestcases-2] INFO  c_testCases.F12_UndoRedoTC - Switched to default content.
03:51:40.218 [TestNG-test=RetryMultipleFailedTestcases-2] INFO  c_testCases.F12_UndoRedoTC - Switched to frame 0.
03:51:40.327 [TestNG-test=RetryMultipleFailedTestcases-2] INFO  c_testCases.F12_UndoRedoTC - Switched to default content.
03:51:40.585 [TestNG-test=RetryMultipleFailedTestcases-2] INFO  c_testCases.F12_UndoRedoTC - Clicked on track changes.
03:51:41.223 [TestNG-test=RetryMultipleFailedTestcases-2] INFO  c_testCases.F12_UndoRedoTC - Switched to frame 0.
03:51:41.243 [TestNG-test=RetryMultipleFailedTestcases-2] INFO  c_testCases.F12_UndoRedoTC - Switched to default content.
03:51:41.900 [TestNG-test=RetryMultipleFailedTestcases-2] INFO  c_testCases.F12_UndoRedoTC - Switched to frame 0.
03:51:56.141 [TestNG-test=RetryMultipleFailedTestcases-1] INFO  c_testCases.F12_UndoRedoTC - Logged in, searched for a file, and clicked Edit.
03:51:56.142 [TestNG-test=RetryMultipleFailedTestcases-1] INFO  c_testCases.F12_UndoRedoTC - Created F4_Table instance.
03:52:04.696 [TestNG-test=RetryMultipleFailedTestcases-1] INFO  c_testCases.F12_UndoRedoTC - Inserted table using ReusableMethods.
03:52:04.740 [TestNG-test=RetryMultipleFailedTestcases-1] INFO  c_testCases.F12_UndoRedoTC - Switched to frame 0.
03:52:04.796 [TestNG-test=RetryMultipleFailedTestcases-1] INFO  c_testCases.F12_UndoRedoTC - Table is inserted in the Visual Editor.
03:52:04.800 [TestNG-test=RetryMultipleFailedTestcases-1] INFO  c_testCases.F12_UndoRedoTC - Switched back to default content.
03:52:04.859 [TestNG-test=RetryMultipleFailedTestcases-1] INFO  c_testCases.F12_UndoRedoTC - Document Structure is updated with the table.
03:52:14.776 [TestNG-test=RetryMultipleFailedTestcases-2] INFO  c_testCases.F12_UndoRedoTC - Logged in and searched for a file, then clicked Edit.
03:52:19.425 [TestNG-test=RetryMultipleFailedTestcases-2] INFO  c_testCases.F12_UndoRedoTC - Clicked on track changes.
03:52:29.083 [TestNG-test=RetryMultipleFailedTestcases-3] INFO  c_testCases.F12_UndoRedoTC - Logged in and searched for a file, then clicked Edit.
03:52:31.942 [TestNG-test=RetryMultipleFailedTestcases-3] INFO  c_testCases.F12_UndoRedoTC - Clicked on track changes.
03:52:31.942 [TestNG-test=RetryMultipleFailedTestcases-3] INFO  c_testCases.F12_UndoRedoTC - Clicked on track changes.
03:52:54.728 [TestNG-test=RetryMultipleFailedTestcases-1] INFO  c_testCases.F12_UndoRedoTC - Starting verify_Insert_Table
03:52:56.327 [TestNG-test=RetryMultipleFailedTestcases-2] INFO  c_testCases.F12_UndoRedoTC - Logged in and searched for a file, then clicked Edit.
03:52:58.725 [TestNG-test=RetryMultipleFailedTestcases-2] INFO  c_testCases.F12_UndoRedoTC - Clicked on track changes.
03:53:24.968 [TestNG-test=RetryMultipleFailedTestcases-1] INFO  c_testCases.F12_UndoRedoTC - Logged in, searched for a file, and clicked Edit.
03:53:24.969 [TestNG-test=RetryMultipleFailedTestcases-1] INFO  c_testCases.F12_UndoRedoTC - Created F4_Table instance.
03:53:32.159 [TestNG-test=RetryMultipleFailedTestcases-2] INFO  c_testCases.F12_UndoRedoTC - Logged in and searched for a file, then clicked Edit.
03:53:33.720 [TestNG-test=RetryMultipleFailedTestcases-1] INFO  c_testCases.F12_UndoRedoTC - Inserted table using ReusableMethods.
03:53:33.748 [TestNG-test=RetryMultipleFailedTestcases-1] INFO  c_testCases.F12_UndoRedoTC - Switched to frame 0.
03:53:33.793 [TestNG-test=RetryMultipleFailedTestcases-1] INFO  c_testCases.F12_UndoRedoTC - Table is inserted in the Visual Editor.
03:53:33.794 [TestNG-test=RetryMultipleFailedTestcases-1] INFO  c_testCases.F12_UndoRedoTC - Switched back to default content.
03:53:33.842 [TestNG-test=RetryMultipleFailedTestcases-1] INFO  c_testCases.F12_UndoRedoTC - Document Structure is updated with the table.
03:53:36.790 [TestNG-test=RetryMultipleFailedTestcases-2] INFO  c_testCases.F12_UndoRedoTC - Clicked on track changes.
03:53:45.054 [TestNG-test=RetryMultipleFailedTestcases-3] INFO  c_testCases.F12_UndoRedoTC - Logged in and searched for a file, then clicked Edit.
03:53:49.026 [TestNG-test=RetryMultipleFailedTestcases-3] INFO  c_testCases.F12_UndoRedoTC - Clicked on track changes.
03:53:49.026 [TestNG-test=RetryMultipleFailedTestcases-3] INFO  c_testCases.F12_UndoRedoTC - Clicked on track changes.
03:54:11.825 [TestNG-test=RetryMultipleFailedTestcases-4] INFO  c_testCases.F12_UndoRedoTC - Logged in, searched for a file, and clicked Edit.
03:54:11.825 [TestNG-test=RetryMultipleFailedTestcases-4] INFO  c_testCases.F12_UndoRedoTC - Created F4_Table instance.
03:54:28.792 [TestNG-test=RetryMultipleFailedTestcases-2] INFO  c_testCases.F12_UndoRedoTC - Logged in and searched for a file, then clicked Edit.
03:54:34.204 [TestNG-test=RetryMultipleFailedTestcases-2] INFO  c_testCases.F12_UndoRedoTC - Clicked on track changes.
03:54:47.410 [TestNG-test=RetryMultipleFailedTestcases-1] INFO  c_testCases.F12_UndoRedoTC - Logged in and searched for a file, then clicked Edit.
03:55:06.765 [TestNG-test=RetryMultipleFailedTestcases-3] INFO  c_testCases.F12_UndoRedoTC - Logged in and searched for a file, then clicked Edit.
03:55:08.702 [TestNG-test=RetryMultipleFailedTestcases-3] INFO  c_testCases.F12_UndoRedoTC - Clicked on track changes.
03:55:08.702 [TestNG-test=RetryMultipleFailedTestcases-3] INFO  c_testCases.F12_UndoRedoTC - Clicked on track changes.
03:55:23.755 [TestNG-test=RetryMultipleFailedTestcases-1] INFO  c_testCases.F12_UndoRedoTC - Logged in and searched for a file, then clicked Edit.
03:57:36.867 [TestNG-test=RetryMultipleFailedTestcases-4] ERROR c_testCases.F12_UndoRedoTC - Exception while quitting WebDriver: Timed out waiting for driver server to stop.
Build info: version: '4.11.0', revision: '040bc5406b'
System info: os.name: 'Windows 10', os.arch: 'amd64', os.version: '10.0', java.version: '17.0.7'
Driver info: org.openqa.selenium.chrome.ChromeDriver
Command: [a14b0b45ddc781269783378a274f7ac2, quit {}]
Capabilities {acceptInsecureCerts: false, browserName: chrome, browserVersion: 117.0.5938.62, chrome: {chromedriverVersion: 117.0.5938.88 (be6afae47212..., userDataDir: C:\Users\ITRENT~1\AppData\L...}, fedcm:accounts: true, goog:chromeOptions: {debuggerAddress: localhost:54721}, networkConnectionEnabled: false, pageLoadStrategy: normal, platformName: windows, proxy: Proxy(), se:cdp: ws://localhost:54721/devtoo..., se:cdpVersion: 117.0.5938.62, setWindowRect: true, strictFileInteractability: false, timeouts: {implicit: 0, pageLoad: 300000, script: 30000}, unhandledPromptBehavior: dismiss and notify, webauthn:extension:credBlob: true, webauthn:extension:largeBlob: true, webauthn:extension:minPinLength: true, webauthn:extension:prf: true, webauthn:virtualAuthenticators: true}
Session ID: a14b0b45ddc781269783378a274f7ac2
03:57:41.593 [TestNG-test=RetryMultipleFailedTestcases-4] INFO  c_testCases.F12_UndoRedoTC - Starting verify_Insert_Table
03:57:57.107 [TestNG-test=RetryMultipleFailedTestcases-4] INFO  c_testCases.F12_UndoRedoTC - Logged in, searched for a file, and clicked Edit.
03:57:57.108 [TestNG-test=RetryMultipleFailedTestcases-4] INFO  c_testCases.F12_UndoRedoTC - Created F4_Table instance.
04:00:59.056 [TestNG-test=RetryMultipleFailedTestcases-3] INFO  c_testCases.F8_TrackChangesTC - Logged in and searched for a file, then clicked Edit.
04:00:59.088 [TestNG-test=RetryMultipleFailedTestcases-3] INFO  c_testCases.F8_TrackChangesTC - Switched to frame 0.
04:00:59.854 [TestNG-test=RetryMultipleFailedTestcases-3] INFO  c_testCases.F8_TrackChangesTC - Switched to default content.
04:01:03.068 [TestNG-test=RetryMultipleFailedTestcases-3] INFO  c_testCases.F8_TrackChangesTC - Clicked on track changes.
04:01:04.305 [TestNG-test=RetryMultipleFailedTestcases-3] INFO  c_testCases.F8_TrackChangesTC - Clicked on Track changes Accept Change.
04:01:07.402 [TestNG-test=RetryMultipleFailedTestcases-4] INFO  c_testCases.F8_TrackChangesTC - Logged in and searched for a file, then clicked Edit.
04:01:07.422 [TestNG-test=RetryMultipleFailedTestcases-4] INFO  c_testCases.F8_TrackChangesTC - Switched to frame 0.
04:01:07.854 [TestNG-test=RetryMultipleFailedTestcases-2] INFO  c_testCases.F8_TrackChangesTC - Logged in and searched for a file, then clicked Edit.
04:01:08.148 [TestNG-test=RetryMultipleFailedTestcases-4] INFO  c_testCases.F8_TrackChangesTC - Switched to default content.
04:01:12.553 [TestNG-test=RetryMultipleFailedTestcases-4] INFO  c_testCases.F8_TrackChangesTC - Clicked on track changes.
04:01:59.674 [TestNG-test=RetryMultipleFailedTestcases-1] INFO  c_testCases.F8_TrackChangesTC - Logged in and searched for a file, then clicked Edit.
04:01:59.691 [TestNG-test=RetryMultipleFailedTestcases-1] INFO  c_testCases.F8_TrackChangesTC - Switched to frame 0.
04:02:00.341 [TestNG-test=RetryMultipleFailedTestcases-1] INFO  c_testCases.F8_TrackChangesTC - Switched to default content.
04:02:04.258 [TestNG-test=RetryMultipleFailedTestcases-1] INFO  c_testCases.F8_TrackChangesTC - Clicked on track changes.
04:02:04.557 [TestNG-test=RetryMultipleFailedTestcases-2] INFO  c_testCases.F8_TrackChangesTC - Logged in and searched for a file, then clicked Edit.
04:02:47.995 [TestNG-test=RetryMultipleFailedTestcases-1] INFO  c_testCases.F8_TrackChangesTC - Logged in and searched for a file, then clicked Edit.
04:02:48.017 [TestNG-test=RetryMultipleFailedTestcases-1] INFO  c_testCases.F8_TrackChangesTC - Switched to frame 0.
04:02:48.645 [TestNG-test=RetryMultipleFailedTestcases-1] INFO  c_testCases.F8_TrackChangesTC - Switched to default content.
04:02:49.717 [TestNG-test=RetryMultipleFailedTestcases-2] INFO  c_testCases.F8_TrackChangesTC - Logged in and searched for a file, then clicked Edit.
04:02:49.736 [TestNG-test=RetryMultipleFailedTestcases-2] INFO  c_testCases.F8_TrackChangesTC - Switched to frame 0.
04:02:50.528 [TestNG-test=RetryMultipleFailedTestcases-2] INFO  c_testCases.F8_TrackChangesTC - Switched to default content.
04:02:51.074 [TestNG-test=RetryMultipleFailedTestcases-1] INFO  c_testCases.F8_TrackChangesTC - Clicked on track changes.
04:02:54.452 [TestNG-test=RetryMultipleFailedTestcases-2] INFO  c_testCases.F8_TrackChangesTC - Clicked on track changes.
04:02:55.586 [TestNG-test=RetryMultipleFailedTestcases-2] INFO  c_testCases.F8_TrackChangesTC - Clicked on Track changes Accept Change.
04:03:03.727 [TestNG-test=RetryMultipleFailedTestcases-3] INFO  c_testCases.F8_TrackChangesTC - Logged in and searched for a file, then clicked Edit.
04:03:03.749 [TestNG-test=RetryMultipleFailedTestcases-3] INFO  c_testCases.F8_TrackChangesTC - Switched to frame 0.
04:03:04.483 [TestNG-test=RetryMultipleFailedTestcases-3] INFO  c_testCases.F8_TrackChangesTC - Switched to default content.
04:03:04.500 [TestNG-test=RetryMultipleFailedTestcases-4] INFO  c_testCases.F8_TrackChangesTC - Logged in and searched for a file, then clicked Edit.
04:03:04.529 [TestNG-test=RetryMultipleFailedTestcases-4] INFO  c_testCases.F8_TrackChangesTC - Switched to frame 0.
04:03:05.156 [TestNG-test=RetryMultipleFailedTestcases-4] INFO  c_testCases.F8_TrackChangesTC - Switched to default content.
04:03:10.385 [TestNG-test=RetryMultipleFailedTestcases-4] INFO  c_testCases.F8_TrackChangesTC - Clicked on track changes.
04:03:13.125 [TestNG-test=RetryMultipleFailedTestcases-3] INFO  c_testCases.F8_TrackChangesTC - Clicked on track changes.
04:03:15.005 [TestNG-test=RetryMultipleFailedTestcases-3] INFO  c_testCases.F8_TrackChangesTC - Clicked on Track changes Accept Change.
04:03:34.828 [TestNG-test=RetryMultipleFailedTestcases-1] INFO  c_testCases.F8_TrackChangesTC - Logged in and searched for a file, then clicked Edit.
04:03:34.843 [TestNG-test=RetryMultipleFailedTestcases-1] INFO  c_testCases.F8_TrackChangesTC - Switched to frame 0.
04:03:35.341 [TestNG-test=RetryMultipleFailedTestcases-1] INFO  c_testCases.F8_TrackChangesTC - Switched to default content.
04:03:38.044 [TestNG-test=RetryMultipleFailedTestcases-1] INFO  c_testCases.F8_TrackChangesTC - Clicked on track changes.
04:03:46.617 [TestNG-test=RetryMultipleFailedTestcases-4] INFO  c_testCases.F8_TrackChangesTC - Logged in and searched for a file, then clicked Edit.
04:03:46.636 [TestNG-test=RetryMultipleFailedTestcases-4] INFO  c_testCases.F8_TrackChangesTC - Switched to frame 0.
04:03:47.350 [TestNG-test=RetryMultipleFailedTestcases-4] INFO  c_testCases.F8_TrackChangesTC - Switched to default content.
04:03:50.870 [TestNG-test=RetryMultipleFailedTestcases-4] INFO  c_testCases.F8_TrackChangesTC - Clicked on track changes.
04:04:16.136 [TestNG-test=RetryMultipleFailedTestcases-1] INFO  c_testCases.F8_TrackChangesTC - Logged in and searched for a file, then clicked Edit.
04:04:16.310 [TestNG-test=RetryMultipleFailedTestcases-1] INFO  c_testCases.F8_TrackChangesTC - Switched to frame 0.
04:04:16.849 [TestNG-test=RetryMultipleFailedTestcases-1] INFO  c_testCases.F8_TrackChangesTC - Switched to default content.
04:04:20.711 [TestNG-test=RetryMultipleFailedTestcases-1] INFO  c_testCases.F8_TrackChangesTC - Clicked on track changes.
04:04:54.189 [TestNG-test=RetryMultipleFailedTestcases-2] INFO  c_testCases.F8_TrackChangesTC - Logged in and searched for a file, then clicked Edit.
04:04:54.206 [TestNG-test=RetryMultipleFailedTestcases-2] INFO  c_testCases.F8_TrackChangesTC - Switched to frame 0.
04:04:54.622 [TestNG-test=RetryMultipleFailedTestcases-2] INFO  c_testCases.F8_TrackChangesTC - Switched to default content.
04:05:01.730 [TestNG-test=RetryMultipleFailedTestcases-1] INFO  c_testCases.F8_TrackChangesTC - Logged in and searched for a file, then clicked Edit.
04:05:01.745 [TestNG-test=RetryMultipleFailedTestcases-1] INFO  c_testCases.F8_TrackChangesTC - Switched to frame 0.
04:05:02.109 [TestNG-test=RetryMultipleFailedTestcases-1] INFO  c_testCases.F8_TrackChangesTC - Switched to default content.
04:05:19.673 [TestNG-test=RetryMultipleFailedTestcases-4] INFO  c_testCases.F8_TrackChangesTC - Logged in and searched for a file, then clicked Edit.
04:05:19.830 [TestNG-test=RetryMultipleFailedTestcases-4] INFO  c_testCases.F8_TrackChangesTC - Switched to frame 0.
04:05:20.309 [TestNG-test=RetryMultipleFailedTestcases-4] INFO  c_testCases.F8_TrackChangesTC - Switched to default content.
04:05:21.905 [TestNG-test=RetryMultipleFailedTestcases-3] INFO  c_testCases.F8_TrackChangesTC - Logged in and searched for a file, then clicked Edit.
04:05:21.921 [TestNG-test=RetryMultipleFailedTestcases-3] INFO  c_testCases.F8_TrackChangesTC - Switched to frame 0.
04:05:22.555 [TestNG-test=RetryMultipleFailedTestcases-3] INFO  c_testCases.F8_TrackChangesTC - Switched to default content.
04:05:23.192 [TestNG-test=RetryMultipleFailedTestcases-3] INFO  c_testCases.F8_TrackChangesTC - Switched to default content.
04:05:24.841 [TestNG-test=RetryMultipleFailedTestcases-4] INFO  c_testCases.F8_TrackChangesTC - Clicked on track changes.
04:05:25.325 [TestNG-test=RetryMultipleFailedTestcases-3] INFO  c_testCases.F8_TrackChangesTC - Clicked on track changes.
04:05:26.068 [TestNG-test=RetryMultipleFailedTestcases-3] INFO  c_testCases.F8_TrackChangesTC - Clicked on Track changes Accept Change.
04:06:16.132 [TestNG-test=RetryMultipleFailedTestcases-4] INFO  c_testCases.F8_TrackChangesTC - Logged in and searched for a file, then clicked Edit.
04:06:23.988 [TestNG-test=RetryMultipleFailedTestcases-4] INFO  c_testCases.F8_TrackChangesTC - Clicked on track changes.
04:06:25.121 [TestNG-test=RetryMultipleFailedTestcases-4] INFO  c_testCases.F8_TrackChangesTC - Clicked on Track changes Accept Change.
04:06:28.193 [TestNG-test=RetryMultipleFailedTestcases-1] INFO  c_testCases.F8_TrackChangesTC - Logged in and searched for a file, then clicked Edit.
04:06:28.211 [TestNG-test=RetryMultipleFailedTestcases-1] INFO  c_testCases.F8_TrackChangesTC - Switched to frame 0.
04:06:28.389 [TestNG-test=RetryMultipleFailedTestcases-2] INFO  c_testCases.F8_TrackChangesTC - Logged in and searched for a file, then clicked Edit.
04:06:28.408 [TestNG-test=RetryMultipleFailedTestcases-2] INFO  c_testCases.F8_TrackChangesTC - Switched to frame 0.
04:06:28.796 [TestNG-test=RetryMultipleFailedTestcases-1] INFO  c_testCases.F8_TrackChangesTC - Switched to default content.
04:06:28.983 [TestNG-test=RetryMultipleFailedTestcases-2] INFO  c_testCases.F8_TrackChangesTC - Switched to default content.
04:07:17.963 [TestNG-test=RetryMultipleFailedTestcases-3] INFO  c_testCases.F8_TrackChangesTC - Logged in and searched for a file, then clicked Edit.
04:07:17.984 [TestNG-test=RetryMultipleFailedTestcases-3] INFO  c_testCases.F8_TrackChangesTC - Switched to frame 0.
04:07:18.592 [TestNG-test=RetryMultipleFailedTestcases-3] INFO  c_testCases.F8_TrackChangesTC - Switched to default content.
04:07:19.483 [TestNG-test=RetryMultipleFailedTestcases-3] INFO  c_testCases.F8_TrackChangesTC - Clicked on track changes.
04:07:20.084 [TestNG-test=RetryMultipleFailedTestcases-3] INFO  c_testCases.F8_TrackChangesTC - Clicked on Track changes Accept Change.
04:07:50.807 [TestNG-test=RetryMultipleFailedTestcases-1] INFO  c_testCases.F8_TrackChangesTC - Logged in and searched for a file, then clicked Edit.
04:07:50.824 [TestNG-test=RetryMultipleFailedTestcases-1] INFO  c_testCases.F8_TrackChangesTC - Switched to frame 0.
04:07:51.059 [TestNG-test=RetryMultipleFailedTestcases-2] INFO  c_testCases.F8_TrackChangesTC - Logged in and searched for a file, then clicked Edit.
04:07:51.081 [TestNG-test=RetryMultipleFailedTestcases-2] INFO  c_testCases.F8_TrackChangesTC - Switched to frame 0.
04:07:51.581 [TestNG-test=RetryMultipleFailedTestcases-1] INFO  c_testCases.F8_TrackChangesTC - Switched to default content.
04:07:51.814 [TestNG-test=RetryMultipleFailedTestcases-2] INFO  c_testCases.F8_TrackChangesTC - Switched to default content.
04:08:29.813 [TestNG-test=RetryMultipleFailedTestcases-4] INFO  c_testCases.F8_TrackChangesTC - Logged in and searched for a file, then clicked Edit.
04:08:29.830 [TestNG-test=RetryMultipleFailedTestcases-4] INFO  c_testCases.F8_TrackChangesTC - Switched to frame 0.
04:08:30.339 [TestNG-test=RetryMultipleFailedTestcases-4] INFO  c_testCases.F8_TrackChangesTC - Switched to default content.
04:09:07.385 [TestNG-test=RetryMultipleFailedTestcases-2] INFO  c_testCases.F8_TrackChangesTC - Logged in and searched for a file, then clicked Edit.
04:09:07.429 [TestNG-test=RetryMultipleFailedTestcases-2] INFO  c_testCases.F8_TrackChangesTC - Switched to frame 0.
04:09:08.463 [TestNG-test=RetryMultipleFailedTestcases-2] INFO  c_testCases.F8_TrackChangesTC - Switched to default content.
04:09:12.223 [TestNG-test=RetryMultipleFailedTestcases-1] INFO  c_testCases.F8_TrackChangesTC - Logged in and searched for a file, then clicked Edit.
04:09:12.264 [TestNG-test=RetryMultipleFailedTestcases-1] INFO  c_testCases.F8_TrackChangesTC - Switched to frame 0.
04:09:13.162 [TestNG-test=RetryMultipleFailedTestcases-1] INFO  c_testCases.F8_TrackChangesTC - Switched to default content.
04:09:14.599 [TestNG-test=RetryMultipleFailedTestcases-4] INFO  c_testCases.F8_TrackChangesTC - Logged in and searched for a file, then clicked Edit.
04:09:14.628 [TestNG-test=RetryMultipleFailedTestcases-4] INFO  c_testCases.F8_TrackChangesTC - Switched to frame 0.
04:09:15.644 [TestNG-test=RetryMultipleFailedTestcases-4] INFO  c_testCases.F8_TrackChangesTC - Switched to default content.
04:09:17.890 [TestNG-test=RetryMultipleFailedTestcases-3] INFO  c_testCases.F8_TrackChangesTC - Logged in and searched for a file, then clicked Edit.
04:09:22.003 [TestNG-test=RetryMultipleFailedTestcases-4] INFO  c_testCases.F8_TrackChangesTC - Clicked on track changes.
04:09:22.196 [TestNG-test=RetryMultipleFailedTestcases-3] INFO  c_testCases.F8_TrackChangesTC - Clicked on track changes.
04:10:17.981 [TestNG-test=RetryMultipleFailedTestcases-1] INFO  c_testCases.F8_TrackChangesTC - Logged in and searched for a file, then clicked Edit.
04:10:18.032 [TestNG-test=RetryMultipleFailedTestcases-1] INFO  c_testCases.F8_TrackChangesTC - Switched to frame 0.
04:10:18.410 [TestNG-test=RetryMultipleFailedTestcases-4] INFO  c_testCases.F8_TrackChangesTC - Logged in and searched for a file, then clicked Edit.
04:10:18.435 [TestNG-test=RetryMultipleFailedTestcases-4] INFO  c_testCases.F8_TrackChangesTC - Switched to frame 0.
04:10:18.747 [TestNG-test=RetryMultipleFailedTestcases-1] INFO  c_testCases.F8_TrackChangesTC - Switched to default content.
04:10:19.447 [TestNG-test=RetryMultipleFailedTestcases-4] INFO  c_testCases.F8_TrackChangesTC - Switched to default content.
04:10:21.547 [TestNG-test=RetryMultipleFailedTestcases-2] INFO  c_testCases.F8_TrackChangesTC - Logged in and searched for a file, then clicked Edit.
04:10:22.829 [TestNG-test=RetryMultipleFailedTestcases-4] INFO  c_testCases.F8_TrackChangesTC - Clicked on track changes.
04:10:23.845 [TestNG-test=RetryMultipleFailedTestcases-4] INFO  c_testCases.F8_TrackChangesTC - Clicked on Track changes Accept Change.
04:10:25.106 [TestNG-test=RetryMultipleFailedTestcases-2] INFO  c_testCases.F8_TrackChangesTC - Clicked on track changes.
04:10:25.246 [TestNG-test=RetryMultipleFailedTestcases-1] INFO  c_testCases.F8_TrackChangesTC - Switched to frame 0.
04:10:25.843 [TestNG-test=RetryMultipleFailedTestcases-1] INFO  c_testCases.F8_TrackChangesTC - Switched to default content.
04:10:25.933 [TestNG-test=RetryMultipleFailedTestcases-2] INFO  c_testCases.F8_TrackChangesTC - Clicked on Track changes Accept Change.
04:10:25.979 [TestNG-test=RetryMultipleFailedTestcases-1] INFO  c_testCases.F8_TrackChangesTC - Clicked on track changes.
04:10:27.079 [TestNG-test=RetryMultipleFailedTestcases-1] INFO  c_testCases.F8_TrackChangesTC - Clicked on Track changes Accept Change.
04:10:27.589 [TestNG-test=RetryMultipleFailedTestcases-1] INFO  c_testCases.F8_TrackChangesTC - Switched to frame 0.
04:10:28.099 [TestNG-test=RetryMultipleFailedTestcases-1] INFO  c_testCases.F8_TrackChangesTC - Switched to default content.
04:10:28.121 [TestNG-test=RetryMultipleFailedTestcases-1] INFO  c_testCases.F8_TrackChangesTC - Switched to frame 1.
04:10:28.648 [TestNG-test=RetryMultipleFailedTestcases-1] INFO  c_testCases.F8_TrackChangesTC - Switched to default content.
04:10:28.865 [TestNG-test=RetryMultipleFailedTestcases-1] INFO  c_testCases.F8_TrackChangesTC - Switched to frame 0.
04:10:29.380 [TestNG-test=RetryMultipleFailedTestcases-1] INFO  c_testCases.F8_TrackChangesTC - Switched to default content.
04:10:30.617 [TestNG-test=RetryMultipleFailedTestcases-1] INFO  c_testCases.F8_TrackChangesTC - Clicked on Track changes Accept Change.
04:11:31.471 [TestNG-test=RetryMultipleFailedTestcases-3] INFO  c_testCases.F8_TrackChangesTC - Logged in and searched for a file, then clicked Edit.
04:11:34.598 [TestNG-test=RetryMultipleFailedTestcases-3] INFO  c_testCases.F8_TrackChangesTC - Clicked on track changes.
04:11:44.223 [TestNG-test=RetryMultipleFailedTestcases-4] INFO  c_testCases.F8_TrackChangesTC - Switched to frame 0.
04:11:44.526 [TestNG-test=RetryMultipleFailedTestcases-4] INFO  c_testCases.F8_TrackChangesTC - Switched to default content.
04:11:44.853 [TestNG-test=RetryMultipleFailedTestcases-4] INFO  c_testCases.F8_TrackChangesTC - Switched to frame 0.
04:11:45.107 [TestNG-test=RetryMultipleFailedTestcases-4] INFO  c_testCases.F8_TrackChangesTC - Switched to default content.
04:11:46.182 [TestNG-test=RetryMultipleFailedTestcases-2] INFO  c_testCases.F8_TrackChangesTC - Switched to frame 0.
04:12:15.565 [TestNG-test=RetryMultipleFailedTestcases-4] INFO  c_testCases.F8_TrackChangesTC - Logged in and searched for a file, then clicked Edit.
04:12:25.259 [TestNG-test=RetryMultipleFailedTestcases-1] INFO  c_testCases.F8_TrackChangesTC - Logged in and searched for a file, then clicked Edit.
04:12:25.274 [TestNG-test=RetryMultipleFailedTestcases-1] INFO  c_testCases.F8_TrackChangesTC - Switched to frame 0.
04:12:25.543 [TestNG-test=RetryMultipleFailedTestcases-1] INFO  c_testCases.F8_TrackChangesTC - Switched to default content.
04:12:26.668 [TestNG-test=RetryMultipleFailedTestcases-1] INFO  c_testCases.F8_TrackChangesTC - Clicked on track changes.
04:12:26.760 [TestNG-test=RetryMultipleFailedTestcases-1] INFO  c_testCases.F8_TrackChangesTC - Switched to frame 0.
04:12:27.273 [TestNG-test=RetryMultipleFailedTestcases-1] INFO  c_testCases.F8_TrackChangesTC - Switched to default content.
04:12:27.408 [TestNG-test=RetryMultipleFailedTestcases-1] INFO  c_testCases.F8_TrackChangesTC - Clicked on track changes.
04:12:27.420 [TestNG-test=RetryMultipleFailedTestcases-1] INFO  c_testCases.F8_TrackChangesTC - Switched to frame 0.
04:12:27.895 [TestNG-test=RetryMultipleFailedTestcases-1] INFO  c_testCases.F8_TrackChangesTC - Switched to default content.
04:12:28.657 [TestNG-test=RetryMultipleFailedTestcases-1] INFO  c_testCases.F8_TrackChangesTC - Clicked on Track changes Accept Change.
04:13:18.645 [TestNG-test=RetryMultipleFailedTestcases-2] INFO  c_testCases.F8_TrackChangesTC - Logged in and searched for a file, then clicked Edit.
04:13:22.816 [TestNG-test=RetryMultipleFailedTestcases-2] INFO  c_testCases.F8_TrackChangesTC - Clicked on track changes.
04:13:23.488 [TestNG-test=RetryMultipleFailedTestcases-2] INFO  c_testCases.F8_TrackChangesTC - Clicked on Track changes Accept Change.
04:13:35.871 [TestNG-test=RetryMultipleFailedTestcases-4] INFO  c_testCases.F8_TrackChangesTC - Logged in and searched for a file, then clicked Edit.
04:13:49.622 [TestNG-test=RetryMultipleFailedTestcases-1] INFO  c_testCases.F8_TrackChangesTC - Switched to frame 0.
04:13:55.774 [TestNG-test=RetryMultipleFailedTestcases-3] INFO  c_testCases.F8_TrackChangesTC - Logged in and searched for a file, then clicked Edit.
04:13:58.815 [TestNG-test=RetryMultipleFailedTestcases-3] INFO  c_testCases.F8_TrackChangesTC - Clicked on track changes.
04:14:43.698 [TestNG-test=RetryMultipleFailedTestcases-2] INFO  c_testCases.F8_TrackChangesTC - Switched to frame 0.
04:14:55.185 [TestNG-test=RetryMultipleFailedTestcases-4] INFO  c_testCases.F8_TrackChangesTC - Logged in and searched for a file, then clicked Edit.
04:15:08.600 [TestNG-test=RetryMultipleFailedTestcases-1] INFO  c_testCases.F8_TrackChangesTC - Logged in and searched for a file, then clicked Edit.
04:15:10.035 [TestNG-test=RetryMultipleFailedTestcases-1] INFO  c_testCases.F8_TrackChangesTC - Clicked on track changes.
04:15:10.051 [TestNG-test=RetryMultipleFailedTestcases-1] INFO  c_testCases.F8_TrackChangesTC - Switched to frame 0.
04:15:10.533 [TestNG-test=RetryMultipleFailedTestcases-1] INFO  c_testCases.F8_TrackChangesTC - Switched to default content.
04:15:11.025 [TestNG-test=RetryMultipleFailedTestcases-1] INFO  c_testCases.F8_TrackChangesTC - Clicked on Track changes Accept Change.
04:16:05.921 [TestNG-test=RetryMultipleFailedTestcases-2] INFO  c_testCases.F8_TrackChangesTC - Logged in and searched for a file, then clicked Edit.
04:16:10.241 [TestNG-test=RetryMultipleFailedTestcases-4] INFO  c_testCases.F8_TrackChangesTC - Logged in and searched for a file, then clicked Edit.
04:16:10.876 [TestNG-test=RetryMultipleFailedTestcases-2] INFO  c_testCases.F8_TrackChangesTC - Clicked on track changes.
04:16:11.641 [TestNG-test=RetryMultipleFailedTestcases-2] INFO  c_testCases.F8_TrackChangesTC - Clicked on Track changes Accept Change.
04:16:16.513 [TestNG-test=RetryMultipleFailedTestcases-3] INFO  c_testCases.F8_TrackChangesTC - Logged in and searched for a file, then clicked Edit.
04:16:19.257 [TestNG-test=RetryMultipleFailedTestcases-3] INFO  c_testCases.F8_TrackChangesTC - Clicked on track changes.
04:17:15.026 [TestNG-test=RetryMultipleFailedTestcases-1] INFO  c_testCases.F8_TrackChangesTC - Logged in and searched for a file, then clicked Edit.
04:17:17.854 [TestNG-test=RetryMultipleFailedTestcases-1] INFO  c_testCases.F8_TrackChangesTC - Clicked on track changes.
04:17:17.855 [TestNG-test=RetryMultipleFailedTestcases-1] INFO  c_testCases.F8_TrackChangesTC - Clicked on track changes.
04:17:18.530 [TestNG-test=RetryMultipleFailedTestcases-1] INFO  c_testCases.F8_TrackChangesTC - Clicked on Track changes Accept Change.
04:17:31.103 [TestNG-test=RetryMultipleFailedTestcases-4] INFO  c_testCases.F8_TrackChangesTC - Logged in and searched for a file, then clicked Edit.
04:17:31.125 [TestNG-test=RetryMultipleFailedTestcases-4] INFO  c_testCases.F8_TrackChangesTC - Switched to frame 0.
04:17:31.605 [TestNG-test=RetryMultipleFailedTestcases-4] INFO  c_testCases.F8_TrackChangesTC - Switched to default content.
04:17:31.889 [TestNG-test=RetryMultipleFailedTestcases-2] INFO  c_testCases.F8_TrackChangesTC - Switched to frame 0.
04:17:32.027 [TestNG-test=RetryMultipleFailedTestcases-4] INFO  c_testCases.F8_TrackChangesTC - Clicked on track changes.
04:17:32.148 [TestNG-test=RetryMultipleFailedTestcases-4] INFO  c_testCases.F8_TrackChangesTC - Switched to frame 0.
04:17:32.415 [TestNG-test=RetryMultipleFailedTestcases-4] INFO  c_testCases.F8_TrackChangesTC - Switched to default content.
04:17:32.863 [TestNG-test=RetryMultipleFailedTestcases-4] INFO  c_testCases.F8_TrackChangesTC - Clicked on Track changes Accept Change.
04:18:30.696 [TestNG-test=RetryMultipleFailedTestcases-3] INFO  c_testCases.F8_TrackChangesTC - Logged in and searched for a file, then clicked Edit.
04:18:30.731 [TestNG-test=RetryMultipleFailedTestcases-3] INFO  c_testCases.F8_TrackChangesTC - Switched to frame 0.
04:18:31.286 [TestNG-test=RetryMultipleFailedTestcases-3] INFO  c_testCases.F8_TrackChangesTC - Switched to default content.
04:18:31.566 [TestNG-test=RetryMultipleFailedTestcases-3] INFO  c_testCases.F8_TrackChangesTC - Switched to frame 0.
04:18:32.384 [TestNG-test=RetryMultipleFailedTestcases-3] INFO  c_testCases.F8_TrackChangesTC - Switched to default content.
04:18:32.548 [TestNG-test=RetryMultipleFailedTestcases-3] INFO  c_testCases.F8_TrackChangesTC - Clicked on track changes.
04:18:33.620 [TestNG-test=RetryMultipleFailedTestcases-3] INFO  c_testCases.F8_TrackChangesTC - Clicked on Track changes Accept Change.
04:18:52.613 [TestNG-test=RetryMultipleFailedTestcases-2] INFO  c_testCases.F8_TrackChangesTC - Logged in and searched for a file, then clicked Edit.
04:18:56.248 [TestNG-test=RetryMultipleFailedTestcases-2] INFO  c_testCases.F8_TrackChangesTC - Clicked on track changes.
04:18:57.592 [TestNG-test=RetryMultipleFailedTestcases-2] INFO  c_testCases.F8_TrackChangesTC - Clicked on Track changes Accept Change.
04:19:09.603 [TestNG-test=RetryMultipleFailedTestcases-1] INFO  c_testCases.F8_TrackChangesTC - Logged in and searched for a file, then clicked Edit.
04:19:09.614 [TestNG-test=RetryMultipleFailedTestcases-1] INFO  c_testCases.F8_TrackChangesTC - Switched to frame 0.
04:19:10.142 [TestNG-test=RetryMultipleFailedTestcases-1] INFO  c_testCases.F8_TrackChangesTC - Switched to default content.
04:19:10.818 [TestNG-test=RetryMultipleFailedTestcases-1] INFO  c_testCases.F8_TrackChangesTC - Clicked on track changes.
04:19:10.874 [TestNG-test=RetryMultipleFailedTestcases-1] INFO  c_testCases.F8_TrackChangesTC - Switched to frame 0.
04:19:11.231 [TestNG-test=RetryMultipleFailedTestcases-1] INFO  c_testCases.F8_TrackChangesTC - Switched to default content.
04:19:11.690 [TestNG-test=RetryMultipleFailedTestcases-1] INFO  c_testCases.F8_TrackChangesTC - Clicked on Track changes Accept Change.
04:19:52.701 [TestNG-test=RetryMultipleFailedTestcases-4] INFO  c_testCases.F8_TrackChangesTC - Logged in and searched for a file, then clicked Edit.
04:19:52.720 [TestNG-test=RetryMultipleFailedTestcases-4] INFO  c_testCases.F8_TrackChangesTC - Switched to frame 0.
04:19:53.338 [TestNG-test=RetryMultipleFailedTestcases-4] INFO  c_testCases.F8_TrackChangesTC - Switched to default content.
04:19:55.660 [TestNG-test=RetryMultipleFailedTestcases-4] INFO  c_testCases.F8_TrackChangesTC - Switched to frame 0.
04:19:55.720 [TestNG-test=RetryMultipleFailedTestcases-4] INFO  c_testCases.F8_TrackChangesTC - Switched to default content.
04:19:55.911 [TestNG-test=RetryMultipleFailedTestcases-4] INFO  c_testCases.F8_TrackChangesTC - Clicked on track changes.
04:19:57.233 [TestNG-test=RetryMultipleFailedTestcases-4] INFO  c_testCases.F8_TrackChangesTC - Clicked on Track changes Accept Change.
04:20:17.825 [TestNG-test=RetryMultipleFailedTestcases-2] INFO  c_testCases.F8_TrackChangesTC - Switched to frame 0.
04:20:39.243 [TestNG-test=RetryMultipleFailedTestcases-1] INFO  c_testCases.F8_TrackChangesTC - Logged in and searched for a file, then clicked Edit.
04:20:39.264 [TestNG-test=RetryMultipleFailedTestcases-1] INFO  c_testCases.F8_TrackChangesTC - Switched to frame 0.
04:20:39.975 [TestNG-test=RetryMultipleFailedTestcases-1] INFO  c_testCases.F8_TrackChangesTC - Switched to default content.
04:20:40.954 [TestNG-test=RetryMultipleFailedTestcases-1] INFO  c_testCases.F8_TrackChangesTC - Clicked on track changes.
04:20:41.046 [TestNG-test=RetryMultipleFailedTestcases-1] INFO  c_testCases.F8_TrackChangesTC - Switched to frame 0.
04:20:41.508 [TestNG-test=RetryMultipleFailedTestcases-1] INFO  c_testCases.F8_TrackChangesTC - Switched to default content.
04:20:42.184 [TestNG-test=RetryMultipleFailedTestcases-1] INFO  c_testCases.F8_TrackChangesTC - Clicked on Track changes Accept Change.
04:20:48.349 [TestNG-test=RetryMultipleFailedTestcases-3] INFO  c_testCases.F8_TrackChangesTC - Logged in and searched for a file, then clicked Edit.
04:20:59.366 [TestNG-test=RetryMultipleFailedTestcases-3] INFO  c_testCases.F8_TrackChangesTC - Clicked on track changes.
04:20:59.387 [TestNG-test=RetryMultipleFailedTestcases-3] INFO  c_testCases.F8_TrackChangesTC - Switched to frame 0.
04:21:00.233 [TestNG-test=RetryMultipleFailedTestcases-3] INFO  c_testCases.F8_TrackChangesTC - Switched to default content.
04:21:02.080 [TestNG-test=RetryMultipleFailedTestcases-3] INFO  c_testCases.F8_TrackChangesTC - Clicked on Track changes Accept Change.
04:21:47.813 [TestNG-test=RetryMultipleFailedTestcases-2] INFO  c_testCases.F8_TrackChangesTC - Logged in and searched for a file, then clicked Edit.
04:21:47.830 [TestNG-test=RetryMultipleFailedTestcases-2] INFO  c_testCases.F8_TrackChangesTC - Switched to frame 0.
04:21:48.298 [TestNG-test=RetryMultipleFailedTestcases-2] INFO  c_testCases.F8_TrackChangesTC - Switched to default content.
04:21:48.346 [TestNG-test=RetryMultipleFailedTestcases-2] INFO  c_testCases.F8_TrackChangesTC - Switched to frame 1.
04:21:48.765 [TestNG-test=RetryMultipleFailedTestcases-2] INFO  c_testCases.F8_TrackChangesTC - Switched to default content.
04:21:48.830 [TestNG-test=RetryMultipleFailedTestcases-2] INFO  c_testCases.F8_TrackChangesTC - Switched to frame 0.
04:21:48.858 [TestNG-test=RetryMultipleFailedTestcases-2] INFO  c_testCases.F8_TrackChangesTC - Switched to default content.
04:21:49.089 [TestNG-test=RetryMultipleFailedTestcases-2] INFO  c_testCases.F8_TrackChangesTC - Clicked on track changes.
04:21:49.104 [TestNG-test=RetryMultipleFailedTestcases-2] INFO  c_testCases.F8_TrackChangesTC - Switched to frame 0.
04:21:49.532 [TestNG-test=RetryMultipleFailedTestcases-2] INFO  c_testCases.F8_TrackChangesTC - Switched to default content.
04:21:49.985 [TestNG-test=RetryMultipleFailedTestcases-2] INFO  c_testCases.F8_TrackChangesTC - Clicked on Track changes Accept Change.
04:21:52.236 [TestNG-test=RetryMultipleFailedTestcases-4] INFO  c_testCases.F8_TrackChangesTC - Logged in and searched for a file, then clicked Edit.
04:21:52.247 [TestNG-test=RetryMultipleFailedTestcases-4] INFO  c_testCases.F8_TrackChangesTC - Switched to frame 0.
04:21:52.620 [TestNG-test=RetryMultipleFailedTestcases-4] INFO  c_testCases.F8_TrackChangesTC - Switched to default content.
04:21:54.840 [TestNG-test=RetryMultipleFailedTestcases-4] INFO  c_testCases.F8_TrackChangesTC - Switched to frame 0.
04:21:55.275 [TestNG-test=RetryMultipleFailedTestcases-4] INFO  c_testCases.F8_TrackChangesTC - Switched to default content.
04:21:55.560 [TestNG-test=RetryMultipleFailedTestcases-4] INFO  c_testCases.F8_TrackChangesTC - Clicked on track changes.
04:21:55.687 [TestNG-test=RetryMultipleFailedTestcases-4] INFO  c_testCases.F8_TrackChangesTC - Switched to frame 0.
04:21:56.010 [TestNG-test=RetryMultipleFailedTestcases-4] INFO  c_testCases.F8_TrackChangesTC - Switched to default content.
04:21:56.463 [TestNG-test=RetryMultipleFailedTestcases-4] INFO  c_testCases.F8_TrackChangesTC - Clicked on Track changes Accept Change.
04:22:48.588 [TestNG-test=RetryMultipleFailedTestcases-1] INFO  c_testCases.F9_FootnoteTC - Logged in and searched for a file, then clicked Edit.
04:22:48.610 [TestNG-test=RetryMultipleFailedTestcases-1] INFO  c_testCases.F9_FootnoteTC - Switched to frame 0.
04:22:48.922 [TestNG-test=RetryMultipleFailedTestcases-1] INFO  c_testCases.F9_FootnoteTC - Switched to default content.
04:23:23.596 [TestNG-test=RetryMultipleFailedTestcases-4] INFO  c_testCases.F8_TrackChangesTC - Logged in and searched for a file, then clicked Edit.
04:23:23.617 [TestNG-test=RetryMultipleFailedTestcases-4] INFO  c_testCases.F8_TrackChangesTC - Switched to frame 0.
04:23:24.066 [TestNG-test=RetryMultipleFailedTestcases-4] INFO  c_testCases.F8_TrackChangesTC - Switched to default content.
04:23:25.935 [TestNG-test=RetryMultipleFailedTestcases-4] INFO  c_testCases.F8_TrackChangesTC - Switched to frame 0.
04:23:26.433 [TestNG-test=RetryMultipleFailedTestcases-4] INFO  c_testCases.F8_TrackChangesTC - Switched to default content.
04:23:26.915 [TestNG-test=RetryMultipleFailedTestcases-4] INFO  c_testCases.F8_TrackChangesTC - Clicked on track changes.
04:23:27.040 [TestNG-test=RetryMultipleFailedTestcases-4] INFO  c_testCases.F8_TrackChangesTC - Switched to frame 0.
04:23:27.462 [TestNG-test=RetryMultipleFailedTestcases-4] INFO  c_testCases.F8_TrackChangesTC - Switched to default content.
04:23:27.928 [TestNG-test=RetryMultipleFailedTestcases-4] INFO  c_testCases.F8_TrackChangesTC - Clicked on Track changes Accept Change.
04:23:30.102 [TestNG-test=RetryMultipleFailedTestcases-3] INFO  c_testCases.F9_FootnoteTC - Logged in and searched for a file, then clicked Edit.
04:23:43.255 [TestNG-test=RetryMultipleFailedTestcases-2] INFO  c_testCases.F9_FootnoteTC - Logged in and searched for a file, then clicked Edit.
04:23:43.288 [TestNG-test=RetryMultipleFailedTestcases-2] INFO  c_testCases.F9_FootnoteTC - Switched to frame 0.
04:23:43.986 [TestNG-test=RetryMultipleFailedTestcases-2] INFO  c_testCases.F9_FootnoteTC - Switched to default content.
04:24:03.909 [TestNG-test=RetryMultipleFailedTestcases-3] INFO  c_testCases.F9_FootnoteTC - Logged in and searched for a file, then clicked Edit.
04:24:03.945 [TestNG-test=RetryMultipleFailedTestcases-3] INFO  c_testCases.F9_FootnoteTC - Switched to frame 0.
04:24:04.439 [TestNG-test=RetryMultipleFailedTestcases-3] INFO  c_testCases.F9_FootnoteTC - Switched to default content.
04:24:12.327 [TestNG-test=RetryMultipleFailedTestcases-3] INFO  c_testCases.F9_FootnoteTC - Switched to frame 0.
04:24:13.244 [TestNG-test=RetryMultipleFailedTestcases-3] INFO  c_testCases.F9_FootnoteTC - Switched to default content.
04:24:15.213 [TestNG-test=RetryMultipleFailedTestcases-1] INFO  c_testCases.F9_FootnoteTC - Logged in and searched for a file, then clicked Edit.
04:24:15.228 [TestNG-test=RetryMultipleFailedTestcases-1] INFO  c_testCases.F9_FootnoteTC - Switched to frame 0.
04:24:15.678 [TestNG-test=RetryMultipleFailedTestcases-1] INFO  c_testCases.F9_FootnoteTC - Switched to default content.
04:24:31.519 [TestNG-test=RetryMultipleFailedTestcases-2] INFO  c_testCases.F9_FootnoteTC - Logged in and searched for a file, then clicked Edit.
04:24:31.576 [TestNG-test=RetryMultipleFailedTestcases-2] INFO  c_testCases.F9_FootnoteTC - Switched to frame 0.
04:24:32.102 [TestNG-test=RetryMultipleFailedTestcases-2] INFO  c_testCases.F9_FootnoteTC - Switched to default content.
04:25:08.471 [TestNG-test=RetryMultipleFailedTestcases-1] INFO  c_testCases.F9_FootnoteTC - Logged in and searched for a file, then clicked Edit.
04:25:08.509 [TestNG-test=RetryMultipleFailedTestcases-1] INFO  c_testCases.F9_FootnoteTC - Switched to frame 0.
04:25:09.396 [TestNG-test=RetryMultipleFailedTestcases-1] INFO  c_testCases.F9_FootnoteTC - Switched to default content.
04:25:25.749 [TestNG-test=RetryMultipleFailedTestcases-2] INFO  c_testCases.F9_FootnoteTC - Logged in and searched for a file, then clicked Edit.
04:25:25.854 [TestNG-test=RetryMultipleFailedTestcases-2] INFO  c_testCases.F9_FootnoteTC - Switched to frame 0.
04:25:26.731 [TestNG-test=RetryMultipleFailedTestcases-2] INFO  c_testCases.F9_FootnoteTC - Switched to default content.
04:25:48.333 [TestNG-test=RetryMultipleFailedTestcases-4] INFO  c_testCases.F9_FootnoteTC - Logged in and searched for a file, then clicked Edit.
04:25:48.348 [TestNG-test=RetryMultipleFailedTestcases-4] INFO  c_testCases.F9_FootnoteTC - Switched to frame 0.
04:25:48.850 [TestNG-test=RetryMultipleFailedTestcases-4] INFO  c_testCases.F9_FootnoteTC - Switched to default content.
04:26:06.494 [TestNG-test=RetryMultipleFailedTestcases-1] INFO  c_testCases.F9_FootnoteTC - Logged in and searched for a file, then clicked Edit.
04:26:06.513 [TestNG-test=RetryMultipleFailedTestcases-1] INFO  c_testCases.F9_FootnoteTC - Switched to frame 0.
04:26:07.343 [TestNG-test=RetryMultipleFailedTestcases-1] INFO  c_testCases.F9_FootnoteTC - Switched to default content.
04:26:30.689 [TestNG-test=RetryMultipleFailedTestcases-2] INFO  c_testCases.F9_FootnoteTC - Logged in and searched for a file, then clicked Edit.
04:26:30.850 [TestNG-test=RetryMultipleFailedTestcases-2] INFO  c_testCases.F9_FootnoteTC - Switched to frame 0.
04:26:31.298 [TestNG-test=RetryMultipleFailedTestcases-2] INFO  c_testCases.F9_FootnoteTC - Switched to default content.
04:26:57.604 [TestNG-test=RetryMultipleFailedTestcases-1] INFO  c_testCases.F9_FootnoteTC - Logged in and searched for a file, then clicked Edit.
04:26:57.622 [TestNG-test=RetryMultipleFailedTestcases-1] INFO  c_testCases.F9_FootnoteTC - Switched to frame 0.
04:26:58.346 [TestNG-test=RetryMultipleFailedTestcases-1] INFO  c_testCases.F9_FootnoteTC - Switched to default content.
04:27:23.944 [TestNG-test=RetryMultipleFailedTestcases-4] INFO  c_testCases.F12_UndoRedoTC - Logged in and searched for a file, then clicked Edit.
04:27:23.989 [TestNG-test=RetryMultipleFailedTestcases-4] INFO  c_testCases.F12_UndoRedoTC - Switched to frame 0.
04:27:25.188 [TestNG-test=RetryMultipleFailedTestcases-4] INFO  c_testCases.F12_UndoRedoTC - Switched to default content.
04:27:53.031 [TestNG-test=RetryMultipleFailedTestcases-1] INFO  c_testCases.F12_UndoRedoTC - Logged in and searched for a file, then clicked Edit.
04:27:53.051 [TestNG-test=RetryMultipleFailedTestcases-1] INFO  c_testCases.F12_UndoRedoTC - Switched to frame 0.
04:27:53.850 [TestNG-test=RetryMultipleFailedTestcases-1] INFO  c_testCases.F12_UndoRedoTC - Switched to default content.
04:28:12.548 [TestNG-test=RetryMultipleFailedTestcases-2] INFO  c_testCases.F12_UndoRedoTC - Logged in and searched for a file, then clicked Edit.
04:28:12.561 [TestNG-test=RetryMultipleFailedTestcases-2] INFO  c_testCases.F12_UndoRedoTC - Switched to frame 0.
04:28:13.038 [TestNG-test=RetryMultipleFailedTestcases-2] INFO  c_testCases.F12_UndoRedoTC - Switched to default content.
04:28:16.081 [TestNG-test=RetryMultipleFailedTestcases-2] INFO  c_testCases.F12_UndoRedoTC - Clicked on track changes.
04:28:16.217 [TestNG-test=RetryMultipleFailedTestcases-2] INFO  c_testCases.F12_UndoRedoTC - Switched to frame 0.
04:28:16.279 [TestNG-test=RetryMultipleFailedTestcases-2] INFO  c_testCases.F12_UndoRedoTC - Switched to default content.
04:28:16.476 [TestNG-test=RetryMultipleFailedTestcases-4] INFO  c_testCases.F12_UndoRedoTC - Logged in and searched for a file, then clicked Edit.
04:28:16.496 [TestNG-test=RetryMultipleFailedTestcases-4] INFO  c_testCases.F12_UndoRedoTC - Switched to frame 0.
04:28:17.265 [TestNG-test=RetryMultipleFailedTestcases-2] INFO  c_testCases.F12_UndoRedoTC - Switched to frame 0.
04:28:17.275 [TestNG-test=RetryMultipleFailedTestcases-4] INFO  c_testCases.F12_UndoRedoTC - Switched to default content.
04:29:24.712 [TestNG-test=RetryMultipleFailedTestcases-1] INFO  c_testCases.F12_UndoRedoTC - Logged in and searched for a file, then clicked Edit.
04:29:24.730 [TestNG-test=RetryMultipleFailedTestcases-1] INFO  c_testCases.F12_UndoRedoTC - Switched to frame 0.
04:29:25.339 [TestNG-test=RetryMultipleFailedTestcases-1] INFO  c_testCases.F12_UndoRedoTC - Switched to default content.
04:29:28.572 [TestNG-test=RetryMultipleFailedTestcases-1] INFO  c_testCases.F12_UndoRedoTC - Clicked on track changes.
04:29:28.654 [TestNG-test=RetryMultipleFailedTestcases-1] INFO  c_testCases.F12_UndoRedoTC - Switched to frame 0.
04:29:28.691 [TestNG-test=RetryMultipleFailedTestcases-1] INFO  c_testCases.F12_UndoRedoTC - Switched to default content.
04:29:29.521 [TestNG-test=RetryMultipleFailedTestcases-1] INFO  c_testCases.F12_UndoRedoTC - Switched to frame 0.
04:29:33.664 [TestNG-test=RetryMultipleFailedTestcases-2] INFO  c_testCases.F12_UndoRedoTC - Logged in and searched for a file, then clicked Edit.
04:29:33.678 [TestNG-test=RetryMultipleFailedTestcases-2] INFO  c_testCases.F12_UndoRedoTC - Switched to frame 0.
04:29:34.252 [TestNG-test=RetryMultipleFailedTestcases-2] INFO  c_testCases.F12_UndoRedoTC - Switched to default content.
04:29:34.936 [TestNG-test=RetryMultipleFailedTestcases-2] INFO  c_testCases.F12_UndoRedoTC - Switched to default content.
04:29:36.727 [TestNG-test=RetryMultipleFailedTestcases-2] INFO  c_testCases.F12_UndoRedoTC - Clicked on track changes.
04:29:39.672 [TestNG-test=RetryMultipleFailedTestcases-4] INFO  c_testCases.F12_UndoRedoTC - Logged in and searched for a file, then clicked Edit.
04:29:39.685 [TestNG-test=RetryMultipleFailedTestcases-4] INFO  c_testCases.F12_UndoRedoTC - Switched to frame 0.
04:29:40.162 [TestNG-test=RetryMultipleFailedTestcases-4] INFO  c_testCases.F12_UndoRedoTC - Switched to default content.
