23:46:27.466 [TestNG-test=RetryMultipleFailedTestcases-3] INFO  sprint4_TestCases.I_Table_RightClickOptions_TC - Switched to frame 0.
23:46:27.480 [TestNG-test=RetryMultipleFailedTestcases-3] INFO  sprint4_TestCases.I_Table_RightClickOptions_TC - Switched to frame 0.
23:46:27.804 [TestNG-test=RetryMultipleFailedTestcases-4] INFO  sprint4_TestCases.I_Table_RightClickOptions_TC - Logged in and searched for a file, then clicked Edit.
23:46:27.831 [TestNG-test=RetryMultipleFailedTestcases-4] INFO  sprint4_TestCases.I_Table_RightClickOptions_TC - Switched to frame 0.
23:46:28.138 [TestNG-test=RetryMultipleFailedTestcases-1] INFO  sprint4_TestCases.I_Table_RightClickOptions_TC - Logged in and searched for a file, then clicked Edit.
23:46:28.139 [TestNG-test=RetryMultipleFailedTestcases-1] INFO  sprint4_TestCases.I_Table_RightClickOptions_TC - Logged in and searched for a file, then clicked Edit.
23:46:28.155 [TestNG-test=RetryMultipleFailedTestcases-1] INFO  sprint4_TestCases.I_Table_RightClickOptions_TC - Switched to frame 0.
23:46:38.334 [TestNG-test=RetryMultipleFailedTestcases-2] INFO  sprint4_TestCases.I_Table_RightClickOptions_TC - Switched back to default content.
23:46:38.375 [TestNG-test=RetryMultipleFailedTestcases-2] INFO  sprint4_TestCases.I_Table_RightClickOptions_TC - Switched to frame 1.
23:47:08.072 [TestNG-test=RetryMultipleFailedTestcases-3] INFO  sprint4_TestCases.I_Table_RightClickOptions_TC - Switched back to default content.
23:47:08.108 [TestNG-test=RetryMultipleFailedTestcases-3] INFO  sprint4_TestCases.I_Table_RightClickOptions_TC - Switched to frame 1.
23:47:08.644 [TestNG-test=RetryMultipleFailedTestcases-4] INFO  sprint4_TestCases.I_Table_RightClickOptions_TC - Switched back to default content.
23:47:08.696 [TestNG-test=RetryMultipleFailedTestcases-4] INFO  sprint4_TestCases.I_Table_RightClickOptions_TC - Switched to frame 1.
23:47:09.337 [TestNG-test=RetryMultipleFailedTestcases-1] INFO  sprint4_TestCases.I_Table_RightClickOptions_TC - Switched back to default content.
23:47:09.404 [TestNG-test=RetryMultipleFailedTestcases-1] INFO  sprint4_TestCases.I_Table_RightClickOptions_TC - Switched to frame 1.
23:47:11.477 [TestNG-test=RetryMultipleFailedTestcases-1] INFO  sprint4_TestCases.I_Table_RightClickOptions_TC - Switched back to default content.
23:47:13.195 [TestNG-test=RetryMultipleFailedTestcases-1] INFO  sprint4_TestCases.I_Table_RightClickOptions_TC - Switched to frame 0.
23:47:13.344 [TestNG-test=RetryMultipleFailedTestcases-1] INFO  sprint4_TestCases.I_Table_RightClickOptions_TC - Switched back to default content.
23:47:18.154 [TestNG-test=RetryMultipleFailedTestcases-2] INFO  sprint4_TestCases.I_Table_RightClickOptions_TC - Logged in and searched for a file, then clicked Edit.
23:47:18.177 [TestNG-test=RetryMultipleFailedTestcases-2] INFO  sprint4_TestCases.I_Table_RightClickOptions_TC - Switched to frame 0.
23:47:50.045 [TestNG-test=RetryMultipleFailedTestcases-4] INFO  sprint4_TestCases.I_Table_RightClickOptions_TC - Logged in and searched for a file, then clicked Edit.
23:47:50.058 [TestNG-test=RetryMultipleFailedTestcases-4] INFO  sprint4_TestCases.I_Table_RightClickOptions_TC - Switched to frame 0.
23:47:51.166 [TestNG-test=RetryMultipleFailedTestcases-3] INFO  sprint4_TestCases.I_Table_RightClickOptions_TC - Logged in and searched for a file, then clicked Edit.
23:47:51.184 [TestNG-test=RetryMultipleFailedTestcases-3] INFO  sprint4_TestCases.I_Table_RightClickOptions_TC - Switched to frame 0.
23:47:58.803 [TestNG-test=RetryMultipleFailedTestcases-2] INFO  sprint4_TestCases.I_Table_RightClickOptions_TC - Switched back to default content.
23:47:58.817 [TestNG-test=RetryMultipleFailedTestcases-2] INFO  sprint4_TestCases.I_Table_RightClickOptions_TC - Switched to frame 1.
23:47:59.413 [TestNG-test=RetryMultipleFailedTestcases-2] INFO  sprint4_TestCases.I_Table_RightClickOptions_TC - Switched back to default content.
23:48:00.479 [TestNG-test=RetryMultipleFailedTestcases-2] INFO  sprint4_TestCases.I_Table_RightClickOptions_TC - Switched to frame 0.
23:48:00.515 [TestNG-test=RetryMultipleFailedTestcases-2] INFO  sprint4_TestCases.I_Table_RightClickOptions_TC - Switched back to default content.
23:48:30.924 [TestNG-test=RetryMultipleFailedTestcases-4] INFO  sprint4_TestCases.I_Table_RightClickOptions_TC - Switched back to default content.
23:48:30.969 [TestNG-test=RetryMultipleFailedTestcases-4] INFO  sprint4_TestCases.I_Table_RightClickOptions_TC - Switched to frame 1.
23:48:32.108 [TestNG-test=RetryMultipleFailedTestcases-3] INFO  sprint4_TestCases.I_Table_RightClickOptions_TC - Switched back to default content.
23:48:32.242 [TestNG-test=RetryMultipleFailedTestcases-3] INFO  sprint4_TestCases.I_Table_RightClickOptions_TC - Switched to frame 1.
23:48:33.092 [TestNG-test=RetryMultipleFailedTestcases-4] INFO  sprint4_TestCases.I_Table_RightClickOptions_TC - Switched back to default content.
23:48:34.028 [TestNG-test=RetryMultipleFailedTestcases-3] INFO  sprint4_TestCases.I_Table_RightClickOptions_TC - Switched back to default content.
23:48:34.667 [TestNG-test=RetryMultipleFailedTestcases-4] INFO  sprint4_TestCases.I_Table_RightClickOptions_TC - Switched to frame 0.
23:48:34.752 [TestNG-test=RetryMultipleFailedTestcases-4] INFO  sprint4_TestCases.I_Table_RightClickOptions_TC - Switched back to default content.
23:48:35.494 [TestNG-test=RetryMultipleFailedTestcases-3] INFO  sprint4_TestCases.I_Table_RightClickOptions_TC - Switched to frame 0.
23:48:35.560 [TestNG-test=RetryMultipleFailedTestcases-3] INFO  sprint4_TestCases.I_Table_RightClickOptions_TC - Switched back to default content.
23:48:38.685 [TestNG-test=RetryMultipleFailedTestcases-1] INFO  sprint4_TestCases.I_Table_RightClickOptions_TC - Logged in and searched for a file, then clicked Edit.
23:48:38.696 [TestNG-test=RetryMultipleFailedTestcases-1] INFO  sprint4_TestCases.I_Table_RightClickOptions_TC - Switched to frame 0.
23:49:20.106 [TestNG-test=RetryMultipleFailedTestcases-1] INFO  sprint4_TestCases.I_Table_RightClickOptions_TC - Switched back to default content.
23:49:20.209 [TestNG-test=RetryMultipleFailedTestcases-1] INFO  sprint4_TestCases.I_Table_RightClickOptions_TC - Switched to frame 1.
23:49:21.671 [TestNG-test=RetryMultipleFailedTestcases-1] INFO  sprint4_TestCases.I_Table_RightClickOptions_TC - Switched back to default content.
23:49:24.211 [TestNG-test=RetryMultipleFailedTestcases-1] INFO  sprint4_TestCases.I_Table_RightClickOptions_TC - Switched to frame 0.
23:49:24.320 [TestNG-test=RetryMultipleFailedTestcases-1] INFO  sprint4_TestCases.I_Table_RightClickOptions_TC - Switched back to default content.
23:49:35.363 [TestNG-test=RetryMultipleFailedTestcases-2] INFO  sprint4_TestCases.I_Table_RightClickOptions_TC - Logged in and searched for a file, then clicked Edit.
23:49:35.383 [TestNG-test=RetryMultipleFailedTestcases-2] INFO  sprint4_TestCases.I_Table_RightClickOptions_TC - Switched to frame 0.
23:49:52.037 [TestNG-test=RetryMultipleFailedTestcases-3] INFO  sprint4_TestCases.I_Table_RightClickOptions_TC - Logged in and searched for a file, then clicked Edit.
23:49:52.076 [TestNG-test=RetryMultipleFailedTestcases-3] INFO  sprint4_TestCases.I_Table_RightClickOptions_TC - Switched to frame 0.
23:49:52.820 [TestNG-test=RetryMultipleFailedTestcases-4] INFO  sprint4_TestCases.I_Table_RightClickOptions_TC - Logged in and searched for a file, then clicked Edit.
23:49:52.842 [TestNG-test=RetryMultipleFailedTestcases-4] INFO  sprint4_TestCases.I_Table_RightClickOptions_TC - Switched to frame 0.
23:50:15.926 [TestNG-test=RetryMultipleFailedTestcases-2] INFO  sprint4_TestCases.I_Table_RightClickOptions_TC - Switched back to default content.
23:50:15.944 [TestNG-test=RetryMultipleFailedTestcases-2] INFO  sprint4_TestCases.I_Table_RightClickOptions_TC - Switched to frame 1.
23:50:16.368 [TestNG-test=RetryMultipleFailedTestcases-2] INFO  sprint4_TestCases.I_Table_RightClickOptions_TC - Switched back to default content.
23:50:17.090 [TestNG-test=RetryMultipleFailedTestcases-2] INFO  sprint4_TestCases.I_Table_RightClickOptions_TC - Switched to frame 0.
23:50:17.119 [TestNG-test=RetryMultipleFailedTestcases-2] INFO  sprint4_TestCases.I_Table_RightClickOptions_TC - Switched back to default content.
23:50:32.851 [TestNG-test=RetryMultipleFailedTestcases-3] INFO  sprint4_TestCases.I_Table_RightClickOptions_TC - Switched back to default content.
23:50:32.885 [TestNG-test=RetryMultipleFailedTestcases-3] INFO  sprint4_TestCases.I_Table_RightClickOptions_TC - Switched to frame 1.
23:50:33.478 [TestNG-test=RetryMultipleFailedTestcases-3] INFO  sprint4_TestCases.I_Table_RightClickOptions_TC - Switched back to default content.
23:50:33.757 [TestNG-test=RetryMultipleFailedTestcases-4] INFO  sprint4_TestCases.I_Table_RightClickOptions_TC - Switched back to default content.
23:50:33.841 [TestNG-test=RetryMultipleFailedTestcases-4] INFO  sprint4_TestCases.I_Table_RightClickOptions_TC - Switched to frame 1.
23:50:47.380 [TestNG-test=RetryMultipleFailedTestcases-1] INFO  sprint4_TestCases.I_Table_RightClickOptions_TC - Logged in and searched for a file, then clicked Edit.
23:50:47.401 [TestNG-test=RetryMultipleFailedTestcases-1] INFO  sprint4_TestCases.I_Table_RightClickOptions_TC - Switched to frame 0.
23:51:16.610 [TestNG-test=RetryMultipleFailedTestcases-4] INFO  sprint4_TestCases.I_Table_RightClickOptions_TC - Logged in and searched for a file, then clicked Edit.
23:51:16.624 [TestNG-test=RetryMultipleFailedTestcases-4] INFO  sprint4_TestCases.I_Table_RightClickOptions_TC - Switched to frame 0.
23:51:21.265 [TestNG-test=RetryMultipleFailedTestcases-3] INFO  sprint4_TestCases.I_Table_RightClickOptions_TC - Logged in and searched for a file, then clicked Edit.
23:51:21.283 [TestNG-test=RetryMultipleFailedTestcases-3] INFO  sprint4_TestCases.I_Table_RightClickOptions_TC - Switched to frame 0.
23:51:27.983 [TestNG-test=RetryMultipleFailedTestcases-1] INFO  sprint4_TestCases.I_Table_RightClickOptions_TC - Switched back to default content.
23:51:28.023 [TestNG-test=RetryMultipleFailedTestcases-1] INFO  sprint4_TestCases.I_Table_RightClickOptions_TC - Switched to frame 1.
23:51:28.202 [TestNG-test=RetryMultipleFailedTestcases-1] INFO  sprint4_TestCases.I_Table_RightClickOptions_TC - Switched back to default content.
23:51:29.081 [TestNG-test=RetryMultipleFailedTestcases-1] INFO  sprint4_TestCases.I_Table_RightClickOptions_TC - Switched back to default content.
23:51:29.108 [TestNG-test=RetryMultipleFailedTestcases-1] INFO  sprint4_TestCases.I_Table_RightClickOptions_TC - Switched to frame 0.
23:51:29.139 [TestNG-test=RetryMultipleFailedTestcases-1] INFO  sprint4_TestCases.I_Table_RightClickOptions_TC - Switched back to default content.
23:51:47.833 [TestNG-test=RetryMultipleFailedTestcases-2] INFO  sprint4_TestCases.I_Table_RightClickOptions_TC - Logged in and searched for a file, then clicked Edit.
23:51:47.848 [TestNG-test=RetryMultipleFailedTestcases-2] INFO  sprint4_TestCases.I_Table_RightClickOptions_TC - Switched to frame 0.
23:51:48.477 [TestNG-test=RetryMultipleFailedTestcases-2] INFO  sprint4_TestCases.I_Table_RightClickOptions_TC - Switched back to default content.
23:51:48.716 [TestNG-test=RetryMultipleFailedTestcases-2] INFO  sprint4_TestCases.I_Table_RightClickOptions_TC - Switched to frame 0.
23:51:49.210 [TestNG-test=RetryMultipleFailedTestcases-2] INFO  sprint4_TestCases.I_Table_RightClickOptions_TC - Switched back to default content.
23:51:49.223 [TestNG-test=RetryMultipleFailedTestcases-2] INFO  sprint4_TestCases.I_Table_RightClickOptions_TC - Switched to frame 1.
23:51:49.425 [TestNG-test=RetryMultipleFailedTestcases-2] INFO  sprint4_TestCases.I_Table_RightClickOptions_TC - Switched back to default content.
23:51:50.219 [TestNG-test=RetryMultipleFailedTestcases-2] INFO  sprint4_TestCases.I_Table_RightClickOptions_TC - Switched back to default content.
23:51:50.282 [TestNG-test=RetryMultipleFailedTestcases-2] INFO  sprint4_TestCases.I_Table_RightClickOptions_TC - Switched to frame 0.
23:51:50.835 [TestNG-test=RetryMultipleFailedTestcases-2] INFO  sprint4_TestCases.I_Table_RightClickOptions_TC - Switched back to default content.
23:51:57.172 [TestNG-test=RetryMultipleFailedTestcases-4] INFO  sprint4_TestCases.I_Table_RightClickOptions_TC - Switched back to default content.
23:51:57.189 [TestNG-test=RetryMultipleFailedTestcases-4] INFO  sprint4_TestCases.I_Table_RightClickOptions_TC - Switched to frame 1.
23:51:57.380 [TestNG-test=RetryMultipleFailedTestcases-4] INFO  sprint4_TestCases.I_Table_RightClickOptions_TC - Switched back to default content.
23:51:57.975 [TestNG-test=RetryMultipleFailedTestcases-4] INFO  sprint4_TestCases.I_Table_RightClickOptions_TC - Switched back to default content.
23:51:58.008 [TestNG-test=RetryMultipleFailedTestcases-4] INFO  sprint4_TestCases.I_Table_RightClickOptions_TC - Switched to frame 0.
23:51:58.039 [TestNG-test=RetryMultipleFailedTestcases-4] INFO  sprint4_TestCases.I_Table_RightClickOptions_TC - Switched back to default content.
23:52:01.931 [TestNG-test=RetryMultipleFailedTestcases-3] INFO  sprint4_TestCases.I_Table_RightClickOptions_TC - Switched back to default content.
23:52:01.955 [TestNG-test=RetryMultipleFailedTestcases-3] INFO  sprint4_TestCases.I_Table_RightClickOptions_TC - Switched to frame 1.
23:52:02.169 [TestNG-test=RetryMultipleFailedTestcases-3] INFO  sprint4_TestCases.I_Table_RightClickOptions_TC - Switched back to default content.
23:52:03.021 [TestNG-test=RetryMultipleFailedTestcases-3] INFO  sprint4_TestCases.I_Table_RightClickOptions_TC - Switched back to default content.
23:52:03.068 [TestNG-test=RetryMultipleFailedTestcases-3] INFO  sprint4_TestCases.I_Table_RightClickOptions_TC - Switched to frame 0.
23:52:03.105 [TestNG-test=RetryMultipleFailedTestcases-3] INFO  sprint4_TestCases.I_Table_RightClickOptions_TC - Switched back to default content.
23:52:51.007 [TestNG-test=RetryMultipleFailedTestcases-1] INFO  sprint4_TestCases.I_Table_RightClickOptions_TC - Logged in and searched for a file, then clicked Edit.
23:52:51.041 [TestNG-test=RetryMultipleFailedTestcases-1] INFO  sprint4_TestCases.I_Table_RightClickOptions_TC - Switched to frame 0.
23:53:09.598 [TestNG-test=RetryMultipleFailedTestcases-2] INFO  sprint4_TestCases.I_Table_RightClickOptions_TC - Logged in and searched for a file, then clicked Edit.
23:53:09.610 [TestNG-test=RetryMultipleFailedTestcases-2] INFO  sprint4_TestCases.I_Table_RightClickOptions_TC - Switched to frame 0.
23:53:26.079 [TestNG-test=RetryMultipleFailedTestcases-4] INFO  sprint4_TestCases.I_Table_RightClickOptions_TC - Logged in and searched for a file, then clicked Edit.
23:53:26.090 [TestNG-test=RetryMultipleFailedTestcases-4] INFO  sprint4_TestCases.I_Table_RightClickOptions_TC - Switched to frame 0.
23:53:30.329 [TestNG-test=RetryMultipleFailedTestcases-3] INFO  sprint4_TestCases.I_Table_RightClickOptions_TC - Logged in and searched for a file, then clicked Edit.
23:53:30.338 [TestNG-test=RetryMultipleFailedTestcases-3] INFO  sprint4_TestCases.I_Table_RightClickOptions_TC - Switched to frame 0.
23:53:30.913 [TestNG-test=RetryMultipleFailedTestcases-3] INFO  sprint4_TestCases.I_Table_RightClickOptions_TC - Switched back to default content.
23:53:31.103 [TestNG-test=RetryMultipleFailedTestcases-3] INFO  sprint4_TestCases.I_Table_RightClickOptions_TC - Switched to frame 0.
23:53:31.600 [TestNG-test=RetryMultipleFailedTestcases-3] INFO  sprint4_TestCases.I_Table_RightClickOptions_TC - Switched back to default content.
23:53:31.616 [TestNG-test=RetryMultipleFailedTestcases-3] INFO  sprint4_TestCases.I_Table_RightClickOptions_TC - Switched to frame 1.
23:53:31.814 [TestNG-test=RetryMultipleFailedTestcases-1] INFO  sprint4_TestCases.I_Table_RightClickOptions_TC - Switched back to default content.
23:53:31.838 [TestNG-test=RetryMultipleFailedTestcases-3] INFO  sprint4_TestCases.I_Table_RightClickOptions_TC - Switched back to default content.
23:53:31.853 [TestNG-test=RetryMultipleFailedTestcases-1] INFO  sprint4_TestCases.I_Table_RightClickOptions_TC - Switched to frame 1.
23:53:33.067 [TestNG-test=RetryMultipleFailedTestcases-3] INFO  sprint4_TestCases.I_Table_RightClickOptions_TC - Switched back to default content.
23:53:34.138 [TestNG-test=RetryMultipleFailedTestcases-1] INFO  sprint4_TestCases.I_Table_RightClickOptions_TC - Switched back to default content.
23:53:34.904 [TestNG-test=RetryMultipleFailedTestcases-1] INFO  sprint4_TestCases.I_Table_RightClickOptions_TC - Switched to frame 0.
23:53:34.947 [TestNG-test=RetryMultipleFailedTestcases-1] INFO  sprint4_TestCases.I_Table_RightClickOptions_TC - Switched back to default content.
23:53:36.345 [TestNG-test=RetryMultipleFailedTestcases-1] INFO  sprint4_TestCases.I_Table_RightClickOptions_TC - Switched to frame 0.
23:53:50.425 [TestNG-test=RetryMultipleFailedTestcases-2] INFO  sprint4_TestCases.I_Table_RightClickOptions_TC - Switched back to default content.
23:53:50.486 [TestNG-test=RetryMultipleFailedTestcases-2] INFO  sprint4_TestCases.I_Table_RightClickOptions_TC - Switched to frame 1.
23:53:50.745 [TestNG-test=RetryMultipleFailedTestcases-2] INFO  sprint4_TestCases.I_Table_RightClickOptions_TC - Switched back to default content.
23:53:51.512 [TestNG-test=RetryMultipleFailedTestcases-2] INFO  sprint4_TestCases.I_Table_RightClickOptions_TC - Clicked Merge Right.
23:53:51.652 [TestNG-test=RetryMultipleFailedTestcases-2] INFO  sprint4_TestCases.I_Table_RightClickOptions_TC - Switched back to default content.
23:53:51.674 [TestNG-test=RetryMultipleFailedTestcases-2] INFO  sprint4_TestCases.I_Table_RightClickOptions_TC - Switched to frame 0.
23:53:51.710 [TestNG-test=RetryMultipleFailedTestcases-2] INFO  sprint4_TestCases.I_Table_RightClickOptions_TC - Cell merge has occurred.
23:53:51.712 [TestNG-test=RetryMultipleFailedTestcases-2] INFO  sprint4_TestCases.I_Table_RightClickOptions_TC - Switched back to default content.
23:54:06.713 [TestNG-test=RetryMultipleFailedTestcases-4] INFO  sprint4_TestCases.I_Table_RightClickOptions_TC - Switched back to default content.
23:54:06.755 [TestNG-test=RetryMultipleFailedTestcases-4] INFO  sprint4_TestCases.I_Table_RightClickOptions_TC - Switched to frame 1.
23:54:06.965 [TestNG-test=RetryMultipleFailedTestcases-4] INFO  sprint4_TestCases.I_Table_RightClickOptions_TC - Switched back to default content.
23:54:07.611 [TestNG-test=RetryMultipleFailedTestcases-4] INFO  sprint4_TestCases.I_Table_RightClickOptions_TC - Clicked Merge Right.
23:54:07.740 [TestNG-test=RetryMultipleFailedTestcases-4] INFO  sprint4_TestCases.I_Table_RightClickOptions_TC - Switched back to default content.
23:54:07.756 [TestNG-test=RetryMultipleFailedTestcases-4] INFO  sprint4_TestCases.I_Table_RightClickOptions_TC - Switched to frame 0.
23:54:07.788 [TestNG-test=RetryMultipleFailedTestcases-4] INFO  sprint4_TestCases.I_Table_RightClickOptions_TC - Cell merge has occurred.
23:54:07.790 [TestNG-test=RetryMultipleFailedTestcases-4] INFO  sprint4_TestCases.I_Table_RightClickOptions_TC - Switched back to default content.
23:54:16.418 [TestNG-test=RetryMultipleFailedTestcases-1] INFO  sprint4_TestCases.I_Table_RightClickOptions_TC - Switched back to default content.
23:54:37.747 [TestNG-test=RetryMultipleFailedTestcases-2] INFO  sprint4_TestCases.I_Table_RightClickOptions_TC - Starting splitHorizontalAndVerify_ExistingTable
23:54:43.749 [TestNG-test=RetryMultipleFailedTestcases-3] INFO  sprint4_TestCases.I_Table_RightClickOptions_TC - Logged in and searched for a file, then clicked Edit.
23:54:43.767 [TestNG-test=RetryMultipleFailedTestcases-3] INFO  sprint4_TestCases.I_Table_RightClickOptions_TC - Switched to frame 0.
23:54:44.434 [TestNG-test=RetryMultipleFailedTestcases-3] INFO  sprint4_TestCases.I_Table_RightClickOptions_TC - Switched back to default content.
23:54:44.640 [TestNG-test=RetryMultipleFailedTestcases-3] INFO  sprint4_TestCases.I_Table_RightClickOptions_TC - Switched to frame 0.
23:54:45.102 [TestNG-test=RetryMultipleFailedTestcases-3] INFO  sprint4_TestCases.I_Table_RightClickOptions_TC - Switched back to default content.
23:54:45.113 [TestNG-test=RetryMultipleFailedTestcases-3] INFO  sprint4_TestCases.I_Table_RightClickOptions_TC - Switched to frame 1.
23:54:45.307 [TestNG-test=RetryMultipleFailedTestcases-3] INFO  sprint4_TestCases.I_Table_RightClickOptions_TC - Switched back to default content.
23:54:46.195 [TestNG-test=RetryMultipleFailedTestcases-3] INFO  sprint4_TestCases.I_Table_RightClickOptions_TC - Switched back to default content.
23:54:53.957 [TestNG-test=RetryMultipleFailedTestcases-4] INFO  sprint4_TestCases.I_Table_RightClickOptions_TC - Starting splitHorizontalAndVerify_ExistingTable
23:55:00.297 [TestNG-test=RetryMultipleFailedTestcases-2] INFO  sprint4_TestCases.I_Table_RightClickOptions_TC - Logged in and searched for a file, then clicked Edit.
23:55:00.297 [TestNG-test=RetryMultipleFailedTestcases-2] INFO  sprint4_TestCases.I_Table_RightClickOptions_TC - Logged in, searched for a file, and clicked Edit.
23:55:00.297 [TestNG-test=RetryMultipleFailedTestcases-2] INFO  sprint4_TestCases.I_Table_RightClickOptions_TC - Created F4_Table instance.
23:55:00.315 [TestNG-test=RetryMultipleFailedTestcases-2] INFO  sprint4_TestCases.I_Table_RightClickOptions_TC - Switched to frame 0.
23:55:00.315 [TestNG-test=RetryMultipleFailedTestcases-2] INFO  sprint4_TestCases.I_Table_RightClickOptions_TC - Switched to frame 0.
23:55:01.455 [TestNG-test=RetryMultipleFailedTestcases-2] INFO  sprint4_TestCases.I_Table_RightClickOptions_TC - Clicked on the first cell of the existing table.
23:55:01.621 [TestNG-test=RetryMultipleFailedTestcases-2] INFO  sprint4_TestCases.I_Table_RightClickOptions_TC - Number of rows before split: 6
23:55:01.631 [TestNG-test=RetryMultipleFailedTestcases-2] INFO  sprint4_TestCases.I_Table_RightClickOptions_TC - Switched back to default content.
23:55:01.648 [TestNG-test=RetryMultipleFailedTestcases-2] INFO  sprint4_TestCases.I_Table_RightClickOptions_TC - Switched to frame 0.
23:55:02.046 [TestNG-test=RetryMultipleFailedTestcases-2] INFO  sprint4_TestCases.I_Table_RightClickOptions_TC - Switched back to default content.
23:55:02.060 [TestNG-test=RetryMultipleFailedTestcases-2] INFO  sprint4_TestCases.I_Table_RightClickOptions_TC - Switched to frame 1.
23:55:02.270 [TestNG-test=RetryMultipleFailedTestcases-2] INFO  sprint4_TestCases.I_Table_RightClickOptions_TC - Switched back to default content.
23:55:03.111 [TestNG-test=RetryMultipleFailedTestcases-2] INFO  sprint4_TestCases.I_Table_RightClickOptions_TC - Switched back to default content.
23:55:03.174 [TestNG-test=RetryMultipleFailedTestcases-2] INFO  sprint4_TestCases.I_Table_RightClickOptions_TC - Switched to frame 0.
23:55:03.186 [TestNG-test=RetryMultipleFailedTestcases-2] INFO  sprint4_TestCases.I_Table_RightClickOptions_TC - Number of rows after split: 7
23:55:03.186 [TestNG-test=RetryMultipleFailedTestcases-2] INFO  sprint4_TestCases.I_Table_RightClickOptions_TC - Number of rows after split is different from before split.
23:55:03.186 [TestNG-test=RetryMultipleFailedTestcases-2] INFO  sprint4_TestCases.I_Table_RightClickOptions_TC - Finished splitHorizontalAndVerify_ExistingTable
23:55:03.495 [TestNG-test=RetryMultipleFailedTestcases-1] INFO  sprint4_TestCases.J_CommonTestcases - Starting CaptionInExisitingTable
23:55:12.722 [TestNG-test=RetryMultipleFailedTestcases-2] INFO  sprint4_TestCases.J_CommonTestcases - Starting CopyPasteXrefInTableCaption
23:55:32.978 [TestNG-test=RetryMultipleFailedTestcases-4] INFO  sprint4_TestCases.I_Table_RightClickOptions_TC - Logged in and searched for a file, then clicked Edit.
23:55:32.978 [TestNG-test=RetryMultipleFailedTestcases-4] INFO  sprint4_TestCases.I_Table_RightClickOptions_TC - Logged in, searched for a file, and clicked Edit.
23:55:32.979 [TestNG-test=RetryMultipleFailedTestcases-4] INFO  sprint4_TestCases.I_Table_RightClickOptions_TC - Created F4_Table instance.
23:55:33.054 [TestNG-test=RetryMultipleFailedTestcases-4] INFO  sprint4_TestCases.I_Table_RightClickOptions_TC - Switched to frame 0.
23:55:33.054 [TestNG-test=RetryMultipleFailedTestcases-4] INFO  sprint4_TestCases.I_Table_RightClickOptions_TC - Switched to frame 0.
23:55:34.465 [TestNG-test=RetryMultipleFailedTestcases-4] INFO  sprint4_TestCases.I_Table_RightClickOptions_TC - Clicked on the first cell of the existing table.
23:55:34.616 [TestNG-test=RetryMultipleFailedTestcases-4] INFO  sprint4_TestCases.I_Table_RightClickOptions_TC - Number of rows before split: 6
23:55:34.630 [TestNG-test=RetryMultipleFailedTestcases-4] INFO  sprint4_TestCases.I_Table_RightClickOptions_TC - Switched back to default content.
23:55:34.656 [TestNG-test=RetryMultipleFailedTestcases-4] INFO  sprint4_TestCases.I_Table_RightClickOptions_TC - Switched to frame 0.
23:55:35.011 [TestNG-test=RetryMultipleFailedTestcases-4] INFO  sprint4_TestCases.I_Table_RightClickOptions_TC - Switched back to default content.
23:55:35.029 [TestNG-test=RetryMultipleFailedTestcases-4] INFO  sprint4_TestCases.I_Table_RightClickOptions_TC - Switched to frame 1.
23:55:35.244 [TestNG-test=RetryMultipleFailedTestcases-4] INFO  sprint4_TestCases.I_Table_RightClickOptions_TC - Switched back to default content.
23:55:36.022 [TestNG-test=RetryMultipleFailedTestcases-4] INFO  sprint4_TestCases.I_Table_RightClickOptions_TC - Switched back to default content.
23:55:36.062 [TestNG-test=RetryMultipleFailedTestcases-4] INFO  sprint4_TestCases.I_Table_RightClickOptions_TC - Switched to frame 0.
23:55:36.072 [TestNG-test=RetryMultipleFailedTestcases-4] INFO  sprint4_TestCases.I_Table_RightClickOptions_TC - Number of rows after split: 7
23:55:36.072 [TestNG-test=RetryMultipleFailedTestcases-4] INFO  sprint4_TestCases.I_Table_RightClickOptions_TC - Number of rows after split is different from before split.
23:55:36.072 [TestNG-test=RetryMultipleFailedTestcases-4] INFO  sprint4_TestCases.I_Table_RightClickOptions_TC - Finished splitHorizontalAndVerify_ExistingTable
23:55:36.331 [TestNG-test=RetryMultipleFailedTestcases-3] INFO  sprint4_TestCases.J_CommonTestcases - Starting EnterData_splitVerticalAndVerify
23:55:39.491 [TestNG-test=RetryMultipleFailedTestcases-1] INFO  sprint4_TestCases.J_CommonTestcases - Logged in and searched for a file, then clicked Edit.
23:55:39.520 [TestNG-test=RetryMultipleFailedTestcases-1] INFO  sprint4_TestCases.J_CommonTestcases - Switched to frame 0.
23:55:40.660 [TestNG-test=RetryMultipleFailedTestcases-1] INFO  sprint4_TestCases.J_CommonTestcases - clicked on Existing Table First Cell
23:55:40.769 [TestNG-test=RetryMultipleFailedTestcases-1] INFO  sprint4_TestCases.J_CommonTestcases - Switched back to default content.
23:55:41.013 [TestNG-test=RetryMultipleFailedTestcases-1] INFO  sprint4_TestCases.J_CommonTestcases - clicking on table properties tab
23:55:41.273 [TestNG-test=RetryMultipleFailedTestcases-1] INFO  sprint4_TestCases.J_CommonTestcases - clicked on caption input
23:55:41.324 [TestNG-test=RetryMultipleFailedTestcases-1] INFO  sprint4_TestCases.J_CommonTestcases - verifying Track Changes is disabled for caption
23:55:41.324 [TestNG-test=RetryMultipleFailedTestcases-1] INFO  sprint4_TestCases.J_CommonTestcases - Finished CaptionInExisitingTable
23:55:42.873 [TestNG-test=RetryMultipleFailedTestcases-4] INFO  sprint4_TestCases.J_CommonTestcases - Starting changeElementToMediaObjectAndVerifyAdded
23:55:48.605 [TestNG-test=RetryMultipleFailedTestcases-1] INFO  sprint4_TestCases.J_CommonTestcases - Starting decreaseWidthAndVerifyInCodeView
23:55:50.871 [TestNG-test=RetryMultipleFailedTestcases-2] INFO  sprint4_TestCases.J_CommonTestcases - Logged in and searched for a file, then clicked Edit.
23:55:59.425 [TestNG-test=RetryMultipleFailedTestcases-2] INFO  sprint4_TestCases.J_CommonTestcases - Inserted Table in DS
23:55:59.634 [TestNG-test=RetryMultipleFailedTestcases-2] INFO  sprint4_TestCases.J_CommonTestcases - Clicked on caption input
23:55:59.675 [TestNG-test=RetryMultipleFailedTestcases-2] INFO  sprint4_TestCases.J_CommonTestcases - Clicked on A key
23:55:59.692 [TestNG-test=RetryMultipleFailedTestcases-2] INFO  sprint4_TestCases.J_CommonTestcases - Switched to frame 0.
23:56:00.351 [TestNG-test=RetryMultipleFailedTestcases-2] INFO  sprint4_TestCases.J_CommonTestcases - Clicked on hyper link element
23:56:01.267 [TestNG-test=RetryMultipleFailedTestcases-2] INFO  sprint4_TestCases.J_CommonTestcases - Clicked on caption editor
23:56:01.376 [TestNG-test=RetryMultipleFailedTestcases-2] INFO  sprint4_TestCases.J_CommonTestcases - Finished CopyPasteXrefInTableCaption
23:56:09.014 [TestNG-test=RetryMultipleFailedTestcases-3] INFO  sprint4_TestCases.J_CommonTestcases - Logged in and searched for a file, then clicked Edit.
23:56:13.003 [TestNG-test=RetryMultipleFailedTestcases-2] INFO  sprint4_TestCases.J_CommonTestcases - Starting deleteColumnUndoVerify
23:56:17.303 [TestNG-test=RetryMultipleFailedTestcases-3] INFO  sprint4_TestCases.J_CommonTestcases - Inserted Table in DS
23:56:17.383 [TestNG-test=RetryMultipleFailedTestcases-3] INFO  sprint4_TestCases.J_CommonTestcases - Switched to frame 0.
23:56:17.885 [TestNG-test=RetryMultipleFailedTestcases-3] INFO  sprint4_TestCases.J_CommonTestcases - clicked on Inserted Table First Cell
23:56:18.847 [TestNG-test=RetryMultipleFailedTestcases-3] INFO  sprint4_TestCases.J_CommonTestcases - Switched back to default content.
23:56:19.673 [TestNG-test=RetryMultipleFailedTestcases-3] INFO  sprint4_TestCases.J_CommonTestcases - Clicked Split Vertical.
23:56:19.853 [TestNG-test=RetryMultipleFailedTestcases-3] INFO  sprint4_TestCases.J_CommonTestcases - Switched to frame 0.
23:56:19.878 [TestNG-test=RetryMultipleFailedTestcases-3] INFO  sprint4_TestCases.J_CommonTestcases - Number of rows after split is different from before split.
23:56:19.878 [TestNG-test=RetryMultipleFailedTestcases-3] INFO  sprint4_TestCases.J_CommonTestcases - Finished EnterData_splitVerticalAndVerify
23:56:21.241 [TestNG-test=RetryMultipleFailedTestcases-4] INFO  sprint4_TestCases.J_CommonTestcases - Logged in and searched for a file, then clicked Edit.
23:56:21.271 [TestNG-test=RetryMultipleFailedTestcases-4] INFO  sprint4_TestCases.J_CommonTestcases - Switched to frame 0.
23:56:21.959 [TestNG-test=RetryMultipleFailedTestcases-4] INFO  sprint4_TestCases.J_CommonTestcases - clicked on First para from VE
23:56:22.046 [TestNG-test=RetryMultipleFailedTestcases-4] INFO  sprint4_TestCases.J_CommonTestcases - Switched back to default content.
23:56:22.565 [TestNG-test=RetryMultipleFailedTestcases-4] INFO  sprint4_TestCases.J_CommonTestcases - clicked on enter key
23:56:26.309 [TestNG-test=RetryMultipleFailedTestcases-4] INFO  sprint4_TestCases.J_CommonTestcases - Clicked on Change Element
23:56:27.119 [TestNG-test=RetryMultipleFailedTestcases-4] INFO  sprint4_TestCases.J_CommonTestcases - Clicked on Change Element img
23:56:27.534 [TestNG-test=RetryMultipleFailedTestcases-3] INFO  sprint4_TestCases.J_CommonTestcases - Starting insertCaptionMoreThan256AndVerifyInAttribute_ExistingTable
23:56:28.419 [TestNG-test=RetryMultipleFailedTestcases-4] INFO  sprint4_TestCases.J_CommonTestcases - Clicked on Change Element image insert button
23:56:29.116 [TestNG-test=RetryMultipleFailedTestcases-1] INFO  sprint4_TestCases.J_CommonTestcases - Logged in and searched for a file, then clicked Edit.
23:56:30.396 [TestNG-test=RetryMultipleFailedTestcases-4] INFO  sprint4_TestCases.J_CommonTestcases - Switched to frame 0.
23:56:30.447 [TestNG-test=RetryMultipleFailedTestcases-4] INFO  sprint4_TestCases.J_CommonTestcases - Verifying selected image in VE
23:56:30.447 [TestNG-test=RetryMultipleFailedTestcases-4] INFO  sprint4_TestCases.J_CommonTestcases - Finished changeElementToMediaObjectAndVerifyAdded
23:56:37.116 [TestNG-test=RetryMultipleFailedTestcases-4] INFO  sprint4_TestCases.J_CommonTestcases - Starting insertCaptionMoreThan256AndVerifyInEditorExistingTable
23:56:38.630 [TestNG-test=RetryMultipleFailedTestcases-1] INFO  sprint4_TestCases.J_CommonTestcases - Inserted Table in DS
23:56:39.196 [TestNG-test=RetryMultipleFailedTestcases-1] INFO  sprint4_TestCases.J_CommonTestcases - clicking Table propertied width
23:56:39.760 [TestNG-test=RetryMultipleFailedTestcases-1] INFO  sprint4_TestCases.J_CommonTestcases - clicking on code view
23:56:40.002 [TestNG-test=RetryMultipleFailedTestcases-1] INFO  sprint4_TestCases.J_CommonTestcases - Switched to frame 0.
23:56:40.090 [TestNG-test=RetryMultipleFailedTestcases-1] INFO  sprint4_TestCases.J_CommonTestcases - verifying width is changed to 99%
23:56:40.090 [TestNG-test=RetryMultipleFailedTestcases-1] INFO  sprint4_TestCases.J_CommonTestcases - Finished decreaseWidthAndVerifyInCodeView
23:56:41.587 [TestNG-test=RetryMultipleFailedTestcases-2] INFO  sprint4_TestCases.J_CommonTestcases - Logged in and searched for a file, then clicked Edit.
23:56:46.897 [TestNG-test=RetryMultipleFailedTestcases-1] INFO  sprint4_TestCases.J_CommonTestcases - Starting insertMO_InTable
23:56:50.290 [TestNG-test=RetryMultipleFailedTestcases-2] INFO  sprint4_TestCases.J_CommonTestcases - Inserted Table in DS
23:56:50.312 [TestNG-test=RetryMultipleFailedTestcases-2] INFO  sprint4_TestCases.J_CommonTestcases - Switched to frame 0.
23:56:50.606 [TestNG-test=RetryMultipleFailedTestcases-2] INFO  sprint4_TestCases.J_CommonTestcases - clicked on Inserted Table First Cell
23:56:50.630 [TestNG-test=RetryMultipleFailedTestcases-2] INFO  sprint4_TestCases.J_CommonTestcases - Switched back to default content.
23:56:51.050 [TestNG-test=RetryMultipleFailedTestcases-2] INFO  sprint4_TestCases.J_CommonTestcases - clicked on delete coloum from tp
23:56:51.089 [TestNG-test=RetryMultipleFailedTestcases-2] INFO  sprint4_TestCases.J_CommonTestcases - Switched to frame 0.
23:56:51.207 [TestNG-test=RetryMultipleFailedTestcases-2] INFO  sprint4_TestCases.J_CommonTestcases - Switched back to default content.
23:56:51.822 [TestNG-test=RetryMultipleFailedTestcases-2] INFO  sprint4_TestCases.J_CommonTestcases - clicked on Undo plugin
23:56:51.945 [TestNG-test=RetryMultipleFailedTestcases-2] INFO  sprint4_TestCases.J_CommonTestcases - Switched to frame 0.
23:56:52.002 [TestNG-test=RetryMultipleFailedTestcases-2] INFO  sprint4_TestCases.J_CommonTestcases - Finished deleteColumnUndoVerify
23:56:55.140 [TestNG-test=RetryMultipleFailedTestcases-3] INFO  sprint4_TestCases.J_CommonTestcases - Logged in and searched for a file, then clicked Edit.
23:56:55.174 [TestNG-test=RetryMultipleFailedTestcases-3] INFO  sprint4_TestCases.J_CommonTestcases - Switched to frame 0.
23:56:56.916 [TestNG-test=RetryMultipleFailedTestcases-3] INFO  sprint4_TestCases.J_CommonTestcases - clicked on Existing Table First Cell
23:56:57.023 [TestNG-test=RetryMultipleFailedTestcases-3] INFO  sprint4_TestCases.J_CommonTestcases - Switched back to default content.
23:56:57.413 [TestNG-test=RetryMultipleFailedTestcases-3] INFO  sprint4_TestCases.J_CommonTestcases - clicked on table properties tab
23:56:57.781 [TestNG-test=RetryMultipleFailedTestcases-3] INFO  sprint4_TestCases.J_CommonTestcases - clicked on caption input
23:56:58.728 [TestNG-test=RetryMultipleFailedTestcases-2] INFO  sprint4_TestCases.J_CommonTestcases - Starting insertTableCBAndCheckHighliting
23:57:04.921 [TestNG-test=RetryMultipleFailedTestcases-4] INFO  sprint4_TestCases.J_CommonTestcases - Logged in and searched for a file, then clicked Edit.
23:57:04.945 [TestNG-test=RetryMultipleFailedTestcases-4] INFO  sprint4_TestCases.J_CommonTestcases - Switched to frame 0.
23:57:05.489 [TestNG-test=RetryMultipleFailedTestcases-3] INFO  sprint4_TestCases.J_CommonTestcases - verifying alert message is seen
23:57:05.489 [TestNG-test=RetryMultipleFailedTestcases-3] INFO  sprint4_TestCases.J_CommonTestcases - Finished insertCaptionMoreThan256AndVerifyInAttribute_ExistingTable
23:57:06.023 [TestNG-test=RetryMultipleFailedTestcases-4] INFO  sprint4_TestCases.J_CommonTestcases - clicked on Existing Table First Cell
23:57:06.098 [TestNG-test=RetryMultipleFailedTestcases-4] INFO  sprint4_TestCases.J_CommonTestcases - Switched back to default content.
23:57:06.338 [TestNG-test=RetryMultipleFailedTestcases-4] INFO  sprint4_TestCases.J_CommonTestcases - clicked on table properties tab
23:57:06.528 [TestNG-test=RetryMultipleFailedTestcases-4] INFO  sprint4_TestCases.J_CommonTestcases - clicked on caption input
23:57:14.655 [TestNG-test=RetryMultipleFailedTestcases-4] INFO  sprint4_TestCases.J_CommonTestcases - Switched back to default content.
23:57:14.707 [TestNG-test=RetryMultipleFailedTestcases-4] INFO  sprint4_TestCases.J_CommonTestcases - verifying alert message is seen
23:57:14.707 [TestNG-test=RetryMultipleFailedTestcases-4] INFO  sprint4_TestCases.J_CommonTestcases - Finished insertCaptionMoreThan256AndVerifyInEditorExistingTable
23:57:16.651 [TestNG-test=RetryMultipleFailedTestcases-3] INFO  sprint4_TestCases.J_CommonTestcases - Starting insertTableCBAndVerifyTablePropertiesByClickingSomewhere
23:57:18.391 [TestNG-test=RetryMultipleFailedTestcases-1] INFO  sprint4_TestCases.J_CommonTestcases - Logged in and searched for a file, then clicked Edit.
23:57:21.713 [TestNG-test=RetryMultipleFailedTestcases-4] INFO  sprint4_TestCases.J_CommonTestcases - Starting insertTableCB_ListUnlist_CheckWidth
23:57:27.171 [TestNG-test=RetryMultipleFailedTestcases-1] INFO  sprint4_TestCases.J_CommonTestcases - Inserted Table in DS
23:57:27.567 [TestNG-test=RetryMultipleFailedTestcases-1] INFO  sprint4_TestCases.J_CommonTestcases - clicked on Insert plugin
23:57:27.790 [TestNG-test=RetryMultipleFailedTestcases-1] INFO  sprint4_TestCases.J_CommonTestcases - clicked on Insert plugin image button
23:57:28.034 [TestNG-test=RetryMultipleFailedTestcases-1] INFO  sprint4_TestCases.J_CommonTestcases - clicked on Insert into
23:57:33.416 [TestNG-test=RetryMultipleFailedTestcases-1] INFO  sprint4_TestCases.J_CommonTestcases - clicked on image insert button
23:57:34.845 [TestNG-test=RetryMultipleFailedTestcases-1] INFO  sprint4_TestCases.J_CommonTestcases - clicked on insert button
23:57:35.100 [TestNG-test=RetryMultipleFailedTestcases-1] INFO  sprint4_TestCases.J_CommonTestcases - Switched to frame 0.
23:57:35.177 [TestNG-test=RetryMultipleFailedTestcases-1] INFO  sprint4_TestCases.J_CommonTestcases - verifying Table inside Img is not present after adding from rightclick
23:57:35.177 [TestNG-test=RetryMultipleFailedTestcases-1] INFO  sprint4_TestCases.J_CommonTestcases - Finished insertMO_InTable
23:57:36.314 [TestNG-test=RetryMultipleFailedTestcases-2] INFO  sprint4_TestCases.J_CommonTestcases - Logged in and searched for a file, then clicked Edit.
23:57:42.563 [TestNG-test=RetryMultipleFailedTestcases-1] INFO  sprint4_TestCases.J_CommonTestcases - Starting mergeCellsRightUndoAndVerify
23:57:46.277 [TestNG-test=RetryMultipleFailedTestcases-2] INFO  sprint4_TestCases.J_CommonTestcases - Inserted Table in DS
23:57:46.363 [TestNG-test=RetryMultipleFailedTestcases-2] INFO  sprint4_TestCases.J_CommonTestcases - Switched to frame 0.
23:57:47.354 [TestNG-test=RetryMultipleFailedTestcases-2] INFO  sprint4_TestCases.J_CommonTestcases - clicked on Existing Table First Cell
23:57:47.438 [TestNG-test=RetryMultipleFailedTestcases-4] INFO  sprint4_TestCases.J_CommonTestcases - Logged in and searched for a file, then clicked Edit.
23:57:47.454 [TestNG-test=RetryMultipleFailedTestcases-2] INFO  sprint4_TestCases.J_CommonTestcases - Switched back to default content.
23:57:47.853 [TestNG-test=RetryMultipleFailedTestcases-2] INFO  sprint4_TestCases.J_CommonTestcases - Finished insertTableCBAndCheckHighliting
23:57:50.316 [TestNG-test=RetryMultipleFailedTestcases-3] INFO  sprint4_TestCases.J_CommonTestcases - Logged in and searched for a file, then clicked Edit.
23:57:54.568 [TestNG-test=RetryMultipleFailedTestcases-2] INFO  sprint4_TestCases.J_CommonTestcases - Starting specialCharacterInCellPaddingAndVerify
23:57:56.483 [TestNG-test=RetryMultipleFailedTestcases-4] INFO  sprint4_TestCases.J_CommonTestcases - Inserted Table in DS
23:57:57.146 [TestNG-test=RetryMultipleFailedTestcases-4] INFO  sprint4_TestCases.J_CommonTestcases - clicked on Number list from VE
23:57:57.379 [TestNG-test=RetryMultipleFailedTestcases-4] INFO  sprint4_TestCases.J_CommonTestcases - Switched to frame 0.
23:57:57.410 [TestNG-test=RetryMultipleFailedTestcases-4] INFO  sprint4_TestCases.J_CommonTestcases - Verifying width is correct
23:57:57.412 [TestNG-test=RetryMultipleFailedTestcases-4] INFO  sprint4_TestCases.J_CommonTestcases - Switched back to default content.
23:57:57.791 [TestNG-test=RetryMultipleFailedTestcases-4] INFO  sprint4_TestCases.J_CommonTestcases - clicked on Number list from VE
23:57:57.832 [TestNG-test=RetryMultipleFailedTestcases-4] INFO  sprint4_TestCases.J_CommonTestcases - Switched to frame 0.
23:57:57.853 [TestNG-test=RetryMultipleFailedTestcases-4] INFO  sprint4_TestCases.J_CommonTestcases - Verifying width is correct
23:57:57.853 [TestNG-test=RetryMultipleFailedTestcases-4] INFO  sprint4_TestCases.J_CommonTestcases - Finished insertTableCB_ListUnlist_CheckWidth
23:58:03.485 [TestNG-test=RetryMultipleFailedTestcases-4] INFO  sprint4_TestCases.J_CommonTestcases - Starting verifyCellBorderColorInsertAbove
23:58:06.140 [TestNG-test=RetryMultipleFailedTestcases-3] INFO  sprint4_TestCases.J_CommonTestcases - Inserted Table in DS
23:58:06.240 [TestNG-test=RetryMultipleFailedTestcases-3] INFO  sprint4_TestCases.J_CommonTestcases - verifying the label table properties
23:58:06.308 [TestNG-test=RetryMultipleFailedTestcases-3] INFO  sprint4_TestCases.J_CommonTestcases - verifying the label table properties
23:58:06.465 [TestNG-test=RetryMultipleFailedTestcases-3] INFO  sprint4_TestCases.J_CommonTestcases - clicking the label content block
23:58:06.493 [TestNG-test=RetryMultipleFailedTestcases-3] INFO  sprint4_TestCases.J_CommonTestcases - verifying the label table properties
23:58:06.542 [TestNG-test=RetryMultipleFailedTestcases-3] INFO  sprint4_TestCases.J_CommonTestcases - verifying the label table properties
23:58:06.542 [TestNG-test=RetryMultipleFailedTestcases-3] INFO  sprint4_TestCases.J_CommonTestcases - Finished insertTableCBAndVerifyTablePropertiesByClickingSomewhere
23:58:13.141 [TestNG-test=RetryMultipleFailedTestcases-3] INFO  sprint4_TestCases.J_CommonTestcases - Starting verifyCopyPasteInsideCell
23:58:13.894 [TestNG-test=RetryMultipleFailedTestcases-1] INFO  sprint4_TestCases.J_CommonTestcases - Logged in and searched for a file, then clicked Edit.
23:58:22.328 [TestNG-test=RetryMultipleFailedTestcases-1] INFO  sprint4_TestCases.J_CommonTestcases - Inserted Table in DS
23:58:22.376 [TestNG-test=RetryMultipleFailedTestcases-1] INFO  sprint4_TestCases.J_CommonTestcases - Switched to frame 0.
23:58:22.744 [TestNG-test=RetryMultipleFailedTestcases-1] INFO  sprint4_TestCases.J_CommonTestcases - clicked on Inserted Table First Cell
23:58:22.776 [TestNG-test=RetryMultipleFailedTestcases-1] INFO  sprint4_TestCases.J_CommonTestcases - Switched back to default content.
23:58:23.396 [TestNG-test=RetryMultipleFailedTestcases-1] INFO  sprint4_TestCases.J_CommonTestcases - clicked on merge right
23:58:23.615 [TestNG-test=RetryMultipleFailedTestcases-1] INFO  sprint4_TestCases.J_CommonTestcases - Switched to frame 0.
23:58:23.670 [TestNG-test=RetryMultipleFailedTestcases-1] INFO  sprint4_TestCases.J_CommonTestcases - Switched back to default content.
23:58:24.855 [TestNG-test=RetryMultipleFailedTestcases-1] INFO  sprint4_TestCases.J_CommonTestcases - clicked on Undo plugin
23:58:25.084 [TestNG-test=RetryMultipleFailedTestcases-1] INFO  sprint4_TestCases.J_CommonTestcases - Switched to frame 0.
23:58:25.156 [TestNG-test=RetryMultipleFailedTestcases-1] INFO  sprint4_TestCases.J_CommonTestcases - Finished mergeCellsRightUndoAndVerify
23:58:27.208 [TestNG-test=RetryMultipleFailedTestcases-2] INFO  sprint4_TestCases.J_CommonTestcases - Logged in and searched for a file, then clicked Edit.
23:58:33.894 [TestNG-test=RetryMultipleFailedTestcases-4] INFO  sprint4_TestCases.J_CommonTestcases - Logged in and searched for a file, then clicked Edit.
23:58:36.316 [TestNG-test=RetryMultipleFailedTestcases-2] INFO  sprint4_TestCases.J_CommonTestcases - Inserted Table in DS
23:58:36.445 [TestNG-test=RetryMultipleFailedTestcases-2] INFO  sprint4_TestCases.J_CommonTestcases - clear Border Size Input
23:58:36.531 [TestNG-test=RetryMultipleFailedTestcases-2] INFO  sprint4_TestCases.J_CommonTestcases - clicked Border Size Input
23:58:37.001 [TestNG-test=RetryMultipleFailedTestcases-2] INFO  sprint4_TestCases.J_CommonTestcases - clicked on Spcl Char Plugin
23:58:38.959 [TestNG-test=RetryMultipleFailedTestcases-2] INFO  sprint4_TestCases.J_CommonTestcases - clicked on special character
23:58:39.127 [TestNG-test=RetryMultipleFailedTestcases-2] INFO  sprint4_TestCases.J_CommonTestcases - verifying border size is equal before and after increase
23:58:39.127 [TestNG-test=RetryMultipleFailedTestcases-2] INFO  sprint4_TestCases.J_CommonTestcases - Finished specialCharacterInCellPaddingAndVerify
23:58:39.326 [TestNG-test=RetryMultipleFailedTestcases-1] INFO  sprint4_TestCases.J_CommonTestcases - Starting verifyDeleteCellMultipleTimes
23:58:42.272 [TestNG-test=RetryMultipleFailedTestcases-3] INFO  sprint4_TestCases.J_CommonTestcases - Logged in and searched for a file, then clicked Edit.
23:58:44.649 [TestNG-test=RetryMultipleFailedTestcases-4] INFO  sprint4_TestCases.J_CommonTestcases - Inserted Table in DS
23:58:44.691 [TestNG-test=RetryMultipleFailedTestcases-4] INFO  sprint4_TestCases.J_CommonTestcases - Switched to frame 0.
23:58:45.099 [TestNG-test=RetryMultipleFailedTestcases-4] INFO  sprint4_TestCases.J_CommonTestcases - clicked on Inserted Table First Cell
23:58:45.127 [TestNG-test=RetryMultipleFailedTestcases-4] INFO  sprint4_TestCases.J_CommonTestcases - Switched back to default content.
23:58:45.907 [TestNG-test=RetryMultipleFailedTestcases-2] INFO  sprint4_TestCases.J_CommonTestcases - Starting verifyDeleteColumn
23:58:47.922 [TestNG-test=RetryMultipleFailedTestcases-4] INFO  sprint4_TestCases.J_CommonTestcases - clicked on background color save button
23:58:47.949 [TestNG-test=RetryMultipleFailedTestcases-4] INFO  sprint4_TestCases.J_CommonTestcases - Switched to frame 0.
23:58:48.492 [TestNG-test=RetryMultipleFailedTestcases-4] INFO  sprint4_TestCases.J_CommonTestcases - clicked on Inserted Table First Cell
23:58:48.642 [TestNG-test=RetryMultipleFailedTestcases-4] INFO  sprint4_TestCases.J_CommonTestcases - Switched back to default content.
23:58:49.340 [TestNG-test=RetryMultipleFailedTestcases-4] INFO  sprint4_TestCases.J_CommonTestcases - clicked on Insert above
23:58:49.652 [TestNG-test=RetryMultipleFailedTestcases-4] INFO  sprint4_TestCases.J_CommonTestcases - Switched to frame 0.
23:58:50.170 [TestNG-test=RetryMultipleFailedTestcases-4] INFO  sprint4_TestCases.J_CommonTestcases - clicked on Inserted cell above
23:58:50.252 [TestNG-test=RetryMultipleFailedTestcases-4] INFO  sprint4_TestCases.J_CommonTestcases - Verifying on background color is inserted
23:58:50.252 [TestNG-test=RetryMultipleFailedTestcases-4] INFO  sprint4_TestCases.J_CommonTestcases - Finished verifyCellBorderColorInsertAbove
23:58:52.636 [TestNG-test=RetryMultipleFailedTestcases-3] INFO  sprint4_TestCases.J_CommonTestcases - Inserted Table in DS
23:58:52.700 [TestNG-test=RetryMultipleFailedTestcases-3] INFO  sprint4_TestCases.J_CommonTestcases - Switched to frame 0.
23:58:55.301 [TestNG-test=RetryMultipleFailedTestcases-3] INFO  sprint4_TestCases.J_CommonTestcases - clicked on Inserted Table First Cell
23:58:56.435 [TestNG-test=RetryMultipleFailedTestcases-3] INFO  sprint4_TestCases.J_CommonTestcases - clicked on Inserted Table First Cell
23:58:56.435 [TestNG-test=RetryMultipleFailedTestcases-3] INFO  sprint4_TestCases.J_CommonTestcases - Finished verifyCopyPasteInsideCell
23:58:56.726 [TestNG-test=RetryMultipleFailedTestcases-4] INFO  sprint4_TestCases.J_CommonTestcases - Starting verifyDeleteColumnMultipleTimesAndVerifyExistingTable
23:59:03.232 [TestNG-test=RetryMultipleFailedTestcases-3] INFO  sprint4_TestCases.J_CommonTestcases - Starting verifyDeleteColumnMultipleTimesAndVerifyNewTable
23:59:12.090 [TestNG-test=RetryMultipleFailedTestcases-1] INFO  sprint4_TestCases.J_CommonTestcases - Logged in and searched for a file, then clicked Edit.
23:59:18.030 [TestNG-test=RetryMultipleFailedTestcases-2] INFO  sprint4_TestCases.J_CommonTestcases - Logged in and searched for a file, then clicked Edit.
23:59:20.791 [TestNG-test=RetryMultipleFailedTestcases-1] INFO  sprint4_TestCases.J_CommonTestcases - Inserted Table in DS
23:59:21.434 [TestNG-test=RetryMultipleFailedTestcases-1] INFO  sprint4_TestCases.J_CommonTestcases - clicked on Accept change
23:59:21.847 [TestNG-test=RetryMultipleFailedTestcases-1] INFO  sprint4_TestCases.J_CommonTestcases - Switched to frame 0.
23:59:22.449 [TestNG-test=RetryMultipleFailedTestcases-1] INFO  sprint4_TestCases.J_CommonTestcases - clicked on Inserted Table First Cell
23:59:22.485 [TestNG-test=RetryMultipleFailedTestcases-1] INFO  sprint4_TestCases.J_CommonTestcases - Switched back to default content.
23:59:22.503 [TestNG-test=RetryMultipleFailedTestcases-1] INFO  sprint4_TestCases.J_CommonTestcases - Switched to frame 0.
23:59:22.518 [TestNG-test=RetryMultipleFailedTestcases-1] INFO  sprint4_TestCases.J_CommonTestcases - Finished verifyDeleteCellMultipleTimes
23:59:24.526 [TestNG-test=RetryMultipleFailedTestcases-4] INFO  sprint4_TestCases.J_CommonTestcases - Logged in and searched for a file, then clicked Edit.
23:59:24.553 [TestNG-test=RetryMultipleFailedTestcases-4] INFO  sprint4_TestCases.J_CommonTestcases - Switched to frame 0.
23:59:29.261 [TestNG-test=RetryMultipleFailedTestcases-1] INFO  sprint4_TestCases.J_CommonTestcases - Starting verifyDeleteTableAcceptChange
