19:55:54.595 [TestNG-test=RetryMultipleFailedTestcases-4] INFO  sprint9_TestCases.A_ToolbarOptionsTC - Starting verifycopyPaste test...
19:55:54.610 [TestNG-test=RetryMultipleFailedTestcases-2] INFO  sprint9_TestCases.A_ToolbarOptionsTC - Logged in and performed search and edit actions.
19:55:56.796 [TestNG-test=RetryMultipleFailedTestcases-3] INFO  sprint9_TestCases.A_ToolbarOptionsTC - Logged in and performed search and edit actions.
19:56:22.022 [TestNG-test=RetryMultipleFailedTestcases-2] INFO  sprint9_TestCases.A_ToolbarOptionsTC - Starting verifyCutplainPaste test...
19:56:23.872 [TestNG-test=RetryMultipleFailedTestcases-3] INFO  sprint9_TestCases.A_ToolbarOptionsTC - Starting verifyCutEnabledAfterDoubleclick test...
19:56:26.642 [TestNG-test=RetryMultipleFailedTestcases-1] INFO  sprint9_TestCases.A_ToolbarOptionsTC - Logged in and performed search and edit actions.
19:56:28.605 [TestNG-test=RetryMultipleFailedTestcases-4] INFO  sprint9_TestCases.A_ToolbarOptionsTC - Logged in and performed search and edit actions.
19:56:33.379 [TestNG-test=RetryMultipleFailedTestcases-4] INFO  sprint9_TestCases.A_ToolbarOptionsTC - Starting verifyPastePopup test...
19:56:56.773 [TestNG-test=RetryMultipleFailedTestcases-1] INFO  sprint9_TestCases.A_ToolbarOptionsTC - Starting verifyCutPaste test...
19:57:04.488 [TestNG-test=RetryMultipleFailedTestcases-2] INFO  sprint9_TestCases.A_ToolbarOptionsTC - Logged in and performed search and edit actions.
19:57:10.754 [TestNG-test=RetryMultipleFailedTestcases-3] INFO  sprint9_TestCases.A_ToolbarOptionsTC - Logged in and performed search and edit actions.
19:57:14.439 [TestNG-test=RetryMultipleFailedTestcases-4] INFO  sprint9_TestCases.A_ToolbarOptionsTC - Logged in and performed search and edit actions.
19:57:24.677 [TestNG-test=RetryMultipleFailedTestcases-1] INFO  sprint9_TestCases.A_ToolbarOptionsTC - Logged in and performed search and edit actions.
19:57:34.724 [TestNG-test=RetryMultipleFailedTestcases-2] INFO  sprint9_TestCases.A_ToolbarOptionsTC - Starting verifyCutplainPaste test...
19:57:37.376 [TestNG-test=RetryMultipleFailedTestcases-3] INFO  sprint9_TestCases.A_ToolbarOptionsTC - Starting verifyCutEnabledAfterDoubleclick test...
19:57:44.137 [TestNG-test=RetryMultipleFailedTestcases-4] INFO  sprint9_TestCases.A_ToolbarOptionsTC - Starting verifyPastePopup test...
19:57:51.845 [TestNG-test=RetryMultipleFailedTestcases-1] INFO  sprint9_TestCases.A_ToolbarOptionsTC - Starting verifyCutPaste test...
19:58:17.794 [TestNG-test=RetryMultipleFailedTestcases-4] INFO  sprint9_TestCases.A_ToolbarOptionsTC - Logged in and performed search and edit actions.
19:58:40.384 [TestNG-test=RetryMultipleFailedTestcases-1] INFO  sprint9_TestCases.A_ToolbarOptionsTC - Logged in and performed search and edit actions.
19:58:44.402 [TestNG-test=RetryMultipleFailedTestcases-3] INFO  sprint9_TestCases.A_ToolbarOptionsTC - Logged in and performed search and edit actions.
19:58:45.873 [TestNG-test=RetryMultipleFailedTestcases-4] INFO  sprint9_TestCases.A_ToolbarOptionsTC - Starting verifyPastePopup test...
19:58:54.993 [TestNG-test=RetryMultipleFailedTestcases-2] INFO  sprint9_TestCases.A_ToolbarOptionsTC - Logged in and performed search and edit actions.
19:59:06.750 [TestNG-test=RetryMultipleFailedTestcases-1] INFO  sprint9_TestCases.A_ToolbarOptionsTC - Starting verifyPlainPastePopup test...
19:59:11.151 [TestNG-test=RetryMultipleFailedTestcases-3] INFO  sprint9_TestCases.A_ToolbarOptionsTC - Starting verifyRightclickCutVisible test...
19:59:20.933 [TestNG-test=RetryMultipleFailedTestcases-4] INFO  sprint9_TestCases.A_ToolbarOptionsTC - Logged in and performed search and edit actions.
19:59:22.567 [TestNG-test=RetryMultipleFailedTestcases-2] INFO  sprint9_TestCases.A_ToolbarOptionsTC - Starting verifyCutplainPaste test...
19:59:44.067 [TestNG-test=RetryMultipleFailedTestcases-1] INFO  sprint9_TestCases.A_ToolbarOptionsTC - Logged in and performed search and edit actions.
19:59:45.721 [TestNG-test=RetryMultipleFailedTestcases-3] INFO  sprint9_TestCases.A_ToolbarOptionsTC - Logged in and performed search and edit actions.
19:59:49.140 [TestNG-test=RetryMultipleFailedTestcases-3] INFO  sprint9_TestCases.A_ToolbarOptionsTC - Performed right-click on the first paragraph.
19:59:51.229 [TestNG-test=RetryMultipleFailedTestcases-4] INFO  sprint9_TestCases.A_ToolbarOptionsTC - Starting verifyPastePopup test...
19:59:59.761 [TestNG-test=RetryMultipleFailedTestcases-2] INFO  sprint9_TestCases.A_ToolbarOptionsTC - Logged in and performed search and edit actions.
20:00:15.096 [TestNG-test=RetryMultipleFailedTestcases-1] INFO  sprint9_TestCases.A_ToolbarOptionsTC - Starting verifyPlainPastePopup test...
20:00:26.569 [TestNG-test=RetryMultipleFailedTestcases-2] INFO  sprint9_TestCases.A_ToolbarOptionsTC - Starting verifyCutplainPaste test...
20:00:28.546 [TestNG-test=RetryMultipleFailedTestcases-4] INFO  sprint9_TestCases.A_ToolbarOptionsTC - Logged in and performed search and edit actions.
20:00:29.278 [TestNG-test=RetryMultipleFailedTestcases-3] INFO  sprint9_TestCases.A_ToolbarOptionsTC - Cut button is disabled in the right-click option by default.
20:00:50.046 [TestNG-test=RetryMultipleFailedTestcases-1] INFO  sprint9_TestCases.A_ToolbarOptionsTC - Logged in and performed search and edit actions.
20:00:53.641 [TestNG-test=RetryMultipleFailedTestcases-2] INFO  sprint9_TestCases.A_ToolbarOptionsTC - Logged in and performed search and edit actions.
20:00:57.023 [TestNG-test=RetryMultipleFailedTestcases-4] INFO  sprint9_TestCases.A_ToolbarOptionsTC - Starting verifyShortcutDisplayed test...
20:01:18.479 [TestNG-test=RetryMultipleFailedTestcases-1] INFO  sprint9_TestCases.A_ToolbarOptionsTC - Starting verifyPlainPastePopup test...
20:01:19.148 [TestNG-test=RetryMultipleFailedTestcases-3] INFO  sprint9_TestCases.A_ToolbarOptionsTC - Starting verifyRightclickCutVisible test...
20:01:21.884 [TestNG-test=RetryMultipleFailedTestcases-2] INFO  sprint9_TestCases.A_ToolbarOptionsTC - Starting verifyShortcutInDefaultEnabled test...
20:01:28.737 [TestNG-test=RetryMultipleFailedTestcases-4] INFO  sprint9_TestCases.A_ToolbarOptionsTC - Logged in and performed search and edit actions.
20:01:48.214 [TestNG-test=RetryMultipleFailedTestcases-1] INFO  sprint9_TestCases.A_ToolbarOptionsTC - Logged in and performed search and edit actions.
20:01:51.319 [TestNG-test=RetryMultipleFailedTestcases-3] INFO  sprint9_TestCases.A_ToolbarOptionsTC - Logged in and performed search and edit actions.
20:01:53.417 [TestNG-test=RetryMultipleFailedTestcases-3] INFO  sprint9_TestCases.A_ToolbarOptionsTC - Performed right-click on the first paragraph.
20:02:00.545 [TestNG-test=RetryMultipleFailedTestcases-2] INFO  sprint9_TestCases.A_ToolbarOptionsTC - Logged in and performed search and edit actions.
20:02:18.144 [TestNG-test=RetryMultipleFailedTestcases-4] INFO  sprint9_TestCases.A_ToolbarOptionsTC - Starting verifyShortcutDisplayed test...
20:02:20.369 [TestNG-test=RetryMultipleFailedTestcases-1] INFO  sprint9_TestCases.A_ToolbarOptionsTC - Starting verifyPlainPastePopup test...
20:02:26.897 [TestNG-test=RetryMultipleFailedTestcases-2] INFO  sprint9_TestCases.A_ToolbarOptionsTC - Starting verifyShortcutInDefaultEnabled test...
20:02:33.556 [TestNG-test=RetryMultipleFailedTestcases-3] INFO  sprint9_TestCases.A_ToolbarOptionsTC - Cut button is disabled in the right-click option by default.
20:02:57.778 [TestNG-test=RetryMultipleFailedTestcases-4] INFO  sprint9_TestCases.A_ToolbarOptionsTC - Logged in and performed search and edit actions.
20:03:02.608 [TestNG-test=RetryMultipleFailedTestcases-1] INFO  sprint9_TestCases.A_ToolbarOptionsTC - Logged in and performed search and edit actions.
20:03:08.678 [TestNG-test=RetryMultipleFailedTestcases-2] INFO  sprint9_TestCases.A_ToolbarOptionsTC - Logged in and performed search and edit actions.
20:03:20.747 [TestNG-test=RetryMultipleFailedTestcases-3] INFO  sprint9_TestCases.A_ToolbarOptionsTC - Starting verifyRightclickCutVisible test...
20:03:30.349 [TestNG-test=RetryMultipleFailedTestcases-1] INFO  sprint9_TestCases.A_ToolbarOptionsTC - Starting verifyShortcutTooltips test...
20:03:35.010 [TestNG-test=RetryMultipleFailedTestcases-2] INFO  sprint9_TestCases.A_ToolbarOptionsTC - Starting verifyShortcutInDefaultEnabled test...
20:03:45.756 [TestNG-test=RetryMultipleFailedTestcases-4] INFO  sprint9_TestCases.A_ToolbarOptionsTC - Starting verifyShortcutDisplayed test...
20:03:59.837 [TestNG-test=RetryMultipleFailedTestcases-3] INFO  sprint9_TestCases.A_ToolbarOptionsTC - Logged in and performed search and edit actions.
20:04:01.830 [TestNG-test=RetryMultipleFailedTestcases-1] INFO  sprint9_TestCases.A_ToolbarOptionsTC - Logged in and performed search and edit actions.
20:04:02.399 [TestNG-test=RetryMultipleFailedTestcases-3] INFO  sprint9_TestCases.A_ToolbarOptionsTC - Performed right-click on the first paragraph.
20:04:08.000 [TestNG-test=RetryMultipleFailedTestcases-2] INFO  sprint9_TestCases.A_ToolbarOptionsTC - Logged in and performed search and edit actions.
20:04:19.464 [TestNG-test=RetryMultipleFailedTestcases-4] INFO  sprint9_TestCases.A_ToolbarOptionsTC - Logged in and performed search and edit actions.
20:04:35.755 [TestNG-test=RetryMultipleFailedTestcases-1] INFO  sprint9_TestCases.A_ToolbarOptionsTC - Starting verifyShortcutTooltips test...
20:04:42.086 [TestNG-test=RetryMultipleFailedTestcases-2] INFO  sprint9_TestCases.A_ToolbarOptionsTC - Starting verifyShortcutInDefaultEnabled test...
20:04:42.508 [TestNG-test=RetryMultipleFailedTestcases-3] INFO  sprint9_TestCases.A_ToolbarOptionsTC - Cut button is disabled in the right-click option by default.
20:05:05.936 [TestNG-test=RetryMultipleFailedTestcases-4] INFO  sprint9_TestCases.A_ToolbarOptionsTC - Starting verifyShortcutDisplayed test...
20:05:28.833 [TestNG-test=RetryMultipleFailedTestcases-3] INFO  sprint9_TestCases.A_ToolbarOptionsTC - Starting verifyRightclickCutVisible test...
20:05:29.884 [TestNG-test=RetryMultipleFailedTestcases-2] INFO  sprint9_TestCases.A_ToolbarOptionsTC - Logged in and performed search and edit actions.
20:05:35.389 [TestNG-test=RetryMultipleFailedTestcases-1] INFO  sprint9_TestCases.A_ToolbarOptionsTC - Logged in and performed search and edit actions.
20:05:59.381 [TestNG-test=RetryMultipleFailedTestcases-2] INFO  sprint9_TestCases.A_ToolbarOptionsTC - Starting verifycopyHighligted test...
20:06:02.347 [TestNG-test=RetryMultipleFailedTestcases-4] INFO  sprint9_TestCases.A_ToolbarOptionsTC - Logged in and performed search and edit actions.
20:06:03.197 [TestNG-test=RetryMultipleFailedTestcases-1] INFO  sprint9_TestCases.A_ToolbarOptionsTC - Starting verifyShortcutTooltips test...
20:06:10.514 [TestNG-test=RetryMultipleFailedTestcases-3] INFO  sprint9_TestCases.A_ToolbarOptionsTC - Logged in and performed search and edit actions.
20:06:13.839 [TestNG-test=RetryMultipleFailedTestcases-3] INFO  sprint9_TestCases.A_ToolbarOptionsTC - Performed right-click on the first paragraph.
20:06:42.164 [TestNG-test=RetryMultipleFailedTestcases-2] INFO  sprint9_TestCases.A_ToolbarOptionsTC - Logged in and performed search and edit actions.
20:06:48.970 [TestNG-test=RetryMultipleFailedTestcases-1] INFO  sprint9_TestCases.A_ToolbarOptionsTC - Logged in and performed search and edit actions.
20:06:54.071 [TestNG-test=RetryMultipleFailedTestcases-3] INFO  sprint9_TestCases.A_ToolbarOptionsTC - Cut button is disabled in the right-click option by default.
20:07:01.455 [TestNG-test=RetryMultipleFailedTestcases-4] INFO  sprint9_TestCases.A_ToolbarOptionsTC - Starting verifycopyPaste test...
20:07:11.815 [TestNG-test=RetryMultipleFailedTestcases-2] INFO  sprint9_TestCases.A_ToolbarOptionsTC - Starting verifycopyHighligted test...
20:07:18.262 [TestNG-test=RetryMultipleFailedTestcases-1] INFO  sprint9_TestCases.A_ToolbarOptionsTC - Starting verifyShortcutTooltips test...
20:07:36.833 [TestNG-test=RetryMultipleFailedTestcases-4] INFO  sprint9_TestCases.A_ToolbarOptionsTC - Logged in and performed search and edit actions.
20:07:42.852 [TestNG-test=RetryMultipleFailedTestcases-3] INFO  sprint9_TestCases.A_ToolbarOptionsTC - Starting verifycopyPlainPaste test...
20:07:44.155 [TestNG-test=RetryMultipleFailedTestcases-2] INFO  sprint9_TestCases.A_ToolbarOptionsTC - Logged in and performed search and edit actions.
20:07:51.057 [TestNG-test=RetryMultipleFailedTestcases-1] INFO  sprint9_TestCases.A_ToolbarOptionsTC - Logged in and performed search and edit actions.
20:08:05.261 [TestNG-test=RetryMultipleFailedTestcases-4] INFO  sprint9_TestCases.A_ToolbarOptionsTC - Starting verifycopyPaste test...
20:08:14.053 [TestNG-test=RetryMultipleFailedTestcases-2] INFO  sprint9_TestCases.A_ToolbarOptionsTC - Starting verifycopyHighligted test...
20:08:18.581 [TestNG-test=RetryMultipleFailedTestcases-1] INFO  sprint9_TestCases.A_ToolbarOptionsTC - Starting verifycutHighligted test...
20:08:22.379 [TestNG-test=RetryMultipleFailedTestcases-3] INFO  sprint9_TestCases.A_ToolbarOptionsTC - Logged in and performed search and edit actions.
20:08:48.599 [TestNG-test=RetryMultipleFailedTestcases-3] INFO  sprint9_TestCases.A_ToolbarOptionsTC - Starting verifycopyPlainPaste test...
20:08:58.359 [TestNG-test=RetryMultipleFailedTestcases-4] INFO  sprint9_TestCases.A_ToolbarOptionsTC - Logged in and performed search and edit actions.
20:09:02.310 [TestNG-test=RetryMultipleFailedTestcases-2] INFO  sprint9_TestCases.A_ToolbarOptionsTC - Logged in and performed search and edit actions.
20:09:04.945 [TestNG-test=RetryMultipleFailedTestcases-1] INFO  sprint9_TestCases.A_ToolbarOptionsTC - Logged in and performed search and edit actions.
20:09:17.584 [TestNG-test=RetryMultipleFailedTestcases-3] INFO  sprint9_TestCases.A_ToolbarOptionsTC - Logged in and performed search and edit actions.
20:09:26.609 [TestNG-test=RetryMultipleFailedTestcases-4] INFO  sprint9_TestCases.A_ToolbarOptionsTC - Starting verifycopyPaste test...
20:09:29.816 [TestNG-test=RetryMultipleFailedTestcases-2] INFO  sprint9_TestCases.A_ToolbarOptionsTC - Starting verifycopyHighligted test...
20:09:33.052 [TestNG-test=RetryMultipleFailedTestcases-1] INFO  sprint9_TestCases.A_ToolbarOptionsTC - Starting verifycutHighligted test...
20:09:43.107 [TestNG-test=RetryMultipleFailedTestcases-3] INFO  sprint9_TestCases.A_ToolbarOptionsTC - Starting verifycopyPlainPaste test...
20:09:59.932 [TestNG-test=RetryMultipleFailedTestcases-2] INFO  sprint9_TestCases.A_ToolbarOptionsTC - Logged in and performed search and edit actions.
20:10:07.016 [TestNG-test=RetryMultipleFailedTestcases-4] INFO  sprint9_TestCases.A_ToolbarOptionsTC - Logged in and performed search and edit actions.
20:10:17.814 [TestNG-test=RetryMultipleFailedTestcases-1] INFO  sprint9_TestCases.A_ToolbarOptionsTC - Logged in and performed search and edit actions.
20:10:31.172 [TestNG-test=RetryMultipleFailedTestcases-2] INFO  sprint9_TestCases.A_ToolbarOptionsTC - Starting verifypasteHighligted test...
20:10:33.666 [TestNG-test=RetryMultipleFailedTestcases-4] INFO  sprint9_TestCases.A_ToolbarOptionsTC - Starting verifycopyPaste test...
20:10:39.069 [TestNG-test=RetryMultipleFailedTestcases-3] INFO  sprint9_TestCases.A_ToolbarOptionsTC - Logged in and performed search and edit actions.
20:10:44.763 [TestNG-test=RetryMultipleFailedTestcases-1] INFO  sprint9_TestCases.A_ToolbarOptionsTC - Starting verifycutHighligted test...
20:11:10.260 [TestNG-test=RetryMultipleFailedTestcases-2] INFO  sprint9_TestCases.A_ToolbarOptionsTC - Logged in and performed search and edit actions.
20:11:11.043 [TestNG-test=RetryMultipleFailedTestcases-3] INFO  sprint9_TestCases.A_ToolbarOptionsTC - Starting verifycopyPlainPaste test...
20:11:14.651 [TestNG-test=RetryMultipleFailedTestcases-4] INFO  sprint9_TestCases.A_ToolbarOptionsTC - Logged in and performed search and edit actions.
20:11:16.625 [TestNG-test=RetryMultipleFailedTestcases-1] INFO  sprint9_TestCases.A_ToolbarOptionsTC - Logged in and performed search and edit actions.
20:11:38.741 [TestNG-test=RetryMultipleFailedTestcases-2] INFO  sprint9_TestCases.A_ToolbarOptionsTC - Starting verifypasteHighligted test...
20:11:44.747 [TestNG-test=RetryMultipleFailedTestcases-4] INFO  sprint9_TestCases.A_ToolbarOptionsTC - Starting verifyplainpasteHighligted test...
20:11:46.068 [TestNG-test=RetryMultipleFailedTestcases-1] INFO  sprint9_TestCases.A_ToolbarOptionsTC - Starting verifycutHighligted test...
20:11:48.002 [TestNG-test=RetryMultipleFailedTestcases-3] INFO  sprint9_TestCases.A_ToolbarOptionsTC - Logged in and performed search and edit actions.
20:12:16.948 [TestNG-test=RetryMultipleFailedTestcases-2] INFO  sprint9_TestCases.A_ToolbarOptionsTC - Logged in and performed search and edit actions.
20:12:21.853 [TestNG-test=RetryMultipleFailedTestcases-4] INFO  sprint9_TestCases.A_ToolbarOptionsTC - Logged in and performed search and edit actions.
20:12:29.913 [TestNG-test=RetryMultipleFailedTestcases-1] INFO  sprint9_TestCases.A_ToolbarOptionsTC - Logged in and performed search and edit actions.
20:12:45.866 [TestNG-test=RetryMultipleFailedTestcases-2] INFO  sprint9_TestCases.A_ToolbarOptionsTC - Starting verifypasteHighligted test...
20:12:47.454 [TestNG-test=RetryMultipleFailedTestcases-4] INFO  sprint9_TestCases.A_ToolbarOptionsTC - Starting verifyplainpasteHighligted test...
20:13:14.178 [TestNG-test=RetryMultipleFailedTestcases-4] INFO  sprint9_TestCases.A_ToolbarOptionsTC - Logged in and performed search and edit actions.
20:13:15.390 [TestNG-test=RetryMultipleFailedTestcases-2] INFO  sprint9_TestCases.A_ToolbarOptionsTC - Logged in and performed search and edit actions.
20:13:38.952 [TestNG-test=RetryMultipleFailedTestcases-4] INFO  sprint9_TestCases.A_ToolbarOptionsTC - Starting verifyplainpasteHighligted test...
20:13:41.769 [TestNG-test=RetryMultipleFailedTestcases-2] INFO  sprint9_TestCases.A_ToolbarOptionsTC - Starting verifypasteHighligted test...
20:14:04.794 [TestNG-test=RetryMultipleFailedTestcases-4] INFO  sprint9_TestCases.A_ToolbarOptionsTC - Logged in and performed search and edit actions.
20:14:06.416 [TestNG-test=RetryMultipleFailedTestcases-2] INFO  sprint9_TestCases.A_ToolbarOptionsTC - Logged in and performed search and edit actions.
20:14:30.607 [TestNG-test=RetryMultipleFailedTestcases-4] INFO  sprint9_TestCases.A_ToolbarOptionsTC - Starting verifyplainpasteHighligted test...
20:14:52.939 [TestNG-test=RetryMultipleFailedTestcases-4] INFO  sprint9_TestCases.A_ToolbarOptionsTC - Logged in and performed search and edit actions.
23:15:51.884 [TestNG-test=RetryMultipleFailedTestcases-4] INFO  sprint7_TestCases.PDFGenerationTC - Starting verify_ChapterLevel_Changes
23:15:51.925 [TestNG-test=RetryMultipleFailedTestcases-2] INFO  sprint7_TestCases.PDFGenerationTC - Starting verify_CombinationElements_GeneratePDF
23:15:52.584 [TestNG-test=RetryMultipleFailedTestcases-3] INFO  sprint7_TestCases.PDFGenerationTC - Starting verify_WithSomeTextEdit_GeneratePDF
23:15:52.974 [TestNG-test=RetryMultipleFailedTestcases-1] INFO  sprint7_TestCases.A_PDFGenerationFilesTC - Starting verify_PrintPreview_GeneratingPDF_TimeTaken test...
23:15:52.975 [TestNG-test=RetryMultipleFailedTestcases-1] INFO  sprint7_TestCases.A_PDFGenerationFilesTC - Logging step: ResualbleforPdfGeneration.Login1()
23:15:55.526 [TestNG-test=RetryMultipleFailedTestcases-4] INFO  sprint7_TestCases.PDFGenerationTC - Logged in to the application.
23:15:57.885 [TestNG-test=RetryMultipleFailedTestcases-4] INFO  sprint7_TestCases.PDFGenerationTC - Selected project and navigated to the file list.
23:15:58.150 [TestNG-test=RetryMultipleFailedTestcases-4] INFO  sprint7_TestCases.PDFGenerationTC - Searched for a file by name.
23:16:00.380 [TestNG-test=RetryMultipleFailedTestcases-4] INFO  sprint7_TestCases.PDFGenerationTC - Clicked on the edit file button.
23:16:02.319 [TestNG-test=RetryMultipleFailedTestcases-1] INFO  sprint7_TestCases.A_PDFGenerationFilesTC - Logging step: ResualbleforPdfGeneration.createHeaderRow(sheet)
23:16:02.673 [TestNG-test=RetryMultipleFailedTestcases-1] INFO  sprint7_TestCases.A_PDFGenerationFilesTC - Clicking on Reset Button
23:16:15.208 [TestNG-test=RetryMultipleFailedTestcases-4] INFO  sprint7_TestCases.PDFGenerationTC - Performed actions on the new window.
23:16:19.759 [TestNG-test=RetryMultipleFailedTestcases-4] INFO  sprint7_TestCases.PDFGenerationTC - Waited for Dynamic Section to become visible.
23:16:20.183 [TestNG-test=RetryMultipleFailedTestcases-2] INFO  sprint7_TestCases.PDFGenerationTC - Logged in, searched for a file, and clicked Edit.
23:16:20.361 [TestNG-test=RetryMultipleFailedTestcases-1] INFO  sprint7_TestCases.A_PDFGenerationFilesTC - Clicking on Confirm Button
23:16:20.906 [TestNG-test=RetryMultipleFailedTestcases-4] INFO  sprint7_TestCases.PDFGenerationTC - Clicked on the first paragraph.
23:16:22.031 [TestNG-test=RetryMultipleFailedTestcases-4] INFO  sprint7_TestCases.PDFGenerationTC - Accepted the change for the first paragraph.
23:16:23.367 [TestNG-test=RetryMultipleFailedTestcases-4] INFO  sprint7_TestCases.PDFGenerationTC - Right-clicked on the second paragraph.
23:16:24.868 [TestNG-test=RetryMultipleFailedTestcases-4] INFO  sprint7_TestCases.PDFGenerationTC - Inserted content after the PDF.
23:16:25.435 [TestNG-test=RetryMultipleFailedTestcases-1] INFO  sprint7_TestCases.A_PDFGenerationFilesTC - Flag: Foreword
23:16:26.027 [TestNG-test=RetryMultipleFailedTestcases-1] INFO  sprint7_TestCases.A_PDFGenerationFilesTC - clicking on PrintPreview Button
23:16:26.586 [TestNG-test=RetryMultipleFailedTestcases-1] INFO  sprint7_TestCases.A_PDFGenerationFilesTC - Checking Button PDF is visible
23:16:26.783 [TestNG-test=RetryMultipleFailedTestcases-1] INFO  sprint7_TestCases.A_PDFGenerationFilesTC - clicking on Generate PDF Button
23:16:27.510 [TestNG-test=RetryMultipleFailedTestcases-1] INFO  sprint7_TestCases.A_PDFGenerationFilesTC - Waiting for the time allocated
23:16:28.646 [TestNG-test=RetryMultipleFailedTestcases-3] INFO  sprint7_TestCases.PDFGenerationTC - Clicked on the first paragraph.
23:16:29.887 [TestNG-test=RetryMultipleFailedTestcases-3] INFO  sprint7_TestCases.PDFGenerationTC - Accepted the change.
23:16:31.418 [TestNG-test=RetryMultipleFailedTestcases-3] INFO  sprint7_TestCases.PDFGenerationTC - Right-clicked on the second paragraph.
23:16:31.773 [TestNG-test=RetryMultipleFailedTestcases-2] INFO  sprint7_TestCases.PDFGenerationTC - Accepted the change.
23:16:32.259 [TestNG-test=RetryMultipleFailedTestcases-2] INFO  sprint7_TestCases.PDFGenerationTC - Clicked on the first paragraph.
23:16:32.321 [TestNG-test=RetryMultipleFailedTestcases-3] INFO  sprint7_TestCases.PDFGenerationTC - Inserted after the PDF.
23:16:32.764 [TestNG-test=RetryMultipleFailedTestcases-1] INFO  sprint7_TestCases.A_PDFGenerationFilesTC - Time taken: 5.3 seconds and 5253 milliseconds
23:16:32.764 [TestNG-test=RetryMultipleFailedTestcases-1] INFO  sprint7_TestCases.A_PDFGenerationFilesTC - Time taken: StartTime - 02-11-2023 11:16:27 pm and EndTime - 02-11-2023 11:16:32 pm
23:16:32.764 [TestNG-test=RetryMultipleFailedTestcases-1] INFO  sprint7_TestCases.A_PDFGenerationFilesTC - Time taken in minutes: 0.1
23:16:32.766 [TestNG-test=RetryMultipleFailedTestcases-1] INFO  sprint7_TestCases.A_PDFGenerationFilesTC - Closing the window
23:16:32.794 [TestNG-test=RetryMultipleFailedTestcases-1] INFO  sprint7_TestCases.A_PDFGenerationFilesTC - Switching the window
23:16:33.044 [TestNG-test=RetryMultipleFailedTestcases-1] INFO  sprint7_TestCases.A_PDFGenerationFilesTC - Clicking on Reset Button
23:16:35.203 [TestNG-test=RetryMultipleFailedTestcases-1] INFO  sprint7_TestCases.A_PDFGenerationFilesTC - Clicking on Confirm Button
23:16:35.960 [TestNG-test=RetryMultipleFailedTestcases-2] INFO  sprint7_TestCases.PDFGenerationTC - Added an entity reference.
23:16:36.144 [TestNG-test=RetryMultipleFailedTestcases-3] INFO  sprint7_TestCases.PDFGenerationTC - Added text to the second paragraph.
23:16:38.095 [TestNG-test=RetryMultipleFailedTestcases-1] INFO  sprint7_TestCases.A_PDFGenerationFilesTC - Flag: 4.1 - File4
23:16:38.219 [TestNG-test=RetryMultipleFailedTestcases-1] INFO  sprint7_TestCases.A_PDFGenerationFilesTC - clicking on PrintPreview Button
23:16:38.493 [TestNG-test=RetryMultipleFailedTestcases-1] INFO  sprint7_TestCases.A_PDFGenerationFilesTC - Checking Button PDF is visible
23:16:38.557 [TestNG-test=RetryMultipleFailedTestcases-1] INFO  sprint7_TestCases.A_PDFGenerationFilesTC - clicking on Generate PDF Button
23:16:38.739 [TestNG-test=RetryMultipleFailedTestcases-1] INFO  sprint7_TestCases.A_PDFGenerationFilesTC - Waiting for the time allocated
23:16:44.307 [TestNG-test=RetryMultipleFailedTestcases-2] INFO  sprint7_TestCases.PDFGenerationTC - Added a cross-reference.
23:16:45.694 [TestNG-test=RetryMultipleFailedTestcases-3] INFO  sprint7_TestCases.PDFGenerationTC - Time taken: 8.3 seconds and 8329 milliseconds
23:16:45.694 [TestNG-test=RetryMultipleFailedTestcases-3] INFO  sprint7_TestCases.PDFGenerationTC - Time taken: 02-11-2023 11:16:37 pm StartTime and 02-11-2023 11:16:45 pm EndTime
23:16:45.694 [TestNG-test=RetryMultipleFailedTestcases-3] INFO  sprint7_TestCases.PDFGenerationTC - Time taken in minutes: 0.1
23:16:45.694 [TestNG-test=RetryMultipleFailedTestcases-3] INFO  sprint7_TestCases.PDFGenerationTC - Finished verify_WithSomeTextEdit_GeneratePDF
23:16:54.670 [TestNG-test=RetryMultipleFailedTestcases-2] INFO  sprint7_TestCases.PDFGenerationTC - Added a footnote.
23:16:55.472 [TestNG-test=RetryMultipleFailedTestcases-3] INFO  sprint7_TestCases.PrintPreviewTC - Starting verify_PrintPriview_Tooltip test...
23:16:57.429 [TestNG-test=RetryMultipleFailedTestcases-2] INFO  sprint7_TestCases.PDFGenerationTC - Added a numbered list.
23:17:02.272 [TestNG-test=RetryMultipleFailedTestcases-2] INFO  sprint7_TestCases.PDFGenerationTC - Added a media object.
23:17:11.541 [TestNG-test=RetryMultipleFailedTestcases-4] INFO  sprint7_TestCases.PDFGenerationTC - Starting verify_ChapterLevel_Changes
23:17:15.514 [TestNG-test=RetryMultipleFailedTestcases-4] INFO  sprint7_TestCases.PDFGenerationTC - Logged in to the application.
23:17:17.758 [TestNG-test=RetryMultipleFailedTestcases-4] INFO  sprint7_TestCases.PDFGenerationTC - Selected project and navigated to the file list.
23:17:17.869 [TestNG-test=RetryMultipleFailedTestcases-4] INFO  sprint7_TestCases.PDFGenerationTC - Searched for a file by name.
23:17:20.133 [TestNG-test=RetryMultipleFailedTestcases-4] INFO  sprint7_TestCases.PDFGenerationTC - Clicked on the edit file button.
23:17:25.886 [TestNG-test=RetryMultipleFailedTestcases-3] INFO  sprint7_TestCases.PrintPreviewTC - Logged in and performed search and edit actions.
23:17:25.983 [TestNG-test=RetryMultipleFailedTestcases-3] INFO  sprint7_TestCases.PrintPreviewTC - PrintPreview button is displayed: true
23:17:26.282 [TestNG-test=RetryMultipleFailedTestcases-3] INFO  sprint7_TestCases.PrintPreviewTC - Hovered over the print preview button.
23:17:26.347 [TestNG-test=RetryMultipleFailedTestcases-3] INFO  sprint7_TestCases.PrintPreviewTC - Tooltip is present for the print preview.
23:17:26.347 [TestNG-test=RetryMultipleFailedTestcases-3] INFO  sprint7_TestCases.PrintPreviewTC - verify_PrintPriview_Tooltip test completed successfully.
23:17:32.242 [TestNG-test=RetryMultipleFailedTestcases-3] INFO  sprint7_TestCases.PrintPreviewTC - Starting verify_PrintPriview_GeneratingPDFButton test...
23:17:34.353 [TestNG-test=RetryMultipleFailedTestcases-4] INFO  sprint7_TestCases.PDFGenerationTC - Performed actions on the new window.
23:17:36.733 [TestNG-test=RetryMultipleFailedTestcases-4] INFO  sprint7_TestCases.PDFGenerationTC - Waited for Dynamic Section to become visible.
23:17:37.270 [TestNG-test=RetryMultipleFailedTestcases-4] INFO  sprint7_TestCases.PDFGenerationTC - Clicked on the first paragraph.
23:17:37.671 [TestNG-test=RetryMultipleFailedTestcases-4] INFO  sprint7_TestCases.PDFGenerationTC - Accepted the change for the first paragraph.
23:17:38.669 [TestNG-test=RetryMultipleFailedTestcases-4] INFO  sprint7_TestCases.PDFGenerationTC - Right-clicked on the second paragraph.
23:17:39.015 [TestNG-test=RetryMultipleFailedTestcases-4] INFO  sprint7_TestCases.PDFGenerationTC - Inserted content after the PDF.
23:17:47.915 [TestNG-test=RetryMultipleFailedTestcases-1] INFO  sprint7_TestCases.A_PDFGenerationFilesTC - Time taken: 69.2 seconds and 69176 milliseconds
23:17:47.915 [TestNG-test=RetryMultipleFailedTestcases-1] INFO  sprint7_TestCases.A_PDFGenerationFilesTC - Time taken: StartTime - 02-11-2023 11:16:38 pm and EndTime - 02-11-2023 11:17:47 pm
23:17:47.916 [TestNG-test=RetryMultipleFailedTestcases-1] INFO  sprint7_TestCases.A_PDFGenerationFilesTC - Time taken in minutes: 1.2
23:17:47.918 [TestNG-test=RetryMultipleFailedTestcases-1] INFO  sprint7_TestCases.A_PDFGenerationFilesTC - Closing the window
23:17:47.948 [TestNG-test=RetryMultipleFailedTestcases-1] INFO  sprint7_TestCases.A_PDFGenerationFilesTC - Switching the window
23:17:48.173 [TestNG-test=RetryMultipleFailedTestcases-1] INFO  sprint7_TestCases.A_PDFGenerationFilesTC - Clicking on Reset Button
23:17:52.412 [TestNG-test=RetryMultipleFailedTestcases-1] INFO  sprint7_TestCases.A_PDFGenerationFilesTC - Clicking on Confirm Button
23:17:57.454 [TestNG-test=RetryMultipleFailedTestcases-1] INFO  sprint7_TestCases.A_PDFGenerationFilesTC - Flag: 16.1 - File16
23:17:57.846 [TestNG-test=RetryMultipleFailedTestcases-1] INFO  sprint7_TestCases.A_PDFGenerationFilesTC - clicking on PrintPreview Button
23:17:58.204 [TestNG-test=RetryMultipleFailedTestcases-1] INFO  sprint7_TestCases.A_PDFGenerationFilesTC - Checking Button PDF is visible
23:17:58.466 [TestNG-test=RetryMultipleFailedTestcases-1] INFO  sprint7_TestCases.A_PDFGenerationFilesTC - clicking on Generate PDF Button
23:17:58.704 [TestNG-test=RetryMultipleFailedTestcases-1] INFO  sprint7_TestCases.A_PDFGenerationFilesTC - Waiting for the time allocated
23:18:04.927 [TestNG-test=RetryMultipleFailedTestcases-3] INFO  sprint7_TestCases.PrintPreviewTC - Logged in and performed search and edit actions.
23:18:05.004 [TestNG-test=RetryMultipleFailedTestcases-3] INFO  sprint7_TestCases.PrintPreviewTC - PrintPreview button is displayed: true
23:18:05.208 [TestNG-test=RetryMultipleFailedTestcases-3] INFO  sprint7_TestCases.PrintPreviewTC - Clicked on Print Preview button.
23:18:05.337 [TestNG-test=RetryMultipleFailedTestcases-3] INFO  sprint7_TestCases.PrintPreviewTC - Generating PDF button is present.
23:18:05.337 [TestNG-test=RetryMultipleFailedTestcases-3] INFO  sprint7_TestCases.PrintPreviewTC - verify_PrintPriview_GeneratingPDFButton test completed successfully.
23:18:12.230 [TestNG-test=RetryMultipleFailedTestcases-3] INFO  sprint7_TestCases.PrintPreviewTC - Starting verify_PrintPriview_GeneratingPDFButton_BackgroundColor test...
23:18:25.227 [TestNG-test=RetryMultipleFailedTestcases-4] INFO  sprint7_TestCases.PDFGenerationTC - Starting verify_ChapterLevel_Changes
23:18:28.398 [TestNG-test=RetryMultipleFailedTestcases-4] INFO  sprint7_TestCases.PDFGenerationTC - Logged in to the application.
23:18:30.399 [TestNG-test=RetryMultipleFailedTestcases-4] INFO  sprint7_TestCases.PDFGenerationTC - Selected project and navigated to the file list.
23:18:30.489 [TestNG-test=RetryMultipleFailedTestcases-4] INFO  sprint7_TestCases.PDFGenerationTC - Searched for a file by name.
23:18:32.788 [TestNG-test=RetryMultipleFailedTestcases-4] INFO  sprint7_TestCases.PDFGenerationTC - Clicked on the edit file button.
23:18:37.392 [TestNG-test=RetryMultipleFailedTestcases-4] INFO  sprint7_TestCases.PDFGenerationTC - Performed actions on the new window.
23:18:38.789 [TestNG-test=RetryMultipleFailedTestcases-3] INFO  sprint7_TestCases.PrintPreviewTC - Logged in and performed search and edit actions.
23:18:38.891 [TestNG-test=RetryMultipleFailedTestcases-3] INFO  sprint7_TestCases.PrintPreviewTC - PrintPreview button is displayed: true
23:18:39.281 [TestNG-test=RetryMultipleFailedTestcases-3] INFO  sprint7_TestCases.PrintPreviewTC - Clicked on Print Preview button.
23:18:39.363 [TestNG-test=RetryMultipleFailedTestcases-3] INFO  sprint7_TestCases.PrintPreviewTC - Background color of the PDF button: rgba(1, 65, 106, 1)
23:18:39.363 [TestNG-test=RetryMultipleFailedTestcases-3] INFO  sprint7_TestCases.PrintPreviewTC - verify_PrintPriview_GeneratingPDFButton_BackgroundColor test completed successfully.
23:18:45.406 [TestNG-test=RetryMultipleFailedTestcases-3] INFO  sprint7_TestCases.PrintPreviewTC - Starting verify_PrintPriview_GeneratingPDFButton_Disable test...
23:18:45.652 [TestNG-test=RetryMultipleFailedTestcases-4] INFO  sprint7_TestCases.PDFGenerationTC - Waited for Dynamic Section to become visible.
23:18:46.539 [TestNG-test=RetryMultipleFailedTestcases-4] INFO  sprint7_TestCases.PDFGenerationTC - Clicked on the first paragraph.
23:18:46.940 [TestNG-test=RetryMultipleFailedTestcases-4] INFO  sprint7_TestCases.PDFGenerationTC - Accepted the change for the first paragraph.
23:18:47.906 [TestNG-test=RetryMultipleFailedTestcases-4] INFO  sprint7_TestCases.PDFGenerationTC - Right-clicked on the second paragraph.
23:18:48.182 [TestNG-test=RetryMultipleFailedTestcases-4] INFO  sprint7_TestCases.PDFGenerationTC - Inserted content after the PDF.
23:19:13.161 [TestNG-test=RetryMultipleFailedTestcases-1] INFO  sprint7_TestCases.A_PDFGenerationFilesTC - Time taken: 74.5 seconds and 74457 milliseconds
23:19:13.162 [TestNG-test=RetryMultipleFailedTestcases-1] INFO  sprint7_TestCases.A_PDFGenerationFilesTC - Time taken: StartTime - 02-11-2023 11:17:58 pm and EndTime - 02-11-2023 11:19:13 pm
23:19:13.162 [TestNG-test=RetryMultipleFailedTestcases-1] INFO  sprint7_TestCases.A_PDFGenerationFilesTC - Time taken in minutes: 1.2
23:19:13.165 [TestNG-test=RetryMultipleFailedTestcases-1] INFO  sprint7_TestCases.A_PDFGenerationFilesTC - Closing the window
23:19:13.195 [TestNG-test=RetryMultipleFailedTestcases-1] INFO  sprint7_TestCases.A_PDFGenerationFilesTC - Switching the window
23:19:13.526 [TestNG-test=RetryMultipleFailedTestcases-1] INFO  sprint7_TestCases.A_PDFGenerationFilesTC - Clicking on Reset Button
23:19:15.953 [TestNG-test=RetryMultipleFailedTestcases-1] INFO  sprint7_TestCases.A_PDFGenerationFilesTC - Clicking on Confirm Button
23:19:19.468 [TestNG-test=RetryMultipleFailedTestcases-1] INFO  sprint7_TestCases.A_PDFGenerationFilesTC - Flag: Acknowledgements
23:19:19.520 [TestNG-test=RetryMultipleFailedTestcases-1] INFO  sprint7_TestCases.A_PDFGenerationFilesTC - clicking on PrintPreview Button
23:19:19.771 [TestNG-test=RetryMultipleFailedTestcases-1] INFO  sprint7_TestCases.A_PDFGenerationFilesTC - Checking Button PDF is visible
23:19:19.888 [TestNG-test=RetryMultipleFailedTestcases-1] INFO  sprint7_TestCases.A_PDFGenerationFilesTC - clicking on Generate PDF Button
23:19:20.138 [TestNG-test=RetryMultipleFailedTestcases-1] INFO  sprint7_TestCases.A_PDFGenerationFilesTC - Waiting for the time allocated
23:19:20.769 [TestNG-test=RetryMultipleFailedTestcases-3] INFO  sprint7_TestCases.PrintPreviewTC - Logged in and performed search and edit actions.
23:19:20.853 [TestNG-test=RetryMultipleFailedTestcases-3] INFO  sprint7_TestCases.PrintPreviewTC - PrintPreview button is displayed.
23:19:21.160 [TestNG-test=RetryMultipleFailedTestcases-3] INFO  sprint7_TestCases.PrintPreviewTC - Clicked on Print Preview button.
23:19:21.310 [TestNG-test=RetryMultipleFailedTestcases-3] INFO  sprint7_TestCases.PrintPreviewTC - Generating PDF button is present.
23:19:21.870 [TestNG-test=RetryMultipleFailedTestcases-3] INFO  sprint7_TestCases.PrintPreviewTC - Clicked on the Generate PDF button.
23:19:21.943 [TestNG-test=RetryMultipleFailedTestcases-3] INFO  sprint7_TestCases.PrintPreviewTC - Class attribute of Generate PDF button: btn generate_output_file disabled
23:19:21.943 [TestNG-test=RetryMultipleFailedTestcases-3] INFO  sprint7_TestCases.PrintPreviewTC - verify_PrintPriview_GeneratingPDFButton_Disable test completed successfully.
23:19:29.077 [TestNG-test=RetryMultipleFailedTestcases-3] INFO  sprint7_TestCases.PrintPreviewTC - Starting verify_PrintPriview_GeneratingPDFButton_Icon test...
23:19:30.535 [TestNG-test=RetryMultipleFailedTestcases-2] INFO  sprint7_TestCases.PDFGenerationTC - Time taken: 147.0 seconds and 146952 milliseconds
23:19:30.535 [TestNG-test=RetryMultipleFailedTestcases-2] INFO  sprint7_TestCases.PDFGenerationTC - Time taken: 02-11-2023 11:17:03 pm StartTime and 02-11-2023 11:19:30 pm EndTime
23:19:30.535 [TestNG-test=RetryMultipleFailedTestcases-2] INFO  sprint7_TestCases.PDFGenerationTC - Time taken in minutes: 2.4
23:19:30.535 [TestNG-test=RetryMultipleFailedTestcases-2] INFO  sprint7_TestCases.PDFGenerationTC - Finished verify_CombinationElements_GeneratePDF
23:19:35.582 [TestNG-test=RetryMultipleFailedTestcases-4] INFO  sprint7_TestCases.PDFGenerationTC - Starting verify_ChapterLevel_Changes
23:19:38.681 [TestNG-test=RetryMultipleFailedTestcases-2] INFO  sprint7_TestCases.PrintPreviewTC - Starting verify_PrintPriview_After_GeneratingPdf_Popup test...
23:19:39.470 [TestNG-test=RetryMultipleFailedTestcases-4] INFO  sprint7_TestCases.PDFGenerationTC - Logged in to the application.
23:19:41.774 [TestNG-test=RetryMultipleFailedTestcases-4] INFO  sprint7_TestCases.PDFGenerationTC - Selected project and navigated to the file list.
23:19:41.869 [TestNG-test=RetryMultipleFailedTestcases-4] INFO  sprint7_TestCases.PDFGenerationTC - Searched for a file by name.
23:19:44.058 [TestNG-test=RetryMultipleFailedTestcases-4] INFO  sprint7_TestCases.PDFGenerationTC - Clicked on the edit file button.
23:19:56.765 [TestNG-test=RetryMultipleFailedTestcases-4] INFO  sprint7_TestCases.PDFGenerationTC - Performed actions on the new window.
23:19:59.701 [TestNG-test=RetryMultipleFailedTestcases-4] INFO  sprint7_TestCases.PDFGenerationTC - Waited for Dynamic Section to become visible.
23:19:59.973 [TestNG-test=RetryMultipleFailedTestcases-3] INFO  sprint7_TestCases.PrintPreviewTC - Logged in and performed search and edit actions.
23:20:00.079 [TestNG-test=RetryMultipleFailedTestcases-3] INFO  sprint7_TestCases.PrintPreviewTC - PrintPreview button is displayed.
23:20:00.345 [TestNG-test=RetryMultipleFailedTestcases-3] INFO  sprint7_TestCases.PrintPreviewTC - Clicked on Print Preview button.
23:20:00.379 [TestNG-test=RetryMultipleFailedTestcases-4] INFO  sprint7_TestCases.PDFGenerationTC - Clicked on the first paragraph.
23:20:00.605 [TestNG-test=RetryMultipleFailedTestcases-3] INFO  sprint7_TestCases.PrintPreviewTC - Generating PDF Icon is present.
23:20:00.605 [TestNG-test=RetryMultipleFailedTestcases-3] INFO  sprint7_TestCases.PrintPreviewTC - verify_PrintPriview_GeneratingPDFButton_Icon test completed successfully.
23:20:01.066 [TestNG-test=RetryMultipleFailedTestcases-4] INFO  sprint7_TestCases.PDFGenerationTC - Accepted the change for the first paragraph.
23:20:02.155 [TestNG-test=RetryMultipleFailedTestcases-4] INFO  sprint7_TestCases.PDFGenerationTC - Right-clicked on the second paragraph.
23:20:02.625 [TestNG-test=RetryMultipleFailedTestcases-4] INFO  sprint7_TestCases.PDFGenerationTC - Inserted content after the PDF.
23:20:08.365 [TestNG-test=RetryMultipleFailedTestcases-3] INFO  sprint7_TestCases.PrintPreviewTC - Starting verify_PrintPriview_After_GeneratingPdf_Popup_InnerText test...
23:20:09.481 [TestNG-test=RetryMultipleFailedTestcases-2] INFO  sprint7_TestCases.PrintPreviewTC - Logged in and performed search and edit actions.
23:20:09.552 [TestNG-test=RetryMultipleFailedTestcases-2] INFO  sprint7_TestCases.PrintPreviewTC - PrintPreview button is displayed.
23:20:09.872 [TestNG-test=RetryMultipleFailedTestcases-2] INFO  sprint7_TestCases.PrintPreviewTC - Clicked on Print Preview button.
23:20:10.226 [TestNG-test=RetryMultipleFailedTestcases-2] INFO  sprint7_TestCases.PrintPreviewTC - Clicked on Generate PDF button.
23:20:48.524 [TestNG-test=RetryMultipleFailedTestcases-4] INFO  sprint7_TestCases.PrintPreviewTC - Starting verify_PrintPriview_Progress_Spinner test...
23:20:50.689 [TestNG-test=RetryMultipleFailedTestcases-3] INFO  sprint7_TestCases.PrintPreviewTC - Logged in and performed search and edit actions.
23:20:50.774 [TestNG-test=RetryMultipleFailedTestcases-3] INFO  sprint7_TestCases.PrintPreviewTC - PrintPreview button is displayed.
23:20:51.081 [TestNG-test=RetryMultipleFailedTestcases-3] INFO  sprint7_TestCases.PrintPreviewTC - Clicked on Print Preview button.
23:20:51.522 [TestNG-test=RetryMultipleFailedTestcases-3] INFO  sprint7_TestCases.PrintPreviewTC - Clicked on Generate PDF button.
23:21:17.536 [TestNG-test=RetryMultipleFailedTestcases-4] INFO  sprint7_TestCases.PrintPreviewTC - Logged in and performed search and edit actions.
23:21:17.630 [TestNG-test=RetryMultipleFailedTestcases-4] INFO  sprint7_TestCases.PrintPreviewTC - PrintPreview button is displayed.
23:21:17.929 [TestNG-test=RetryMultipleFailedTestcases-4] INFO  sprint7_TestCases.PrintPreviewTC - Clicked on Print Preview button.
23:21:18.461 [TestNG-test=RetryMultipleFailedTestcases-4] INFO  sprint7_TestCases.PrintPreviewTC - Clicked on Generate PDF button.
23:21:18.554 [TestNG-test=RetryMultipleFailedTestcases-4] INFO  sprint7_TestCases.PrintPreviewTC - Spinner for PDF Generation in Progress is present: true
23:21:18.554 [TestNG-test=RetryMultipleFailedTestcases-4] INFO  sprint7_TestCases.PrintPreviewTC - verify_PrintPriview_Progress_Spinner test completed successfully.
23:21:24.988 [TestNG-test=RetryMultipleFailedTestcases-4] INFO  sprint7_TestCases.PrintPreviewTC - Starting verify_PrintPriview_PleaseWait_Popup test...
23:21:37.954 [TestNG-test=RetryMultipleFailedTestcases-2] INFO  sprint7_TestCases.PrintPreviewTC - Starting verify_PrintPriview_After_GeneratingPdf_Popup test...
23:21:53.562 [TestNG-test=RetryMultipleFailedTestcases-4] INFO  sprint7_TestCases.PrintPreviewTC - Logged in and performed search and edit actions.
23:21:53.652 [TestNG-test=RetryMultipleFailedTestcases-4] INFO  sprint7_TestCases.PrintPreviewTC - PrintPreview button is displayed.
23:21:53.936 [TestNG-test=RetryMultipleFailedTestcases-4] INFO  sprint7_TestCases.PrintPreviewTC - Clicked on Print Preview button.
23:21:54.368 [TestNG-test=RetryMultipleFailedTestcases-4] INFO  sprint7_TestCases.PrintPreviewTC - Clicked on Generate PDF button.
23:21:54.483 [TestNG-test=RetryMultipleFailedTestcases-4] INFO  sprint7_TestCases.PrintPreviewTC - Please wait comment is present: true
23:21:54.517 [TestNG-test=RetryMultipleFailedTestcases-4] INFO  sprint7_TestCases.PrintPreviewTC - Please wait comment text: Please wait...
23:21:54.517 [TestNG-test=RetryMultipleFailedTestcases-4] INFO  sprint7_TestCases.PrintPreviewTC - verify_PrintPriview_PleaseWait_Popup test completed successfully.
23:22:00.222 [TestNG-test=RetryMultipleFailedTestcases-4] INFO  sprint7_TestCases.PrintPreviewTC - Starting verify_PrintPriview_Pleasewait_Bar test...
23:22:06.469 [TestNG-test=RetryMultipleFailedTestcases-2] INFO  sprint7_TestCases.PrintPreviewTC - Logged in and performed search and edit actions.
23:22:06.696 [TestNG-test=RetryMultipleFailedTestcases-2] INFO  sprint7_TestCases.PrintPreviewTC - PrintPreview button is displayed.
23:22:07.056 [TestNG-test=RetryMultipleFailedTestcases-2] INFO  sprint7_TestCases.PrintPreviewTC - Clicked on Print Preview button.
23:22:19.078 [TestNG-test=RetryMultipleFailedTestcases-3] INFO  sprint7_TestCases.PrintPreviewTC - Starting verify_PrintPriview_After_GeneratingPdf_Popup_InnerText test...
23:22:39.819 [TestNG-test=RetryMultipleFailedTestcases-4] INFO  sprint7_TestCases.PrintPreviewTC - Logged in and performed search and edit actions.
23:22:39.898 [TestNG-test=RetryMultipleFailedTestcases-4] INFO  sprint7_TestCases.PrintPreviewTC - PrintPreview button is displayed.
23:22:40.236 [TestNG-test=RetryMultipleFailedTestcases-4] INFO  sprint7_TestCases.PrintPreviewTC - Clicked on Print Preview button.
23:22:40.669 [TestNG-test=RetryMultipleFailedTestcases-4] INFO  sprint7_TestCases.PrintPreviewTC - Clicked on Generate PDF button.
23:22:40.768 [TestNG-test=RetryMultipleFailedTestcases-4] INFO  sprint7_TestCases.PrintPreviewTC - Please Wait Progress bar is present: true
23:22:40.768 [TestNG-test=RetryMultipleFailedTestcases-4] INFO  sprint7_TestCases.PrintPreviewTC - verify_PrintPriview_Pleasewait_Bar test completed successfully.
23:22:45.612 [TestNG-test=RetryMultipleFailedTestcases-4] INFO  sprint7_TestCases.PrintPreviewTC - Starting verify_PrintPriview_After_GeneratingPdf_PDFinProgress test...
23:22:53.679 [TestNG-test=RetryMultipleFailedTestcases-2] INFO  sprint7_TestCases.PrintPreviewTC - Starting verify_PrintPriview_After_GeneratingPdf_Popup test...
23:22:54.765 [TestNG-test=RetryMultipleFailedTestcases-3] INFO  sprint7_TestCases.PrintPreviewTC - Logged in and performed search and edit actions.
23:22:55.032 [TestNG-test=RetryMultipleFailedTestcases-3] INFO  sprint7_TestCases.PrintPreviewTC - PrintPreview button is displayed.
23:22:55.530 [TestNG-test=RetryMultipleFailedTestcases-3] INFO  sprint7_TestCases.PrintPreviewTC - Clicked on Print Preview button.
23:22:56.150 [TestNG-test=RetryMultipleFailedTestcases-3] INFO  sprint7_TestCases.PrintPreviewTC - Clicked on Generate PDF button.
23:23:03.207 [TestNG-test=RetryMultipleFailedTestcases-3] INFO  sprint7_TestCases.PrintPreviewTC - Text in the info popup is correct: true
23:23:03.207 [TestNG-test=RetryMultipleFailedTestcases-3] INFO  sprint7_TestCases.PrintPreviewTC - verify_PrintPriview_After_GeneratingPdf_Popup_InnerText test completed successfully.
23:23:14.540 [TestNG-test=RetryMultipleFailedTestcases-4] INFO  sprint7_TestCases.PrintPreviewTC - Logged in and performed search and edit actions.
23:23:14.655 [TestNG-test=RetryMultipleFailedTestcases-4] INFO  sprint7_TestCases.PrintPreviewTC - PrintPreview button is displayed.
23:23:14.978 [TestNG-test=RetryMultipleFailedTestcases-4] INFO  sprint7_TestCases.PrintPreviewTC - Clicked on Print Preview button.
23:23:15.748 [TestNG-test=RetryMultipleFailedTestcases-4] INFO  sprint7_TestCases.PrintPreviewTC - Clicked on Generate PDF button.
23:23:15.949 [TestNG-test=RetryMultipleFailedTestcases-4] INFO  sprint7_TestCases.PrintPreviewTC - PDF In Progress is present in the top righthand side: true
23:23:16.011 [TestNG-test=RetryMultipleFailedTestcases-4] INFO  sprint7_TestCases.PrintPreviewTC - Text in PDF In Progress:  PDF generation in progress
23:23:25.494 [TestNG-test=RetryMultipleFailedTestcases-4] INFO  sprint7_TestCases.PrintPreviewTC - The word present in the info is correct: true
23:23:25.495 [TestNG-test=RetryMultipleFailedTestcases-4] INFO  sprint7_TestCases.PrintPreviewTC - verify_PrintPriview_After_GeneratingPdf_PDFinProgress test completed successfully.
23:23:27.730 [TestNG-test=RetryMultipleFailedTestcases-2] INFO  sprint7_TestCases.PrintPreviewTC - Logged in and performed search and edit actions.
23:23:27.881 [TestNG-test=RetryMultipleFailedTestcases-2] INFO  sprint7_TestCases.PrintPreviewTC - PrintPreview button is displayed.
23:23:28.071 [TestNG-test=RetryMultipleFailedTestcases-2] INFO  sprint7_TestCases.PrintPreviewTC - Clicked on Print Preview button.
23:23:28.488 [TestNG-test=RetryMultipleFailedTestcases-2] INFO  sprint7_TestCases.PrintPreviewTC - Clicked on Generate PDF button.
23:23:35.273 [TestNG-test=RetryMultipleFailedTestcases-2] INFO  sprint7_TestCases.PrintPreviewTC - Info popup is present after generating PDF: true
23:23:35.273 [TestNG-test=RetryMultipleFailedTestcases-2] INFO  sprint7_TestCases.PrintPreviewTC - verify_PrintPriview_After_GeneratingPdf_Popup test completed successfully.
23:23:46.469 [TestNG-test=RetryMultipleFailedTestcases-1] INFO  sprint7_TestCases.A_PDFGenerationFilesTC - Time taken: 266.3 seconds and 266330 milliseconds
23:23:46.469 [TestNG-test=RetryMultipleFailedTestcases-1] INFO  sprint7_TestCases.A_PDFGenerationFilesTC - Time taken: StartTime - 02-11-2023 11:19:20 pm and EndTime - 02-11-2023 11:23:46 pm
23:23:46.469 [TestNG-test=RetryMultipleFailedTestcases-1] INFO  sprint7_TestCases.A_PDFGenerationFilesTC - Time taken in minutes: 4.4
23:23:46.470 [TestNG-test=RetryMultipleFailedTestcases-1] INFO  sprint7_TestCases.A_PDFGenerationFilesTC - Closing the window
23:23:46.518 [TestNG-test=RetryMultipleFailedTestcases-1] INFO  sprint7_TestCases.A_PDFGenerationFilesTC - Switching the window
23:23:46.677 [TestNG-test=RetryMultipleFailedTestcases-1] INFO  sprint7_TestCases.A_PDFGenerationFilesTC - Clicking on Reset Button
23:23:48.307 [TestNG-test=RetryMultipleFailedTestcases-1] INFO  sprint7_TestCases.A_PDFGenerationFilesTC - Clicking on Confirm Button
23:23:51.067 [TestNG-test=RetryMultipleFailedTestcases-1] INFO  sprint7_TestCases.A_PDFGenerationFilesTC - Flag: Preface
23:23:51.089 [TestNG-test=RetryMultipleFailedTestcases-1] INFO  sprint7_TestCases.A_PDFGenerationFilesTC - clicking on PrintPreview Button
23:23:51.207 [TestNG-test=RetryMultipleFailedTestcases-1] INFO  sprint7_TestCases.A_PDFGenerationFilesTC - Checking Button PDF is visible
23:23:51.256 [TestNG-test=RetryMultipleFailedTestcases-1] INFO  sprint7_TestCases.A_PDFGenerationFilesTC - clicking on Generate PDF Button
23:23:51.451 [TestNG-test=RetryMultipleFailedTestcases-1] INFO  sprint7_TestCases.A_PDFGenerationFilesTC - Waiting for the time allocated
23:23:56.033 [TestNG-test=RetryMultipleFailedTestcases-1] INFO  sprint7_TestCases.A_PDFGenerationFilesTC - Time taken: 4.6 seconds and 4581 milliseconds
23:23:56.033 [TestNG-test=RetryMultipleFailedTestcases-1] INFO  sprint7_TestCases.A_PDFGenerationFilesTC - Time taken: StartTime - 02-11-2023 11:23:51 pm and EndTime - 02-11-2023 11:23:56 pm
23:23:56.033 [TestNG-test=RetryMultipleFailedTestcases-1] INFO  sprint7_TestCases.A_PDFGenerationFilesTC - Time taken in minutes: 0.1
23:23:56.034 [TestNG-test=RetryMultipleFailedTestcases-1] INFO  sprint7_TestCases.A_PDFGenerationFilesTC - Closing the window
