14:00:22.390 [TestNG-test=RetryMultipleFailedTestcases-2] INFO  Sameera_Testcases.Am_UndoRedoTC - Switching to Quick Preview and checking Redo status.
14:00:22.412 [TestNG-test=RetryMultipleFailedTestcases-2] INFO  Sameera_Testcases.Am_UndoRedoTC - Test TC042_verifyRedoExistingContent completed.
14:00:22.739 [TestNG-test=RetryMultipleFailedTestcases-3] INFO  Sameera_Testcases.Ab_ParaTC - Verifying  Bold is present In DS
14:00:23.427 [TestNG-test=RetryMultipleFailedTestcases-3] INFO  Sameera_Testcases.Ab_ParaTC - Verifying  Italic is present In DS
14:00:24.250 [TestNG-test=RetryMultipleFailedTestcases-3] INFO  Sameera_Testcases.Ab_ParaTC - Verifying  Underline is present In DS
14:00:25.091 [TestNG-test=RetryMultipleFailedTestcases-3] INFO  Sameera_Testcases.Ab_ParaTC - Verifying  Superscipt is present In DS
14:00:26.330 [TestNG-test=RetryMultipleFailedTestcases-3] INFO  Sameera_Testcases.Ab_ParaTC - Verifying  Subscript is present In DS
14:00:27.519 [TestNG-test=RetryMultipleFailedTestcases-3] INFO  Sameera_Testcases.Ab_ParaTC - Verifying  Strikethrough is present In DS
14:00:27.573 [TestNG-test=RetryMultipleFailedTestcases-3] INFO  Sameera_Testcases.Ab_ParaTC - Verifying Bold emph is present In VE
14:00:27.574 [TestNG-test=RetryMultipleFailedTestcases-3] INFO  Sameera_Testcases.Ab_ParaTC - Finished verifyInsertBackToBackEmphasisElement ..
14:00:31.244 [TestNG-test=RetryMultipleFailedTestcases-4] INFO  Sameera_Testcases.Ab_ParaTC - ****    Starting --> paraTC    ****
14:00:34.641 [TestNG-test=RetryMultipleFailedTestcases-3] INFO  Sameera_Testcases.Ab_ParaTC - Starting verifyInsertBackToBackEmphasisElement ..
14:00:35.738 [TestNG-test=RetryMultipleFailedTestcases-1] INFO  Sameera_Testcases.Ab_ParaTC - Starting verifySelectMultipleContentAddEmphsis ..
14:00:57.600 [TestNG-test=RetryMultipleFailedTestcases-4] INFO  Sameera_Testcases.Ab_ParaTC - clicked on second section from DS
14:00:58.328 [TestNG-test=RetryMultipleFailedTestcases-4] INFO  Sameera_Testcases.Ab_ParaTC - clicked on second sections 2nd para from DS
14:00:59.687 [TestNG-test=RetryMultipleFailedTestcases-4] INFO  Sameera_Testcases.Ab_ParaTC - clicked on Enter key
14:00:59.913 [TestNG-test=RetryMultipleFailedTestcases-4] INFO  Sameera_Testcases.Ab_ParaTC - Verifying new para present in VE
14:00:59.987 [TestNG-test=RetryMultipleFailedTestcases-4] INFO  Sameera_Testcases.Ab_ParaTC - Verifying new para present into DS
14:01:01.741 [TestNG-test=RetryMultipleFailedTestcases-3] INFO  Sameera_Testcases.Ab_ParaTC - Double clicked on First para
14:01:02.066 [TestNG-test=RetryMultipleFailedTestcases-3] INFO  Sameera_Testcases.Ab_ParaTC - clicked on bold button from toolbar
14:01:04.145 [TestNG-test=RetryMultipleFailedTestcases-3] INFO  Sameera_Testcases.Ab_ParaTC - Verifying  Bold is present In DS
14:01:05.301 [TestNG-test=RetryMultipleFailedTestcases-3] INFO  Sameera_Testcases.Ab_ParaTC - Verifying  Italic is present In DS
14:01:06.283 [TestNG-test=RetryMultipleFailedTestcases-3] INFO  Sameera_Testcases.Ab_ParaTC - Verifying  Underline is present In DS
14:01:07.398 [TestNG-test=RetryMultipleFailedTestcases-3] INFO  Sameera_Testcases.Ab_ParaTC - Verifying  Superscipt is present In DS
14:01:07.538 [TestNG-test=RetryMultipleFailedTestcases-1] INFO  Sameera_Testcases.Ab_ParaTC - clicked on bold button from toolbar
14:01:07.940 [TestNG-test=RetryMultipleFailedTestcases-1] INFO  Sameera_Testcases.Ab_ParaTC - clicked on Accept changes button from toolbar
14:01:08.012 [TestNG-test=RetryMultipleFailedTestcases-1] INFO  Sameera_Testcases.Ab_ParaTC - Verifying bold is present in DS 
14:01:08.071 [TestNG-test=RetryMultipleFailedTestcases-1] INFO  Sameera_Testcases.Ab_ParaTC - Verifying bold is present in CE 
14:01:08.406 [TestNG-test=RetryMultipleFailedTestcases-3] INFO  Sameera_Testcases.Ab_ParaTC - Verifying  Subscript is present In DS
14:01:09.831 [TestNG-test=RetryMultipleFailedTestcases-3] INFO  Sameera_Testcases.Ab_ParaTC - Verifying  Strikethrough is present In DS
14:01:09.895 [TestNG-test=RetryMultipleFailedTestcases-3] INFO  Sameera_Testcases.Ab_ParaTC - Verifying Bold emph is present In VE
14:01:33.764 [TestNG-test=RetryMultipleFailedTestcases-2] INFO  Sameera_Testcases.Ab_ParaTC - clicked on bold button from toolbar
14:01:36.130 [TestNG-test=RetryMultipleFailedTestcases-2] INFO  Sameera_Testcases.Ab_ParaTC - clicked on Accept changes button from toolbar
14:01:36.177 [TestNG-test=RetryMultipleFailedTestcases-2] INFO  Sameera_Testcases.Ab_ParaTC - Verifying bold is present in DS 
14:01:36.205 [TestNG-test=RetryMultipleFailedTestcases-2] INFO  Sameera_Testcases.Ab_ParaTC - Verifying bold is present in CE 
14:02:01.122 [TestNG-test=RetryMultipleFailedTestcases-4] INFO  Sameera_Testcases.Ab_ParaTC - verifying content validation not occured in code view
14:02:01.123 [TestNG-test=RetryMultipleFailedTestcases-4] INFO  Sameera_Testcases.Ab_ParaTC - ****    Finished --> paraTC    ****
14:02:07.418 [TestNG-test=RetryMultipleFailedTestcases-4] INFO  Sameera_Testcases.Ab_ParaTC - Starting verify_Table_VEAndQP test...
14:02:07.419 [TestNG-test=RetryMultipleFailedTestcases-4] INFO  Sameera_Testcases.Ab_ParaTC - ReusableMethods.LoginAndSearchFile_ClickEdit()
14:02:12.916 [TestNG-test=RetryMultipleFailedTestcases-3] INFO  Sameera_Testcases.Ab_ParaTC - Finished verifyInsertBackToBackEmphasisElement ..
14:02:16.167 [TestNG-test=RetryMultipleFailedTestcases-2] INFO  Sameera_Testcases.Ao_RevisionTC - Starting verifyInsertRevisionToList
14:02:18.594 [TestNG-test=RetryMultipleFailedTestcases-1] INFO  Sameera_Testcases.Ao_RevisionTC - Starting TC351_verifyRevisionDeletedcolor ..
14:02:19.743 [TestNG-test=RetryMultipleFailedTestcases-3] INFO  Sameera_Testcases.Ao_RevisionTC - Starting TC348_verifyRevisonChanged ..
14:02:32.078 [TestNG-test=RetryMultipleFailedTestcases-4] INFO  Sameera_Testcases.Ab_ParaTC - Calling ReusableMethods.insertTableCB()
14:02:38.898 [TestNG-test=RetryMultipleFailedTestcases-2] INFO  Sameera_Testcases.Ao_RevisionTC - Logged in and searched for a file, then clicked Edit.
14:02:38.942 [TestNG-test=RetryMultipleFailedTestcases-2] INFO  Sameera_Testcases.Ao_RevisionTC - Switched to frame 0.
14:02:39.621 [TestNG-test=RetryMultipleFailedTestcases-2] INFO  Sameera_Testcases.Ao_RevisionTC - Clicked on first para VE.
14:02:39.683 [TestNG-test=RetryMultipleFailedTestcases-2] INFO  Sameera_Testcases.Ao_RevisionTC - Switched to default content.
14:02:39.884 [TestNG-test=RetryMultipleFailedTestcases-2] INFO  Sameera_Testcases.Ao_RevisionTC - clicked on Revision Changed 
14:02:39.911 [TestNG-test=RetryMultipleFailedTestcases-2] INFO  Sameera_Testcases.Ao_RevisionTC - Switched to frame 0.
14:02:39.962 [TestNG-test=RetryMultipleFailedTestcases-2] INFO  Sameera_Testcases.Ao_RevisionTC - Switched to default content.
14:02:40.081 [TestNG-test=RetryMultipleFailedTestcases-4] INFO  Sameera_Testcases.Ab_ParaTC - Creating A_TableInsertion instance
14:02:40.097 [TestNG-test=RetryMultipleFailedTestcases-4] INFO  Sameera_Testcases.Ab_ParaTC - Switching to frame and verifying if Editor Table is displayed
14:02:40.218 [TestNG-test=RetryMultipleFailedTestcases-4] INFO  Sameera_Testcases.Ab_ParaTC - Verifying if Selected Table is displayed
14:02:40.310 [TestNG-test=RetryMultipleFailedTestcases-2] INFO  Sameera_Testcases.Ao_RevisionTC - Switched to frame 0.
14:02:40.347 [TestNG-test=RetryMultipleFailedTestcases-4] INFO  Sameera_Testcases.Ab_ParaTC - verify_Table_VEAndQP test completed successfully.
14:02:40.380 [TestNG-test=RetryMultipleFailedTestcases-2] INFO  Sameera_Testcases.Ao_RevisionTC - Finished verifyInsertRevisionToList
14:02:42.265 [TestNG-test=RetryMultipleFailedTestcases-1] INFO  Sameera_Testcases.Ao_RevisionTC - Logged in, searched for a file, and clicked Edit.
14:02:42.269 [TestNG-test=RetryMultipleFailedTestcases-1] INFO  Sameera_Testcases.Ao_RevisionTC - Created As_Revision instance.
14:02:42.287 [TestNG-test=RetryMultipleFailedTestcases-1] INFO  Sameera_Testcases.Ao_RevisionTC - Switched to frame 0.
14:02:43.632 [TestNG-test=RetryMultipleFailedTestcases-3] INFO  Sameera_Testcases.Ao_RevisionTC - Logged in, searched for a file, and clicked Edit.
14:02:43.633 [TestNG-test=RetryMultipleFailedTestcases-3] INFO  Sameera_Testcases.Ao_RevisionTC - Created As_Revision instance.
14:02:43.654 [TestNG-test=RetryMultipleFailedTestcases-3] INFO  Sameera_Testcases.Ao_RevisionTC - Switched to frame 0.
14:02:43.654 [TestNG-test=RetryMultipleFailedTestcases-3] INFO  Sameera_Testcases.Ao_RevisionTC - Created Actions class instance.
14:02:44.046 [TestNG-test=RetryMultipleFailedTestcases-1] INFO  Sameera_Testcases.Ao_RevisionTC - clicked on VE First para 
14:02:44.066 [TestNG-test=RetryMultipleFailedTestcases-1] INFO  Sameera_Testcases.Ao_RevisionTC - Switched back to default content.
14:02:44.504 [TestNG-test=RetryMultipleFailedTestcases-1] INFO  Sameera_Testcases.Ao_RevisionTC - clicked on Revision Deleted 
14:02:44.550 [TestNG-test=RetryMultipleFailedTestcases-3] INFO  Sameera_Testcases.Ao_RevisionTC - Switched back to default content.
14:02:44.849 [TestNG-test=RetryMultipleFailedTestcases-1] INFO  Sameera_Testcases.Ao_RevisionTC - Switched to frame 0.
14:02:46.146 [TestNG-test=RetryMultipleFailedTestcases-3] INFO  Sameera_Testcases.Ao_RevisionTC - Switched to frame 0.
14:02:46.484 [TestNG-test=RetryMultipleFailedTestcases-1] INFO  Sameera_Testcases.Ao_RevisionTC - clicked on VE Third para 
14:02:46.530 [TestNG-test=RetryMultipleFailedTestcases-1] INFO  Sameera_Testcases.Ao_RevisionTC - Verified Revision Deleted Color Changed
14:02:46.530 [TestNG-test=RetryMultipleFailedTestcases-1] INFO  Sameera_Testcases.Ao_RevisionTC - Finished TC351_verifyRevisionDeletedcolor ..
14:02:47.487 [TestNG-test=RetryMultipleFailedTestcases-3] INFO  Sameera_Testcases.Ao_RevisionTC - clicked on VE First para 
14:02:47.546 [TestNG-test=RetryMultipleFailedTestcases-3] INFO  Sameera_Testcases.Ao_RevisionTC - clicked on left key
14:02:47.561 [TestNG-test=RetryMultipleFailedTestcases-3] INFO  Sameera_Testcases.Ao_RevisionTC - clicked on left key
14:02:47.568 [TestNG-test=RetryMultipleFailedTestcases-3] INFO  Sameera_Testcases.Ao_RevisionTC - clicked on left key
14:02:47.580 [TestNG-test=RetryMultipleFailedTestcases-3] INFO  Sameera_Testcases.Ao_RevisionTC - clicked on left key
14:02:47.582 [TestNG-test=RetryMultipleFailedTestcases-3] INFO  Sameera_Testcases.Ao_RevisionTC - Switched back to default content.
14:02:47.849 [TestNG-test=RetryMultipleFailedTestcases-3] INFO  Sameera_Testcases.Ao_RevisionTC - clicked on revision Changed
14:02:48.224 [TestNG-test=RetryMultipleFailedTestcases-3] INFO  Sameera_Testcases.Ao_RevisionTC - Switched to frame 0.
14:02:48.275 [TestNG-test=RetryMultipleFailedTestcases-3] INFO  Sameera_Testcases.Ao_RevisionTC - Switched back to default content.
14:02:48.493 [TestNG-test=RetryMultipleFailedTestcases-3] INFO  Sameera_Testcases.Ao_RevisionTC - clicked on Quick Previews
14:02:48.520 [TestNG-test=RetryMultipleFailedTestcases-3] INFO  Sameera_Testcases.Ao_RevisionTC - Switched to frame 0.
14:02:48.652 [TestNG-test=RetryMultipleFailedTestcases-3] INFO  Sameera_Testcases.Ao_RevisionTC - Verified Revision Changed in QP
14:02:48.652 [TestNG-test=RetryMultipleFailedTestcases-3] INFO  Sameera_Testcases.Ao_RevisionTC - Finished TC348_verifyRevisonChanged ..
14:03:30.921 [TestNG-test=RetryMultipleFailedTestcases-3] INFO  Sameera_Testcases.Ak_EnterKeyTC - ****    Starting --> paraTC    ****
14:04:03.442 [TestNG-test=RetryMultipleFailedTestcases-3] INFO  Sameera_Testcases.Ak_EnterKeyTC - clicked on second section from DS
14:04:04.034 [TestNG-test=RetryMultipleFailedTestcases-3] INFO  Sameera_Testcases.Ak_EnterKeyTC - clicked on second sections 2nd para from DS
14:04:05.269 [TestNG-test=RetryMultipleFailedTestcases-3] INFO  Sameera_Testcases.Ak_EnterKeyTC - clicked on Enter key
14:04:05.480 [TestNG-test=RetryMultipleFailedTestcases-3] INFO  Sameera_Testcases.Ak_EnterKeyTC - Verifying new para present in VE
14:04:05.559 [TestNG-test=RetryMultipleFailedTestcases-3] INFO  Sameera_Testcases.Ak_EnterKeyTC - Verifying new para present into DS
14:04:08.598 [TestNG-test=RetryMultipleFailedTestcases-4] INFO  Sameera_Testcases.Ak_EnterKeyTC - ****    Starting --> paraTC    ****
14:04:29.051 [TestNG-test=RetryMultipleFailedTestcases-2] INFO  Sameera_Testcases.Ak_EnterKeyTC - Clicked Track Change
14:04:34.275 [TestNG-test=RetryMultipleFailedTestcases-4] INFO  Sameera_Testcases.Ak_EnterKeyTC - clicked on second section from DS
14:04:34.857 [TestNG-test=RetryMultipleFailedTestcases-4] INFO  Sameera_Testcases.Ak_EnterKeyTC - clicked on second sections 2nd para from DS
14:04:35.428 [TestNG-test=RetryMultipleFailedTestcases-4] INFO  Sameera_Testcases.Ak_EnterKeyTC - Verifying new para present in VE
14:04:35.513 [TestNG-test=RetryMultipleFailedTestcases-4] INFO  Sameera_Testcases.Ak_EnterKeyTC - Verifying new para present into DS
14:04:35.514 [TestNG-test=RetryMultipleFailedTestcases-4] INFO  Sameera_Testcases.Ak_EnterKeyTC - verifying content validation not occured in code view
14:04:35.514 [TestNG-test=RetryMultipleFailedTestcases-4] INFO  Sameera_Testcases.Ak_EnterKeyTC - ****    Finished --> paraTC    ****
14:04:42.307 [TestNG-test=RetryMultipleFailedTestcases-4] INFO  Sameera_Testcases.Ak_EnterKeyTC - Starting TC051_verifyRemoveContentAcceptChangeTB
14:04:55.827 [TestNG-test=RetryMultipleFailedTestcases-1] INFO  Sameera_Testcases.Ak_EnterKeyTC - Starting TC051_verifyRemoveContentAcceptChangeTB
14:05:01.226 [TestNG-test=RetryMultipleFailedTestcases-2] INFO  Sameera_Testcases.Ak_EnterKeyTC - Logged in and searched for a file, then clicked Edit.
14:05:01.252 [TestNG-test=RetryMultipleFailedTestcases-2] INFO  Sameera_Testcases.Ak_EnterKeyTC - Switched to frame 0.
14:05:02.926 [TestNG-test=RetryMultipleFailedTestcases-2] INFO  Sameera_Testcases.Ak_EnterKeyTC - Clicked on first para VE.
14:05:03.268 [TestNG-test=RetryMultipleFailedTestcases-2] INFO  Sameera_Testcases.Ak_EnterKeyTC - Switched to default content.
14:05:03.541 [TestNG-test=RetryMultipleFailedTestcases-2] INFO  Sameera_Testcases.Ak_EnterKeyTC - Clicked on track changes.
14:05:03.560 [TestNG-test=RetryMultipleFailedTestcases-2] INFO  Sameera_Testcases.Ak_EnterKeyTC - Switched to frame 0.
14:05:04.026 [TestNG-test=RetryMultipleFailedTestcases-2] INFO  Sameera_Testcases.Ak_EnterKeyTC - Clicked on Deleted Text.
14:05:04.063 [TestNG-test=RetryMultipleFailedTestcases-2] INFO  Sameera_Testcases.Ak_EnterKeyTC - Switched to default content.
14:05:04.309 [TestNG-test=RetryMultipleFailedTestcases-2] INFO  Sameera_Testcases.Ak_EnterKeyTC - Verified that Track change deleted info data card ispresentr.
14:05:04.344 [TestNG-test=RetryMultipleFailedTestcases-2] INFO  Sameera_Testcases.Ak_EnterKeyTC - Verified that Deleted data card info is correct.
14:05:04.563 [TestNG-test=RetryMultipleFailedTestcases-4] INFO  Sameera_Testcases.Ak_EnterKeyTC - Logged in and searched for a file, then clicked Edit.
14:05:04.604 [TestNG-test=RetryMultipleFailedTestcases-2] INFO  Sameera_Testcases.Ak_EnterKeyTC - Clicked on Accept changes.
14:05:06.956 [TestNG-test=RetryMultipleFailedTestcases-3] INFO  Sameera_Testcases.Ak_EnterKeyTC - verifying content validation not occured in code view
14:05:06.956 [TestNG-test=RetryMultipleFailedTestcases-3] INFO  Sameera_Testcases.Ak_EnterKeyTC - ****    Finished --> paraTC    ****
14:05:13.811 [TestNG-test=RetryMultipleFailedTestcases-3] INFO  Sameera_Testcases.Ai_GuidedAuthoringTC - Starting verify_AddingList_InsertInto_InPara ..
14:05:14.341 [TestNG-test=RetryMultipleFailedTestcases-4] INFO  Sameera_Testcases.Ak_EnterKeyTC - Starting verify_Insert_Table
14:05:21.641 [TestNG-test=RetryMultipleFailedTestcases-1] INFO  Sameera_Testcases.Ak_EnterKeyTC - Logged in and searched for a file, then clicked Edit.
14:05:30.191 [TestNG-test=RetryMultipleFailedTestcases-1] INFO  Sameera_Testcases.Ai_GuidedAuthoringTC - Starting verify_AddingList_InsertInto_InPara ..
14:05:38.081 [TestNG-test=RetryMultipleFailedTestcases-3] INFO  Sameera_Testcases.Ai_GuidedAuthoringTC - Logged in, searched for a file, and clicked Edit.
14:05:38.098 [TestNG-test=RetryMultipleFailedTestcases-3] INFO  Sameera_Testcases.Ai_GuidedAuthoringTC - Created B_Verify_RightClick_Options instance.
14:05:38.338 [TestNG-test=RetryMultipleFailedTestcases-3] INFO  Sameera_Testcases.Ai_GuidedAuthoringTC - Switched to frame 0.
14:05:38.620 [TestNG-test=RetryMultipleFailedTestcases-4] INFO  Sameera_Testcases.Ak_EnterKeyTC - Logged in, searched for a file, and clicked Edit.
14:05:38.629 [TestNG-test=RetryMultipleFailedTestcases-4] INFO  Sameera_Testcases.Ak_EnterKeyTC - Created List instance.
14:05:38.645 [TestNG-test=RetryMultipleFailedTestcases-4] INFO  Sameera_Testcases.Ak_EnterKeyTC - Switched to frame 0.
14:05:39.424 [TestNG-test=RetryMultipleFailedTestcases-4] INFO  Sameera_Testcases.Ak_EnterKeyTC - Clicked List Before Paragraph.
14:05:39.898 [TestNG-test=RetryMultipleFailedTestcases-3] INFO  Sameera_Testcases.Ai_GuidedAuthoringTC - Context Clicked on First Para VE.
14:05:39.991 [TestNG-test=RetryMultipleFailedTestcases-3] INFO  Sameera_Testcases.Ai_GuidedAuthoringTC - Switched back to default content.
14:05:40.028 [TestNG-test=RetryMultipleFailedTestcases-3] INFO  Sameera_Testcases.Ai_GuidedAuthoringTC - Switched to frame 1.
14:05:40.063 [TestNG-test=RetryMultipleFailedTestcases-3] INFO  Sameera_Testcases.Ai_GuidedAuthoringTC - Right click All options are Correct.
14:05:40.416 [TestNG-test=RetryMultipleFailedTestcases-4] INFO  Sameera_Testcases.Ak_EnterKeyTC - Clicked DS Existing Ordered List.
14:05:41.149 [TestNG-test=RetryMultipleFailedTestcases-3] INFO  Sameera_Testcases.Ai_GuidedAuthoringTC - Clicked on Insert Into 
14:05:41.208 [TestNG-test=RetryMultipleFailedTestcases-3] INFO  Sameera_Testcases.Ai_GuidedAuthoringTC - Switched back to default content.
14:05:41.344 [TestNG-test=RetryMultipleFailedTestcases-4] INFO  Sameera_Testcases.Ak_EnterKeyTC - Clicked DS Existing List Item.
14:05:41.695 [TestNG-test=RetryMultipleFailedTestcases-3] INFO  Sameera_Testcases.Ai_GuidedAuthoringTC - Clicked on List element
14:05:42.060 [TestNG-test=RetryMultipleFailedTestcases-3] INFO  Sameera_Testcases.Ai_GuidedAuthoringTC - Clicked on Insert element Button 
14:05:42.461 [TestNG-test=RetryMultipleFailedTestcases-4] INFO  Sameera_Testcases.Ak_EnterKeyTC - Clicked Track Change
14:05:42.795 [TestNG-test=RetryMultipleFailedTestcases-3] INFO  Sameera_Testcases.Ai_GuidedAuthoringTC - List is inserted in DS 
14:05:42.876 [TestNG-test=RetryMultipleFailedTestcases-3] INFO  Sameera_Testcases.Ai_GuidedAuthoringTC - Switched to frame 0.
14:05:42.919 [TestNG-test=RetryMultipleFailedTestcases-3] INFO  Sameera_Testcases.Ai_GuidedAuthoringTC - List is inserted in VE 
14:05:42.919 [TestNG-test=RetryMultipleFailedTestcases-3] INFO  Sameera_Testcases.Ai_GuidedAuthoringTC - Finished verify_AddingList_InsertInto_InPara ..
14:05:48.650 [TestNG-test=RetryMultipleFailedTestcases-3] INFO  Sameera_Testcases.Ai_GuidedAuthoringTC - Starting verify_AddingList_InsertInto_InPara ..
14:05:52.451 [TestNG-test=RetryMultipleFailedTestcases-1] INFO  Sameera_Testcases.Ai_GuidedAuthoringTC - Logged in, searched for a file, and clicked Edit.
14:05:52.454 [TestNG-test=RetryMultipleFailedTestcases-1] INFO  Sameera_Testcases.Ai_GuidedAuthoringTC - Created B_Verify_RightClick_Options instance.
14:05:52.563 [TestNG-test=RetryMultipleFailedTestcases-1] INFO  Sameera_Testcases.Ai_GuidedAuthoringTC - Switched to frame 0.
14:05:54.370 [TestNG-test=RetryMultipleFailedTestcases-1] INFO  Sameera_Testcases.Ai_GuidedAuthoringTC - Context Clicked on First Para VE.
14:05:54.470 [TestNG-test=RetryMultipleFailedTestcases-1] INFO  Sameera_Testcases.Ai_GuidedAuthoringTC - Switched back to default content.
14:05:54.494 [TestNG-test=RetryMultipleFailedTestcases-1] INFO  Sameera_Testcases.Ai_GuidedAuthoringTC - Switched to frame 1.
14:05:55.897 [TestNG-test=RetryMultipleFailedTestcases-1] INFO  Sameera_Testcases.Ai_GuidedAuthoringTC - Clicked on Insert Into 
14:05:55.937 [TestNG-test=RetryMultipleFailedTestcases-1] INFO  Sameera_Testcases.Ai_GuidedAuthoringTC - Switched back to default content.
14:06:05.276 [TestNG-test=RetryMultipleFailedTestcases-2] INFO  Sameera_Testcases.Ak_EnterKeyTC - Verified that deleted info data card is removed .
14:06:11.014 [TestNG-test=RetryMultipleFailedTestcases-2] INFO  Sameera_Testcases.Ai_GuidedAuthoringTC - Starting verify_InsertInTo_Options ..
14:06:15.096 [TestNG-test=RetryMultipleFailedTestcases-3] INFO  Sameera_Testcases.Ai_GuidedAuthoringTC - Logged in, searched for a file, and clicked Edit.
14:06:15.097 [TestNG-test=RetryMultipleFailedTestcases-3] INFO  Sameera_Testcases.Ai_GuidedAuthoringTC - Created B_Verify_RightClick_Options instance.
14:06:15.110 [TestNG-test=RetryMultipleFailedTestcases-3] INFO  Sameera_Testcases.Ai_GuidedAuthoringTC - Switched to frame 0.
14:06:16.834 [TestNG-test=RetryMultipleFailedTestcases-3] INFO  Sameera_Testcases.Ai_GuidedAuthoringTC - Context Clicked on First Para VE.
14:06:16.932 [TestNG-test=RetryMultipleFailedTestcases-3] INFO  Sameera_Testcases.Ai_GuidedAuthoringTC - Switched back to default content.
14:06:16.949 [TestNG-test=RetryMultipleFailedTestcases-3] INFO  Sameera_Testcases.Ai_GuidedAuthoringTC - Switched to frame 1.
14:06:18.235 [TestNG-test=RetryMultipleFailedTestcases-3] INFO  Sameera_Testcases.Ai_GuidedAuthoringTC - Clicked on Insert Into 
14:06:18.276 [TestNG-test=RetryMultipleFailedTestcases-3] INFO  Sameera_Testcases.Ai_GuidedAuthoringTC - Switched back to default content.
14:06:18.487 [TestNG-test=RetryMultipleFailedTestcases-3] INFO  Sameera_Testcases.Ai_GuidedAuthoringTC - Clicked on List element
14:06:18.900 [TestNG-test=RetryMultipleFailedTestcases-3] INFO  Sameera_Testcases.Ai_GuidedAuthoringTC - Clicked on Insert element Button 
14:06:19.615 [TestNG-test=RetryMultipleFailedTestcases-3] INFO  Sameera_Testcases.Ai_GuidedAuthoringTC - List is inserted in DS 
14:06:19.624 [TestNG-test=RetryMultipleFailedTestcases-3] INFO  Sameera_Testcases.Ai_GuidedAuthoringTC - Switched to frame 0.
14:06:19.667 [TestNG-test=RetryMultipleFailedTestcases-3] INFO  Sameera_Testcases.Ai_GuidedAuthoringTC - List is inserted in VE 
14:06:19.667 [TestNG-test=RetryMultipleFailedTestcases-3] INFO  Sameera_Testcases.Ai_GuidedAuthoringTC - Finished verify_AddingList_InsertInto_InPara ..
14:06:25.894 [TestNG-test=RetryMultipleFailedTestcases-3] INFO  Sameera_Testcases.Ai_GuidedAuthoringTC - Starting verify_ContentBlock ..
14:06:32.922 [TestNG-test=RetryMultipleFailedTestcases-2] INFO  Sameera_Testcases.Ai_GuidedAuthoringTC - Logged in, searched for a file, and clicked Edit.
14:06:32.923 [TestNG-test=RetryMultipleFailedTestcases-2] INFO  Sameera_Testcases.Ai_GuidedAuthoringTC - Created B_Verify_RightClick_Options instance.
14:06:32.970 [TestNG-test=RetryMultipleFailedTestcases-2] INFO  Sameera_Testcases.Ai_GuidedAuthoringTC - Switched to frame 0.
14:06:34.295 [TestNG-test=RetryMultipleFailedTestcases-2] INFO  Sameera_Testcases.Ai_GuidedAuthoringTC - Context Clicked on Section Heading.
14:06:34.374 [TestNG-test=RetryMultipleFailedTestcases-2] INFO  Sameera_Testcases.Ai_GuidedAuthoringTC - Switched back to default content.
14:06:34.403 [TestNG-test=RetryMultipleFailedTestcases-2] INFO  Sameera_Testcases.Ai_GuidedAuthoringTC - Switched to frame 1.
14:06:35.623 [TestNG-test=RetryMultipleFailedTestcases-2] INFO  Sameera_Testcases.Ai_GuidedAuthoringTC - Clicked on Insert Into 
14:06:35.675 [TestNG-test=RetryMultipleFailedTestcases-2] INFO  Sameera_Testcases.Ai_GuidedAuthoringTC - Switched back to default content.
14:06:49.066 [TestNG-test=RetryMultipleFailedTestcases-4] INFO  Sameera_Testcases.Ak_EnterKeyTC - Starting verify_Insert_Table
14:06:49.317 [TestNG-test=RetryMultipleFailedTestcases-3] INFO  Sameera_Testcases.Ai_GuidedAuthoringTC - Logged in, searched for a file, and clicked Edit.
14:06:49.317 [TestNG-test=RetryMultipleFailedTestcases-3] INFO  Sameera_Testcases.Ai_GuidedAuthoringTC - Created B_Verify_RightClick_Options instance.
14:06:49.400 [TestNG-test=RetryMultipleFailedTestcases-3] INFO  Sameera_Testcases.Ai_GuidedAuthoringTC - Switched to frame 0.
14:06:50.635 [TestNG-test=RetryMultipleFailedTestcases-3] INFO  Sameera_Testcases.Ai_GuidedAuthoringTC - Context Clicked on First Para from VE.
14:06:50.809 [TestNG-test=RetryMultipleFailedTestcases-3] INFO  Sameera_Testcases.Ai_GuidedAuthoringTC - Switched back to default content.
14:06:50.828 [TestNG-test=RetryMultipleFailedTestcases-3] INFO  Sameera_Testcases.Ai_GuidedAuthoringTC - Switched to frame 1.
14:06:50.861 [TestNG-test=RetryMultipleFailedTestcases-3] INFO  Sameera_Testcases.Ai_GuidedAuthoringTC - Right click All options are Correct.
14:06:50.862 [TestNG-test=RetryMultipleFailedTestcases-3] INFO  Sameera_Testcases.Ai_GuidedAuthoringTC - Finished verify_RightClick_Options ..
14:06:55.717 [TestNG-test=RetryMultipleFailedTestcases-2] INFO  Sameera_Testcases.Ai_GuidedAuthoringTC - Right click Insert Into All options are Correct.
14:06:55.717 [TestNG-test=RetryMultipleFailedTestcases-2] INFO  Sameera_Testcases.Ai_GuidedAuthoringTC - Finished verify_InsertInTo_Options ..
14:06:57.091 [TestNG-test=RetryMultipleFailedTestcases-3] INFO  Sameera_Testcases.Ai_GuidedAuthoringTC - Starting verify_RightClick_SearchOptions ..
14:07:01.702 [TestNG-test=RetryMultipleFailedTestcases-2] INFO  Sameera_Testcases.Aj_DocumentStructureTC - Starting verify_ContentBlock_Collapse ..
14:07:03.435 [TestNG-test=RetryMultipleFailedTestcases-1] INFO  Sameera_Testcases.Aj_DocumentStructureTC - Starting verify_ContentBlock_Collapse_Tooltip ..
14:07:12.205 [TestNG-test=RetryMultipleFailedTestcases-4] INFO  Sameera_Testcases.Ak_EnterKeyTC - Logged in, searched for a file, and clicked Edit.
14:07:12.206 [TestNG-test=RetryMultipleFailedTestcases-4] INFO  Sameera_Testcases.Ak_EnterKeyTC - Created List instance.
14:07:12.223 [TestNG-test=RetryMultipleFailedTestcases-4] INFO  Sameera_Testcases.Ak_EnterKeyTC - Switched to frame 0.
14:07:13.067 [TestNG-test=RetryMultipleFailedTestcases-4] INFO  Sameera_Testcases.Ak_EnterKeyTC - Clicked List Before Paragraph.
14:07:14.045 [TestNG-test=RetryMultipleFailedTestcases-4] INFO  Sameera_Testcases.Ak_EnterKeyTC - Clicked DS Existing Ordered List.
14:07:15.113 [TestNG-test=RetryMultipleFailedTestcases-4] INFO  Sameera_Testcases.Ak_EnterKeyTC - Clicked DS Existing List Item.
14:07:16.426 [TestNG-test=RetryMultipleFailedTestcases-4] INFO  Sameera_Testcases.Ak_EnterKeyTC - Clicked Track Change
14:07:22.191 [TestNG-test=RetryMultipleFailedTestcases-3] INFO  Sameera_Testcases.Ai_GuidedAuthoringTC - Logged in, searched for a file, and clicked Edit.
14:07:22.193 [TestNG-test=RetryMultipleFailedTestcases-3] INFO  Sameera_Testcases.Ai_GuidedAuthoringTC - Created B_Verify_RightClick_Options instance.
14:07:24.749 [TestNG-test=RetryMultipleFailedTestcases-3] INFO  Sameera_Testcases.Ai_GuidedAuthoringTC - Context Clicked on Para element 
14:07:25.299 [TestNG-test=RetryMultipleFailedTestcases-3] INFO  Sameera_Testcases.Ai_GuidedAuthoringTC - Clicked on Insert Before 
14:07:25.299 [TestNG-test=RetryMultipleFailedTestcases-3] INFO  Sameera_Testcases.Ai_GuidedAuthoringTC - Created Actions class instance.
14:07:25.589 [TestNG-test=RetryMultipleFailedTestcases-3] INFO  Sameera_Testcases.Ai_GuidedAuthoringTC - dhsjddn invalid element searched.
14:07:25.659 [TestNG-test=RetryMultipleFailedTestcases-3] INFO  Sameera_Testcases.Ai_GuidedAuthoringTC - No any Elements info msg is displayed
14:07:25.760 [TestNG-test=RetryMultipleFailedTestcases-3] INFO  Sameera_Testcases.Ai_GuidedAuthoringTC - No any Elements info msg is displayed
14:07:25.761 [TestNG-test=RetryMultipleFailedTestcases-3] INFO  Sameera_Testcases.Ai_GuidedAuthoringTC - Finished SearchInvalidContent_CheckResults ..
14:07:25.861 [TestNG-test=RetryMultipleFailedTestcases-2] INFO  Sameera_Testcases.Aj_DocumentStructureTC - Logged in, searched for a file, and clicked Edit.
14:07:25.873 [TestNG-test=RetryMultipleFailedTestcases-2] INFO  Sameera_Testcases.Aj_DocumentStructureTC - Created A_Verify_ContentBlock instance.
14:07:26.028 [TestNG-test=RetryMultipleFailedTestcases-2] INFO  Sameera_Testcases.Aj_DocumentStructureTC - Content block is present
14:07:26.663 [TestNG-test=RetryMultipleFailedTestcases-2] INFO  Sameera_Testcases.Aj_DocumentStructureTC - Clicked on Section 3.
14:07:27.515 [TestNG-test=RetryMultipleFailedTestcases-2] INFO  Sameera_Testcases.Aj_DocumentStructureTC - Clicked on Collaps button.
14:07:27.562 [TestNG-test=RetryMultipleFailedTestcases-2] INFO  Sameera_Testcases.Aj_DocumentStructureTC - Section 3 is present.
14:07:27.562 [TestNG-test=RetryMultipleFailedTestcases-2] INFO  Sameera_Testcases.Aj_DocumentStructureTC - Finished verify_ContentBlock_Collapse ..
14:07:29.906 [TestNG-test=RetryMultipleFailedTestcases-1] INFO  Sameera_Testcases.Aj_DocumentStructureTC - Logged in, searched for a file, and clicked Edit.
14:07:29.907 [TestNG-test=RetryMultipleFailedTestcases-1] INFO  Sameera_Testcases.Aj_DocumentStructureTC - Created A_Verify_ContentBlock instance.
14:07:32.965 [TestNG-test=RetryMultipleFailedTestcases-3] INFO  Sameera_Testcases.Aj_DocumentStructureTC - Starting verify_ContentBlock_Collapse_Tooltip ..
14:07:34.672 [TestNG-test=RetryMultipleFailedTestcases-2] INFO  Sameera_Testcases.Aj_DocumentStructureTC - Starting verify_EditorArea_Highlighted ..
14:07:49.996 [TestNG-test=RetryMultipleFailedTestcases-1] INFO  Sameera_Testcases.Aj_DocumentStructureTC - Finished verify_ContentSectionBlock_Expanded ..
14:07:56.161 [TestNG-test=RetryMultipleFailedTestcases-1] INFO  Sameera_Testcases.Aj_DocumentStructureTC - Starting verify_AddingList_InsertInto_InCB ..
14:07:56.479 [TestNG-test=RetryMultipleFailedTestcases-3] INFO  Sameera_Testcases.Aj_DocumentStructureTC - Logged in, searched for a file, and clicked Edit.
14:07:56.480 [TestNG-test=RetryMultipleFailedTestcases-3] INFO  Sameera_Testcases.Aj_DocumentStructureTC - Created A_Verify_ContentBlock instance.
14:07:58.505 [TestNG-test=RetryMultipleFailedTestcases-2] INFO  Sameera_Testcases.Aj_DocumentStructureTC - Logged in, searched for a file, and clicked Edit.
14:07:58.506 [TestNG-test=RetryMultipleFailedTestcases-2] INFO  Sameera_Testcases.Aj_DocumentStructureTC - Created A_Verify_ContentBlock instance.
14:07:59.263 [TestNG-test=RetryMultipleFailedTestcases-2] INFO  Sameera_Testcases.Aj_DocumentStructureTC - Clicked on Para element from DS.
14:07:59.403 [TestNG-test=RetryMultipleFailedTestcases-2] INFO  Sameera_Testcases.Aj_DocumentStructureTC - Switched to frame 0.
14:07:59.469 [TestNG-test=RetryMultipleFailedTestcases-2] INFO  Sameera_Testcases.Aj_DocumentStructureTC - Visual Editer Area  is Highlighted.
14:07:59.470 [TestNG-test=RetryMultipleFailedTestcases-2] INFO  Sameera_Testcases.Aj_DocumentStructureTC - Finished verify_EditorArea_Highlighted ..
14:08:05.423 [TestNG-test=RetryMultipleFailedTestcases-2] INFO  Sameera_Testcases.Aj_DocumentStructureTC - Starting delete_ContentBlockPara_AcceptChange ..
14:08:16.513 [TestNG-test=RetryMultipleFailedTestcases-3] INFO  Sameera_Testcases.Aj_DocumentStructureTC - Finished verify_ContentSectionBlock_Expanded ..
14:08:18.459 [TestNG-test=RetryMultipleFailedTestcases-1] INFO  Sameera_Testcases.Aj_DocumentStructureTC - Logged in, searched for a file, and clicked Edit.
14:08:18.459 [TestNG-test=RetryMultipleFailedTestcases-1] INFO  Sameera_Testcases.Aj_DocumentStructureTC - Created B_Verify_RightClick_Options instance.
14:08:20.418 [TestNG-test=RetryMultipleFailedTestcases-1] INFO  Sameera_Testcases.Aj_DocumentStructureTC - Context Clicked on Para element 
14:08:20.778 [TestNG-test=RetryMultipleFailedTestcases-1] INFO  Sameera_Testcases.Aj_DocumentStructureTC - Clicked on Insert Into 
14:08:20.778 [TestNG-test=RetryMultipleFailedTestcases-1] INFO  Sameera_Testcases.Aj_DocumentStructureTC - Created Actions class instance.
14:08:20.854 [TestNG-test=RetryMultipleFailedTestcases-1] INFO  Sameera_Testcases.Aj_DocumentStructureTC - List element searched.
14:08:20.931 [TestNG-test=RetryMultipleFailedTestcases-1] INFO  Sameera_Testcases.Aj_DocumentStructureTC - Clicked on TAB 
14:08:21.084 [TestNG-test=RetryMultipleFailedTestcases-3] INFO  Sameera_Testcases.Aj_DocumentStructureTC - Starting verify_ContentBlock ..
14:08:21.484 [TestNG-test=RetryMultipleFailedTestcases-1] INFO  Sameera_Testcases.Aj_DocumentStructureTC - Clicked on ENTER 
14:08:22.201 [TestNG-test=RetryMultipleFailedTestcases-1] INFO  Sameera_Testcases.Aj_DocumentStructureTC - List ul is inserted in DS
14:08:22.201 [TestNG-test=RetryMultipleFailedTestcases-1] INFO  Sameera_Testcases.Aj_DocumentStructureTC - Finished verify_AddingList_InsertInto_InCB ..
14:08:23.567 [TestNG-test=RetryMultipleFailedTestcases-4] INFO  Sameera_Testcases.Ak_EnterKeyTC - Starting verify_Insert_Table
14:08:28.939 [TestNG-test=RetryMultipleFailedTestcases-1] INFO  Sameera_Testcases.Ac_ListTC - Starting Verify_AddListToNewEmphasisElement ..
14:08:30.173 [TestNG-test=RetryMultipleFailedTestcases-2] INFO  Sameera_Testcases.Aj_DocumentStructureTC - Logged in, searched for a file, and clicked Edit.
14:08:30.174 [TestNG-test=RetryMultipleFailedTestcases-2] INFO  Sameera_Testcases.Aj_DocumentStructureTC - Created B_Verify_RightClick_Options instance.
14:08:30.869 [TestNG-test=RetryMultipleFailedTestcases-2] INFO  Sameera_Testcases.Aj_DocumentStructureTC - Clicked on Para Element 
14:08:31.780 [TestNG-test=RetryMultipleFailedTestcases-2] INFO  Sameera_Testcases.Aj_DocumentStructureTC - Context Clicked on Para element 
14:08:32.290 [TestNG-test=RetryMultipleFailedTestcases-2] INFO  Sameera_Testcases.Aj_DocumentStructureTC - Clicked on Remove Element Block 
14:08:32.731 [TestNG-test=RetryMultipleFailedTestcases-2] INFO  Sameera_Testcases.Aj_DocumentStructureTC - Clicked on Accept Changes 
14:08:55.007 [TestNG-test=RetryMultipleFailedTestcases-3] INFO  Sameera_Testcases.Aj_DocumentStructureTC - Logged in, searched for a file, and clicked Edit.
14:08:55.008 [TestNG-test=RetryMultipleFailedTestcases-3] INFO  Sameera_Testcases.Aj_DocumentStructureTC - Created B_Verify_RightClick_Options instance.
14:08:55.029 [TestNG-test=RetryMultipleFailedTestcases-3] INFO  Sameera_Testcases.Aj_DocumentStructureTC - Switched to frame 0.
14:08:55.692 [TestNG-test=RetryMultipleFailedTestcases-4] INFO  Sameera_Testcases.Ak_EnterKeyTC - Logged in, searched for a file, and clicked Edit.
14:08:55.693 [TestNG-test=RetryMultipleFailedTestcases-4] INFO  Sameera_Testcases.Ak_EnterKeyTC - Created List instance.
14:08:55.705 [TestNG-test=RetryMultipleFailedTestcases-4] INFO  Sameera_Testcases.Ak_EnterKeyTC - Switched to frame 0.
14:08:55.886 [TestNG-test=RetryMultipleFailedTestcases-3] INFO  Sameera_Testcases.Aj_DocumentStructureTC - Context Clicked on First Para from VE.
14:08:55.988 [TestNG-test=RetryMultipleFailedTestcases-3] INFO  Sameera_Testcases.Aj_DocumentStructureTC - Switched back to default content.
14:08:56.059 [TestNG-test=RetryMultipleFailedTestcases-3] INFO  Sameera_Testcases.Aj_DocumentStructureTC - Switched to frame 1.
14:08:56.110 [TestNG-test=RetryMultipleFailedTestcases-3] INFO  Sameera_Testcases.Aj_DocumentStructureTC - Right click All options are Correct.
14:08:56.110 [TestNG-test=RetryMultipleFailedTestcases-3] INFO  Sameera_Testcases.Aj_DocumentStructureTC - Finished verify_RightClick_Options ..
14:08:56.129 [TestNG-test=RetryMultipleFailedTestcases-4] INFO  Sameera_Testcases.Ak_EnterKeyTC - Clicked List Before Paragraph.
14:08:57.367 [TestNG-test=RetryMultipleFailedTestcases-4] INFO  Sameera_Testcases.Ak_EnterKeyTC - Clicked DS Existing Ordered List.
14:08:58.338 [TestNG-test=RetryMultipleFailedTestcases-4] INFO  Sameera_Testcases.Ak_EnterKeyTC - Clicked DS Existing List Item.
14:08:59.539 [TestNG-test=RetryMultipleFailedTestcases-1] INFO  Sameera_Testcases.Ac_ListTC - clicked On firt section From DS
14:08:59.842 [TestNG-test=RetryMultipleFailedTestcases-4] INFO  Sameera_Testcases.Ak_EnterKeyTC - Clicked Track Change
14:09:00.384 [TestNG-test=RetryMultipleFailedTestcases-1] INFO  Sameera_Testcases.Ac_ListTC - clicked On First Para From DS
14:09:00.680 [TestNG-test=RetryMultipleFailedTestcases-1] INFO  Sameera_Testcases.Ac_ListTC - Pressed Enter key
14:09:01.723 [TestNG-test=RetryMultipleFailedTestcases-1] INFO  Sameera_Testcases.Ac_ListTC - Verifying bold is present in DS 
14:09:02.374 [TestNG-test=RetryMultipleFailedTestcases-3] INFO  Sameera_Testcases.Ac_ListTC - Starting verify_AddingList_InsertInto_InPara ..
14:09:05.800 [TestNG-test=RetryMultipleFailedTestcases-1] INFO  Sameera_Testcases.Ac_ListTC - Verifying List is present in DS 
14:09:06.052 [TestNG-test=RetryMultipleFailedTestcases-1] INFO  Sameera_Testcases.Ac_ListTC - clicked on Code View button 
14:09:24.497 [TestNG-test=RetryMultipleFailedTestcases-3] INFO  Sameera_Testcases.Ac_ListTC - Logged in, searched for a file, and clicked Edit.
14:09:24.498 [TestNG-test=RetryMultipleFailedTestcases-3] INFO  Sameera_Testcases.Ac_ListTC - Created B_Verify_RightClick_Options instance.
14:09:24.509 [TestNG-test=RetryMultipleFailedTestcases-3] INFO  Sameera_Testcases.Ac_ListTC - Switched to frame 0.
14:09:25.862 [TestNG-test=RetryMultipleFailedTestcases-3] INFO  Sameera_Testcases.Ac_ListTC - Context Clicked on First Para VE.
14:09:25.918 [TestNG-test=RetryMultipleFailedTestcases-3] INFO  Sameera_Testcases.Ac_ListTC - Switched back to default content.
14:09:25.942 [TestNG-test=RetryMultipleFailedTestcases-3] INFO  Sameera_Testcases.Ac_ListTC - Switched to frame 1.
14:09:26.854 [TestNG-test=RetryMultipleFailedTestcases-3] INFO  Sameera_Testcases.Ac_ListTC - Clicked on Insert Into 
14:09:26.876 [TestNG-test=RetryMultipleFailedTestcases-3] INFO  Sameera_Testcases.Ac_ListTC - Switched back to default content.
14:09:27.455 [TestNG-test=RetryMultipleFailedTestcases-3] INFO  Sameera_Testcases.Ac_ListTC - Clicked on List element
14:09:27.846 [TestNG-test=RetryMultipleFailedTestcases-3] INFO  Sameera_Testcases.Ac_ListTC - Clicked on Insert element Button 
14:09:28.530 [TestNG-test=RetryMultipleFailedTestcases-3] INFO  Sameera_Testcases.Ac_ListTC - List is inserted in DS 
14:09:28.576 [TestNG-test=RetryMultipleFailedTestcases-3] INFO  Sameera_Testcases.Ac_ListTC - Verified that aria-disabled attribute contains 'false' for Accept Change element.
14:09:28.620 [TestNG-test=RetryMultipleFailedTestcases-3] INFO  Sameera_Testcases.Ac_ListTC - Verified that aria-disabled attribute contains 'false' for Reject Change element.
14:09:28.632 [TestNG-test=RetryMultipleFailedTestcases-3] INFO  Sameera_Testcases.Ac_ListTC - Switched to frame 0.
14:09:28.671 [TestNG-test=RetryMultipleFailedTestcases-3] INFO  Sameera_Testcases.Ac_ListTC - List is inserted in VE 
14:09:28.671 [TestNG-test=RetryMultipleFailedTestcases-3] INFO  Sameera_Testcases.Ac_ListTC - Finished verify_AddingList_InsertInto_InPara ..
14:09:33.355 [TestNG-test=RetryMultipleFailedTestcases-2] INFO  Sameera_Testcases.Aj_DocumentStructureTC - Para is deleted 
14:09:33.355 [TestNG-test=RetryMultipleFailedTestcases-2] INFO  Sameera_Testcases.Aj_DocumentStructureTC - Finished delete_ContentBlockPara_AcceptChange ..
14:09:34.604 [TestNG-test=RetryMultipleFailedTestcases-3] INFO  Sameera_Testcases.Ac_ListTC - Starting verifyChangeNumberListToBulletList
14:09:39.219 [TestNG-test=RetryMultipleFailedTestcases-2] INFO  Sameera_Testcases.Ac_ListTC - Starting verify_List_Properties_VE
14:09:57.938 [TestNG-test=RetryMultipleFailedTestcases-3] INFO  Sameera_Testcases.Ac_ListTC - Logged in and searched for a file, then clicked Edit.
14:09:57.938 [TestNG-test=RetryMultipleFailedTestcases-3] INFO  Sameera_Testcases.Ac_ListTC - Created List instance.
14:09:57.972 [TestNG-test=RetryMultipleFailedTestcases-3] INFO  Sameera_Testcases.Ac_ListTC - Switched to frame 0.
14:09:58.602 [TestNG-test=RetryMultipleFailedTestcases-3] INFO  Sameera_Testcases.Ac_ListTC - Clicked on the first paragraph.
14:09:58.640 [TestNG-test=RetryMultipleFailedTestcases-3] INFO  Sameera_Testcases.Ac_ListTC - Switched back to default content.
14:10:00.390 [TestNG-test=RetryMultipleFailedTestcases-3] INFO  Sameera_Testcases.Ac_ListTC - Clicked on the Bullet List.
14:10:00.562 [TestNG-test=RetryMultipleFailedTestcases-3] INFO  Sameera_Testcases.Ac_ListTC - Verified that List bullet is present in DS.
14:10:00.778 [TestNG-test=RetryMultipleFailedTestcases-3] INFO  Sameera_Testcases.Ac_ListTC - Switched back to frame 0.
14:10:00.834 [TestNG-test=RetryMultipleFailedTestcases-3] INFO  Sameera_Testcases.Ac_ListTC - Switched back to default content.
14:10:01.288 [TestNG-test=RetryMultipleFailedTestcases-3] INFO  Sameera_Testcases.Ac_ListTC - Clicked on the Number List.
14:10:01.359 [TestNG-test=RetryMultipleFailedTestcases-3] INFO  Sameera_Testcases.Ac_ListTC - Verified that List Number is present in DS.
14:10:01.359 [TestNG-test=RetryMultipleFailedTestcases-3] INFO  Sameera_Testcases.Ac_ListTC - Finished verifyChangeNumberListToBulletList ..
14:10:01.578 [TestNG-test=RetryMultipleFailedTestcases-2] INFO  Sameera_Testcases.Ac_ListTC - Logged in, searched for a file, and clicked Edit.
14:10:01.579 [TestNG-test=RetryMultipleFailedTestcases-2] INFO  Sameera_Testcases.Ac_ListTC - Created Aa_List instance.
14:10:01.630 [TestNG-test=RetryMultipleFailedTestcases-2] INFO  Sameera_Testcases.Ac_ListTC - Switched to frame 0.
14:10:02.098 [TestNG-test=RetryMultipleFailedTestcases-2] INFO  Sameera_Testcases.Ac_ListTC - Clicked on the first paragraph.
14:10:02.133 [TestNG-test=RetryMultipleFailedTestcases-2] INFO  Sameera_Testcases.Ac_ListTC - Switched back to default content.
14:10:04.011 [TestNG-test=RetryMultipleFailedTestcases-2] INFO  Sameera_Testcases.Ac_ListTC - Clicked on the Number List.
14:10:04.195 [TestNG-test=RetryMultipleFailedTestcases-2] INFO  Sameera_Testcases.Ac_ListTC - Verified that List Number is present in DS.
14:10:04.209 [TestNG-test=RetryMultipleFailedTestcases-2] INFO  Sameera_Testcases.Ac_ListTC - Switched back to frame 0.
14:10:04.377 [TestNG-test=RetryMultipleFailedTestcases-2] INFO  Sameera_Testcases.Ac_ListTC - Switched back to default content.
14:10:05.028 [TestNG-test=RetryMultipleFailedTestcases-2] INFO  Sameera_Testcases.Ac_ListTC - Clicked on the Bullet List.
14:10:05.112 [TestNG-test=RetryMultipleFailedTestcases-2] INFO  Sameera_Testcases.Ac_ListTC - Verified that List bullet is present in DS.
14:10:06.101 [TestNG-test=RetryMultipleFailedTestcases-4] INFO  Sameera_Testcases.Ak_EnterKeyTC - Starting verify_Insert_Table
14:10:06.713 [TestNG-test=RetryMultipleFailedTestcases-1] INFO  Sameera_Testcases.Ac_ListTC - Verifying content validation error
14:10:06.713 [TestNG-test=RetryMultipleFailedTestcases-1] INFO  Sameera_Testcases.Ac_ListTC - Finished Verify_AddListToNewEmphasisElement ..
14:10:07.708 [TestNG-test=RetryMultipleFailedTestcases-3] INFO  Sameera_Testcases.Ac_ListTC - Starting InsertList_ToExistingList_DS
14:10:09.906 [TestNG-test=RetryMultipleFailedTestcases-2] INFO  Sameera_Testcases.Ac_ListTC - Starting verify_ExistingList_PropertiesPopup
14:10:13.340 [TestNG-test=RetryMultipleFailedTestcases-1] INFO  Sameera_Testcases.Ac_ListTC - Starting verify_ExistingList_PropertiesPopup
14:10:31.788 [TestNG-test=RetryMultipleFailedTestcases-4] INFO  Sameera_Testcases.Ak_EnterKeyTC - Logged in, searched for a file, and clicked Edit.
14:10:31.789 [TestNG-test=RetryMultipleFailedTestcases-4] INFO  Sameera_Testcases.Ak_EnterKeyTC - Created List instance.
14:10:31.802 [TestNG-test=RetryMultipleFailedTestcases-4] INFO  Sameera_Testcases.Ak_EnterKeyTC - Switched to frame 0.
14:10:33.024 [TestNG-test=RetryMultipleFailedTestcases-4] INFO  Sameera_Testcases.Ak_EnterKeyTC - Clicked List Before Paragraph.
14:10:33.672 [TestNG-test=RetryMultipleFailedTestcases-3] INFO  Sameera_Testcases.Ac_ListTC - Logged in, searched for a file, and clicked Edit.
14:10:33.696 [TestNG-test=RetryMultipleFailedTestcases-3] INFO  Sameera_Testcases.Ac_ListTC - Switched to frame 0.
14:10:34.048 [TestNG-test=RetryMultipleFailedTestcases-4] INFO  Sameera_Testcases.Ak_EnterKeyTC - Clicked DS Existing Ordered List.
14:10:34.303 [TestNG-test=RetryMultipleFailedTestcases-3] INFO  Sameera_Testcases.Ac_ListTC - Clicked List Before Paragraph.
14:10:35.241 [TestNG-test=RetryMultipleFailedTestcases-4] INFO  Sameera_Testcases.Ak_EnterKeyTC - Clicked DS Existing List Item.
14:10:35.873 [TestNG-test=RetryMultipleFailedTestcases-3] INFO  Sameera_Testcases.Ac_ListTC - Clicked DS Existing Ordered List.
14:10:36.194 [TestNG-test=RetryMultipleFailedTestcases-2] INFO  Sameera_Testcases.Ac_ListTC - Logged in, searched for a file, and clicked Edit.
14:10:36.273 [TestNG-test=RetryMultipleFailedTestcases-2] INFO  Sameera_Testcases.Ac_ListTC - Switched to frame 0.
14:10:36.757 [TestNG-test=RetryMultipleFailedTestcases-2] INFO  Sameera_Testcases.Ac_ListTC - Clicked on the first paragraph.
14:10:36.821 [TestNG-test=RetryMultipleFailedTestcases-2] INFO  Sameera_Testcases.Ac_ListTC - Switched back to default content.
14:10:36.956 [TestNG-test=RetryMultipleFailedTestcases-3] INFO  Sameera_Testcases.Ac_ListTC - Clicked DS Existing List Item.
14:10:37.162 [TestNG-test=RetryMultipleFailedTestcases-4] INFO  Sameera_Testcases.Ak_EnterKeyTC - Clicked Track Change
14:10:37.776 [TestNG-test=RetryMultipleFailedTestcases-1] INFO  Sameera_Testcases.Ac_ListTC - Logged in, searched for a file, and clicked Edit.
14:10:37.806 [TestNG-test=RetryMultipleFailedTestcases-1] INFO  Sameera_Testcases.Ac_ListTC - Switched to frame 0.
14:10:37.893 [TestNG-test=RetryMultipleFailedTestcases-3] INFO  Sameera_Testcases.Ac_ListTC - Performed right-click on DS Existing List Item.
14:10:38.313 [TestNG-test=RetryMultipleFailedTestcases-1] INFO  Sameera_Testcases.Ac_ListTC - Clicked on the first paragraph.
14:10:38.388 [TestNG-test=RetryMultipleFailedTestcases-3] INFO  Sameera_Testcases.Ac_ListTC - Clicked DS Insert After.
14:10:38.407 [TestNG-test=RetryMultipleFailedTestcases-1] INFO  Sameera_Testcases.Ac_ListTC - Switched back to default content.
14:10:38.856 [TestNG-test=RetryMultipleFailedTestcases-3] INFO  Sameera_Testcases.Ac_ListTC - Pressed TAB and ENTER keys.
14:10:39.058 [TestNG-test=RetryMultipleFailedTestcases-3] INFO  Sameera_Testcases.Ac_ListTC - Finished InsertList_ToExistingList_DS
14:10:40.359 [TestNG-test=RetryMultipleFailedTestcases-2] INFO  Sameera_Testcases.Ac_ListTC - Clicked on the Number List.
14:10:41.126 [TestNG-test=RetryMultipleFailedTestcases-2] INFO  Sameera_Testcases.Ac_ListTC - Verified that List Number is present in DS.
14:10:41.748 [TestNG-test=RetryMultipleFailedTestcases-2] INFO  Sameera_Testcases.Ac_ListTC - Verified that List Number is present in DS.
14:10:42.135 [TestNG-test=RetryMultipleFailedTestcases-1] INFO  Sameera_Testcases.Ac_ListTC - Clicked on the Number List.
14:10:42.980 [TestNG-test=RetryMultipleFailedTestcases-1] INFO  Sameera_Testcases.Ac_ListTC - Verified that List Number is present in DS.
14:10:44.858 [TestNG-test=RetryMultipleFailedTestcases-1] INFO  Sameera_Testcases.Ac_ListTC - Verified that List Number is present in DS.
14:10:48.340 [TestNG-test=RetryMultipleFailedTestcases-2] INFO  Sameera_Testcases.Ac_ListTC - Starting verifyListActions
14:10:52.961 [TestNG-test=RetryMultipleFailedTestcases-1] INFO  Sameera_Testcases.Ac_ListTC - Starting verify_InsertInto_ExistingList
14:11:09.127 [TestNG-test=RetryMultipleFailedTestcases-3] INFO  Sameera_Testcases.Ac_ListTC - Logged in and searched for a file, then clicked Edit.
14:11:09.128 [TestNG-test=RetryMultipleFailedTestcases-3] INFO  Sameera_Testcases.Ac_ListTC - Created List instance.
14:11:09.145 [TestNG-test=RetryMultipleFailedTestcases-3] INFO  Sameera_Testcases.Ac_ListTC - Switched to frame 0.
14:11:09.586 [TestNG-test=RetryMultipleFailedTestcases-3] INFO  Sameera_Testcases.Ac_ListTC - Clicked List Before Paragraph.
14:11:10.486 [TestNG-test=RetryMultipleFailedTestcases-3] INFO  Sameera_Testcases.Ac_ListTC - Clicked DS Existing Ordered List.
14:11:11.414 [TestNG-test=RetryMultipleFailedTestcases-3] INFO  Sameera_Testcases.Ac_ListTC - Clicked DS Existing List Item.
14:11:12.249 [TestNG-test=RetryMultipleFailedTestcases-3] INFO  Sameera_Testcases.Ac_ListTC - Performed right-click on DS Existing List Item.
14:11:12.617 [TestNG-test=RetryMultipleFailedTestcases-3] INFO  Sameera_Testcases.Ac_ListTC - Context-clicked an existing list item.
14:11:13.015 [TestNG-test=RetryMultipleFailedTestcases-3] INFO  Sameera_Testcases.Ac_ListTC - Checked if list properties popup is visible.
14:11:13.149 [TestNG-test=RetryMultipleFailedTestcases-3] INFO  Sameera_Testcases.Ac_ListTC - Obtained and selected the first option from the dropdown.
14:11:13.149 [TestNG-test=RetryMultipleFailedTestcases-3] INFO  Sameera_Testcases.Ac_ListTC - Finished verify_ExistingList_PropertiesPopup
14:11:15.322 [TestNG-test=RetryMultipleFailedTestcases-1] INFO  Sameera_Testcases.Ac_ListTC - Logged in, searched for a file, and clicked Edit.
14:11:15.345 [TestNG-test=RetryMultipleFailedTestcases-1] INFO  Sameera_Testcases.Ac_ListTC - Switched to frame 0.
14:11:15.621 [TestNG-test=RetryMultipleFailedTestcases-2] INFO  Sameera_Testcases.Ac_ListTC - Logged in, searched for a file, and clicked Edit.
14:11:15.639 [TestNG-test=RetryMultipleFailedTestcases-2] INFO  Sameera_Testcases.Ac_ListTC - Switched to frame 0.
14:11:15.666 [TestNG-test=RetryMultipleFailedTestcases-2] INFO  Sameera_Testcases.Ac_ListTC - Number of list items before deleting: 15
14:11:16.256 [TestNG-test=RetryMultipleFailedTestcases-2] INFO  Sameera_Testcases.Ac_ListTC - Clicked on Existing List Item.
14:11:16.464 [TestNG-test=RetryMultipleFailedTestcases-2] INFO  Sameera_Testcases.Ac_ListTC - Verifying if attributeLiButton is displayed.
14:11:16.908 [TestNG-test=RetryMultipleFailedTestcases-1] INFO  Sameera_Testcases.Ac_ListTC - Performed right-click on Existing List Item.
