23:25:01.391 [TestNG-test=RetryMultipleFailedTestcases-2] INFO  c_testCases.F4_TableTC - Inside the table, a list is available in the Visual Editor.
23:25:41.547 [TestNG-test=RetryMultipleFailedTestcases-2] INFO  c_testCases.F4_TableTC - Document Structure is updated after adding a list inside the table.
23:25:42.067 [TestNG-test=RetryMultipleFailedTestcases-2] INFO  c_testCases.F4_TableTC - Clicked Quick Preview.
23:25:42.506 [TestNG-test=RetryMultipleFailedTestcases-2] INFO  c_testCases.F4_TableTC - List is present in Quick Preview after adding it to the table.
23:25:47.381 [TestNG-test=RetryMultipleFailedTestcases-2] INFO  c_testCases.F4_TableTC - Inside CodeView, there is list insertion code for the table.
23:26:27.478 [TestNG-test=RetryMultipleFailedTestcases-2] INFO  c_testCases.F4_TableTC - No Content Validation error is present in CodeView.
23:26:27.478 [TestNG-test=RetryMultipleFailedTestcases-2] INFO  c_testCases.F4_TableTC - Finished verify_ListInsideTable
23:32:38.523 [TestNG-test=RetryMultipleFailedTestcases-1] INFO  c_testCases.F4_TableTC - Clicked Merge Right.
23:32:38.825 [TestNG-test=RetryMultipleFailedTestcases-1] INFO  c_testCases.F4_TableTC - Cell merge has occurred.
23:33:14.828 [TestNG-test=RetryMultipleFailedTestcases-4] INFO  c_testCases.F4_TableTC - Clicked Merge Right.
23:33:15.125 [TestNG-test=RetryMultipleFailedTestcases-4] INFO  c_testCases.F4_TableTC - Cell merge has occurred.
23:33:26.530 [TestNG-test=RetryMultipleFailedTestcases-1] INFO  c_testCases.F4_TableTC - Starting splitHorizontalAndVerify_ExistingTable
23:33:46.302 [TestNG-test=RetryMultipleFailedTestcases-2] INFO  c_testCases.F4_TableTC - Starting splitHorizontalAndVerify_ExistingTable
23:34:05.626 [TestNG-test=RetryMultipleFailedTestcases-1] INFO  c_testCases.F4_TableTC - Logged in, searched for a file, and clicked Edit.
23:34:05.627 [TestNG-test=RetryMultipleFailedTestcases-1] INFO  c_testCases.F4_TableTC - Created F4_Table instance.
23:34:05.648 [TestNG-test=RetryMultipleFailedTestcases-1] INFO  c_testCases.F4_TableTC - Switched to frame 0.
23:34:05.985 [TestNG-test=RetryMultipleFailedTestcases-3] INFO  c_testCases.F5_CrossReferenceTC - Starting Verify_InsertNewXrefInList ..
23:34:06.766 [TestNG-test=RetryMultipleFailedTestcases-1] INFO  c_testCases.F4_TableTC - Clicked on the first cell of the existing table.
23:34:06.922 [TestNG-test=RetryMultipleFailedTestcases-1] INFO  c_testCases.F4_TableTC - Number of rows before split: 6
23:34:09.289 [TestNG-test=RetryMultipleFailedTestcases-1] INFO  c_testCases.F4_TableTC - Number of rows after split: 7
23:34:09.289 [TestNG-test=RetryMultipleFailedTestcases-1] INFO  c_testCases.F4_TableTC - Number of rows after split is different from before split.
23:34:09.289 [TestNG-test=RetryMultipleFailedTestcases-1] INFO  c_testCases.F4_TableTC - Finished splitHorizontalAndVerify_ExistingTable
23:34:17.207 [TestNG-test=RetryMultipleFailedTestcases-2] INFO  c_testCases.F4_TableTC - Logged in, searched for a file, and clicked Edit.
23:34:17.208 [TestNG-test=RetryMultipleFailedTestcases-2] INFO  c_testCases.F4_TableTC - Created F4_Table instance.
23:34:17.239 [TestNG-test=RetryMultipleFailedTestcases-2] INFO  c_testCases.F4_TableTC - Switched to frame 0.
23:34:18.608 [TestNG-test=RetryMultipleFailedTestcases-2] INFO  c_testCases.F4_TableTC - Clicked on the first cell of the existing table.
23:34:18.787 [TestNG-test=RetryMultipleFailedTestcases-2] INFO  c_testCases.F4_TableTC - Number of rows before split: 6
23:34:20.846 [TestNG-test=RetryMultipleFailedTestcases-2] INFO  c_testCases.F4_TableTC - Number of rows after split: 7
23:34:20.846 [TestNG-test=RetryMultipleFailedTestcases-2] INFO  c_testCases.F4_TableTC - Number of rows after split is different from before split.
23:34:20.846 [TestNG-test=RetryMultipleFailedTestcases-2] INFO  c_testCases.F4_TableTC - Finished splitHorizontalAndVerify_ExistingTable
23:34:28.678 [TestNG-test=RetryMultipleFailedTestcases-1] INFO  c_testCases.F5_CrossReferenceTC - Starting Verify_InsertXrefInExistingTable ..
23:34:32.247 [TestNG-test=RetryMultipleFailedTestcases-2] INFO  c_testCases.F5_CrossReferenceTC - Starting Verify_InsertingCrossRefranceToFigHeading ..
23:34:37.652 [TestNG-test=RetryMultipleFailedTestcases-3] INFO  c_testCases.F5_CrossReferenceTC - clicked on Section no 2 
23:34:38.070 [TestNG-test=RetryMultipleFailedTestcases-3] INFO  c_testCases.F5_CrossReferenceTC - Pressed Enter key 
23:34:40.085 [TestNG-test=RetryMultipleFailedTestcases-3] INFO  c_testCases.F5_CrossReferenceTC - Clicked on Number list 
23:34:41.882 [TestNG-test=RetryMultipleFailedTestcases-3] INFO  c_testCases.F5_CrossReferenceTC - Clicked on Accept Changes 
23:34:43.009 [TestNG-test=RetryMultipleFailedTestcases-3] INFO  c_testCases.F5_CrossReferenceTC - clicked on Cross Reference button 
23:34:46.243 [TestNG-test=RetryMultipleFailedTestcases-3] INFO  c_testCases.F5_CrossReferenceTC - clicked on Code Cross Reference checkbox 
23:35:08.514 [TestNG-test=RetryMultipleFailedTestcases-1] INFO  c_testCases.F5_CrossReferenceTC - clicked on Cross Reference button 
23:35:08.520 [TestNG-test=RetryMultipleFailedTestcases-2] INFO  c_testCases.F5_CrossReferenceTC - Right Clicked on Para Element 
23:35:09.785 [TestNG-test=RetryMultipleFailedTestcases-2] INFO  c_testCases.F5_CrossReferenceTC - Clicked on Insert After 
23:35:10.288 [TestNG-test=RetryMultipleFailedTestcases-2] INFO  c_testCases.F5_CrossReferenceTC - Searched figure element from fearch field 
23:35:10.456 [TestNG-test=RetryMultipleFailedTestcases-2] INFO  c_testCases.F5_CrossReferenceTC - Clicked on Figure element
23:35:11.135 [TestNG-test=RetryMultipleFailedTestcases-2] INFO  c_testCases.F5_CrossReferenceTC - Clicked on Insert element Button 
23:35:13.985 [TestNG-test=RetryMultipleFailedTestcases-1] INFO  c_testCases.F5_CrossReferenceTC - clicked on Code Cross Reference checkbox 
23:35:14.459 [TestNG-test=RetryMultipleFailedTestcases-2] INFO  c_testCases.F5_CrossReferenceTC - Figure heading is Added 
23:35:17.590 [TestNG-test=RetryMultipleFailedTestcases-2] INFO  c_testCases.F5_CrossReferenceTC - Clicked on Accept changes 
23:35:18.905 [TestNG-test=RetryMultipleFailedTestcases-2] INFO  c_testCases.F5_CrossReferenceTC - Figure heading is selected from VE
23:35:19.473 [TestNG-test=RetryMultipleFailedTestcases-2] INFO  c_testCases.F5_CrossReferenceTC - clicked on Cross Reference button 
23:35:31.731 [TestNG-test=RetryMultipleFailedTestcases-2] INFO  c_testCases.F5_CrossReferenceTC - Starting Verify_InsertingCrossRefranceToFigHeading ..
23:35:34.878 [TestNG-test=RetryMultipleFailedTestcases-3] INFO  c_testCases.F5_CrossReferenceTC - Starting Verify_InsertNewXrefInList ..
23:35:40.024 [TestNG-test=RetryMultipleFailedTestcases-4] INFO  c_testCases.F5_CrossReferenceTC - Starting verify_BackspaceExistingCross ..
23:36:03.075 [TestNG-test=RetryMultipleFailedTestcases-3] INFO  c_testCases.F5_CrossReferenceTC - clicked on Section no 2 
23:36:03.245 [TestNG-test=RetryMultipleFailedTestcases-1] INFO  c_testCases.F5_CrossReferenceTC - Starting Verify_InsertXrefInExistingTable ..
23:36:03.428 [TestNG-test=RetryMultipleFailedTestcases-3] INFO  c_testCases.F5_CrossReferenceTC - Pressed Enter key 
23:36:03.472 [TestNG-test=RetryMultipleFailedTestcases-2] INFO  c_testCases.F5_CrossReferenceTC - Right Clicked on Para Element 
23:36:04.063 [TestNG-test=RetryMultipleFailedTestcases-2] INFO  c_testCases.F5_CrossReferenceTC - Clicked on Insert After 
23:36:04.369 [TestNG-test=RetryMultipleFailedTestcases-2] INFO  c_testCases.F5_CrossReferenceTC - Searched figure element from fearch field 
23:36:04.805 [TestNG-test=RetryMultipleFailedTestcases-2] INFO  c_testCases.F5_CrossReferenceTC - Clicked on Figure element
23:36:04.980 [TestNG-test=RetryMultipleFailedTestcases-3] INFO  c_testCases.F5_CrossReferenceTC - Clicked on Number list 
23:36:05.821 [TestNG-test=RetryMultipleFailedTestcases-2] INFO  c_testCases.F5_CrossReferenceTC - Clicked on Insert element Button 
23:36:06.967 [TestNG-test=RetryMultipleFailedTestcases-3] INFO  c_testCases.F5_CrossReferenceTC - Clicked on Accept Changes 
23:36:07.991 [TestNG-test=RetryMultipleFailedTestcases-3] INFO  c_testCases.F5_CrossReferenceTC - clicked on Cross Reference button 
23:36:08.639 [TestNG-test=RetryMultipleFailedTestcases-4] INFO  c_testCases.F5_CrossReferenceTC - Verifying Cross Reference is present in VE
23:36:08.701 [TestNG-test=RetryMultipleFailedTestcases-4] INFO  c_testCases.F5_CrossReferenceTC - Verifying Cross Reference is present in AP
23:36:08.758 [TestNG-test=RetryMultipleFailedTestcases-4] INFO  c_testCases.F5_CrossReferenceTC - Verifying Cross Reference is present in DS
23:36:12.056 [TestNG-test=RetryMultipleFailedTestcases-3] INFO  c_testCases.F5_CrossReferenceTC - clicked on Code Cross Reference checkbox 
23:36:14.225 [TestNG-test=RetryMultipleFailedTestcases-3] INFO  c_testCases.F5_CrossReferenceTC - clicked on Code View button 
23:36:14.408 [TestNG-test=RetryMultipleFailedTestcases-2] INFO  c_testCases.F5_CrossReferenceTC - Figure heading is Added 
23:36:17.715 [TestNG-test=RetryMultipleFailedTestcases-2] INFO  c_testCases.F5_CrossReferenceTC - Clicked on Accept changes 
23:36:18.449 [TestNG-test=RetryMultipleFailedTestcases-2] INFO  c_testCases.F5_CrossReferenceTC - Figure heading is selected from VE
23:36:18.870 [TestNG-test=RetryMultipleFailedTestcases-2] INFO  c_testCases.F5_CrossReferenceTC - clicked on Cross Reference button 
23:36:23.251 [TestNG-test=RetryMultipleFailedTestcases-2] INFO  c_testCases.F5_CrossReferenceTC - clicked on Code Cross Reference checkbox 
23:36:24.638 [TestNG-test=RetryMultipleFailedTestcases-2] INFO  c_testCases.F5_CrossReferenceTC - Xref is Added into figure heading in DS
23:36:24.894 [TestNG-test=RetryMultipleFailedTestcases-2] INFO  c_testCases.F5_CrossReferenceTC - clicked on Code View button 
23:36:32.464 [TestNG-test=RetryMultipleFailedTestcases-1] INFO  c_testCases.F5_CrossReferenceTC - clicked on Cross Reference button 
23:36:35.694 [TestNG-test=RetryMultipleFailedTestcases-1] INFO  c_testCases.F5_CrossReferenceTC - clicked on Code Cross Reference checkbox 
23:36:37.092 [TestNG-test=RetryMultipleFailedTestcases-1] INFO  c_testCases.F5_CrossReferenceTC - clicked on Code View button 
23:36:52.017 [TestNG-test=RetryMultipleFailedTestcases-4] INFO  c_testCases.F5_CrossReferenceTC - Verifying Cross Reference is deleted in AP
23:36:54.370 [TestNG-test=RetryMultipleFailedTestcases-3] INFO  c_testCases.F5_CrossReferenceTC - Verifying content validation error
23:36:54.656 [TestNG-test=RetryMultipleFailedTestcases-3] INFO  c_testCases.F5_CrossReferenceTC - Finished Verify_InsertNewXrefInList ..
23:37:01.201 [TestNG-test=RetryMultipleFailedTestcases-3] INFO  c_testCases.F5_CrossReferenceTC - Starting verify_BackspaceNewCrossRef ..
23:37:04.967 [TestNG-test=RetryMultipleFailedTestcases-2] INFO  c_testCases.F5_CrossReferenceTC - Verifying content validation error
23:37:04.967 [TestNG-test=RetryMultipleFailedTestcases-2] INFO  c_testCases.F5_CrossReferenceTC - Finished Verify_InsertingCrossRefranceToFigHeading ..
23:37:11.412 [TestNG-test=RetryMultipleFailedTestcases-2] INFO  c_testCases.F5_CrossReferenceTC - Starting verify_CrossReference_EditLink_DS ..
23:37:17.199 [TestNG-test=RetryMultipleFailedTestcases-1] INFO  c_testCases.F5_CrossReferenceTC - Verifying content validation error
23:37:17.775 [TestNG-test=RetryMultipleFailedTestcases-1] INFO  c_testCases.F5_CrossReferenceTC - Finished Verify_InsertXrefInExistingTable ..
23:37:24.673 [TestNG-test=RetryMultipleFailedTestcases-1] INFO  c_testCases.F5_CrossReferenceTC - Starting verify_CrossReference_EditLink_VE ..
23:37:31.542 [TestNG-test=RetryMultipleFailedTestcases-3] INFO  c_testCases.F5_CrossReferenceTC - Double clicked on First para
23:37:32.129 [TestNG-test=RetryMultipleFailedTestcases-3] INFO  c_testCases.F5_CrossReferenceTC - clicked on Cross Reference button 
23:37:32.140 [TestNG-test=RetryMultipleFailedTestcases-4] INFO  c_testCases.F5_CrossReferenceTC - Verifying Cross Reference is deleted in DS
23:37:32.140 [TestNG-test=RetryMultipleFailedTestcases-4] INFO  c_testCases.F5_CrossReferenceTC - Finished verify_BackspaceExistingCross ..
23:37:35.037 [TestNG-test=RetryMultipleFailedTestcases-3] INFO  c_testCases.F5_CrossReferenceTC - clicked on Code Cross Reference checkbox 
23:37:35.426 [TestNG-test=RetryMultipleFailedTestcases-3] INFO  c_testCases.F5_CrossReferenceTC - clicked on Cross Reference popup ok button 
23:37:37.101 [TestNG-test=RetryMultipleFailedTestcases-3] INFO  c_testCases.F5_CrossReferenceTC - Verifying Cross Reference is present in AP
23:37:37.227 [TestNG-test=RetryMultipleFailedTestcases-3] INFO  c_testCases.F5_CrossReferenceTC - Verifying Cross Reference text is correct
23:37:37.959 [TestNG-test=RetryMultipleFailedTestcases-3] INFO  c_testCases.F5_CrossReferenceTC - Clicked on BackSpace
23:37:39.492 [TestNG-test=RetryMultipleFailedTestcases-2] INFO  c_testCases.F5_CrossReferenceTC - Double clicked on First para
23:37:39.534 [TestNG-test=RetryMultipleFailedTestcases-4] INFO  c_testCases.F5_CrossReferenceTC - Starting verify_CrossReference_UnLink_RightClickOptions ..
23:37:40.293 [TestNG-test=RetryMultipleFailedTestcases-2] INFO  c_testCases.F5_CrossReferenceTC - clicked on Cross Reference button 
23:37:43.638 [TestNG-test=RetryMultipleFailedTestcases-2] INFO  c_testCases.F5_CrossReferenceTC - clicked on Code Cross Reference checkbox 
23:37:44.001 [TestNG-test=RetryMultipleFailedTestcases-2] INFO  c_testCases.F5_CrossReferenceTC - clicked on Cross Reference popup ok button 
23:37:44.960 [TestNG-test=RetryMultipleFailedTestcases-2] INFO  c_testCases.F5_CrossReferenceTC - Verifying Cross Reference is present in AP
23:37:45.027 [TestNG-test=RetryMultipleFailedTestcases-2] INFO  c_testCases.F5_CrossReferenceTC - Verifying Cross Reference text is correct
23:37:54.805 [TestNG-test=RetryMultipleFailedTestcases-1] INFO  c_testCases.F5_CrossReferenceTC - Double clicked on First para
23:37:55.184 [TestNG-test=RetryMultipleFailedTestcases-1] INFO  c_testCases.F5_CrossReferenceTC - clicked on Cross Reference button 
23:37:56.210 [TestNG-test=RetryMultipleFailedTestcases-1] INFO  c_testCases.F5_CrossReferenceTC - clicked on Code Cross Reference checkbox 
23:37:56.656 [TestNG-test=RetryMultipleFailedTestcases-1] INFO  c_testCases.F5_CrossReferenceTC - clicked on Cross Reference popup ok button 
23:37:57.451 [TestNG-test=RetryMultipleFailedTestcases-1] INFO  c_testCases.F5_CrossReferenceTC - Verifying Cross Reference is present in AP
23:37:57.508 [TestNG-test=RetryMultipleFailedTestcases-1] INFO  c_testCases.F5_CrossReferenceTC - Verifying Cross Reference text is correct
23:38:06.615 [TestNG-test=RetryMultipleFailedTestcases-4] INFO  c_testCases.F5_CrossReferenceTC - Double clicked on First para
23:38:08.156 [TestNG-test=RetryMultipleFailedTestcases-4] INFO  c_testCases.F5_CrossReferenceTC - clicked on Cross Reference button 
23:38:11.783 [TestNG-test=RetryMultipleFailedTestcases-1] INFO  c_testCases.F5_CrossReferenceTC - clicked on Code View button 
23:38:13.048 [TestNG-test=RetryMultipleFailedTestcases-4] INFO  c_testCases.F5_CrossReferenceTC - clicked on Code Cross Reference checkbox 
23:38:13.419 [TestNG-test=RetryMultipleFailedTestcases-4] INFO  c_testCases.F5_CrossReferenceTC - clicked on Cross Reference popup ok button 
23:38:14.654 [TestNG-test=RetryMultipleFailedTestcases-4] INFO  c_testCases.F5_CrossReferenceTC - Verifying Cross Reference is present in AP
23:38:18.441 [TestNG-test=RetryMultipleFailedTestcases-4] INFO  c_testCases.F5_CrossReferenceTC - clicked on Code View button 
23:38:20.516 [TestNG-test=RetryMultipleFailedTestcases-3] INFO  c_testCases.F5_CrossReferenceTC - Verifying Cross Reference is deleted in AP
23:38:24.741 [TestNG-test=RetryMultipleFailedTestcases-1] INFO  c_testCases.F5_CrossReferenceTC - Starting verify_CrossReference_EditLink_VE ..
23:38:32.701 [TestNG-test=RetryMultipleFailedTestcases-2] INFO  c_testCases.F5_CrossReferenceTC - Starting verify_CrossReference_EditLink_DS ..
23:38:50.658 [TestNG-test=RetryMultipleFailedTestcases-1] INFO  c_testCases.F5_CrossReferenceTC - Double clicked on First para
23:38:51.297 [TestNG-test=RetryMultipleFailedTestcases-1] INFO  c_testCases.F5_CrossReferenceTC - clicked on Cross Reference button 
23:38:54.665 [TestNG-test=RetryMultipleFailedTestcases-1] INFO  c_testCases.F5_CrossReferenceTC - clicked on Code Cross Reference checkbox 
23:38:55.407 [TestNG-test=RetryMultipleFailedTestcases-1] INFO  c_testCases.F5_CrossReferenceTC - clicked on Cross Reference popup ok button 
23:38:56.467 [TestNG-test=RetryMultipleFailedTestcases-1] INFO  c_testCases.F5_CrossReferenceTC - Verifying Cross Reference is present in AP
23:38:56.524 [TestNG-test=RetryMultipleFailedTestcases-1] INFO  c_testCases.F5_CrossReferenceTC - Verifying Cross Reference text is correct
23:38:58.120 [TestNG-test=RetryMultipleFailedTestcases-2] INFO  c_testCases.F5_CrossReferenceTC - Double clicked on First para
23:38:58.559 [TestNG-test=RetryMultipleFailedTestcases-4] INFO  c_testCases.F5_CrossReferenceTC - Verifying content validation error
23:38:58.559 [TestNG-test=RetryMultipleFailedTestcases-4] INFO  c_testCases.F5_CrossReferenceTC - Finished verify_CrossReference_UnLink_RightClickOptions ..
23:38:58.727 [TestNG-test=RetryMultipleFailedTestcases-2] INFO  c_testCases.F5_CrossReferenceTC - clicked on Cross Reference button 
23:39:00.658 [TestNG-test=RetryMultipleFailedTestcases-3] INFO  c_testCases.F5_CrossReferenceTC - Verifying Cross Reference is deleted in DS
23:39:00.658 [TestNG-test=RetryMultipleFailedTestcases-3] INFO  c_testCases.F5_CrossReferenceTC - Finished verify_BackspaceNewCrossRef ..
23:39:03.125 [TestNG-test=RetryMultipleFailedTestcases-2] INFO  c_testCases.F5_CrossReferenceTC - clicked on Code Cross Reference checkbox 
23:39:03.662 [TestNG-test=RetryMultipleFailedTestcases-2] INFO  c_testCases.F5_CrossReferenceTC - clicked on Cross Reference popup ok button 
23:39:05.903 [TestNG-test=RetryMultipleFailedTestcases-4] INFO  c_testCases.F5_CrossReferenceTC - Starting verify_DeleteExistingCrossRef ..
23:39:08.492 [TestNG-test=RetryMultipleFailedTestcases-3] INFO  c_testCases.F5_CrossReferenceTC - Starting verify_InsertCrossReferenceInPara ..
23:39:08.672 [TestNG-test=RetryMultipleFailedTestcases-1] INFO  c_testCases.F5_CrossReferenceTC - clicked on Code View button 
23:39:33.541 [TestNG-test=RetryMultipleFailedTestcases-4] INFO  c_testCases.F5_CrossReferenceTC - Verifying Cross Reference is present in VE
23:39:33.592 [TestNG-test=RetryMultipleFailedTestcases-4] INFO  c_testCases.F5_CrossReferenceTC - Verifying Cross Reference is present in AP
23:39:33.645 [TestNG-test=RetryMultipleFailedTestcases-4] INFO  c_testCases.F5_CrossReferenceTC - Verifying Cross Reference is present in DS
23:39:35.016 [TestNG-test=RetryMultipleFailedTestcases-3] INFO  c_testCases.F5_CrossReferenceTC - Double clicked on First para
23:39:35.716 [TestNG-test=RetryMultipleFailedTestcases-3] INFO  c_testCases.F5_CrossReferenceTC - clicked on Cross Reference button 
23:39:47.071 [TestNG-test=RetryMultipleFailedTestcases-3] INFO  c_testCases.F5_CrossReferenceTC - Starting verify_InsertCrossReferenceInPara ..
23:39:48.806 [TestNG-test=RetryMultipleFailedTestcases-1] INFO  c_testCases.F5_CrossReferenceTC - Verifying content validation error
23:39:49.216 [TestNG-test=RetryMultipleFailedTestcases-1] INFO  c_testCases.F5_CrossReferenceTC - Finished verify_CrossReference_EditLink_VE ..
23:39:51.193 [TestNG-test=RetryMultipleFailedTestcases-2] INFO  c_testCases.F6_EmphasisTC - Starting verify_AddNewContentAndApplyBold ..
23:39:58.660 [TestNG-test=RetryMultipleFailedTestcases-1] INFO  c_testCases.F6_EmphasisTC - Starting verify_AllEmphasisInserted ..
23:40:16.281 [TestNG-test=RetryMultipleFailedTestcases-4] INFO  c_testCases.F5_CrossReferenceTC - Verifying Cross Reference is deleted in AP
23:40:18.420 [TestNG-test=RetryMultipleFailedTestcases-3] INFO  c_testCases.F5_CrossReferenceTC - Double clicked on First para
23:40:19.070 [TestNG-test=RetryMultipleFailedTestcases-3] INFO  c_testCases.F5_CrossReferenceTC - clicked on Cross Reference button 
23:40:21.829 [TestNG-test=RetryMultipleFailedTestcases-3] INFO  c_testCases.F5_CrossReferenceTC - clicked on Code Cross Reference checkbox 
23:40:22.057 [TestNG-test=RetryMultipleFailedTestcases-3] INFO  c_testCases.F5_CrossReferenceTC - clicked on Cross Reference popup ok button 
23:40:27.287 [TestNG-test=RetryMultipleFailedTestcases-2] INFO  c_testCases.F6_EmphasisTC - clicked on section two from DS
23:40:27.405 [TestNG-test=RetryMultipleFailedTestcases-1] INFO  c_testCases.F6_EmphasisTC - Double clicked on First para
23:40:27.631 [TestNG-test=RetryMultipleFailedTestcases-2] INFO  c_testCases.F6_EmphasisTC - clicked on Enter key
23:40:27.799 [TestNG-test=RetryMultipleFailedTestcases-1] INFO  c_testCases.F6_EmphasisTC - clicked on bold button from toolbar
23:40:28.498 [TestNG-test=RetryMultipleFailedTestcases-2] INFO  c_testCases.F6_EmphasisTC - Inserted new Text
23:40:28.913 [TestNG-test=RetryMultipleFailedTestcases-2] INFO  c_testCases.F6_EmphasisTC - clicked on Accept changes button from toolbar
23:40:28.939 [TestNG-test=RetryMultipleFailedTestcases-1] INFO  c_testCases.F6_EmphasisTC - Verifying  Bold is present In DS
23:40:29.266 [TestNG-test=RetryMultipleFailedTestcases-2] INFO  c_testCases.F6_EmphasisTC - Newly added text is selected
23:40:29.502 [TestNG-test=RetryMultipleFailedTestcases-2] INFO  c_testCases.F6_EmphasisTC - clicked on bold button from toolbar
23:40:30.641 [TestNG-test=RetryMultipleFailedTestcases-1] INFO  c_testCases.F6_EmphasisTC - Verifying  Italic is present In DS
23:40:32.230 [TestNG-test=RetryMultipleFailedTestcases-1] INFO  c_testCases.F6_EmphasisTC - Verifying  Underline is present In DS
23:40:35.389 [TestNG-test=RetryMultipleFailedTestcases-1] INFO  c_testCases.F6_EmphasisTC - Verifying  Superscipt is present In DS
23:40:35.770 [TestNG-test=RetryMultipleFailedTestcases-2] INFO  c_testCases.F6_EmphasisTC - Starting verify_AddNewContentAndApplyBold ..
23:40:37.304 [TestNG-test=RetryMultipleFailedTestcases-1] INFO  c_testCases.F6_EmphasisTC - Verifying  Subscript is present In DS
23:40:39.264 [TestNG-test=RetryMultipleFailedTestcases-1] INFO  c_testCases.F6_EmphasisTC - Verifying  Strikethrough is present In DS
23:40:39.311 [TestNG-test=RetryMultipleFailedTestcases-1] INFO  c_testCases.F6_EmphasisTC - Verifying Bold emph is present In VE
23:40:39.605 [TestNG-test=RetryMultipleFailedTestcases-1] INFO  c_testCases.F6_EmphasisTC - clicked on Code View button 
23:40:56.396 [TestNG-test=RetryMultipleFailedTestcases-4] INFO  c_testCases.F5_CrossReferenceTC - Verifying Cross Reference is deleted in DS
23:40:56.396 [TestNG-test=RetryMultipleFailedTestcases-4] INFO  c_testCases.F5_CrossReferenceTC - ****    Finished --> CrossReferenceTc    ****
23:40:56.396 [TestNG-test=RetryMultipleFailedTestcases-4] INFO  c_testCases.F5_CrossReferenceTC - Finished verify_DeleteExistingCrossRef ..
23:41:02.575 [TestNG-test=RetryMultipleFailedTestcases-4] INFO  c_testCases.F6_EmphasisTC - Starting verify_Bold_CopyPaste ..
23:41:09.210 [TestNG-test=RetryMultipleFailedTestcases-3] INFO  c_testCases.F6_EmphasisTC - Starting verify_Bold_InRightClickInsertINTO ..
23:41:12.386 [TestNG-test=RetryMultipleFailedTestcases-2] INFO  c_testCases.F6_EmphasisTC - clicked on section two from DS
23:41:12.644 [TestNG-test=RetryMultipleFailedTestcases-2] INFO  c_testCases.F6_EmphasisTC - clicked on Enter key
23:41:13.578 [TestNG-test=RetryMultipleFailedTestcases-2] INFO  c_testCases.F6_EmphasisTC - Inserted new Text
23:41:14.069 [TestNG-test=RetryMultipleFailedTestcases-2] INFO  c_testCases.F6_EmphasisTC - clicked on Accept changes button from toolbar
23:41:14.484 [TestNG-test=RetryMultipleFailedTestcases-2] INFO  c_testCases.F6_EmphasisTC - Newly added text is selected
23:41:14.683 [TestNG-test=RetryMultipleFailedTestcases-2] INFO  c_testCases.F6_EmphasisTC - clicked on bold button from toolbar
23:41:19.868 [TestNG-test=RetryMultipleFailedTestcases-1] INFO  c_testCases.F6_EmphasisTC - Verifying content validation error
23:41:20.418 [TestNG-test=RetryMultipleFailedTestcases-1] INFO  c_testCases.F6_EmphasisTC - clicked on Quick Preview button
23:41:20.463 [TestNG-test=RetryMultipleFailedTestcases-1] INFO  c_testCases.F6_EmphasisTC - Verifying  Strikethrough is present In QP
23:41:20.463 [TestNG-test=RetryMultipleFailedTestcases-1] INFO  c_testCases.F6_EmphasisTC - Finished verify_AllEmphasisInserted ..
23:41:22.638 [TestNG-test=RetryMultipleFailedTestcases-2] INFO  c_testCases.F6_EmphasisTC - Starting verify_ClickOnBoldAndAddNewContent ..
23:41:27.701 [TestNG-test=RetryMultipleFailedTestcases-1] INFO  c_testCases.F6_EmphasisTC - Starting verify_DeleteBoldUsingBackspace ..
23:41:31.058 [TestNG-test=RetryMultipleFailedTestcases-4] INFO  c_testCases.F6_EmphasisTC - Double clicked on First para
23:41:31.598 [TestNG-test=RetryMultipleFailedTestcases-4] INFO  c_testCases.F6_EmphasisTC - clicked on bold button from toolbar
23:41:33.352 [TestNG-test=RetryMultipleFailedTestcases-4] INFO  c_testCases.F6_EmphasisTC - Selected newly added content
23:41:33.448 [TestNG-test=RetryMultipleFailedTestcases-4] INFO  c_testCases.F6_EmphasisTC - Copy bold content from para
23:41:34.238 [TestNG-test=RetryMultipleFailedTestcases-4] INFO  c_testCases.F6_EmphasisTC - clicked on second para from VE
23:41:34.480 [TestNG-test=RetryMultipleFailedTestcases-4] INFO  c_testCases.F6_EmphasisTC - Pasted bold content into second para
23:41:36.259 [TestNG-test=RetryMultipleFailedTestcases-4] INFO  c_testCases.F6_EmphasisTC - clicked on Accept changes button from toolbar
23:41:36.432 [TestNG-test=RetryMultipleFailedTestcases-4] INFO  c_testCases.F6_EmphasisTC - Verifying bold is present in DS 
23:41:36.481 [TestNG-test=RetryMultipleFailedTestcases-4] INFO  c_testCases.F6_EmphasisTC - Verifying bold is present in CE 
23:41:36.891 [TestNG-test=RetryMultipleFailedTestcases-4] INFO  c_testCases.F6_EmphasisTC - clicked on Code View button 
23:41:40.913 [TestNG-test=RetryMultipleFailedTestcases-3] INFO  c_testCases.F6_EmphasisTC - Verifying bold is present in DS 
23:41:40.964 [TestNG-test=RetryMultipleFailedTestcases-3] INFO  c_testCases.F6_EmphasisTC - Verifying bold is present in DS 
23:41:40.997 [TestNG-test=RetryMultipleFailedTestcases-3] INFO  c_testCases.F6_EmphasisTC - c bold is present in CE 
23:41:41.379 [TestNG-test=RetryMultipleFailedTestcases-3] INFO  c_testCases.F6_EmphasisTC - clicked on Code View button 
23:41:49.314 [TestNG-test=RetryMultipleFailedTestcases-2] INFO  c_testCases.F6_EmphasisTC - clicked on section two from DS
23:41:49.624 [TestNG-test=RetryMultipleFailedTestcases-2] INFO  c_testCases.F6_EmphasisTC - clicked on Enter key
23:41:50.730 [TestNG-test=RetryMultipleFailedTestcases-2] INFO  c_testCases.F6_EmphasisTC - clicked on bold button from toolbar
23:41:51.080 [TestNG-test=RetryMultipleFailedTestcases-2] INFO  c_testCases.F6_EmphasisTC - Inserted bold Text
23:41:52.668 [TestNG-test=RetryMultipleFailedTestcases-2] INFO  c_testCases.F6_EmphasisTC - clicked on Accept changes button from toolbar
23:41:52.859 [TestNG-test=RetryMultipleFailedTestcases-2] INFO  c_testCases.F6_EmphasisTC - Verifying bold is present in DS 
23:41:52.968 [TestNG-test=RetryMultipleFailedTestcases-2] INFO  c_testCases.F6_EmphasisTC - Verifying bold is present in CE 
23:41:53.285 [TestNG-test=RetryMultipleFailedTestcases-2] INFO  c_testCases.F6_EmphasisTC - clicked on Code View button 
23:41:57.747 [TestNG-test=RetryMultipleFailedTestcases-1] INFO  c_testCases.F6_EmphasisTC - Double clicked on First para
23:41:58.340 [TestNG-test=RetryMultipleFailedTestcases-1] INFO  c_testCases.F6_EmphasisTC - clicked on bold button from toolbar
23:42:00.770 [TestNG-test=RetryMultipleFailedTestcases-1] INFO  c_testCases.F6_EmphasisTC - Double clicked on First para
23:42:00.851 [TestNG-test=RetryMultipleFailedTestcases-1] INFO  c_testCases.F6_EmphasisTC - Clicked on Backspace-Key
23:42:01.378 [TestNG-test=RetryMultipleFailedTestcases-1] INFO  c_testCases.F6_EmphasisTC - clicked on First para deleted bold content
23:42:01.789 [TestNG-test=RetryMultipleFailedTestcases-1] INFO  c_testCases.F6_EmphasisTC - clicked on Accept changes
23:42:03.153 [TestNG-test=RetryMultipleFailedTestcases-1] INFO  c_testCases.F6_EmphasisTC - clicked on Quick Preview button
23:42:17.095 [TestNG-test=RetryMultipleFailedTestcases-4] INFO  c_testCases.F6_EmphasisTC - Verifying content validation error
23:42:17.496 [TestNG-test=RetryMultipleFailedTestcases-4] INFO  c_testCases.F6_EmphasisTC - clicked on Quick Preview button
23:42:17.538 [TestNG-test=RetryMultipleFailedTestcases-4] INFO  c_testCases.F6_EmphasisTC - Verifying  bold is present in QP
23:42:17.538 [TestNG-test=RetryMultipleFailedTestcases-4] INFO  c_testCases.F6_EmphasisTC - Finished verify_Bold_CopyPaste ..
23:42:21.564 [TestNG-test=RetryMultipleFailedTestcases-3] INFO  c_testCases.F6_EmphasisTC - Verifying content validation error
23:42:21.564 [TestNG-test=RetryMultipleFailedTestcases-3] INFO  c_testCases.F6_EmphasisTC - Finished verify_Bold_InRightClickInsertINTO ..
23:42:25.001 [TestNG-test=RetryMultipleFailedTestcases-4] INFO  c_testCases.F6_EmphasisTC - Starting verify_InsertAllEmphsAndDeleteAllEmphs ..
23:42:28.270 [TestNG-test=RetryMultipleFailedTestcases-3] INFO  c_testCases.F6_EmphasisTC - Starting verify_InsertBoldItalicUnderlineAndDeleteAllEmphs ..
23:42:33.427 [TestNG-test=RetryMultipleFailedTestcases-2] INFO  c_testCases.F6_EmphasisTC - Verifying content validation error
23:42:33.970 [TestNG-test=RetryMultipleFailedTestcases-2] INFO  c_testCases.F6_EmphasisTC - clicked on Quick Preview button
23:42:34.048 [TestNG-test=RetryMultipleFailedTestcases-2] INFO  c_testCases.F6_EmphasisTC - Verifying  bold is present in QP
23:42:34.048 [TestNG-test=RetryMultipleFailedTestcases-2] INFO  c_testCases.F6_EmphasisTC - Finished verify_ClickOnBoldAndAddNewContent ..
23:42:41.049 [TestNG-test=RetryMultipleFailedTestcases-2] INFO  c_testCases.F6_EmphasisTC - Starting verify_changeBoldToItalic ..
23:42:43.255 [TestNG-test=RetryMultipleFailedTestcases-1] INFO  c_testCases.F6_EmphasisTC - Verifying  bold is not present in QP
23:42:43.255 [TestNG-test=RetryMultipleFailedTestcases-1] INFO  c_testCases.F6_EmphasisTC - Finished verify_DeleteBoldUsingBackspace ..
23:42:51.250 [TestNG-test=RetryMultipleFailedTestcases-1] INFO  c_testCases.F6_EmphasisTC - Starting verify_changeBoldToUnderline ..
23:42:56.072 [TestNG-test=RetryMultipleFailedTestcases-3] INFO  c_testCases.F6_EmphasisTC - clicked on section two from DS
23:42:56.351 [TestNG-test=RetryMultipleFailedTestcases-3] INFO  c_testCases.F6_EmphasisTC - clicked on Enter key
23:42:57.468 [TestNG-test=RetryMultipleFailedTestcases-3] INFO  c_testCases.F6_EmphasisTC - clicked on bold button from toolbar
23:42:57.818 [TestNG-test=RetryMultipleFailedTestcases-3] INFO  c_testCases.F6_EmphasisTC - Inserted bold Text
23:42:58.112 [TestNG-test=RetryMultipleFailedTestcases-4] INFO  c_testCases.F6_EmphasisTC - clicked on bold button from toolbar
23:42:59.507 [TestNG-test=RetryMultipleFailedTestcases-4] INFO  c_testCases.F6_EmphasisTC - Verifying  Bold is present In DS
23:43:01.059 [TestNG-test=RetryMultipleFailedTestcases-4] INFO  c_testCases.F6_EmphasisTC - Verifying  Italic is present In DS
23:43:02.835 [TestNG-test=RetryMultipleFailedTestcases-3] INFO  c_testCases.F6_EmphasisTC - Verifying Emph is present in DS
23:43:03.574 [TestNG-test=RetryMultipleFailedTestcases-4] INFO  c_testCases.F6_EmphasisTC - Verifying  Underline is present In DS
23:43:06.783 [TestNG-test=RetryMultipleFailedTestcases-4] INFO  c_testCases.F6_EmphasisTC - Verifying  Superscipt is present In DS
23:43:10.781 [TestNG-test=RetryMultipleFailedTestcases-4] INFO  c_testCases.F6_EmphasisTC - Verifying  Subscript is present In DS
23:43:14.324 [TestNG-test=RetryMultipleFailedTestcases-3] INFO  c_testCases.F6_EmphasisTC - Starting verify_InsertBoldItalicUnderlineAndDeleteAllEmphs ..
23:43:16.556 [TestNG-test=RetryMultipleFailedTestcases-4] INFO  c_testCases.F6_EmphasisTC - Verifying  Strikethrough is present In DS
23:43:16.672 [TestNG-test=RetryMultipleFailedTestcases-4] INFO  c_testCases.F6_EmphasisTC - Verifying Bold emph is present In VE
23:43:18.602 [TestNG-test=RetryMultipleFailedTestcases-2] INFO  c_testCases.F6_EmphasisTC - clicked on bold button from toolbar
23:43:18.942 [TestNG-test=RetryMultipleFailedTestcases-4] INFO  c_testCases.F6_EmphasisTC - clicked on Accept changes button from toolbar
23:43:19.515 [TestNG-test=RetryMultipleFailedTestcases-2] INFO  c_testCases.F6_EmphasisTC - Inserted bold Text
23:43:20.393 [TestNG-test=RetryMultipleFailedTestcases-2] INFO  c_testCases.F6_EmphasisTC - clicked on Accept changes button from toolbar
23:43:20.527 [TestNG-test=RetryMultipleFailedTestcases-2] INFO  c_testCases.F6_EmphasisTC - Verifying bold is present in DS 
23:43:20.566 [TestNG-test=RetryMultipleFailedTestcases-2] INFO  c_testCases.F6_EmphasisTC - Verifying bold is present in CE 
23:43:20.903 [TestNG-test=RetryMultipleFailedTestcases-2] INFO  c_testCases.F6_EmphasisTC - clicked on Code View button 
23:43:27.099 [TestNG-test=RetryMultipleFailedTestcases-1] INFO  c_testCases.F6_EmphasisTC - clicked on bold button from toolbar
23:43:27.458 [TestNG-test=RetryMultipleFailedTestcases-1] INFO  c_testCases.F6_EmphasisTC - Inserted bold Text
23:43:28.625 [TestNG-test=RetryMultipleFailedTestcases-1] INFO  c_testCases.F6_EmphasisTC - clicked on Accept changes button from toolbar
23:43:28.746 [TestNG-test=RetryMultipleFailedTestcases-1] INFO  c_testCases.F6_EmphasisTC - Verifying bold is present in DS 
23:43:28.806 [TestNG-test=RetryMultipleFailedTestcases-1] INFO  c_testCases.F6_EmphasisTC - Verifying bold is present in CE 
23:43:29.155 [TestNG-test=RetryMultipleFailedTestcases-1] INFO  c_testCases.F6_EmphasisTC - clicked on Code View button 
23:43:45.251 [TestNG-test=RetryMultipleFailedTestcases-3] INFO  c_testCases.F6_EmphasisTC - clicked on section two from DS
23:43:45.534 [TestNG-test=RetryMultipleFailedTestcases-3] INFO  c_testCases.F6_EmphasisTC - clicked on Enter key
23:43:46.515 [TestNG-test=RetryMultipleFailedTestcases-3] INFO  c_testCases.F6_EmphasisTC - clicked on bold button from toolbar
23:43:46.955 [TestNG-test=RetryMultipleFailedTestcases-3] INFO  c_testCases.F6_EmphasisTC - Inserted bold Text
23:43:50.418 [TestNG-test=RetryMultipleFailedTestcases-3] INFO  c_testCases.F6_EmphasisTC - Verifying Emph is present in DS
23:43:59.271 [TestNG-test=RetryMultipleFailedTestcases-3] INFO  c_testCases.F6_EmphasisTC - Starting verify_deleteBoldPara ..
23:44:00.426 [TestNG-test=RetryMultipleFailedTestcases-4] INFO  c_testCases.F6_EmphasisTC - Verifying Bold emph is Deleted In VE
23:44:00.851 [TestNG-test=RetryMultipleFailedTestcases-4] INFO  c_testCases.F6_EmphasisTC - clicked on Code View button 
23:44:01.081 [TestNG-test=RetryMultipleFailedTestcases-2] INFO  c_testCases.F6_EmphasisTC - Verifying content validation error
23:44:01.542 [TestNG-test=RetryMultipleFailedTestcases-2] INFO  c_testCases.F6_EmphasisTC - clicked on Quick Preview button
23:44:01.614 [TestNG-test=RetryMultipleFailedTestcases-2] INFO  c_testCases.F6_EmphasisTC - Verifying  bold is present in QP
23:44:04.407 [TestNG-test=RetryMultipleFailedTestcases-2] INFO  c_testCases.F6_EmphasisTC - clicked on Italic button from toolbar
23:44:09.218 [TestNG-test=RetryMultipleFailedTestcases-1] INFO  c_testCases.F6_EmphasisTC - Verifying content validation error
23:44:09.493 [TestNG-test=RetryMultipleFailedTestcases-1] INFO  c_testCases.F6_EmphasisTC - clicked on Quick Preview button
23:44:09.556 [TestNG-test=RetryMultipleFailedTestcases-1] INFO  c_testCases.F6_EmphasisTC - Verifying  bold is present in QP
23:44:11.074 [TestNG-test=RetryMultipleFailedTestcases-2] INFO  c_testCases.F6_EmphasisTC - Starting verify_changeBoldToItalic ..
23:44:12.706 [TestNG-test=RetryMultipleFailedTestcases-1] INFO  c_testCases.F6_EmphasisTC - clicked on Underline button from toolbar
23:44:19.233 [TestNG-test=RetryMultipleFailedTestcases-1] INFO  c_testCases.F6_EmphasisTC - Starting verify_changeBoldToUnderline ..
23:44:26.056 [TestNG-test=RetryMultipleFailedTestcases-3] INFO  c_testCases.F6_EmphasisTC - clicked on Bold para in VE
23:44:26.146 [TestNG-test=RetryMultipleFailedTestcases-3] INFO  c_testCases.F6_EmphasisTC - Verifying  bold para is present In VE
23:44:27.432 [TestNG-test=RetryMultipleFailedTestcases-3] INFO  c_testCases.F6_EmphasisTC - clicked on Bold para in DS
23:44:27.652 [TestNG-test=RetryMultipleFailedTestcases-3] INFO  c_testCases.F6_EmphasisTC - Verifying  bold is present in DS
23:44:28.358 [TestNG-test=RetryMultipleFailedTestcases-3] INFO  c_testCases.F6_EmphasisTC - clicked Remove element block using Right Click option
23:44:28.906 [TestNG-test=RetryMultipleFailedTestcases-3] INFO  c_testCases.F6_EmphasisTC - clicked on Accept changes button from toolbar
23:44:37.596 [TestNG-test=RetryMultipleFailedTestcases-2] INFO  c_testCases.F6_EmphasisTC - clicked on bold button from toolbar
23:44:37.966 [TestNG-test=RetryMultipleFailedTestcases-2] INFO  c_testCases.F6_EmphasisTC - Inserted bold Text
23:44:39.225 [TestNG-test=RetryMultipleFailedTestcases-2] INFO  c_testCases.F6_EmphasisTC - clicked on Accept changes button from toolbar
23:44:39.383 [TestNG-test=RetryMultipleFailedTestcases-2] INFO  c_testCases.F6_EmphasisTC - Verifying bold is present in DS 
23:44:39.436 [TestNG-test=RetryMultipleFailedTestcases-2] INFO  c_testCases.F6_EmphasisTC - Verifying bold is present in CE 
23:44:39.758 [TestNG-test=RetryMultipleFailedTestcases-2] INFO  c_testCases.F6_EmphasisTC - clicked on Code View button 
23:44:41.066 [TestNG-test=RetryMultipleFailedTestcases-4] INFO  c_testCases.F6_EmphasisTC - Verifying content validation error
23:44:41.066 [TestNG-test=RetryMultipleFailedTestcases-4] INFO  c_testCases.F6_EmphasisTC - Finished verify_InsertAllEmphsAndDeleteAllEmphs ..
23:44:46.092 [TestNG-test=RetryMultipleFailedTestcases-1] INFO  c_testCases.F6_EmphasisTC - clicked on bold button from toolbar
23:44:46.435 [TestNG-test=RetryMultipleFailedTestcases-1] INFO  c_testCases.F6_EmphasisTC - Inserted bold Text
23:44:47.694 [TestNG-test=RetryMultipleFailedTestcases-1] INFO  c_testCases.F6_EmphasisTC - clicked on Accept changes button from toolbar
23:44:47.811 [TestNG-test=RetryMultipleFailedTestcases-1] INFO  c_testCases.F6_EmphasisTC - Verifying bold is present in DS 
23:44:47.887 [TestNG-test=RetryMultipleFailedTestcases-1] INFO  c_testCases.F6_EmphasisTC - Verifying bold is present in CE 
23:44:48.294 [TestNG-test=RetryMultipleFailedTestcases-1] INFO  c_testCases.F6_EmphasisTC - clicked on Code View button 
23:44:52.330 [TestNG-test=RetryMultipleFailedTestcases-4] INFO  c_testCases.F6_EmphasisTC - Starting verify_insertBoldDoulbeClick ..
23:45:10.457 [TestNG-test=RetryMultipleFailedTestcases-3] INFO  c_testCases.F6_EmphasisTC - Verifying  bold is delted from VE
23:45:19.898 [TestNG-test=RetryMultipleFailedTestcases-2] INFO  c_testCases.F6_EmphasisTC - Verifying content validation error
23:45:20.123 [TestNG-test=RetryMultipleFailedTestcases-2] INFO  c_testCases.F6_EmphasisTC - clicked on Quick Preview button
23:45:20.167 [TestNG-test=RetryMultipleFailedTestcases-2] INFO  c_testCases.F6_EmphasisTC - Verifying  bold is present in QP
23:45:25.490 [TestNG-test=RetryMultipleFailedTestcases-2] INFO  c_testCases.F6_EmphasisTC - clicked on Italic button from toolbar
23:45:27.029 [TestNG-test=RetryMultipleFailedTestcases-2] INFO  c_testCases.F6_EmphasisTC - Verifying Italic is present in DS 
23:45:27.058 [TestNG-test=RetryMultipleFailedTestcases-2] INFO  c_testCases.F6_EmphasisTC - Verifying Italic is present in CE 
23:45:27.287 [TestNG-test=RetryMultipleFailedTestcases-2] INFO  c_testCases.F6_EmphasisTC - clicked on Code View button 
23:45:28.384 [TestNG-test=RetryMultipleFailedTestcases-1] INFO  c_testCases.F6_EmphasisTC - Verifying content validation error
23:45:28.764 [TestNG-test=RetryMultipleFailedTestcases-1] INFO  c_testCases.F6_EmphasisTC - clicked on Quick Preview button
23:45:28.861 [TestNG-test=RetryMultipleFailedTestcases-1] INFO  c_testCases.F6_EmphasisTC - Verifying  bold is present in QP
23:45:31.458 [TestNG-test=RetryMultipleFailedTestcases-1] INFO  c_testCases.F6_EmphasisTC - clicked on Underline button from toolbar
23:45:35.645 [TestNG-test=RetryMultipleFailedTestcases-4] INFO  c_testCases.F6_EmphasisTC - Double clicked on First para
23:45:35.997 [TestNG-test=RetryMultipleFailedTestcases-4] INFO  c_testCases.F6_EmphasisTC - clicked on bold button from toolbar
23:45:37.792 [TestNG-test=RetryMultipleFailedTestcases-4] INFO  c_testCases.F6_EmphasisTC - Verifying bold is present in DS 
23:45:37.874 [TestNG-test=RetryMultipleFailedTestcases-4] INFO  c_testCases.F6_EmphasisTC - c bold is present in CE 
23:45:37.874 [TestNG-test=RetryMultipleFailedTestcases-4] INFO  c_testCases.F6_EmphasisTC - Finished verify_insertBoldDoulbeClick ..
23:45:39.730 [TestNG-test=RetryMultipleFailedTestcases-1] INFO  c_testCases.F6_EmphasisTC - Starting verify_insertBoldIntoTable ..
23:45:44.461 [TestNG-test=RetryMultipleFailedTestcases-4] INFO  c_testCases.F7_PDFTC - Starting verify_ChapterLevel_Changes
23:45:48.170 [TestNG-test=RetryMultipleFailedTestcases-4] INFO  c_testCases.F7_PDFTC - Logged in to the application.
23:45:50.554 [TestNG-test=RetryMultipleFailedTestcases-3] INFO  c_testCases.F6_EmphasisTC - Verifying  bold is delted from QP
23:45:50.554 [TestNG-test=RetryMultipleFailedTestcases-3] INFO  c_testCases.F6_EmphasisTC - Finished verify_deleteBoldPara ..
23:45:50.635 [TestNG-test=RetryMultipleFailedTestcases-4] INFO  c_testCases.F7_PDFTC - Selected project and navigated to the file list.
23:45:50.758 [TestNG-test=RetryMultipleFailedTestcases-4] INFO  c_testCases.F7_PDFTC - Searched for a file by name.
23:45:52.976 [TestNG-test=RetryMultipleFailedTestcases-4] INFO  c_testCases.F7_PDFTC - Clicked on the edit file button.
23:45:57.651 [TestNG-test=RetryMultipleFailedTestcases-3] INFO  c_testCases.F7_PDFTC - Starting verify_CombinationElements_GeneratePDF
23:46:04.155 [TestNG-test=RetryMultipleFailedTestcases-4] INFO  c_testCases.F7_PDFTC - Performed actions on the new window.
23:46:05.672 [TestNG-test=RetryMultipleFailedTestcases-1] INFO  c_testCases.F6_EmphasisTC - clicked on taable cell in VE
23:46:06.193 [TestNG-test=RetryMultipleFailedTestcases-1] INFO  c_testCases.F6_EmphasisTC - clicked on bold button from toolbar
23:46:06.805 [TestNG-test=RetryMultipleFailedTestcases-1] INFO  c_testCases.F6_EmphasisTC - Inserted bold Text
23:46:06.892 [TestNG-test=RetryMultipleFailedTestcases-4] INFO  c_testCases.F7_PDFTC - Waited for Dynamic Section to become visible.
23:46:07.219 [TestNG-test=RetryMultipleFailedTestcases-1] INFO  c_testCases.F6_EmphasisTC - clicked on Accept changes button from toolbar
23:46:07.333 [TestNG-test=RetryMultipleFailedTestcases-4] INFO  c_testCases.F7_PDFTC - Clicked on the first paragraph.
23:46:07.397 [TestNG-test=RetryMultipleFailedTestcases-2] INFO  c_testCases.F6_EmphasisTC - Verifying content validation error
23:46:07.459 [TestNG-test=RetryMultipleFailedTestcases-1] INFO  c_testCases.F6_EmphasisTC - Verifying  emph is present In CE
23:46:07.592 [TestNG-test=RetryMultipleFailedTestcases-1] INFO  c_testCases.F6_EmphasisTC - Verifying  emph is present In VE table Cell
23:46:07.663 [TestNG-test=RetryMultipleFailedTestcases-2] INFO  c_testCases.F6_EmphasisTC - clicked on Quick Preview button
23:46:07.696 [TestNG-test=RetryMultipleFailedTestcases-2] INFO  c_testCases.F6_EmphasisTC - Verifying  Italic is present in QP
23:46:07.697 [TestNG-test=RetryMultipleFailedTestcases-2] INFO  c_testCases.F6_EmphasisTC - Finished verify_changeBoldToItalic ..
23:46:07.797 [TestNG-test=RetryMultipleFailedTestcases-4] INFO  c_testCases.F7_PDFTC - Accepted the change for the first paragraph.
23:46:07.959 [TestNG-test=RetryMultipleFailedTestcases-1] INFO  c_testCases.F6_EmphasisTC - clicked on Code View button 
23:46:08.307 [TestNG-test=RetryMultipleFailedTestcases-4] INFO  c_testCases.F7_PDFTC - Right-clicked on the second paragraph.
23:46:08.741 [TestNG-test=RetryMultipleFailedTestcases-4] INFO  c_testCases.F7_PDFTC - Inserted content after the PDF.
23:46:09.966 [TestNG-test=RetryMultipleFailedTestcases-4] INFO  c_testCases.F7_PDFTC - Added text to the second paragraph.
23:46:10.508 [TestNG-test=RetryMultipleFailedTestcases-4] INFO  c_testCases.F7_PDFTC - Initiated PDF generation.
23:46:14.462 [TestNG-test=RetryMultipleFailedTestcases-2] INFO  c_testCases.F7_PDFTC - Starting verify_WithSomeTextEdit_GeneratePDF
23:46:26.236 [TestNG-test=RetryMultipleFailedTestcases-3] INFO  c_testCases.F7_PDFTC - Logged in, searched for a file, and clicked Edit.
23:46:34.265 [TestNG-test=RetryMultipleFailedTestcases-3] INFO  c_testCases.F7_PDFTC - Accepted the change.
23:46:34.748 [TestNG-test=RetryMultipleFailedTestcases-3] INFO  c_testCases.F7_PDFTC - Clicked on the first paragraph.
23:46:42.515 [TestNG-test=RetryMultipleFailedTestcases-3] INFO  c_testCases.F7_PDFTC - Added an entity reference.
23:46:48.055 [TestNG-test=RetryMultipleFailedTestcases-1] INFO  c_testCases.F6_EmphasisTC - Verifying content validation error
23:46:48.348 [TestNG-test=RetryMultipleFailedTestcases-1] INFO  c_testCases.F6_EmphasisTC - clicked on Quick Preview button
23:46:48.430 [TestNG-test=RetryMultipleFailedTestcases-1] INFO  c_testCases.F6_EmphasisTC - Verifying  emph is present In QP table Cell
23:46:48.430 [TestNG-test=RetryMultipleFailedTestcases-1] INFO  c_testCases.F6_EmphasisTC - Finished verify_insertBoldIntoTable ..
23:46:55.003 [TestNG-test=RetryMultipleFailedTestcases-4] INFO  c_testCases.F7_PDFTC - Time taken: 44.5 seconds and 44489 milliseconds
23:46:55.003 [TestNG-test=RetryMultipleFailedTestcases-4] INFO  c_testCases.F7_PDFTC - Time taken: 28-09-2023 11:46:10 PM StartTime and 28-09-2023 11:46:54 PM EndTime
23:46:55.003 [TestNG-test=RetryMultipleFailedTestcases-4] INFO  c_testCases.F7_PDFTC - Time taken in minutes: 0.7
23:46:55.003 [TestNG-test=RetryMultipleFailedTestcases-4] INFO  c_testCases.F7_PDFTC - Finished verify_ChapterLevel_Changes
23:46:55.264 [TestNG-test=RetryMultipleFailedTestcases-2] INFO  c_testCases.F7_PDFTC - Clicked on the first paragraph.
23:46:56.215 [TestNG-test=RetryMultipleFailedTestcases-2] INFO  c_testCases.F7_PDFTC - Accepted the change.
23:46:56.728 [TestNG-test=RetryMultipleFailedTestcases-2] INFO  c_testCases.F7_PDFTC - Right-clicked on the second paragraph.
23:46:57.281 [TestNG-test=RetryMultipleFailedTestcases-2] INFO  c_testCases.F7_PDFTC - Inserted after the PDF.
23:47:01.715 [TestNG-test=RetryMultipleFailedTestcases-3] INFO  c_testCases.F7_PDFTC - Starting verify_CombinationElements_GeneratePDF
23:47:02.072 [TestNG-test=RetryMultipleFailedTestcases-2] INFO  c_testCases.F7_PDFTC - Added text to the second paragraph.
23:47:27.145 [TestNG-test=RetryMultipleFailedTestcases-1] INFO  c_testCases.F8_TrackChangesTC - Logged in and searched for a file, then clicked Edit.
23:47:27.166 [TestNG-test=RetryMultipleFailedTestcases-1] INFO  c_testCases.F8_TrackChangesTC - Switched to frame 0.
23:47:27.939 [TestNG-test=RetryMultipleFailedTestcases-1] INFO  c_testCases.F8_TrackChangesTC - Switched to default content.
23:47:31.988 [TestNG-test=RetryMultipleFailedTestcases-1] INFO  c_testCases.F8_TrackChangesTC - Clicked on track changes.
23:47:33.073 [TestNG-test=RetryMultipleFailedTestcases-1] INFO  c_testCases.F8_TrackChangesTC - Clicked on Track changes Accept Change.
23:47:34.245 [TestNG-test=RetryMultipleFailedTestcases-3] INFO  c_testCases.F7_PDFTC - Logged in, searched for a file, and clicked Edit.
23:47:39.097 [TestNG-test=RetryMultipleFailedTestcases-4] INFO  c_testCases.F8_TrackChangesTC - Logged in and searched for a file, then clicked Edit.
23:47:39.125 [TestNG-test=RetryMultipleFailedTestcases-4] INFO  c_testCases.F8_TrackChangesTC - Switched to frame 0.
23:47:39.568 [TestNG-test=RetryMultipleFailedTestcases-4] INFO  c_testCases.F8_TrackChangesTC - Clicked on the first paragraph.
23:47:39.604 [TestNG-test=RetryMultipleFailedTestcases-4] INFO  c_testCases.F8_TrackChangesTC - Switched back to default content.
23:47:40.179 [TestNG-test=RetryMultipleFailedTestcases-4] INFO  c_testCases.F8_TrackChangesTC - Clicked on the Number List.
23:47:42.479 [TestNG-test=RetryMultipleFailedTestcases-4] INFO  c_testCases.F8_TrackChangesTC - Verified that List Number is present in DS.
23:47:42.494 [TestNG-test=RetryMultipleFailedTestcases-4] INFO  c_testCases.F8_TrackChangesTC - Switched back to frame 0.
23:47:42.534 [TestNG-test=RetryMultipleFailedTestcases-4] INFO  c_testCases.F8_TrackChangesTC - Verified that List is highlighted in VE.
23:47:42.536 [TestNG-test=RetryMultipleFailedTestcases-4] INFO  c_testCases.F8_TrackChangesTC - Switched back to default content.
23:47:42.702 [TestNG-test=RetryMultipleFailedTestcases-4] INFO  c_testCases.F8_TrackChangesTC - Clicked on track changes.
23:47:42.712 [TestNG-test=RetryMultipleFailedTestcases-3] INFO  c_testCases.F7_PDFTC - Accepted the change.
23:47:43.252 [TestNG-test=RetryMultipleFailedTestcases-3] INFO  c_testCases.F7_PDFTC - Clicked on the first paragraph.
23:47:43.488 [TestNG-test=RetryMultipleFailedTestcases-4] INFO  c_testCases.F8_TrackChangesTC - Clicked on Track changes Accept Change.
23:47:47.323 [TestNG-test=RetryMultipleFailedTestcases-3] INFO  c_testCases.F7_PDFTC - Added an entity reference.
23:47:47.367 [TestNG-test=RetryMultipleFailedTestcases-2] INFO  c_testCases.F7_PDFTC - Time taken: 44.0 seconds and 44034 milliseconds
23:47:47.367 [TestNG-test=RetryMultipleFailedTestcases-2] INFO  c_testCases.F7_PDFTC - Time taken: 28-09-2023 11:47:03 PM StartTime and 28-09-2023 11:47:47 PM EndTime
