23:05:06.654 [TestNG-test=RetryMultipleFailedTestcases-2] INFO  sprint1_TestCases.C_Verify_CMSMenu_FunctionalityTC - Logged in and searched for a file, then clicked Edit.
23:05:06.713 [TestNG-test=RetryMultipleFailedTestcases-2] INFO  sprint1_TestCases.C_Verify_CMSMenu_FunctionalityTC - Switched to frame 0.
23:05:07.163 [TestNG-test=RetryMultipleFailedTestcases-2] INFO  sprint1_TestCases.C_Verify_CMSMenu_FunctionalityTC - clicked on First para from VE
23:05:07.200 [TestNG-test=RetryMultipleFailedTestcases-2] INFO  sprint1_TestCases.C_Verify_CMSMenu_FunctionalityTC - Switched back to default content.
23:05:07.481 [TestNG-test=RetryMultipleFailedTestcases-2] INFO  sprint1_TestCases.C_Verify_CMSMenu_FunctionalityTC - clicked on Handberger button
23:05:07.801 [TestNG-test=RetryMultipleFailedTestcases-2] INFO  sprint1_TestCases.C_Verify_CMSMenu_FunctionalityTC - clicked on media object button
23:05:22.235 [TestNG-test=RetryMultipleFailedTestcases-2] INFO  sprint1_TestCases.C_Verify_CMSMenu_FunctionalityTC - verified on media object search label is diaplayed
23:05:22.642 [TestNG-test=RetryMultipleFailedTestcases-2] INFO  sprint1_TestCases.C_Verify_CMSMenu_FunctionalityTC - clicked on Handberger button
23:05:23.105 [TestNG-test=RetryMultipleFailedTestcases-2] INFO  sprint1_TestCases.C_Verify_CMSMenu_FunctionalityTC - verified on image name is typed
23:05:23.201 [TestNG-test=RetryMultipleFailedTestcases-2] INFO  sprint1_TestCases.C_Verify_CMSMenu_FunctionalityTC - verified on image is diaplayed
23:05:23.201 [TestNG-test=RetryMultipleFailedTestcases-2] INFO  sprint1_TestCases.C_Verify_CMSMenu_FunctionalityTC - Finished verify_MediaObject_SearchValidImage
23:05:28.685 [TestNG-test=RetryMultipleFailedTestcases-4] INFO  sprint4_TestCases.J_CommonTestcases - Starting verify_MediaObject_Insertinto_In_Para
23:06:02.139 [TestNG-test=RetryMultipleFailedTestcases-4] INFO  sprint4_TestCases.J_CommonTestcases - Logged in and searched for a file, then clicked Edit.
23:06:02.161 [TestNG-test=RetryMultipleFailedTestcases-4] INFO  sprint4_TestCases.J_CommonTestcases - Switched to frame 0.
23:06:04.514 [TestNG-test=RetryMultipleFailedTestcases-4] INFO  sprint4_TestCases.J_CommonTestcases - Right click on first para
23:06:04.741 [TestNG-test=RetryMultipleFailedTestcases-4] INFO  sprint4_TestCases.J_CommonTestcases - Switched back to default content.
23:06:04.814 [TestNG-test=RetryMultipleFailedTestcases-4] INFO  sprint4_TestCases.J_CommonTestcases - Switched to frame 0.
23:16:09.262 [TestNG-test=RetryMultipleFailedTestcases-2] INFO  Elements_Testcases.Bb_ImagesTC - Logged in and searched for the file, then clicked Edit.
23:16:10.086 [TestNG-test=RetryMultipleFailedTestcases-2] INFO  Elements_Testcases.Bb_ImagesTC - Clicked on the first paragraph and switched back to default content.
23:16:54.562 [TestNG-test=RetryMultipleFailedTestcases-2] INFO  Elements_Testcases.Bb_ImagesTC - Clicked on the first image inside the Insert popup.
23:16:59.086 [TestNG-test=RetryMultipleFailedTestcases-2] INFO  Elements_Testcases.Bb_ImagesTC - Clicked on the 'Symbols' tab.
23:16:59.325 [TestNG-test=RetryMultipleFailedTestcases-2] INFO  Elements_Testcases.Bb_ImagesTC - Clicked on Symbol 'A'.
23:18:48.539 [TestNG-test=RetryMultipleFailedTestcases-1] INFO  Elements_Testcases.Bb_ImagesTC - Logged in, searched for a file, and clicked Edit.
23:18:48.575 [TestNG-test=RetryMultipleFailedTestcases-1] INFO  Elements_Testcases.Bb_ImagesTC - Switched to frame 0.
23:18:49.054 [TestNG-test=RetryMultipleFailedTestcases-1] INFO  Elements_Testcases.Bb_ImagesTC - clicked on VE First para 
23:18:49.093 [TestNG-test=RetryMultipleFailedTestcases-1] INFO  Elements_Testcases.Bb_ImagesTC - Switched back to default content.
23:19:33.325 [TestNG-test=RetryMultipleFailedTestcases-1] INFO  Elements_Testcases.Bb_ImagesTC - clicked On Insert Element button
23:19:33.325 [TestNG-test=RetryMultipleFailedTestcases-1] INFO  Elements_Testcases.Bb_ImagesTC - Created Actions class instance.
23:19:45.668 [TestNG-test=RetryMultipleFailedTestcases-4] INFO  Elements_Testcases.Bb_ImagesTC - Logged in, searched for a file, and clicked Edit.
23:19:45.700 [TestNG-test=RetryMultipleFailedTestcases-4] INFO  Elements_Testcases.Bb_ImagesTC - Switched to frame 0.
23:19:46.229 [TestNG-test=RetryMultipleFailedTestcases-4] INFO  Elements_Testcases.Bb_ImagesTC - clicked on VE Section Heading 
23:19:46.266 [TestNG-test=RetryMultipleFailedTestcases-4] INFO  Elements_Testcases.Bb_ImagesTC - Switched back to default content.
23:19:52.563 [TestNG-test=RetryMultipleFailedTestcases-3] INFO  Elements_Testcases.Bb_ImagesTC - Logged in and searched for a file, then clicked Edit.
23:19:52.592 [TestNG-test=RetryMultipleFailedTestcases-3] INFO  Elements_Testcases.Bb_ImagesTC - Switched to frame 0.
23:19:52.940 [TestNG-test=RetryMultipleFailedTestcases-3] INFO  Elements_Testcases.Bb_ImagesTC - clicked on First para from VE
23:19:53.001 [TestNG-test=RetryMultipleFailedTestcases-3] INFO  Elements_Testcases.Bb_ImagesTC - Switched back to default content.
23:19:53.231 [TestNG-test=RetryMultipleFailedTestcases-3] INFO  Elements_Testcases.Bb_ImagesTC - clicked on Handberger button
23:19:53.501 [TestNG-test=RetryMultipleFailedTestcases-3] INFO  Elements_Testcases.Bb_ImagesTC - clicked on media object button
23:20:05.308 [TestNG-test=RetryMultipleFailedTestcases-3] INFO  Elements_Testcases.Bb_ImagesTC - clicked on Code View
23:20:14.955 [TestNG-test=RetryMultipleFailedTestcases-2] INFO  Elements_Testcases.Bb_ImagesTC - Logged in and searched for the file, then clicked Edit.
23:21:06.691 [TestNG-test=RetryMultipleFailedTestcases-4] INFO  Elements_Testcases.Bb_ImagesTC - Logged in and searched for a file, then clicked Edit.
23:21:06.709 [TestNG-test=RetryMultipleFailedTestcases-4] INFO  Elements_Testcases.Bb_ImagesTC - Switched to frame 0.
23:21:07.171 [TestNG-test=RetryMultipleFailedTestcases-4] INFO  Elements_Testcases.Bb_ImagesTC - clicked on First para from VE
23:21:07.204 [TestNG-test=RetryMultipleFailedTestcases-4] INFO  Elements_Testcases.Bb_ImagesTC - Switched back to default content.
23:21:07.441 [TestNG-test=RetryMultipleFailedTestcases-4] INFO  Elements_Testcases.Bb_ImagesTC - clicked on Handberger button
23:21:07.797 [TestNG-test=RetryMultipleFailedTestcases-4] INFO  Elements_Testcases.Bb_ImagesTC - clicked on media object button
23:21:37.652 [TestNG-test=RetryMultipleFailedTestcases-1] INFO  Elements_Testcases.Bb_ImagesTC - Logged in and searched for the file, then clicked Edit.
23:21:38.403 [TestNG-test=RetryMultipleFailedTestcases-1] INFO  Elements_Testcases.Bb_ImagesTC - Clicked on the first paragraph and switched back to default content.
23:21:52.962 [TestNG-test=RetryMultipleFailedTestcases-4] INFO  Elements_Testcases.Bb_ImagesTC - Logged in and searched for the file, then clicked Edit.
23:21:53.480 [TestNG-test=RetryMultipleFailedTestcases-4] INFO  Elements_Testcases.Bb_ImagesTC - Clicked on the first paragraph and switched back to default content.
23:21:53.509 [TestNG-test=RetryMultipleFailedTestcases-1] INFO  Elements_Testcases.Bb_ImagesTC - Clicked on the first image inside the Insert popup.
23:22:06.605 [TestNG-test=RetryMultipleFailedTestcases-4] INFO  Elements_Testcases.Bb_ImagesTC - Clicked on the first image inside the Insert popup.
23:22:32.022 [TestNG-test=RetryMultipleFailedTestcases-3] INFO  sprint5_TestCases.C_CommonBugsTC - Starting test TC759_verifyFigureElement.
23:22:46.251 [TestNG-test=RetryMultipleFailedTestcases-1] INFO  sprint5_TestCases.C_CommonBugsTC - Starting test TC781_verifyInsertMediaObjectInTable.
23:23:01.285 [TestNG-test=RetryMultipleFailedTestcases-3] INFO  sprint5_TestCases.C_CommonBugsTC - Logged in and clicked on Edit.
23:23:01.329 [TestNG-test=RetryMultipleFailedTestcases-4] INFO  sprint5_TestCases.C_CommonBugsTC - Starting test TC783_verifyMOInsertAfterToAddress.
23:23:06.990 [TestNG-test=RetryMultipleFailedTestcases-3] INFO  sprint5_TestCases.C_CommonBugsTC - Entered 'figure', provided a heading, and clicked Insert.
23:23:08.162 [TestNG-test=RetryMultipleFailedTestcases-3] INFO  sprint5_TestCases.C_CommonBugsTC - Verified that the 'figure' element is in the document structure.
23:23:08.246 [TestNG-test=RetryMultipleFailedTestcases-3] INFO  sprint5_TestCases.C_CommonBugsTC - Verified that the Figure name is present in the Visual Editor.
23:23:08.246 [TestNG-test=RetryMultipleFailedTestcases-3] INFO  sprint5_TestCases.C_CommonBugsTC - Test TC759_verifyFigureElement completed.
23:23:14.716 [TestNG-test=RetryMultipleFailedTestcases-1] INFO  sprint5_TestCases.C_CommonBugsTC - Logged in and clicked on Edit.
23:23:15.126 [TestNG-test=RetryMultipleFailedTestcases-3] INFO  sprint5_TestCases.C_CommonBugsTC - Starting test TC786_verifySelectedMOToSymbol.
23:23:15.699 [TestNG-test=RetryMultipleFailedTestcases-1] INFO  sprint5_TestCases.C_CommonBugsTC - Clicked on an existing table.
23:23:16.334 [TestNG-test=RetryMultipleFailedTestcases-1] INFO  sprint5_TestCases.C_CommonBugsTC - Clicked on 'Insert Plugin'.
23:23:17.065 [TestNG-test=RetryMultipleFailedTestcases-1] INFO  sprint5_TestCases.C_CommonBugsTC - Clicked on 'Image for Table' in the Insert Plugin popup.
23:23:29.309 [TestNG-test=RetryMultipleFailedTestcases-1] INFO  sprint5_TestCases.C_CommonBugsTC - Clicked on the first image in the popup.
23:23:29.598 [TestNG-test=RetryMultipleFailedTestcases-1] INFO  sprint5_TestCases.C_CommonBugsTC - Clicked on 'Insert Into Element'.
23:23:30.717 [TestNG-test=RetryMultipleFailedTestcases-1] INFO  sprint5_TestCases.C_CommonBugsTC - Clicked on 'Insert' button.
23:23:31.017 [TestNG-test=RetryMultipleFailedTestcases-1] INFO  sprint5_TestCases.C_CommonBugsTC - Checked if Media Object is inserted inside the table.
23:23:31.017 [TestNG-test=RetryMultipleFailedTestcases-1] INFO  sprint5_TestCases.C_CommonBugsTC - Test TC781_verifyInsertMediaObjectInTable completed.
23:23:32.065 [TestNG-test=RetryMultipleFailedTestcases-4] INFO  sprint5_TestCases.C_CommonBugsTC - Logged in and clicked on Edit.
23:23:33.246 [TestNG-test=RetryMultipleFailedTestcases-4] INFO  sprint5_TestCases.C_CommonBugsTC - Performed a right-click on the first paragraph.
23:23:34.753 [TestNG-test=RetryMultipleFailedTestcases-4] INFO  sprint5_TestCases.C_CommonBugsTC - Clicked 'Insert After' in the context menu.
23:23:35.618 [TestNG-test=RetryMultipleFailedTestcases-4] INFO  sprint5_TestCases.C_CommonBugsTC - Typed 'img' and pressed Enter.
23:23:36.022 [TestNG-test=RetryMultipleFailedTestcases-4] INFO  sprint5_TestCases.C_CommonBugsTC - Clicked 'Insert' button.
23:23:37.591 [TestNG-test=RetryMultipleFailedTestcases-1] INFO  sprint5_TestCases.E_CommonTC - Starting verifyInsertMOSectionHeading
23:23:39.313 [TestNG-test=RetryMultipleFailedTestcases-4] INFO  sprint5_TestCases.C_CommonBugsTC - Clicked 'Insert Image' button.
23:23:40.006 [TestNG-test=RetryMultipleFailedTestcases-2] ERROR Elements_Testcases.Bb_ImagesTC - Exception while quitting WebDriver: Timed out waiting for driver server to stop.
Build info: version: '4.11.0', revision: '040bc5406b'
System info: os.name: 'Windows 10', os.arch: 'amd64', os.version: '10.0', java.version: '17.0.7'
Driver info: org.openqa.selenium.chrome.ChromeDriver
Command: [e87352decd61473ccf28dc44a33f83bd, quit {}]
Capabilities {acceptInsecureCerts: false, browserName: chrome, browserVersion: 120.0.6099.130, chrome: {chromedriverVersion: 120.0.6099.109 (3419140ab66..., userDataDir: C:\Users\RBT\AppData\Local\...}, fedcm:accounts: true, goog:chromeOptions: {debuggerAddress: localhost:65169}, networkConnectionEnabled: false, pageLoadStrategy: normal, platformName: windows, proxy: Proxy(), se:cdp: ws://localhost:65169/devtoo..., se:cdpVersion: 120.0.6099.130, setWindowRect: true, strictFileInteractability: false, timeouts: {implicit: 0, pageLoad: 300000, script: 30000}, unhandledPromptBehavior: dismiss and notify, webauthn:extension:credBlob: true, webauthn:extension:largeBlob: true, webauthn:extension:minPinLength: true, webauthn:extension:prf: true, webauthn:virtualAuthenticators: true}
Session ID: e87352decd61473ccf28dc44a33f83bd
23:23:41.263 [TestNG-test=RetryMultipleFailedTestcases-4] INFO  sprint5_TestCases.C_CommonBugsTC - Clicked 'Accept Change'.
23:23:43.528 [TestNG-test=RetryMultipleFailedTestcases-4] INFO  sprint5_TestCases.C_CommonBugsTC - Performed a right-click on the inserted image.
23:23:45.432 [TestNG-test=RetryMultipleFailedTestcases-4] INFO  sprint5_TestCases.C_CommonBugsTC - Clicked 'Insert After' in the context menu.
23:23:46.174 [TestNG-test=RetryMultipleFailedTestcases-4] INFO  sprint5_TestCases.C_CommonBugsTC - Clicked on 'Address' in the context menu.
23:23:46.233 [TestNG-test=RetryMultipleFailedTestcases-4] INFO  sprint5_TestCases.C_CommonBugsTC - Verified that the 'Insert Element' button is displayed.
23:23:46.233 [TestNG-test=RetryMultipleFailedTestcases-4] INFO  sprint5_TestCases.C_CommonBugsTC - Test TC783_verifyMOInsertAfterToAddress completed.
23:23:49.053 [TestNG-test=RetryMultipleFailedTestcases-3] INFO  sprint5_TestCases.C_CommonBugsTC - Logged in and clicked on Edit.
23:23:50.749 [TestNG-test=RetryMultipleFailedTestcases-3] INFO  sprint5_TestCases.C_CommonBugsTC - Performed a right-click on the first paragraph.
23:23:53.644 [TestNG-test=RetryMultipleFailedTestcases-3] INFO  sprint5_TestCases.C_CommonBugsTC - Clicked 'Insert After' in the context menu.
23:23:54.328 [TestNG-test=RetryMultipleFailedTestcases-3] INFO  sprint5_TestCases.C_CommonBugsTC - Typed 'img' and pressed Enter.
23:23:54.944 [TestNG-test=RetryMultipleFailedTestcases-4] INFO  sprint5_TestCases.E_CommonTC - Starting verifyChangeParaToMOQPAndVE
23:23:55.435 [TestNG-test=RetryMultipleFailedTestcases-3] INFO  sprint5_TestCases.C_CommonBugsTC - Clicked 'Insert' button.
23:23:56.868 [TestNG-test=RetryMultipleFailedTestcases-3] INFO  sprint5_TestCases.C_CommonBugsTC - Clicked 'Insert Image' button.
23:23:59.158 [TestNG-test=RetryMultipleFailedTestcases-3] INFO  sprint5_TestCases.C_CommonBugsTC - Clicked 'Accept Change'.
23:23:59.976 [TestNG-test=RetryMultipleFailedTestcases-3] INFO  sprint5_TestCases.C_CommonBugsTC - Clicked on the inserted image.
23:24:01.204 [TestNG-test=RetryMultipleFailedTestcases-3] INFO  sprint5_TestCases.C_CommonBugsTC - Navigated to the Symbols tab.
23:24:01.531 [TestNG-test=RetryMultipleFailedTestcases-3] INFO  sprint5_TestCases.C_CommonBugsTC - Clicked on the label symbol.
23:24:01.812 [TestNG-test=RetryMultipleFailedTestcases-3] INFO  sprint5_TestCases.C_CommonBugsTC - Clicked 'Insert' button.
23:24:01.914 [TestNG-test=RetryMultipleFailedTestcases-3] INFO  sprint5_TestCases.C_CommonBugsTC - Verified that the 'Info' message is displayed.
23:24:01.914 [TestNG-test=RetryMultipleFailedTestcases-3] INFO  sprint5_TestCases.C_CommonBugsTC - Test TC786_verifySelectedMOToSymbol completed.
23:24:10.495 [TestNG-test=RetryMultipleFailedTestcases-3] INFO  sprint5_TestCases.E_CommonTC - Starting verifySearchOptionsFigureHeading
23:24:10.796 [TestNG-test=RetryMultipleFailedTestcases-1] INFO  sprint5_TestCases.E_CommonTC - Logged in, searched for a file, and clicked Edit.
23:24:10.827 [TestNG-test=RetryMultipleFailedTestcases-1] INFO  sprint5_TestCases.E_CommonTC - Switched to frame 0.
23:24:20.782 [TestNG-test=RetryMultipleFailedTestcases-2] INFO  Elements_Testcases.Bb_ImagesTC - Logged in and searched for the file, then clicked Edit.
23:24:21.447 [TestNG-test=RetryMultipleFailedTestcases-2] INFO  Elements_Testcases.Bb_ImagesTC - Clicked on the first paragraph and switched back to default content.
23:24:28.050 [TestNG-test=RetryMultipleFailedTestcases-4] INFO  sprint5_TestCases.E_CommonTC - Logged in, searched for a file, and clicked Edit.
23:24:31.612 [TestNG-test=RetryMultipleFailedTestcases-4] INFO  sprint5_TestCases.E_CommonTC - Clicked on Change Element
23:24:31.612 [TestNG-test=RetryMultipleFailedTestcases-4] INFO  sprint5_TestCases.E_CommonTC - Clicked on Change Element
23:24:34.774 [TestNG-test=RetryMultipleFailedTestcases-4] INFO  sprint5_TestCases.E_CommonTC - clicked on VE First para 
23:24:48.571 [TestNG-test=RetryMultipleFailedTestcases-4] INFO  sprint5_TestCases.E_CommonTC - clicked on Insert Img
23:24:48.586 [TestNG-test=RetryMultipleFailedTestcases-3] INFO  sprint5_TestCases.E_CommonTC - Logged in, searched for a file, and clicked Edit.
23:24:48.780 [TestNG-test=RetryMultipleFailedTestcases-3] INFO  sprint5_TestCases.E_CommonTC - Switched to frame 0.
23:24:49.356 [TestNG-test=RetryMultipleFailedTestcases-3] INFO  sprint5_TestCases.E_CommonTC - clicked on VE First para 
23:24:50.218 [TestNG-test=RetryMultipleFailedTestcases-4] INFO  sprint5_TestCases.E_CommonTC - clicked On Quick Preview
23:24:50.780 [TestNG-test=RetryMultipleFailedTestcases-3] INFO  sprint5_TestCases.E_CommonTC - Right Clicked on First Para
23:24:50.780 [TestNG-test=RetryMultipleFailedTestcases-3] INFO  sprint5_TestCases.E_CommonTC - Right Clicked on First Para 
23:24:50.911 [TestNG-test=RetryMultipleFailedTestcases-3] INFO  sprint5_TestCases.E_CommonTC - Switched back to default content.
23:24:50.911 [TestNG-test=RetryMultipleFailedTestcases-3] INFO  sprint5_TestCases.E_CommonTC - Switched back to default content.
23:24:50.988 [TestNG-test=RetryMultipleFailedTestcases-3] INFO  sprint5_TestCases.E_CommonTC - Switched to frame 1.
23:24:50.988 [TestNG-test=RetryMultipleFailedTestcases-3] INFO  sprint5_TestCases.E_CommonTC - Switched to frame 1.
23:24:51.484 [TestNG-test=RetryMultipleFailedTestcases-4] INFO  sprint5_TestCases.E_CommonTC - clicked on Visual Editor 
23:24:51.778 [TestNG-test=RetryMultipleFailedTestcases-4] INFO  sprint5_TestCases.E_CommonTC - Switched to frame 0.
23:24:51.835 [TestNG-test=RetryMultipleFailedTestcases-4] INFO  sprint5_TestCases.E_CommonTC - Finished verifyChangeParaToMOQPAndVE ..
23:24:52.173 [TestNG-test=RetryMultipleFailedTestcases-3] INFO  sprint5_TestCases.E_CommonTC - Right Clicked Insert After 
23:24:52.269 [TestNG-test=RetryMultipleFailedTestcases-3] INFO  sprint5_TestCases.E_CommonTC - Switched back to default content.
23:24:52.269 [TestNG-test=RetryMultipleFailedTestcases-3] INFO  sprint5_TestCases.E_CommonTC - Switched back to default content.
23:24:53.506 [TestNG-test=RetryMultipleFailedTestcases-3] INFO  sprint5_TestCases.E_CommonTC - Clicked Insert element button 
23:24:58.074 [TestNG-test=RetryMultipleFailedTestcases-4] INFO  sprint5_TestCases.E_CommonTC - Starting verifyInsertMOUndo
23:24:58.193 [TestNG-test=RetryMultipleFailedTestcases-1] INFO  sprint5_TestCases.E_CommonTC - Starting verifyInsertMOSectionHeading
23:25:02.369 [TestNG-test=RetryMultipleFailedTestcases-3] INFO  sprint5_TestCases.E_CommonTC - Finished verifySearchOptionsFigureHeading ..
23:25:05.065 [TestNG-test=RetryMultipleFailedTestcases-2] INFO  Elements_Testcases.Bb_ImagesTC - Clicked on the first image inside the Insert popup.
23:25:09.659 [TestNG-test=RetryMultipleFailedTestcases-3] INFO  sprint5_TestCases.E_CommonTC - Starting verifyLinkToFigure
23:25:26.849 [TestNG-test=RetryMultipleFailedTestcases-1] INFO  sprint5_TestCases.E_CommonTC - Logged in, searched for a file, and clicked Edit.
23:25:26.880 [TestNG-test=RetryMultipleFailedTestcases-1] INFO  sprint5_TestCases.E_CommonTC - Switched to frame 0.
23:25:50.524 [TestNG-test=RetryMultipleFailedTestcases-4] INFO  sprint5_TestCases.E_CommonTC - Logged in, searched for a file, and clicked Edit.
23:25:50.545 [TestNG-test=RetryMultipleFailedTestcases-4] INFO  sprint5_TestCases.E_CommonTC - Switched to frame 0.
23:25:51.257 [TestNG-test=RetryMultipleFailedTestcases-4] INFO  sprint5_TestCases.E_CommonTC - clicked on VE First para 
23:25:52.889 [TestNG-test=RetryMultipleFailedTestcases-4] INFO  sprint5_TestCases.E_CommonTC - Right Clicked on First Para
23:25:53.028 [TestNG-test=RetryMultipleFailedTestcases-4] INFO  sprint5_TestCases.E_CommonTC - Switched back to default content.
23:25:53.173 [TestNG-test=RetryMultipleFailedTestcases-4] INFO  sprint5_TestCases.E_CommonTC - Switched to frame 1.
23:25:54.562 [TestNG-test=RetryMultipleFailedTestcases-4] INFO  sprint5_TestCases.E_CommonTC - Right Clicked Insert After 
23:25:54.648 [TestNG-test=RetryMultipleFailedTestcases-4] INFO  sprint5_TestCases.E_CommonTC - Switched back to default content.
23:25:55.395 [TestNG-test=RetryMultipleFailedTestcases-3] INFO  sprint5_TestCases.E_CommonTC - Logged in, searched for a file, and clicked Edit.
23:25:55.434 [TestNG-test=RetryMultipleFailedTestcases-3] INFO  sprint5_TestCases.E_CommonTC - Switched to frame 0.
23:25:56.021 [TestNG-test=RetryMultipleFailedTestcases-4] INFO  sprint5_TestCases.E_CommonTC - Clicked Insert element button 
23:25:56.090 [TestNG-test=RetryMultipleFailedTestcases-3] INFO  sprint5_TestCases.E_CommonTC - clicked on VE First para 
23:25:58.030 [TestNG-test=RetryMultipleFailedTestcases-3] INFO  sprint5_TestCases.E_CommonTC - Right Clicked on First Para
23:25:58.066 [TestNG-test=RetryMultipleFailedTestcases-3] INFO  sprint5_TestCases.E_CommonTC - Switched back to default content.
23:25:58.086 [TestNG-test=RetryMultipleFailedTestcases-3] INFO  sprint5_TestCases.E_CommonTC - Switched to frame 1.
23:25:58.899 [TestNG-test=RetryMultipleFailedTestcases-3] INFO  sprint5_TestCases.E_CommonTC - Right Clicked Insert After 
23:25:58.954 [TestNG-test=RetryMultipleFailedTestcases-3] INFO  sprint5_TestCases.E_CommonTC - Switched back to default content.
23:26:00.154 [TestNG-test=RetryMultipleFailedTestcases-2] INFO  sprint5_TestCases.E_CommonTC - Starting verifySelectMoAddContent
23:26:00.229 [TestNG-test=RetryMultipleFailedTestcases-3] INFO  sprint5_TestCases.E_CommonTC - Clicked Insert element button 
23:26:04.082 [TestNG-test=RetryMultipleFailedTestcases-4] INFO  sprint5_TestCases.E_CommonTC - Clicked on Undo Plugin
23:26:04.099 [TestNG-test=RetryMultipleFailedTestcases-4] INFO  sprint5_TestCases.E_CommonTC - Switched to frame 0.
23:26:08.203 [TestNG-test=RetryMultipleFailedTestcases-3] INFO  sprint5_TestCases.E_CommonTC - Switched to frame 0.
23:26:09.276 [TestNG-test=RetryMultipleFailedTestcases-3] INFO  sprint5_TestCases.E_CommonTC - Double clicked on First para
23:26:09.306 [TestNG-test=RetryMultipleFailedTestcases-3] INFO  sprint5_TestCases.E_CommonTC - Switched back to default content.
23:26:10.393 [TestNG-test=RetryMultipleFailedTestcases-3] INFO  sprint5_TestCases.E_CommonTC - clicked on Cross Reference button 
23:26:10.393 [TestNG-test=RetryMultipleFailedTestcases-3] INFO  sprint5_TestCases.E_CommonTC - Created Actions class instance.
23:26:11.716 [TestNG-test=RetryMultipleFailedTestcases-4] INFO  sprint5_TestCases.E_CommonTC - Starting verifyInsertMOUndo
23:26:15.448 [TestNG-test=RetryMultipleFailedTestcases-1] INFO  sprint5_TestCases.E_CommonTC - Starting verifyInsertMOSectionHeading
23:26:30.249 [TestNG-test=RetryMultipleFailedTestcases-2] INFO  sprint5_TestCases.E_CommonTC - Logged in, searched for a file, and clicked Edit.
23:26:30.282 [TestNG-test=RetryMultipleFailedTestcases-2] INFO  sprint5_TestCases.E_CommonTC - Switched to frame 0.
23:26:30.783 [TestNG-test=RetryMultipleFailedTestcases-2] INFO  sprint5_TestCases.E_CommonTC - clicked on VE First para 
23:26:31.891 [TestNG-test=RetryMultipleFailedTestcases-2] INFO  sprint5_TestCases.E_CommonTC - Right Clicked on First Para
23:26:31.956 [TestNG-test=RetryMultipleFailedTestcases-2] INFO  sprint5_TestCases.E_CommonTC - Switched back to default content.
23:26:31.975 [TestNG-test=RetryMultipleFailedTestcases-2] INFO  sprint5_TestCases.E_CommonTC - Switched to frame 1.
23:26:32.709 [TestNG-test=RetryMultipleFailedTestcases-2] INFO  sprint5_TestCases.E_CommonTC - Right Clicked Insert After 
23:26:32.766 [TestNG-test=RetryMultipleFailedTestcases-2] INFO  sprint5_TestCases.E_CommonTC - Switched back to default content.
23:26:33.885 [TestNG-test=RetryMultipleFailedTestcases-2] INFO  sprint5_TestCases.E_CommonTC - Clicked Insert element button 
23:26:49.675 [TestNG-test=RetryMultipleFailedTestcases-1] INFO  sprint5_TestCases.E_CommonTC - Logged in, searched for a file, and clicked Edit.
23:26:49.722 [TestNG-test=RetryMultipleFailedTestcases-1] INFO  sprint5_TestCases.E_CommonTC - Switched to frame 0.
23:26:49.836 [TestNG-test=RetryMultipleFailedTestcases-2] INFO  sprint5_TestCases.E_CommonTC - clicked On Accept Changes
23:26:50.436 [TestNG-test=RetryMultipleFailedTestcases-2] INFO  sprint5_TestCases.E_CommonTC - clicked on Code View
23:26:51.162 [TestNG-test=RetryMultipleFailedTestcases-3] INFO  sprint5_TestCases.E_CommonTC - clicked on Code Cross Reference checkbox 
23:26:52.065 [TestNG-test=RetryMultipleFailedTestcases-3] INFO  sprint5_TestCases.E_CommonTC - clicked on Cross Reference popup ok button 
23:26:53.297 [TestNG-test=RetryMultipleFailedTestcases-3] INFO  sprint5_TestCases.E_CommonTC - Switched to frame 0.
23:26:53.837 [TestNG-test=RetryMultipleFailedTestcases-3] INFO  sprint5_TestCases.E_CommonTC - Finished verifyLinkToFigure ..
23:26:56.882 [TestNG-test=RetryMultipleFailedTestcases-4] INFO  sprint5_TestCases.E_CommonTC - Logged in, searched for a file, and clicked Edit.
23:26:56.915 [TestNG-test=RetryMultipleFailedTestcases-4] INFO  sprint5_TestCases.E_CommonTC - Switched to frame 0.
23:26:57.786 [TestNG-test=RetryMultipleFailedTestcases-4] INFO  sprint5_TestCases.E_CommonTC - clicked on VE First para 
23:26:59.038 [TestNG-test=RetryMultipleFailedTestcases-4] INFO  sprint5_TestCases.E_CommonTC - Right Clicked on First Para
23:26:59.073 [TestNG-test=RetryMultipleFailedTestcases-4] INFO  sprint5_TestCases.E_CommonTC - Switched back to default content.
23:26:59.091 [TestNG-test=RetryMultipleFailedTestcases-4] INFO  sprint5_TestCases.E_CommonTC - Switched to frame 1.
23:27:00.012 [TestNG-test=RetryMultipleFailedTestcases-4] INFO  sprint5_TestCases.E_CommonTC - Right Clicked Insert After 
23:27:00.097 [TestNG-test=RetryMultipleFailedTestcases-4] INFO  sprint5_TestCases.E_CommonTC - Switched back to default content.
23:27:01.042 [TestNG-test=RetryMultipleFailedTestcases-3] INFO  sprint5_TestCases.E_CommonTC - Starting verifyMOInListItem
23:27:01.374 [TestNG-test=RetryMultipleFailedTestcases-4] INFO  sprint5_TestCases.E_CommonTC - Clicked Insert element button 
23:27:20.182 [TestNG-test=RetryMultipleFailedTestcases-4] INFO  sprint5_TestCases.E_CommonTC - Clicked on Undo Plugin
23:27:20.200 [TestNG-test=RetryMultipleFailedTestcases-4] INFO  sprint5_TestCases.E_CommonTC - Switched to frame 0.
23:27:30.549 [TestNG-test=RetryMultipleFailedTestcases-2] INFO  sprint5_TestCases.E_CommonTC - Verified content validation is Not present
23:27:30.549 [TestNG-test=RetryMultipleFailedTestcases-2] INFO  sprint5_TestCases.E_CommonTC - Finished verifySelectMoAddContent ..
23:27:30.998 [TestNG-test=RetryMultipleFailedTestcases-4] INFO  sprint5_TestCases.E_CommonTC - Starting verifyInsertMOUndo
23:27:40.024 [TestNG-test=RetryMultipleFailedTestcases-1] INFO  sprint5_TestCases.E_CommonTC - Starting verifyFigureHeadingAlert
23:27:40.453 [TestNG-test=RetryMultipleFailedTestcases-2] INFO  sprint5_TestCases.E_CommonTC - Starting verifyInsertAfterMOInList
23:27:47.352 [TestNG-test=RetryMultipleFailedTestcases-3] INFO  sprint5_TestCases.E_CommonTC - Logged in, searched for a file, and clicked Edit.
23:27:47.387 [TestNG-test=RetryMultipleFailedTestcases-3] INFO  sprint5_TestCases.E_CommonTC - Switched to frame 0.
23:27:48.116 [TestNG-test=RetryMultipleFailedTestcases-3] INFO  sprint5_TestCases.E_CommonTC - clicked on VE First para 
23:27:48.117 [TestNG-test=RetryMultipleFailedTestcases-3] INFO  sprint5_TestCases.E_CommonTC - Created Actions class instance.
23:27:49.449 [TestNG-test=RetryMultipleFailedTestcases-3] INFO  sprint5_TestCases.E_CommonTC - Switched back to default content.
23:27:51.634 [TestNG-test=RetryMultipleFailedTestcases-3] INFO  sprint5_TestCases.E_CommonTC - clicked Number List
23:27:52.637 [TestNG-test=RetryMultipleFailedTestcases-3] INFO  sprint5_TestCases.E_CommonTC - Switched to frame 0.
23:27:53.452 [TestNG-test=RetryMultipleFailedTestcases-3] INFO  sprint5_TestCases.E_CommonTC - Switched back to default content.
23:27:53.453 [TestNG-test=RetryMultipleFailedTestcases-3] INFO  sprint5_TestCases.E_CommonTC - Switched back to default content.
23:27:53.472 [TestNG-test=RetryMultipleFailedTestcases-3] INFO  sprint5_TestCases.E_CommonTC - Switched to frame 1.
23:27:53.472 [TestNG-test=RetryMultipleFailedTestcases-3] INFO  sprint5_TestCases.E_CommonTC - Switched to frame 1.
23:27:54.638 [TestNG-test=RetryMultipleFailedTestcases-3] INFO  sprint5_TestCases.E_CommonTC - clicked on Insert into
23:27:54.690 [TestNG-test=RetryMultipleFailedTestcases-3] INFO  sprint5_TestCases.E_CommonTC - Switched back to default content.
23:27:54.690 [TestNG-test=RetryMultipleFailedTestcases-3] INFO  sprint5_TestCases.E_CommonTC - Switched back to default content.
23:27:55.706 [TestNG-test=RetryMultipleFailedTestcases-3] INFO  sprint5_TestCases.E_CommonTC - Clicked Insert element button 
23:28:04.112 [TestNG-test=RetryMultipleFailedTestcases-4] INFO  sprint5_TestCases.E_CommonTC - Logged in, searched for a file, and clicked Edit.
23:28:04.153 [TestNG-test=RetryMultipleFailedTestcases-4] INFO  sprint5_TestCases.E_CommonTC - Switched to frame 0.
23:28:04.514 [TestNG-test=RetryMultipleFailedTestcases-3] INFO  sprint5_TestCases.E_CommonTC - Finished verifyMOInListItem ..
23:28:04.993 [TestNG-test=RetryMultipleFailedTestcases-4] INFO  sprint5_TestCases.E_CommonTC - clicked on VE First para 
23:28:06.202 [TestNG-test=RetryMultipleFailedTestcases-4] INFO  sprint5_TestCases.E_CommonTC - Right Clicked on First Para
23:28:06.248 [TestNG-test=RetryMultipleFailedTestcases-4] INFO  sprint5_TestCases.E_CommonTC - Switched back to default content.
23:28:06.292 [TestNG-test=RetryMultipleFailedTestcases-4] INFO  sprint5_TestCases.E_CommonTC - Switched to frame 1.
23:28:07.801 [TestNG-test=RetryMultipleFailedTestcases-4] INFO  sprint5_TestCases.E_CommonTC - Right Clicked Insert After 
23:28:07.818 [TestNG-test=RetryMultipleFailedTestcases-4] INFO  sprint5_TestCases.E_CommonTC - Switched back to default content.
23:28:09.705 [TestNG-test=RetryMultipleFailedTestcases-1] INFO  sprint5_TestCases.E_CommonTC - Logged in, searched for a file, and clicked Edit.
23:28:09.706 [TestNG-test=RetryMultipleFailedTestcases-1] INFO  sprint5_TestCases.E_CommonTC - Created E_Common instance.
23:28:09.898 [TestNG-test=RetryMultipleFailedTestcases-1] INFO  sprint5_TestCases.E_CommonTC - Switched to frame 0.
23:28:10.652 [TestNG-test=RetryMultipleFailedTestcases-4] INFO  sprint5_TestCases.E_CommonTC - Clicked Insert element button 
23:28:11.394 [TestNG-test=RetryMultipleFailedTestcases-1] INFO  sprint5_TestCases.E_CommonTC - Right Clicked on First Para
23:28:11.599 [TestNG-test=RetryMultipleFailedTestcases-1] INFO  sprint5_TestCases.E_CommonTC - Switched back to default content.
23:28:11.735 [TestNG-test=RetryMultipleFailedTestcases-1] INFO  sprint5_TestCases.E_CommonTC - Switched to frame 1.
23:28:12.734 [TestNG-test=RetryMultipleFailedTestcases-1] INFO  sprint5_TestCases.E_CommonTC - Right Clicked Insert After 
23:28:12.795 [TestNG-test=RetryMultipleFailedTestcases-1] INFO  sprint5_TestCases.E_CommonTC - Switched back to default content.
23:28:12.995 [TestNG-test=RetryMultipleFailedTestcases-3] INFO  sprint5_TestCases.E_CommonTC - Starting verifyInsertMediaObjects
23:28:13.319 [TestNG-test=RetryMultipleFailedTestcases-1] INFO  sprint5_TestCases.E_CommonTC - Clicked On Figure element 
23:28:13.783 [TestNG-test=RetryMultipleFailedTestcases-1] INFO  sprint5_TestCases.E_CommonTC - Clicked Insert element button 
23:28:15.351 [TestNG-test=RetryMultipleFailedTestcases-1] INFO  sprint5_TestCases.E_CommonTC - Figure is selected 
23:28:16.201 [TestNG-test=RetryMultipleFailedTestcases-1] INFO  sprint5_TestCases.E_CommonTC - Clicked FigHeading Insert Button
23:28:16.325 [TestNG-test=RetryMultipleFailedTestcases-1] INFO  sprint5_TestCases.E_CommonTC - Verified Please fill the heading field msg is displayed
23:28:16.325 [TestNG-test=RetryMultipleFailedTestcases-1] INFO  sprint5_TestCases.E_CommonTC - Finished verifyFigureHeadingAlert
23:28:17.802 [TestNG-test=RetryMultipleFailedTestcases-2] INFO  sprint5_TestCases.E_CommonTC - Logged in, searched for a file, and clicked Edit.
23:28:17.886 [TestNG-test=RetryMultipleFailedTestcases-2] INFO  sprint5_TestCases.E_CommonTC - Switched to frame 0.
23:28:18.861 [TestNG-test=RetryMultipleFailedTestcases-2] INFO  sprint5_TestCases.E_CommonTC - clicked on VE First para 
23:28:18.861 [TestNG-test=RetryMultipleFailedTestcases-2] INFO  sprint5_TestCases.E_CommonTC - Created Actions class instance.
23:28:19.287 [TestNG-test=RetryMultipleFailedTestcases-4] INFO  sprint5_TestCases.E_CommonTC - Clicked on Undo Plugin
23:28:19.328 [TestNG-test=RetryMultipleFailedTestcases-4] INFO  sprint5_TestCases.E_CommonTC - Switched to frame 0.
23:28:20.737 [TestNG-test=RetryMultipleFailedTestcases-2] INFO  sprint5_TestCases.E_CommonTC - Switched back to default content.
23:28:23.368 [TestNG-test=RetryMultipleFailedTestcases-2] INFO  sprint5_TestCases.E_CommonTC - clicked Number List
23:28:24.382 [TestNG-test=RetryMultipleFailedTestcases-1] INFO  sprint5_TestCases.E_CommonTC - Starting verifyInsertMOAfterList
23:28:25.475 [TestNG-test=RetryMultipleFailedTestcases-2] INFO  sprint5_TestCases.E_CommonTC - Switched to frame 0.
23:28:26.470 [TestNG-test=RetryMultipleFailedTestcases-2] INFO  sprint5_TestCases.E_CommonTC - Switched back to default content.
23:28:26.502 [TestNG-test=RetryMultipleFailedTestcases-2] INFO  sprint5_TestCases.E_CommonTC - Switched to frame 1.
23:28:27.849 [TestNG-test=RetryMultipleFailedTestcases-2] INFO  sprint5_TestCases.E_CommonTC - clicked on Insert into
23:28:27.941 [TestNG-test=RetryMultipleFailedTestcases-4] INFO  sprint5_TestCases.E_CommonTC - Starting verifyInsertXrefAndInsertMediaObject
23:28:27.954 [TestNG-test=RetryMultipleFailedTestcases-2] INFO  sprint5_TestCases.E_CommonTC - Switched back to default content.
23:28:42.259 [TestNG-test=RetryMultipleFailedTestcases-3] INFO  sprint5_TestCases.E_CommonTC - Logged in, searched for a file, and clicked Edit.
23:28:42.284 [TestNG-test=RetryMultipleFailedTestcases-3] INFO  sprint5_TestCases.E_CommonTC - Switched to frame 0.
23:28:43.075 [TestNG-test=RetryMultipleFailedTestcases-3] INFO  sprint5_TestCases.E_CommonTC - clicked on VE First para 
23:28:43.257 [TestNG-test=RetryMultipleFailedTestcases-3] INFO  sprint5_TestCases.E_CommonTC - Switched back to default content.
23:28:44.091 [TestNG-test=RetryMultipleFailedTestcases-3] INFO  sprint5_TestCases.E_CommonTC - clicked On Insert Plugin
23:28:44.401 [TestNG-test=RetryMultipleFailedTestcases-3] INFO  sprint5_TestCases.E_CommonTC - clicked On Insert Popup Element Button
23:28:45.069 [TestNG-test=RetryMultipleFailedTestcases-3] INFO  sprint5_TestCases.E_CommonTC - Created Actions class instance.
23:29:08.067 [TestNG-test=RetryMultipleFailedTestcases-2] INFO  sprint5_TestCases.E_CommonTC - Finished verifyInsertAfterMOInList ..
23:29:12.697 [TestNG-test=RetryMultipleFailedTestcases-3] INFO  sprint5_TestCases.E_CommonTC - Starting verifyInsertMediaObjects
23:29:15.417 [TestNG-test=RetryMultipleFailedTestcases-2] INFO  sprint5_TestCases.E_CommonTC - Starting verifyMediObjectInsertEnterKey
23:29:17.400 [TestNG-test=RetryMultipleFailedTestcases-4] INFO  sprint5_TestCases.E_CommonTC - Logged in, searched for a file, and clicked Edit.
23:29:17.400 [TestNG-test=RetryMultipleFailedTestcases-4] INFO  sprint5_TestCases.E_CommonTC - Created E_Common instance.
23:29:17.428 [TestNG-test=RetryMultipleFailedTestcases-4] INFO  sprint5_TestCases.E_CommonTC - Switched to frame 0.
23:29:18.027 [TestNG-test=RetryMultipleFailedTestcases-4] INFO  sprint5_TestCases.E_CommonTC - doublebclicked on First Para
23:29:18.065 [TestNG-test=RetryMultipleFailedTestcases-4] INFO  sprint5_TestCases.E_CommonTC - Switched back to default content.
23:29:18.621 [TestNG-test=RetryMultipleFailedTestcases-4] INFO  sprint5_TestCases.E_CommonTC - clicked on Cross Reference button 
23:29:35.989 [TestNG-test=RetryMultipleFailedTestcases-1] INFO  sprint5_TestCases.E_CommonTC - Logged in, searched for a file, and clicked Edit.
23:29:36.009 [TestNG-test=RetryMultipleFailedTestcases-1] INFO  sprint5_TestCases.E_CommonTC - Switched to frame 0.
23:29:36.590 [TestNG-test=RetryMultipleFailedTestcases-1] INFO  sprint5_TestCases.E_CommonTC - clicked on VE First para 
23:29:36.749 [TestNG-test=RetryMultipleFailedTestcases-1] INFO  sprint5_TestCases.E_CommonTC - Switched back to default content.
23:29:38.300 [TestNG-test=RetryMultipleFailedTestcases-1] INFO  sprint5_TestCases.E_CommonTC - clicked Number List
23:29:41.283 [TestNG-test=RetryMultipleFailedTestcases-1] INFO  sprint5_TestCases.E_CommonTC - clicked On Insert Plugin
23:29:54.729 [TestNG-test=RetryMultipleFailedTestcases-1] INFO  sprint5_TestCases.E_CommonTC - Created Actions class instance.
23:29:55.771 [TestNG-test=RetryMultipleFailedTestcases-1] INFO  sprint5_TestCases.E_CommonTC - clicked On Insert Element button
23:29:56.472 [TestNG-test=RetryMultipleFailedTestcases-1] INFO  sprint5_TestCases.E_CommonTC - Finished verifyInsertMOAfterList ..
23:29:58.975 [TestNG-test=RetryMultipleFailedTestcases-4] INFO  sprint5_TestCases.E_CommonTC - clicked on Code Cross Reference checkbox 
23:29:59.896 [TestNG-test=RetryMultipleFailedTestcases-3] INFO  sprint5_TestCases.E_CommonTC - Logged in, searched for a file, and clicked Edit.
23:29:59.920 [TestNG-test=RetryMultipleFailedTestcases-3] INFO  sprint5_TestCases.E_CommonTC - Switched to frame 0.
23:30:00.365 [TestNG-test=RetryMultipleFailedTestcases-4] INFO  sprint5_TestCases.E_CommonTC - clicked on Cross Reference popup ok button 
23:30:02.528 [TestNG-test=RetryMultipleFailedTestcases-2] INFO  sprint5_TestCases.E_CommonTC - Logged in, searched for a file, and clicked Edit.
23:30:02.557 [TestNG-test=RetryMultipleFailedTestcases-2] INFO  sprint5_TestCases.E_CommonTC - Switched to frame 0.
23:30:02.591 [TestNG-test=RetryMultipleFailedTestcases-3] INFO  sprint5_TestCases.E_CommonTC - clicked on VE First para 
23:30:02.792 [TestNG-test=RetryMultipleFailedTestcases-3] INFO  sprint5_TestCases.E_CommonTC - Switched back to default content.
23:30:03.178 [TestNG-test=RetryMultipleFailedTestcases-1] INFO  sprint5_TestCases.E_CommonTC - Starting verifySearchFigureFrequentlyUsed
23:30:03.808 [TestNG-test=RetryMultipleFailedTestcases-3] INFO  sprint5_TestCases.E_CommonTC - clicked On Insert Plugin
23:30:03.950 [TestNG-test=RetryMultipleFailedTestcases-2] INFO  sprint5_TestCases.E_CommonTC - clicked on VE First para 
23:30:04.151 [TestNG-test=RetryMultipleFailedTestcases-2] INFO  sprint5_TestCases.E_CommonTC - Switched back to default content.
23:30:04.261 [TestNG-test=RetryMultipleFailedTestcases-3] INFO  sprint5_TestCases.E_CommonTC - clicked On Insert Popup Element Button
23:30:05.005 [TestNG-test=RetryMultipleFailedTestcases-3] INFO  sprint5_TestCases.E_CommonTC - Created Actions class instance.
23:30:05.344 [TestNG-test=RetryMultipleFailedTestcases-4] INFO  sprint5_TestCases.E_CommonTC - Right Clicked on DS First ParaWithXref 
23:30:05.698 [TestNG-test=RetryMultipleFailedTestcases-4] INFO  sprint5_TestCases.E_CommonTC - Right Clicked on Insert After from DS 
23:30:06.524 [TestNG-test=RetryMultipleFailedTestcases-4] INFO  sprint5_TestCases.E_CommonTC - clicked on Img element 
23:30:06.524 [TestNG-test=RetryMultipleFailedTestcases-4] INFO  sprint5_TestCases.E_CommonTC - Created Actions class instance.
23:30:07.094 [TestNG-test=RetryMultipleFailedTestcases-3] INFO  sprint5_TestCases.E_CommonTC - clicked On Insert Element button
23:30:07.405 [TestNG-test=RetryMultipleFailedTestcases-4] INFO  sprint5_TestCases.E_CommonTC - Clicked on img search button 
23:30:07.454 [TestNG-test=RetryMultipleFailedTestcases-4] INFO  sprint5_TestCases.E_CommonTC - Verified No Results Found msg is displayed
23:30:07.455 [TestNG-test=RetryMultipleFailedTestcases-4] INFO  sprint5_TestCases.E_CommonTC - Finished verifyInsertXrefAndInsertMediaObject
23:30:08.273 [TestNG-test=RetryMultipleFailedTestcases-3] INFO  sprint5_TestCases.E_CommonTC - Switched to frame 0.
23:30:08.332 [TestNG-test=RetryMultipleFailedTestcases-3] INFO  sprint5_TestCases.E_CommonTC - Switched back to default content.
23:30:08.695 [TestNG-test=RetryMultipleFailedTestcases-3] INFO  sprint5_TestCases.E_CommonTC - clicked On Quick Preview
23:30:09.354 [TestNG-test=RetryMultipleFailedTestcases-3] INFO  sprint5_TestCases.E_CommonTC - Finished verifyInsertMediaObjects ..
23:30:18.732 [TestNG-test=RetryMultipleFailedTestcases-2] INFO  sprint5_TestCases.E_CommonTC - clicked On Insert Element button
23:30:18.732 [TestNG-test=RetryMultipleFailedTestcases-2] INFO  sprint5_TestCases.E_CommonTC - Created Actions class instance.
23:30:43.518 [TestNG-test=RetryMultipleFailedTestcases-1] INFO  sprint5_TestCases.E_CommonTC - Logged in, searched for a file, and clicked Edit.
23:30:43.748 [TestNG-test=RetryMultipleFailedTestcases-1] INFO  sprint5_TestCases.E_CommonTC - Switched to frame 0.
23:30:44.636 [TestNG-test=RetryMultipleFailedTestcases-1] INFO  sprint5_TestCases.E_CommonTC - clicked on VE First para 
23:30:44.680 [TestNG-test=RetryMultipleFailedTestcases-1] INFO  sprint5_TestCases.E_CommonTC - Switched back to default content.
23:30:45.150 [TestNG-test=RetryMultipleFailedTestcases-1] INFO  sprint5_TestCases.E_CommonTC - clicked On Insert Plugin
23:30:45.325 [TestNG-test=RetryMultipleFailedTestcases-2] INFO  sprint5_TestCases.E_CommonTC - Starting verifyMediObjectInsertEnterKey
23:30:45.618 [TestNG-test=RetryMultipleFailedTestcases-1] INFO  sprint5_TestCases.E_CommonTC - clicked On Insert Popup Element Button
23:30:46.445 [TestNG-test=RetryMultipleFailedTestcases-1] INFO  sprint5_TestCases.E_CommonTC - Created Actions class instance.
23:30:47.363 [TestNG-test=RetryMultipleFailedTestcases-1] INFO  sprint5_TestCases.E_CommonTC - clicked On Insert Element button
23:31:01.170 [TestNG-test=RetryMultipleFailedTestcases-1] INFO  sprint5_TestCases.E_CommonTC - clicked On Insert Plugin
23:31:01.283 [TestNG-test=RetryMultipleFailedTestcases-1] INFO  sprint5_TestCases.E_CommonTC - Finished verifySearchFigureFrequentlyUsed ..
23:31:17.184 [TestNG-test=RetryMultipleFailedTestcases-2] INFO  sprint5_TestCases.E_CommonTC - Logged in, searched for a file, and clicked Edit.
23:31:17.201 [TestNG-test=RetryMultipleFailedTestcases-2] INFO  sprint5_TestCases.E_CommonTC - Switched to frame 0.
23:31:17.544 [TestNG-test=RetryMultipleFailedTestcases-2] INFO  sprint5_TestCases.E_CommonTC - clicked on VE First para 
23:31:17.578 [TestNG-test=RetryMultipleFailedTestcases-2] INFO  sprint5_TestCases.E_CommonTC - Switched back to default content.
23:32:00.834 [TestNG-test=RetryMultipleFailedTestcases-2] INFO  sprint5_TestCases.E_CommonTC - clicked On Insert Element button
23:32:00.834 [TestNG-test=RetryMultipleFailedTestcases-2] INFO  sprint5_TestCases.E_CommonTC - Created Actions class instance.
23:32:26.692 [TestNG-test=RetryMultipleFailedTestcases-2] INFO  sprint5_TestCases.E_CommonTC - Starting verifyMediObjectInsertEnterKey
23:32:57.116 [TestNG-test=RetryMultipleFailedTestcases-2] INFO  sprint5_TestCases.E_CommonTC - Logged in, searched for a file, and clicked Edit.
23:32:57.192 [TestNG-test=RetryMultipleFailedTestcases-2] INFO  sprint5_TestCases.E_CommonTC - Switched to frame 0.
23:32:57.580 [TestNG-test=RetryMultipleFailedTestcases-2] INFO  sprint5_TestCases.E_CommonTC - clicked on VE First para 
23:32:57.608 [TestNG-test=RetryMultipleFailedTestcases-2] INFO  sprint5_TestCases.E_CommonTC - Switched back to default content.
23:33:40.489 [TestNG-test=RetryMultipleFailedTestcases-2] INFO  sprint5_TestCases.E_CommonTC - clicked On Insert Element button
23:33:40.489 [TestNG-test=RetryMultipleFailedTestcases-2] INFO  sprint5_TestCases.E_CommonTC - Created Actions class instance.
23:41:52.357 [main] INFO  Elements_Testcases.Ba_SectionTC - Starting verifyCheckInButtonIsClickable
23:42:40.868 [main] INFO  Elements_Testcases.Ba_SectionTC - Logged in and searched for a file, then clicked Edit.
23:42:41.022 [main] INFO  Elements_Testcases.Ba_SectionTC - clicked on Handberger button
23:42:41.699 [main] INFO  Elements_Testcases.Ba_SectionTC - clicked on checked out files link
23:42:46.160 [main] INFO  Elements_Testcases.Ba_SectionTC - clicked on add new file link
23:43:24.682 [main] INFO  Elements_Testcases.Ba_SectionTC - Starting verifyCheckInButtonIsClickable
23:43:52.128 [main] INFO  Elements_Testcases.Ba_SectionTC - Logged in and searched for a file, then clicked Edit.
23:43:52.396 [main] INFO  Elements_Testcases.Ba_SectionTC - clicked on Handberger button
23:43:53.067 [main] INFO  Elements_Testcases.Ba_SectionTC - clicked on checked out files link
23:44:05.355 [main] INFO  Elements_Testcases.Ba_SectionTC - clicked on add new file link
23:44:05.970 [main] INFO  Elements_Testcases.Ba_SectionTC - Verified popup is visible with th expected text
23:45:47.066 [main] INFO  Elements_Testcases.Ba_SectionTC - Starting verifyCheckInButtonIsClickable
23:46:15.513 [main] INFO  Elements_Testcases.Ba_SectionTC - Logged in and searched for a file, then clicked Edit.
23:46:15.683 [main] INFO  Elements_Testcases.Ba_SectionTC - clicked on Handberger button
23:46:16.384 [main] INFO  Elements_Testcases.Ba_SectionTC - clicked on checked out files link
23:46:26.694 [main] INFO  Elements_Testcases.Ba_SectionTC - clicked on add new file link
23:46:27.300 [main] INFO  Elements_Testcases.Ba_SectionTC - Verified popup is visible with th expected text
23:48:09.735 [main] INFO  Elements_Testcases.Ba_SectionTC - Starting verifyCheckInButtonIsClickable
23:48:37.037 [main] INFO  Elements_Testcases.Ba_SectionTC - Logged in and searched for a file, then clicked Edit.
23:48:37.370 [main] INFO  Elements_Testcases.Ba_SectionTC - clicked on Handberger button
23:48:38.024 [main] INFO  Elements_Testcases.Ba_SectionTC - clicked on checked out files link
23:48:43.022 [main] INFO  Elements_Testcases.Ba_SectionTC - clicked on add new file link
23:48:43.657 [main] INFO  Elements_Testcases.Ba_SectionTC - Verified popup is visible with th expected text
23:49:37.332 [main] INFO  Elements_Testcases.Ba_SectionTC - Starting verifyCheckInButtonIsClickable
23:50:07.284 [main] INFO  Elements_Testcases.Ba_SectionTC - Logged in and searched for a file, then clicked Edit.
23:50:07.559 [main] INFO  Elements_Testcases.Ba_SectionTC - clicked on Handberger button
23:50:08.306 [main] INFO  Elements_Testcases.Ba_SectionTC - clicked on checked out files link
23:50:19.167 [main] INFO  Elements_Testcases.Ba_SectionTC - clicked on add new file link
23:50:20.447 [main] INFO  Elements_Testcases.Ba_SectionTC - Verified popup is visible with th expected text
23:51:09.375 [main] INFO  Elements_Testcases.Ba_SectionTC - Starting verifyCheckInButtonIsClickable
23:51:43.466 [main] INFO  Elements_Testcases.Ba_SectionTC - Logged in and searched for a file, then clicked Edit.
23:51:43.617 [main] INFO  Elements_Testcases.Ba_SectionTC - clicked on Handberger button
23:51:44.281 [main] INFO  Elements_Testcases.Ba_SectionTC - clicked on checked out files link
23:51:46.788 [main] INFO  Elements_Testcases.Ba_SectionTC - clicked on add new file link
23:51:47.431 [main] INFO  Elements_Testcases.Ba_SectionTC - Verified popup is visible with th expected text
23:52:24.323 [main] INFO  Elements_Testcases.Ba_SectionTC - Starting verifyCheckInButtonIsClickable
23:52:49.308 [main] INFO  Elements_Testcases.Ba_SectionTC - Logged in and searched for a file, then clicked Edit.
23:52:49.472 [main] INFO  Elements_Testcases.Ba_SectionTC - clicked on Handberger button
23:52:50.176 [main] INFO  Elements_Testcases.Ba_SectionTC - clicked on checked out files link
23:52:57.656 [main] INFO  Elements_Testcases.Ba_SectionTC - clicked on add new file link
23:53:44.353 [main] INFO  Elements_Testcases.Ba_SectionTC - Starting verifyCheckInButtonIsClickable
23:54:07.244 [main] INFO  Elements_Testcases.Ba_SectionTC - Logged in and searched for a file, then clicked Edit.
23:54:07.483 [main] INFO  Elements_Testcases.Ba_SectionTC - clicked on Handberger button
23:54:08.158 [main] INFO  Elements_Testcases.Ba_SectionTC - clicked on checked out files link
23:54:11.224 [main] INFO  Elements_Testcases.Ba_SectionTC - clicked on add new file link
23:54:11.982 [main] INFO  Elements_Testcases.Ba_SectionTC - Verified popup is visible with th expected text
21:43:06.925 [main] INFO  Elements_Testcases.O_CheckincheckoutfunctTC - Starting verifyCheckInButtonIsClickable
21:43:30.928 [main] INFO  Elements_Testcases.O_CheckincheckoutfunctTC - Logged in and searched for a file, then clicked Edit.
21:43:31.132 [main] INFO  Elements_Testcases.O_CheckincheckoutfunctTC - clicked on Handberger button
21:43:31.833 [main] INFO  Elements_Testcases.O_CheckincheckoutfunctTC - clicked on checked out files link
21:43:42.870 [main] INFO  Elements_Testcases.O_CheckincheckoutfunctTC - clicked on add new file link
21:43:43.538 [main] INFO  Elements_Testcases.O_CheckincheckoutfunctTC - Verified popup is visible with th expected text
21:45:01.675 [main] INFO  Elements_Testcases.O_CheckincheckoutfunctTC - Starting verifyCheckInButtonIsClickable
21:45:28.396 [main] INFO  Elements_Testcases.O_CheckincheckoutfunctTC - Logged in and searched for a file, then clicked Edit.
21:45:28.548 [main] INFO  Elements_Testcases.O_CheckincheckoutfunctTC - clicked on Handberger button
21:45:29.330 [main] INFO  Elements_Testcases.O_CheckincheckoutfunctTC - clicked on checked out files link
21:45:37.277 [main] INFO  Elements_Testcases.O_CheckincheckoutfunctTC - clicked on add new file link
21:45:38.333 [main] INFO  Elements_Testcases.O_CheckincheckoutfunctTC - Verified popup is visible with th expected text
21:45:45.007 [main] INFO  Elements_Testcases.O_CheckincheckoutfunctTC - verified on Save Successful notification is displayed
