16:10:13.230 [TestNG-test=RetryMultipleFailedTestcases-1] INFO  sprint5_TestCases.Ab_UndoTC - Switching to frame 0.
16:10:13.311 [TestNG-test=RetryMultipleFailedTestcases-1] INFO  sprint5_TestCases.Ab_UndoTC - Asserting that existing content is present in Code View after clicking on Undo.
16:10:15.239 [TestNG-test=RetryMultipleFailedTestcases-4] INFO  sprint5_TestCases.Ab_UndoTC - Switching back to default content.
16:10:15.267 [TestNG-test=RetryMultipleFailedTestcases-4] INFO  sprint5_TestCases.Ab_UndoTC - Clicking Quick Preview.
16:10:15.845 [TestNG-test=RetryMultipleFailedTestcases-4] INFO  sprint5_TestCases.Ab_UndoTC - Switching to frame 0.
16:10:16.104 [TestNG-test=RetryMultipleFailedTestcases-4] INFO  sprint5_TestCases.Ab_UndoTC - Asserting that the changes are undone in Quick Preview.
16:10:56.184 [TestNG-test=RetryMultipleFailedTestcases-4] INFO  sprint5_TestCases.Ab_UndoTC - Switching back to default content.
16:10:56.188 [TestNG-test=RetryMultipleFailedTestcases-4] INFO  sprint5_TestCases.Ab_UndoTC - Clicking Code View.
16:10:56.558 [TestNG-test=RetryMultipleFailedTestcases-4] INFO  sprint5_TestCases.Ab_UndoTC - Switching to frame 0.
16:10:56.667 [TestNG-test=RetryMultipleFailedTestcases-4] INFO  sprint5_TestCases.Ab_UndoTC - Asserting that the changes are undone in Code View.
16:10:57.214 [TestNG-test=RetryMultipleFailedTestcases-1] INFO  sprint5_TestCases.Ab_UndoTC - Clicking on Entity.
16:10:57.577 [TestNG-test=RetryMultipleFailedTestcases-1] INFO  sprint5_TestCases.Ab_UndoTC - Clicking Entity button.
16:10:58.653 [TestNG-test=RetryMultipleFailedTestcases-1] INFO  sprint5_TestCases.Ab_UndoTC - Clicking the checkbox.
16:10:58.809 [TestNG-test=RetryMultipleFailedTestcases-1] INFO  sprint5_TestCases.Ab_UndoTC - Clicking Entity Insert button.
16:10:59.193 [TestNG-test=RetryMultipleFailedTestcases-1] INFO  sprint5_TestCases.Ab_UndoTC - Switching to frame 0.
16:10:59.248 [TestNG-test=RetryMultipleFailedTestcases-1] INFO  sprint5_TestCases.Ab_UndoTC - Asserting that the Entity is inserted.
16:10:59.319 [TestNG-test=RetryMultipleFailedTestcases-1] INFO  sprint5_TestCases.Ab_UndoTC - Switching back to default content.
16:10:59.326 [TestNG-test=RetryMultipleFailedTestcases-1] INFO  sprint5_TestCases.Ab_UndoTC - Clicking Undo.
16:10:59.949 [TestNG-test=RetryMultipleFailedTestcases-1] INFO  sprint5_TestCases.Ab_UndoTC - Switching to frame 0.
16:11:00.151 [TestNG-test=RetryMultipleFailedTestcases-1] INFO  sprint5_TestCases.Ab_UndoTC - Asserting that the Entity is not inserted after Undo.
16:11:31.114 [TestNG-test=RetryMultipleFailedTestcases-3] INFO  sprint5_TestCases.Ab_UndoTC - Inserting a table using ReusableMethods.insertTableCB()
16:11:37.900 [TestNG-test=RetryMultipleFailedTestcases-3] INFO  sprint5_TestCases.Ab_UndoTC - Deleting columns in the table.
16:11:39.205 [TestNG-test=RetryMultipleFailedTestcases-3] INFO  sprint5_TestCases.Ab_UndoTC - Clicking Undo.
16:11:39.860 [TestNG-test=RetryMultipleFailedTestcases-3] INFO  sprint5_TestCases.Ab_UndoTC - Asserting that the content block is selected after Undo.
16:12:18.966 [TestNG-test=RetryMultipleFailedTestcases-1] INFO  BasicEditingTC.F12_UndoRedoTC - Logged in and searched for a file, then clicked Edit.
16:12:20.315 [TestNG-test=RetryMultipleFailedTestcases-4] INFO  sprint5_TestCases.Ab_UndoTC - Inserting a table using ReusableMethods.
16:12:28.389 [TestNG-test=RetryMultipleFailedTestcases-3] INFO  sprint5_TestCases.Ab_UndoTC - Switching to frame 0.
16:12:28.440 [TestNG-test=RetryMultipleFailedTestcases-3] INFO  sprint5_TestCases.Ab_UndoTC - Double-clicking the first paragraph.
16:12:28.462 [TestNG-test=RetryMultipleFailedTestcases-4] INFO  sprint5_TestCases.Ab_UndoTC - Entering 'Hello' into the caption.
16:12:28.739 [TestNG-test=RetryMultipleFailedTestcases-4] INFO  sprint5_TestCases.Ab_UndoTC - Clicking Reject Change.
16:12:29.139 [TestNG-test=RetryMultipleFailedTestcases-3] INFO  sprint5_TestCases.Ab_UndoTC - Context-clicking the first paragraph.
16:12:29.539 [TestNG-test=RetryMultipleFailedTestcases-4] INFO  sprint5_TestCases.Ab_UndoTC - Asserting that the caption is no longer visible after Reject Change.
16:12:30.596 [TestNG-test=RetryMultipleFailedTestcases-3] INFO  sprint5_TestCases.Ab_UndoTC - Switching to default content.
16:12:30.623 [TestNG-test=RetryMultipleFailedTestcases-3] INFO  sprint5_TestCases.Ab_UndoTC - Switching to frame 1.
16:12:30.633 [TestNG-test=RetryMultipleFailedTestcases-3] INFO  sprint5_TestCases.Ab_UndoTC - Clicking right-click Insert Into.
16:12:31.538 [TestNG-test=RetryMultipleFailedTestcases-3] INFO  sprint5_TestCases.Ab_UndoTC - Switching to default content.
16:12:31.585 [TestNG-test=RetryMultipleFailedTestcases-3] INFO  sprint5_TestCases.Ab_UndoTC - Clicking Textbox role.
16:12:31.750 [TestNG-test=RetryMultipleFailedTestcases-3] INFO  sprint5_TestCases.Ab_UndoTC - Typing 'b' in Textbox role.
16:12:31.812 [TestNG-test=RetryMultipleFailedTestcases-3] INFO  sprint5_TestCases.Ab_UndoTC - Clicking Textb.
16:12:32.214 [TestNG-test=RetryMultipleFailedTestcases-3] INFO  sprint5_TestCases.Ab_UndoTC - Clicking Modal Show.
16:12:32.717 [TestNG-test=RetryMultipleFailedTestcases-3] INFO  sprint5_TestCases.Ab_UndoTC - Asserting that Bold is inserted into a paragraph.
16:12:33.234 [TestNG-test=RetryMultipleFailedTestcases-3] INFO  sprint5_TestCases.Ab_UndoTC - Clicking Undo twice.
16:12:34.696 [TestNG-test=RetryMultipleFailedTestcases-3] INFO  sprint5_TestCases.Ab_UndoTC - Asserting that Undo is working fine in Document Structure.
16:12:35.696 [TestNG-test=RetryMultipleFailedTestcases-3] INFO  sprint5_TestCases.Ab_UndoTC - Asserting that Undo is working fine in Attribute Panel.
16:12:35.728 [TestNG-test=RetryMultipleFailedTestcases-3] INFO  sprint5_TestCases.Ab_UndoTC - Switching to frame 0.
16:12:35.748 [TestNG-test=RetryMultipleFailedTestcases-3] INFO  sprint5_TestCases.Ab_UndoTC - Asserting that Undo is working fine in Visual Editor.
16:12:35.774 [TestNG-test=RetryMultipleFailedTestcases-3] INFO  sprint5_TestCases.Ab_UndoTC - Switching to default content.
16:12:35.777 [TestNG-test=RetryMultipleFailedTestcases-3] INFO  sprint5_TestCases.Ab_UndoTC - Clicking Quick Preview.
16:12:36.143 [TestNG-test=RetryMultipleFailedTestcases-3] INFO  sprint5_TestCases.Ab_UndoTC - Switching to frame 0.
16:12:36.215 [TestNG-test=RetryMultipleFailedTestcases-3] INFO  sprint5_TestCases.Ab_UndoTC - Asserting that Undo is working fine in Quick Preview.
16:12:36.388 [TestNG-test=RetryMultipleFailedTestcases-3] INFO  sprint5_TestCases.Ab_UndoTC - Switching to default content.
16:12:36.399 [TestNG-test=RetryMultipleFailedTestcases-3] INFO  sprint5_TestCases.Ab_UndoTC - Clicking Code View.
16:12:36.788 [TestNG-test=RetryMultipleFailedTestcases-3] INFO  sprint5_TestCases.Ab_UndoTC - Switching to frame 0.
16:12:36.811 [TestNG-test=RetryMultipleFailedTestcases-3] INFO  sprint5_TestCases.Ab_UndoTC - Asserting that Undo is working fine in Code View.
16:13:09.938 [TestNG-test=RetryMultipleFailedTestcases-4] INFO  sprint5_TestCases.Ab_UndoTC - Clicking Undo.
16:13:12.371 [TestNG-test=RetryMultipleFailedTestcases-4] INFO  sprint5_TestCases.Ab_UndoTC - Asserting that the newly added caption is visible after clicking Undo.
16:13:14.269 [TestNG-test=RetryMultipleFailedTestcases-2] INFO  BasicEditingTC.F12_UndoRedoTC - Logged in and searched for a file, then clicked Edit.
16:13:18.733 [TestNG-test=RetryMultipleFailedTestcases-2] INFO  BasicEditingTC.F12_UndoRedoTC - Clicked on track changes.
16:13:37.149 [TestNG-test=RetryMultipleFailedTestcases-3] INFO  BasicEditingTC.F12_UndoRedoTC - Logged in and searched for a file, then clicked Edit.
16:13:40.417 [TestNG-test=RetryMultipleFailedTestcases-3] INFO  BasicEditingTC.F12_UndoRedoTC - Clicked on track changes.
16:13:54.057 [TestNG-test=RetryMultipleFailedTestcases-1] INFO  BasicEditingTC.F12_UndoRedoTC - Logged in and searched for a file, then clicked Edit.
16:13:54.110 [TestNG-test=RetryMultipleFailedTestcases-1] INFO  BasicEditingTC.F12_UndoRedoTC - Switched to frame 0.
16:13:54.679 [TestNG-test=RetryMultipleFailedTestcases-1] INFO  BasicEditingTC.F12_UndoRedoTC - Switched to default content.
16:13:55.326 [TestNG-test=RetryMultipleFailedTestcases-1] INFO  BasicEditingTC.F12_UndoRedoTC - Switched to frame 0.
16:13:56.015 [TestNG-test=RetryMultipleFailedTestcases-1] INFO  BasicEditingTC.F12_UndoRedoTC - Switched to default content.
16:13:56.192 [TestNG-test=RetryMultipleFailedTestcases-1] INFO  BasicEditingTC.F12_UndoRedoTC - Clicked on track changes.
16:13:56.933 [TestNG-test=RetryMultipleFailedTestcases-1] INFO  BasicEditingTC.F12_UndoRedoTC - Switched to frame 0.
16:14:09.856 [TestNG-test=RetryMultipleFailedTestcases-4] INFO  BasicEditingTC.F12_UndoRedoTC - Logged in and searched for a file, then clicked Edit.
16:14:09.909 [TestNG-test=RetryMultipleFailedTestcases-4] INFO  BasicEditingTC.F12_UndoRedoTC - Switched to frame 0.
16:14:10.910 [TestNG-test=RetryMultipleFailedTestcases-4] INFO  BasicEditingTC.F12_UndoRedoTC - Switched to default content.
16:14:11.847 [TestNG-test=RetryMultipleFailedTestcases-4] INFO  BasicEditingTC.F12_UndoRedoTC - Switched to default content.
16:14:14.040 [TestNG-test=RetryMultipleFailedTestcases-4] INFO  BasicEditingTC.F12_UndoRedoTC - Clicked on track changes.
16:14:47.939 [TestNG-test=RetryMultipleFailedTestcases-1] INFO  BasicEditingTC.F12_UndoRedoTC - Logged in and searched for a file, then clicked Edit.
16:14:47.965 [TestNG-test=RetryMultipleFailedTestcases-1] INFO  BasicEditingTC.F12_UndoRedoTC - Switched to frame 0.
16:14:48.443 [TestNG-test=RetryMultipleFailedTestcases-1] INFO  BasicEditingTC.F12_UndoRedoTC - Switched to default content.
16:14:49.142 [TestNG-test=RetryMultipleFailedTestcases-2] INFO  BasicEditingTC.F12_UndoRedoTC - Logged in and searched for a file, then clicked Edit.
16:14:49.175 [TestNG-test=RetryMultipleFailedTestcases-2] INFO  BasicEditingTC.F12_UndoRedoTC - Switched to frame 0.
16:14:49.722 [TestNG-test=RetryMultipleFailedTestcases-2] INFO  BasicEditingTC.F12_UndoRedoTC - Switched to default content.
16:14:50.940 [TestNG-test=RetryMultipleFailedTestcases-1] INFO  BasicEditingTC.F12_UndoRedoTC - Clicked on track changes.
16:14:51.046 [TestNG-test=RetryMultipleFailedTestcases-1] INFO  BasicEditingTC.F12_UndoRedoTC - Switched to frame 0.
16:14:51.091 [TestNG-test=RetryMultipleFailedTestcases-1] INFO  BasicEditingTC.F12_UndoRedoTC - Switched to default content.
16:14:52.026 [TestNG-test=RetryMultipleFailedTestcases-1] INFO  BasicEditingTC.F12_UndoRedoTC - Switched to frame 0.
16:14:52.118 [TestNG-test=RetryMultipleFailedTestcases-2] INFO  BasicEditingTC.F12_UndoRedoTC - Clicked on track changes.
16:14:52.195 [TestNG-test=RetryMultipleFailedTestcases-2] INFO  BasicEditingTC.F12_UndoRedoTC - Switched to frame 0.
16:14:52.230 [TestNG-test=RetryMultipleFailedTestcases-2] INFO  BasicEditingTC.F12_UndoRedoTC - Switched to default content.
16:14:52.904 [TestNG-test=RetryMultipleFailedTestcases-2] INFO  BasicEditingTC.F12_UndoRedoTC - Switched to frame 0.
16:15:13.416 [TestNG-test=RetryMultipleFailedTestcases-3] INFO  BasicEditingTC.F12_UndoRedoTC - Logged in and searched for a file, then clicked Edit.
16:15:13.446 [TestNG-test=RetryMultipleFailedTestcases-3] INFO  BasicEditingTC.F12_UndoRedoTC - Switched to frame 0.
16:15:14.156 [TestNG-test=RetryMultipleFailedTestcases-3] INFO  BasicEditingTC.F12_UndoRedoTC - Switched to default content.
16:15:33.006 [TestNG-test=RetryMultipleFailedTestcases-2] INFO  BasicEditingTC.F12_UndoRedoTC - Switched to default content.
16:15:34.099 [TestNG-test=RetryMultipleFailedTestcases-2] INFO  BasicEditingTC.F12_UndoRedoTC - Switched to frame 0.
16:15:51.842 [TestNG-test=RetryMultipleFailedTestcases-4] INFO  BasicEditingTC.F12_UndoRedoTC - Logged in and searched for a file, then clicked Edit.
16:15:51.874 [TestNG-test=RetryMultipleFailedTestcases-4] INFO  BasicEditingTC.F12_UndoRedoTC - Switched to frame 0.
16:15:52.628 [TestNG-test=RetryMultipleFailedTestcases-4] INFO  BasicEditingTC.F12_UndoRedoTC - Switched to default content.
16:16:12.608 [TestNG-test=RetryMultipleFailedTestcases-1] INFO  BasicEditingTC.F12_UndoRedoTC - Logged in and searched for a file, then clicked Edit.
16:16:12.648 [TestNG-test=RetryMultipleFailedTestcases-1] INFO  BasicEditingTC.F12_UndoRedoTC - Switched to frame 0.
16:16:13.370 [TestNG-test=RetryMultipleFailedTestcases-2] INFO  BasicEditingTC.F12_UndoRedoTC - Logged in and searched for a file, then clicked Edit.
16:16:13.382 [TestNG-test=RetryMultipleFailedTestcases-1] INFO  BasicEditingTC.F12_UndoRedoTC - Switched to default content.
16:16:13.397 [TestNG-test=RetryMultipleFailedTestcases-2] INFO  BasicEditingTC.F12_UndoRedoTC - Switched to frame 0.
16:16:14.143 [TestNG-test=RetryMultipleFailedTestcases-1] INFO  BasicEditingTC.F12_UndoRedoTC - Switched to frame 0.
16:16:14.687 [TestNG-test=RetryMultipleFailedTestcases-1] INFO  BasicEditingTC.F12_UndoRedoTC - Switched to default content.
16:16:14.853 [TestNG-test=RetryMultipleFailedTestcases-1] INFO  BasicEditingTC.F12_UndoRedoTC - Clicked on track changes.
16:16:15.381 [TestNG-test=RetryMultipleFailedTestcases-2] INFO  BasicEditingTC.F12_UndoRedoTC - Switched to default content.
16:16:16.682 [TestNG-test=RetryMultipleFailedTestcases-2] INFO  BasicEditingTC.F12_UndoRedoTC - Switched to default content.
16:16:17.096 [TestNG-test=RetryMultipleFailedTestcases-1] INFO  BasicEditingTC.F12_UndoRedoTC - Switched to frame 0.
16:16:18.799 [TestNG-test=RetryMultipleFailedTestcases-2] INFO  BasicEditingTC.F12_UndoRedoTC - Clicked on track changes.
16:16:24.071 [TestNG-test=RetryMultipleFailedTestcases-1] INFO  BasicEditingTC.F12_UndoRedoTC - Starting verify_Insert_Table
16:16:44.551 [TestNG-test=RetryMultipleFailedTestcases-3] INFO  BasicEditingTC.F12_UndoRedoTC - Starting verify_Insert_Table
16:17:02.143 [TestNG-test=RetryMultipleFailedTestcases-1] INFO  BasicEditingTC.F12_UndoRedoTC - Logged in, searched for a file, and clicked Edit.
16:17:02.144 [TestNG-test=RetryMultipleFailedTestcases-1] INFO  BasicEditingTC.F12_UndoRedoTC - Created F4_Table instance.
16:17:08.132 [TestNG-test=RetryMultipleFailedTestcases-3] INFO  BasicEditingTC.F12_UndoRedoTC - Logged in, searched for a file, and clicked Edit.
16:17:08.132 [TestNG-test=RetryMultipleFailedTestcases-3] INFO  BasicEditingTC.F12_UndoRedoTC - Created F4_Table instance.
16:17:10.529 [TestNG-test=RetryMultipleFailedTestcases-1] INFO  BasicEditingTC.F12_UndoRedoTC - Inserted table using ReusableMethods.
16:17:10.603 [TestNG-test=RetryMultipleFailedTestcases-1] INFO  BasicEditingTC.F12_UndoRedoTC - Switched to frame 0.
16:17:10.671 [TestNG-test=RetryMultipleFailedTestcases-1] INFO  BasicEditingTC.F12_UndoRedoTC - Table is inserted in the Visual Editor.
16:17:10.674 [TestNG-test=RetryMultipleFailedTestcases-1] INFO  BasicEditingTC.F12_UndoRedoTC - Switched back to default content.
16:17:10.737 [TestNG-test=RetryMultipleFailedTestcases-1] INFO  BasicEditingTC.F12_UndoRedoTC - Document Structure is updated with the table.
16:17:20.424 [TestNG-test=RetryMultipleFailedTestcases-3] INFO  BasicEditingTC.F12_UndoRedoTC - Inserted table using ReusableMethods.
16:17:20.512 [TestNG-test=RetryMultipleFailedTestcases-3] INFO  BasicEditingTC.F12_UndoRedoTC - Switched to frame 0.
16:17:20.591 [TestNG-test=RetryMultipleFailedTestcases-3] INFO  BasicEditingTC.F12_UndoRedoTC - Table is inserted in the Visual Editor.
16:17:20.594 [TestNG-test=RetryMultipleFailedTestcases-3] INFO  BasicEditingTC.F12_UndoRedoTC - Switched back to default content.
16:17:20.678 [TestNG-test=RetryMultipleFailedTestcases-3] INFO  BasicEditingTC.F12_UndoRedoTC - Document Structure is updated with the table.
16:17:28.350 [TestNG-test=RetryMultipleFailedTestcases-2] INFO  BasicEditingTC.F12_UndoRedoTC - ****    Starting --> paraTC    ****
16:17:35.126 [TestNG-test=RetryMultipleFailedTestcases-4] INFO  BasicEditingTC.F12_UndoRedoTC - ****    Starting --> paraTC    ****
16:18:00.509 [TestNG-test=RetryMultipleFailedTestcases-1] INFO  BasicEditingTC.F12_UndoRedoTC - Starting verify_ExistingList_PropertiesPopup
16:18:01.745 [TestNG-test=RetryMultipleFailedTestcases-2] INFO  BasicEditingTC.F12_UndoRedoTC - clicked on second section from DS
16:18:02.923 [TestNG-test=RetryMultipleFailedTestcases-2] INFO  BasicEditingTC.F12_UndoRedoTC - clicked on second sections 2nd para from DS
16:18:03.414 [TestNG-test=RetryMultipleFailedTestcases-2] INFO  BasicEditingTC.F12_UndoRedoTC - clicked on Enter key
16:18:04.411 [TestNG-test=RetryMultipleFailedTestcases-2] INFO  BasicEditingTC.F12_UndoRedoTC - Verifying new para present in VE
16:18:06.957 [TestNG-test=RetryMultipleFailedTestcases-4] INFO  BasicEditingTC.F12_UndoRedoTC - clicked on second section from DS
16:18:08.711 [TestNG-test=RetryMultipleFailedTestcases-4] INFO  BasicEditingTC.F12_UndoRedoTC - clicked on second sections 2nd para from DS
16:18:09.062 [TestNG-test=RetryMultipleFailedTestcases-4] INFO  BasicEditingTC.F12_UndoRedoTC - clicked on Enter key
16:18:09.675 [TestNG-test=RetryMultipleFailedTestcases-4] INFO  BasicEditingTC.F12_UndoRedoTC - Verifying new para present in VE
16:18:11.223 [TestNG-test=RetryMultipleFailedTestcases-3] INFO  BasicEditingTC.F12_UndoRedoTC - Starting verify_ExistingList_PropertiesPopup
16:18:12.837 [TestNG-test=RetryMultipleFailedTestcases-2] INFO  BasicEditingTC.F12_UndoRedoTC - ****    Starting --> paraTC    ****
16:18:20.871 [TestNG-test=RetryMultipleFailedTestcases-4] INFO  BasicEditingTC.F12_UndoRedoTC - ****    Starting --> paraTC    ****
16:18:26.930 [TestNG-test=RetryMultipleFailedTestcases-1] INFO  BasicEditingTC.F12_UndoRedoTC - Logged in, searched for a file, and clicked Edit.
16:18:26.949 [TestNG-test=RetryMultipleFailedTestcases-1] INFO  BasicEditingTC.F12_UndoRedoTC - Switched to frame 0.
16:18:27.795 [TestNG-test=RetryMultipleFailedTestcases-1] INFO  BasicEditingTC.F12_UndoRedoTC - Performed right-click on the existing list item.
16:18:28.002 [TestNG-test=RetryMultipleFailedTestcases-1] INFO  BasicEditingTC.F12_UndoRedoTC - Switched back to default content.
16:18:28.332 [TestNG-test=RetryMultipleFailedTestcases-1] INFO  BasicEditingTC.F12_UndoRedoTC - Switched to frame 1.
16:18:29.172 [TestNG-test=RetryMultipleFailedTestcases-1] INFO  BasicEditingTC.F12_UndoRedoTC - Clicked on Remove Element Block.
16:18:29.366 [TestNG-test=RetryMultipleFailedTestcases-1] INFO  BasicEditingTC.F12_UndoRedoTC - Switched back to default content.
16:18:29.399 [TestNG-test=RetryMultipleFailedTestcases-1] INFO  BasicEditingTC.F12_UndoRedoTC - Switched back to frame 0.
16:18:29.432 [TestNG-test=RetryMultipleFailedTestcases-1] INFO  BasicEditingTC.F12_UndoRedoTC - Verified that the list is deleted in VE.
16:18:30.412 [TestNG-test=RetryMultipleFailedTestcases-1] INFO  BasicEditingTC.F12_UndoRedoTC - Switched back to frame 0.
16:18:30.431 [TestNG-test=RetryMultipleFailedTestcases-1] INFO  BasicEditingTC.F12_UndoRedoTC - Verified that the list is deleted in VE.
16:18:37.289 [TestNG-test=RetryMultipleFailedTestcases-1] INFO  BasicEditingTC.F12_UndoRedoTC - ****    Starting --> UndoTC    ****
16:18:54.698 [TestNG-test=RetryMultipleFailedTestcases-3] INFO  BasicEditingTC.F12_UndoRedoTC - Logged in, searched for a file, and clicked Edit.
16:18:54.718 [TestNG-test=RetryMultipleFailedTestcases-3] INFO  BasicEditingTC.F12_UndoRedoTC - Switched to frame 0.
16:18:55.517 [TestNG-test=RetryMultipleFailedTestcases-3] INFO  BasicEditingTC.F12_UndoRedoTC - Performed right-click on the existing list item.
16:18:55.801 [TestNG-test=RetryMultipleFailedTestcases-3] INFO  BasicEditingTC.F12_UndoRedoTC - Switched back to default content.
16:18:55.854 [TestNG-test=RetryMultipleFailedTestcases-3] INFO  BasicEditingTC.F12_UndoRedoTC - Switched to frame 1.
16:18:56.757 [TestNG-test=RetryMultipleFailedTestcases-3] INFO  BasicEditingTC.F12_UndoRedoTC - Clicked on Remove Element Block.
16:18:57.095 [TestNG-test=RetryMultipleFailedTestcases-3] INFO  BasicEditingTC.F12_UndoRedoTC - Switched back to default content.
16:18:57.552 [TestNG-test=RetryMultipleFailedTestcases-3] INFO  BasicEditingTC.F12_UndoRedoTC - Switched back to frame 0.
16:18:57.849 [TestNG-test=RetryMultipleFailedTestcases-3] INFO  BasicEditingTC.F12_UndoRedoTC - Verified that the list is deleted in VE.
16:18:59.281 [TestNG-test=RetryMultipleFailedTestcases-3] INFO  BasicEditingTC.F12_UndoRedoTC - Switched back to frame 0.
16:18:59.315 [TestNG-test=RetryMultipleFailedTestcases-3] INFO  BasicEditingTC.F12_UndoRedoTC - Verified that the list is deleted in VE.
16:19:01.232 [TestNG-test=RetryMultipleFailedTestcases-3] INFO  BasicEditingTC.F12_UndoRedoTC - Switched back to frame 0.
16:19:01.374 [TestNG-test=RetryMultipleFailedTestcases-3] INFO  BasicEditingTC.F12_UndoRedoTC - Verified that the list is deleted in VE.
16:19:07.686 [TestNG-test=RetryMultipleFailedTestcases-4] INFO  BasicEditingTC.F12_UndoRedoTC - clicked on simple-para selement
16:19:07.686 [TestNG-test=RetryMultipleFailedTestcases-2] INFO  BasicEditingTC.F12_UndoRedoTC - clicked on simple-para selement
16:19:07.953 [TestNG-test=RetryMultipleFailedTestcases-4] INFO  BasicEditingTC.F12_UndoRedoTC - Verifying Simple Para present in VE
16:19:07.987 [TestNG-test=RetryMultipleFailedTestcases-2] INFO  BasicEditingTC.F12_UndoRedoTC - Verifying Simple Para present in VE
16:19:08.029 [TestNG-test=RetryMultipleFailedTestcases-4] INFO  BasicEditingTC.F12_UndoRedoTC - Verifying Simple Para present into DS
16:19:08.048 [TestNG-test=RetryMultipleFailedTestcases-2] INFO  BasicEditingTC.F12_UndoRedoTC - Verifying Simple Para present into DS
16:19:10.770 [TestNG-test=RetryMultipleFailedTestcases-3] INFO  BasicEditingTC.F12_UndoRedoTC - ****    Starting --> UndoTC    ****
16:19:13.465 [TestNG-test=RetryMultipleFailedTestcases-1] INFO  BasicEditingTC.F12_UndoRedoTC - Verifying Address present in VE
16:19:18.787 [TestNG-test=RetryMultipleFailedTestcases-2] INFO  sprint5_TestCases.Ac_RedoTC - Logging in and searching for the file to edit.
16:19:21.680 [TestNG-test=RetryMultipleFailedTestcases-4] INFO  sprint5_TestCases.Ac_RedoTC - Starting test TC038_verifyRedoChangeElementAttributePanel.
16:19:24.979 [TestNG-test=RetryMultipleFailedTestcases-1] INFO  sprint5_TestCases.Ac_RedoTC - Logging in and searching for the file to edit.
16:19:49.571 [TestNG-test=RetryMultipleFailedTestcases-2] INFO  sprint5_TestCases.Ac_RedoTC - Switching to frame 0 and selecting the first paragraph.
16:19:52.770 [TestNG-test=RetryMultipleFailedTestcases-2] INFO  sprint5_TestCases.Ac_RedoTC - Holding Shift and selecting text for various formatting changes.
16:19:58.146 [TestNG-test=RetryMultipleFailedTestcases-2] INFO  sprint5_TestCases.Ac_RedoTC - Undoing the formatting changes.
16:19:59.030 [TestNG-test=RetryMultipleFailedTestcases-3] INFO  BasicEditingTC.F12_UndoRedoTC - Verifying Address present in VE
16:20:05.358 [TestNG-test=RetryMultipleFailedTestcases-4] INFO  sprint5_TestCases.Ac_RedoTC - Switching to frame and clicking the first paragraph.
16:20:06.708 [TestNG-test=RetryMultipleFailedTestcases-4] INFO  sprint5_TestCases.Ac_RedoTC - Clicking 'Change' in the Attribute Panel and adding text.
16:20:07.875 [TestNG-test=RetryMultipleFailedTestcases-1] INFO  sprint5_TestCases.Ac_RedoTC - Checking if Redo toolbar is present in the toolbar.
16:20:08.079 [TestNG-test=RetryMultipleFailedTestcases-1] INFO  sprint5_TestCases.Ac_RedoTC - Checking if Redo is initially disabled.
16:20:08.136 [TestNG-test=RetryMultipleFailedTestcases-1] INFO  sprint5_TestCases.Ac_RedoTC - Selecting the first paragraph.
16:20:09.017 [TestNG-test=RetryMultipleFailedTestcases-2] INFO  sprint5_TestCases.Ac_RedoTC - Redoing the formatting changes.
16:20:09.305 [TestNG-test=RetryMultipleFailedTestcases-1] INFO  sprint5_TestCases.Ac_RedoTC - Applying Bold to the selected text.
16:20:10.628 [TestNG-test=RetryMultipleFailedTestcases-1] INFO  sprint5_TestCases.Ac_RedoTC - Checking if Undo is enabled and Redo is still disabled.
16:20:11.790 [TestNG-test=RetryMultipleFailedTestcases-1] INFO  sprint5_TestCases.Ac_RedoTC - Clicking Undo.
16:20:13.317 [TestNG-test=RetryMultipleFailedTestcases-3] INFO  sprint5_TestCases.Ac_RedoTC - Logging in and searching for the file to edit.
16:20:13.483 [TestNG-test=RetryMultipleFailedTestcases-1] INFO  sprint5_TestCases.Ac_RedoTC - Checking if Redo is enabled after Undo.
16:20:14.105 [TestNG-test=RetryMultipleFailedTestcases-1] INFO  sprint5_TestCases.Ac_RedoTC - Clicking Redo.
16:20:14.649 [TestNG-test=RetryMultipleFailedTestcases-1] INFO  sprint5_TestCases.Ac_RedoTC - Checking if Redo is disabled after Redo operation.
16:20:17.134 [TestNG-test=RetryMultipleFailedTestcases-4] INFO  sprint5_TestCases.Ac_RedoTC - Logging in and searching for the file to edit.
16:20:21.603 [TestNG-test=RetryMultipleFailedTestcases-1] INFO  sprint5_TestCases.Ac_RedoTC - Starting test TC042_verifyRedoExistingContent.
16:20:26.964 [TestNG-test=RetryMultipleFailedTestcases-2] INFO  sprint5_TestCases.Ac_RedoTC - Starting test TC043_verifyRedoNewContent.
16:20:59.526 [TestNG-test=RetryMultipleFailedTestcases-4] INFO  sprint5_TestCases.Ac_RedoTC - Verifying the presence and state of Redo functionality.
16:20:59.664 [TestNG-test=RetryMultipleFailedTestcases-4] INFO  sprint5_TestCases.Ac_RedoTC - Double-clicking the first paragraph.
16:21:00.182 [TestNG-test=RetryMultipleFailedTestcases-3] INFO  sprint5_TestCases.Ac_RedoTC - Moving the mouse to the Redo element to check if it's highlighted.
16:21:00.343 [TestNG-test=RetryMultipleFailedTestcases-3] INFO  sprint5_TestCases.Ac_RedoTC - Verifying if Redo is highlighted by checking its background color.
16:21:00.775 [TestNG-test=RetryMultipleFailedTestcases-4] INFO  sprint5_TestCases.Ac_RedoTC - Verifying that Bold is enabled.
16:21:03.815 [TestNG-test=RetryMultipleFailedTestcases-4] INFO  sprint5_TestCases.Ac_RedoTC - Verifying the state of Redo after performing Undo.
16:21:07.626 [TestNG-test=RetryMultipleFailedTestcases-1] INFO  sprint5_TestCases.Ac_RedoTC - Switching to frame and double-clicking the first paragraph.
16:21:08.377 [TestNG-test=RetryMultipleFailedTestcases-1] INFO  sprint5_TestCases.Ac_RedoTC - Clicking 'Bold' to emphasize text.
16:21:10.227 [TestNG-test=RetryMultipleFailedTestcases-3] INFO  sprint5_TestCases.Ac_RedoTC - Starting test TC045_verifyRedoRemoveNewContent.
16:21:11.460 [TestNG-test=RetryMultipleFailedTestcases-2] INFO  sprint5_TestCases.Ac_RedoTC - Switching to frame and selecting the first paragraph.
16:21:14.034 [TestNG-test=RetryMultipleFailedTestcases-2] INFO  sprint5_TestCases.Ac_RedoTC - Performing Undo operation.
16:21:14.881 [TestNG-test=RetryMultipleFailedTestcases-2] INFO  sprint5_TestCases.Ac_RedoTC - Performing Redo operation.
16:21:16.536 [TestNG-test=RetryMultipleFailedTestcases-2] INFO  sprint5_TestCases.Ac_RedoTC - Switching to Quick Preview and checking Redo status.
16:21:17.692 [TestNG-test=RetryMultipleFailedTestcases-2] INFO  sprint5_TestCases.Ac_RedoTC - Test TC043_verifyRedoNewContent completed.
16:21:19.264 [TestNG-test=RetryMultipleFailedTestcases-1] INFO  sprint5_TestCases.Ac_RedoTC - Logging in and searching for the file to edit.
16:21:32.253 [TestNG-test=RetryMultipleFailedTestcases-2] INFO  sprint5_TestCases.Ac_RedoTC - Starting test TC048_verifyRedoInFootnote.
16:21:44.991 [TestNG-test=RetryMultipleFailedTestcases-4] INFO  sprint5_TestCases.Ac_RedoTC - Verifying the presence of an element with id935.
16:21:47.175 [TestNG-test=RetryMultipleFailedTestcases-4] INFO  sprint5_TestCases.Ac_RedoTC - Verifying the presence of an element in Visual Editor after Redo.
16:21:52.969 [TestNG-test=RetryMultipleFailedTestcases-3] INFO  sprint5_TestCases.Ac_RedoTC - Switching to frame and selecting the first paragraph.
16:21:54.273 [TestNG-test=RetryMultipleFailedTestcases-1] INFO  sprint5_TestCases.Ac_RedoTC - Right-clicking an element and removing it.
16:21:56.695 [TestNG-test=RetryMultipleFailedTestcases-4] INFO  sprint5_TestCases.Ac_RedoTC - Starting test TC049_verifyRedoInsertEntity.
16:21:57.177 [TestNG-test=RetryMultipleFailedTestcases-1] INFO  sprint5_TestCases.Ac_RedoTC - Selecting a specific element in Visual Editor.
16:21:57.917 [TestNG-test=RetryMultipleFailedTestcases-3] INFO  sprint5_TestCases.Ac_RedoTC - Performing Undo operation.
16:21:58.029 [TestNG-test=RetryMultipleFailedTestcases-1] INFO  sprint5_TestCases.Ac_RedoTC - Accepting the change and verifying the state after Undo.
16:21:58.958 [TestNG-test=RetryMultipleFailedTestcases-3] INFO  sprint5_TestCases.Ac_RedoTC - Performing Redo operation.
16:22:04.378 [TestNG-test=RetryMultipleFailedTestcases-2] INFO  sprint5_TestCases.Ac_RedoTC - Creating a new Footnote.
16:22:11.823 [TestNG-test=RetryMultipleFailedTestcases-2] INFO  sprint5_TestCases.Ac_RedoTC - Verifying the presence of Footnote.
16:22:11.880 [TestNG-test=RetryMultipleFailedTestcases-2] INFO  sprint5_TestCases.Ac_RedoTC - Performing Redo operations.
16:22:17.207 [TestNG-test=RetryMultipleFailedTestcases-2] INFO  sprint5_TestCases.Ac_RedoTC - Verifying the presence of Footnote after Redo.
16:22:17.235 [TestNG-test=RetryMultipleFailedTestcases-2] INFO  sprint5_TestCases.Ac_RedoTC - Test TC048_verifyRedoInFootnote completed.
16:22:34.212 [TestNG-test=RetryMultipleFailedTestcases-2] INFO  sprint5_TestCases.Ac_RedoTC - Starting test TC050_verifyTableRedo.
16:22:35.860 [TestNG-test=RetryMultipleFailedTestcases-4] INFO  sprint5_TestCases.Ac_RedoTC - Inserting an Entity.
16:22:38.230 [TestNG-test=RetryMultipleFailedTestcases-4] INFO  sprint5_TestCases.Ac_RedoTC - Performing Undo operation.
16:22:39.415 [TestNG-test=RetryMultipleFailedTestcases-1] INFO  sprint5_TestCases.Ac_RedoTC - Verifying the presence of an existing content in Document Structure after Undo.
16:22:40.043 [TestNG-test=RetryMultipleFailedTestcases-3] INFO  sprint5_TestCases.Ac_RedoTC - Switching to Quick Preview and checking Redo status.
16:22:41.109 [TestNG-test=RetryMultipleFailedTestcases-1] INFO  sprint5_TestCases.Ac_RedoTC - Verifying the presence of existing content in Document Structure after Undo.
16:22:41.126 [TestNG-test=RetryMultipleFailedTestcases-1] INFO  sprint5_TestCases.Ac_RedoTC - Verifying the presence of existing content in Visual Editor after Undo.
16:23:03.475 [TestNG-test=RetryMultipleFailedTestcases-2] INFO  sprint5_TestCases.Ac_RedoTC - Inserting a table.
16:23:10.912 [TestNG-test=RetryMultipleFailedTestcases-2] INFO  sprint5_TestCases.Ac_RedoTC - Clicking 'Delete Column' and checking the column count.
16:23:11.510 [TestNG-test=RetryMultipleFailedTestcases-2] INFO  sprint5_TestCases.Ac_RedoTC - Performing Undo operation.
16:23:12.133 [TestNG-test=RetryMultipleFailedTestcases-2] INFO  sprint5_TestCases.Ac_RedoTC - Performing Redo operation.
16:23:13.339 [TestNG-test=RetryMultipleFailedTestcases-2] INFO  sprint5_TestCases.Ac_RedoTC - Test TC050_verifyTableRedo completed.
16:23:18.831 [TestNG-test=RetryMultipleFailedTestcases-4] INFO  sprint5_TestCases.Ac_RedoTC - Performing Redo operation.
16:23:19.787 [TestNG-test=RetryMultipleFailedTestcases-4] INFO  sprint5_TestCases.Ac_RedoTC - Test TC049_verifyRedoInsertEntity completed.
16:23:19.814 [TestNG-test=RetryMultipleFailedTestcases-2] INFO  sprint5_TestCases.Ac_RedoTC - Logging in and searching for the file to edit.
16:23:20.802 [TestNG-test=RetryMultipleFailedTestcases-3] INFO  sprint5_TestCases.Ac_RedoTC - Switching to Code View and checking Redo status.
16:23:27.324 [TestNG-test=RetryMultipleFailedTestcases-4] INFO  sprint5_TestCases.Ac_RedoTC - Starting test TC052_verifyRedoNewlyAddedCaptionTable.
16:23:29.672 [TestNG-test=RetryMultipleFailedTestcases-1] INFO  Elements_Testcases.Ae_UndoRedoTC - Starting verifyChangeElementParaToSection
16:23:45.794 [TestNG-test=RetryMultipleFailedTestcases-2] INFO  sprint5_TestCases.Ac_RedoTC - Switching to frame 0 and double-clicking the first paragraph.
16:23:49.463 [TestNG-test=RetryMultipleFailedTestcases-2] INFO  sprint5_TestCases.Ac_RedoTC - Right-clicking and inserting formatting into the paragraph.
16:23:55.099 [TestNG-test=RetryMultipleFailedTestcases-4] INFO  sprint5_TestCases.Ac_RedoTC - Inserting a Table.
16:23:55.931 [TestNG-test=RetryMultipleFailedTestcases-2] INFO  sprint5_TestCases.Ac_RedoTC - Undoing the formatting insertion.
16:23:57.482 [TestNG-test=RetryMultipleFailedTestcases-2] INFO  sprint5_TestCases.Ac_RedoTC - Redoing the formatting insertion.
16:24:01.199 [TestNG-test=RetryMultipleFailedTestcases-3] INFO  sprint5_TestCases.Ac_RedoTC - Test TC045_verifyRedoRemoveNewContent completed.
16:24:05.165 [TestNG-test=RetryMultipleFailedTestcases-4] INFO  sprint5_TestCases.Ac_RedoTC - Rejecting the change.
16:24:09.629 [TestNG-test=RetryMultipleFailedTestcases-2] INFO  Elements_Testcases.Ae_UndoRedoTC - Starting verifyChangeElementParaToSection
16:24:10.113 [TestNG-test=RetryMultipleFailedTestcases-3] INFO  Elements_Testcases.Ae_UndoRedoTC - Starting the test verify_AddFigure_CheckTC
16:24:10.323 [TestNG-test=RetryMultipleFailedTestcases-1] INFO  Elements_Testcases.Ae_UndoRedoTC - Logged in, searched for a file, and clicked Edit.
16:24:10.334 [TestNG-test=RetryMultipleFailedTestcases-1] INFO  Elements_Testcases.Ae_UndoRedoTC - Created Para instance.
16:24:17.675 [TestNG-test=RetryMultipleFailedTestcases-1] INFO  Elements_Testcases.Ae_UndoRedoTC - Inserted table using ReusableMethods.
16:24:19.131 [TestNG-test=RetryMultipleFailedTestcases-1] INFO  Elements_Testcases.Ae_UndoRedoTC - Switched to frame 0.
16:24:19.209 [TestNG-test=RetryMultipleFailedTestcases-1] INFO  Elements_Testcases.Ae_UndoRedoTC - Switched to default content.
16:24:20.270 [TestNG-test=RetryMultipleFailedTestcases-1] INFO  Elements_Testcases.Ae_UndoRedoTC - Switched to frame 0.
16:24:43.823 [TestNG-test=RetryMultipleFailedTestcases-3] INFO  Elements_Testcases.Ae_UndoRedoTC - Logged in and searched for the file, then clicked on edit.
16:24:44.926 [TestNG-test=RetryMultipleFailedTestcases-3] INFO  Elements_Testcases.Ae_UndoRedoTC - Right-clicked on the first paragraph in Visual Editor.
16:24:45.864 [TestNG-test=RetryMultipleFailedTestcases-3] INFO  Elements_Testcases.Ae_UndoRedoTC - Clicked on 'VE Insert After' in Visual Editor.
16:24:46.096 [TestNG-test=RetryMultipleFailedTestcases-3] INFO  Elements_Testcases.Ae_UndoRedoTC - Entered 'figure' text.
16:24:48.181 [TestNG-test=RetryMultipleFailedTestcases-2] INFO  Elements_Testcases.Ae_UndoRedoTC - Logged in, searched for a file, and clicked Edit.
16:24:48.182 [TestNG-test=RetryMultipleFailedTestcases-2] INFO  Elements_Testcases.Ae_UndoRedoTC - Created Para instance.
16:24:48.688 [TestNG-test=RetryMultipleFailedTestcases-4] INFO  sprint5_TestCases.Ac_RedoTC - Performing Undo operation.
16:24:55.116 [TestNG-test=RetryMultipleFailedTestcases-2] INFO  Elements_Testcases.Ae_UndoRedoTC - Inserted table using ReusableMethods.
16:24:55.993 [TestNG-test=RetryMultipleFailedTestcases-2] INFO  Elements_Testcases.Ae_UndoRedoTC - Switched to frame 0.
16:24:56.036 [TestNG-test=RetryMultipleFailedTestcases-2] INFO  Elements_Testcases.Ae_UndoRedoTC - Switched to default content.
16:24:56.761 [TestNG-test=RetryMultipleFailedTestcases-2] INFO  Elements_Testcases.Ae_UndoRedoTC - Switched to frame 0.
16:24:59.161 [TestNG-test=RetryMultipleFailedTestcases-3] INFO  Elements_Testcases.Ae_UndoRedoTC - Clicked on 'Image Insert' button.
16:24:59.273 [TestNG-test=RetryMultipleFailedTestcases-3] INFO  Elements_Testcases.Ae_UndoRedoTC - Entered 'Hello' in the Figure Heading text box.
16:24:59.793 [TestNG-test=RetryMultipleFailedTestcases-3] INFO  Elements_Testcases.Ae_UndoRedoTC - Clicked on 'Figure Insert' button.
16:25:00.371 [TestNG-test=RetryMultipleFailedTestcases-1] INFO  Elements_Testcases.Ae_UndoRedoTC - Switched to default content.
16:25:36.883 [TestNG-test=RetryMultipleFailedTestcases-2] INFO  Elements_Testcases.Ae_UndoRedoTC - Switched to default content.
16:25:37.838 [TestNG-test=RetryMultipleFailedTestcases-2] INFO  Elements_Testcases.Ae_UndoRedoTC - Switched to frame 0.
16:25:45.039 [TestNG-test=RetryMultipleFailedTestcases-3] INFO  Elements_Testcases.Ae_UndoRedoTC - Test verify_AddFigure_CheckTC completed.
16:25:49.487 [TestNG-test=RetryMultipleFailedTestcases-1] INFO  Elements_Testcases.Ae_UndoRedoTC - Logged in and searched for a file, then clicked Edit.
16:25:49.544 [TestNG-test=RetryMultipleFailedTestcases-1] INFO  Elements_Testcases.Ae_UndoRedoTC - Switched to frame 0.
16:25:50.223 [TestNG-test=RetryMultipleFailedTestcases-1] INFO  Elements_Testcases.Ae_UndoRedoTC - Switched to default content.
16:25:52.051 [TestNG-test=RetryMultipleFailedTestcases-4] INFO  Elements_Testcases.Ae_UndoRedoTC - Logged in and searched for a file, then clicked Edit.
16:25:52.088 [TestNG-test=RetryMultipleFailedTestcases-4] INFO  Elements_Testcases.Ae_UndoRedoTC - Switched to frame 0.
16:25:52.241 [TestNG-test=RetryMultipleFailedTestcases-1] INFO  Elements_Testcases.Ae_UndoRedoTC - Clicked on Number List Plugin.
16:25:52.866 [TestNG-test=RetryMultipleFailedTestcases-4] INFO  Elements_Testcases.Ae_UndoRedoTC - Switched to default content.
16:25:53.992 [TestNG-test=RetryMultipleFailedTestcases-3] INFO  Elements_Testcases.Ae_UndoRedoTC - Starting verifyChangeElementParaToSection
16:26:01.995 [TestNG-test=RetryMultipleFailedTestcases-1] INFO  Elements_Testcases.Ae_UndoRedoTC - Starting verifyChangeElementParaToSection
16:26:17.372 [TestNG-test=RetryMultipleFailedTestcases-2] INFO  Elements_Testcases.Ae_UndoRedoTC - Logged in and searched for a file, then clicked Edit.
16:26:17.403 [TestNG-test=RetryMultipleFailedTestcases-2] INFO  Elements_Testcases.Ae_UndoRedoTC - Switched to frame 0.
16:26:17.918 [TestNG-test=RetryMultipleFailedTestcases-2] INFO  Elements_Testcases.Ae_UndoRedoTC - Switched to default content.
16:26:20.783 [TestNG-test=RetryMultipleFailedTestcases-2] INFO  Elements_Testcases.Ae_UndoRedoTC - Switched to frame 0.
16:26:38.540 [TestNG-test=RetryMultipleFailedTestcases-3] INFO  Elements_Testcases.Ae_UndoRedoTC - Logged in, searched for a file, and clicked Edit.
16:26:46.676 [TestNG-test=RetryMultipleFailedTestcases-3] INFO  Elements_Testcases.Ae_UndoRedoTC - Starting verifyChangeElementParaToSection
16:26:51.609 [TestNG-test=RetryMultipleFailedTestcases-1] INFO  Elements_Testcases.Ae_UndoRedoTC - Logged in, searched for a file, and clicked Edit.
16:27:00.902 [TestNG-test=RetryMultipleFailedTestcases-2] INFO  Elements_Testcases.Ae_UndoRedoTC - Switched to default content.
16:27:02.025 [TestNG-test=RetryMultipleFailedTestcases-2] INFO  Elements_Testcases.Ae_UndoRedoTC - Switched to frame 0.
16:27:14.693 [TestNG-test=RetryMultipleFailedTestcases-3] INFO  Elements_Testcases.Ae_UndoRedoTC - Logged in, searched for a file, and clicked Edit.
16:27:26.741 [TestNG-test=RetryMultipleFailedTestcases-4] INFO  Elements_Testcases.Ae_UndoRedoTC - Starting verifyChangeParaToTableCheckInCB
16:27:41.823 [TestNG-test=RetryMultipleFailedTestcases-2] INFO  Elements_Testcases.Ae_UndoRedoTC - clicked on simple-para selement
16:27:42.105 [TestNG-test=RetryMultipleFailedTestcases-2] INFO  Elements_Testcases.Ae_UndoRedoTC - Verifying Simple Para present in VE
16:27:46.350 [TestNG-test=RetryMultipleFailedTestcases-1] INFO  Elements_Testcases.Ae_UndoRedoTC - Starting verifyChangeSectionNumberToList
16:28:01.332 [TestNG-test=RetryMultipleFailedTestcases-4] INFO  Elements_Testcases.Ae_UndoRedoTC - Logged in, searched for a file, and clicked Edit.
16:28:12.460 [TestNG-test=RetryMultipleFailedTestcases-3] INFO  Elements_Testcases.Ae_UndoRedoTC - ****    Starting --> paraTC    ****
16:28:23.736 [TestNG-test=RetryMultipleFailedTestcases-1] INFO  Elements_Testcases.Ae_UndoRedoTC - Logged in and searched for a file, then clicked Edit.
16:28:23.741 [TestNG-test=RetryMultipleFailedTestcases-1] INFO  Elements_Testcases.Ae_UndoRedoTC - Created List instance.
16:28:24.630 [TestNG-test=RetryMultipleFailedTestcases-1] INFO  Elements_Testcases.Ae_UndoRedoTC - Clicked change Element
16:28:24.661 [TestNG-test=RetryMultipleFailedTestcases-1] INFO  Elements_Testcases.Ae_UndoRedoTC - Finished verifyChangeSectionNumberToList ..
16:28:27.218 [TestNG-test=RetryMultipleFailedTestcases-2] INFO  Elements_Testcases.Ae_UndoRedoTC - Verifying Simple Para present in VE
16:28:54.555 [TestNG-test=RetryMultipleFailedTestcases-3] INFO  Elements_Testcases.Ae_UndoRedoTC - clicked on Enter key
16:28:55.730 [TestNG-test=RetryMultipleFailedTestcases-3] INFO  Elements_Testcases.Ae_UndoRedoTC - Verifying new para present in VE
16:29:01.707 [TestNG-test=RetryMultipleFailedTestcases-2] INFO  Elements_Testcases.Ae_UndoRedoTC - clicked on Enter key
16:29:02.704 [TestNG-test=RetryMultipleFailedTestcases-4] INFO  Elements_Testcases.Ae_UndoRedoTC - Starting the test verify_AddFigure_CheckTC
16:29:19.133 [TestNG-test=RetryMultipleFailedTestcases-1] INFO  Elements_Testcases.Ae_UndoRedoTC - clicked on Enter key
16:29:37.168 [TestNG-test=RetryMultipleFailedTestcases-3] INFO  Elements_Testcases.Ae_UndoRedoTC - Verifying new para present in VE
16:29:39.516 [TestNG-test=RetryMultipleFailedTestcases-3] INFO  Elements_Testcases.Ae_UndoRedoTC - Verifying new para present in VE
16:29:40.273 [TestNG-test=RetryMultipleFailedTestcases-4] INFO  Elements_Testcases.Ae_UndoRedoTC - Logged in and searched for the file, then clicked on edit.
16:29:41.359 [TestNG-test=RetryMultipleFailedTestcases-4] INFO  Elements_Testcases.Ae_UndoRedoTC - Right-clicked on the first paragraph in Visual Editor.
16:29:42.424 [TestNG-test=RetryMultipleFailedTestcases-4] INFO  Elements_Testcases.Ae_UndoRedoTC - Clicked on 'VE Insert After' in Visual Editor.
16:29:42.724 [TestNG-test=RetryMultipleFailedTestcases-4] INFO  Elements_Testcases.Ae_UndoRedoTC - Entered 'figure' text.
16:29:47.471 [TestNG-test=RetryMultipleFailedTestcases-3] INFO  Elements_Testcases.Ae_UndoRedoTC - Starting VerifyDeleteSection ..
16:29:50.998 [TestNG-test=RetryMultipleFailedTestcases-2] INFO  Elements_Testcases.Ae_UndoRedoTC - Logged in and searched for a file, then clicked Edit.
16:29:55.032 [TestNG-test=RetryMultipleFailedTestcases-1] INFO  Elements_Testcases.Ae_UndoRedoTC - Logged in and searched for a file, then clicked Edit.
16:29:58.554 [TestNG-test=RetryMultipleFailedTestcases-4] INFO  Elements_Testcases.Ae_UndoRedoTC - Clicked on 'Image Insert' button.
16:29:58.810 [TestNG-test=RetryMultipleFailedTestcases-4] INFO  Elements_Testcases.Ae_UndoRedoTC - Entered 'Hello' in the Figure Heading text box.
16:29:59.817 [TestNG-test=RetryMultipleFailedTestcases-4] INFO  Elements_Testcases.Ae_UndoRedoTC - Clicked on 'Figure Insert' button.
16:30:11.334 [TestNG-test=RetryMultipleFailedTestcases-1] INFO  Elements_Testcases.Ae_UndoRedoTC - Starting verifyChangeElementParaToSection
16:30:11.460 [TestNG-test=RetryMultipleFailedTestcases-2] INFO  Elements_Testcases.Ae_UndoRedoTC - Starting verifyChangeElementParaToSection
16:30:30.996 [TestNG-test=RetryMultipleFailedTestcases-3] INFO  Elements_Testcases.Ae_UndoRedoTC - Switched to frame 0.
16:30:32.000 [TestNG-test=RetryMultipleFailedTestcases-3] INFO  Elements_Testcases.Ae_UndoRedoTC - Clicked on the first cell of the existing table.
16:30:32.775 [TestNG-test=RetryMultipleFailedTestcases-3] INFO  Elements_Testcases.Ae_UndoRedoTC - Switched back to default content.
16:30:41.150 [TestNG-test=RetryMultipleFailedTestcases-1] INFO  Elements_Testcases.Ae_UndoRedoTC - Logged in, searched for a file, and clicked Edit.
16:30:41.866 [TestNG-test=RetryMultipleFailedTestcases-1] INFO  Elements_Testcases.Ae_UndoRedoTC - Clicked on Document structure First section....
16:30:42.562 [TestNG-test=RetryMultipleFailedTestcases-3] INFO  Elements_Testcases.Ae_UndoRedoTC - Starting verifyChangeElementParaToSection
16:30:44.433 [TestNG-test=RetryMultipleFailedTestcases-1] INFO  Elements_Testcases.Ae_UndoRedoTC - Right clicked and removerd section Number
16:30:45.976 [TestNG-test=RetryMultipleFailedTestcases-1] INFO  Elements_Testcases.Ae_UndoRedoTC - Clicked on Accept changes Button....
16:30:54.361 [TestNG-test=RetryMultipleFailedTestcases-2] INFO  Elements_Testcases.Ae_UndoRedoTC - Logged in, searched for a file, and clicked Edit.
16:30:54.956 [TestNG-test=RetryMultipleFailedTestcases-2] INFO  Elements_Testcases.Ae_UndoRedoTC - Clicked on Document structure First section....
16:30:55.493 [TestNG-test=RetryMultipleFailedTestcases-4] INFO  Elements_Testcases.Ae_UndoRedoTC - Starting verifyChangeElementParaToSection
16:30:56.891 [TestNG-test=RetryMultipleFailedTestcases-2] INFO  Elements_Testcases.Ae_UndoRedoTC - Right clicked and removerd section Number
16:30:57.358 [TestNG-test=RetryMultipleFailedTestcases-2] INFO  Elements_Testcases.Ae_UndoRedoTC - Clicked on Accept changes Button....
16:31:07.130 [TestNG-test=RetryMultipleFailedTestcases-3] INFO  Elements_Testcases.Ae_UndoRedoTC - Logged in, searched for a file, and clicked Edit.
16:31:15.445 [TestNG-test=RetryMultipleFailedTestcases-3] INFO  Elements_Testcases.Ae_UndoRedoTC - Starting verifyChangeElementParaToSection
16:31:25.212 [TestNG-test=RetryMultipleFailedTestcases-4] INFO  Elements_Testcases.Ae_UndoRedoTC - Logged in, searched for a file, and clicked Edit.
16:31:27.368 [TestNG-test=RetryMultipleFailedTestcases-1] INFO  Elements_Testcases.Ae_UndoRedoTC - Verifying section Number is not present in Visual Editor...
16:31:33.289 [TestNG-test=RetryMultipleFailedTestcases-4] INFO  Elements_Testcases.Ae_UndoRedoTC - Starting verify_InsertMediaObject_ExistingTable
16:31:38.016 [TestNG-test=RetryMultipleFailedTestcases-2] INFO  Elements_Testcases.Ae_UndoRedoTC - Verifying section Heading is not present in Visual Editor...
16:31:54.558 [TestNG-test=RetryMultipleFailedTestcases-3] INFO  Elements_Testcases.Ae_UndoRedoTC - Logged in, searched for a file, and clicked Edit.
16:32:02.596 [TestNG-test=RetryMultipleFailedTestcases-3] INFO  Elements_Testcases.Ae_UndoRedoTC - Starting InsertList_ToExistingList_DS
16:32:04.333 [TestNG-test=RetryMultipleFailedTestcases-4] INFO  Elements_Testcases.Ae_UndoRedoTC - Logged in, searched for a file, and clicked Edit.
16:32:04.341 [TestNG-test=RetryMultipleFailedTestcases-4] INFO  Elements_Testcases.Ae_UndoRedoTC - Created F4_Table instance.
16:32:04.355 [TestNG-test=RetryMultipleFailedTestcases-4] INFO  Elements_Testcases.Ae_UndoRedoTC - Switched to frame 0.
16:32:05.081 [TestNG-test=RetryMultipleFailedTestcases-4] INFO  Elements_Testcases.Ae_UndoRedoTC - Clicked on the first cell of the existing table.
16:32:05.144 [TestNG-test=RetryMultipleFailedTestcases-4] INFO  Elements_Testcases.Ae_UndoRedoTC - Switched back to default content.
16:32:05.644 [TestNG-test=RetryMultipleFailedTestcases-4] INFO  Elements_Testcases.Ae_UndoRedoTC - Clicked Insert.
16:32:06.177 [TestNG-test=RetryMultipleFailedTestcases-4] INFO  Elements_Testcases.Ae_UndoRedoTC - Clicked Image for Table.
16:32:14.764 [TestNG-test=RetryMultipleFailedTestcases-1] INFO  Elements_Testcases.Ae_UndoRedoTC - Starting verifyChangeElementParaToSection
16:32:28.988 [TestNG-test=RetryMultipleFailedTestcases-2] INFO  Elements_Testcases.Ae_UndoRedoTC - Starting verifyChangeElementParaToSection
16:32:29.867 [TestNG-test=RetryMultipleFailedTestcases-3] INFO  Elements_Testcases.Ae_UndoRedoTC - Logged in, searched for a file, and clicked Edit.
16:32:31.140 [TestNG-test=RetryMultipleFailedTestcases-3] INFO  Elements_Testcases.Ae_UndoRedoTC - Right-clicked on the first paragraph in Visual Editor.
16:32:33.574 [TestNG-test=RetryMultipleFailedTestcases-3] INFO  Elements_Testcases.Ae_UndoRedoTC - clicked on Enter key
16:32:33.889 [TestNG-test=RetryMultipleFailedTestcases-4] INFO  Elements_Testcases.Ae_UndoRedoTC - Starting verifyShowHideInEditorUndo ..
16:33:10.240 [TestNG-test=RetryMultipleFailedTestcases-1] INFO  Elements_Testcases.Ae_UndoRedoTC - Logged in, searched for a file, and clicked Edit.
16:33:10.744 [TestNG-test=RetryMultipleFailedTestcases-1] INFO  Elements_Testcases.Ae_UndoRedoTC - Cliked on First section heading
16:33:12.083 [TestNG-test=RetryMultipleFailedTestcases-1] INFO  Elements_Testcases.Ae_UndoRedoTC - Right Clicked on First section heading
16:33:12.981 [TestNG-test=RetryMultipleFailedTestcases-1] INFO  Elements_Testcases.Ae_UndoRedoTC - Clicked on Insert After from through right click
16:33:13.300 [TestNG-test=RetryMultipleFailedTestcases-1] INFO  Elements_Testcases.Ae_UndoRedoTC - Search for Section 
16:33:13.971 [TestNG-test=RetryMultipleFailedTestcases-1] INFO  Elements_Testcases.Ae_UndoRedoTC - Section is selected 
16:33:14.533 [TestNG-test=RetryMultipleFailedTestcases-1] INFO  Elements_Testcases.Ae_UndoRedoTC - Clicked on insert element button
16:33:17.618 [TestNG-test=RetryMultipleFailedTestcases-1] INFO  Elements_Testcases.Ae_UndoRedoTC - In the Ds new section is added
16:33:19.315 [TestNG-test=RetryMultipleFailedTestcases-2] INFO  Elements_Testcases.Ae_UndoRedoTC - Logged in, searched for a file, and clicked Edit.
16:33:20.082 [TestNG-test=RetryMultipleFailedTestcases-2] INFO  Elements_Testcases.Ae_UndoRedoTC - Clicked on Document structure First section....
16:33:22.178 [TestNG-test=RetryMultipleFailedTestcases-2] INFO  Elements_Testcases.Ae_UndoRedoTC - Right clicked and removerd section Number
16:33:24.392 [TestNG-test=RetryMultipleFailedTestcases-2] INFO  Elements_Testcases.Ae_UndoRedoTC - Clicked on Accept changes Button....
16:33:25.761 [TestNG-test=RetryMultipleFailedTestcases-1] INFO  sprint5_TestCases.C_CommonBugsTC - Starting test TC775_verifyDeleteColumnExisting.
16:33:27.216 [TestNG-test=RetryMultipleFailedTestcases-4] INFO  Elements_Testcases.Ae_UndoRedoTC - Logged in, searched for a file, and clicked Edit.
16:33:27.218 [TestNG-test=RetryMultipleFailedTestcases-4] INFO  Elements_Testcases.Ae_UndoRedoTC - Created Aq_ShowHide instance.
16:33:27.252 [TestNG-test=RetryMultipleFailedTestcases-4] INFO  Elements_Testcases.Ae_UndoRedoTC - Switched to frame 0.
