18:33:42.947 [TestNG-test=RetryMultipleFailedTestcases-4] INFO  sprint1_TestCases.B_Verify_TitleBarOptionsTC - Minimized the window to certain dimensions
18:33:43.677 [TestNG-test=RetryMultipleFailedTestcases-4] INFO  sprint1_TestCases.B_Verify_TitleBarOptionsTC - verified Last Saved Time is displayed
18:33:43.677 [TestNG-test=RetryMultipleFailedTestcases-4] INFO  sprint1_TestCases.B_Verify_TitleBarOptionsTC - Finished verify_SaveTime_OnBrowserMinimize
18:33:46.173 [TestNG-test=RetryMultipleFailedTestcases-3] INFO  sprint1_TestCases.B_Verify_TitleBarOptionsTC - Logged in and searched for a file, then clicked Edit.
18:33:46.189 [TestNG-test=RetryMultipleFailedTestcases-3] INFO  sprint1_TestCases.B_Verify_TitleBarOptionsTC - Switched to frame 0.
18:33:46.897 [TestNG-test=RetryMultipleFailedTestcases-3] INFO  sprint1_TestCases.B_Verify_TitleBarOptionsTC - Double clicked on first para button
18:33:46.995 [TestNG-test=RetryMultipleFailedTestcases-3] INFO  sprint1_TestCases.B_Verify_TitleBarOptionsTC - Switched back to default content.
18:33:47.580 [TestNG-test=RetryMultipleFailedTestcases-3] INFO  sprint1_TestCases.B_Verify_TitleBarOptionsTC - Clicked on bold plugin
18:33:50.509 [TestNG-test=RetryMultipleFailedTestcases-4] INFO  sprint1_TestCases.B_Verify_TitleBarOptionsTC - Starting ChangeElementSimpePara_ValidateFile
18:33:52.086 [TestNG-test=RetryMultipleFailedTestcases-3] INFO  sprint1_TestCases.B_Verify_TitleBarOptionsTC - Clicked on save button
18:33:55.107 [TestNG-test=RetryMultipleFailedTestcases-3] INFO  sprint1_TestCases.B_Verify_TitleBarOptionsTC - verified on Save Successful notification is displayed
18:33:55.196 [TestNG-test=RetryMultipleFailedTestcases-3] INFO  sprint1_TestCases.B_Verify_TitleBarOptionsTC - verified on Last Saved Time is displayed
18:33:55.368 [TestNG-test=RetryMultipleFailedTestcases-3] INFO  sprint1_TestCases.B_Verify_TitleBarOptionsTC - Clicked on reset button
18:33:55.425 [TestNG-test=RetryMultipleFailedTestcases-3] INFO  sprint1_TestCases.B_Verify_TitleBarOptionsTC - verified on alert text of reset button
18:33:55.696 [TestNG-test=RetryMultipleFailedTestcases-3] INFO  sprint1_TestCases.B_Verify_TitleBarOptionsTC - Clicked on reset confirm button
18:33:55.805 [TestNG-test=RetryMultipleFailedTestcases-3] INFO  sprint1_TestCases.B_Verify_TitleBarOptionsTC - verified on Last Saved Time is displayed
18:33:55.806 [TestNG-test=RetryMultipleFailedTestcases-3] INFO  sprint1_TestCases.B_Verify_TitleBarOptionsTC - Finished verify_LastSaveTime_AfterResetFile
18:34:03.406 [TestNG-test=RetryMultipleFailedTestcases-3] INFO  sprint1_TestCases.B_Verify_TitleBarOptionsTC - Starting ChangeElementAddress_ValidateFile
18:34:04.445 [TestNG-test=RetryMultipleFailedTestcases-1] INFO  sprint1_TestCases.B_Verify_TitleBarOptionsTC - Logged in and searched for a file, then clicked Edit.
18:34:04.495 [TestNG-test=RetryMultipleFailedTestcases-1] INFO  sprint1_TestCases.B_Verify_TitleBarOptionsTC - Switched to frame 0.
18:34:05.012 [TestNG-test=RetryMultipleFailedTestcases-1] INFO  sprint1_TestCases.B_Verify_TitleBarOptionsTC - Double clicked on first para button
18:34:05.044 [TestNG-test=RetryMultipleFailedTestcases-1] INFO  sprint1_TestCases.B_Verify_TitleBarOptionsTC - Switched back to default content.
18:34:05.365 [TestNG-test=RetryMultipleFailedTestcases-1] INFO  sprint1_TestCases.B_Verify_TitleBarOptionsTC - Clicked on bold plugin
18:34:06.864 [TestNG-test=RetryMultipleFailedTestcases-1] INFO  sprint1_TestCases.B_Verify_TitleBarOptionsTC - Clicked on save button
18:34:06.921 [TestNG-test=RetryMultipleFailedTestcases-1] INFO  sprint1_TestCases.B_Verify_TitleBarOptionsTC - verified on Last Saved Time is displayed
18:34:07.030 [TestNG-test=RetryMultipleFailedTestcases-1] INFO  sprint1_TestCases.B_Verify_TitleBarOptionsTC - Clicked on reset button
18:34:07.066 [TestNG-test=RetryMultipleFailedTestcases-1] INFO  sprint1_TestCases.B_Verify_TitleBarOptionsTC - verified on alert text of reset button
18:34:07.281 [TestNG-test=RetryMultipleFailedTestcases-1] INFO  sprint1_TestCases.B_Verify_TitleBarOptionsTC - Clicked on reset confirm button
18:34:07.281 [TestNG-test=RetryMultipleFailedTestcases-1] INFO  sprint1_TestCases.B_Verify_TitleBarOptionsTC - Finished verify_ResetFile
18:34:15.190 [TestNG-test=RetryMultipleFailedTestcases-4] INFO  sprint1_TestCases.B_Verify_TitleBarOptionsTC - Logged in and searched for a file, then clicked Edit.
18:34:15.205 [TestNG-test=RetryMultipleFailedTestcases-4] INFO  sprint1_TestCases.B_Verify_TitleBarOptionsTC - Switched to frame 0.
18:34:15.206 [TestNG-test=RetryMultipleFailedTestcases-1] INFO  sprint1_TestCases.B_Verify_TitleBarOptionsTC - Starting verify_ValidateFile
18:34:15.734 [TestNG-test=RetryMultipleFailedTestcases-4] INFO  sprint1_TestCases.B_Verify_TitleBarOptionsTC - clicked on First para from VE
18:34:15.776 [TestNG-test=RetryMultipleFailedTestcases-4] INFO  sprint1_TestCases.B_Verify_TitleBarOptionsTC - Switched back to default content.
18:34:16.119 [TestNG-test=RetryMultipleFailedTestcases-4] INFO  sprint1_TestCases.B_Verify_TitleBarOptionsTC - clicked on change element and searched for simple para
18:34:17.006 [TestNG-test=RetryMultipleFailedTestcases-4] INFO  sprint1_TestCases.B_Verify_TitleBarOptionsTC - clicked on simple-para selement
18:34:17.224 [TestNG-test=RetryMultipleFailedTestcases-4] INFO  sprint1_TestCases.B_Verify_TitleBarOptionsTC - Verifying Simple Para present into DS
18:34:17.535 [TestNG-test=RetryMultipleFailedTestcases-4] INFO  sprint1_TestCases.B_Verify_TitleBarOptionsTC - clicked on validate button
18:34:20.495 [TestNG-test=RetryMultipleFailedTestcases-4] INFO  sprint1_TestCases.B_Verify_TitleBarOptionsTC - verified label validation success message is present
18:34:29.341 [TestNG-test=RetryMultipleFailedTestcases-2] INFO  sprint1_TestCases.B_Verify_TitleBarOptionsTC - Starting verify_Save_Error_Message
18:34:32.177 [TestNG-test=RetryMultipleFailedTestcases-4] INFO  sprint1_TestCases.B_Verify_TitleBarOptionsTC - Starting ChangeElementSimpePara_ValidateFile
18:34:34.678 [TestNG-test=RetryMultipleFailedTestcases-3] INFO  sprint1_TestCases.B_Verify_TitleBarOptionsTC - Logged in and searched for a file, then clicked Edit.
18:34:34.713 [TestNG-test=RetryMultipleFailedTestcases-3] INFO  sprint1_TestCases.B_Verify_TitleBarOptionsTC - Switched to frame 0.
18:34:35.329 [TestNG-test=RetryMultipleFailedTestcases-3] INFO  sprint1_TestCases.B_Verify_TitleBarOptionsTC - clicked on First para from VE
18:34:35.367 [TestNG-test=RetryMultipleFailedTestcases-3] INFO  sprint1_TestCases.B_Verify_TitleBarOptionsTC - Switched back to default content.
18:34:35.936 [TestNG-test=RetryMultipleFailedTestcases-3] INFO  sprint1_TestCases.B_Verify_TitleBarOptionsTC - clicked on change element and searched for Address
18:34:37.349 [TestNG-test=RetryMultipleFailedTestcases-3] INFO  sprint1_TestCases.B_Verify_TitleBarOptionsTC - clicked on Address element
18:34:37.627 [TestNG-test=RetryMultipleFailedTestcases-3] INFO  sprint1_TestCases.B_Verify_TitleBarOptionsTC - Verifying Address present into DS
18:34:37.990 [TestNG-test=RetryMultipleFailedTestcases-3] INFO  sprint1_TestCases.B_Verify_TitleBarOptionsTC - clicked on validate button
18:34:44.168 [TestNG-test=RetryMultipleFailedTestcases-3] INFO  sprint1_TestCases.B_Verify_TitleBarOptionsTC - verified label validation success message is present
18:34:44.286 [TestNG-test=RetryMultipleFailedTestcases-3] INFO  sprint1_TestCases.B_Verify_TitleBarOptionsTC - clicked Validation success alert text is displayed
18:34:44.508 [TestNG-test=RetryMultipleFailedTestcases-3] INFO  sprint1_TestCases.B_Verify_TitleBarOptionsTC - clicked on validate ok button
18:34:44.508 [TestNG-test=RetryMultipleFailedTestcases-3] INFO  sprint1_TestCases.B_Verify_TitleBarOptionsTC - Finished ChangeElementAddress_ValidateFile
18:34:54.480 [TestNG-test=RetryMultipleFailedTestcases-1] INFO  sprint1_TestCases.B_Verify_TitleBarOptionsTC - Logged in and searched for a file, then clicked Edit.
18:34:54.680 [TestNG-test=RetryMultipleFailedTestcases-3] INFO  sprint1_TestCases.B_Verify_TitleBarOptionsTC - Starting verify_CheckIn
18:34:55.340 [TestNG-test=RetryMultipleFailedTestcases-1] INFO  sprint1_TestCases.B_Verify_TitleBarOptionsTC - clicked on validate button
18:35:00.439 [TestNG-test=RetryMultipleFailedTestcases-1] INFO  sprint1_TestCases.B_Verify_TitleBarOptionsTC - verified label validation success message is present
18:35:00.492 [TestNG-test=RetryMultipleFailedTestcases-1] INFO  sprint1_TestCases.B_Verify_TitleBarOptionsTC - clicked Validation success alert text is displayed
18:35:00.715 [TestNG-test=RetryMultipleFailedTestcases-1] INFO  sprint1_TestCases.B_Verify_TitleBarOptionsTC - clicked on validate ok button
18:35:00.716 [TestNG-test=RetryMultipleFailedTestcases-1] INFO  sprint1_TestCases.B_Verify_TitleBarOptionsTC - Finished verify_ValidateFile
18:35:08.675 [TestNG-test=RetryMultipleFailedTestcases-1] INFO  sprint1_TestCases.B_Verify_TitleBarOptionsTC - Starting verify_CheckIn_CancelButton
18:35:09.447 [TestNG-test=RetryMultipleFailedTestcases-4] INFO  sprint1_TestCases.B_Verify_TitleBarOptionsTC - Logged in and searched for a file, then clicked Edit.
18:35:09.464 [TestNG-test=RetryMultipleFailedTestcases-4] INFO  sprint1_TestCases.B_Verify_TitleBarOptionsTC - Switched to frame 0.
18:35:10.022 [TestNG-test=RetryMultipleFailedTestcases-4] INFO  sprint1_TestCases.B_Verify_TitleBarOptionsTC - clicked on First para from VE
18:35:10.194 [TestNG-test=RetryMultipleFailedTestcases-4] INFO  sprint1_TestCases.B_Verify_TitleBarOptionsTC - Switched back to default content.
18:35:10.813 [TestNG-test=RetryMultipleFailedTestcases-4] INFO  sprint1_TestCases.B_Verify_TitleBarOptionsTC - clicked on change element and searched for simple para
18:35:11.988 [TestNG-test=RetryMultipleFailedTestcases-4] INFO  sprint1_TestCases.B_Verify_TitleBarOptionsTC - clicked on simple-para selement
18:35:12.278 [TestNG-test=RetryMultipleFailedTestcases-4] INFO  sprint1_TestCases.B_Verify_TitleBarOptionsTC - Verifying Simple Para present into DS
18:35:12.617 [TestNG-test=RetryMultipleFailedTestcases-2] INFO  sprint1_TestCases.B_Verify_TitleBarOptionsTC - Logged in and searched for a file, then clicked Edit.
18:35:12.654 [TestNG-test=RetryMultipleFailedTestcases-4] INFO  sprint1_TestCases.B_Verify_TitleBarOptionsTC - clicked on validate button
18:35:12.730 [TestNG-test=RetryMultipleFailedTestcases-2] INFO  sprint1_TestCases.B_Verify_TitleBarOptionsTC - Clicking on save button
18:35:15.678 [TestNG-test=RetryMultipleFailedTestcases-4] INFO  sprint1_TestCases.B_Verify_TitleBarOptionsTC - verified label validation success message is present
18:35:15.720 [TestNG-test=RetryMultipleFailedTestcases-4] INFO  sprint1_TestCases.B_Verify_TitleBarOptionsTC - clicked Validation success alert text is displayed
18:35:15.878 [TestNG-test=RetryMultipleFailedTestcases-4] INFO  sprint1_TestCases.B_Verify_TitleBarOptionsTC - clicked on validate ok button
18:35:15.878 [TestNG-test=RetryMultipleFailedTestcases-4] INFO  sprint1_TestCases.B_Verify_TitleBarOptionsTC - Finished ChangeElementSimpePara_ValidateFile
18:35:22.817 [TestNG-test=RetryMultipleFailedTestcases-4] INFO  sprint1_TestCases.C_Verify_CMSMenu_FunctionalityTC - Starting verify_CMSMenu_Enabled
18:35:28.042 [TestNG-test=RetryMultipleFailedTestcases-3] INFO  sprint1_TestCases.B_Verify_TitleBarOptionsTC - Logged in and searched for a file, then clicked Edit.
18:35:29.116 [TestNG-test=RetryMultipleFailedTestcases-3] INFO  sprint1_TestCases.B_Verify_TitleBarOptionsTC - Click CheckIn button is displayed
18:35:29.278 [TestNG-test=RetryMultipleFailedTestcases-3] INFO  sprint1_TestCases.B_Verify_TitleBarOptionsTC - verified CheckIn button is displayed
18:35:29.339 [TestNG-test=RetryMultipleFailedTestcases-3] INFO  sprint1_TestCases.B_Verify_TitleBarOptionsTC - verified Do you want to check-in? is displayed
18:35:29.419 [TestNG-test=RetryMultipleFailedTestcases-3] INFO  sprint1_TestCases.B_Verify_TitleBarOptionsTC - verified CheckIn confirm button is displayed
18:35:29.515 [TestNG-test=RetryMultipleFailedTestcases-3] INFO  sprint1_TestCases.B_Verify_TitleBarOptionsTC - verified CheckIn cancel button is displayed
18:35:29.516 [TestNG-test=RetryMultipleFailedTestcases-3] INFO  sprint1_TestCases.B_Verify_TitleBarOptionsTC - Finished verify_CheckIn
18:35:39.648 [TestNG-test=RetryMultipleFailedTestcases-1] INFO  sprint1_TestCases.B_Verify_TitleBarOptionsTC - Logged in and searched for a file, then clicked Edit.
18:35:40.174 [TestNG-test=RetryMultipleFailedTestcases-3] INFO  sprint1_TestCases.C_Verify_CMSMenu_FunctionalityTC - Starting verify_CMSHambergerMenu
18:35:40.671 [TestNG-test=RetryMultipleFailedTestcases-1] INFO  sprint1_TestCases.B_Verify_TitleBarOptionsTC - Click CheckIn button is displayed
18:35:40.732 [TestNG-test=RetryMultipleFailedTestcases-1] INFO  sprint1_TestCases.B_Verify_TitleBarOptionsTC - verified CheckIn button is displayed
18:35:40.771 [TestNG-test=RetryMultipleFailedTestcases-1] INFO  sprint1_TestCases.B_Verify_TitleBarOptionsTC - verified Do you want to check-in? is displayed
18:35:40.926 [TestNG-test=RetryMultipleFailedTestcases-1] INFO  sprint1_TestCases.B_Verify_TitleBarOptionsTC - Click CheckIn cancel button is displayed
18:35:40.994 [TestNG-test=RetryMultipleFailedTestcases-1] INFO  sprint1_TestCases.B_Verify_TitleBarOptionsTC - verified label content block is displayed
18:35:40.994 [TestNG-test=RetryMultipleFailedTestcases-1] INFO  sprint1_TestCases.B_Verify_TitleBarOptionsTC - Finished verify_CheckIn_CancelButton
18:35:47.424 [TestNG-test=RetryMultipleFailedTestcases-1] INFO  sprint1_TestCases.C_Verify_CMSMenu_FunctionalityTC - Starting verify_CMSMenu_CloseBtn
18:35:58.707 [TestNG-test=RetryMultipleFailedTestcases-4] INFO  sprint1_TestCases.C_Verify_CMSMenu_FunctionalityTC - Logged in and searched for a file, then clicked Edit.
18:35:58.969 [TestNG-test=RetryMultipleFailedTestcases-4] INFO  sprint1_TestCases.C_Verify_CMSMenu_FunctionalityTC - clicked on Handberger button
18:35:59.053 [TestNG-test=RetryMultipleFailedTestcases-4] INFO  sprint1_TestCases.C_Verify_CMSMenu_FunctionalityTC - verified Label CMS menu displayed
18:35:59.125 [TestNG-test=RetryMultipleFailedTestcases-4] INFO  sprint1_TestCases.C_Verify_CMSMenu_FunctionalityTC - verified Label CMS close is displayed
18:35:59.126 [TestNG-test=RetryMultipleFailedTestcases-4] INFO  sprint1_TestCases.C_Verify_CMSMenu_FunctionalityTC - Finished verify_CMSMenu_Enabled
18:36:00.906 [TestNG-test=RetryMultipleFailedTestcases-2] INFO  sprint1_TestCases.C_Verify_CMSMenu_FunctionalityTC - Starting verify_CMSHambergerMenu_Highlighted
18:36:06.908 [TestNG-test=RetryMultipleFailedTestcases-4] INFO  sprint1_TestCases.C_Verify_CMSMenu_FunctionalityTC - Starting verify_CMSMenu_ByResizing
18:36:08.357 [TestNG-test=RetryMultipleFailedTestcases-3] INFO  sprint1_TestCases.C_Verify_CMSMenu_FunctionalityTC - Logged in and searched for a file, then clicked Edit.
18:36:08.526 [TestNG-test=RetryMultipleFailedTestcases-3] INFO  sprint1_TestCases.C_Verify_CMSMenu_FunctionalityTC - clicked on Handberger button
18:36:10.282 [TestNG-test=RetryMultipleFailedTestcases-3] INFO  sprint1_TestCases.C_Verify_CMSMenu_FunctionalityTC - clicked on hyperlinks and checked for response code-200
18:36:10.539 [TestNG-test=RetryMultipleFailedTestcases-3] INFO  sprint1_TestCases.C_Verify_CMSMenu_FunctionalityTC - clicked on CMS close button
18:36:12.750 [TestNG-test=RetryMultipleFailedTestcases-1] INFO  sprint1_TestCases.C_Verify_CMSMenu_FunctionalityTC - Logged in and searched for a file, then clicked Edit.
18:36:13.066 [TestNG-test=RetryMultipleFailedTestcases-1] INFO  sprint1_TestCases.C_Verify_CMSMenu_FunctionalityTC - clicked on Handberger button
18:36:13.154 [TestNG-test=RetryMultipleFailedTestcases-1] INFO  sprint1_TestCases.C_Verify_CMSMenu_FunctionalityTC - verified Label CMS close is displayed
18:36:13.658 [TestNG-test=RetryMultipleFailedTestcases-1] INFO  sprint1_TestCases.C_Verify_CMSMenu_FunctionalityTC - Finished verify_CMSMenu_Enabled
18:36:13.659 [TestNG-test=RetryMultipleFailedTestcases-1] INFO  sprint1_TestCases.C_Verify_CMSMenu_FunctionalityTC - Finished verify_CMSMenu_CloseBtn
18:36:20.309 [TestNG-test=RetryMultipleFailedTestcases-1] INFO  sprint1_TestCases.C_Verify_CMSMenu_FunctionalityTC - Starting verify_CMSMenu_Collapse
18:36:23.235 [TestNG-test=RetryMultipleFailedTestcases-2] INFO  sprint1_TestCases.C_Verify_CMSMenu_FunctionalityTC - Logged in and searched for a file, then clicked Edit.
18:36:23.389 [TestNG-test=RetryMultipleFailedTestcases-2] INFO  sprint1_TestCases.C_Verify_CMSMenu_FunctionalityTC - clicked on Handberger button
18:36:23.505 [TestNG-test=RetryMultipleFailedTestcases-2] INFO  sprint1_TestCases.C_Verify_CMSMenu_FunctionalityTC - verified all the background colors of hyperlinks
18:36:23.690 [TestNG-test=RetryMultipleFailedTestcases-2] INFO  sprint1_TestCases.C_Verify_CMSMenu_FunctionalityTC - clicked on CMS close button
18:36:30.348 [TestNG-test=RetryMultipleFailedTestcases-4] INFO  sprint1_TestCases.C_Verify_CMSMenu_FunctionalityTC - Logged in and searched for a file, then clicked Edit.
18:36:30.618 [TestNG-test=RetryMultipleFailedTestcases-4] INFO  sprint1_TestCases.C_Verify_CMSMenu_FunctionalityTC - clicked on Handberger button
18:36:30.723 [TestNG-test=RetryMultipleFailedTestcases-4] INFO  sprint1_TestCases.C_Verify_CMSMenu_FunctionalityTC - verified Label CMS menu displayed
18:36:31.054 [TestNG-test=RetryMultipleFailedTestcases-4] INFO  sprint1_TestCases.C_Verify_CMSMenu_FunctionalityTC - Initiate driver to minimize the window size
18:36:31.117 [TestNG-test=RetryMultipleFailedTestcases-4] INFO  sprint1_TestCases.C_Verify_CMSMenu_FunctionalityTC - verified Label CMS menu displayed
18:36:31.117 [TestNG-test=RetryMultipleFailedTestcases-4] INFO  sprint1_TestCases.C_Verify_CMSMenu_FunctionalityTC - Finished verify_CMSMenu_ByResizing
18:36:37.847 [TestNG-test=RetryMultipleFailedTestcases-4] INFO  sprint1_TestCases.C_Verify_CMSMenu_FunctionalityTC - Starting verify_CMSMenu_MediaLib_Section_Insert_Error
18:36:50.706 [TestNG-test=RetryMultipleFailedTestcases-3] INFO  sprint1_TestCases.C_Verify_CMSMenu_FunctionalityTC - verified Label CMS menu is not displayed
18:36:50.706 [TestNG-test=RetryMultipleFailedTestcases-3] INFO  sprint1_TestCases.C_Verify_CMSMenu_FunctionalityTC - Finished verify_CMSHambergerMenu
18:36:57.587 [TestNG-test=RetryMultipleFailedTestcases-3] INFO  sprint1_TestCases.C_Verify_CMSMenu_FunctionalityTC - Starting verify_MediaObject_InCMSMenu
18:36:58.567 [TestNG-test=RetryMultipleFailedTestcases-1] INFO  sprint1_TestCases.C_Verify_CMSMenu_FunctionalityTC - Logged in and searched for a file, then clicked Edit.
18:36:58.692 [TestNG-test=RetryMultipleFailedTestcases-1] INFO  sprint1_TestCases.C_Verify_CMSMenu_FunctionalityTC - clicked on Handberger button
18:36:58.813 [TestNG-test=RetryMultipleFailedTestcases-1] INFO  sprint1_TestCases.C_Verify_CMSMenu_FunctionalityTC - verified Label CMS menu displayed
18:36:59.575 [TestNG-test=RetryMultipleFailedTestcases-1] INFO  sprint1_TestCases.C_Verify_CMSMenu_FunctionalityTC - clicked on Handberger button
18:36:59.640 [TestNG-test=RetryMultipleFailedTestcases-1] INFO  sprint1_TestCases.C_Verify_CMSMenu_FunctionalityTC - verified Label CMS menu displayed
18:36:59.640 [TestNG-test=RetryMultipleFailedTestcases-1] INFO  sprint1_TestCases.C_Verify_CMSMenu_FunctionalityTC - Finished verify_CMSMenu_Collapse
18:37:03.812 [TestNG-test=RetryMultipleFailedTestcases-2] INFO  sprint1_TestCases.C_Verify_CMSMenu_FunctionalityTC - verified Label CMS menu is not displayed
18:37:03.812 [TestNG-test=RetryMultipleFailedTestcases-2] INFO  sprint1_TestCases.C_Verify_CMSMenu_FunctionalityTC - Finished verify_CMSHambergerMenu_Highlighted
18:37:06.559 [TestNG-test=RetryMultipleFailedTestcases-1] INFO  sprint1_TestCases.C_Verify_CMSMenu_FunctionalityTC - Starting verify_CMSMenu_AddingFile
18:37:08.155 [TestNG-test=RetryMultipleFailedTestcases-4] INFO  sprint1_TestCases.C_Verify_CMSMenu_FunctionalityTC - Logged in and searched for a file, then clicked Edit.
18:37:08.174 [TestNG-test=RetryMultipleFailedTestcases-4] INFO  sprint1_TestCases.C_Verify_CMSMenu_FunctionalityTC - Switched to frame 0.
18:37:08.868 [TestNG-test=RetryMultipleFailedTestcases-4] INFO  sprint1_TestCases.C_Verify_CMSMenu_FunctionalityTC - Switched back to default content.
18:37:09.538 [TestNG-test=RetryMultipleFailedTestcases-4] INFO  sprint1_TestCases.C_Verify_CMSMenu_FunctionalityTC - clicked on Handberger button
18:37:09.926 [TestNG-test=RetryMultipleFailedTestcases-4] INFO  sprint1_TestCases.C_Verify_CMSMenu_FunctionalityTC - clicked on Media object link in CMS menu
18:37:11.228 [TestNG-test=RetryMultipleFailedTestcases-4] INFO  sprint1_TestCases.C_Verify_CMSMenu_FunctionalityTC - clicked on image insert button
18:37:11.322 [TestNG-test=RetryMultipleFailedTestcases-4] INFO  sprint1_TestCases.C_Verify_CMSMenu_FunctionalityTC - verified error popup message is displayed
18:37:11.322 [TestNG-test=RetryMultipleFailedTestcases-4] INFO  sprint1_TestCases.C_Verify_CMSMenu_FunctionalityTC - Finished verify_CMSMenu_MediaLib_Section_Insert_Error
18:37:11.916 [TestNG-test=RetryMultipleFailedTestcases-2] INFO  sprint1_TestCases.C_Verify_CMSMenu_FunctionalityTC - Starting verify_CMSCollapse_ByClickingEditorView
18:37:18.187 [TestNG-test=RetryMultipleFailedTestcases-4] INFO  sprint1_TestCases.C_Verify_CMSMenu_FunctionalityTC - Starting verify_CMSCollapse_ByClickinCodeVeiw
18:37:24.155 [TestNG-test=RetryMultipleFailedTestcases-3] INFO  sprint1_TestCases.C_Verify_CMSMenu_FunctionalityTC - Logged in and searched for a file, then clicked Edit.
18:37:24.174 [TestNG-test=RetryMultipleFailedTestcases-3] INFO  sprint1_TestCases.C_Verify_CMSMenu_FunctionalityTC - Switched to frame 0.
18:37:24.704 [TestNG-test=RetryMultipleFailedTestcases-3] INFO  sprint1_TestCases.C_Verify_CMSMenu_FunctionalityTC - clicked on First para from VE
18:37:24.762 [TestNG-test=RetryMultipleFailedTestcases-3] INFO  sprint1_TestCases.C_Verify_CMSMenu_FunctionalityTC - Switched back to default content.
18:37:25.000 [TestNG-test=RetryMultipleFailedTestcases-3] INFO  sprint1_TestCases.C_Verify_CMSMenu_FunctionalityTC - clicked on Handberger button
18:37:25.221 [TestNG-test=RetryMultipleFailedTestcases-3] INFO  sprint1_TestCases.C_Verify_CMSMenu_FunctionalityTC - clicked on Media object link in CMS menu
18:37:28.558 [TestNG-test=RetryMultipleFailedTestcases-3] INFO  sprint1_TestCases.C_Verify_CMSMenu_FunctionalityTC - clicked on image insert button
18:37:30.813 [TestNG-test=RetryMultipleFailedTestcases-3] INFO  sprint1_TestCases.C_Verify_CMSMenu_FunctionalityTC - vefied image is not present in DS
18:37:30.813 [TestNG-test=RetryMultipleFailedTestcases-3] INFO  sprint1_TestCases.C_Verify_CMSMenu_FunctionalityTC - Finished verify_MediaObject_InCMSMenu
18:37:34.504 [TestNG-test=RetryMultipleFailedTestcases-1] INFO  sprint1_TestCases.C_Verify_CMSMenu_FunctionalityTC - Logged in and searched for a file, then clicked Edit.
18:37:34.740 [TestNG-test=RetryMultipleFailedTestcases-1] INFO  sprint1_TestCases.C_Verify_CMSMenu_FunctionalityTC - clicked on Handberger button
18:37:36.524 [TestNG-test=RetryMultipleFailedTestcases-1] INFO  sprint1_TestCases.C_Verify_CMSMenu_FunctionalityTC - clicked on checked out files link
18:37:40.336 [TestNG-test=RetryMultipleFailedTestcases-3] INFO  sprint1_TestCases.C_Verify_CMSMenu_FunctionalityTC - Starting verify_CMSCollapse_ByClickingAttributePanel
18:37:41.554 [TestNG-test=RetryMultipleFailedTestcases-1] INFO  sprint1_TestCases.C_Verify_CMSMenu_FunctionalityTC - clicked on add new file link
18:37:44.922 [TestNG-test=RetryMultipleFailedTestcases-2] INFO  sprint1_TestCases.C_Verify_CMSMenu_FunctionalityTC - Logged in and searched for a file, then clicked Edit.
18:37:45.442 [TestNG-test=RetryMultipleFailedTestcases-2] INFO  sprint1_TestCases.C_Verify_CMSMenu_FunctionalityTC - clicked on Handberger button
18:37:45.639 [TestNG-test=RetryMultipleFailedTestcases-2] INFO  sprint1_TestCases.C_Verify_CMSMenu_FunctionalityTC - verified Label CMS menu displayed
18:37:45.658 [TestNG-test=RetryMultipleFailedTestcases-2] INFO  sprint1_TestCases.C_Verify_CMSMenu_FunctionalityTC - Switched to frame 0.
18:37:46.236 [TestNG-test=RetryMultipleFailedTestcases-2] INFO  sprint1_TestCases.C_Verify_CMSMenu_FunctionalityTC - clicked on First para from VE
18:37:46.300 [TestNG-test=RetryMultipleFailedTestcases-2] INFO  sprint1_TestCases.C_Verify_CMSMenu_FunctionalityTC - Switched back to default content.
18:37:46.661 [TestNG-test=RetryMultipleFailedTestcases-2] INFO  sprint1_TestCases.C_Verify_CMSMenu_FunctionalityTC - clicked on Handberger button
18:37:51.596 [TestNG-test=RetryMultipleFailedTestcases-4] INFO  sprint1_TestCases.C_Verify_CMSMenu_FunctionalityTC - Logged in and searched for a file, then clicked Edit.
18:37:51.847 [TestNG-test=RetryMultipleFailedTestcases-4] INFO  sprint1_TestCases.C_Verify_CMSMenu_FunctionalityTC - clicked on Handberger button
18:37:51.931 [TestNG-test=RetryMultipleFailedTestcases-4] INFO  sprint1_TestCases.C_Verify_CMSMenu_FunctionalityTC - verified Label CMS menu displayed
18:37:52.485 [TestNG-test=RetryMultipleFailedTestcases-4] INFO  sprint1_TestCases.C_Verify_CMSMenu_FunctionalityTC - clicked on code view
18:38:13.631 [TestNG-test=RetryMultipleFailedTestcases-1] INFO  sprint1_TestCases.C_Verify_CMSMenu_FunctionalityTC - Starting verify_CMSMenu_AddingFile
18:38:15.777 [TestNG-test=RetryMultipleFailedTestcases-3] INFO  sprint1_TestCases.C_Verify_CMSMenu_FunctionalityTC - Logged in and searched for a file, then clicked Edit.
18:38:15.978 [TestNG-test=RetryMultipleFailedTestcases-3] INFO  sprint1_TestCases.C_Verify_CMSMenu_FunctionalityTC - clicked on Handberger button
18:38:16.068 [TestNG-test=RetryMultipleFailedTestcases-3] INFO  sprint1_TestCases.C_Verify_CMSMenu_FunctionalityTC - verified Label CMS menu displayed
18:38:16.442 [TestNG-test=RetryMultipleFailedTestcases-3] INFO  sprint1_TestCases.C_Verify_CMSMenu_FunctionalityTC - clicked on general attribute text
18:38:26.799 [TestNG-test=RetryMultipleFailedTestcases-2] INFO  sprint1_TestCases.C_Verify_CMSMenu_FunctionalityTC - verified Label CMS menu is not displayed
18:38:26.800 [TestNG-test=RetryMultipleFailedTestcases-2] INFO  sprint1_TestCases.C_Verify_CMSMenu_FunctionalityTC - Finished verify_CMSCollapse_ByClickingEditorView
18:38:32.765 [TestNG-test=RetryMultipleFailedTestcases-4] INFO  sprint1_TestCases.C_Verify_CMSMenu_FunctionalityTC - verified Label CMS menu is not displayed
18:38:32.765 [TestNG-test=RetryMultipleFailedTestcases-4] INFO  sprint1_TestCases.C_Verify_CMSMenu_FunctionalityTC - Finished verify_CMSCollapse_ByClickinCodeVeiw
18:38:32.912 [TestNG-test=RetryMultipleFailedTestcases-2] INFO  sprint1_TestCases.C_Verify_CMSMenu_FunctionalityTC - Starting verify_CMSCollapse_ByClickingValidateButton
18:38:39.007 [TestNG-test=RetryMultipleFailedTestcases-4] INFO  sprint1_TestCases.C_Verify_CMSMenu_FunctionalityTC - Starting verify_CMSMenu_UserProfile
18:38:42.147 [TestNG-test=RetryMultipleFailedTestcases-1] INFO  sprint1_TestCases.C_Verify_CMSMenu_FunctionalityTC - Logged in and searched for a file, then clicked Edit.
18:38:42.324 [TestNG-test=RetryMultipleFailedTestcases-1] INFO  sprint1_TestCases.C_Verify_CMSMenu_FunctionalityTC - clicked on Handberger button
18:38:43.154 [TestNG-test=RetryMultipleFailedTestcases-1] INFO  sprint1_TestCases.C_Verify_CMSMenu_FunctionalityTC - clicked on checked out files link
18:38:46.628 [TestNG-test=RetryMultipleFailedTestcases-1] INFO  sprint1_TestCases.C_Verify_CMSMenu_FunctionalityTC - clicked on add new file link
18:38:56.526 [TestNG-test=RetryMultipleFailedTestcases-3] INFO  sprint1_TestCases.C_Verify_CMSMenu_FunctionalityTC - verified Label CMS menu is not displayed
18:38:56.526 [TestNG-test=RetryMultipleFailedTestcases-3] INFO  sprint1_TestCases.C_Verify_CMSMenu_FunctionalityTC - Finished verify_CMSCollapse_ByClickingAttributePanel
18:38:58.036 [TestNG-test=RetryMultipleFailedTestcases-2] INFO  sprint1_TestCases.C_Verify_CMSMenu_FunctionalityTC - Logged in and searched for a file, then clicked Edit.
18:38:58.337 [TestNG-test=RetryMultipleFailedTestcases-2] INFO  sprint1_TestCases.C_Verify_CMSMenu_FunctionalityTC - clicked on Handberger button
18:38:58.507 [TestNG-test=RetryMultipleFailedTestcases-2] INFO  sprint1_TestCases.C_Verify_CMSMenu_FunctionalityTC - verified Label CMS menu displayed
18:38:59.071 [TestNG-test=RetryMultipleFailedTestcases-2] INFO  sprint1_TestCases.C_Verify_CMSMenu_FunctionalityTC - clicked on validate button
18:39:05.142 [TestNG-test=RetryMultipleFailedTestcases-3] INFO  sprint1_TestCases.C_Verify_CMSMenu_FunctionalityTC - Starting verify_CMSMenu_LogoutManage_Profile
18:39:06.291 [TestNG-test=RetryMultipleFailedTestcases-4] INFO  sprint1_TestCases.C_Verify_CMSMenu_FunctionalityTC - Logged in and searched for a file, then clicked Edit.
18:39:06.480 [TestNG-test=RetryMultipleFailedTestcases-4] INFO  sprint1_TestCases.C_Verify_CMSMenu_FunctionalityTC - clicked on Handberger button
18:39:06.538 [TestNG-test=RetryMultipleFailedTestcases-4] INFO  sprint1_TestCases.C_Verify_CMSMenu_FunctionalityTC - clicked on Handberger button
18:39:07.568 [TestNG-test=RetryMultipleFailedTestcases-4] INFO  sprint1_TestCases.C_Verify_CMSMenu_FunctionalityTC - clicked on user profile button
18:39:07.823 [TestNG-test=RetryMultipleFailedTestcases-4] INFO  sprint1_TestCases.C_Verify_CMSMenu_FunctionalityTC - verified Label manage profile is displayed
18:39:07.823 [TestNG-test=RetryMultipleFailedTestcases-4] INFO  sprint1_TestCases.C_Verify_CMSMenu_FunctionalityTC - Finished verify_CMSMenu_UserProfile
18:39:09.158 [TestNG-test=RetryMultipleFailedTestcases-2] INFO  sprint1_TestCases.C_Verify_CMSMenu_FunctionalityTC - verified Label CMS menu is not displayed
18:39:09.159 [TestNG-test=RetryMultipleFailedTestcases-2] INFO  sprint1_TestCases.C_Verify_CMSMenu_FunctionalityTC - Finished verify_CMSCollapse_ByClickingValidateButton
18:39:15.588 [TestNG-test=RetryMultipleFailedTestcases-1] INFO  sprint1_TestCases.C_Verify_CMSMenu_FunctionalityTC - Starting verify_CMS_RejectLogout
18:39:15.685 [TestNG-test=RetryMultipleFailedTestcases-4] INFO  sprint1_TestCases.C_Verify_CMSMenu_FunctionalityTC - Starting verify_CMSMenu_Manage_Logout
18:39:18.468 [TestNG-test=RetryMultipleFailedTestcases-2] INFO  sprint1_TestCases.C_Verify_CMSMenu_FunctionalityTC - Starting verify_CMSMenu_Manage
18:39:32.376 [TestNG-test=RetryMultipleFailedTestcases-3] INFO  sprint1_TestCases.C_Verify_CMSMenu_FunctionalityTC - Logged in and searched for a file, then clicked Edit.
18:39:32.600 [TestNG-test=RetryMultipleFailedTestcases-3] INFO  sprint1_TestCases.C_Verify_CMSMenu_FunctionalityTC - clicked on Handberger button
18:39:33.367 [TestNG-test=RetryMultipleFailedTestcases-3] INFO  sprint1_TestCases.C_Verify_CMSMenu_FunctionalityTC - clicked on user profile button
18:39:33.459 [TestNG-test=RetryMultipleFailedTestcases-3] INFO  sprint1_TestCases.C_Verify_CMSMenu_FunctionalityTC - verified Label Logout is displayed
18:39:33.560 [TestNG-test=RetryMultipleFailedTestcases-3] INFO  sprint1_TestCases.C_Verify_CMSMenu_FunctionalityTC - verified Label Manage Profile is displayed
18:39:33.560 [TestNG-test=RetryMultipleFailedTestcases-3] INFO  sprint1_TestCases.C_Verify_CMSMenu_FunctionalityTC - Finished verify_CMSMenu_LogoutManage_Profile
18:39:41.328 [TestNG-test=RetryMultipleFailedTestcases-1] INFO  sprint1_TestCases.C_Verify_CMSMenu_FunctionalityTC - Logged in and searched for a file, then clicked Edit.
18:39:41.519 [TestNG-test=RetryMultipleFailedTestcases-1] INFO  sprint1_TestCases.C_Verify_CMSMenu_FunctionalityTC - clicked on Handberger button
18:39:42.301 [TestNG-test=RetryMultipleFailedTestcases-1] INFO  sprint1_TestCases.C_Verify_CMSMenu_FunctionalityTC - clicked on user profile button
18:39:42.462 [TestNG-test=RetryMultipleFailedTestcases-1] INFO  sprint1_TestCases.C_Verify_CMSMenu_FunctionalityTC - clicked on logout button
18:39:42.467 [TestNG-test=RetryMultipleFailedTestcases-1] INFO  sprint1_TestCases.C_Verify_CMSMenu_FunctionalityTC - verified login button is not visible
18:39:42.467 [TestNG-test=RetryMultipleFailedTestcases-1] INFO  sprint1_TestCases.C_Verify_CMSMenu_FunctionalityTC - Finished verify_CMS_RejectLogout
18:39:42.614 [TestNG-test=RetryMultipleFailedTestcases-3] INFO  sprint1_TestCases.C_Verify_CMSMenu_FunctionalityTC - Starting verify_CMSMenu_RejectChange
18:39:44.094 [TestNG-test=RetryMultipleFailedTestcases-4] INFO  sprint1_TestCases.C_Verify_CMSMenu_FunctionalityTC - Logged in and searched for a file, then clicked Edit.
18:39:44.596 [TestNG-test=RetryMultipleFailedTestcases-4] INFO  sprint1_TestCases.C_Verify_CMSMenu_FunctionalityTC - clicked on Handberger button
18:39:45.385 [TestNG-test=RetryMultipleFailedTestcases-4] INFO  sprint1_TestCases.C_Verify_CMSMenu_FunctionalityTC - clicked on user profile button
18:39:45.608 [TestNG-test=RetryMultipleFailedTestcases-4] INFO  sprint1_TestCases.C_Verify_CMSMenu_FunctionalityTC - clicked on logout button
18:39:45.613 [TestNG-test=RetryMultipleFailedTestcases-4] INFO  sprint1_TestCases.C_Verify_CMSMenu_FunctionalityTC - clicked on accept alert
18:39:46.264 [TestNG-test=RetryMultipleFailedTestcases-2] INFO  sprint1_TestCases.C_Verify_CMSMenu_FunctionalityTC - Logged in and searched for a file, then clicked Edit.
18:39:46.490 [TestNG-test=RetryMultipleFailedTestcases-2] INFO  sprint1_TestCases.C_Verify_CMSMenu_FunctionalityTC - clicked on Handberger button
18:39:47.778 [TestNG-test=RetryMultipleFailedTestcases-2] INFO  sprint1_TestCases.C_Verify_CMSMenu_FunctionalityTC - clicked on user profile button
18:39:48.103 [TestNG-test=RetryMultipleFailedTestcases-2] INFO  sprint1_TestCases.C_Verify_CMSMenu_FunctionalityTC - clicked on Manage profile button
18:39:48.113 [TestNG-test=RetryMultipleFailedTestcases-2] INFO  sprint1_TestCases.C_Verify_CMSMenu_FunctionalityTC - clicking on accept the popup 
18:39:48.679 [TestNG-test=RetryMultipleFailedTestcases-2] INFO  sprint1_TestCases.C_Verify_CMSMenu_FunctionalityTC - verified with the inner text of chnaged password
18:39:48.715 [TestNG-test=RetryMultipleFailedTestcases-2] INFO  sprint1_TestCases.C_Verify_CMSMenu_FunctionalityTC - verified with the inner text of he change profile picture
18:39:48.715 [TestNG-test=RetryMultipleFailedTestcases-2] INFO  sprint1_TestCases.C_Verify_CMSMenu_FunctionalityTC - Finished verify_CMSMenu_Manage
18:39:49.948 [TestNG-test=RetryMultipleFailedTestcases-1] INFO  sprint1_TestCases.C_Verify_CMSMenu_FunctionalityTC - Starting verify_MediaObject_Close
18:39:53.580 [TestNG-test=RetryMultipleFailedTestcases-4] INFO  sprint1_TestCases.C_Verify_CMSMenu_FunctionalityTC - Starting verify_CMSMenu_Manage_Logout
18:39:55.804 [TestNG-test=RetryMultipleFailedTestcases-2] INFO  sprint1_TestCases.C_Verify_CMSMenu_FunctionalityTC - Starting verify_MediaObject_SearchValidImage
18:40:09.204 [TestNG-test=RetryMultipleFailedTestcases-3] INFO  sprint1_TestCases.C_Verify_CMSMenu_FunctionalityTC - Logged in and searched for a file, then clicked Edit.
18:40:09.396 [TestNG-test=RetryMultipleFailedTestcases-3] INFO  sprint1_TestCases.C_Verify_CMSMenu_FunctionalityTC - clicked on Handberger button
18:40:10.104 [TestNG-test=RetryMultipleFailedTestcases-3] INFO  sprint1_TestCases.C_Verify_CMSMenu_FunctionalityTC - clicked on user profile button
18:40:10.278 [TestNG-test=RetryMultipleFailedTestcases-3] INFO  sprint1_TestCases.C_Verify_CMSMenu_FunctionalityTC - clicked on Manage profile button
18:40:10.288 [TestNG-test=RetryMultipleFailedTestcases-3] INFO  sprint1_TestCases.C_Verify_CMSMenu_FunctionalityTC - Verified change password is not displayed
18:40:16.049 [TestNG-test=RetryMultipleFailedTestcases-1] INFO  sprint1_TestCases.C_Verify_CMSMenu_FunctionalityTC - Logged in and searched for a file, then clicked Edit.
18:40:16.067 [TestNG-test=RetryMultipleFailedTestcases-1] INFO  sprint1_TestCases.C_Verify_CMSMenu_FunctionalityTC - Switched to frame 0.
18:40:16.722 [TestNG-test=RetryMultipleFailedTestcases-1] INFO  sprint1_TestCases.C_Verify_CMSMenu_FunctionalityTC - clicked on First para from VE
18:40:16.872 [TestNG-test=RetryMultipleFailedTestcases-1] INFO  sprint1_TestCases.C_Verify_CMSMenu_FunctionalityTC - Switched back to default content.
18:40:17.088 [TestNG-test=RetryMultipleFailedTestcases-1] INFO  sprint1_TestCases.C_Verify_CMSMenu_FunctionalityTC - clicked on Handberger button
18:40:17.858 [TestNG-test=RetryMultipleFailedTestcases-1] INFO  sprint1_TestCases.C_Verify_CMSMenu_FunctionalityTC - clicked on media object button
18:40:20.851 [TestNG-test=RetryMultipleFailedTestcases-1] INFO  sprint1_TestCases.C_Verify_CMSMenu_FunctionalityTC - clicked on media object close button
18:40:21.110 [TestNG-test=RetryMultipleFailedTestcases-4] INFO  sprint1_TestCases.C_Verify_CMSMenu_FunctionalityTC - Logged in and searched for a file, then clicked Edit.
18:40:21.479 [TestNG-test=RetryMultipleFailedTestcases-4] INFO  sprint1_TestCases.C_Verify_CMSMenu_FunctionalityTC - clicked on Handberger button
18:40:22.292 [TestNG-test=RetryMultipleFailedTestcases-4] INFO  sprint1_TestCases.C_Verify_CMSMenu_FunctionalityTC - clicked on user profile button
18:40:22.463 [TestNG-test=RetryMultipleFailedTestcases-4] INFO  sprint1_TestCases.C_Verify_CMSMenu_FunctionalityTC - clicked on logout button
18:40:22.468 [TestNG-test=RetryMultipleFailedTestcases-4] INFO  sprint1_TestCases.C_Verify_CMSMenu_FunctionalityTC - clicked on accept alert
18:40:23.556 [TestNG-test=RetryMultipleFailedTestcases-2] INFO  sprint1_TestCases.C_Verify_CMSMenu_FunctionalityTC - Logged in and searched for a file, then clicked Edit.
18:40:23.575 [TestNG-test=RetryMultipleFailedTestcases-2] INFO  sprint1_TestCases.C_Verify_CMSMenu_FunctionalityTC - Switched to frame 0.
18:40:24.132 [TestNG-test=RetryMultipleFailedTestcases-2] INFO  sprint1_TestCases.C_Verify_CMSMenu_FunctionalityTC - clicked on First para from VE
18:40:24.289 [TestNG-test=RetryMultipleFailedTestcases-2] INFO  sprint1_TestCases.C_Verify_CMSMenu_FunctionalityTC - Switched back to default content.
18:40:24.475 [TestNG-test=RetryMultipleFailedTestcases-2] INFO  sprint1_TestCases.C_Verify_CMSMenu_FunctionalityTC - clicked on Handberger button
18:40:24.737 [TestNG-test=RetryMultipleFailedTestcases-2] INFO  sprint1_TestCases.C_Verify_CMSMenu_FunctionalityTC - clicked on media object button
18:40:25.319 [TestNG-test=RetryMultipleFailedTestcases-2] INFO  sprint1_TestCases.C_Verify_CMSMenu_FunctionalityTC - verified on media object search label is diaplayed
18:40:25.500 [TestNG-test=RetryMultipleFailedTestcases-2] INFO  sprint1_TestCases.C_Verify_CMSMenu_FunctionalityTC - clicked on Handberger button
18:40:26.108 [TestNG-test=RetryMultipleFailedTestcases-2] INFO  sprint1_TestCases.C_Verify_CMSMenu_FunctionalityTC - verified on image name is typed
18:40:26.260 [TestNG-test=RetryMultipleFailedTestcases-2] INFO  sprint1_TestCases.C_Verify_CMSMenu_FunctionalityTC - verified on image is diaplayed
18:40:26.260 [TestNG-test=RetryMultipleFailedTestcases-2] INFO  sprint1_TestCases.C_Verify_CMSMenu_FunctionalityTC - Finished verify_MediaObject_SearchValidImage
18:40:33.203 [TestNG-test=RetryMultipleFailedTestcases-4] INFO  sprint1_TestCases.C_Verify_CMSMenu_FunctionalityTC - Starting verify_TitleBar
18:40:34.402 [TestNG-test=RetryMultipleFailedTestcases-2] INFO  sprint1_TestCases.C_Verify_CMSMenu_FunctionalityTC - Starting verify_MediaLibrary_SearchOption
18:40:50.512 [TestNG-test=RetryMultipleFailedTestcases-3] INFO  sprint1_TestCases.C_Verify_CMSMenu_FunctionalityTC - Verified Change picture is not displayed
18:40:50.512 [TestNG-test=RetryMultipleFailedTestcases-3] INFO  sprint1_TestCases.C_Verify_CMSMenu_FunctionalityTC - Finished verify_CMSMenu_RejectChange
18:40:57.363 [TestNG-test=RetryMultipleFailedTestcases-3] INFO  sprint1_TestCases.D_TabViewOptionsTC - Starting verifyTabViewOptions
18:41:01.023 [TestNG-test=RetryMultipleFailedTestcases-1] INFO  sprint1_TestCases.C_Verify_CMSMenu_FunctionalityTC - Verified img is not displayed in document structure
18:41:01.023 [TestNG-test=RetryMultipleFailedTestcases-1] INFO  sprint1_TestCases.C_Verify_CMSMenu_FunctionalityTC - Finished verify_MediaObject_Close
18:41:07.411 [TestNG-test=RetryMultipleFailedTestcases-4] INFO  sprint1_TestCases.C_Verify_CMSMenu_FunctionalityTC - Logged in and searched for a file, then clicked Edit.
18:41:07.555 [TestNG-test=RetryMultipleFailedTestcases-4] INFO  sprint1_TestCases.C_Verify_CMSMenu_FunctionalityTC - Switched to frame 0.
18:41:08.549 [TestNG-test=RetryMultipleFailedTestcases-4] INFO  sprint1_TestCases.C_Verify_CMSMenu_FunctionalityTC - clicked on First para from VE
18:41:08.664 [TestNG-test=RetryMultipleFailedTestcases-4] INFO  sprint1_TestCases.C_Verify_CMSMenu_FunctionalityTC - Switched back to default content.
18:41:08.847 [TestNG-test=RetryMultipleFailedTestcases-4] INFO  sprint1_TestCases.C_Verify_CMSMenu_FunctionalityTC - clicked on Handberger button
18:41:09.130 [TestNG-test=RetryMultipleFailedTestcases-4] INFO  sprint1_TestCases.C_Verify_CMSMenu_FunctionalityTC - clicked on media object button
18:41:09.844 [TestNG-test=RetryMultipleFailedTestcases-2] INFO  sprint1_TestCases.C_Verify_CMSMenu_FunctionalityTC - Logged in and searched for a file, then clicked Edit.
18:41:09.970 [TestNG-test=RetryMultipleFailedTestcases-2] INFO  sprint1_TestCases.C_Verify_CMSMenu_FunctionalityTC - clicked on Handberger button
18:41:10.028 [TestNG-test=RetryMultipleFailedTestcases-2] INFO  sprint1_TestCases.C_Verify_CMSMenu_FunctionalityTC - verified Label CMS menu displayed
18:41:10.099 [TestNG-test=RetryMultipleFailedTestcases-1] INFO  sprint1_TestCases.D_TabViewOptionsTC - Starting verify_TabOptions_OnRefresh
18:41:10.362 [TestNG-test=RetryMultipleFailedTestcases-2] INFO  sprint1_TestCases.C_Verify_CMSMenu_FunctionalityTC - clicked on Media object link in CMS menu
18:41:12.194 [TestNG-test=RetryMultipleFailedTestcases-4] INFO  sprint1_TestCases.C_Verify_CMSMenu_FunctionalityTC - verified on media object search label is diaplayed
18:41:12.355 [TestNG-test=RetryMultipleFailedTestcases-4] INFO  sprint1_TestCases.C_Verify_CMSMenu_FunctionalityTC - clicked on Handberger button
18:41:12.395 [TestNG-test=RetryMultipleFailedTestcases-4] INFO  sprint1_TestCases.C_Verify_CMSMenu_FunctionalityTC - hello text is typed in search label
18:41:12.515 [TestNG-test=RetryMultipleFailedTestcases-4] INFO  sprint1_TestCases.C_Verify_CMSMenu_FunctionalityTC - clicked on Search button
18:41:12.576 [TestNG-test=RetryMultipleFailedTestcases-4] INFO  sprint1_TestCases.C_Verify_CMSMenu_FunctionalityTC - verified on image is not diaplayed
18:41:12.576 [TestNG-test=RetryMultipleFailedTestcases-4] INFO  sprint1_TestCases.C_Verify_CMSMenu_FunctionalityTC - Finished verify_MediaObject_SearchInvalidImage
18:41:16.798 [TestNG-test=RetryMultipleFailedTestcases-2] INFO  sprint1_TestCases.C_Verify_CMSMenu_FunctionalityTC - Verified media object search label i displayed
18:41:16.798 [TestNG-test=RetryMultipleFailedTestcases-2] INFO  sprint1_TestCases.C_Verify_CMSMenu_FunctionalityTC - Finished verify_MediaLibrary_SearchOption
18:41:19.524 [TestNG-test=RetryMultipleFailedTestcases-4] INFO  sprint1_TestCases.D_TabViewOptionsTC - Starting verify_TitleBar
18:41:23.893 [TestNG-test=RetryMultipleFailedTestcases-3] INFO  sprint1_TestCases.D_TabViewOptionsTC - Logged in and searched for a file, then clicked Edit.
18:41:24.104 [TestNG-test=RetryMultipleFailedTestcases-3] INFO  sprint1_TestCases.D_TabViewOptionsTC - verified Visual Editor is displayed
18:41:24.184 [TestNG-test=RetryMultipleFailedTestcases-3] INFO  sprint1_TestCases.D_TabViewOptionsTC - verified Code View is displayed
18:41:24.274 [TestNG-test=RetryMultipleFailedTestcases-3] INFO  sprint1_TestCases.D_TabViewOptionsTC - verified Quick Preview is displayed
18:41:24.392 [TestNG-test=RetryMultipleFailedTestcases-3] INFO  sprint1_TestCases.D_TabViewOptionsTC - verified Print Preview is displayed
18:41:24.392 [TestNG-test=RetryMultipleFailedTestcases-3] INFO  sprint1_TestCases.D_TabViewOptionsTC - Finished verifyTabViewOptions
18:41:25.209 [TestNG-test=RetryMultipleFailedTestcases-2] INFO  sprint1_TestCases.D_TabViewOptionsTC - Starting verifyTooltipsOnWindowResize
18:41:31.542 [TestNG-test=RetryMultipleFailedTestcases-3] INFO  sprint1_TestCases.D_TabViewOptionsTC - Starting verifyVisualEditorHighLighted
18:41:38.425 [TestNG-test=RetryMultipleFailedTestcases-1] INFO  sprint1_TestCases.D_TabViewOptionsTC - Logged in and searched for a file, then clicked Edit.
18:41:38.552 [TestNG-test=RetryMultipleFailedTestcases-1] INFO  sprint1_TestCases.D_TabViewOptionsTC - verified Visual Editor is displayed
18:41:38.605 [TestNG-test=RetryMultipleFailedTestcases-1] INFO  sprint1_TestCases.D_TabViewOptionsTC - verified Code View is displayed
18:41:38.676 [TestNG-test=RetryMultipleFailedTestcases-1] INFO  sprint1_TestCases.D_TabViewOptionsTC - verified Quick Preview is displayed
18:41:38.770 [TestNG-test=RetryMultipleFailedTestcases-1] INFO  sprint1_TestCases.D_TabViewOptionsTC - verified Print Preview is displayed
18:41:39.785 [TestNG-test=RetryMultipleFailedTestcases-1] INFO  sprint1_TestCases.D_TabViewOptionsTC - Page is refreshed
18:41:42.728 [TestNG-test=RetryMultipleFailedTestcases-1] INFO  sprint1_TestCases.D_TabViewOptionsTC - verified Visual Editor is displayed
18:41:42.784 [TestNG-test=RetryMultipleFailedTestcases-1] INFO  sprint1_TestCases.D_TabViewOptionsTC - verified Code View is displayed
18:41:42.834 [TestNG-test=RetryMultipleFailedTestcases-1] INFO  sprint1_TestCases.D_TabViewOptionsTC - verified Quick Preview is displayed
18:41:42.881 [TestNG-test=RetryMultipleFailedTestcases-1] INFO  sprint1_TestCases.D_TabViewOptionsTC - verified Print Preview is displayed
18:41:42.881 [TestNG-test=RetryMultipleFailedTestcases-1] INFO  sprint1_TestCases.D_TabViewOptionsTC - Finished verify_TabOptions_OnRefresh
18:41:48.273 [TestNG-test=RetryMultipleFailedTestcases-4] INFO  sprint1_TestCases.D_TabViewOptionsTC - Logged in and searched for a file, then clicked Edit.
18:41:48.506 [TestNG-test=RetryMultipleFailedTestcases-4] INFO  sprint1_TestCases.D_TabViewOptionsTC - verified Visual Editor Tooltip is displayed
18:41:49.232 [TestNG-test=RetryMultipleFailedTestcases-4] INFO  sprint1_TestCases.D_TabViewOptionsTC - verified Code  View Tooltip is displayed
18:41:49.881 [TestNG-test=RetryMultipleFailedTestcases-4] INFO  sprint1_TestCases.D_TabViewOptionsTC - verified Quick Preview Tooltip is displayed
18:41:50.198 [TestNG-test=RetryMultipleFailedTestcases-4] INFO  sprint1_TestCases.D_TabViewOptionsTC - verified Print Preview Tooltip is displayed
18:41:52.047 [TestNG-test=RetryMultipleFailedTestcases-1] INFO  sprint1_TestCases.D_TabViewOptionsTC - Starting verifyVisualEditorTab
18:41:55.585 [TestNG-test=RetryMultipleFailedTestcases-2] INFO  sprint1_TestCases.D_TabViewOptionsTC - Logged in and searched for a file, then clicked Edit.
18:41:57.102 [TestNG-test=RetryMultipleFailedTestcases-2] INFO  sprint1_TestCases.D_TabViewOptionsTC - verified Visual Editor Tooltip is displayed
18:41:57.292 [TestNG-test=RetryMultipleFailedTestcases-2] INFO  sprint1_TestCases.D_TabViewOptionsTC - verified Code View Tooltip is displayed
18:41:57.463 [TestNG-test=RetryMultipleFailedTestcases-2] INFO  sprint1_TestCases.D_TabViewOptionsTC - verified Quick Preview Tooltip is displayed
18:41:57.659 [TestNG-test=RetryMultipleFailedTestcases-2] INFO  sprint1_TestCases.D_TabViewOptionsTC - verified Print Preview Tooltip is displayed
18:41:57.659 [TestNG-test=RetryMultipleFailedTestcases-2] INFO  sprint1_TestCases.D_TabViewOptionsTC - Finished verifyTooltipsOnWindowResize
18:41:58.546 [TestNG-test=RetryMultipleFailedTestcases-4] INFO  sprint1_TestCases.D_TabViewOptionsTC - Starting verifyCodeView_HighLighted
18:42:04.628 [TestNG-test=RetryMultipleFailedTestcases-2] INFO  sprint1_TestCases.D_TabViewOptionsTC - Starting verifyCodeViewEnabled
18:42:05.827 [TestNG-test=RetryMultipleFailedTestcases-3] INFO  sprint1_TestCases.D_TabViewOptionsTC - Logged in and searched for a file, then clicked Edit.
18:42:06.049 [TestNG-test=RetryMultipleFailedTestcases-3] INFO  sprint1_TestCases.D_TabViewOptionsTC - verified General attributes label is displayed
18:42:06.083 [TestNG-test=RetryMultipleFailedTestcases-3] INFO  sprint1_TestCases.D_TabViewOptionsTC - verified Visual Editor is displayed
18:42:06.113 [TestNG-test=RetryMultipleFailedTestcases-3] INFO  sprint1_TestCases.D_TabViewOptionsTC - verified visual editor is highlighted
18:42:06.113 [TestNG-test=RetryMultipleFailedTestcases-3] INFO  sprint1_TestCases.D_TabViewOptionsTC - Finished verifyVisualEditorHighLighted
18:42:12.870 [TestNG-test=RetryMultipleFailedTestcases-3] INFO  sprint1_TestCases.D_TabViewOptionsTC - Starting verifyCodeViewTab
18:42:20.209 [TestNG-test=RetryMultipleFailedTestcases-1] INFO  sprint1_TestCases.D_TabViewOptionsTC - Logged in and searched for a file, then clicked Edit.
18:42:20.363 [TestNG-test=RetryMultipleFailedTestcases-1] INFO  sprint1_TestCases.D_TabViewOptionsTC - verified Visual Editor is displayed
18:42:20.415 [TestNG-test=RetryMultipleFailedTestcases-1] INFO  sprint1_TestCases.D_TabViewOptionsTC - verified Content block label is displayed
18:42:20.507 [TestNG-test=RetryMultipleFailedTestcases-1] INFO  sprint1_TestCases.D_TabViewOptionsTC - verified General attributes label is displayed
18:42:20.507 [TestNG-test=RetryMultipleFailedTestcases-1] INFO  sprint1_TestCases.D_TabViewOptionsTC - Finished verifyVisualEditorTab
18:42:26.525 [TestNG-test=RetryMultipleFailedTestcases-4] INFO  sprint1_TestCases.D_TabViewOptionsTC - Logged in and searched for a file, then clicked Edit.
