21:06:04.985 [TestNG-test=RetryMultipleFailedTestcases-2] INFO  sprint9_TestCases.Commonbugs1TC - Switched back to default content.
21:06:05.965 [TestNG-test=RetryMultipleFailedTestcases-2] INFO  sprint9_TestCases.Commonbugs1TC - Clicked on Change Element
21:06:07.472 [TestNG-test=RetryMultipleFailedTestcases-2] INFO  sprint9_TestCases.Commonbugs1TC - clicked on change element list
21:06:08.682 [TestNG-test=RetryMultipleFailedTestcases-1] INFO  sprint9_TestCases.Commonbugs1TC - Starting verifyDeleteFootnoteKey test...
21:06:09.517 [TestNG-test=RetryMultipleFailedTestcases-2] INFO  sprint9_TestCases.Commonbugs1TC - clicked on Accept Change
21:06:12.631 [TestNG-test=RetryMultipleFailedTestcases-2] INFO  sprint9_TestCases.Commonbugs1TC - clicked on Accept Change
21:06:13.553 [TestNG-test=RetryMultipleFailedTestcases-4] INFO  sprint9_TestCases.Commonbugs1TC - Starting verifyDeleteTableUsingDeleteKey test...
21:06:15.327 [TestNG-test=RetryMultipleFailedTestcases-2] INFO  sprint9_TestCases.Commonbugs1TC - clicked on caption input
21:06:15.900 [TestNG-test=RetryMultipleFailedTestcases-2] INFO  sprint9_TestCases.Commonbugs1TC - Switched to frame 0.
21:06:22.062 [TestNG-test=RetryMultipleFailedTestcases-3] INFO  sprint9_TestCases.Commonbugs1TC - Logged in and searched for a file, then clicked Edit.
21:06:22.607 [TestNG-test=RetryMultipleFailedTestcases-2] INFO  sprint9_TestCases.Commonbugs1TC - Starting verifyEnterAtFootnote test...
21:06:29.833 [TestNG-test=RetryMultipleFailedTestcases-3] INFO  sprint9_TestCases.Commonbugs1TC - Inserted Table in DS
21:06:30.058 [TestNG-test=RetryMultipleFailedTestcases-3] INFO  sprint9_TestCases.Commonbugs1TC - clicked on caption input
21:06:30.251 [TestNG-test=RetryMultipleFailedTestcases-3] INFO  sprint9_TestCases.Commonbugs1TC - Switched to frame 0.
21:06:31.084 [TestNG-test=RetryMultipleFailedTestcases-3] INFO  sprint9_TestCases.Commonbugs1TC - Double click on editor caption
21:06:31.445 [TestNG-test=RetryMultipleFailedTestcases-3] INFO  sprint9_TestCases.Commonbugs1TC - Switched back to default content.
21:06:31.494 [TestNG-test=RetryMultipleFailedTestcases-3] INFO  sprint9_TestCases.Commonbugs1TC - verifyEnterAtCaption test completed successfully.
21:06:41.401 [TestNG-test=RetryMultipleFailedTestcases-3] INFO  sprint9_TestCases.Commonbugs1TC - Starting verifyEnterAtFootnoteBottom test...
21:06:48.831 [TestNG-test=RetryMultipleFailedTestcases-1] INFO  sprint9_TestCases.Commonbugs1TC - Logged in and searched for a file, then clicked Edit.
21:06:48.999 [TestNG-test=RetryMultipleFailedTestcases-1] INFO  sprint9_TestCases.Commonbugs1TC - Switched to frame 0.
21:06:49.857 [TestNG-test=RetryMultipleFailedTestcases-1] INFO  sprint9_TestCases.Commonbugs1TC - clicked on first para in VE
21:06:50.097 [TestNG-test=RetryMultipleFailedTestcases-1] INFO  sprint9_TestCases.Commonbugs1TC - Switched to default content.
21:06:50.903 [TestNG-test=RetryMultipleFailedTestcases-1] INFO  sprint9_TestCases.Commonbugs1TC - clicked on caption input
21:06:52.842 [TestNG-test=RetryMultipleFailedTestcases-4] INFO  sprint9_TestCases.Commonbugs1TC - Logged in and searched for a file, then clicked Edit.
21:06:53.333 [TestNG-test=RetryMultipleFailedTestcases-4] INFO  sprint9_TestCases.Commonbugs1TC - clicked on second section
21:06:59.030 [TestNG-test=RetryMultipleFailedTestcases-1] INFO  sprint9_TestCases.Commonbugs1TC - clicked on new footnote box
21:06:59.741 [TestNG-test=RetryMultipleFailedTestcases-1] INFO  sprint9_TestCases.Commonbugs1TC - clicked on footnote ok button
21:07:00.937 [TestNG-test=RetryMultipleFailedTestcases-1] INFO  sprint9_TestCases.Commonbugs1TC - clicked on Accept Change
21:07:02.193 [TestNG-test=RetryMultipleFailedTestcases-1] INFO  sprint9_TestCases.Commonbugs1TC - Clicked on track changes.
21:07:02.212 [TestNG-test=RetryMultipleFailedTestcases-1] INFO  sprint9_TestCases.Commonbugs1TC - Switched to frame 0.
21:07:19.723 [TestNG-test=RetryMultipleFailedTestcases-2] INFO  sprint9_TestCases.Commonbugs1TC - Logged in and searched for a file, then clicked Edit.
21:07:19.746 [TestNG-test=RetryMultipleFailedTestcases-2] INFO  sprint9_TestCases.Commonbugs1TC - Switched to frame 0.
21:07:20.207 [TestNG-test=RetryMultipleFailedTestcases-2] INFO  sprint9_TestCases.Commonbugs1TC - clicked on first para in VE
21:07:20.247 [TestNG-test=RetryMultipleFailedTestcases-2] INFO  sprint9_TestCases.Commonbugs1TC - Switched to default content.
21:07:20.649 [TestNG-test=RetryMultipleFailedTestcases-2] INFO  sprint9_TestCases.Commonbugs1TC - clicked on footnote plugin
21:07:22.133 [TestNG-test=RetryMultipleFailedTestcases-4] INFO  sprint9_TestCases.Commonbugs1TC - Starting verifyDeleteTableUsingDeleteKey test...
21:07:24.458 [TestNG-test=RetryMultipleFailedTestcases-2] INFO  sprint9_TestCases.Commonbugs1TC - clicked on footnote box
21:07:26.043 [TestNG-test=RetryMultipleFailedTestcases-2] INFO  sprint9_TestCases.Commonbugs1TC - clicked on footnote ok button
21:07:29.325 [TestNG-test=RetryMultipleFailedTestcases-2] INFO  sprint9_TestCases.Commonbugs1TC - verifyEnterAtFootnote test completed successfully.
21:07:32.191 [TestNG-test=RetryMultipleFailedTestcases-3] INFO  sprint9_TestCases.Commonbugs1TC - Logged in and searched for a file, then clicked Edit.
21:07:32.219 [TestNG-test=RetryMultipleFailedTestcases-3] INFO  sprint9_TestCases.Commonbugs1TC - Switched to frame 0.
21:07:33.038 [TestNG-test=RetryMultipleFailedTestcases-3] INFO  sprint9_TestCases.Commonbugs1TC - clicked on first para in VE
21:07:33.218 [TestNG-test=RetryMultipleFailedTestcases-3] INFO  sprint9_TestCases.Commonbugs1TC - Switched to default content.
21:07:36.827 [TestNG-test=RetryMultipleFailedTestcases-2] INFO  sprint9_TestCases.Commonbugs1TC - Starting verifyEnterInEmphasis ..
21:07:40.681 [TestNG-test=RetryMultipleFailedTestcases-3] INFO  sprint9_TestCases.Commonbugs1TC - Switched to frame 0.
21:07:41.523 [TestNG-test=RetryMultipleFailedTestcases-3] INFO  sprint9_TestCases.Commonbugs1TC - Footnote is highlighted in DS
21:07:41.523 [TestNG-test=RetryMultipleFailedTestcases-3] INFO  sprint9_TestCases.Commonbugs1TC - verifyEnterAtFootnoteBottom test completed successfully.
21:07:50.344 [TestNG-test=RetryMultipleFailedTestcases-4] INFO  sprint9_TestCases.Commonbugs1TC - Logged in and searched for a file, then clicked Edit.
21:07:50.623 [TestNG-test=RetryMultipleFailedTestcases-3] INFO  sprint9_TestCases.Commonbugs1TC - Starting verifyEnterTable test...
21:07:51.267 [TestNG-test=RetryMultipleFailedTestcases-4] INFO  sprint9_TestCases.Commonbugs1TC - clicked on second section
21:07:51.732 [TestNG-test=RetryMultipleFailedTestcases-1] INFO  sprint9_TestCases.Commonbugs1TC - Starting verifyHitBackspaceBeforeAddress test...
21:07:53.795 [TestNG-test=RetryMultipleFailedTestcases-4] INFO  sprint9_TestCases.Commonbugs1TC - clicked on existing table
21:07:54.673 [TestNG-test=RetryMultipleFailedTestcases-4] INFO  sprint9_TestCases.Commonbugs1TC - Switched to frame 0.
21:07:54.749 [TestNG-test=RetryMultipleFailedTestcases-4] INFO  sprint9_TestCases.Commonbugs1TC - Verified section heading is highlighted in DS
21:07:54.749 [TestNG-test=RetryMultipleFailedTestcases-4] INFO  sprint9_TestCases.Commonbugs1TC - verifyDeleteTableUsingDeleteKey test completed successfully.
21:07:59.955 [TestNG-test=RetryMultipleFailedTestcases-4] INFO  sprint9_TestCases.Commonbugs1TC - Starting verifyInsertAddressCheckQP test...
21:08:10.961 [TestNG-test=RetryMultipleFailedTestcases-2] INFO  sprint9_TestCases.Commonbugs1TC - Logged in and searched for a file, then clicked Edit.
21:08:10.982 [TestNG-test=RetryMultipleFailedTestcases-2] INFO  sprint9_TestCases.Commonbugs1TC - Switched to frame 0.
21:08:11.499 [TestNG-test=RetryMultipleFailedTestcases-2] INFO  sprint9_TestCases.Commonbugs1TC - clicked on bold para
21:08:13.316 [TestNG-test=RetryMultipleFailedTestcases-2] INFO  sprint9_TestCases.Commonbugs1TC - Switched back to default content.
21:08:13.712 [TestNG-test=RetryMultipleFailedTestcases-2] INFO  sprint9_TestCases.Commonbugs1TC - verifyEnterInEmphasis test completed successfully.
21:08:22.917 [TestNG-test=RetryMultipleFailedTestcases-2] INFO  sprint9_TestCases.Commonbugs1TC - Starting verifyInsertLinkInListAndHitTabKey test...
21:08:25.211 [TestNG-test=RetryMultipleFailedTestcases-1] INFO  sprint9_TestCases.Commonbugs1TC - Logged in and searched for a file, then clicked Edit.
21:08:37.780 [TestNG-test=RetryMultipleFailedTestcases-3] INFO  sprint9_TestCases.Commonbugs1TC - Logged in and searched for a file, then clicked Edit.
21:08:38.632 [TestNG-test=RetryMultipleFailedTestcases-3] INFO  sprint9_TestCases.Commonbugs1TC - clicked on second section
21:08:42.946 [TestNG-test=RetryMultipleFailedTestcases-1] INFO  sprint9_TestCases.Commonbugs1TC - Starting verifyHitBackspaceBeforeAddress test...
21:08:50.213 [TestNG-test=RetryMultipleFailedTestcases-4] INFO  sprint9_TestCases.Commonbugs1TC - Logged in and searched for a file, then clicked Edit.
21:09:04.287 [TestNG-test=RetryMultipleFailedTestcases-2] INFO  sprint9_TestCases.Commonbugs1TC - Logged in and searched for a file, then clicked Edit.
21:09:06.603 [TestNG-test=RetryMultipleFailedTestcases-2] INFO  sprint9_TestCases.Commonbugs1TC - clicked on first para in DS
21:09:07.242 [TestNG-test=RetryMultipleFailedTestcases-2] INFO  sprint9_TestCases.Commonbugs1TC - clicked on number list
21:09:07.696 [TestNG-test=RetryMultipleFailedTestcases-3] INFO  sprint9_TestCases.Commonbugs1TC - Starting verifyEnterTable test...
21:09:09.786 [TestNG-test=RetryMultipleFailedTestcases-2] INFO  sprint9_TestCases.Commonbugs1TC - verifyInsertLinkInListAndHitTabKey test completed successfully.
21:09:15.107 [TestNG-test=RetryMultipleFailedTestcases-4] INFO  sprint9_TestCases.Commonbugs1TC - verifyInsertAddressCheckQP test completed successfully.
21:09:16.501 [TestNG-test=RetryMultipleFailedTestcases-2] INFO  sprint9_TestCases.Commonbugs1TC - Starting verifyInsertTableInListAndHitTabKey test...
21:09:16.762 [TestNG-test=RetryMultipleFailedTestcases-1] INFO  sprint9_TestCases.Commonbugs1TC - Logged in and searched for a file, then clicked Edit.
21:09:22.993 [TestNG-test=RetryMultipleFailedTestcases-4] INFO  sprint9_TestCases.Commonbugs1TC - Starting verifyRemoveContentDeleteKey test...
21:09:35.945 [TestNG-test=RetryMultipleFailedTestcases-1] INFO  sprint9_TestCases.Commonbugs1TC - Starting verifyHitBackspaceBeforeAddress test...
21:09:40.485 [TestNG-test=RetryMultipleFailedTestcases-3] INFO  sprint9_TestCases.Commonbugs1TC - Logged in and searched for a file, then clicked Edit.
21:09:41.208 [TestNG-test=RetryMultipleFailedTestcases-3] INFO  sprint9_TestCases.Commonbugs1TC - clicked on second section
21:09:47.621 [TestNG-test=RetryMultipleFailedTestcases-2] INFO  sprint9_TestCases.Commonbugs1TC - Logged in and searched for a file, then clicked Edit.
21:09:49.372 [TestNG-test=RetryMultipleFailedTestcases-2] INFO  sprint9_TestCases.Commonbugs1TC - clicked on ds first para
21:09:49.959 [TestNG-test=RetryMultipleFailedTestcases-2] INFO  sprint9_TestCases.Commonbugs1TC - clicked on number list
21:09:51.422 [TestNG-test=RetryMultipleFailedTestcases-2] INFO  sprint9_TestCases.Commonbugs1TC - Switched to frame 0.
21:09:53.115 [TestNG-test=RetryMultipleFailedTestcases-2] INFO  sprint9_TestCases.Commonbugs1TC - Performed right-click on Existing List Item.
21:09:53.173 [TestNG-test=RetryMultipleFailedTestcases-2] INFO  sprint9_TestCases.Commonbugs1TC - Switched back to default content.
21:09:53.204 [TestNG-test=RetryMultipleFailedTestcases-2] INFO  sprint9_TestCases.Commonbugs1TC - Switched to frame 1.
21:09:54.736 [TestNG-test=RetryMultipleFailedTestcases-2] INFO  sprint9_TestCases.Commonbugs1TC - Clicked on VE Insert Into.
21:09:54.786 [TestNG-test=RetryMultipleFailedTestcases-2] INFO  sprint9_TestCases.Commonbugs1TC - Switched back to default content.
21:09:55.442 [TestNG-test=RetryMultipleFailedTestcases-2] INFO  sprint9_TestCases.Commonbugs1TC - Clicked on Insert Into table.
21:09:56.523 [TestNG-test=RetryMultipleFailedTestcases-2] INFO  sprint9_TestCases.Commonbugs1TC - Clicked on RHS Insert Button.
21:09:57.714 [TestNG-test=RetryMultipleFailedTestcases-4] INFO  sprint9_TestCases.Commonbugs1TC - Logged in and searched for a file, then clicked Edit.
21:09:58.302 [TestNG-test=RetryMultipleFailedTestcases-2] INFO  sprint9_TestCases.Commonbugs1TC - clicked on table ok button
21:10:00.475 [TestNG-test=RetryMultipleFailedTestcases-4] INFO  sprint9_TestCases.Commonbugs1TC - clicked on Accept Change
21:10:00.647 [TestNG-test=RetryMultipleFailedTestcases-4] INFO  sprint9_TestCases.Commonbugs1TC - section heading is highlighted in DS
21:10:00.647 [TestNG-test=RetryMultipleFailedTestcases-4] INFO  sprint9_TestCases.Commonbugs1TC - verifyRemoveContentDeleteKey test completed successfully.
21:10:01.016 [TestNG-test=RetryMultipleFailedTestcases-2] INFO  sprint9_TestCases.Commonbugs1TC - Switched to frame 0.
21:10:01.075 [TestNG-test=RetryMultipleFailedTestcases-2] INFO  sprint9_TestCases.Commonbugs1TC - Footnote is highlighted in DS
21:10:01.075 [TestNG-test=RetryMultipleFailedTestcases-2] INFO  sprint9_TestCases.Commonbugs1TC - verifyInsertTableInListAndHitTabKey test completed successfully.
21:10:05.824 [TestNG-test=RetryMultipleFailedTestcases-4] INFO  sprint9_TestCases.Commonbugs1TC - Starting verifyRemoveInlineElementOfFootNote test...
21:10:06.915 [TestNG-test=RetryMultipleFailedTestcases-2] INFO  sprint9_TestCases.Commonbugs1TC - Starting verifySelectAllAddAddress test...
21:10:12.549 [TestNG-test=RetryMultipleFailedTestcases-3] INFO  sprint9_TestCases.Commonbugs1TC - Starting verifyEnterTable test...
21:10:15.911 [TestNG-test=RetryMultipleFailedTestcases-1] INFO  sprint9_TestCases.Commonbugs1TC - Logged in and searched for a file, then clicked Edit.
21:10:31.942 [TestNG-test=RetryMultipleFailedTestcases-1] INFO  sprint9_TestCases.Commonbugs1TC - Starting verifyHitBackspaceBeforeAddress test...
21:10:45.866 [TestNG-test=RetryMultipleFailedTestcases-4] INFO  sprint9_TestCases.Commonbugs1TC - Logged in and searched for a file, then clicked Edit.
21:10:45.904 [TestNG-test=RetryMultipleFailedTestcases-4] INFO  sprint9_TestCases.Commonbugs1TC - Switched to frame 0.
21:10:46.742 [TestNG-test=RetryMultipleFailedTestcases-4] INFO  sprint9_TestCases.Commonbugs1TC - clicked on first para in VE
21:10:46.877 [TestNG-test=RetryMultipleFailedTestcases-4] INFO  sprint9_TestCases.Commonbugs1TC - Switched to default content.
21:10:47.318 [TestNG-test=RetryMultipleFailedTestcases-4] INFO  sprint9_TestCases.Commonbugs1TC - clicked on footnote plugin
21:10:51.681 [TestNG-test=RetryMultipleFailedTestcases-2] INFO  sprint9_TestCases.Commonbugs1TC - Logged in and searched for a file, then clicked Edit.
21:10:51.769 [TestNG-test=RetryMultipleFailedTestcases-4] INFO  sprint9_TestCases.Commonbugs1TC - clicked on footnote box
21:10:52.591 [TestNG-test=RetryMultipleFailedTestcases-2] INFO  sprint9_TestCases.Commonbugs1TC - clicked on change element
21:10:52.787 [TestNG-test=RetryMultipleFailedTestcases-3] INFO  sprint9_TestCases.Commonbugs1TC - Logged in and searched for a file, then clicked Edit.
21:10:53.399 [TestNG-test=RetryMultipleFailedTestcases-4] INFO  sprint9_TestCases.Commonbugs1TC - clicked on footnote ok button
21:10:53.632 [TestNG-test=RetryMultipleFailedTestcases-3] INFO  sprint9_TestCases.Commonbugs1TC - clicked on second section
21:10:54.726 [TestNG-test=RetryMultipleFailedTestcases-4] INFO  sprint9_TestCases.Commonbugs1TC - verifyRemoveInlineElementOfFootNote test completed successfully.
21:11:01.720 [TestNG-test=RetryMultipleFailedTestcases-4] INFO  sprint9_TestCases.Commonbugs1TC - Starting verifyShiftEnterAtLastElement test...
21:11:09.267 [TestNG-test=RetryMultipleFailedTestcases-1] INFO  sprint9_TestCases.Commonbugs1TC - Logged in and searched for a file, then clicked Edit.
21:11:22.492 [TestNG-test=RetryMultipleFailedTestcases-3] INFO  sprint9_TestCases.Commonbugs1TC - Starting verifyEnterTable test...
21:11:27.661 [TestNG-test=RetryMultipleFailedTestcases-1] INFO  sprint9_TestCases.Commonbugs1TC - Starting verifyShiftEnterAtTable test...
21:11:46.130 [TestNG-test=RetryMultipleFailedTestcases-2] INFO  sprint9_TestCases.Commonbugs1TC - Starting verifySelectAllAddAddress test...
21:11:49.109 [TestNG-test=RetryMultipleFailedTestcases-4] INFO  sprint9_TestCases.Commonbugs1TC - Logged in and searched for a file, then clicked Edit.
21:11:50.585 [TestNG-test=RetryMultipleFailedTestcases-4] INFO  sprint9_TestCases.Commonbugs1TC - clicked on DS first para
21:11:50.926 [TestNG-test=RetryMultipleFailedTestcases-4] INFO  sprint9_TestCases.Commonbugs1TC - section heading is not highlighted in DS
21:11:50.926 [TestNG-test=RetryMultipleFailedTestcases-4] INFO  sprint9_TestCases.Commonbugs1TC - verifyShiftEnterAtLastElement test completed successfully.
21:12:03.274 [TestNG-test=RetryMultipleFailedTestcases-4] INFO  sprint9_TestCases.Commonbugs1TC - Starting verifyShiftEnterSectionHeading ..
21:12:37.572 [TestNG-test=RetryMultipleFailedTestcases-3] INFO  sprint9_TestCases.Commonbugs1TC - Logged in and searched for a file, then clicked Edit.
21:12:38.269 [TestNG-test=RetryMultipleFailedTestcases-3] INFO  sprint9_TestCases.Commonbugs1TC - clicked on second section
21:12:40.653 [TestNG-test=RetryMultipleFailedTestcases-3] INFO  sprint9_TestCases.Commonbugs1TC - clicked on existing table
21:12:42.285 [TestNG-test=RetryMultipleFailedTestcases-3] INFO  sprint9_TestCases.Commonbugs1TC - Switched to frame 0.
21:12:42.345 [TestNG-test=RetryMultipleFailedTestcases-3] INFO  sprint9_TestCases.Commonbugs1TC - Verified section heading is highlighted in DS
21:12:42.345 [TestNG-test=RetryMultipleFailedTestcases-3] INFO  sprint9_TestCases.Commonbugs1TC - verifyEnterTable test completed successfully.
21:12:57.845 [TestNG-test=RetryMultipleFailedTestcases-3] INFO  sprint9_TestCases.A_ToolbarOptionsTC - Starting verifyCopyEnabledAfterDoubleclick test...
21:13:12.317 [TestNG-test=RetryMultipleFailedTestcases-2] INFO  sprint9_TestCases.Commonbugs1TC - Logged in and searched for a file, then clicked Edit.
21:13:12.808 [TestNG-test=RetryMultipleFailedTestcases-2] INFO  sprint9_TestCases.Commonbugs1TC - clicked on change element
21:13:50.888 [TestNG-test=RetryMultipleFailedTestcases-4] INFO  sprint9_TestCases.Commonbugs1TC - Logged in and searched for a file, then clicked Edit.
21:13:51.458 [TestNG-test=RetryMultipleFailedTestcases-4] INFO  sprint9_TestCases.Commonbugs1TC - clicked on DS section heading
21:13:51.895 [TestNG-test=RetryMultipleFailedTestcases-4] INFO  sprint9_TestCases.Commonbugs1TC - section heading is highlighted in DS
21:13:51.895 [TestNG-test=RetryMultipleFailedTestcases-4] INFO  sprint9_TestCases.Commonbugs1TC - verifyShiftEnterSectionHeading test completed successfully.
21:13:58.434 [TestNG-test=RetryMultipleFailedTestcases-4] INFO  sprint9_TestCases.A_ToolbarOptionsTC - Starting verifycopyPaste test...
21:14:00.078 [TestNG-test=RetryMultipleFailedTestcases-2] INFO  sprint9_TestCases.Commonbugs1TC - Starting verifySelectAllAddAddress test...
21:14:08.422 [TestNG-test=RetryMultipleFailedTestcases-3] INFO  sprint9_TestCases.A_ToolbarOptionsTC - Logged in and performed search and edit actions.
21:14:08.469 [TestNG-test=RetryMultipleFailedTestcases-3] INFO  sprint9_TestCases.A_ToolbarOptionsTC - By default, Copy button is disabled.
21:14:09.943 [TestNG-test=RetryMultipleFailedTestcases-3] INFO  sprint9_TestCases.A_ToolbarOptionsTC - After double-clicking, Copy toolbar plugin is enabled.
21:14:09.943 [TestNG-test=RetryMultipleFailedTestcases-3] INFO  sprint9_TestCases.A_ToolbarOptionsTC - verifyCopyEnabledAfterDoubleclick test completed successfully.
21:14:16.735 [TestNG-test=RetryMultipleFailedTestcases-3] INFO  sprint9_TestCases.A_ToolbarOptionsTC - Starting verifycopyPaste test...
21:14:28.975 [TestNG-test=RetryMultipleFailedTestcases-2] INFO  sprint9_TestCases.Commonbugs1TC - Logged in and searched for a file, then clicked Edit.
21:14:29.803 [TestNG-test=RetryMultipleFailedTestcases-2] INFO  sprint9_TestCases.Commonbugs1TC - clicked on change element
21:14:34.122 [TestNG-test=RetryMultipleFailedTestcases-4] INFO  sprint9_TestCases.A_ToolbarOptionsTC - Logged in and performed search and edit actions.
21:14:38.064 [TestNG-test=RetryMultipleFailedTestcases-1] INFO  sprint9_TestCases.Commonbugs1TC - Logged in and searched for a file, then clicked Edit.
21:14:40.555 [TestNG-test=RetryMultipleFailedTestcases-4] INFO  sprint9_TestCases.A_ToolbarOptionsTC - Starting verifycopyPaste test...
21:15:02.575 [TestNG-test=RetryMultipleFailedTestcases-3] INFO  sprint9_TestCases.A_ToolbarOptionsTC - Logged in and performed search and edit actions.
21:15:02.601 [TestNG-test=RetryMultipleFailedTestcases-3] INFO  sprint9_TestCases.A_ToolbarOptionsTC - Switched to frame 0.
21:15:03.090 [TestNG-test=RetryMultipleFailedTestcases-3] INFO  sprint9_TestCases.A_ToolbarOptionsTC - clicked on first para in VE
21:15:03.120 [TestNG-test=RetryMultipleFailedTestcases-3] INFO  sprint9_TestCases.A_ToolbarOptionsTC - Switched to default content.
21:15:03.424 [TestNG-test=RetryMultipleFailedTestcases-3] INFO  sprint9_TestCases.A_ToolbarOptionsTC - clicked on footnote plugin
21:15:07.520 [TestNG-test=RetryMultipleFailedTestcases-3] INFO  sprint9_TestCases.A_ToolbarOptionsTC - clicked on footnote box
21:15:08.366 [TestNG-test=RetryMultipleFailedTestcases-3] INFO  sprint9_TestCases.A_ToolbarOptionsTC - clicked on footnote ok button
21:15:14.368 [TestNG-test=RetryMultipleFailedTestcases-3] INFO  sprint9_TestCases.A_ToolbarOptionsTC - Starting verifyCutEnabledAfterDoubleclick test...
21:15:17.329 [TestNG-test=RetryMultipleFailedTestcases-2] INFO  sprint9_TestCases.Commonbugs1TC - Starting verifySelectAllAddAddress test...
21:15:21.183 [TestNG-test=RetryMultipleFailedTestcases-4] INFO  sprint9_TestCases.A_ToolbarOptionsTC - Logged in and performed search and edit actions.
21:15:28.215 [TestNG-test=RetryMultipleFailedTestcases-4] INFO  sprint9_TestCases.A_ToolbarOptionsTC - Starting verifyCutPaste test...
21:15:45.520 [TestNG-test=RetryMultipleFailedTestcases-2] INFO  sprint9_TestCases.Commonbugs1TC - Logged in and searched for a file, then clicked Edit.
21:15:46.584 [TestNG-test=RetryMultipleFailedTestcases-2] INFO  sprint9_TestCases.Commonbugs1TC - clicked on change element
21:15:49.996 [TestNG-test=RetryMultipleFailedTestcases-3] INFO  sprint9_TestCases.A_ToolbarOptionsTC - Logged in and performed search and edit actions.
21:15:50.046 [TestNG-test=RetryMultipleFailedTestcases-3] INFO  sprint9_TestCases.A_ToolbarOptionsTC - By default, Cut button is disabled.
21:15:51.022 [TestNG-test=RetryMultipleFailedTestcases-3] INFO  sprint9_TestCases.A_ToolbarOptionsTC - After double-clicking, Cut toolbar plugin is enabled.
21:15:51.023 [TestNG-test=RetryMultipleFailedTestcases-3] INFO  sprint9_TestCases.A_ToolbarOptionsTC - verifyCutEnabledAfterDoubleclick test completed successfully.
21:15:51.855 [TestNG-test=RetryMultipleFailedTestcases-1] INFO  sprint9_TestCases.Commonbugs1TC - Starting verifyShiftEnterAtTable test...
21:15:57.650 [TestNG-test=RetryMultipleFailedTestcases-3] INFO  sprint9_TestCases.A_ToolbarOptionsTC - Starting verifycopyPaste test...
21:16:17.907 [TestNG-test=RetryMultipleFailedTestcases-4] INFO  sprint9_TestCases.A_ToolbarOptionsTC - Logged in and performed search and edit actions.
21:16:17.941 [TestNG-test=RetryMultipleFailedTestcases-4] INFO  sprint9_TestCases.A_ToolbarOptionsTC - Copy button is disabled by default.
21:16:18.640 [TestNG-test=RetryMultipleFailedTestcases-4] INFO  sprint9_TestCases.A_ToolbarOptionsTC - Double-clicked on the first paragraph to select text.
21:16:18.991 [TestNG-test=RetryMultipleFailedTestcases-4] INFO  sprint9_TestCases.A_ToolbarOptionsTC - Clicked on the Cut button.
21:16:19.386 [TestNG-test=RetryMultipleFailedTestcases-4] INFO  sprint9_TestCases.A_ToolbarOptionsTC - Cut is happened as expected: true
21:16:19.781 [TestNG-test=RetryMultipleFailedTestcases-4] INFO  sprint9_TestCases.A_ToolbarOptionsTC - Clicked on the fourth paragraph in the frame.
21:16:19.994 [TestNG-test=RetryMultipleFailedTestcases-4] INFO  sprint9_TestCases.A_ToolbarOptionsTC - Clicked on the Paste button.
21:16:20.883 [TestNG-test=RetryMultipleFailedTestcases-4] INFO  sprint9_TestCases.A_ToolbarOptionsTC - Paste popup is displayed.
21:16:20.891 [TestNG-test=RetryMultipleFailedTestcases-4] INFO  sprint9_TestCases.A_ToolbarOptionsTC - Performed Ctrl+V to paste.
21:16:21.309 [TestNG-test=RetryMultipleFailedTestcases-4] INFO  sprint9_TestCases.A_ToolbarOptionsTC - Clicked on the OK button.
21:16:21.389 [TestNG-test=RetryMultipleFailedTestcases-4] INFO  sprint9_TestCases.A_ToolbarOptionsTC - Pasted content is correct: true
21:16:21.391 [TestNG-test=RetryMultipleFailedTestcases-4] INFO  sprint9_TestCases.A_ToolbarOptionsTC - verifyCutPaste test completed successfully.
21:16:33.147 [TestNG-test=RetryMultipleFailedTestcases-2] INFO  sprint9_TestCases.A_ToolbarOptionsTC - Starting verifyCutplainPaste test...
21:16:57.859 [TestNG-test=RetryMultipleFailedTestcases-3] INFO  sprint9_TestCases.A_ToolbarOptionsTC - Logged in and performed search and edit actions.
21:16:57.872 [TestNG-test=RetryMultipleFailedTestcases-3] INFO  sprint9_TestCases.A_ToolbarOptionsTC - Switched to frame 0.
21:16:58.540 [TestNG-test=RetryMultipleFailedTestcases-3] INFO  sprint9_TestCases.A_ToolbarOptionsTC - clicked on first para in VE
21:16:58.570 [TestNG-test=RetryMultipleFailedTestcases-3] INFO  sprint9_TestCases.A_ToolbarOptionsTC - Switched to default content.
21:16:58.860 [TestNG-test=RetryMultipleFailedTestcases-3] INFO  sprint9_TestCases.A_ToolbarOptionsTC - clicked on footnote plugin
21:17:03.163 [TestNG-test=RetryMultipleFailedTestcases-3] INFO  sprint9_TestCases.A_ToolbarOptionsTC - clicked on footnote box
21:17:03.848 [TestNG-test=RetryMultipleFailedTestcases-3] INFO  sprint9_TestCases.A_ToolbarOptionsTC - clicked on footnote ok button
21:17:10.464 [TestNG-test=RetryMultipleFailedTestcases-3] INFO  sprint9_TestCases.A_ToolbarOptionsTC - Starting verifyPastePopup test...
21:17:13.650 [TestNG-test=RetryMultipleFailedTestcases-4] INFO  sprint9_TestCases.A_ToolbarOptionsTC - Starting verifycopyPaste test...
21:17:31.284 [TestNG-test=RetryMultipleFailedTestcases-2] INFO  sprint9_TestCases.A_ToolbarOptionsTC - Logged in and performed search and edit actions.
21:17:31.330 [TestNG-test=RetryMultipleFailedTestcases-2] INFO  sprint9_TestCases.A_ToolbarOptionsTC - Copy button is disabled by default.
21:17:31.988 [TestNG-test=RetryMultipleFailedTestcases-2] INFO  sprint9_TestCases.A_ToolbarOptionsTC - Double-clicked on the first paragraph to select text.
21:17:32.347 [TestNG-test=RetryMultipleFailedTestcases-2] INFO  sprint9_TestCases.A_ToolbarOptionsTC - Clicked on the Cut button.
21:17:32.694 [TestNG-test=RetryMultipleFailedTestcases-2] INFO  sprint9_TestCases.A_ToolbarOptionsTC - Cut is happened as expected.
21:17:33.311 [TestNG-test=RetryMultipleFailedTestcases-2] INFO  sprint9_TestCases.A_ToolbarOptionsTC - Clicked on the Paste Plain Text button.
21:17:35.164 [TestNG-test=RetryMultipleFailedTestcases-2] INFO  sprint9_TestCases.A_ToolbarOptionsTC - Paste popup is displayed.
21:17:35.175 [TestNG-test=RetryMultipleFailedTestcases-2] INFO  sprint9_TestCases.A_ToolbarOptionsTC - Performed Ctrl+V to paste.
21:17:35.677 [TestNG-test=RetryMultipleFailedTestcases-2] INFO  sprint9_TestCases.A_ToolbarOptionsTC - Clicked on the OK button.
21:17:35.762 [TestNG-test=RetryMultipleFailedTestcases-2] INFO  sprint9_TestCases.A_ToolbarOptionsTC - Pasted content is correct: true
21:17:35.765 [TestNG-test=RetryMultipleFailedTestcases-2] INFO  sprint9_TestCases.A_ToolbarOptionsTC - verifyCutplainPaste test completed successfully.
21:17:44.298 [TestNG-test=RetryMultipleFailedTestcases-2] INFO  sprint9_TestCases.A_ToolbarOptionsTC - Starting verifyPlainPastePopup test...
21:17:50.199 [TestNG-test=RetryMultipleFailedTestcases-3] INFO  sprint9_TestCases.A_ToolbarOptionsTC - Logged in and performed search and edit actions.
21:17:50.240 [TestNG-test=RetryMultipleFailedTestcases-3] INFO  sprint9_TestCases.A_ToolbarOptionsTC - By default, Copy button is disabled.
21:17:51.162 [TestNG-test=RetryMultipleFailedTestcases-4] INFO  sprint9_TestCases.A_ToolbarOptionsTC - Logged in and performed search and edit actions.
21:17:52.990 [TestNG-test=RetryMultipleFailedTestcases-3] INFO  sprint9_TestCases.A_ToolbarOptionsTC - Paste popup is present.
21:17:52.990 [TestNG-test=RetryMultipleFailedTestcases-3] INFO  sprint9_TestCases.A_ToolbarOptionsTC - verifyPastePopup test completed successfully.
21:17:58.105 [TestNG-test=RetryMultipleFailedTestcases-4] INFO  sprint9_TestCases.A_ToolbarOptionsTC - Starting verifyRightclickCutVisible test...
21:17:59.772 [TestNG-test=RetryMultipleFailedTestcases-3] INFO  sprint9_TestCases.A_ToolbarOptionsTC - Starting verifyShortcutDisplayed test...
21:18:18.757 [TestNG-test=RetryMultipleFailedTestcases-2] INFO  sprint9_TestCases.A_ToolbarOptionsTC - Logged in and performed search and edit actions.
21:18:18.803 [TestNG-test=RetryMultipleFailedTestcases-2] INFO  sprint9_TestCases.A_ToolbarOptionsTC - Copy button is disabled by default.
21:18:19.475 [TestNG-test=RetryMultipleFailedTestcases-2] INFO  sprint9_TestCases.A_ToolbarOptionsTC - Double-clicked on the first paragraph to select text.
21:18:19.742 [TestNG-test=RetryMultipleFailedTestcases-2] INFO  sprint9_TestCases.A_ToolbarOptionsTC - Clicked on the Copy button.
21:18:19.975 [TestNG-test=RetryMultipleFailedTestcases-2] INFO  sprint9_TestCases.A_ToolbarOptionsTC - Clicked on the Paste Plain Text button.
21:18:20.028 [TestNG-test=RetryMultipleFailedTestcases-2] INFO  sprint9_TestCases.A_ToolbarOptionsTC - Paste popup is present: true
21:18:20.028 [TestNG-test=RetryMultipleFailedTestcases-2] INFO  sprint9_TestCases.A_ToolbarOptionsTC - verifyPlainPastePopup test completed successfully.
21:18:27.797 [TestNG-test=RetryMultipleFailedTestcases-2] INFO  sprint9_TestCases.A_ToolbarOptionsTC - Starting verifyShortcutInDefaultEnabled test...
21:18:39.273 [TestNG-test=RetryMultipleFailedTestcases-4] INFO  sprint9_TestCases.A_ToolbarOptionsTC - Logged in and performed search and edit actions.
21:18:41.055 [TestNG-test=RetryMultipleFailedTestcases-4] INFO  sprint9_TestCases.A_ToolbarOptionsTC - Performed right-click on the first paragraph.
21:18:41.273 [TestNG-test=RetryMultipleFailedTestcases-3] INFO  sprint9_TestCases.A_ToolbarOptionsTC - Logged in and performed search and edit actions.
21:18:41.391 [TestNG-test=RetryMultipleFailedTestcases-3] INFO  sprint9_TestCases.A_ToolbarOptionsTC - Copy Button is displayed in the toolbar.
21:18:41.539 [TestNG-test=RetryMultipleFailedTestcases-3] INFO  sprint9_TestCases.A_ToolbarOptionsTC - Cut Button is displayed in the toolbar.
21:18:41.596 [TestNG-test=RetryMultipleFailedTestcases-3] INFO  sprint9_TestCases.A_ToolbarOptionsTC - Paste Button is displayed in the toolbar.
21:18:41.649 [TestNG-test=RetryMultipleFailedTestcases-3] INFO  sprint9_TestCases.A_ToolbarOptionsTC - Paste as plain text Button is displayed in the toolbar.
21:18:41.649 [TestNG-test=RetryMultipleFailedTestcases-3] INFO  sprint9_TestCases.A_ToolbarOptionsTC - verifyShortcutDisplayed test completed successfully.
21:18:47.644 [TestNG-test=RetryMultipleFailedTestcases-3] INFO  sprint9_TestCases.A_ToolbarOptionsTC - Starting verifyShortcutTooltips test...
21:18:52.368 [TestNG-test=RetryMultipleFailedTestcases-1] INFO  sprint9_TestCases.Commonbugs1TC - Logged in and searched for a file, then clicked Edit.
21:18:59.437 [TestNG-test=RetryMultipleFailedTestcases-1] INFO  sprint9_TestCases.Commonbugs1TC - Insert table in CB
21:18:59.820 [TestNG-test=RetryMultipleFailedTestcases-1] INFO  sprint9_TestCases.Commonbugs1TC - Switched to frame 0.
21:18:59.872 [TestNG-test=RetryMultipleFailedTestcases-1] INFO  sprint9_TestCases.Commonbugs1TC - Table is inserted in the Visual Editor.
21:18:59.872 [TestNG-test=RetryMultipleFailedTestcases-1] INFO  sprint9_TestCases.Commonbugs1TC - verifyShiftEnterAtTable test completed successfully.
21:19:06.794 [TestNG-test=RetryMultipleFailedTestcases-1] INFO  sprint9_TestCases.A_ToolbarOptionsTC - Starting verifycopyHighligted test...
21:19:10.752 [TestNG-test=RetryMultipleFailedTestcases-2] INFO  sprint9_TestCases.A_ToolbarOptionsTC - Logged in and performed search and edit actions.
21:19:10.812 [TestNG-test=RetryMultipleFailedTestcases-2] INFO  sprint9_TestCases.A_ToolbarOptionsTC - By default, Paste button is enabled.
21:19:10.938 [TestNG-test=RetryMultipleFailedTestcases-2] INFO  sprint9_TestCases.A_ToolbarOptionsTC - By default, Paste as plain text button is enabled.
21:19:10.938 [TestNG-test=RetryMultipleFailedTestcases-2] INFO  sprint9_TestCases.A_ToolbarOptionsTC - verifyShortcutInDefaultEnabled test completed successfully.
21:19:17.304 [TestNG-test=RetryMultipleFailedTestcases-2] INFO  sprint9_TestCases.A_ToolbarOptionsTC - Starting verifycopyPaste test...
21:19:21.146 [TestNG-test=RetryMultipleFailedTestcases-4] INFO  sprint9_TestCases.A_ToolbarOptionsTC - Cut button is disabled in the right-click option by default.
21:19:27.436 [TestNG-test=RetryMultipleFailedTestcases-3] INFO  sprint9_TestCases.A_ToolbarOptionsTC - Logged in and performed search and edit actions.
21:19:27.481 [TestNG-test=RetryMultipleFailedTestcases-3] INFO  sprint9_TestCases.A_ToolbarOptionsTC - Copy tooltip text matched.
21:19:27.521 [TestNG-test=RetryMultipleFailedTestcases-3] INFO  sprint9_TestCases.A_ToolbarOptionsTC - Cut tooltip text matched.
21:19:27.552 [TestNG-test=RetryMultipleFailedTestcases-3] INFO  sprint9_TestCases.A_ToolbarOptionsTC - Paste tooltip text matched.
21:19:27.657 [TestNG-test=RetryMultipleFailedTestcases-3] INFO  sprint9_TestCases.A_ToolbarOptionsTC - Paste Plain tooltip text matched.
21:19:27.658 [TestNG-test=RetryMultipleFailedTestcases-3] INFO  sprint9_TestCases.A_ToolbarOptionsTC - verifyShortcutTooltips test completed successfully.
21:19:34.363 [TestNG-test=RetryMultipleFailedTestcases-3] INFO  sprint9_TestCases.A_ToolbarOptionsTC - Starting verifycopyPlainPaste test...
21:19:37.767 [TestNG-test=RetryMultipleFailedTestcases-1] INFO  sprint9_TestCases.A_ToolbarOptionsTC - Logged in and performed search and edit actions.
21:19:37.805 [TestNG-test=RetryMultipleFailedTestcases-1] INFO  sprint9_TestCases.A_ToolbarOptionsTC - Background color of Copy button is as expected.
21:19:37.998 [TestNG-test=RetryMultipleFailedTestcases-1] INFO  sprint9_TestCases.A_ToolbarOptionsTC - Background color of Copy button after mouseover is as expected.
21:19:37.998 [TestNG-test=RetryMultipleFailedTestcases-1] INFO  sprint9_TestCases.A_ToolbarOptionsTC - Toolbar option is highlighted after mouseover.
21:19:37.998 [TestNG-test=RetryMultipleFailedTestcases-1] INFO  sprint9_TestCases.A_ToolbarOptionsTC - verifycopyHighligted test completed successfully.
21:19:47.341 [TestNG-test=RetryMultipleFailedTestcases-1] INFO  sprint9_TestCases.A_ToolbarOptionsTC - Starting verifycutHighligted test...
21:19:49.581 [TestNG-test=RetryMultipleFailedTestcases-2] INFO  sprint9_TestCases.A_ToolbarOptionsTC - Logged in and performed search and edit actions.
21:19:49.632 [TestNG-test=RetryMultipleFailedTestcases-2] INFO  sprint9_TestCases.A_ToolbarOptionsTC - Copy button is disabled by default.
21:19:50.251 [TestNG-test=RetryMultipleFailedTestcases-2] INFO  sprint9_TestCases.A_ToolbarOptionsTC - Double-clicked on the first paragraph to select text.
21:19:50.616 [TestNG-test=RetryMultipleFailedTestcases-2] INFO  sprint9_TestCases.A_ToolbarOptionsTC - Clicked on the Copy button.
21:19:51.123 [TestNG-test=RetryMultipleFailedTestcases-2] INFO  sprint9_TestCases.A_ToolbarOptionsTC - Clicked on the fourth paragraph in the frame.
21:19:51.446 [TestNG-test=RetryMultipleFailedTestcases-2] INFO  sprint9_TestCases.A_ToolbarOptionsTC - Clicked on the Paste button.
21:19:52.914 [TestNG-test=RetryMultipleFailedTestcases-2] INFO  sprint9_TestCases.A_ToolbarOptionsTC - Paste popup is displayed.
21:19:52.926 [TestNG-test=RetryMultipleFailedTestcases-2] INFO  sprint9_TestCases.A_ToolbarOptionsTC - Performed Ctrl+V to paste.
21:19:53.483 [TestNG-test=RetryMultipleFailedTestcases-2] INFO  sprint9_TestCases.A_ToolbarOptionsTC - Clicked on the OK button.
21:19:53.580 [TestNG-test=RetryMultipleFailedTestcases-2] INFO  sprint9_TestCases.A_ToolbarOptionsTC - Pasted content is correct: true
21:19:53.582 [TestNG-test=RetryMultipleFailedTestcases-2] INFO  sprint9_TestCases.A_ToolbarOptionsTC - verifycopyPaste test completed successfully.
21:19:59.755 [TestNG-test=RetryMultipleFailedTestcases-2] INFO  sprint9_TestCases.A_ToolbarOptionsTC - Starting verifypasteHighligted test...
21:20:09.247 [TestNG-test=RetryMultipleFailedTestcases-4] INFO  sprint9_TestCases.A_ToolbarOptionsTC - Starting verifyRightclickCutVisible test...
21:20:11.182 [TestNG-test=RetryMultipleFailedTestcases-3] INFO  sprint9_TestCases.A_ToolbarOptionsTC - Logged in and performed search and edit actions.
21:20:11.226 [TestNG-test=RetryMultipleFailedTestcases-3] INFO  sprint9_TestCases.A_ToolbarOptionsTC - Copy button is disabled by default.
21:20:24.128 [TestNG-test=RetryMultipleFailedTestcases-1] INFO  sprint9_TestCases.A_ToolbarOptionsTC - Logged in and performed search and edit actions.
21:20:24.175 [TestNG-test=RetryMultipleFailedTestcases-1] INFO  sprint9_TestCases.A_ToolbarOptionsTC - Background color of Cut button is as expected.
21:20:24.376 [TestNG-test=RetryMultipleFailedTestcases-1] INFO  sprint9_TestCases.A_ToolbarOptionsTC - Background color of Cut button after mouseover is as expected.
21:20:24.376 [TestNG-test=RetryMultipleFailedTestcases-1] INFO  sprint9_TestCases.A_ToolbarOptionsTC - Toolbar option is highlighted after mouseover.
21:20:24.376 [TestNG-test=RetryMultipleFailedTestcases-1] INFO  sprint9_TestCases.A_ToolbarOptionsTC - verifycutHighligted test completed successfully.
21:20:31.920 [TestNG-test=RetryMultipleFailedTestcases-1] INFO  sprint9_TestCases.A_ToolbarOptionsTC - Starting verifyplainpasteHighligted test...
21:20:35.978 [TestNG-test=RetryMultipleFailedTestcases-3] INFO  sprint9_TestCases.A_ToolbarOptionsTC - Starting verifycopyPlainPaste test...
21:20:37.445 [TestNG-test=RetryMultipleFailedTestcases-2] INFO  sprint9_TestCases.A_ToolbarOptionsTC - Logged in and performed search and edit actions.
21:20:37.488 [TestNG-test=RetryMultipleFailedTestcases-2] INFO  sprint9_TestCases.A_ToolbarOptionsTC - Background color of Paste button is as expected.
21:20:37.698 [TestNG-test=RetryMultipleFailedTestcases-2] INFO  sprint9_TestCases.A_ToolbarOptionsTC - Background color of Paste button after mouseover is as expected.
21:20:37.698 [TestNG-test=RetryMultipleFailedTestcases-2] INFO  sprint9_TestCases.A_ToolbarOptionsTC - Toolbar option is highlighted after mouseover.
21:20:37.698 [TestNG-test=RetryMultipleFailedTestcases-2] INFO  sprint9_TestCases.A_ToolbarOptionsTC - verifypasteHighligted test completed successfully.
21:20:45.809 [TestNG-test=RetryMultipleFailedTestcases-4] INFO  sprint9_TestCases.A_ToolbarOptionsTC - Logged in and performed search and edit actions.
21:20:47.607 [TestNG-test=RetryMultipleFailedTestcases-4] INFO  sprint9_TestCases.A_ToolbarOptionsTC - Performed right-click on the first paragraph.
21:21:04.748 [TestNG-test=RetryMultipleFailedTestcases-1] INFO  sprint9_TestCases.A_ToolbarOptionsTC - Logged in and performed search and edit actions.
21:21:04.787 [TestNG-test=RetryMultipleFailedTestcases-1] INFO  sprint9_TestCases.A_ToolbarOptionsTC - Background color of Paste as plain text button is as expected.
21:21:04.980 [TestNG-test=RetryMultipleFailedTestcases-1] INFO  sprint9_TestCases.A_ToolbarOptionsTC - Background color of Paste as plain text button after mouseover is as expected.
21:21:04.980 [TestNG-test=RetryMultipleFailedTestcases-1] INFO  sprint9_TestCases.A_ToolbarOptionsTC - Toolbar option is highlighted after mouseover.
21:21:04.980 [TestNG-test=RetryMultipleFailedTestcases-1] INFO  sprint9_TestCases.A_ToolbarOptionsTC - verifyplainpasteHighligted test completed successfully.
21:21:17.431 [TestNG-test=RetryMultipleFailedTestcases-3] INFO  sprint9_TestCases.A_ToolbarOptionsTC - Logged in and performed search and edit actions.
21:21:17.466 [TestNG-test=RetryMultipleFailedTestcases-3] INFO  sprint9_TestCases.A_ToolbarOptionsTC - Copy button is disabled by default.
21:21:18.066 [TestNG-test=RetryMultipleFailedTestcases-3] INFO  sprint9_TestCases.A_ToolbarOptionsTC - Double-clicked on the first paragraph to select text.
21:21:18.338 [TestNG-test=RetryMultipleFailedTestcases-3] INFO  sprint9_TestCases.A_ToolbarOptionsTC - Clicked on the Copy button.
21:21:19.150 [TestNG-test=RetryMultipleFailedTestcases-3] INFO  sprint9_TestCases.A_ToolbarOptionsTC - Clicked on the Paste Plain Text button.
21:21:20.070 [TestNG-test=RetryMultipleFailedTestcases-3] INFO  sprint9_TestCases.A_ToolbarOptionsTC - Paste popup is displayed.
21:21:20.083 [TestNG-test=RetryMultipleFailedTestcases-3] INFO  sprint9_TestCases.A_ToolbarOptionsTC - Performed Ctrl+V to paste.
21:21:20.619 [TestNG-test=RetryMultipleFailedTestcases-3] INFO  sprint9_TestCases.A_ToolbarOptionsTC - Clicked on the OK button.
21:21:20.707 [TestNG-test=RetryMultipleFailedTestcases-3] INFO  sprint9_TestCases.A_ToolbarOptionsTC - Pasted content is correct: true
21:21:20.709 [TestNG-test=RetryMultipleFailedTestcases-3] INFO  sprint9_TestCases.A_ToolbarOptionsTC - verifycopyPlainPaste test completed successfully.
21:21:27.721 [TestNG-test=RetryMultipleFailedTestcases-4] INFO  sprint9_TestCases.A_ToolbarOptionsTC - Cut button is disabled in the right-click option by default.
21:22:12.237 [TestNG-test=RetryMultipleFailedTestcases-4] INFO  sprint9_TestCases.A_ToolbarOptionsTC - Starting verifyRightclickCutVisible test...
21:22:12.238 [TestNG-test=RetryMultipleFailedTestcases-4] INFO  sprint9_TestCases.A_ToolbarOptionsTC - Logged in and performed search and edit actions.
21:22:16.453 [TestNG-test=RetryMultipleFailedTestcases-4] INFO  sprint9_TestCases.A_ToolbarOptionsTC - Starting verifyRightclickCutVisible test...
21:22:49.980 [TestNG-test=RetryMultipleFailedTestcases-4] INFO  sprint9_TestCases.A_ToolbarOptionsTC - Logged in and performed search and edit actions.
21:22:51.066 [TestNG-test=RetryMultipleFailedTestcases-4] INFO  sprint9_TestCases.A_ToolbarOptionsTC - Performed right-click on the first paragraph.
21:23:31.137 [TestNG-test=RetryMultipleFailedTestcases-4] INFO  sprint9_TestCases.A_ToolbarOptionsTC - Cut button is disabled in the right-click option by default.
23:35:07.140 [TestNG-test=RetryMultipleFailedTestcases-4] INFO  sprint7_TestCases.PDFGenerationTC - Starting verify_ChapterLevel_Changes
23:35:08.838 [TestNG-test=RetryMultipleFailedTestcases-1] INFO  sprint7_TestCases.A_PDFGenerationFilesTC - Starting verify_PrintPreview_GeneratingPDF_TimeTaken test...
23:35:08.839 [TestNG-test=RetryMultipleFailedTestcases-1] INFO  sprint7_TestCases.A_PDFGenerationFilesTC - Logging step: ResualbleforPdfGeneration.Login1()
23:35:09.817 [TestNG-test=RetryMultipleFailedTestcases-3] INFO  sprint7_TestCases.PDFGenerationTC - Starting verify_WithSomeTextEdit_GeneratePDF
23:35:09.911 [TestNG-test=RetryMultipleFailedTestcases-2] INFO  sprint7_TestCases.PDFGenerationTC - Starting verify_CombinationElements_GeneratePDF
23:35:10.414 [TestNG-test=RetryMultipleFailedTestcases-4] INFO  sprint7_TestCases.PDFGenerationTC - Logged in to the application.
23:35:12.738 [TestNG-test=RetryMultipleFailedTestcases-4] INFO  sprint7_TestCases.PDFGenerationTC - Selected project and navigated to the file list.
23:35:12.849 [TestNG-test=RetryMultipleFailedTestcases-4] INFO  sprint7_TestCases.PDFGenerationTC - Searched for a file by name.
23:35:15.120 [TestNG-test=RetryMultipleFailedTestcases-4] INFO  sprint7_TestCases.PDFGenerationTC - Clicked on the edit file button.
23:35:17.791 [TestNG-test=RetryMultipleFailedTestcases-1] INFO  sprint7_TestCases.A_PDFGenerationFilesTC - Logging step: ResualbleforPdfGeneration.createHeaderRow(sheet)
23:35:18.868 [TestNG-test=RetryMultipleFailedTestcases-1] INFO  sprint7_TestCases.A_PDFGenerationFilesTC - Clicking on Reset Button
23:35:33.253 [TestNG-test=RetryMultipleFailedTestcases-4] INFO  sprint7_TestCases.PDFGenerationTC - Performed actions on the new window.
23:35:34.676 [TestNG-test=RetryMultipleFailedTestcases-1] INFO  sprint7_TestCases.A_PDFGenerationFilesTC - Clicking on Confirm Button
23:35:36.822 [TestNG-test=RetryMultipleFailedTestcases-4] INFO  sprint7_TestCases.PDFGenerationTC - Waited for Dynamic Section to become visible.
23:35:37.276 [TestNG-test=RetryMultipleFailedTestcases-2] INFO  sprint7_TestCases.PDFGenerationTC - Logged in, searched for a file, and clicked Edit.
23:35:37.836 [TestNG-test=RetryMultipleFailedTestcases-4] INFO  sprint7_TestCases.PDFGenerationTC - Clicked on the first paragraph.
23:35:38.719 [TestNG-test=RetryMultipleFailedTestcases-4] INFO  sprint7_TestCases.PDFGenerationTC - Accepted the change for the first paragraph.
23:35:38.771 [TestNG-test=RetryMultipleFailedTestcases-3] INFO  sprint7_TestCases.PDFGenerationTC - Clicked on the first paragraph.
23:35:39.384 [TestNG-test=RetryMultipleFailedTestcases-1] INFO  sprint7_TestCases.A_PDFGenerationFilesTC - Flag: Foreword
23:35:39.819 [TestNG-test=RetryMultipleFailedTestcases-1] INFO  sprint7_TestCases.A_PDFGenerationFilesTC - clicking on PrintPreview Button
23:35:40.037 [TestNG-test=RetryMultipleFailedTestcases-1] INFO  sprint7_TestCases.A_PDFGenerationFilesTC - Checking Button PDF is visible
23:35:40.207 [TestNG-test=RetryMultipleFailedTestcases-1] INFO  sprint7_TestCases.A_PDFGenerationFilesTC - clicking on Generate PDF Button
23:35:40.231 [TestNG-test=RetryMultipleFailedTestcases-4] INFO  sprint7_TestCases.PDFGenerationTC - Right-clicked on the second paragraph.
23:35:40.485 [TestNG-test=RetryMultipleFailedTestcases-1] INFO  sprint7_TestCases.A_PDFGenerationFilesTC - Waiting for the time allocated
23:35:40.630 [TestNG-test=RetryMultipleFailedTestcases-3] INFO  sprint7_TestCases.PDFGenerationTC - Accepted the change.
23:35:41.203 [TestNG-test=RetryMultipleFailedTestcases-4] INFO  sprint7_TestCases.PDFGenerationTC - Inserted content after the PDF.
23:35:41.843 [TestNG-test=RetryMultipleFailedTestcases-3] INFO  sprint7_TestCases.PDFGenerationTC - Right-clicked on the second paragraph.
23:35:42.768 [TestNG-test=RetryMultipleFailedTestcases-3] INFO  sprint7_TestCases.PDFGenerationTC - Inserted after the PDF.
23:35:45.182 [TestNG-test=RetryMultipleFailedTestcases-1] INFO  sprint7_TestCases.A_PDFGenerationFilesTC - Time taken: 4.7 seconds and 4695 milliseconds
23:35:45.182 [TestNG-test=RetryMultipleFailedTestcases-1] INFO  sprint7_TestCases.A_PDFGenerationFilesTC - Time taken: StartTime - 31-10-2023 11:35:40 pm and EndTime - 31-10-2023 11:35:45 pm
23:35:45.182 [TestNG-test=RetryMultipleFailedTestcases-1] INFO  sprint7_TestCases.A_PDFGenerationFilesTC - Time taken in minutes: 0.1
23:35:45.185 [TestNG-test=RetryMultipleFailedTestcases-1] INFO  sprint7_TestCases.A_PDFGenerationFilesTC - Closing the window
23:35:45.251 [TestNG-test=RetryMultipleFailedTestcases-1] INFO  sprint7_TestCases.A_PDFGenerationFilesTC - Switching the window
23:35:45.558 [TestNG-test=RetryMultipleFailedTestcases-1] INFO  sprint7_TestCases.A_PDFGenerationFilesTC - Clicking on Reset Button
23:35:46.167 [TestNG-test=RetryMultipleFailedTestcases-2] INFO  sprint7_TestCases.PDFGenerationTC - Accepted the change.
23:35:46.685 [TestNG-test=RetryMultipleFailedTestcases-3] INFO  sprint7_TestCases.PDFGenerationTC - Added text to the second paragraph.
23:35:46.981 [TestNG-test=RetryMultipleFailedTestcases-2] INFO  sprint7_TestCases.PDFGenerationTC - Clicked on the first paragraph.
23:35:47.196 [TestNG-test=RetryMultipleFailedTestcases-1] INFO  sprint7_TestCases.A_PDFGenerationFilesTC - Clicking on Confirm Button
23:35:50.190 [TestNG-test=RetryMultipleFailedTestcases-2] INFO  sprint7_TestCases.PDFGenerationTC - Added an entity reference.
23:35:50.525 [TestNG-test=RetryMultipleFailedTestcases-1] INFO  sprint7_TestCases.A_PDFGenerationFilesTC - Flag: 4.1 - File4
23:35:50.603 [TestNG-test=RetryMultipleFailedTestcases-1] INFO  sprint7_TestCases.A_PDFGenerationFilesTC - clicking on PrintPreview Button
23:35:50.793 [TestNG-test=RetryMultipleFailedTestcases-1] INFO  sprint7_TestCases.A_PDFGenerationFilesTC - Checking Button PDF is visible
23:35:50.895 [TestNG-test=RetryMultipleFailedTestcases-1] INFO  sprint7_TestCases.A_PDFGenerationFilesTC - clicking on Generate PDF Button
23:35:51.105 [TestNG-test=RetryMultipleFailedTestcases-1] INFO  sprint7_TestCases.A_PDFGenerationFilesTC - Waiting for the time allocated
23:36:13.229 [TestNG-test=RetryMultipleFailedTestcases-2] INFO  sprint7_TestCases.PDFGenerationTC - Starting verify_CombinationElements_GeneratePDF
23:36:27.151 [TestNG-test=RetryMultipleFailedTestcases-4] INFO  sprint7_TestCases.PDFGenerationTC - Starting verify_ChapterLevel_Changes
23:36:32.217 [TestNG-test=RetryMultipleFailedTestcases-4] INFO  sprint7_TestCases.PDFGenerationTC - Logged in to the application.
23:36:34.347 [TestNG-test=RetryMultipleFailedTestcases-4] INFO  sprint7_TestCases.PDFGenerationTC - Selected project and navigated to the file list.
23:36:34.443 [TestNG-test=RetryMultipleFailedTestcases-4] INFO  sprint7_TestCases.PDFGenerationTC - Searched for a file by name.
23:36:36.721 [TestNG-test=RetryMultipleFailedTestcases-4] INFO  sprint7_TestCases.PDFGenerationTC - Clicked on the edit file button.
23:36:43.848 [TestNG-test=RetryMultipleFailedTestcases-2] INFO  sprint7_TestCases.PDFGenerationTC - Logged in, searched for a file, and clicked Edit.
23:36:51.267 [TestNG-test=RetryMultipleFailedTestcases-2] INFO  sprint7_TestCases.PDFGenerationTC - Accepted the change.
