22:07:11.361 [TestNG-test=RetryMultipleFailedTestcases-3] INFO  sprint6_TestCases.HK_MediaObjectTC - Starting the test TC175_verify_AddMediaObject_AcceptChange
22:07:20.144 [TestNG-test=RetryMultipleFailedTestcases-1] INFO  sprint6_TestCases.HK_MediaObjectTC - Logged in and searched for the file, then clicked on edit.
22:07:20.144 [TestNG-test=RetryMultipleFailedTestcases-1] INFO  sprint6_TestCases.HK_MediaObjectTC - Initialized HK_MediaObject.
22:07:20.165 [TestNG-test=RetryMultipleFailedTestcases-2] INFO  sprint6_TestCases.HK_MediaObjectTC - Logged in and searched for the file, then clicked on edit.
22:07:20.166 [TestNG-test=RetryMultipleFailedTestcases-2] INFO  sprint6_TestCases.HK_MediaObjectTC - Initialized HK_MediaObject.
22:07:22.001 [TestNG-test=RetryMultipleFailedTestcases-2] INFO  sprint6_TestCases.HK_MediaObjectTC - Right-clicked on the first paragraph.
22:07:22.098 [TestNG-test=RetryMultipleFailedTestcases-1] INFO  sprint6_TestCases.HK_MediaObjectTC - Right-clicked on the first paragraph.
22:07:23.930 [TestNG-test=RetryMultipleFailedTestcases-1] INFO  sprint6_TestCases.HK_MediaObjectTC - Clicked 'VE Insert After' in frame 1.
22:07:24.237 [TestNG-test=RetryMultipleFailedTestcases-2] INFO  sprint6_TestCases.HK_MediaObjectTC - Clicked 'VE Insert After' in frame 1.
22:07:32.269 [TestNG-test=RetryMultipleFailedTestcases-4] INFO  sprint6_TestCases.HK_MediaObjectTC - Logged in and searched for the file, then clicked on edit.
22:07:32.269 [TestNG-test=RetryMultipleFailedTestcases-4] INFO  sprint6_TestCases.HK_MediaObjectTC - Initialized HK_MediaObject.
22:07:33.943 [TestNG-test=RetryMultipleFailedTestcases-4] INFO  sprint6_TestCases.HK_MediaObjectTC - Right-clicked on the first paragraph.
22:07:35.442 [TestNG-test=RetryMultipleFailedTestcases-4] INFO  sprint6_TestCases.HK_MediaObjectTC - Clicked 'VE Insert After' in frame 1.
22:07:40.161 [TestNG-test=RetryMultipleFailedTestcases-2] INFO  sprint6_TestCases.HK_MediaObjectTC - Starting the test TC177_verify_AddMediaObjectDelete_AcceptChange
22:07:40.262 [TestNG-test=RetryMultipleFailedTestcases-1] INFO  sprint6_TestCases.HK_MediaObjectTC - Starting the test TC176_verify_AddMediaObject_RejectChange
22:07:51.383 [TestNG-test=RetryMultipleFailedTestcases-4] INFO  sprint6_TestCases.HK_MediaObjectTC - Starting the test TC178_verify_AddMediaObjectDelete_RejectChange
22:07:59.636 [TestNG-test=RetryMultipleFailedTestcases-3] INFO  sprint6_TestCases.HK_MediaObjectTC - Logged in and searched for the file, then clicked on edit.
22:07:59.636 [TestNG-test=RetryMultipleFailedTestcases-3] INFO  sprint6_TestCases.HK_MediaObjectTC - Initialized HK_MediaObject.
22:08:01.065 [TestNG-test=RetryMultipleFailedTestcases-3] INFO  sprint6_TestCases.HK_MediaObjectTC - Right-clicked on the first paragraph.
22:08:02.916 [TestNG-test=RetryMultipleFailedTestcases-3] INFO  sprint6_TestCases.HK_MediaObjectTC - Clicked 'VE Insert After' in frame 1.
22:08:17.496 [TestNG-test=RetryMultipleFailedTestcases-2] INFO  sprint6_TestCases.HK_MediaObjectTC - Logged in and searched for the file, then clicked on edit.
22:08:17.496 [TestNG-test=RetryMultipleFailedTestcases-2] INFO  sprint6_TestCases.HK_MediaObjectTC - Initialized HK_MediaObject.
22:08:22.357 [TestNG-test=RetryMultipleFailedTestcases-3] INFO  sprint6_TestCases.HK_MediaObjectTC - Starting the test TC175_verify_AddMediaObject_AcceptChange
22:08:24.560 [TestNG-test=RetryMultipleFailedTestcases-2] INFO  sprint6_TestCases.HK_MediaObjectTC - Right-clicked on the first paragraph.
22:08:27.122 [TestNG-test=RetryMultipleFailedTestcases-1] INFO  sprint6_TestCases.HK_MediaObjectTC - Logged in and searched for the file, then clicked on edit.
22:08:27.122 [TestNG-test=RetryMultipleFailedTestcases-1] INFO  sprint6_TestCases.HK_MediaObjectTC - Initialized HK_MediaObject.
22:08:29.140 [TestNG-test=RetryMultipleFailedTestcases-2] INFO  sprint6_TestCases.HK_MediaObjectTC - Clicked 'VE Insert After' in frame 1.
22:08:30.159 [TestNG-test=RetryMultipleFailedTestcases-1] INFO  sprint6_TestCases.HK_MediaObjectTC - Right-clicked on the first paragraph.
22:08:31.960 [TestNG-test=RetryMultipleFailedTestcases-1] INFO  sprint6_TestCases.HK_MediaObjectTC - Clicked 'VE Insert After' in frame 1.
22:08:37.130 [TestNG-test=RetryMultipleFailedTestcases-4] INFO  sprint6_TestCases.HK_MediaObjectTC - Logged in and searched for the file, then clicked on edit.
22:08:37.130 [TestNG-test=RetryMultipleFailedTestcases-4] INFO  sprint6_TestCases.HK_MediaObjectTC - Initialized HK_MediaObject.
22:08:39.118 [TestNG-test=RetryMultipleFailedTestcases-4] INFO  sprint6_TestCases.HK_MediaObjectTC - Right-clicked on the first paragraph.
22:08:41.235 [TestNG-test=RetryMultipleFailedTestcases-4] INFO  sprint6_TestCases.HK_MediaObjectTC - Clicked 'VE Insert After' in frame 1.
22:08:41.288 [TestNG-test=RetryMultipleFailedTestcases-2] INFO  sprint6_TestCases.HK_MediaObjectTC - Starting the test TC177_verify_AddMediaObjectDelete_AcceptChange
22:08:52.748 [TestNG-test=RetryMultipleFailedTestcases-1] INFO  sprint6_TestCases.HK_MediaObjectTC - Starting the test TC176_verify_AddMediaObject_RejectChange
22:08:59.450 [TestNG-test=RetryMultipleFailedTestcases-4] INFO  sprint6_TestCases.HK_MediaObjectTC - Starting the test TC178_verify_AddMediaObjectDelete_RejectChange
22:09:05.933 [TestNG-test=RetryMultipleFailedTestcases-3] INFO  sprint6_TestCases.HK_MediaObjectTC - Logged in and searched for the file, then clicked on edit.
22:09:05.933 [TestNG-test=RetryMultipleFailedTestcases-3] INFO  sprint6_TestCases.HK_MediaObjectTC - Initialized HK_MediaObject.
22:09:07.371 [TestNG-test=RetryMultipleFailedTestcases-3] INFO  sprint6_TestCases.HK_MediaObjectTC - Right-clicked on the first paragraph.
22:09:08.898 [TestNG-test=RetryMultipleFailedTestcases-3] INFO  sprint6_TestCases.HK_MediaObjectTC - Clicked 'VE Insert After' in frame 1.
22:09:21.714 [TestNG-test=RetryMultipleFailedTestcases-2] INFO  sprint6_TestCases.HK_MediaObjectTC - Logged in and searched for the file, then clicked on edit.
22:09:21.715 [TestNG-test=RetryMultipleFailedTestcases-2] INFO  sprint6_TestCases.HK_MediaObjectTC - Initialized HK_MediaObject.
22:09:23.472 [TestNG-test=RetryMultipleFailedTestcases-2] INFO  sprint6_TestCases.HK_MediaObjectTC - Right-clicked on the first paragraph.
22:09:23.754 [TestNG-test=RetryMultipleFailedTestcases-3] INFO  sprint6_TestCases.HK_MediaObjectTC - Starting the test TC175_verify_AddMediaObject_AcceptChange
22:09:25.172 [TestNG-test=RetryMultipleFailedTestcases-2] INFO  sprint6_TestCases.HK_MediaObjectTC - Clicked 'VE Insert After' in frame 1.
22:09:30.346 [TestNG-test=RetryMultipleFailedTestcases-1] INFO  sprint6_TestCases.HK_MediaObjectTC - Logged in and searched for the file, then clicked on edit.
22:09:30.346 [TestNG-test=RetryMultipleFailedTestcases-1] INFO  sprint6_TestCases.HK_MediaObjectTC - Initialized HK_MediaObject.
22:09:32.382 [TestNG-test=RetryMultipleFailedTestcases-1] INFO  sprint6_TestCases.HK_MediaObjectTC - Right-clicked on the first paragraph.
22:09:34.346 [TestNG-test=RetryMultipleFailedTestcases-1] INFO  sprint6_TestCases.HK_MediaObjectTC - Clicked 'VE Insert After' in frame 1.
22:09:38.689 [TestNG-test=RetryMultipleFailedTestcases-2] INFO  sprint6_TestCases.HK_MediaObjectTC - Starting the test TC177_verify_AddMediaObjectDelete_AcceptChange
22:09:39.093 [TestNG-test=RetryMultipleFailedTestcases-4] INFO  sprint6_TestCases.HK_MediaObjectTC - Logged in and searched for the file, then clicked on edit.
22:09:39.093 [TestNG-test=RetryMultipleFailedTestcases-4] INFO  sprint6_TestCases.HK_MediaObjectTC - Initialized HK_MediaObject.
22:09:40.204 [TestNG-test=RetryMultipleFailedTestcases-4] INFO  sprint6_TestCases.HK_MediaObjectTC - Right-clicked on the first paragraph.
22:09:41.612 [TestNG-test=RetryMultipleFailedTestcases-4] INFO  sprint6_TestCases.HK_MediaObjectTC - Clicked 'VE Insert After' in frame 1.
22:09:45.594 [TestNG-test=RetryMultipleFailedTestcases-1] INFO  sprint6_TestCases.HK_MediaObjectTC - Starting the test TC176_verify_AddMediaObject_RejectChange
22:09:51.206 [TestNG-test=RetryMultipleFailedTestcases-4] INFO  sprint6_TestCases.HK_MediaObjectTC - Starting the test TC178_verify_AddMediaObjectDelete_RejectChange
22:10:00.834 [TestNG-test=RetryMultipleFailedTestcases-3] INFO  sprint6_TestCases.HK_MediaObjectTC - Logged in and searched for the file, then clicked on edit.
22:10:00.834 [TestNG-test=RetryMultipleFailedTestcases-3] INFO  sprint6_TestCases.HK_MediaObjectTC - Initialized HK_MediaObject.
22:10:02.183 [TestNG-test=RetryMultipleFailedTestcases-3] INFO  sprint6_TestCases.HK_MediaObjectTC - Right-clicked on the first paragraph.
22:10:03.782 [TestNG-test=RetryMultipleFailedTestcases-3] INFO  sprint6_TestCases.HK_MediaObjectTC - Clicked 'VE Insert After' in frame 1.
22:10:16.688 [TestNG-test=RetryMultipleFailedTestcases-2] INFO  sprint6_TestCases.HK_MediaObjectTC - Logged in and searched for the file, then clicked on edit.
22:10:16.689 [TestNG-test=RetryMultipleFailedTestcases-2] INFO  sprint6_TestCases.HK_MediaObjectTC - Initialized HK_MediaObject.
22:10:18.121 [TestNG-test=RetryMultipleFailedTestcases-3] INFO  sprint6_TestCases.HL_CommonBugsTC - Starting the test TC489_verifyEntityInTableCheckTC
22:10:20.355 [TestNG-test=RetryMultipleFailedTestcases-2] INFO  sprint6_TestCases.HK_MediaObjectTC - Right-clicked on the first paragraph.
22:10:28.127 [TestNG-test=RetryMultipleFailedTestcases-1] INFO  sprint6_TestCases.HK_MediaObjectTC - Logged in and searched for the file, then clicked on edit.
22:10:28.127 [TestNG-test=RetryMultipleFailedTestcases-1] INFO  sprint6_TestCases.HK_MediaObjectTC - Initialized HK_MediaObject.
22:10:30.932 [TestNG-test=RetryMultipleFailedTestcases-2] INFO  sprint6_TestCases.HK_MediaObjectTC - Clicked 'VE Insert After' in frame 1.
22:10:33.096 [TestNG-test=RetryMultipleFailedTestcases-1] INFO  sprint6_TestCases.HK_MediaObjectTC - Right-clicked on the first paragraph.
22:10:35.291 [TestNG-test=RetryMultipleFailedTestcases-4] INFO  sprint6_TestCases.HK_MediaObjectTC - Logged in and searched for the file, then clicked on edit.
22:10:35.291 [TestNG-test=RetryMultipleFailedTestcases-4] INFO  sprint6_TestCases.HK_MediaObjectTC - Initialized HK_MediaObject.
22:10:36.990 [TestNG-test=RetryMultipleFailedTestcases-1] INFO  sprint6_TestCases.HK_MediaObjectTC - Clicked 'VE Insert After' in frame 1.
22:10:37.329 [TestNG-test=RetryMultipleFailedTestcases-4] INFO  sprint6_TestCases.HK_MediaObjectTC - Right-clicked on the first paragraph.
22:10:39.321 [TestNG-test=RetryMultipleFailedTestcases-4] INFO  sprint6_TestCases.HK_MediaObjectTC - Clicked 'VE Insert After' in frame 1.
22:10:56.610 [TestNG-test=RetryMultipleFailedTestcases-4] INFO  sprint6_TestCases.HL_CommonBugsTC - Starting the test TC581_verifyAddFootnoteAcceptChangeUndoCheckTC
22:10:57.757 [TestNG-test=RetryMultipleFailedTestcases-1] INFO  sprint6_TestCases.HL_CommonBugsTC - Starting the test TC582_verifyTableAddContentCheckTC
22:10:59.749 [TestNG-test=RetryMultipleFailedTestcases-2] INFO  sprint6_TestCases.HL_CommonBugsTC - Starting the test TC584_verifyDeleteAllCodeViewCheckVE
22:11:11.542 [TestNG-test=RetryMultipleFailedTestcases-3] INFO  sprint6_TestCases.HL_CommonBugsTC - Logged in and searched for the file, then clicked on edit.
22:11:11.551 [TestNG-test=RetryMultipleFailedTestcases-3] INFO  sprint6_TestCases.HL_CommonBugsTC - Initialized HL_CommonBugs.
22:11:19.988 [TestNG-test=RetryMultipleFailedTestcases-3] INFO  sprint6_TestCases.HL_CommonBugsTC - Inserted a table using ReusableMethods.
22:11:20.677 [TestNG-test=RetryMultipleFailedTestcases-3] INFO  sprint6_TestCases.HL_CommonBugsTC - Clicked on 'Entity'.
22:11:22.284 [TestNG-test=RetryMultipleFailedTestcases-3] INFO  sprint6_TestCases.HL_CommonBugsTC - Clicked on the first expander in 'Entity'.
22:11:22.706 [TestNG-test=RetryMultipleFailedTestcases-3] INFO  sprint6_TestCases.HL_CommonBugsTC - Clicked on the 'Entity' checkbox.
22:11:24.450 [TestNG-test=RetryMultipleFailedTestcases-3] INFO  sprint6_TestCases.HL_CommonBugsTC - Clicked on the 'Insert' button for 'Entity'.
22:11:28.528 [TestNG-test=RetryMultipleFailedTestcases-1] INFO  sprint6_TestCases.HL_CommonBugsTC - Logged in and searched for the file, then clicked on edit.
22:11:28.529 [TestNG-test=RetryMultipleFailedTestcases-1] INFO  sprint6_TestCases.HL_CommonBugsTC - Initialized HL_CommonBugs.
22:11:31.261 [TestNG-test=RetryMultipleFailedTestcases-4] INFO  sprint6_TestCases.HL_CommonBugsTC - Logged in and searched for the file, then clicked on edit.
22:11:31.262 [TestNG-test=RetryMultipleFailedTestcases-4] INFO  sprint6_TestCases.HL_CommonBugsTC - Initialized HL_CommonBugs.
22:11:32.306 [TestNG-test=RetryMultipleFailedTestcases-4] INFO  sprint6_TestCases.HL_CommonBugsTC - Clicked on the first paragraph.
22:11:32.893 [TestNG-test=RetryMultipleFailedTestcases-4] INFO  sprint6_TestCases.HL_CommonBugsTC - Clicked on footnote plugin
22:11:33.964 [TestNG-test=RetryMultipleFailedTestcases-2] INFO  sprint6_TestCases.HL_CommonBugsTC - Logged in and searched for the file, then clicked on edit.
22:11:33.964 [TestNG-test=RetryMultipleFailedTestcases-2] INFO  sprint6_TestCases.HL_CommonBugsTC - Initialized HL_CommonBugs.
22:11:34.543 [TestNG-test=RetryMultipleFailedTestcases-2] INFO  sprint6_TestCases.HL_CommonBugsTC - Clicked on Code View.
22:11:36.640 [TestNG-test=RetryMultipleFailedTestcases-4] INFO  sprint6_TestCases.HL_CommonBugsTC - Clicked on new footnote box
22:11:36.841 [TestNG-test=RetryMultipleFailedTestcases-4] INFO  sprint6_TestCases.HL_CommonBugsTC - Entered 'This is footnote' in the footnote box.
22:11:38.370 [TestNG-test=RetryMultipleFailedTestcases-4] INFO  sprint6_TestCases.HL_CommonBugsTC - Clicked on footnote ok button
22:11:38.428 [TestNG-test=RetryMultipleFailedTestcases-1] INFO  sprint6_TestCases.HL_CommonBugsTC - Inserted a table using ReusableMethods.
22:11:39.129 [TestNG-test=RetryMultipleFailedTestcases-1] INFO  sprint6_TestCases.HL_CommonBugsTC - Clicked 'Accept Change'.
22:11:40.262 [TestNG-test=RetryMultipleFailedTestcases-1] INFO  sprint6_TestCases.HL_CommonBugsTC - Clicked on the first cell of the new table.
22:11:41.155 [TestNG-test=RetryMultipleFailedTestcases-4] INFO  sprint6_TestCases.HL_CommonBugsTC - Clicked on track change and editor footnote.
22:11:43.404 [TestNG-test=RetryMultipleFailedTestcases-4] INFO  sprint6_TestCases.HL_CommonBugsTC - Accepted the change.
22:11:44.334 [TestNG-test=RetryMultipleFailedTestcases-1] INFO  sprint6_TestCases.HL_CommonBugsTC - Entered text in the table cells.
22:11:45.171 [TestNG-test=RetryMultipleFailedTestcases-2] INFO  sprint6_TestCases.HL_CommonBugsTC - Starting the test TC584_verifyDeleteAllCodeViewCheckVE
22:11:45.415 [TestNG-test=RetryMultipleFailedTestcases-4] INFO  sprint6_TestCases.HL_CommonBugsTC - Clicked on Undo.
22:11:45.785 [TestNG-test=RetryMultipleFailedTestcases-1] INFO  sprint6_TestCases.HL_CommonBugsTC - Clicked on the first cell of the new table.
22:11:46.244 [TestNG-test=RetryMultipleFailedTestcases-1] INFO  sprint6_TestCases.HL_CommonBugsTC - Clicked 'Accept Change'.
22:11:46.302 [TestNG-test=RetryMultipleFailedTestcases-1] INFO  sprint6_TestCases.HL_CommonBugsTC - Verified that 'Accept Change' is disabled for the table.
22:11:46.302 [TestNG-test=RetryMultipleFailedTestcases-1] INFO  sprint6_TestCases.HL_CommonBugsTC - Test TC582_verifyTableAddContentCheckTC completed.
22:11:47.134 [TestNG-test=RetryMultipleFailedTestcases-4] INFO  sprint6_TestCases.HL_CommonBugsTC - Clicked on track change and editor footnote.
22:11:54.588 [TestNG-test=RetryMultipleFailedTestcases-3] INFO  sprint6_TestCases.HL_CommonBugsTC - Clicked on 'Track Change'.
22:11:55.684 [TestNG-test=RetryMultipleFailedTestcases-1] INFO  sprint6_TestCases.HL_CommonBugsTC - Starting the test TC585_verifyAddFigureDeleteWholeContentCheckDS
22:12:02.940 [TestNG-test=RetryMultipleFailedTestcases-3] INFO  sprint6_TestCases.HL_CommonBugsTC - Test TC489_verifyEntityInTableCheckTC completed.
22:12:10.121 [TestNG-test=RetryMultipleFailedTestcases-3] INFO  sprint6_TestCases.HL_CommonBugsTC - Starting the test TC587_verifyCrossReferenceDeleteUsingBackspaceAcceptChangeCheckTC
22:12:17.181 [TestNG-test=RetryMultipleFailedTestcases-2] INFO  sprint6_TestCases.HL_CommonBugsTC - Logged in and searched for the file, then clicked on edit.
22:12:17.182 [TestNG-test=RetryMultipleFailedTestcases-2] INFO  sprint6_TestCases.HL_CommonBugsTC - Initialized HL_CommonBugs.
22:12:17.558 [TestNG-test=RetryMultipleFailedTestcases-2] INFO  sprint6_TestCases.HL_CommonBugsTC - Clicked on Code View.
22:12:18.258 [TestNG-test=RetryMultipleFailedTestcases-2] INFO  sprint6_TestCases.HL_CommonBugsTC - Clicked on Code View Section Number.
22:12:18.416 [TestNG-test=RetryMultipleFailedTestcases-2] INFO  sprint6_TestCases.HL_CommonBugsTC - Selected and deleted all content in Code View.
22:12:18.974 [TestNG-test=RetryMultipleFailedTestcases-2] INFO  sprint6_TestCases.HL_CommonBugsTC - Clicked on Visual Editor.
22:12:27.156 [TestNG-test=RetryMultipleFailedTestcases-4] INFO  sprint6_TestCases.HL_CommonBugsTC - Test TC581_verifyAddFootnoteAcceptChangeUndoCheckTC completed.
22:12:27.540 [TestNG-test=RetryMultipleFailedTestcases-1] INFO  sprint6_TestCases.HL_CommonBugsTC - Logged in and searched for the file, then clicked on edit.
22:12:27.540 [TestNG-test=RetryMultipleFailedTestcases-1] INFO  sprint6_TestCases.HL_CommonBugsTC - Initialized HL_CommonBugs.
22:12:28.613 [TestNG-test=RetryMultipleFailedTestcases-2] INFO  sprint6_TestCases.HL_CommonBugsTC - Starting the test TC584_verifyDeleteAllCodeViewCheckVE
22:12:29.557 [TestNG-test=RetryMultipleFailedTestcases-1] INFO  sprint6_TestCases.HL_CommonBugsTC - Context-clicked on the first paragraph.
22:12:30.671 [TestNG-test=RetryMultipleFailedTestcases-1] INFO  sprint6_TestCases.HL_CommonBugsTC - Clicked on Visual Editor Insert After.
22:12:32.076 [TestNG-test=RetryMultipleFailedTestcases-1] INFO  sprint6_TestCases.HL_CommonBugsTC - Added a figure.
22:12:35.442 [TestNG-test=RetryMultipleFailedTestcases-4] INFO  sprint6_TestCases.HL_CommonBugsTC - Starting the test TC588_verifyDeleteFootnoteTwiceCheckTCCount
22:12:40.364 [TestNG-test=RetryMultipleFailedTestcases-1] INFO  sprint6_TestCases.HL_CommonBugsTC - Clicked on the first figure.
22:12:40.743 [TestNG-test=RetryMultipleFailedTestcases-1] INFO  sprint6_TestCases.HL_CommonBugsTC - Entered figure heading.
22:12:41.757 [TestNG-test=RetryMultipleFailedTestcases-1] INFO  sprint6_TestCases.HL_CommonBugsTC - Clicked to insert figure heading.
22:12:45.855 [TestNG-test=RetryMultipleFailedTestcases-1] INFO  sprint6_TestCases.HL_CommonBugsTC - Selected and deleted whole content.
22:12:45.855 [TestNG-test=RetryMultipleFailedTestcases-1] INFO  sprint6_TestCases.HL_CommonBugsTC - Test TC585_verifyAddFigureDeleteWholeContentCheckDS completed.
22:12:51.608 [TestNG-test=RetryMultipleFailedTestcases-3] INFO  sprint6_TestCases.HL_CommonBugsTC - Logged in and searched for the file, then clicked on edit.
22:12:51.609 [TestNG-test=RetryMultipleFailedTestcases-3] INFO  sprint6_TestCases.HL_CommonBugsTC - Initialized HL_CommonBugs.
22:12:52.860 [TestNG-test=RetryMultipleFailedTestcases-3] INFO  sprint6_TestCases.HL_CommonBugsTC - Clicked on an existing cross-reference in Visual Editor.
22:12:53.377 [TestNG-test=RetryMultipleFailedTestcases-3] INFO  sprint6_TestCases.HL_CommonBugsTC - Copied the cross-reference.
22:12:54.994 [TestNG-test=RetryMultipleFailedTestcases-3] INFO  sprint6_TestCases.HL_CommonBugsTC - Pasted the cross-reference.
22:12:55.688 [TestNG-test=RetryMultipleFailedTestcases-1] INFO  sprint6_TestCases.HL_CommonBugsTC - Starting the test TC591_verifyDeleteWholeContentSaveRefereshAcceptChange
22:12:56.725 [TestNG-test=RetryMultipleFailedTestcases-3] INFO  sprint6_TestCases.HL_CommonBugsTC - Clicked on Accept Change.
22:12:58.662 [TestNG-test=RetryMultipleFailedTestcases-3] INFO  sprint6_TestCases.HL_CommonBugsTC - Clicked on Number Resequencing.
22:12:58.744 [TestNG-test=RetryMultipleFailedTestcases-3] INFO  sprint6_TestCases.HL_CommonBugsTC - Verified that the Xref Link is not changed as auto numbering sequence.
22:12:58.744 [TestNG-test=RetryMultipleFailedTestcases-3] INFO  sprint6_TestCases.HL_CommonBugsTC - Test TC587_verifyCrossReferenceDeleteUsingBackspaceAcceptChangeCheckTC completed.
22:13:04.042 [TestNG-test=RetryMultipleFailedTestcases-2] INFO  sprint6_TestCases.HL_CommonBugsTC - Logged in and searched for the file, then clicked on edit.
22:13:04.043 [TestNG-test=RetryMultipleFailedTestcases-2] INFO  sprint6_TestCases.HL_CommonBugsTC - Initialized HL_CommonBugs.
22:13:04.664 [TestNG-test=RetryMultipleFailedTestcases-2] INFO  sprint6_TestCases.HL_CommonBugsTC - Clicked on Code View.
22:13:08.953 [TestNG-test=RetryMultipleFailedTestcases-3] INFO  sprint6_TestCases.HL_CommonBugsTC - Starting the test TC593_verifyShowHideDisableTrackChangeDisable
22:13:11.039 [TestNG-test=RetryMultipleFailedTestcases-4] INFO  sprint6_TestCases.HL_CommonBugsTC - Logged in and searched for the file, then clicked on edit.
22:13:11.040 [TestNG-test=RetryMultipleFailedTestcases-4] INFO  sprint6_TestCases.HL_CommonBugsTC - Initialized HL_CommonBugs.
22:13:11.946 [TestNG-test=RetryMultipleFailedTestcases-4] INFO  sprint6_TestCases.HL_CommonBugsTC - Clicked on the first paragraph in Visual Editor.
22:13:12.860 [TestNG-test=RetryMultipleFailedTestcases-4] INFO  sprint6_TestCases.HL_CommonBugsTC - Clicked on the footnote plugin.
22:13:16.022 [TestNG-test=RetryMultipleFailedTestcases-4] INFO  sprint6_TestCases.HL_CommonBugsTC - Clicked on the new footnote box.
22:13:17.377 [TestNG-test=RetryMultipleFailedTestcases-2] INFO  sprint6_TestCases.HL_CommonBugsTC - Starting the test TC584_verifyDeleteAllCodeViewCheckVE
22:13:17.763 [TestNG-test=RetryMultipleFailedTestcases-4] INFO  sprint6_TestCases.HL_CommonBugsTC - Clicked on the OK button for the footnote.
22:13:20.335 [TestNG-test=RetryMultipleFailedTestcases-4] INFO  sprint6_TestCases.HL_CommonBugsTC - Clicked on the inserted footnote in Visual Editor.
22:13:21.120 [TestNG-test=RetryMultipleFailedTestcases-4] INFO  sprint6_TestCases.HL_CommonBugsTC - Right-clicked on the inserted footnote.
22:13:23.488 [TestNG-test=RetryMultipleFailedTestcases-4] INFO  sprint6_TestCases.HL_CommonBugsTC - Clicked to remove the element block.
22:13:24.737 [TestNG-test=RetryMultipleFailedTestcases-4] INFO  sprint6_TestCases.HL_CommonBugsTC - Clicked on Track Change.
22:13:29.169 [TestNG-test=RetryMultipleFailedTestcases-1] INFO  sprint6_TestCases.HL_CommonBugsTC - Logged in and searched for the file, then clicked on edit.
22:13:29.170 [TestNG-test=RetryMultipleFailedTestcases-1] INFO  sprint6_TestCases.HL_CommonBugsTC - Initialized HL_CommonBugs.
22:13:29.763 [TestNG-test=RetryMultipleFailedTestcases-1] INFO  sprint6_TestCases.HL_CommonBugsTC - Clicked on the first paragraph in Visual Editor.
22:13:31.299 [TestNG-test=RetryMultipleFailedTestcases-1] INFO  sprint6_TestCases.HL_CommonBugsTC - Selected and deleted the whole content.
22:13:33.173 [TestNG-test=RetryMultipleFailedTestcases-1] INFO  sprint6_TestCases.HL_CommonBugsTC - Clicked on the Save button.
22:13:33.233 [TestNG-test=RetryMultipleFailedTestcases-1] INFO  sprint6_TestCases.HL_CommonBugsTC - Refreshed the page and accepted the alert.
22:13:38.970 [TestNG-test=RetryMultipleFailedTestcases-1] INFO  sprint6_TestCases.HL_CommonBugsTC - Clicked on Accept Change.
22:13:46.648 [TestNG-test=RetryMultipleFailedTestcases-3] INFO  sprint6_TestCases.HL_CommonBugsTC - Logged in and searched for the file, then clicked on edit.
22:13:46.649 [TestNG-test=RetryMultipleFailedTestcases-3] INFO  sprint6_TestCases.HL_CommonBugsTC - Initialized HL_CommonBugs.
22:13:47.022 [TestNG-test=RetryMultipleFailedTestcases-3] INFO  sprint6_TestCases.HL_CommonBugsTC - Clicked on Track Change.
22:13:47.597 [TestNG-test=RetryMultipleFailedTestcases-3] INFO  sprint6_TestCases.HL_CommonBugsTC - Clicked on the Show/Hide button for Track Change.
22:13:47.996 [TestNG-test=RetryMultipleFailedTestcases-3] INFO  sprint6_TestCases.HL_CommonBugsTC - Clicked on the Disable button for Track Change.
22:13:48.376 [TestNG-test=RetryMultipleFailedTestcases-3] INFO  sprint6_TestCases.HL_CommonBugsTC - Clicked on the Show/Hide button for Track Change.
22:13:48.647 [TestNG-test=RetryMultipleFailedTestcases-3] INFO  sprint6_TestCases.HL_CommonBugsTC - Test TC593_verifyShowHideDisableTrackChangeDisable completed.
22:13:54.075 [TestNG-test=RetryMultipleFailedTestcases-3] INFO  sprint6_TestCases.HL_CommonBugsTC - Starting the test TC594_verifyEnabledShowHideDisableAutoEnabledTrackChange
22:14:00.917 [TestNG-test=RetryMultipleFailedTestcases-2] INFO  sprint6_TestCases.HL_CommonBugsTC - Logged in and searched for the file, then clicked on edit.
22:14:00.918 [TestNG-test=RetryMultipleFailedTestcases-2] INFO  sprint6_TestCases.HL_CommonBugsTC - Initialized HL_CommonBugs.
22:14:01.401 [TestNG-test=RetryMultipleFailedTestcases-2] INFO  sprint6_TestCases.HL_CommonBugsTC - Clicked on Code View.
22:14:04.882 [TestNG-test=RetryMultipleFailedTestcases-4] INFO  sprint6_TestCases.HL_CommonBugsTC - Verified that the data card is not displayed.
22:14:04.882 [TestNG-test=RetryMultipleFailedTestcases-4] INFO  sprint6_TestCases.HL_CommonBugsTC - Test TC588_verifyDeleteFootnoteTwiceCheckTCCount completed.
22:14:11.363 [TestNG-test=RetryMultipleFailedTestcases-2] INFO  sprint6_TestCases.HL_CommonBugsTC - Starting the test TC596_verifyEntitySectionNumberCheckTC
22:14:13.574 [TestNG-test=RetryMultipleFailedTestcases-4] INFO  sprint6_TestCases.HL_CommonBugsTC - Starting the test TC600_verifyInfoPopupunwantedDeletedContent
22:14:19.108 [TestNG-test=RetryMultipleFailedTestcases-1] INFO  sprint6_TestCases.HL_CommonBugsTC - Test TC591_verifyDeleteWholeContentSaveRefereshAcceptChange completed.
22:14:25.011 [TestNG-test=RetryMultipleFailedTestcases-3] INFO  sprint6_TestCases.HL_CommonBugsTC - Logged in and searched for the file, then clicked on edit.
22:14:25.012 [TestNG-test=RetryMultipleFailedTestcases-3] INFO  sprint6_TestCases.HL_CommonBugsTC - Initialized HL_CommonBugs.
22:14:25.262 [TestNG-test=RetryMultipleFailedTestcases-3] INFO  sprint6_TestCases.HL_CommonBugsTC - Clicked on Track Change.
22:14:25.759 [TestNG-test=RetryMultipleFailedTestcases-3] INFO  sprint6_TestCases.HL_CommonBugsTC - Clicked on Track Change (2nd time).
22:14:26.241 [TestNG-test=RetryMultipleFailedTestcases-3] INFO  sprint6_TestCases.HL_CommonBugsTC - Clicked on the Show/Hide button for Track Change.
22:14:26.893 [TestNG-test=RetryMultipleFailedTestcases-3] INFO  sprint6_TestCases.HL_CommonBugsTC - Clicked on the Disable button for Track Change.
22:14:27.385 [TestNG-test=RetryMultipleFailedTestcases-3] INFO  sprint6_TestCases.HL_CommonBugsTC - Test TC594_verifyEnabledShowHideDisableAutoEnabledTrackChange completed.
22:14:28.709 [TestNG-test=RetryMultipleFailedTestcases-1] INFO  sprint6_TestCases.HL_CommonBugsTC - Starting the test TC602_verifyInsertExampleCheckTCCount
22:14:35.763 [TestNG-test=RetryMultipleFailedTestcases-3] INFO  sprint6_TestCases.HL_CommonBugsTC - Starting the test TC605_verifyRemoveCaptionCheckTC
22:14:44.685 [TestNG-test=RetryMultipleFailedTestcases-2] INFO  sprint6_TestCases.HL_CommonBugsTC - Logged in and searched for the file, then clicked on edit.
22:14:44.685 [TestNG-test=RetryMultipleFailedTestcases-2] INFO  sprint6_TestCases.HL_CommonBugsTC - Initialized HL_CommonBugs.
22:14:44.996 [TestNG-test=RetryMultipleFailedTestcases-2] INFO  sprint6_TestCases.HL_CommonBugsTC - Clicked on Entity.
22:14:48.394 [TestNG-test=RetryMultipleFailedTestcases-2] INFO  sprint6_TestCases.HL_CommonBugsTC - Clicked on the 1st expander of Entity.
22:14:48.690 [TestNG-test=RetryMultipleFailedTestcases-2] INFO  sprint6_TestCases.HL_CommonBugsTC - Clicked on the Entity checkbox.
22:14:49.236 [TestNG-test=RetryMultipleFailedTestcases-2] INFO  sprint6_TestCases.HL_CommonBugsTC - Clicked on the Entity Insert button.
22:14:49.681 [TestNG-test=RetryMultipleFailedTestcases-2] INFO  sprint6_TestCases.HL_CommonBugsTC - Clicked on Track Change.
22:14:49.790 [TestNG-test=RetryMultipleFailedTestcases-2] INFO  sprint6_TestCases.HL_CommonBugsTC - Test TC596_verifyEntitySectionNumberCheckTC completed.
22:14:50.390 [TestNG-test=RetryMultipleFailedTestcases-4] INFO  sprint6_TestCases.HL_CommonBugsTC - Logged in and searched for the file, then clicked on edit.
22:14:50.391 [TestNG-test=RetryMultipleFailedTestcases-4] INFO  sprint6_TestCases.HL_CommonBugsTC - Initialized HL_CommonBugs.
22:14:50.442 [TestNG-test=RetryMultipleFailedTestcases-4] INFO  sprint6_TestCases.HL_CommonBugsTC - Switched to frame 0.
22:14:52.552 [TestNG-test=RetryMultipleFailedTestcases-4] INFO  sprint6_TestCases.HL_CommonBugsTC - Performed a right-click on the first paragraph in frame 0.
22:14:52.781 [TestNG-test=RetryMultipleFailedTestcases-4] INFO  sprint6_TestCases.HL_CommonBugsTC - Switched back to the default content.
22:14:52.844 [TestNG-test=RetryMultipleFailedTestcases-4] INFO  sprint6_TestCases.HL_CommonBugsTC - Switched to frame 1.
22:14:53.476 [TestNG-test=RetryMultipleFailedTestcases-4] INFO  sprint6_TestCases.HL_CommonBugsTC - Clicked on Remove Element Block in frame 1.
22:14:53.554 [TestNG-test=RetryMultipleFailedTestcases-4] INFO  sprint6_TestCases.HL_CommonBugsTC - Switched back to the default content.
22:14:53.856 [TestNG-test=RetryMultipleFailedTestcases-4] INFO  sprint6_TestCases.HL_CommonBugsTC - Clicked on Track Change.
22:14:55.061 [TestNG-test=RetryMultipleFailedTestcases-4] INFO  sprint6_TestCases.HL_CommonBugsTC - Accepted the change from Track Change panel.
22:14:58.787 [TestNG-test=RetryMultipleFailedTestcases-2] INFO  sprint6_TestCases.HL_CommonBugsTC - Starting the test TC609_verifyDeleteFigureAcceptChangeUndo
22:15:04.411 [TestNG-test=RetryMultipleFailedTestcases-1] INFO  sprint6_TestCases.HL_CommonBugsTC - Logged in and searched for the file, then clicked on edit.
22:15:04.412 [TestNG-test=RetryMultipleFailedTestcases-1] INFO  sprint6_TestCases.HL_CommonBugsTC - Initialized HL_CommonBugs.
22:15:04.445 [TestNG-test=RetryMultipleFailedTestcases-1] INFO  sprint6_TestCases.HL_CommonBugsTC - Switched to frame 0.
22:15:05.495 [TestNG-test=RetryMultipleFailedTestcases-1] INFO  sprint6_TestCases.HL_CommonBugsTC - Performed a context click on the first paragraph in frame 0.
22:15:05.696 [TestNG-test=RetryMultipleFailedTestcases-1] INFO  sprint6_TestCases.HL_CommonBugsTC - Switched back to the default content.
22:15:05.758 [TestNG-test=RetryMultipleFailedTestcases-1] INFO  sprint6_TestCases.HL_CommonBugsTC - Switched to frame 1.
22:15:06.696 [TestNG-test=RetryMultipleFailedTestcases-1] INFO  sprint6_TestCases.HL_CommonBugsTC - Clicked on 'Insert After' in frame 1.
22:15:06.792 [TestNG-test=RetryMultipleFailedTestcases-1] INFO  sprint6_TestCases.HL_CommonBugsTC - Switched back to the default content.
22:15:07.004 [TestNG-test=RetryMultipleFailedTestcases-1] INFO  sprint6_TestCases.HL_CommonBugsTC - Entered 'exampl' into the content in frame 1.
22:15:09.857 [TestNG-test=RetryMultipleFailedTestcases-1] INFO  sprint6_TestCases.HL_CommonBugsTC - Clicked on Track Change.
22:15:09.965 [TestNG-test=RetryMultipleFailedTestcases-1] INFO  sprint6_TestCases.HL_CommonBugsTC - Test TC602_verifyInsertExampleCheckTCCount completed.
22:15:11.120 [TestNG-test=RetryMultipleFailedTestcases-3] INFO  sprint6_TestCases.HL_CommonBugsTC - Logged in and searched for the file, then clicked on edit.
22:15:11.120 [TestNG-test=RetryMultipleFailedTestcases-3] INFO  sprint6_TestCases.HL_CommonBugsTC - Initialized HL_CommonBugs.
22:15:19.830 [TestNG-test=RetryMultipleFailedTestcases-3] INFO  sprint6_TestCases.HL_CommonBugsTC - Inserted a table using ReusableMethods.
22:15:20.221 [TestNG-test=RetryMultipleFailedTestcases-3] INFO  sprint6_TestCases.HL_CommonBugsTC - Entered 'Aaaa' in the caption input.
22:15:20.242 [TestNG-test=RetryMultipleFailedTestcases-3] INFO  sprint6_TestCases.HL_CommonBugsTC - Switched to frame 0.
22:15:20.385 [TestNG-test=RetryMultipleFailedTestcases-1] INFO  sprint6_TestCases.HL_CommonBugsTC - Starting the test TC610_verifyAddTableTypeTableCheckTC
22:15:21.335 [TestNG-test=RetryMultipleFailedTestcases-3] INFO  sprint6_TestCases.HL_CommonBugsTC - Clicked on the caption in frame 0.
22:15:22.837 [TestNG-test=RetryMultipleFailedTestcases-3] INFO  sprint6_TestCases.HL_CommonBugsTC - Context clicked on the paragraph in VE.
22:15:22.858 [TestNG-test=RetryMultipleFailedTestcases-3] INFO  sprint6_TestCases.HL_CommonBugsTC - Switched back to the default content.
22:15:22.882 [TestNG-test=RetryMultipleFailedTestcases-3] INFO  sprint6_TestCases.HL_CommonBugsTC - Switched to frame 2.
22:15:23.314 [TestNG-test=RetryMultipleFailedTestcases-3] INFO  sprint6_TestCases.HL_CommonBugsTC - Clicked on Remove Element Block in frame 2.
22:15:23.354 [TestNG-test=RetryMultipleFailedTestcases-3] INFO  sprint6_TestCases.HL_CommonBugsTC - Switched back to the default content.
22:15:23.611 [TestNG-test=RetryMultipleFailedTestcases-3] INFO  sprint6_TestCases.HL_CommonBugsTC - Clicked on Track Change.
22:15:23.662 [TestNG-test=RetryMultipleFailedTestcases-3] INFO  sprint6_TestCases.HL_CommonBugsTC - Test TC605_verifyRemoveCaptionCheckTC completed.
22:15:27.175 [TestNG-test=RetryMultipleFailedTestcases-2] INFO  sprint6_TestCases.HL_CommonBugsTC - Logged in and searched for the file, then clicked on edit.
22:15:27.175 [TestNG-test=RetryMultipleFailedTestcases-2] INFO  sprint6_TestCases.HL_CommonBugsTC - Initialized HL_CommonBugs.
22:15:32.253 [TestNG-test=RetryMultipleFailedTestcases-3] INFO  sprint6_TestCases.HL_CommonBugsTC - Starting the test TC613_verifyAddFigureWithoutHeadingInfo
22:15:34.589 [TestNG-test=RetryMultipleFailedTestcases-2] INFO  sprint6_TestCases.HL_CommonBugsTC - Accepted the change.
22:15:35.542 [TestNG-test=RetryMultipleFailedTestcases-2] INFO  sprint6_TestCases.HL_CommonBugsTC - Clicked on Track Change.
22:15:35.979 [TestNG-test=RetryMultipleFailedTestcases-4] INFO  sprint6_TestCases.HL_CommonBugsTC - Test TC600_verifyInfoPopupunwantedDeletedContent completed.
22:15:38.384 [TestNG-test=RetryMultipleFailedTestcases-2] INFO  sprint6_TestCases.HL_CommonBugsTC - Clicked on Track Change again.
22:15:44.721 [TestNG-test=RetryMultipleFailedTestcases-4] INFO  sprint6_TestCases.HL_CommonBugsTC - Starting the test TC614_verifyChangeParaToSectionUndo
22:15:53.472 [TestNG-test=RetryMultipleFailedTestcases-1] INFO  sprint6_TestCases.HL_CommonBugsTC - Logged in and searched for the file, then clicked on edit.
22:15:53.473 [TestNG-test=RetryMultipleFailedTestcases-1] INFO  sprint6_TestCases.HL_CommonBugsTC - Initialized HL_CommonBugs.
22:16:03.185 [TestNG-test=RetryMultipleFailedTestcases-3] INFO  sprint6_TestCases.HL_CommonBugsTC - Logged in and searched for the file, then clicked on edit.
22:16:03.186 [TestNG-test=RetryMultipleFailedTestcases-3] INFO  sprint6_TestCases.HL_CommonBugsTC - Initialized HL_CommonBugs.
22:16:03.186 [TestNG-test=RetryMultipleFailedTestcases-3] INFO  sprint6_TestCases.HL_CommonBugsTC - UIUX-1837
22:16:03.862 [TestNG-test=RetryMultipleFailedTestcases-1] INFO  sprint6_TestCases.HL_CommonBugsTC - Inserted a table using ReusableMethods.
22:16:05.069 [TestNG-test=RetryMultipleFailedTestcases-3] INFO  sprint6_TestCases.HL_CommonBugsTC - Right-clicked on the first paragraph.
22:16:05.852 [TestNG-test=RetryMultipleFailedTestcases-1] INFO  sprint6_TestCases.HL_CommonBugsTC - Test TC610_verifyAddTableTypeTableCheckTC completed.
22:16:06.638 [TestNG-test=RetryMultipleFailedTestcases-3] INFO  sprint6_TestCases.HL_CommonBugsTC - Clicked on VE Insert After option.
22:16:07.974 [TestNG-test=RetryMultipleFailedTestcases-3] INFO  sprint6_TestCases.HL_CommonBugsTC - Inserted 'figure' text without heading.
22:16:14.927 [TestNG-test=RetryMultipleFailedTestcases-1] INFO  sprint6_TestCases.HL_CommonBugsTC - Starting the test TC615_verifyDeleteSomeContentInsertTableCheckTC
22:16:21.222 [TestNG-test=RetryMultipleFailedTestcases-2] INFO  sprint6_TestCases.HL_CommonBugsTC - Accepted change and data card is not displayed.
22:16:22.469 [TestNG-test=RetryMultipleFailedTestcases-4] INFO  sprint6_TestCases.HL_CommonBugsTC - Logged in and searched for the file, then clicked on edit.
22:16:22.469 [TestNG-test=RetryMultipleFailedTestcases-4] INFO  sprint6_TestCases.HL_CommonBugsTC - Initialized HL_CommonBugs.
22:16:22.469 [TestNG-test=RetryMultipleFailedTestcases-4] INFO  sprint6_TestCases.HL_CommonBugsTC - UIUX-1760
22:16:23.058 [TestNG-test=RetryMultipleFailedTestcases-4] INFO  sprint6_TestCases.HL_CommonBugsTC - Clicked on the first paragraph in VE.
22:16:23.186 [TestNG-test=RetryMultipleFailedTestcases-2] INFO  sprint6_TestCases.HL_CommonBugsTC - Undid the change and data card is displayed again.
22:16:23.186 [TestNG-test=RetryMultipleFailedTestcases-2] INFO  sprint6_TestCases.HL_CommonBugsTC - Test TC609_verifyDeleteFigureAcceptChangeUndo completed.
22:16:23.907 [TestNG-test=RetryMultipleFailedTestcases-4] INFO  sprint6_TestCases.HL_CommonBugsTC - Clicked on 'Change Element' option.
22:16:24.560 [TestNG-test=RetryMultipleFailedTestcases-3] INFO  sprint6_TestCases.HL_CommonBugsTC - Clicked on the first figure.
22:16:25.102 [TestNG-test=RetryMultipleFailedTestcases-3] INFO  sprint6_TestCases.HL_CommonBugsTC - Clicked on the 'Figure Heading Insert' option.
22:16:25.296 [TestNG-test=RetryMultipleFailedTestcases-3] INFO  sprint6_TestCases.HL_CommonBugsTC - Verified that info is present after inserting without a heading.
22:16:25.296 [TestNG-test=RetryMultipleFailedTestcases-3] INFO  sprint6_TestCases.HL_CommonBugsTC - Test TC613_verifyAddFigureWithoutHeadingInfo completed.
22:16:25.722 [TestNG-test=RetryMultipleFailedTestcases-4] INFO  sprint6_TestCases.HL_CommonBugsTC - Changed the element to 'Section'.
22:16:26.647 [TestNG-test=RetryMultipleFailedTestcases-4] INFO  sprint6_TestCases.HL_CommonBugsTC - Clicked on 'Track Change'.
22:16:27.386 [TestNG-test=RetryMultipleFailedTestcases-4] INFO  sprint6_TestCases.HL_CommonBugsTC - Clicked on 'Editor Section Number' in VE.
22:16:27.835 [TestNG-test=RetryMultipleFailedTestcases-4] INFO  sprint6_TestCases.HL_CommonBugsTC - Verified that data card is displayed.
22:16:27.880 [TestNG-test=RetryMultipleFailedTestcases-4] INFO  sprint6_TestCases.HL_CommonBugsTC - Verified that data card contains the expected text.
22:16:29.011 [TestNG-test=RetryMultipleFailedTestcases-4] INFO  sprint6_TestCases.HL_CommonBugsTC - Clicked on 'Undo'.
22:16:30.261 [TestNG-test=RetryMultipleFailedTestcases-4] INFO  sprint6_TestCases.HL_CommonBugsTC - Verified that 'Undo' is working as expected.
22:16:30.261 [TestNG-test=RetryMultipleFailedTestcases-4] INFO  sprint6_TestCases.HL_CommonBugsTC - Test TC614_verifyChangeParaToSectionUndo completed.
22:16:31.455 [TestNG-test=RetryMultipleFailedTestcases-2] INFO  sprint6_TestCases.HL_CommonBugsTC - Starting the test TC618_verifyAddFootnoteTitleCheckTCCodeView
22:16:35.399 [TestNG-test=RetryMultipleFailedTestcases-3] INFO  sprint6_TestCases.HL_CommonBugsTC - Starting the test TC623_verifyBoldCopyPasteCheckTC
22:16:41.981 [TestNG-test=RetryMultipleFailedTestcases-4] INFO  sprint6_TestCases.HL_CommonBugsTC - Starting the test TC626_verifyInsertIntoEmphasisCheckTC
22:16:49.246 [TestNG-test=RetryMultipleFailedTestcases-1] INFO  sprint6_TestCases.HL_CommonBugsTC - Logged in and searched for the file, then clicked on edit.
22:16:49.246 [TestNG-test=RetryMultipleFailedTestcases-1] INFO  sprint6_TestCases.HL_CommonBugsTC - Initialized HL_CommonBugs.
22:16:49.246 [TestNG-test=RetryMultipleFailedTestcases-1] INFO  sprint6_TestCases.HL_CommonBugsTC - UIUX-1842
22:16:49.246 [TestNG-test=RetryMultipleFailedTestcases-1] INFO  sprint6_TestCases.HL_CommonBugsTC - Commented out ReusableMethods.ResetFile().
22:16:51.346 [TestNG-test=RetryMultipleFailedTestcases-1] INFO  sprint6_TestCases.HL_CommonBugsTC - Clicked on the first paragraph in DS.
22:16:51.896 [TestNG-test=RetryMultipleFailedTestcases-1] INFO  sprint6_TestCases.HL_CommonBugsTC - Clicked on 'Insert Plugin'.
22:16:52.195 [TestNG-test=RetryMultipleFailedTestcases-1] INFO  sprint6_TestCases.HL_CommonBugsTC - Clicked on 'Insert Popup Element' button.
22:16:52.478 [TestNG-test=RetryMultipleFailedTestcases-1] INFO  sprint6_TestCases.HL_CommonBugsTC - Clicked on 'Insert After'.
22:16:52.754 [TestNG-test=RetryMultipleFailedTestcases-1] INFO  sprint6_TestCases.HL_CommonBugsTC - Selected the 'table' element in the popup.
22:16:53.866 [TestNG-test=RetryMultipleFailedTestcases-1] INFO  sprint6_TestCases.HL_CommonBugsTC - Clicked on 'Insert Element' button.
22:16:55.715 [TestNG-test=RetryMultipleFailedTestcases-1] INFO  sprint6_TestCases.HL_CommonBugsTC - Clicked on 'Table Properties OK' button.
22:16:57.081 [TestNG-test=RetryMultipleFailedTestcases-1] INFO  sprint6_TestCases.HL_CommonBugsTC - Clicked on 'Track Change'.
22:16:57.159 [TestNG-test=RetryMultipleFailedTestcases-1] INFO  sprint6_TestCases.HL_CommonBugsTC - Verified that the table is inserted, and TC panel is updated.
22:16:57.159 [TestNG-test=RetryMultipleFailedTestcases-1] INFO  sprint6_TestCases.HL_CommonBugsTC - Test TC615_verifyDeleteSomeContentInsertTableCheckTC completed.
22:17:07.841 [TestNG-test=RetryMultipleFailedTestcases-1] INFO  sprint6_TestCases.HL_CommonBugsTC - Starting the test TC627_verifyInsertTableInsertListCheckTC
22:17:09.363 [TestNG-test=RetryMultipleFailedTestcases-3] INFO  sprint6_TestCases.HL_CommonBugsTC - Logged in and searched for the file, then clicked on edit.
22:17:09.364 [TestNG-test=RetryMultipleFailedTestcases-3] INFO  sprint6_TestCases.HL_CommonBugsTC - Initialized HL_CommonBugs.
22:17:09.538 [TestNG-test=RetryMultipleFailedTestcases-2] INFO  sprint6_TestCases.HL_CommonBugsTC - Logged in and searched for the file, then clicked on edit.
22:17:09.538 [TestNG-test=RetryMultipleFailedTestcases-2] INFO  sprint6_TestCases.HL_CommonBugsTC - Initialized HL_CommonBugs.
22:17:10.102 [TestNG-test=RetryMultipleFailedTestcases-2] INFO  sprint6_TestCases.HL_CommonBugsTC - Clicked on the first paragraph in VE.
22:17:10.150 [TestNG-test=RetryMultipleFailedTestcases-3] INFO  sprint6_TestCases.HL_CommonBugsTC - Double-clicked on the first paragraph in VE.
22:17:10.693 [TestNG-test=RetryMultipleFailedTestcases-2] INFO  sprint6_TestCases.HL_CommonBugsTC - Clicked on 'Footnote' plugin.
22:17:10.924 [TestNG-test=RetryMultipleFailedTestcases-3] INFO  sprint6_TestCases.HL_CommonBugsTC - Applied 'Bold' to selected text.
22:17:14.656 [TestNG-test=RetryMultipleFailedTestcases-4] INFO  sprint6_TestCases.HL_CommonBugsTC - Logged in and searched for the file, then clicked on edit.
22:17:14.657 [TestNG-test=RetryMultipleFailedTestcases-4] INFO  sprint6_TestCases.HL_CommonBugsTC - Initialized HL_CommonBugs.
22:17:14.685 [TestNG-test=RetryMultipleFailedTestcases-4] INFO  sprint6_TestCases.HL_CommonBugsTC - Switched to frame 0.
22:17:14.701 [TestNG-test=RetryMultipleFailedTestcases-2] INFO  sprint6_TestCases.HL_CommonBugsTC - Clicked on 'New Footnote Box'.
22:17:14.811 [TestNG-test=RetryMultipleFailedTestcases-2] INFO  sprint6_TestCases.HL_CommonBugsTC - Entered text for the footnote.
22:17:15.112 [TestNG-test=RetryMultipleFailedTestcases-3] INFO  sprint6_TestCases.HL_CommonBugsTC - Copied and pasted the selected text with 'Bold' format.
22:17:15.171 [TestNG-test=RetryMultipleFailedTestcases-3] INFO  sprint6_TestCases.HL_CommonBugsTC - Verified the copy-paste result.
22:17:15.367 [TestNG-test=RetryMultipleFailedTestcases-4] INFO  sprint6_TestCases.HL_CommonBugsTC - Clicked on the first paragraph.
22:17:15.562 [TestNG-test=RetryMultipleFailedTestcases-3] INFO  sprint6_TestCases.HL_CommonBugsTC - Verified that emphasis-related TC is added to the TC panel.
22:17:15.562 [TestNG-test=RetryMultipleFailedTestcases-3] INFO  sprint6_TestCases.HL_CommonBugsTC - Test TC623_verifyBoldCopyPasteCheckTC completed.
22:17:16.196 [TestNG-test=RetryMultipleFailedTestcases-2] INFO  sprint6_TestCases.HL_CommonBugsTC - Clicked on 'Footnote OK' button.
22:17:16.544 [TestNG-test=RetryMultipleFailedTestcases-4] INFO  sprint6_TestCases.HL_CommonBugsTC - Performed a right-click on the first paragraph.
22:17:16.586 [TestNG-test=RetryMultipleFailedTestcases-4] INFO  sprint6_TestCases.HL_CommonBugsTC - Switched back to the default content.
22:17:16.607 [TestNG-test=RetryMultipleFailedTestcases-4] INFO  sprint6_TestCases.HL_CommonBugsTC - Switched to frame 1.
22:17:18.243 [TestNG-test=RetryMultipleFailedTestcases-2] INFO  sprint6_TestCases.HL_CommonBugsTC - Switched to VE and selected the first paragraph.
22:17:18.295 [TestNG-test=RetryMultipleFailedTestcases-4] INFO  sprint6_TestCases.HL_CommonBugsTC - Clicked on Insert Into.
22:17:18.389 [TestNG-test=RetryMultipleFailedTestcases-4] INFO  sprint6_TestCases.HL_CommonBugsTC - Switched back to the default content.
22:17:18.708 [TestNG-test=RetryMultipleFailedTestcases-2] INFO  sprint6_TestCases.HL_CommonBugsTC - Entered 'title' in VE.
22:17:19.021 [TestNG-test=RetryMultipleFailedTestcases-4] INFO  sprint6_TestCases.HL_CommonBugsTC - Clicked on Insert Into Bold.
22:17:19.189 [TestNG-test=RetryMultipleFailedTestcases-2] INFO  sprint6_TestCases.HL_CommonBugsTC - Clicked on 'Code View' button.
22:17:20.167 [TestNG-test=RetryMultipleFailedTestcases-4] INFO  sprint6_TestCases.HL_CommonBugsTC - Clicked on the Insert Element button.
22:17:22.312 [TestNG-test=RetryMultipleFailedTestcases-4] INFO  sprint6_TestCases.HL_CommonBugsTC - Entered 'Hello' into the emphasized element.
22:17:22.675 [TestNG-test=RetryMultipleFailedTestcases-3] INFO  sprint6_TestCases.HL_CommonBugsTC - Starting the test TC640_verifyFootnoteBottomEdit
22:17:22.942 [TestNG-test=RetryMultipleFailedTestcases-4] INFO  sprint6_TestCases.HL_CommonBugsTC - Clicked on Track Change.
22:17:23.018 [TestNG-test=RetryMultipleFailedTestcases-4] INFO  sprint6_TestCases.HL_CommonBugsTC - Test TC626_verifyInsertIntoEmphasisCheckTC completed.
22:17:29.959 [TestNG-test=RetryMultipleFailedTestcases-4] INFO  sprint6_TestCases.HL_CommonBugsTC - Starting the test TC670_verifyRemoveExpiryCheckTC
22:17:39.261 [TestNG-test=RetryMultipleFailedTestcases-1] INFO  sprint6_TestCases.HL_CommonBugsTC - Logged in and searched for the file, then clicked on edit.
22:17:39.262 [TestNG-test=RetryMultipleFailedTestcases-1] INFO  sprint6_TestCases.HL_CommonBugsTC - Initialized HL_CommonBugs.
22:17:46.754 [TestNG-test=RetryMultipleFailedTestcases-1] INFO  sprint6_TestCases.HL_CommonBugsTC - Inserted a table in VE.
22:17:47.462 [TestNG-test=RetryMultipleFailedTestcases-1] INFO  sprint6_TestCases.HL_CommonBugsTC - Inserted a numbered list in VE.
22:17:48.088 [TestNG-test=RetryMultipleFailedTestcases-1] INFO  sprint6_TestCases.HL_CommonBugsTC - Verified that inserting a list in the table is correctly updated in the TC panel.
22:17:48.088 [TestNG-test=RetryMultipleFailedTestcases-1] INFO  sprint6_TestCases.HL_CommonBugsTC - Test TC627_verifyInsertTableInsertListCheckTC completed.
22:17:56.118 [TestNG-test=RetryMultipleFailedTestcases-1] INFO  sprint6_TestCases.HL_CommonBugsTC - Starting the test TC766_verifyDeleteAllCheckTCCount
22:17:59.345 [TestNG-test=RetryMultipleFailedTestcases-2] INFO  sprint6_TestCases.HL_CommonBugsTC - Verifying content validation error.
22:17:59.345 [TestNG-test=RetryMultipleFailedTestcases-2] INFO  sprint6_TestCases.HL_CommonBugsTC - Test TC618_verifyAddFootnoteTitleCheckTCCodeView completed.
22:18:01.101 [TestNG-test=RetryMultipleFailedTestcases-4] INFO  sprint6_TestCases.HL_CommonBugsTC - Logged in and searched for the file, then clicked on edit.
22:18:01.101 [TestNG-test=RetryMultipleFailedTestcases-4] INFO  sprint6_TestCases.HL_CommonBugsTC - Initialized HL_CommonBugs.
22:18:01.819 [TestNG-test=RetryMultipleFailedTestcases-3] INFO  sprint6_TestCases.HL_CommonBugsTC - Logged in and searched for the file, then clicked on edit.
22:18:01.819 [TestNG-test=RetryMultipleFailedTestcases-3] INFO  sprint6_TestCases.HL_CommonBugsTC - Initialized HL_CommonBugs.
22:18:03.224 [TestNG-test=RetryMultipleFailedTestcases-3] INFO  sprint6_TestCases.HL_CommonBugsTC - Clicked on footnote plugin.
22:18:06.561 [TestNG-test=RetryMultipleFailedTestcases-4] INFO  sprint6_TestCases.HL_CommonBugsTC - Accepted the change.
22:18:06.917 [TestNG-test=RetryMultipleFailedTestcases-3] INFO  sprint6_TestCases.HL_CommonBugsTC - Clicked on new footnote box.
22:18:08.376 [TestNG-test=RetryMultipleFailedTestcases-2] INFO  sprint6_TestCases.HL_CommonBugsTC - Starting the test TC767_verifyBoldInNewLineCheckTC
22:18:08.620 [TestNG-test=RetryMultipleFailedTestcases-3] INFO  sprint6_TestCases.HL_CommonBugsTC - Clicked on footnote OK button.
22:18:08.907 [TestNG-test=RetryMultipleFailedTestcases-4] INFO  sprint6_TestCases.HL_CommonBugsTC - Clicked on Track Change.
22:18:09.004 [TestNG-test=RetryMultipleFailedTestcases-4] INFO  sprint6_TestCases.HL_CommonBugsTC - Test TC670_verifyRemoveExpiryCheckTC completed.
22:18:13.293 [TestNG-test=RetryMultipleFailedTestcases-3] INFO  sprint6_TestCases.HL_CommonBugsTC - Test TC640_verifyFootnoteBottomEdit completed.
22:18:26.425 [TestNG-test=RetryMultipleFailedTestcases-1] INFO  sprint6_TestCases.HL_CommonBugsTC - Logged in and searched for the file, then clicked on edit.
22:18:26.425 [TestNG-test=RetryMultipleFailedTestcases-1] INFO  sprint6_TestCases.HL_CommonBugsTC - Initialized HL_CommonBugs.
22:18:26.951 [TestNG-test=RetryMultipleFailedTestcases-1] INFO  sprint6_TestCases.HL_CommonBugsTC - Clicked on the first paragraph.
22:18:27.769 [TestNG-test=RetryMultipleFailedTestcases-1] INFO  sprint6_TestCases.HL_CommonBugsTC - Selected and deleted all content.
22:18:28.824 [TestNG-test=RetryMultipleFailedTestcases-1] INFO  sprint6_TestCases.HL_CommonBugsTC - Clicked on track change.
22:18:29.551 [TestNG-test=RetryMultipleFailedTestcases-1] INFO  sprint6_TestCases.HL_CommonBugsTC - Clicked on the first paragraph.
