23:09:23.770 [TestNG-test=RetryMultipleFailedTestcases-105] INFO  Elements_Testcases.Am_SearchContentTC - Starting verify_Searchcontent_100Count test...
23:09:23.770 [TestNG-test=RetryMultipleFailedTestcases-103] INFO  Elements_Testcases.Am_SearchContentTC - Creating VerifyContentBlock_SearchOptions instance
23:09:23.769 [TestNG-test=RetryMultipleFailedTestcases-104] INFO  Elements_Testcases.Am_SearchContentTC - ReusableMethods.LoginAndSearchFile_ClickEdit()
23:09:23.787 [TestNG-test=RetryMultipleFailedTestcases-105] INFO  Elements_Testcases.Am_SearchContentTC - ReusableMethods.LoginAndSearchFile_ClickEdit()
23:09:23.787 [TestNG-test=RetryMultipleFailedTestcases-104] INFO  Elements_Testcases.Am_SearchContentTC - Creating VerifyContentBlock_SearchOptions instance
23:09:23.788 [TestNG-test=RetryMultipleFailedTestcases-105] INFO  Elements_Testcases.Am_SearchContentTC - Creating VerifyContentBlock_SearchOptions instance
23:09:23.789 [TestNG-test=RetryMultipleFailedTestcases-104] INFO  Elements_Testcases.Am_SearchContentTC - Starting Verify_SearchContent_UsingUpArrow test...
23:09:23.789 [TestNG-test=RetryMultipleFailedTestcases-104] INFO  Elements_Testcases.Am_SearchContentTC - ReusableMethods.LoginAndSearchFile_ClickEdit()
23:09:23.789 [TestNG-test=RetryMultipleFailedTestcases-103] INFO  Elements_Testcases.Am_SearchContentTC - Starting verify_SearchContent_Highlighted test...
23:09:23.789 [TestNG-test=RetryMultipleFailedTestcases-103] INFO  Elements_Testcases.Am_SearchContentTC - ReusableMethods.LoginAndSearchFile_ClickEdit()
23:09:23.789 [TestNG-test=RetryMultipleFailedTestcases-105] INFO  Elements_Testcases.Am_SearchContentTC - Starting verify_Searchcontent_100Count test...
23:09:23.789 [TestNG-test=RetryMultipleFailedTestcases-104] INFO  Elements_Testcases.Am_SearchContentTC - Creating VerifyContentBlock_SearchOptions instance
23:09:23.789 [TestNG-test=RetryMultipleFailedTestcases-105] INFO  Elements_Testcases.Am_SearchContentTC - ReusableMethods.LoginAndSearchFile_ClickEdit()
23:09:23.790 [TestNG-test=RetryMultipleFailedTestcases-103] INFO  Elements_Testcases.Am_SearchContentTC - Creating VerifyContentBlock_SearchOptions instance
23:09:23.790 [TestNG-test=RetryMultipleFailedTestcases-105] INFO  Elements_Testcases.Am_SearchContentTC - Creating VerifyContentBlock_SearchOptions instance
23:09:23.791 [TestNG-test=RetryMultipleFailedTestcases-105] INFO  Elements_Testcases.Am_SearchContentTC - Starting verify_Searchcontent_100Count test...
23:09:23.792 [TestNG-test=RetryMultipleFailedTestcases-105] INFO  Elements_Testcases.Am_SearchContentTC - ReusableMethods.LoginAndSearchFile_ClickEdit()
23:09:23.792 [TestNG-test=RetryMultipleFailedTestcases-105] INFO  Elements_Testcases.Am_SearchContentTC - Creating VerifyContentBlock_SearchOptions instance
23:09:23.864 [TestNG-test=RetryMultipleFailedTestcases-133] INFO  Elements_Testcases.Ba_SectionTC - Logged in and searched for the file, then clicked on edit.
23:09:23.865 [TestNG-test=RetryMultipleFailedTestcases-134] INFO  Elements_Testcases.Ba_SectionTC - Logged in and searched for the file, then clicked on edit.
23:09:23.866 [TestNG-test=RetryMultipleFailedTestcases-133] INFO  Elements_Testcases.Ba_SectionTC - Logged in and searched for the file, then clicked on edit.
23:09:23.867 [TestNG-test=RetryMultipleFailedTestcases-134] INFO  Elements_Testcases.Ba_SectionTC - Logged in and searched for the file, then clicked on edit.
23:09:23.868 [TestNG-test=RetryMultipleFailedTestcases-133] INFO  Elements_Testcases.Ba_SectionTC - Logged in and searched for the file, then clicked on edit.
23:09:23.869 [TestNG-test=RetryMultipleFailedTestcases-134] INFO  Elements_Testcases.Ba_SectionTC - Logged in and searched for the file, then clicked on edit.
23:09:23.870 [TestNG-test=RetryMultipleFailedTestcases-133] INFO  Elements_Testcases.Ba_SectionTC - Logged in and searched for the file, then clicked on edit.
23:09:23.873 [TestNG-test=RetryMultipleFailedTestcases-134] INFO  Elements_Testcases.Ba_SectionTC - Logged in and searched for the file, then clicked on edit.
23:09:23.994 [TestNG-test=RetryMultipleFailedTestcases-169] INFO  Elements_Testcases.Bb_ImagesTC - Logged in and searched for the file, then clicked Edit.
23:09:23.996 [TestNG-test=RetryMultipleFailedTestcases-169] INFO  Elements_Testcases.Bb_ImagesTC - Logged in and searched for the file, then clicked Edit.
23:09:23.998 [TestNG-test=RetryMultipleFailedTestcases-169] INFO  Elements_Testcases.Bb_ImagesTC - Logged in and searched for the file, then clicked Edit.
23:09:24.000 [TestNG-test=RetryMultipleFailedTestcases-169] INFO  Elements_Testcases.Bb_ImagesTC - Logged in and searched for the file, then clicked Edit.
23:09:24.008 [TestNG-test=RetryMultipleFailedTestcases-174] INFO  sprint6_TestCases.HH_SectionSymbolTC - Starting the test TC266_verify_Insert_Symbols_CheckTC
23:09:24.010 [TestNG-test=RetryMultipleFailedTestcases-172] INFO  Elements_Testcases.Bc_FootnoteTC - Logged in and searched for a file, then clicked Edit.
23:09:24.011 [TestNG-test=RetryMultipleFailedTestcases-174] INFO  sprint6_TestCases.HH_SectionSymbolTC - Logged in and searched for the file, then clicked on edit.
23:09:24.018 [TestNG-test=RetryMultipleFailedTestcases-175] INFO  Elements_Testcases.Bc_FootnoteTC - Logged in and searched for a file, then clicked Edit.
23:09:24.020 [TestNG-test=RetryMultipleFailedTestcases-172] INFO  Elements_Testcases.Bc_FootnoteTC - Logged in and searched for a file, then clicked Edit.
23:09:24.022 [TestNG-test=RetryMultipleFailedTestcases-175] INFO  Elements_Testcases.Bc_FootnoteTC - Logged in and searched for a file, then clicked Edit.
23:09:24.022 [TestNG-test=RetryMultipleFailedTestcases-174] INFO  sprint6_TestCases.HH_SectionSymbolTC - Starting the test TC266_verify_Insert_Symbols_CheckTC
23:09:24.023 [TestNG-test=RetryMultipleFailedTestcases-174] INFO  sprint6_TestCases.HH_SectionSymbolTC - Logged in and searched for the file, then clicked on edit.
23:09:24.024 [TestNG-test=RetryMultipleFailedTestcases-172] INFO  Elements_Testcases.Bc_FootnoteTC - Logged in and searched for a file, then clicked Edit.
23:09:24.025 [TestNG-test=RetryMultipleFailedTestcases-174] INFO  sprint6_TestCases.HH_SectionSymbolTC - Starting the test TC266_verify_Insert_Symbols_CheckTC
23:09:24.026 [TestNG-test=RetryMultipleFailedTestcases-176] INFO  Elements_Testcases.Bc_FootnoteTC - Logged in and searched for a file, then clicked Edit.
23:09:24.026 [TestNG-test=RetryMultipleFailedTestcases-172] INFO  Elements_Testcases.Bc_FootnoteTC - Logged in and searched for a file, then clicked Edit.
23:09:24.026 [TestNG-test=RetryMultipleFailedTestcases-175] INFO  Elements_Testcases.Bc_FootnoteTC - Logged in and searched for a file, then clicked Edit.
23:09:24.027 [TestNG-test=RetryMultipleFailedTestcases-174] INFO  sprint6_TestCases.HH_SectionSymbolTC - Logged in and searched for the file, then clicked on edit.
23:09:24.029 [TestNG-test=RetryMultipleFailedTestcases-175] INFO  Elements_Testcases.Bc_FootnoteTC - Logged in and searched for a file, then clicked Edit.
23:09:24.030 [TestNG-test=RetryMultipleFailedTestcases-174] INFO  sprint6_TestCases.HH_SectionSymbolTC - Starting the test TC266_verify_Insert_Symbols_CheckTC
23:09:24.030 [TestNG-test=RetryMultipleFailedTestcases-174] INFO  sprint6_TestCases.HH_SectionSymbolTC - Logged in and searched for the file, then clicked on edit.
23:09:24.031 [TestNG-test=RetryMultipleFailedTestcases-177] INFO  Elements_Testcases.Bc_FootnoteTC - Logged in and searched for a file, then clicked Edit.
23:09:24.032 [TestNG-test=RetryMultipleFailedTestcases-176] INFO  Elements_Testcases.Bc_FootnoteTC - Logged in and searched for a file, then clicked Edit.
23:09:24.033 [TestNG-test=RetryMultipleFailedTestcases-177] INFO  Elements_Testcases.Bc_FootnoteTC - Logged in and searched for a file, then clicked Edit.
23:09:24.035 [TestNG-test=RetryMultipleFailedTestcases-176] INFO  Elements_Testcases.Bc_FootnoteTC - Logged in and searched for a file, then clicked Edit.
23:09:24.036 [TestNG-test=RetryMultipleFailedTestcases-177] INFO  Elements_Testcases.Bc_FootnoteTC - Logged in and searched for a file, then clicked Edit.
23:09:24.037 [TestNG-test=RetryMultipleFailedTestcases-178] INFO  sprint5_TestCases.Ap_FootNoteTC - Starting TC304_verifyFootnoteInsert
23:09:24.037 [TestNG-test=RetryMultipleFailedTestcases-176] INFO  Elements_Testcases.Bc_FootnoteTC - Logged in and searched for a file, then clicked Edit.
23:09:24.037 [TestNG-test=RetryMultipleFailedTestcases-178] INFO  sprint5_TestCases.Ap_FootNoteTC - Logged in and searched for a file, then clicked Edit.
23:09:24.038 [TestNG-test=RetryMultipleFailedTestcases-177] INFO  Elements_Testcases.Bc_FootnoteTC - Logged in and searched for a file, then clicked Edit.
23:09:24.038 [TestNG-test=RetryMultipleFailedTestcases-178] INFO  sprint5_TestCases.Ap_FootNoteTC - Starting TC304_verifyFootnoteInsert
23:09:24.039 [TestNG-test=RetryMultipleFailedTestcases-178] INFO  sprint5_TestCases.Ap_FootNoteTC - Logged in and searched for a file, then clicked Edit.
23:09:24.040 [TestNG-test=RetryMultipleFailedTestcases-178] INFO  sprint5_TestCases.Ap_FootNoteTC - Starting TC304_verifyFootnoteInsert
23:09:24.041 [TestNG-test=RetryMultipleFailedTestcases-178] INFO  sprint5_TestCases.Ap_FootNoteTC - Logged in and searched for a file, then clicked Edit.
23:09:24.043 [TestNG-test=RetryMultipleFailedTestcases-178] INFO  sprint5_TestCases.Ap_FootNoteTC - Starting TC304_verifyFootnoteInsert
23:09:24.048 [TestNG-test=RetryMultipleFailedTestcases-178] INFO  sprint5_TestCases.Ap_FootNoteTC - Logged in and searched for a file, then clicked Edit.
23:09:24.048 [TestNG-test=RetryMultipleFailedTestcases-179] INFO  Elements_Testcases.Bd_TrackChanges - Logged in, searched for a file, and clicked Edit.
23:09:24.054 [TestNG-test=RetryMultipleFailedTestcases-181] INFO  Elements_Testcases.Bd_TrackChanges - Logged in, searched for a file, and clicked Edit.
23:09:24.057 [TestNG-test=RetryMultipleFailedTestcases-181] INFO  Elements_Testcases.Bd_TrackChanges - Logged in, searched for a file, and clicked Edit.
23:09:24.057 [TestNG-test=RetryMultipleFailedTestcases-179] INFO  Elements_Testcases.Bd_TrackChanges - Logged in, searched for a file, and clicked Edit.
23:09:24.059 [TestNG-test=RetryMultipleFailedTestcases-181] INFO  Elements_Testcases.Bd_TrackChanges - Logged in, searched for a file, and clicked Edit.
23:09:24.059 [TestNG-test=RetryMultipleFailedTestcases-179] INFO  Elements_Testcases.Bd_TrackChanges - Logged in, searched for a file, and clicked Edit.
23:09:24.061 [TestNG-test=RetryMultipleFailedTestcases-181] INFO  Elements_Testcases.Bd_TrackChanges - Logged in, searched for a file, and clicked Edit.
23:09:24.063 [TestNG-test=RetryMultipleFailedTestcases-179] INFO  Elements_Testcases.Bd_TrackChanges - Logged in, searched for a file, and clicked Edit.
23:09:24.064 [TestNG-test=RetryMultipleFailedTestcases-183] INFO  Elements_Testcases.Bd_TrackChanges - Logged in and searched for the file, then clicked on edit.
23:09:24.068 [TestNG-test=RetryMultipleFailedTestcases-183] INFO  Elements_Testcases.Bd_TrackChanges - Logged in and searched for the file, then clicked on edit.
23:09:24.069 [TestNG-test=RetryMultipleFailedTestcases-185] INFO  Elements_Testcases.Bd_TrackChanges - Starting the test verify_CrossReference_UsingSearchBox
23:09:24.069 [TestNG-test=RetryMultipleFailedTestcases-185] INFO  Elements_Testcases.Bd_TrackChanges - Logged in and searched for the file, then clicked on edit.
23:09:24.070 [TestNG-test=RetryMultipleFailedTestcases-186] INFO  Elements_Testcases.Be_SaveandResetTC - Starting verify_ResetFile
23:09:24.071 [TestNG-test=RetryMultipleFailedTestcases-186] INFO  Elements_Testcases.Be_SaveandResetTC - Logged in and searched for a file, then clicked Edit.
23:09:24.073 [TestNG-test=RetryMultipleFailedTestcases-183] INFO  Elements_Testcases.Bd_TrackChanges - Logged in and searched for the file, then clicked on edit.
23:09:24.075 [TestNG-test=RetryMultipleFailedTestcases-183] INFO  Elements_Testcases.Bd_TrackChanges - Logged in and searched for the file, then clicked on edit.
23:09:24.076 [TestNG-test=RetryMultipleFailedTestcases-185] INFO  Elements_Testcases.Bd_TrackChanges - Starting the test verify_CrossReference_UsingSearchBox
23:09:24.076 [TestNG-test=RetryMultipleFailedTestcases-185] INFO  Elements_Testcases.Bd_TrackChanges - Logged in and searched for the file, then clicked on edit.
23:09:24.077 [TestNG-test=RetryMultipleFailedTestcases-186] INFO  Elements_Testcases.Be_SaveandResetTC - Starting verify_ResetFile
23:09:24.078 [TestNG-test=RetryMultipleFailedTestcases-186] INFO  Elements_Testcases.Be_SaveandResetTC - Logged in and searched for a file, then clicked Edit.
23:09:24.078 [TestNG-test=RetryMultipleFailedTestcases-185] INFO  Elements_Testcases.Bd_TrackChanges - Starting the test verify_CrossReference_UsingSearchBox
23:09:24.079 [TestNG-test=RetryMultipleFailedTestcases-185] INFO  Elements_Testcases.Bd_TrackChanges - Logged in and searched for the file, then clicked on edit.
23:09:24.080 [TestNG-test=RetryMultipleFailedTestcases-187] INFO  Elements_Testcases.Be_SaveandResetTC - Starting verify_LastSaveTime_AfterResetFile
23:09:24.080 [TestNG-test=RetryMultipleFailedTestcases-185] INFO  Elements_Testcases.Bd_TrackChanges - Starting the test verify_CrossReference_UsingSearchBox
23:09:24.080 [TestNG-test=RetryMultipleFailedTestcases-187] INFO  Elements_Testcases.Be_SaveandResetTC - Logged in and searched for a file, then clicked Edit.
23:09:24.080 [TestNG-test=RetryMultipleFailedTestcases-185] INFO  Elements_Testcases.Bd_TrackChanges - Logged in and searched for the file, then clicked on edit.
23:09:24.080 [TestNG-test=RetryMultipleFailedTestcases-188] INFO  Elements_Testcases.Be_SaveandResetTC - Starting TC_021_verify_SaveFunctionality
23:09:24.081 [TestNG-test=RetryMultipleFailedTestcases-188] INFO  Elements_Testcases.Be_SaveandResetTC - Logged in and searched for a file, then clicked Edit.
23:09:24.081 [TestNG-test=RetryMultipleFailedTestcases-186] INFO  Elements_Testcases.Be_SaveandResetTC - Starting verify_ResetFile
23:09:24.081 [TestNG-test=RetryMultipleFailedTestcases-187] INFO  Elements_Testcases.Be_SaveandResetTC - Starting verify_LastSaveTime_AfterResetFile
23:09:24.081 [TestNG-test=RetryMultipleFailedTestcases-186] INFO  Elements_Testcases.Be_SaveandResetTC - Logged in and searched for a file, then clicked Edit.
23:09:24.082 [TestNG-test=RetryMultipleFailedTestcases-187] INFO  Elements_Testcases.Be_SaveandResetTC - Logged in and searched for a file, then clicked Edit.
23:09:24.084 [TestNG-test=RetryMultipleFailedTestcases-186] INFO  Elements_Testcases.Be_SaveandResetTC - Starting verify_ResetFile
23:09:24.084 [TestNG-test=RetryMultipleFailedTestcases-186] INFO  Elements_Testcases.Be_SaveandResetTC - Logged in and searched for a file, then clicked Edit.
23:09:24.086 [TestNG-test=RetryMultipleFailedTestcases-188] INFO  Elements_Testcases.Be_SaveandResetTC - Starting TC_021_verify_SaveFunctionality
23:09:24.086 [TestNG-test=RetryMultipleFailedTestcases-188] INFO  Elements_Testcases.Be_SaveandResetTC - Logged in and searched for a file, then clicked Edit.
23:09:24.087 [TestNG-test=RetryMultipleFailedTestcases-187] INFO  Elements_Testcases.Be_SaveandResetTC - Starting verify_LastSaveTime_AfterResetFile
23:09:24.088 [TestNG-test=RetryMultipleFailedTestcases-189] INFO  Elements_Testcases.Bf_SpellCheckerTC - Starting test verifyAddWordToDictonaries.
23:09:24.088 [TestNG-test=RetryMultipleFailedTestcases-187] INFO  Elements_Testcases.Be_SaveandResetTC - Logged in and searched for a file, then clicked Edit.
23:09:24.089 [TestNG-test=RetryMultipleFailedTestcases-189] INFO  Elements_Testcases.Bf_SpellCheckerTC - Logged in and clicked on Edit.
23:09:24.090 [TestNG-test=RetryMultipleFailedTestcases-187] INFO  Elements_Testcases.Be_SaveandResetTC - Starting verify_LastSaveTime_AfterResetFile
23:09:24.091 [TestNG-test=RetryMultipleFailedTestcases-188] INFO  Elements_Testcases.Be_SaveandResetTC - Starting TC_021_verify_SaveFunctionality
23:09:24.092 [TestNG-test=RetryMultipleFailedTestcases-187] INFO  Elements_Testcases.Be_SaveandResetTC - Logged in and searched for a file, then clicked Edit.
23:09:24.093 [TestNG-test=RetryMultipleFailedTestcases-188] INFO  Elements_Testcases.Be_SaveandResetTC - Logged in and searched for a file, then clicked Edit.
23:09:24.092 [TestNG-test=RetryMultipleFailedTestcases-190] INFO  Elements_Testcases.Bf_SpellCheckerTC - Starting test verifyByorrectingMisspelledWordCheckRedLine.
23:09:24.094 [TestNG-test=RetryMultipleFailedTestcases-190] INFO  Elements_Testcases.Bf_SpellCheckerTC - Logged in and clicked on Edit.
23:09:24.096 [TestNG-test=RetryMultipleFailedTestcases-191] INFO  Elements_Testcases.Bf_SpellCheckerTC - Starting test verifyMissSpelledWordCorrection.
23:09:24.097 [TestNG-test=RetryMultipleFailedTestcases-191] INFO  Elements_Testcases.Bf_SpellCheckerTC - Logged in and clicked on Edit.
23:09:24.096 [TestNG-test=RetryMultipleFailedTestcases-188] INFO  Elements_Testcases.Be_SaveandResetTC - Starting TC_021_verify_SaveFunctionality
23:09:24.097 [TestNG-test=RetryMultipleFailedTestcases-188] INFO  Elements_Testcases.Be_SaveandResetTC - Logged in and searched for a file, then clicked Edit.
23:09:24.099 [TestNG-test=RetryMultipleFailedTestcases-190] INFO  Elements_Testcases.Bf_SpellCheckerTC - Starting test verifyByorrectingMisspelledWordCheckRedLine.
23:09:24.100 [TestNG-test=RetryMultipleFailedTestcases-190] INFO  Elements_Testcases.Bf_SpellCheckerTC - Logged in and clicked on Edit.
23:09:24.100 [TestNG-test=RetryMultipleFailedTestcases-189] INFO  Elements_Testcases.Bf_SpellCheckerTC - Starting test verifyAddWordToDictonaries.
23:09:24.101 [TestNG-test=RetryMultipleFailedTestcases-189] INFO  Elements_Testcases.Bf_SpellCheckerTC - Logged in and clicked on Edit.
23:09:24.103 [TestNG-test=RetryMultipleFailedTestcases-191] INFO  Elements_Testcases.Bf_SpellCheckerTC - Starting test verifyMissSpelledWordCorrection.
23:09:24.103 [TestNG-test=RetryMultipleFailedTestcases-191] INFO  Elements_Testcases.Bf_SpellCheckerTC - Logged in and clicked on Edit.
23:09:24.103 [TestNG-test=RetryMultipleFailedTestcases-190] INFO  Elements_Testcases.Bf_SpellCheckerTC - Starting test verifyByorrectingMisspelledWordCheckRedLine.
23:09:24.104 [TestNG-test=RetryMultipleFailedTestcases-190] INFO  Elements_Testcases.Bf_SpellCheckerTC - Logged in and clicked on Edit.
23:09:24.105 [TestNG-test=RetryMultipleFailedTestcases-190] INFO  Elements_Testcases.Bf_SpellCheckerTC - Starting test verifyByorrectingMisspelledWordCheckRedLine.
23:09:24.105 [TestNG-test=RetryMultipleFailedTestcases-190] INFO  Elements_Testcases.Bf_SpellCheckerTC - Logged in and clicked on Edit.
23:09:24.106 [TestNG-test=RetryMultipleFailedTestcases-192] INFO  Elements_Testcases.Bf_SpellCheckerTC - Starting test verifyMisspelledRightClickIgnoreAlloptions.
23:09:24.106 [TestNG-test=RetryMultipleFailedTestcases-189] INFO  Elements_Testcases.Bf_SpellCheckerTC - Starting test verifyAddWordToDictonaries.
23:09:24.106 [TestNG-test=RetryMultipleFailedTestcases-192] INFO  Elements_Testcases.Bf_SpellCheckerTC - Logged in and clicked on Edit.
23:09:24.107 [TestNG-test=RetryMultipleFailedTestcases-191] INFO  Elements_Testcases.Bf_SpellCheckerTC - Starting test verifyMissSpelledWordCorrection.
23:09:24.107 [TestNG-test=RetryMultipleFailedTestcases-189] INFO  Elements_Testcases.Bf_SpellCheckerTC - Logged in and clicked on Edit.
23:09:24.108 [TestNG-test=RetryMultipleFailedTestcases-192] INFO  Elements_Testcases.Bf_SpellCheckerTC - Starting test verifyMisspelledRightClickIgnoreAlloptions.
23:09:24.108 [TestNG-test=RetryMultipleFailedTestcases-192] INFO  Elements_Testcases.Bf_SpellCheckerTC - Logged in and clicked on Edit.
23:09:24.110 [TestNG-test=RetryMultipleFailedTestcases-189] INFO  Elements_Testcases.Bf_SpellCheckerTC - Starting test verifyAddWordToDictonaries.
23:09:24.111 [TestNG-test=RetryMultipleFailedTestcases-192] INFO  Elements_Testcases.Bf_SpellCheckerTC - Starting test verifyMisspelledRightClickIgnoreAlloptions.
23:09:24.111 [TestNG-test=RetryMultipleFailedTestcases-191] INFO  Elements_Testcases.Bf_SpellCheckerTC - Logged in and clicked on Edit.
23:09:24.112 [TestNG-test=RetryMultipleFailedTestcases-192] INFO  Elements_Testcases.Bf_SpellCheckerTC - Logged in and clicked on Edit.
23:09:24.114 [TestNG-test=RetryMultipleFailedTestcases-191] INFO  Elements_Testcases.Bf_SpellCheckerTC - Starting test verifyMissSpelledWordCorrection.
23:09:24.111 [TestNG-test=RetryMultipleFailedTestcases-193] INFO  Elements_Testcases.Bf_SpellCheckerTC - Starting test verifyMisspelledWordInVE.
23:09:24.123 [TestNG-test=RetryMultipleFailedTestcases-191] INFO  Elements_Testcases.Bf_SpellCheckerTC - Logged in and clicked on Edit.
23:09:24.126 [TestNG-test=RetryMultipleFailedTestcases-192] INFO  Elements_Testcases.Bf_SpellCheckerTC - Starting test verifyMisspelledRightClickIgnoreAlloptions.
23:09:24.127 [TestNG-test=RetryMultipleFailedTestcases-189] INFO  Elements_Testcases.Bf_SpellCheckerTC - Logged in and clicked on Edit.
23:09:24.128 [TestNG-test=RetryMultipleFailedTestcases-192] INFO  Elements_Testcases.Bf_SpellCheckerTC - Logged in and clicked on Edit.
23:09:24.132 [TestNG-test=RetryMultipleFailedTestcases-193] INFO  Elements_Testcases.Bf_SpellCheckerTC - Logged in and clicked on Edit.
23:09:24.137 [TestNG-test=RetryMultipleFailedTestcases-193] INFO  Elements_Testcases.Bf_SpellCheckerTC - Starting test verifyMisspelledWordInVE.
23:09:24.136 [TestNG-test=RetryMultipleFailedTestcases-196] INFO  Elements_Testcases.Bf_SpellCheckerTC - Starting test verifySpellCheckClickable.
23:09:24.137 [TestNG-test=RetryMultipleFailedTestcases-193] INFO  Elements_Testcases.Bf_SpellCheckerTC - Logged in and clicked on Edit.
23:09:24.137 [TestNG-test=RetryMultipleFailedTestcases-196] INFO  Elements_Testcases.Bf_SpellCheckerTC - Logged in and clicked on Edit.
23:09:24.139 [TestNG-test=RetryMultipleFailedTestcases-193] INFO  Elements_Testcases.Bf_SpellCheckerTC - Starting test verifyMisspelledWordInVE.
23:09:24.139 [TestNG-test=RetryMultipleFailedTestcases-196] INFO  Elements_Testcases.Bf_SpellCheckerTC - Starting test verifySpellCheckClickable.
23:09:24.140 [TestNG-test=RetryMultipleFailedTestcases-196] INFO  Elements_Testcases.Bf_SpellCheckerTC - Logged in and clicked on Edit.
23:09:24.140 [TestNG-test=RetryMultipleFailedTestcases-193] INFO  Elements_Testcases.Bf_SpellCheckerTC - Logged in and clicked on Edit.
23:09:24.141 [TestNG-test=RetryMultipleFailedTestcases-196] INFO  Elements_Testcases.Bf_SpellCheckerTC - Starting test verifySpellCheckClickable.
23:09:24.142 [TestNG-test=RetryMultipleFailedTestcases-193] INFO  Elements_Testcases.Bf_SpellCheckerTC - Starting test verifyMisspelledWordInVE.
23:09:24.142 [TestNG-test=RetryMultipleFailedTestcases-193] INFO  Elements_Testcases.Bf_SpellCheckerTC - Logged in and clicked on Edit.
23:09:24.142 [TestNG-test=RetryMultipleFailedTestcases-196] INFO  Elements_Testcases.Bf_SpellCheckerTC - Logged in and clicked on Edit.
23:09:24.144 [TestNG-test=RetryMultipleFailedTestcases-196] INFO  Elements_Testcases.Bf_SpellCheckerTC - Starting test verifySpellCheckClickable.
23:09:24.145 [TestNG-test=RetryMultipleFailedTestcases-196] INFO  Elements_Testcases.Bf_SpellCheckerTC - Logged in and clicked on Edit.
23:09:24.152 [TestNG-test=RetryMultipleFailedTestcases-200] INFO  Elements_Testcases.B_TableTC - Starting verify_Insert_Table
23:09:24.153 [TestNG-test=RetryMultipleFailedTestcases-200] INFO  Elements_Testcases.B_TableTC - Logged in, searched for a file, and clicked Edit.
23:09:24.156 [TestNG-test=RetryMultipleFailedTestcases-201] INFO  Elements_Testcases.B_TableTC - Starting DeleteTableandVerify_ExistingTable
23:09:24.157 [TestNG-test=RetryMultipleFailedTestcases-202] INFO  Elements_Testcases.B_TableTC - Starting changeParaToTableAndVerify
23:09:24.157 [TestNG-test=RetryMultipleFailedTestcases-201] INFO  Elements_Testcases.B_TableTC - Logged in, searched for a file, and clicked Edit.
23:09:24.157 [TestNG-test=RetryMultipleFailedTestcases-202] INFO  Elements_Testcases.B_TableTC - Logged in, searched for a file, and clicked Edit.
23:09:24.158 [TestNG-test=RetryMultipleFailedTestcases-203] INFO  Elements_Testcases.B_TableTC - Starting verifyInsertRowAboveAndVerify ..
23:09:24.158 [TestNG-test=RetryMultipleFailedTestcases-203] INFO  Elements_Testcases.B_TableTC - Logged in, searched for a file, and clicked Edit.
23:09:24.163 [TestNG-test=RetryMultipleFailedTestcases-203] INFO  Elements_Testcases.B_TableTC - Starting verifyInsertRowAboveAndVerify ..
23:09:24.164 [TestNG-test=RetryMultipleFailedTestcases-203] INFO  Elements_Testcases.B_TableTC - Logged in, searched for a file, and clicked Edit.
23:09:24.166 [TestNG-test=RetryMultipleFailedTestcases-201] INFO  Elements_Testcases.B_TableTC - Starting DeleteTableandVerify_ExistingTable
23:09:24.166 [TestNG-test=RetryMultipleFailedTestcases-203] INFO  Elements_Testcases.B_TableTC - Starting verifyInsertRowAboveAndVerify ..
23:09:24.166 [TestNG-test=RetryMultipleFailedTestcases-200] INFO  Elements_Testcases.B_TableTC - Starting verify_Insert_Table
23:09:24.167 [TestNG-test=RetryMultipleFailedTestcases-202] INFO  Elements_Testcases.B_TableTC - Starting changeParaToTableAndVerify
23:09:24.167 [TestNG-test=RetryMultipleFailedTestcases-201] INFO  Elements_Testcases.B_TableTC - Logged in, searched for a file, and clicked Edit.
23:09:24.167 [TestNG-test=RetryMultipleFailedTestcases-200] INFO  Elements_Testcases.B_TableTC - Logged in, searched for a file, and clicked Edit.
23:09:24.168 [TestNG-test=RetryMultipleFailedTestcases-203] INFO  Elements_Testcases.B_TableTC - Logged in, searched for a file, and clicked Edit.
23:09:24.168 [TestNG-test=RetryMultipleFailedTestcases-202] INFO  Elements_Testcases.B_TableTC - Logged in, searched for a file, and clicked Edit.
23:09:24.169 [TestNG-test=RetryMultipleFailedTestcases-201] INFO  Elements_Testcases.B_TableTC - Starting DeleteTableandVerify_ExistingTable
23:09:24.169 [TestNG-test=RetryMultipleFailedTestcases-201] INFO  Elements_Testcases.B_TableTC - Logged in, searched for a file, and clicked Edit.
23:09:24.169 [TestNG-test=RetryMultipleFailedTestcases-202] INFO  Elements_Testcases.B_TableTC - Starting changeParaToTableAndVerify
23:09:24.170 [TestNG-test=RetryMultipleFailedTestcases-200] INFO  Elements_Testcases.B_TableTC - Starting verify_Insert_Table
23:09:24.170 [TestNG-test=RetryMultipleFailedTestcases-202] INFO  Elements_Testcases.B_TableTC - Logged in, searched for a file, and clicked Edit.
23:09:24.170 [TestNG-test=RetryMultipleFailedTestcases-203] INFO  Elements_Testcases.B_TableTC - Starting verifyInsertRowAboveAndVerify ..
23:09:24.170 [TestNG-test=RetryMultipleFailedTestcases-200] INFO  Elements_Testcases.B_TableTC - Logged in, searched for a file, and clicked Edit.
23:09:24.170 [TestNG-test=RetryMultipleFailedTestcases-203] INFO  Elements_Testcases.B_TableTC - Logged in, searched for a file, and clicked Edit.
23:09:24.170 [TestNG-test=RetryMultipleFailedTestcases-201] INFO  Elements_Testcases.B_TableTC - Starting DeleteTableandVerify_ExistingTable
23:09:24.171 [TestNG-test=RetryMultipleFailedTestcases-201] INFO  Elements_Testcases.B_TableTC - Logged in, searched for a file, and clicked Edit.
23:09:24.171 [TestNG-test=RetryMultipleFailedTestcases-202] INFO  Elements_Testcases.B_TableTC - Starting changeParaToTableAndVerify
23:09:24.171 [TestNG-test=RetryMultipleFailedTestcases-202] INFO  Elements_Testcases.B_TableTC - Logged in, searched for a file, and clicked Edit.
23:09:24.172 [TestNG-test=RetryMultipleFailedTestcases-200] INFO  Elements_Testcases.B_TableTC - Starting verify_Insert_Table
23:09:24.172 [TestNG-test=RetryMultipleFailedTestcases-200] INFO  Elements_Testcases.B_TableTC - Logged in, searched for a file, and clicked Edit.
23:09:24.175 [TestNG-test=RetryMultipleFailedTestcases-204] INFO  Elements_Testcases.B_TableTC - Starting verifyInsertColumnLeft
23:09:24.175 [TestNG-test=RetryMultipleFailedTestcases-207] INFO  Elements_Testcases.B_TableTC - Starting verifyInsertColumnRight
23:09:24.175 [TestNG-test=RetryMultipleFailedTestcases-205] INFO  Elements_Testcases.B_TableTC - Starting insertRowBelowAndVerify ..
23:09:24.175 [TestNG-test=RetryMultipleFailedTestcases-207] INFO  Elements_Testcases.B_TableTC - Logged in, searched for a file, and clicked Edit.
23:09:24.175 [TestNG-test=RetryMultipleFailedTestcases-204] INFO  Elements_Testcases.B_TableTC - Logged in, searched for a file, and clicked Edit.
23:09:24.176 [TestNG-test=RetryMultipleFailedTestcases-205] INFO  Elements_Testcases.B_TableTC - Logged in, searched for a file, and clicked Edit.
23:09:24.181 [TestNG-test=RetryMultipleFailedTestcases-204] INFO  Elements_Testcases.B_TableTC - Starting verifyInsertColumnLeft
23:09:24.181 [TestNG-test=RetryMultipleFailedTestcases-204] INFO  Elements_Testcases.B_TableTC - Logged in, searched for a file, and clicked Edit.
23:09:24.181 [TestNG-test=RetryMultipleFailedTestcases-207] INFO  Elements_Testcases.B_TableTC - Starting verifyInsertColumnRight
23:09:24.181 [TestNG-test=RetryMultipleFailedTestcases-207] INFO  Elements_Testcases.B_TableTC - Logged in, searched for a file, and clicked Edit.
23:09:24.181 [TestNG-test=RetryMultipleFailedTestcases-205] INFO  Elements_Testcases.B_TableTC - Starting insertRowBelowAndVerify ..
23:09:24.182 [TestNG-test=RetryMultipleFailedTestcases-206] INFO  Elements_Testcases.B_TableTC - Starting verifyChangeSectionHeadingTableAndVerify
23:09:24.182 [TestNG-test=RetryMultipleFailedTestcases-204] INFO  Elements_Testcases.B_TableTC - Starting verifyInsertColumnLeft
23:09:24.182 [TestNG-test=RetryMultipleFailedTestcases-207] INFO  Elements_Testcases.B_TableTC - Starting verifyInsertColumnRight
23:09:24.182 [TestNG-test=RetryMultipleFailedTestcases-205] INFO  Elements_Testcases.B_TableTC - Logged in, searched for a file, and clicked Edit.
23:09:24.183 [TestNG-test=RetryMultipleFailedTestcases-207] INFO  Elements_Testcases.B_TableTC - Logged in, searched for a file, and clicked Edit.
23:09:24.184 [TestNG-test=RetryMultipleFailedTestcases-204] INFO  Elements_Testcases.B_TableTC - Logged in, searched for a file, and clicked Edit.
23:09:24.184 [TestNG-test=RetryMultipleFailedTestcases-206] INFO  Elements_Testcases.B_TableTC - Logged in, searched for a file, and clicked Edit.
23:09:24.185 [TestNG-test=RetryMultipleFailedTestcases-207] INFO  Elements_Testcases.B_TableTC - Starting verifyInsertColumnRight
23:09:24.185 [TestNG-test=RetryMultipleFailedTestcases-205] INFO  Elements_Testcases.B_TableTC - Starting insertRowBelowAndVerify ..
23:09:24.186 [TestNG-test=RetryMultipleFailedTestcases-207] INFO  Elements_Testcases.B_TableTC - Logged in, searched for a file, and clicked Edit.
23:09:24.186 [TestNG-test=RetryMultipleFailedTestcases-204] INFO  Elements_Testcases.B_TableTC - Starting verifyInsertColumnLeft
23:09:24.186 [TestNG-test=RetryMultipleFailedTestcases-205] INFO  Elements_Testcases.B_TableTC - Logged in, searched for a file, and clicked Edit.
23:09:24.187 [TestNG-test=RetryMultipleFailedTestcases-204] INFO  Elements_Testcases.B_TableTC - Logged in, searched for a file, and clicked Edit.
23:09:24.188 [TestNG-test=RetryMultipleFailedTestcases-205] INFO  Elements_Testcases.B_TableTC - Starting insertRowBelowAndVerify ..
23:09:24.189 [TestNG-test=RetryMultipleFailedTestcases-205] INFO  Elements_Testcases.B_TableTC - Logged in, searched for a file, and clicked Edit.
23:09:24.191 [TestNG-test=RetryMultipleFailedTestcases-208] INFO  Elements_Testcases.B_TableTC - Logged in and searched for a file, then clicked Edit.
23:09:24.191 [TestNG-test=RetryMultipleFailedTestcases-206] INFO  Elements_Testcases.B_TableTC - Starting verifyChangeSectionHeadingTableAndVerify
23:09:24.192 [TestNG-test=RetryMultipleFailedTestcases-206] INFO  Elements_Testcases.B_TableTC - Logged in, searched for a file, and clicked Edit.
23:09:24.193 [TestNG-test=RetryMultipleFailedTestcases-209] INFO  Elements_Testcases.B_TableTC - Starting verifyDeleteExistingtTableBackspaceKey
23:09:24.193 [TestNG-test=RetryMultipleFailedTestcases-209] INFO  Elements_Testcases.B_TableTC - Logged in, searched for a file, and clicked Edit.
23:09:24.193 [TestNG-test=RetryMultipleFailedTestcases-206] INFO  Elements_Testcases.B_TableTC - Starting verifyChangeSectionHeadingTableAndVerify
23:09:24.193 [TestNG-test=RetryMultipleFailedTestcases-206] INFO  Elements_Testcases.B_TableTC - Logged in, searched for a file, and clicked Edit.
23:09:24.194 [TestNG-test=RetryMultipleFailedTestcases-206] INFO  Elements_Testcases.B_TableTC - Starting verifyChangeSectionHeadingTableAndVerify
23:09:24.195 [TestNG-test=RetryMultipleFailedTestcases-206] INFO  Elements_Testcases.B_TableTC - Logged in, searched for a file, and clicked Edit.
23:09:24.196 [TestNG-test=RetryMultipleFailedTestcases-210] INFO  Elements_Testcases.B_TableTC - Starting verifyDeleteNewTableAndCheckTC
23:09:24.196 [TestNG-test=RetryMultipleFailedTestcases-210] INFO  Elements_Testcases.B_TableTC - Logged in, searched for a file, and clicked Edit.
23:09:24.198 [TestNG-test=RetryMultipleFailedTestcases-211] INFO  Elements_Testcases.B_TableTC - Logged in and searched for a file, then clicked Edit.
23:09:24.200 [TestNG-test=RetryMultipleFailedTestcases-211] INFO  Elements_Testcases.B_TableTC - Logged in and searched for a file, then clicked Edit.
23:09:24.201 [TestNG-test=RetryMultipleFailedTestcases-209] INFO  Elements_Testcases.B_TableTC - Starting verifyDeleteExistingtTableBackspaceKey
23:09:24.201 [TestNG-test=RetryMultipleFailedTestcases-210] INFO  Elements_Testcases.B_TableTC - Starting verifyDeleteNewTableAndCheckTC
23:09:24.202 [TestNG-test=RetryMultipleFailedTestcases-209] INFO  Elements_Testcases.B_TableTC - Logged in, searched for a file, and clicked Edit.
23:09:24.202 [TestNG-test=RetryMultipleFailedTestcases-210] INFO  Elements_Testcases.B_TableTC - Logged in, searched for a file, and clicked Edit.
23:09:24.203 [TestNG-test=RetryMultipleFailedTestcases-209] INFO  Elements_Testcases.B_TableTC - Starting verifyDeleteExistingtTableBackspaceKey
23:09:24.203 [TestNG-test=RetryMultipleFailedTestcases-208] INFO  Elements_Testcases.B_TableTC - Logged in and searched for a file, then clicked Edit.
23:09:24.203 [TestNG-test=RetryMultipleFailedTestcases-209] INFO  Elements_Testcases.B_TableTC - Logged in, searched for a file, and clicked Edit.
23:09:24.203 [TestNG-test=RetryMultipleFailedTestcases-210] INFO  Elements_Testcases.B_TableTC - Starting verifyDeleteNewTableAndCheckTC
23:09:24.204 [TestNG-test=RetryMultipleFailedTestcases-210] INFO  Elements_Testcases.B_TableTC - Logged in, searched for a file, and clicked Edit.
23:09:24.204 [TestNG-test=RetryMultipleFailedTestcases-209] INFO  Elements_Testcases.B_TableTC - Starting verifyDeleteExistingtTableBackspaceKey
23:09:24.204 [TestNG-test=RetryMultipleFailedTestcases-209] INFO  Elements_Testcases.B_TableTC - Logged in, searched for a file, and clicked Edit.
23:09:24.205 [TestNG-test=RetryMultipleFailedTestcases-211] INFO  Elements_Testcases.B_TableTC - Logged in and searched for a file, then clicked Edit.
23:09:24.206 [TestNG-test=RetryMultipleFailedTestcases-210] INFO  Elements_Testcases.B_TableTC - Starting verifyDeleteNewTableAndCheckTC
23:09:24.206 [TestNG-test=RetryMultipleFailedTestcases-210] INFO  Elements_Testcases.B_TableTC - Logged in, searched for a file, and clicked Edit.
23:09:24.208 [TestNG-test=RetryMultipleFailedTestcases-208] INFO  Elements_Testcases.B_TableTC - Logged in and searched for a file, then clicked Edit.
23:09:24.210 [TestNG-test=RetryMultipleFailedTestcases-213] INFO  Elements_Testcases.B_TableTC - Starting DeleteRow_ExistingTable
23:09:24.210 [TestNG-test=RetryMultipleFailedTestcases-211] INFO  Elements_Testcases.B_TableTC - Logged in and searched for a file, then clicked Edit.
23:09:24.210 [TestNG-test=RetryMultipleFailedTestcases-213] INFO  Elements_Testcases.B_TableTC - Logged in, searched for a file, and clicked Edit.
23:09:24.211 [TestNG-test=RetryMultipleFailedTestcases-208] INFO  Elements_Testcases.B_TableTC - Logged in and searched for a file, then clicked Edit.
23:09:24.212 [TestNG-test=RetryMultipleFailedTestcases-213] INFO  Elements_Testcases.B_TableTC - Starting DeleteRow_ExistingTable
23:09:24.214 [TestNG-test=RetryMultipleFailedTestcases-213] INFO  Elements_Testcases.B_TableTC - Logged in, searched for a file, and clicked Edit.
23:09:24.214 [TestNG-test=RetryMultipleFailedTestcases-214] INFO  Elements_Testcases.B_TableTC - Starting verifyInsertImgNewTableAndDeleteImg
23:09:24.215 [TestNG-test=RetryMultipleFailedTestcases-214] INFO  Elements_Testcases.B_TableTC - Logged in, searched for a file, and clicked Edit.
23:09:24.215 [TestNG-test=RetryMultipleFailedTestcases-213] INFO  Elements_Testcases.B_TableTC - Starting DeleteRow_ExistingTable
23:09:24.215 [TestNG-test=RetryMultipleFailedTestcases-213] INFO  Elements_Testcases.B_TableTC - Logged in, searched for a file, and clicked Edit.
23:09:24.216 [TestNG-test=RetryMultipleFailedTestcases-214] INFO  Elements_Testcases.B_TableTC - Starting verifyInsertImgNewTableAndDeleteImg
23:09:24.216 [TestNG-test=RetryMultipleFailedTestcases-213] INFO  Elements_Testcases.B_TableTC - Starting DeleteRow_ExistingTable
23:09:24.217 [TestNG-test=RetryMultipleFailedTestcases-214] INFO  Elements_Testcases.B_TableTC - Logged in, searched for a file, and clicked Edit.
23:09:24.217 [TestNG-test=RetryMultipleFailedTestcases-213] INFO  Elements_Testcases.B_TableTC - Logged in, searched for a file, and clicked Edit.
23:09:24.218 [TestNG-test=RetryMultipleFailedTestcases-214] INFO  Elements_Testcases.B_TableTC - Starting verifyInsertImgNewTableAndDeleteImg
23:09:24.219 [TestNG-test=RetryMultipleFailedTestcases-214] INFO  Elements_Testcases.B_TableTC - Logged in, searched for a file, and clicked Edit.
23:09:24.220 [TestNG-test=RetryMultipleFailedTestcases-214] INFO  Elements_Testcases.B_TableTC - Starting verifyInsertImgNewTableAndDeleteImg
23:09:24.221 [TestNG-test=RetryMultipleFailedTestcases-214] INFO  Elements_Testcases.B_TableTC - Logged in, searched for a file, and clicked Edit.
23:09:24.296 [TestNG-test=RetryMultipleFailedTestcases-232] INFO  Elements_Testcases.B_TableTC - Starting verifymergeRowRightNewTable
23:09:24.296 [TestNG-test=RetryMultipleFailedTestcases-233] INFO  Elements_Testcases.B_TableTC - Starting verifymergeColumnBellowNewTable
23:09:24.296 [TestNG-test=RetryMultipleFailedTestcases-232] INFO  Elements_Testcases.B_TableTC - Logged in, searched for a file, and clicked Edit.
23:09:24.297 [TestNG-test=RetryMultipleFailedTestcases-233] INFO  Elements_Testcases.B_TableTC - Logged in, searched for a file, and clicked Edit.
23:09:24.298 [TestNG-test=RetryMultipleFailedTestcases-232] INFO  Elements_Testcases.B_TableTC - Starting verifymergeRowRightNewTable
23:09:24.298 [TestNG-test=RetryMultipleFailedTestcases-232] INFO  Elements_Testcases.B_TableTC - Logged in, searched for a file, and clicked Edit.
23:09:24.298 [TestNG-test=RetryMultipleFailedTestcases-233] INFO  Elements_Testcases.B_TableTC - Starting verifymergeColumnBellowNewTable
23:09:24.298 [TestNG-test=RetryMultipleFailedTestcases-233] INFO  Elements_Testcases.B_TableTC - Logged in, searched for a file, and clicked Edit.
23:09:24.300 [TestNG-test=RetryMultipleFailedTestcases-232] INFO  Elements_Testcases.B_TableTC - Starting verifymergeRowRightNewTable
23:09:24.301 [TestNG-test=RetryMultipleFailedTestcases-232] INFO  Elements_Testcases.B_TableTC - Logged in, searched for a file, and clicked Edit.
23:09:24.499 [TestNG-test=RetryMultipleFailedTestcases-233] INFO  Elements_Testcases.B_TableTC - Starting verifymergeColumnBellowNewTable
23:09:24.500 [TestNG-test=RetryMultipleFailedTestcases-233] INFO  Elements_Testcases.B_TableTC - Logged in, searched for a file, and clicked Edit.
23:09:24.500 [TestNG-test=RetryMultipleFailedTestcases-234] INFO  Elements_Testcases.J_BasicTextStylingTC - Starting verifyEmphasisForSectionHeading ..
23:09:24.501 [TestNG-test=RetryMultipleFailedTestcases-232] INFO  Elements_Testcases.B_TableTC - Starting verifymergeRowRightNewTable
23:09:24.501 [TestNG-test=RetryMultipleFailedTestcases-233] INFO  Elements_Testcases.B_TableTC - Starting verifymergeColumnBellowNewTable
23:09:24.502 [TestNG-test=RetryMultipleFailedTestcases-232] INFO  Elements_Testcases.B_TableTC - Logged in, searched for a file, and clicked Edit.
23:09:24.502 [TestNG-test=RetryMultipleFailedTestcases-233] INFO  Elements_Testcases.B_TableTC - Logged in, searched for a file, and clicked Edit.
23:09:24.506 [TestNG-test=RetryMultipleFailedTestcases-236] INFO  Elements_Testcases.J_BasicTextStylingTC - Starting verifyEmphasisStyleEnableFromToolbar ..
23:09:24.506 [TestNG-test=RetryMultipleFailedTestcases-237] INFO  Elements_Testcases.J_BasicTextStylingTC - Starting verifySelectParaContentApplyEmphasis ..
23:09:24.507 [TestNG-test=RetryMultipleFailedTestcases-234] INFO  Elements_Testcases.J_BasicTextStylingTC - Starting verifyEmphasisForSectionHeading ..
23:09:24.508 [TestNG-test=RetryMultipleFailedTestcases-237] INFO  Elements_Testcases.J_BasicTextStylingTC - Starting verifySelectParaContentApplyEmphasis ..
23:09:24.508 [TestNG-test=RetryMultipleFailedTestcases-236] INFO  Elements_Testcases.J_BasicTextStylingTC - Starting verifyEmphasisStyleEnableFromToolbar ..
23:09:24.509 [TestNG-test=RetryMultipleFailedTestcases-234] INFO  Elements_Testcases.J_BasicTextStylingTC - Starting verifyEmphasisForSectionHeading ..
23:09:24.510 [TestNG-test=RetryMultipleFailedTestcases-237] INFO  Elements_Testcases.J_BasicTextStylingTC - Starting verifySelectParaContentApplyEmphasis ..
23:09:24.510 [TestNG-test=RetryMultipleFailedTestcases-235] INFO  Elements_Testcases.M_AlignmentTC - Starting verifyAlignmentForTableCell ..
23:09:24.511 [TestNG-test=RetryMultipleFailedTestcases-235] INFO  Elements_Testcases.M_AlignmentTC - Logged in, searched for a file, and clicked Edit.
23:09:24.511 [TestNG-test=RetryMultipleFailedTestcases-234] INFO  Elements_Testcases.J_BasicTextStylingTC - Starting verifyEmphasisForSectionHeading ..
23:09:24.512 [TestNG-test=RetryMultipleFailedTestcases-236] INFO  Elements_Testcases.J_BasicTextStylingTC - Starting verifyEmphasisStyleEnableFromToolbar ..
23:09:24.512 [TestNG-test=RetryMultipleFailedTestcases-237] INFO  Elements_Testcases.J_BasicTextStylingTC - Starting verifySelectParaContentApplyEmphasis ..
23:09:24.514 [TestNG-test=RetryMultipleFailedTestcases-236] INFO  Elements_Testcases.J_BasicTextStylingTC - Starting verifyEmphasisStyleEnableFromToolbar ..
23:09:24.515 [TestNG-test=RetryMultipleFailedTestcases-235] INFO  Elements_Testcases.M_AlignmentTC - Starting verifyAlignmentForTableCell ..
23:09:24.516 [TestNG-test=RetryMultipleFailedTestcases-235] INFO  Elements_Testcases.M_AlignmentTC - Logged in, searched for a file, and clicked Edit.
23:09:24.517 [TestNG-test=RetryMultipleFailedTestcases-239] INFO  Elements_Testcases.N_AutoSequencenumberingTC - Starting verifyInsertNewSectioWithNumberCheckResequencing ..
23:09:24.518 [TestNG-test=RetryMultipleFailedTestcases-235] INFO  Elements_Testcases.M_AlignmentTC - Starting verifyAlignmentForTableCell ..
23:09:24.518 [TestNG-test=RetryMultipleFailedTestcases-238] INFO  Elements_Testcases.N_AutoSequencenumberingTC - Starting Verify_NewSectionNumberIsNotDeleted ..
23:09:24.518 [TestNG-test=RetryMultipleFailedTestcases-240] INFO  Elements_Testcases.N_AutoSequencenumberingTC - Starting verifyinsertAfterSectionSubHeading ..
23:09:24.520 [TestNG-test=RetryMultipleFailedTestcases-235] INFO  Elements_Testcases.M_AlignmentTC - Logged in, searched for a file, and clicked Edit.
23:09:24.521 [TestNG-test=RetryMultipleFailedTestcases-235] INFO  Elements_Testcases.M_AlignmentTC - Starting verifyAlignmentForTableCell ..
23:09:24.522 [TestNG-test=RetryMultipleFailedTestcases-235] INFO  Elements_Testcases.M_AlignmentTC - Logged in, searched for a file, and clicked Edit.
23:09:24.523 [TestNG-test=RetryMultipleFailedTestcases-239] INFO  Elements_Testcases.N_AutoSequencenumberingTC - Starting verifyInsertNewSectioWithNumberCheckResequencing ..
23:09:24.523 [TestNG-test=RetryMultipleFailedTestcases-238] INFO  Elements_Testcases.N_AutoSequencenumberingTC - Starting Verify_NewSectionNumberIsNotDeleted ..
23:09:24.524 [TestNG-test=RetryMultipleFailedTestcases-240] INFO  Elements_Testcases.N_AutoSequencenumberingTC - Starting verifyinsertAfterSectionSubHeading ..
23:09:24.525 [TestNG-test=RetryMultipleFailedTestcases-238] INFO  Elements_Testcases.N_AutoSequencenumberingTC - Starting Verify_NewSectionNumberIsNotDeleted ..
23:09:24.530 [TestNG-test=RetryMultipleFailedTestcases-239] INFO  Elements_Testcases.N_AutoSequencenumberingTC - Starting verifyInsertNewSectioWithNumberCheckResequencing ..
23:09:24.531 [TestNG-test=RetryMultipleFailedTestcases-241] INFO  Elements_Testcases.P_ViewTitleCMSTC - Starting verifyAssignFileDropDownSearchFiled
23:09:24.531 [TestNG-test=RetryMultipleFailedTestcases-239] INFO  Elements_Testcases.N_AutoSequencenumberingTC - Starting verifyInsertNewSectioWithNumberCheckResequencing ..
23:09:24.531 [TestNG-test=RetryMultipleFailedTestcases-238] INFO  Elements_Testcases.N_AutoSequencenumberingTC - Starting Verify_NewSectionNumberIsNotDeleted ..
23:09:24.532 [TestNG-test=RetryMultipleFailedTestcases-240] INFO  Elements_Testcases.N_AutoSequencenumberingTC - Starting verifyinsertAfterSectionSubHeading ..
23:09:24.536 [TestNG-test=RetryMultipleFailedTestcases-241] INFO  Elements_Testcases.P_ViewTitleCMSTC - Starting verifyAssignFileDropDownSearchFiled
23:09:24.536 [TestNG-test=RetryMultipleFailedTestcases-240] INFO  Elements_Testcases.N_AutoSequencenumberingTC - Starting verifyinsertAfterSectionSubHeading ..
23:09:24.537 [TestNG-test=RetryMultipleFailedTestcases-241] INFO  Elements_Testcases.P_ViewTitleCMSTC - Starting verifyAssignFileDropDownSearchFiled
23:09:24.538 [TestNG-test=RetryMultipleFailedTestcases-242] INFO  Elements_Testcases.P_ViewTitleCMSTC - Starting verifyFileAssignButton
23:09:24.538 [TestNG-test=RetryMultipleFailedTestcases-241] INFO  Elements_Testcases.P_ViewTitleCMSTC - Starting verifyAssignFileDropDownSearchFiled
23:09:24.539 [TestNG-test=RetryMultipleFailedTestcases-242] INFO  Elements_Testcases.P_ViewTitleCMSTC - Starting verifyFileAssignButton
23:09:24.541 [TestNG-test=RetryMultipleFailedTestcases-243] INFO  Elements_Testcases.S_CopyPasteTC - Starting verifyCopyPasteExistingImgElement ..
23:09:24.541 [TestNG-test=RetryMultipleFailedTestcases-243] INFO  Elements_Testcases.S_CopyPasteTC - Logged in and searched for a file, then clicked Edit.
23:09:24.542 [TestNG-test=RetryMultipleFailedTestcases-242] INFO  Elements_Testcases.P_ViewTitleCMSTC - Starting verifyFileAssignButton
23:09:24.545 [TestNG-test=RetryMultipleFailedTestcases-242] INFO  Elements_Testcases.P_ViewTitleCMSTC - Starting verifyFileAssignButton
23:09:24.555 [TestNG-test=RetryMultipleFailedTestcases-243] INFO  Elements_Testcases.S_CopyPasteTC - Starting verifyCopyPasteExistingImgElement ..
23:09:24.557 [TestNG-test=RetryMultipleFailedTestcases-243] INFO  Elements_Testcases.S_CopyPasteTC - Logged in and searched for a file, then clicked Edit.
23:09:24.558 [TestNG-test=RetryMultipleFailedTestcases-243] INFO  Elements_Testcases.S_CopyPasteTC - Starting verifyCopyPasteExistingImgElement ..
23:09:24.559 [TestNG-test=RetryMultipleFailedTestcases-243] INFO  Elements_Testcases.S_CopyPasteTC - Logged in and searched for a file, then clicked Edit.
23:09:24.673 [TestNG-test=RetryMultipleFailedTestcases-243] INFO  Elements_Testcases.S_CopyPasteTC - Starting verifyCopyPasteExistingImgElement ..
23:09:24.674 [TestNG-test=RetryMultipleFailedTestcases-243] INFO  Elements_Testcases.S_CopyPasteTC - Logged in and searched for a file, then clicked Edit.
23:09:24.677 [TestNG-test=RetryMultipleFailedTestcases-249] INFO  Elements_Testcases.Y_CommentTC - Starting verifyAddCommentToDocument ..
23:09:24.677 [TestNG-test=RetryMultipleFailedTestcases-250] INFO  Elements_Testcases.Y_CommentTC - Starting verifyAddCommentToDocumentCheckAnnotation ..
23:09:24.680 [TestNG-test=RetryMultipleFailedTestcases-251] INFO  Elements_Testcases.Y_CommentTC - Starting verifyCommentDisplayDefaultOrder
23:09:24.680 [TestNG-test=RetryMultipleFailedTestcases-251] INFO  Elements_Testcases.Y_CommentTC - Logged in, searched for a file, and clicked Edit.
23:09:24.682 [TestNG-test=RetryMultipleFailedTestcases-252] INFO  Elements_Testcases.Y_CommentTC - Starting verify_AddCommentEditReply ..
23:09:24.684 [TestNG-test=RetryMultipleFailedTestcases-249] INFO  Elements_Testcases.Y_CommentTC - Starting verifyAddCommentToDocument ..
23:09:24.684 [TestNG-test=RetryMultipleFailedTestcases-250] INFO  Elements_Testcases.Y_CommentTC - Starting verifyAddCommentToDocumentCheckAnnotation ..
23:09:24.684 [TestNG-test=RetryMultipleFailedTestcases-251] INFO  Elements_Testcases.Y_CommentTC - Starting verifyCommentDisplayDefaultOrder
23:09:24.685 [TestNG-test=RetryMultipleFailedTestcases-251] INFO  Elements_Testcases.Y_CommentTC - Logged in, searched for a file, and clicked Edit.
23:09:24.686 [TestNG-test=RetryMultipleFailedTestcases-250] INFO  Elements_Testcases.Y_CommentTC - Starting verifyAddCommentToDocumentCheckAnnotation ..
23:09:24.686 [TestNG-test=RetryMultipleFailedTestcases-252] INFO  Elements_Testcases.Y_CommentTC - Starting verify_AddCommentEditReply ..
23:09:24.686 [TestNG-test=RetryMultipleFailedTestcases-249] INFO  Elements_Testcases.Y_CommentTC - Starting verifyAddCommentToDocument ..
23:09:24.687 [TestNG-test=RetryMultipleFailedTestcases-251] INFO  Elements_Testcases.Y_CommentTC - Starting verifyCommentDisplayDefaultOrder
23:09:24.687 [TestNG-test=RetryMultipleFailedTestcases-251] INFO  Elements_Testcases.Y_CommentTC - Logged in, searched for a file, and clicked Edit.
