20:40:16.380 [TestNG-test=RetryMultipleFailedTestcases-2] INFO  sprint6_TestCases.HD_FootnoteTrackChangesTC - Initialized HD_FootnoteTrackChanges object.
20:40:16.406 [TestNG-test=RetryMultipleFailedTestcases-2] INFO  sprint6_TestCases.HD_FootnoteTrackChangesTC - Switched to frame 0.
20:40:17.003 [TestNG-test=RetryMultipleFailedTestcases-2] INFO  sprint6_TestCases.HD_FootnoteTrackChangesTC - Clicked on VE first paragraph.
20:40:17.066 [TestNG-test=RetryMultipleFailedTestcases-2] INFO  sprint6_TestCases.HD_FootnoteTrackChangesTC - Switched back to default content.
20:40:17.690 [TestNG-test=RetryMultipleFailedTestcases-2] INFO  sprint6_TestCases.HD_FootnoteTrackChangesTC - Clicked on the footnote plugin.
20:40:23.147 [TestNG-test=RetryMultipleFailedTestcases-1] INFO  sprint6_TestCases.HD_FootnoteTrackChangesTC - Starting the test TC548_verify_AddFootnote_AcceptChange
20:40:23.181 [TestNG-test=RetryMultipleFailedTestcases-2] INFO  sprint6_TestCases.HD_FootnoteTrackChangesTC - Clicked on the new footnote box.
20:40:23.260 [TestNG-test=RetryMultipleFailedTestcases-2] INFO  sprint6_TestCases.HD_FootnoteTrackChangesTC - Entered 'This is a footnote' using Actions.
20:40:24.098 [TestNG-test=RetryMultipleFailedTestcases-2] INFO  sprint6_TestCases.HD_FootnoteTrackChangesTC - Clicked on the footnote OK button.
20:40:25.106 [TestNG-test=RetryMultipleFailedTestcases-2] INFO  sprint6_TestCases.HD_FootnoteTrackChangesTC - Clicked on 'Track Change'.
20:40:25.124 [TestNG-test=RetryMultipleFailedTestcases-2] INFO  sprint6_TestCases.HD_FootnoteTrackChangesTC - Switched to frame 0.
20:40:25.668 [TestNG-test=RetryMultipleFailedTestcases-2] INFO  sprint6_TestCases.HD_FootnoteTrackChangesTC - Clicked on editor footnote.
20:40:25.716 [TestNG-test=RetryMultipleFailedTestcases-2] INFO  sprint6_TestCases.HD_FootnoteTrackChangesTC - Switched back to default content.
20:40:25.775 [TestNG-test=RetryMultipleFailedTestcases-2] INFO  sprint6_TestCases.HD_FootnoteTrackChangesTC - Data card is displayed.
20:40:25.842 [TestNG-test=RetryMultipleFailedTestcases-2] INFO  sprint6_TestCases.HD_FootnoteTrackChangesTC - Track change Accept change is displayed.
20:40:25.901 [TestNG-test=RetryMultipleFailedTestcases-2] INFO  sprint6_TestCases.HD_FootnoteTrackChangesTC - Track change Reject change is displayed.
20:40:26.383 [TestNG-test=RetryMultipleFailedTestcases-2] INFO  sprint6_TestCases.HD_FootnoteTrackChangesTC - Clicked on the save button.
20:40:26.432 [TestNG-test=RetryMultipleFailedTestcases-2] INFO  sprint6_TestCases.HD_FootnoteTrackChangesTC - Refreshed the page.
20:40:26.439 [TestNG-test=RetryMultipleFailedTestcases-2] INFO  sprint6_TestCases.HD_FootnoteTrackChangesTC - Clicked on accept the popup.
20:40:31.863 [TestNG-test=RetryMultipleFailedTestcases-2] INFO  sprint6_TestCases.HD_FootnoteTrackChangesTC - Clicked on 'Track Change' again.
20:40:31.885 [TestNG-test=RetryMultipleFailedTestcases-2] INFO  sprint6_TestCases.HD_FootnoteTrackChangesTC - Switched to frame 0.
20:40:32.979 [TestNG-test=RetryMultipleFailedTestcases-2] INFO  sprint6_TestCases.HD_FootnoteTrackChangesTC - Clicked on editor footnote.
20:40:33.051 [TestNG-test=RetryMultipleFailedTestcases-2] INFO  sprint6_TestCases.HD_FootnoteTrackChangesTC - Switched back to default content.
20:40:34.988 [TestNG-test=RetryMultipleFailedTestcases-4] INFO  sprint6_TestCases.HD_FootnoteTrackChangesTC - Logged in and searched for the file, then clicked on edit.
20:40:34.988 [TestNG-test=RetryMultipleFailedTestcases-4] INFO  sprint6_TestCases.HD_FootnoteTrackChangesTC - Initialized HD_FootnoteTrackChanges object.
20:40:35.004 [TestNG-test=RetryMultipleFailedTestcases-4] INFO  sprint6_TestCases.HD_FootnoteTrackChangesTC - Switched to frame 0.
20:40:35.526 [TestNG-test=RetryMultipleFailedTestcases-4] INFO  sprint6_TestCases.HD_FootnoteTrackChangesTC - Clicked on VE first paragraph.
20:40:35.592 [TestNG-test=RetryMultipleFailedTestcases-4] INFO  sprint6_TestCases.HD_FootnoteTrackChangesTC - Switched back to default content.
20:40:36.191 [TestNG-test=RetryMultipleFailedTestcases-4] INFO  sprint6_TestCases.HD_FootnoteTrackChangesTC - Clicked on the footnote plugin.
20:40:41.128 [TestNG-test=RetryMultipleFailedTestcases-2] INFO  sprint6_TestCases.HD_FootnoteTrackChangesTC - Starting the test TC545_verify_AddFootnote_Refresh_CheckTC
20:40:41.435 [TestNG-test=RetryMultipleFailedTestcases-4] INFO  sprint6_TestCases.HD_FootnoteTrackChangesTC - Clicked on the new footnote box.
20:40:41.595 [TestNG-test=RetryMultipleFailedTestcases-4] INFO  sprint6_TestCases.HD_FootnoteTrackChangesTC - Entered 'This is a footnote' using Actions.
20:40:42.330 [TestNG-test=RetryMultipleFailedTestcases-4] INFO  sprint6_TestCases.HD_FootnoteTrackChangesTC - Clicked on the footnote OK button.
20:40:43.495 [TestNG-test=RetryMultipleFailedTestcases-4] INFO  sprint6_TestCases.HD_FootnoteTrackChangesTC - Clicked on 'Track Change'.
20:40:43.514 [TestNG-test=RetryMultipleFailedTestcases-4] INFO  sprint6_TestCases.HD_FootnoteTrackChangesTC - Switched to frame 0.
20:40:44.434 [TestNG-test=RetryMultipleFailedTestcases-4] INFO  sprint6_TestCases.HD_FootnoteTrackChangesTC - Clicked on editor footnote.
20:40:44.532 [TestNG-test=RetryMultipleFailedTestcases-4] INFO  sprint6_TestCases.HD_FootnoteTrackChangesTC - Switched back to default content.
20:40:44.674 [TestNG-test=RetryMultipleFailedTestcases-4] INFO  sprint6_TestCases.HD_FootnoteTrackChangesTC - Data card is displayed.
20:40:44.719 [TestNG-test=RetryMultipleFailedTestcases-4] INFO  sprint6_TestCases.HD_FootnoteTrackChangesTC - Verified the footnote label text: Added - This is a footnote (footnote 1) (1)
20:40:44.719 [TestNG-test=RetryMultipleFailedTestcases-4] INFO  sprint6_TestCases.HD_FootnoteTrackChangesTC - Test TC546_verify_CheckTC_FootnoteLabel completed.
20:40:45.953 [TestNG-test=RetryMultipleFailedTestcases-3] INFO  sprint6_TestCases.HD_FootnoteTrackChangesTC - Logged in and searched for the file, then clicked on edit.
20:40:45.953 [TestNG-test=RetryMultipleFailedTestcases-3] INFO  sprint6_TestCases.HD_FootnoteTrackChangesTC - Initialized HD_FootnoteTrackChanges object.
20:40:45.971 [TestNG-test=RetryMultipleFailedTestcases-3] INFO  sprint6_TestCases.HD_FootnoteTrackChangesTC - Switched to frame 0.
20:40:46.521 [TestNG-test=RetryMultipleFailedTestcases-3] INFO  sprint6_TestCases.HD_FootnoteTrackChangesTC - Clicked on VE first paragraph.
20:40:46.568 [TestNG-test=RetryMultipleFailedTestcases-3] INFO  sprint6_TestCases.HD_FootnoteTrackChangesTC - Switched back to default content.
20:40:47.031 [TestNG-test=RetryMultipleFailedTestcases-3] INFO  sprint6_TestCases.HD_FootnoteTrackChangesTC - Clicked on the footnote plugin.
20:40:50.632 [TestNG-test=RetryMultipleFailedTestcases-3] INFO  sprint6_TestCases.HD_FootnoteTrackChangesTC - Clicked on the new footnote box.
20:40:50.743 [TestNG-test=RetryMultipleFailedTestcases-3] INFO  sprint6_TestCases.HD_FootnoteTrackChangesTC - Entered 'This is a footnote' using Actions.
20:40:51.786 [TestNG-test=RetryMultipleFailedTestcases-4] INFO  sprint6_TestCases.HD_FootnoteTrackChangesTC - Starting the test TC549_verify_AddFootnote_RejectChange
20:40:52.000 [TestNG-test=RetryMultipleFailedTestcases-3] INFO  sprint6_TestCases.HD_FootnoteTrackChangesTC - Clicked on the footnote OK button.
20:40:53.400 [TestNG-test=RetryMultipleFailedTestcases-3] INFO  sprint6_TestCases.HD_FootnoteTrackChangesTC - Clicked on 'Track Change'.
20:40:53.445 [TestNG-test=RetryMultipleFailedTestcases-3] INFO  sprint6_TestCases.HD_FootnoteTrackChangesTC - Switched to frame 0.
20:40:54.526 [TestNG-test=RetryMultipleFailedTestcases-3] INFO  sprint6_TestCases.HD_FootnoteTrackChangesTC - Clicked on editor footnote.
20:40:54.716 [TestNG-test=RetryMultipleFailedTestcases-3] INFO  sprint6_TestCases.HD_FootnoteTrackChangesTC - Switched back to default content.
20:40:54.867 [TestNG-test=RetryMultipleFailedTestcases-3] INFO  sprint6_TestCases.HD_FootnoteTrackChangesTC - Data card is displayed.
20:40:55.048 [TestNG-test=RetryMultipleFailedTestcases-3] INFO  sprint6_TestCases.HD_FootnoteTrackChangesTC - Verified the footnote label text: Added - This is a footnote (footnote 1) (1)
20:40:56.636 [TestNG-test=RetryMultipleFailedTestcases-3] INFO  sprint6_TestCases.HD_FootnoteTrackChangesTC - Clicked on 'Accept Change' for the footnote.
20:40:58.527 [TestNG-test=RetryMultipleFailedTestcases-3] INFO  sprint6_TestCases.HD_FootnoteTrackChangesTC - Right-clicked on editor footnote.
20:40:59.082 [TestNG-test=RetryMultipleFailedTestcases-3] INFO  sprint6_TestCases.HD_FootnoteTrackChangesTC - Clicked on 'Remove Element Block'.
20:40:59.367 [TestNG-test=RetryMultipleFailedTestcases-3] INFO  sprint6_TestCases.HD_FootnoteTrackChangesTC - Data card is removed.
20:40:59.458 [TestNG-test=RetryMultipleFailedTestcases-3] INFO  sprint6_TestCases.HD_FootnoteTrackChangesTC - Verified the deleted footnote label text: Deleted - This is a footnote (footnote 1)
20:40:59.459 [TestNG-test=RetryMultipleFailedTestcases-3] INFO  sprint6_TestCases.HD_FootnoteTrackChangesTC - Test TC547_verify_DeleteFootnote_CheckTC completed.
20:41:02.015 [TestNG-test=RetryMultipleFailedTestcases-1] INFO  sprint6_TestCases.HD_FootnoteTrackChangesTC - Logged in and searched for the file, then clicked on edit.
20:41:02.015 [TestNG-test=RetryMultipleFailedTestcases-1] INFO  sprint6_TestCases.HD_FootnoteTrackChangesTC - Initialized HD_FootnoteTrackChanges object.
20:41:02.034 [TestNG-test=RetryMultipleFailedTestcases-1] INFO  sprint6_TestCases.HD_FootnoteTrackChangesTC - Switched to frame 0.
20:41:02.687 [TestNG-test=RetryMultipleFailedTestcases-1] INFO  sprint6_TestCases.HD_FootnoteTrackChangesTC - Clicked on VE first paragraph.
20:41:02.734 [TestNG-test=RetryMultipleFailedTestcases-1] INFO  sprint6_TestCases.HD_FootnoteTrackChangesTC - Switched back to default content.
20:41:03.797 [TestNG-test=RetryMultipleFailedTestcases-1] INFO  sprint6_TestCases.HD_FootnoteTrackChangesTC - Clicked on the footnote plugin.
20:41:07.584 [TestNG-test=RetryMultipleFailedTestcases-1] INFO  sprint6_TestCases.HD_FootnoteTrackChangesTC - Clicked on the new footnote box.
20:41:07.728 [TestNG-test=RetryMultipleFailedTestcases-1] INFO  sprint6_TestCases.HD_FootnoteTrackChangesTC - Entered 'This is a footnote' using Actions.
20:41:07.994 [TestNG-test=RetryMultipleFailedTestcases-3] INFO  sprint6_TestCases.HD_FootnoteTrackChangesTC - Starting the test TC552_SelectFootnoteWithContent_Backspace_CheckTC
20:41:08.754 [TestNG-test=RetryMultipleFailedTestcases-1] INFO  sprint6_TestCases.HD_FootnoteTrackChangesTC - Clicked on the footnote OK button.
20:41:09.793 [TestNG-test=RetryMultipleFailedTestcases-1] INFO  sprint6_TestCases.HD_FootnoteTrackChangesTC - Clicked on 'Track Change'.
20:41:09.813 [TestNG-test=RetryMultipleFailedTestcases-1] INFO  sprint6_TestCases.HD_FootnoteTrackChangesTC - Switched to frame 0.
20:41:10.378 [TestNG-test=RetryMultipleFailedTestcases-1] INFO  sprint6_TestCases.HD_FootnoteTrackChangesTC - Clicked on editor footnote.
20:41:10.444 [TestNG-test=RetryMultipleFailedTestcases-1] INFO  sprint6_TestCases.HD_FootnoteTrackChangesTC - Switched back to default content.
20:41:10.510 [TestNG-test=RetryMultipleFailedTestcases-1] INFO  sprint6_TestCases.HD_FootnoteTrackChangesTC - Data card is displayed.
20:41:10.552 [TestNG-test=RetryMultipleFailedTestcases-1] INFO  sprint6_TestCases.HD_FootnoteTrackChangesTC - Verified the footnote label text: Added - This is a footnote (footnote 1) (1)
20:41:11.838 [TestNG-test=RetryMultipleFailedTestcases-1] INFO  sprint6_TestCases.HD_FootnoteTrackChangesTC - Clicked on 'Accept Change' for the footnote.
20:41:13.627 [TestNG-test=RetryMultipleFailedTestcases-2] INFO  sprint6_TestCases.HD_FootnoteTrackChangesTC - Logged in and searched for the file, then clicked on edit.
20:41:13.627 [TestNG-test=RetryMultipleFailedTestcases-2] INFO  sprint6_TestCases.HD_FootnoteTrackChangesTC - Initialized HD_FootnoteTrackChanges object.
20:41:13.648 [TestNG-test=RetryMultipleFailedTestcases-2] INFO  sprint6_TestCases.HD_FootnoteTrackChangesTC - Switched to frame 0.
20:41:14.024 [TestNG-test=RetryMultipleFailedTestcases-2] INFO  sprint6_TestCases.HD_FootnoteTrackChangesTC - Clicked on VE first paragraph.
20:41:14.052 [TestNG-test=RetryMultipleFailedTestcases-2] INFO  sprint6_TestCases.HD_FootnoteTrackChangesTC - Switched back to default content.
20:41:14.393 [TestNG-test=RetryMultipleFailedTestcases-2] INFO  sprint6_TestCases.HD_FootnoteTrackChangesTC - Clicked on the footnote plugin.
20:41:18.472 [TestNG-test=RetryMultipleFailedTestcases-2] INFO  sprint6_TestCases.HD_FootnoteTrackChangesTC - Clicked on the new footnote box.
20:41:18.541 [TestNG-test=RetryMultipleFailedTestcases-2] INFO  sprint6_TestCases.HD_FootnoteTrackChangesTC - Entered 'This is a footnote' using Actions.
20:41:19.344 [TestNG-test=RetryMultipleFailedTestcases-2] INFO  sprint6_TestCases.HD_FootnoteTrackChangesTC - Clicked on the footnote OK button.
20:41:21.051 [TestNG-test=RetryMultipleFailedTestcases-2] INFO  sprint6_TestCases.HD_FootnoteTrackChangesTC - Clicked on 'Track Change'.
20:41:21.067 [TestNG-test=RetryMultipleFailedTestcases-2] INFO  sprint6_TestCases.HD_FootnoteTrackChangesTC - Switched to frame 0.
20:41:21.714 [TestNG-test=RetryMultipleFailedTestcases-2] INFO  sprint6_TestCases.HD_FootnoteTrackChangesTC - Clicked on editor footnote.
20:41:21.790 [TestNG-test=RetryMultipleFailedTestcases-2] INFO  sprint6_TestCases.HD_FootnoteTrackChangesTC - Switched back to default content.
20:41:21.857 [TestNG-test=RetryMultipleFailedTestcases-2] INFO  sprint6_TestCases.HD_FootnoteTrackChangesTC - Data card is displayed.
20:41:21.914 [TestNG-test=RetryMultipleFailedTestcases-2] INFO  sprint6_TestCases.HD_FootnoteTrackChangesTC - Track change Accept change is displayed.
20:41:21.968 [TestNG-test=RetryMultipleFailedTestcases-2] INFO  sprint6_TestCases.HD_FootnoteTrackChangesTC - Track change Reject change is displayed.
20:41:22.122 [TestNG-test=RetryMultipleFailedTestcases-4] INFO  sprint6_TestCases.HD_FootnoteTrackChangesTC - Logged in and searched for the file, then clicked on edit.
20:41:22.122 [TestNG-test=RetryMultipleFailedTestcases-4] INFO  sprint6_TestCases.HD_FootnoteTrackChangesTC - Initialized HD_FootnoteTrackChanges object.
20:41:22.147 [TestNG-test=RetryMultipleFailedTestcases-4] INFO  sprint6_TestCases.HD_FootnoteTrackChangesTC - Switched to frame 0.
20:41:22.382 [TestNG-test=RetryMultipleFailedTestcases-2] INFO  sprint6_TestCases.HD_FootnoteTrackChangesTC - Clicked on the save button.
20:41:22.435 [TestNG-test=RetryMultipleFailedTestcases-2] INFO  sprint6_TestCases.HD_FootnoteTrackChangesTC - Refreshed the page.
20:41:22.443 [TestNG-test=RetryMultipleFailedTestcases-2] INFO  sprint6_TestCases.HD_FootnoteTrackChangesTC - Clicked on accept the popup.
20:41:22.807 [TestNG-test=RetryMultipleFailedTestcases-4] INFO  sprint6_TestCases.HD_FootnoteTrackChangesTC - Clicked on VE first paragraph.
20:41:22.852 [TestNG-test=RetryMultipleFailedTestcases-4] INFO  sprint6_TestCases.HD_FootnoteTrackChangesTC - Switched back to default content.
20:41:23.375 [TestNG-test=RetryMultipleFailedTestcases-4] INFO  sprint6_TestCases.HD_FootnoteTrackChangesTC - Clicked on the footnote plugin.
20:41:25.691 [TestNG-test=RetryMultipleFailedTestcases-2] INFO  sprint6_TestCases.HD_FootnoteTrackChangesTC - Clicked on 'Track Change' again.
20:41:25.708 [TestNG-test=RetryMultipleFailedTestcases-2] INFO  sprint6_TestCases.HD_FootnoteTrackChangesTC - Switched to frame 0.
20:41:26.251 [TestNG-test=RetryMultipleFailedTestcases-2] INFO  sprint6_TestCases.HD_FootnoteTrackChangesTC - Clicked on editor footnote.
20:41:26.316 [TestNG-test=RetryMultipleFailedTestcases-2] INFO  sprint6_TestCases.HD_FootnoteTrackChangesTC - Switched back to default content.
20:41:28.369 [TestNG-test=RetryMultipleFailedTestcases-4] INFO  sprint6_TestCases.HD_FootnoteTrackChangesTC - Clicked on the new footnote box.
20:41:28.477 [TestNG-test=RetryMultipleFailedTestcases-4] INFO  sprint6_TestCases.HD_FootnoteTrackChangesTC - Entered 'This is a footnote' using Actions.
20:41:29.567 [TestNG-test=RetryMultipleFailedTestcases-4] INFO  sprint6_TestCases.HD_FootnoteTrackChangesTC - Clicked on the footnote OK button.
20:41:31.719 [TestNG-test=RetryMultipleFailedTestcases-4] INFO  sprint6_TestCases.HD_FootnoteTrackChangesTC - Clicked on 'Track Change'.
20:41:31.740 [TestNG-test=RetryMultipleFailedTestcases-4] INFO  sprint6_TestCases.HD_FootnoteTrackChangesTC - Switched to frame 0.
20:41:32.346 [TestNG-test=RetryMultipleFailedTestcases-4] INFO  sprint6_TestCases.HD_FootnoteTrackChangesTC - Clicked on editor footnote.
20:41:32.400 [TestNG-test=RetryMultipleFailedTestcases-4] INFO  sprint6_TestCases.HD_FootnoteTrackChangesTC - Switched back to default content.
20:41:32.467 [TestNG-test=RetryMultipleFailedTestcases-4] INFO  sprint6_TestCases.HD_FootnoteTrackChangesTC - Data card is displayed.
20:41:32.506 [TestNG-test=RetryMultipleFailedTestcases-4] INFO  sprint6_TestCases.HD_FootnoteTrackChangesTC - Verified the footnote label text: Added - This is a footnote (footnote 1) (1)
20:41:33.158 [TestNG-test=RetryMultipleFailedTestcases-4] INFO  sprint6_TestCases.HD_FootnoteTrackChangesTC - Clicked on 'Reject Change' for the footnote.
20:41:41.355 [TestNG-test=RetryMultipleFailedTestcases-2] INFO  sprint6_TestCases.HD_FootnoteTrackChangesTC - Starting the test TC545_verify_AddFootnote_Refresh_CheckTC
20:41:52.442 [TestNG-test=RetryMultipleFailedTestcases-1] INFO  sprint6_TestCases.HD_FootnoteTrackChangesTC - Data card is not displayed after accepting the change.
20:41:52.475 [TestNG-test=RetryMultipleFailedTestcases-1] INFO  sprint6_TestCases.HD_FootnoteTrackChangesTC - Verified that the footnote is present in the Visual editor.
20:41:52.475 [TestNG-test=RetryMultipleFailedTestcases-1] INFO  sprint6_TestCases.HD_FootnoteTrackChangesTC - Test TC548_verify_AddFootnote_AcceptChange completed.
20:41:55.103 [TestNG-test=RetryMultipleFailedTestcases-3] INFO  sprint6_TestCases.HD_FootnoteTrackChangesTC - Logged in and searched for the file, then clicked on edit.
20:41:55.103 [TestNG-test=RetryMultipleFailedTestcases-3] INFO  sprint6_TestCases.HD_FootnoteTrackChangesTC - Initialized HD_FootnoteTrackChanges object.
20:41:55.128 [TestNG-test=RetryMultipleFailedTestcases-3] INFO  sprint6_TestCases.HD_FootnoteTrackChangesTC - Switched to frame 0.
20:41:55.720 [TestNG-test=RetryMultipleFailedTestcases-3] INFO  sprint6_TestCases.HD_FootnoteTrackChangesTC - Clicked on VE first paragraph.
20:41:55.781 [TestNG-test=RetryMultipleFailedTestcases-3] INFO  sprint6_TestCases.HD_FootnoteTrackChangesTC - Switched back to default content.
20:41:57.019 [TestNG-test=RetryMultipleFailedTestcases-3] INFO  sprint6_TestCases.HD_FootnoteTrackChangesTC - Clicked on the footnote plugin.
20:41:59.405 [TestNG-test=RetryMultipleFailedTestcases-1] INFO  sprint6_TestCases.HD_FootnoteTrackChangesTC - Starting the test TC553_CopyPaste_ExistingFootnote_AcceptChangeTc
20:42:01.008 [TestNG-test=RetryMultipleFailedTestcases-3] INFO  sprint6_TestCases.HD_FootnoteTrackChangesTC - Clicked on the new footnote box.
20:42:01.067 [TestNG-test=RetryMultipleFailedTestcases-3] INFO  sprint6_TestCases.HD_FootnoteTrackChangesTC - Entered 'This is a footnote' using Actions.
20:42:01.742 [TestNG-test=RetryMultipleFailedTestcases-3] INFO  sprint6_TestCases.HD_FootnoteTrackChangesTC - Clicked on the footnote OK button.
20:42:03.019 [TestNG-test=RetryMultipleFailedTestcases-3] INFO  sprint6_TestCases.HD_FootnoteTrackChangesTC - Clicked on 'Track Change'.
20:42:03.555 [TestNG-test=RetryMultipleFailedTestcases-3] INFO  sprint6_TestCases.HD_FootnoteTrackChangesTC - Clicked on editor footnote.
20:42:03.613 [TestNG-test=RetryMultipleFailedTestcases-3] INFO  sprint6_TestCases.HD_FootnoteTrackChangesTC - Switched back to default content.
20:42:03.669 [TestNG-test=RetryMultipleFailedTestcases-3] INFO  sprint6_TestCases.HD_FootnoteTrackChangesTC - Data card is displayed.
20:42:03.706 [TestNG-test=RetryMultipleFailedTestcases-3] INFO  sprint6_TestCases.HD_FootnoteTrackChangesTC - Verified the footnote label text: Added - This is a footnote (footnote 1) (1)
20:42:04.390 [TestNG-test=RetryMultipleFailedTestcases-3] INFO  sprint6_TestCases.HD_FootnoteTrackChangesTC - Clicked on 'Accept Change' for the footnote.
20:42:05.482 [TestNG-test=RetryMultipleFailedTestcases-3] INFO  sprint6_TestCases.HD_FootnoteTrackChangesTC - Clicked on the editor footnote.
20:42:06.146 [TestNG-test=RetryMultipleFailedTestcases-3] INFO  sprint6_TestCases.HD_FootnoteTrackChangesTC - Performed Backspace action on the editor footnote.
20:42:06.249 [TestNG-test=RetryMultipleFailedTestcases-3] INFO  sprint6_TestCases.HD_FootnoteTrackChangesTC - Switched back to default content.
20:42:06.249 [TestNG-test=RetryMultipleFailedTestcases-3] INFO  sprint6_TestCases.HD_FootnoteTrackChangesTC - Test TC552_SelectFootnoteWithContent_Backspace_CheckTC completed.
20:42:12.905 [TestNG-test=RetryMultipleFailedTestcases-3] INFO  sprint6_TestCases.HD_FootnoteTrackChangesTC - Starting the test TC554_CopyPasteExistingFootnoteRejectChangeTc
20:42:13.661 [TestNG-test=RetryMultipleFailedTestcases-4] INFO  sprint6_TestCases.HD_FootnoteTrackChangesTC - Data card is not displayed after rejecting the change.
20:42:13.793 [TestNG-test=RetryMultipleFailedTestcases-4] INFO  sprint6_TestCases.HD_FootnoteTrackChangesTC - Verified that the footnote is still present in the Visual editor.
20:42:13.793 [TestNG-test=RetryMultipleFailedTestcases-4] INFO  sprint6_TestCases.HD_FootnoteTrackChangesTC - Test TC549_verify_AddFootnote_RejectChange completed.
20:42:16.010 [TestNG-test=RetryMultipleFailedTestcases-2] INFO  sprint6_TestCases.HD_FootnoteTrackChangesTC - Logged in and searched for the file, then clicked on edit.
20:42:16.011 [TestNG-test=RetryMultipleFailedTestcases-2] INFO  sprint6_TestCases.HD_FootnoteTrackChangesTC - Initialized HD_FootnoteTrackChanges object.
20:42:16.035 [TestNG-test=RetryMultipleFailedTestcases-2] INFO  sprint6_TestCases.HD_FootnoteTrackChangesTC - Switched to frame 0.
20:42:16.822 [TestNG-test=RetryMultipleFailedTestcases-2] INFO  sprint6_TestCases.HD_FootnoteTrackChangesTC - Clicked on VE first paragraph.
20:42:16.899 [TestNG-test=RetryMultipleFailedTestcases-2] INFO  sprint6_TestCases.HD_FootnoteTrackChangesTC - Switched back to default content.
20:42:17.385 [TestNG-test=RetryMultipleFailedTestcases-2] INFO  sprint6_TestCases.HD_FootnoteTrackChangesTC - Clicked on the footnote plugin.
20:42:21.120 [TestNG-test=RetryMultipleFailedTestcases-4] INFO  sprint6_TestCases.HD_FootnoteTrackChangesTC - Starting the test TC555_CopyPasteNewFootnoteAcceptChangeTc
20:42:21.484 [TestNG-test=RetryMultipleFailedTestcases-2] INFO  sprint6_TestCases.HD_FootnoteTrackChangesTC - Clicked on the new footnote box.
20:42:21.635 [TestNG-test=RetryMultipleFailedTestcases-2] INFO  sprint6_TestCases.HD_FootnoteTrackChangesTC - Entered 'This is a footnote' using Actions.
20:42:22.517 [TestNG-test=RetryMultipleFailedTestcases-2] INFO  sprint6_TestCases.HD_FootnoteTrackChangesTC - Clicked on the footnote OK button.
20:42:23.985 [TestNG-test=RetryMultipleFailedTestcases-2] INFO  sprint6_TestCases.HD_FootnoteTrackChangesTC - Clicked on 'Track Change'.
20:42:24.035 [TestNG-test=RetryMultipleFailedTestcases-2] INFO  sprint6_TestCases.HD_FootnoteTrackChangesTC - Switched to frame 0.
20:42:25.027 [TestNG-test=RetryMultipleFailedTestcases-2] INFO  sprint6_TestCases.HD_FootnoteTrackChangesTC - Clicked on editor footnote.
20:42:25.128 [TestNG-test=RetryMultipleFailedTestcases-2] INFO  sprint6_TestCases.HD_FootnoteTrackChangesTC - Switched back to default content.
20:42:25.247 [TestNG-test=RetryMultipleFailedTestcases-2] INFO  sprint6_TestCases.HD_FootnoteTrackChangesTC - Data card is displayed.
20:42:25.331 [TestNG-test=RetryMultipleFailedTestcases-2] INFO  sprint6_TestCases.HD_FootnoteTrackChangesTC - Track change Accept change is displayed.
20:42:25.415 [TestNG-test=RetryMultipleFailedTestcases-2] INFO  sprint6_TestCases.HD_FootnoteTrackChangesTC - Track change Reject change is displayed.
20:42:26.280 [TestNG-test=RetryMultipleFailedTestcases-2] INFO  sprint6_TestCases.HD_FootnoteTrackChangesTC - Clicked on the save button.
20:42:26.338 [TestNG-test=RetryMultipleFailedTestcases-2] INFO  sprint6_TestCases.HD_FootnoteTrackChangesTC - Refreshed the page.
20:42:26.356 [TestNG-test=RetryMultipleFailedTestcases-2] INFO  sprint6_TestCases.HD_FootnoteTrackChangesTC - Clicked on accept the popup.
20:42:34.819 [TestNG-test=RetryMultipleFailedTestcases-2] INFO  sprint6_TestCases.HD_FootnoteTrackChangesTC - Clicked on 'Track Change' again.
20:42:34.859 [TestNG-test=RetryMultipleFailedTestcases-2] INFO  sprint6_TestCases.HD_FootnoteTrackChangesTC - Switched to frame 0.
20:42:35.728 [TestNG-test=RetryMultipleFailedTestcases-2] INFO  sprint6_TestCases.HD_FootnoteTrackChangesTC - Clicked on editor footnote.
20:42:35.938 [TestNG-test=RetryMultipleFailedTestcases-2] INFO  sprint6_TestCases.HD_FootnoteTrackChangesTC - Switched back to default content.
20:42:36.903 [TestNG-test=RetryMultipleFailedTestcases-1] INFO  sprint6_TestCases.HD_FootnoteTrackChangesTC - Logged in and searched for the file, then clicked on edit.
20:42:36.904 [TestNG-test=RetryMultipleFailedTestcases-1] INFO  sprint6_TestCases.HD_FootnoteTrackChangesTC - Initialized HD_FootnoteTrackChanges object.
20:42:36.954 [TestNG-test=RetryMultipleFailedTestcases-1] INFO  sprint6_TestCases.HD_FootnoteTrackChangesTC - Switched to frame 0.
20:42:37.553 [TestNG-test=RetryMultipleFailedTestcases-1] INFO  sprint6_TestCases.HD_FootnoteTrackChangesTC - Clicked on VE first paragraph.
20:42:37.590 [TestNG-test=RetryMultipleFailedTestcases-1] INFO  sprint6_TestCases.HD_FootnoteTrackChangesTC - Switched back to default content.
20:42:38.005 [TestNG-test=RetryMultipleFailedTestcases-1] INFO  sprint6_TestCases.HD_FootnoteTrackChangesTC - Clicked on the footnote plugin.
20:42:42.219 [TestNG-test=RetryMultipleFailedTestcases-1] INFO  sprint6_TestCases.HD_FootnoteTrackChangesTC - Clicked on the new footnote box.
20:42:42.317 [TestNG-test=RetryMultipleFailedTestcases-1] INFO  sprint6_TestCases.HD_FootnoteTrackChangesTC - Entered 'This is a footnote' using Actions.
20:42:43.078 [TestNG-test=RetryMultipleFailedTestcases-2] INFO  sprint6_TestCases.HD_FootnoteTrackChangesTC - Starting the test TC545_verify_AddFootnote_Refresh_CheckTC
20:42:43.538 [TestNG-test=RetryMultipleFailedTestcases-1] INFO  sprint6_TestCases.HD_FootnoteTrackChangesTC - Clicked on the footnote OK button.
20:42:44.670 [TestNG-test=RetryMultipleFailedTestcases-1] INFO  sprint6_TestCases.HD_FootnoteTrackChangesTC - Clicked on 'Track Change'.
20:42:45.320 [TestNG-test=RetryMultipleFailedTestcases-1] INFO  sprint6_TestCases.HD_FootnoteTrackChangesTC - Clicked on editor footnote.
20:42:45.384 [TestNG-test=RetryMultipleFailedTestcases-1] INFO  sprint6_TestCases.HD_FootnoteTrackChangesTC - Switched back to default content.
20:42:45.449 [TestNG-test=RetryMultipleFailedTestcases-1] INFO  sprint6_TestCases.HD_FootnoteTrackChangesTC - Data card is displayed.
20:42:45.491 [TestNG-test=RetryMultipleFailedTestcases-1] INFO  sprint6_TestCases.HD_FootnoteTrackChangesTC - Verified the footnote label text: Added - This is footnote (footnote 1) (1)
20:42:47.051 [TestNG-test=RetryMultipleFailedTestcases-1] INFO  sprint6_TestCases.HD_FootnoteTrackChangesTC - Clicked on 'Accept Change' for the footnote.
20:42:48.349 [TestNG-test=RetryMultipleFailedTestcases-1] INFO  sprint6_TestCases.HD_FootnoteTrackChangesTC - Clicked on the editor footnote.
20:42:48.620 [TestNG-test=RetryMultipleFailedTestcases-1] INFO  sprint6_TestCases.HD_FootnoteTrackChangesTC - Performed Ctrl+C to copy the footnote.
20:42:49.252 [TestNG-test=RetryMultipleFailedTestcases-1] INFO  sprint6_TestCases.HD_FootnoteTrackChangesTC - Clicked on the third paragraph.
20:42:49.325 [TestNG-test=RetryMultipleFailedTestcases-1] INFO  sprint6_TestCases.HD_FootnoteTrackChangesTC - Performed Ctrl+V to paste the footnote.
20:42:50.529 [TestNG-test=RetryMultipleFailedTestcases-1] INFO  sprint6_TestCases.HD_FootnoteTrackChangesTC - Accepted the alert prompts.
20:42:52.433 [TestNG-test=RetryMultipleFailedTestcases-1] INFO  sprint6_TestCases.HD_FootnoteTrackChangesTC - Verified the updated footnote label text: Added - footnote (1(b))
Extended - This is footnote (footnote 1)
20:42:52.510 [TestNG-test=RetryMultipleFailedTestcases-1] INFO  sprint6_TestCases.HD_FootnoteTrackChangesTC - Verified the pasted footnotes (1(a) and 1(b)).
20:42:53.007 [TestNG-test=RetryMultipleFailedTestcases-3] INFO  sprint6_TestCases.HD_FootnoteTrackChangesTC - Logged in and searched for the file, then clicked on edit.
20:42:53.008 [TestNG-test=RetryMultipleFailedTestcases-3] INFO  sprint6_TestCases.HD_FootnoteTrackChangesTC - Initialized HD_FootnoteTrackChanges object.
20:42:53.023 [TestNG-test=RetryMultipleFailedTestcases-3] INFO  sprint6_TestCases.HD_FootnoteTrackChangesTC - Switched to frame 0.
20:42:53.452 [TestNG-test=RetryMultipleFailedTestcases-3] INFO  sprint6_TestCases.HD_FootnoteTrackChangesTC - Clicked on VE first paragraph.
20:42:53.508 [TestNG-test=RetryMultipleFailedTestcases-3] INFO  sprint6_TestCases.HD_FootnoteTrackChangesTC - Switched back to default content.
20:42:53.600 [TestNG-test=RetryMultipleFailedTestcases-1] INFO  sprint6_TestCases.HD_FootnoteTrackChangesTC - Clicked on 'Accept Change' for the pasted footnotes.
20:42:53.966 [TestNG-test=RetryMultipleFailedTestcases-3] INFO  sprint6_TestCases.HD_FootnoteTrackChangesTC - Clicked on the footnote plugin.
20:42:54.433 [TestNG-test=RetryMultipleFailedTestcases-1] INFO  sprint6_TestCases.HD_FootnoteTrackChangesTC - Verified the pasted footnotes (1(a) and 1(b)) after accepting changes.
20:42:54.433 [TestNG-test=RetryMultipleFailedTestcases-1] INFO  sprint6_TestCases.HD_FootnoteTrackChangesTC - Test TC553_CopyPaste_ExistingFootnote_AcceptChangeTc completed.
20:42:57.720 [TestNG-test=RetryMultipleFailedTestcases-3] INFO  sprint6_TestCases.HD_FootnoteTrackChangesTC - Clicked on the new footnote box.
20:42:57.892 [TestNG-test=RetryMultipleFailedTestcases-3] INFO  sprint6_TestCases.HD_FootnoteTrackChangesTC - Entered 'This is a footnote' using Actions.
20:42:59.697 [TestNG-test=RetryMultipleFailedTestcases-3] INFO  sprint6_TestCases.HD_FootnoteTrackChangesTC - Clicked on the footnote OK button.
20:43:01.762 [TestNG-test=RetryMultipleFailedTestcases-3] INFO  sprint6_TestCases.HD_FootnoteTrackChangesTC - Clicked on 'Track Change'.
20:43:01.998 [TestNG-test=RetryMultipleFailedTestcases-1] INFO  sprint6_TestCases.HD_FootnoteTrackChangesTC - Starting the test TC562_verifyFootnoteRemoveElementBlockCBCheckTC
20:43:02.851 [TestNG-test=RetryMultipleFailedTestcases-3] INFO  sprint6_TestCases.HD_FootnoteTrackChangesTC - Clicked on editor footnote.
20:43:02.952 [TestNG-test=RetryMultipleFailedTestcases-3] INFO  sprint6_TestCases.HD_FootnoteTrackChangesTC - Switched back to default content.
20:43:03.025 [TestNG-test=RetryMultipleFailedTestcases-3] INFO  sprint6_TestCases.HD_FootnoteTrackChangesTC - Data card is displayed.
20:43:03.068 [TestNG-test=RetryMultipleFailedTestcases-3] INFO  sprint6_TestCases.HD_FootnoteTrackChangesTC - Verified the footnote label text: Added - This is a footnote (footnote 1) (1)
20:43:03.518 [TestNG-test=RetryMultipleFailedTestcases-4] INFO  sprint6_TestCases.HD_FootnoteTrackChangesTC - Logged in and searched for the file, then clicked on edit.
20:43:03.518 [TestNG-test=RetryMultipleFailedTestcases-4] INFO  sprint6_TestCases.HD_FootnoteTrackChangesTC - Initialized HD_FootnoteTrackChanges object.
20:43:03.563 [TestNG-test=RetryMultipleFailedTestcases-4] INFO  sprint6_TestCases.HD_FootnoteTrackChangesTC - Switched to frame 0.
20:43:04.191 [TestNG-test=RetryMultipleFailedTestcases-3] INFO  sprint6_TestCases.HD_FootnoteTrackChangesTC - Clicked on 'Accept Change' for the footnote.
20:43:04.293 [TestNG-test=RetryMultipleFailedTestcases-4] INFO  sprint6_TestCases.HD_FootnoteTrackChangesTC - Clicked on VE first paragraph.
20:43:04.341 [TestNG-test=RetryMultipleFailedTestcases-4] INFO  sprint6_TestCases.HD_FootnoteTrackChangesTC - Switched back to default content.
20:43:04.808 [TestNG-test=RetryMultipleFailedTestcases-4] INFO  sprint6_TestCases.HD_FootnoteTrackChangesTC - Clicked on the footnote plugin.
20:43:05.787 [TestNG-test=RetryMultipleFailedTestcases-3] INFO  sprint6_TestCases.HD_FootnoteTrackChangesTC - Clicked on the editor footnote.
20:43:05.944 [TestNG-test=RetryMultipleFailedTestcases-3] INFO  sprint6_TestCases.HD_FootnoteTrackChangesTC - Performed Ctrl+C to copy the footnote.
20:43:06.648 [TestNG-test=RetryMultipleFailedTestcases-3] INFO  sprint6_TestCases.HD_FootnoteTrackChangesTC - Clicked on the third paragraph.
20:43:06.857 [TestNG-test=RetryMultipleFailedTestcases-3] INFO  sprint6_TestCases.HD_FootnoteTrackChangesTC - Performed Ctrl+V to paste the footnote.
20:43:08.225 [TestNG-test=RetryMultipleFailedTestcases-3] INFO  sprint6_TestCases.HD_FootnoteTrackChangesTC - Accepted the alert prompts.
20:43:08.329 [TestNG-test=RetryMultipleFailedTestcases-4] INFO  sprint6_TestCases.HD_FootnoteTrackChangesTC - Clicked on the new footnote box.
20:43:08.530 [TestNG-test=RetryMultipleFailedTestcases-4] INFO  sprint6_TestCases.HD_FootnoteTrackChangesTC - Entered 'This is a footnote' using Actions.
20:43:09.362 [TestNG-test=RetryMultipleFailedTestcases-3] INFO  sprint6_TestCases.HD_FootnoteTrackChangesTC - Verified the updated footnote label text: Added - footnote (1(b))
Extended - This is a footnote (footnote 1)
20:43:09.461 [TestNG-test=RetryMultipleFailedTestcases-3] INFO  sprint6_TestCases.HD_FootnoteTrackChangesTC - Verified the pasted footnotes (1(a) and 1(b)).
20:43:09.683 [TestNG-test=RetryMultipleFailedTestcases-4] INFO  sprint6_TestCases.HD_FootnoteTrackChangesTC - Clicked on the footnote OK button.
20:43:09.980 [TestNG-test=RetryMultipleFailedTestcases-3] INFO  sprint6_TestCases.HD_FootnoteTrackChangesTC - Clicked on the widget.
20:43:10.914 [TestNG-test=RetryMultipleFailedTestcases-4] INFO  sprint6_TestCases.HD_FootnoteTrackChangesTC - Clicked on 'Track Change'.
20:43:11.107 [TestNG-test=RetryMultipleFailedTestcases-3] INFO  sprint6_TestCases.HD_FootnoteTrackChangesTC - Clicked on 'Reject Change' for the pasted footnotes.
20:43:11.680 [TestNG-test=RetryMultipleFailedTestcases-3] INFO  sprint6_TestCases.HD_FootnoteTrackChangesTC - Verified that pasted footnote 1(a) has been removed after rejecting changes.
20:43:11.681 [TestNG-test=RetryMultipleFailedTestcases-3] INFO  sprint6_TestCases.HD_FootnoteTrackChangesTC - Test TC554_CopyPasteExistingFootnoteRejectChangeTc completed.
20:43:11.883 [TestNG-test=RetryMultipleFailedTestcases-4] INFO  sprint6_TestCases.HD_FootnoteTrackChangesTC - Clicked on editor footnote.
20:43:12.007 [TestNG-test=RetryMultipleFailedTestcases-4] INFO  sprint6_TestCases.HD_FootnoteTrackChangesTC - Switched back to default content.
20:43:12.112 [TestNG-test=RetryMultipleFailedTestcases-4] INFO  sprint6_TestCases.HD_FootnoteTrackChangesTC - Data card is displayed.
20:43:12.168 [TestNG-test=RetryMultipleFailedTestcases-4] INFO  sprint6_TestCases.HD_FootnoteTrackChangesTC - Verified the footnote label text: Added - This is a footnote (footnote 1) (1)
20:43:12.555 [TestNG-test=RetryMultipleFailedTestcases-4] INFO  sprint6_TestCases.HD_FootnoteTrackChangesTC - Clicked on the editor footnote.
20:43:12.716 [TestNG-test=RetryMultipleFailedTestcases-4] INFO  sprint6_TestCases.HD_FootnoteTrackChangesTC - Performed Ctrl+C to copy the footnote.
20:43:13.300 [TestNG-test=RetryMultipleFailedTestcases-4] INFO  sprint6_TestCases.HD_FootnoteTrackChangesTC - Clicked on the third paragraph.
20:43:13.500 [TestNG-test=RetryMultipleFailedTestcases-4] INFO  sprint6_TestCases.HD_FootnoteTrackChangesTC - Performed Ctrl+V to paste the footnote.
20:43:14.741 [TestNG-test=RetryMultipleFailedTestcases-4] INFO  sprint6_TestCases.HD_FootnoteTrackChangesTC - Accepted the alert prompts.
20:43:16.641 [TestNG-test=RetryMultipleFailedTestcases-4] INFO  sprint6_TestCases.HD_FootnoteTrackChangesTC - Track change card2 is displayed.
20:43:16.758 [TestNG-test=RetryMultipleFailedTestcases-4] INFO  sprint6_TestCases.HD_FootnoteTrackChangesTC - Verified the updated footnote label text: Added - footnote (1(b))
Extended - This is a footnote (footnote 1)
20:43:16.863 [TestNG-test=RetryMultipleFailedTestcases-4] INFO  sprint6_TestCases.HD_FootnoteTrackChangesTC - Verified the pasted footnotes (1(a) and 1(b)).
20:43:18.243 [TestNG-test=RetryMultipleFailedTestcases-2] INFO  sprint6_TestCases.HD_FootnoteTrackChangesTC - Logged in and searched for the file, then clicked on edit.
20:43:18.243 [TestNG-test=RetryMultipleFailedTestcases-2] INFO  sprint6_TestCases.HD_FootnoteTrackChangesTC - Initialized HD_FootnoteTrackChanges object.
20:43:18.262 [TestNG-test=RetryMultipleFailedTestcases-2] INFO  sprint6_TestCases.HD_FootnoteTrackChangesTC - Switched to frame 0.
20:43:18.467 [TestNG-test=RetryMultipleFailedTestcases-4] INFO  sprint6_TestCases.HD_FootnoteTrackChangesTC - Clicked on 'Accept Change' for the pasted footnotes.
20:43:19.047 [TestNG-test=RetryMultipleFailedTestcases-2] INFO  sprint6_TestCases.HD_FootnoteTrackChangesTC - Clicked on VE first paragraph.
20:43:19.049 [TestNG-test=RetryMultipleFailedTestcases-4] INFO  sprint6_TestCases.HD_FootnoteTrackChangesTC - Verified that the pasted footnote has been accepted as a new footnote.
20:43:19.049 [TestNG-test=RetryMultipleFailedTestcases-4] INFO  sprint6_TestCases.HD_FootnoteTrackChangesTC - Test TC555_CopyPasteNewFootnoteAcceptChangeTc completed.
20:43:19.265 [TestNG-test=RetryMultipleFailedTestcases-2] INFO  sprint6_TestCases.HD_FootnoteTrackChangesTC - Switched back to default content.
20:43:19.478 [TestNG-test=RetryMultipleFailedTestcases-3] INFO  sprint6_TestCases.HD_FootnoteTrackChangesTC - Starting the test TC564_verify_ExistingFootnoteBackspace_CheckTC
20:43:19.705 [TestNG-test=RetryMultipleFailedTestcases-2] INFO  sprint6_TestCases.HD_FootnoteTrackChangesTC - Clicked on the footnote plugin.
20:43:23.410 [TestNG-test=RetryMultipleFailedTestcases-2] INFO  sprint6_TestCases.HD_FootnoteTrackChangesTC - Clicked on the new footnote box.
20:43:23.561 [TestNG-test=RetryMultipleFailedTestcases-2] INFO  sprint6_TestCases.HD_FootnoteTrackChangesTC - Entered 'This is a footnote' using Actions.
20:43:24.174 [TestNG-test=RetryMultipleFailedTestcases-4] INFO  sprint6_TestCases.HD_FootnoteTrackChangesTC - Starting the test TC565verify_NewFootnoteBackspace_CheckTC
20:43:24.710 [TestNG-test=RetryMultipleFailedTestcases-2] INFO  sprint6_TestCases.HD_FootnoteTrackChangesTC - Clicked on the footnote OK button.
20:43:26.114 [TestNG-test=RetryMultipleFailedTestcases-2] INFO  sprint6_TestCases.HD_FootnoteTrackChangesTC - Clicked on 'Track Change'.
20:43:26.179 [TestNG-test=RetryMultipleFailedTestcases-2] INFO  sprint6_TestCases.HD_FootnoteTrackChangesTC - Switched to frame 0.
20:43:27.144 [TestNG-test=RetryMultipleFailedTestcases-2] INFO  sprint6_TestCases.HD_FootnoteTrackChangesTC - Clicked on editor footnote.
20:43:27.249 [TestNG-test=RetryMultipleFailedTestcases-2] INFO  sprint6_TestCases.HD_FootnoteTrackChangesTC - Switched back to default content.
20:43:27.329 [TestNG-test=RetryMultipleFailedTestcases-2] INFO  sprint6_TestCases.HD_FootnoteTrackChangesTC - Data card is displayed.
20:43:27.425 [TestNG-test=RetryMultipleFailedTestcases-2] INFO  sprint6_TestCases.HD_FootnoteTrackChangesTC - Track change Accept change is displayed.
20:43:27.501 [TestNG-test=RetryMultipleFailedTestcases-2] INFO  sprint6_TestCases.HD_FootnoteTrackChangesTC - Track change Reject change is displayed.
20:43:27.860 [TestNG-test=RetryMultipleFailedTestcases-2] INFO  sprint6_TestCases.HD_FootnoteTrackChangesTC - Clicked on the save button.
20:43:27.911 [TestNG-test=RetryMultipleFailedTestcases-2] INFO  sprint6_TestCases.HD_FootnoteTrackChangesTC - Refreshed the page.
20:43:27.919 [TestNG-test=RetryMultipleFailedTestcases-2] INFO  sprint6_TestCases.HD_FootnoteTrackChangesTC - Clicked on accept the popup.
20:43:32.529 [TestNG-test=RetryMultipleFailedTestcases-2] INFO  sprint6_TestCases.HD_FootnoteTrackChangesTC - Clicked on 'Track Change' again.
20:43:32.555 [TestNG-test=RetryMultipleFailedTestcases-2] INFO  sprint6_TestCases.HD_FootnoteTrackChangesTC - Switched to frame 0.
20:43:33.156 [TestNG-test=RetryMultipleFailedTestcases-2] INFO  sprint6_TestCases.HD_FootnoteTrackChangesTC - Clicked on editor footnote.
20:43:33.208 [TestNG-test=RetryMultipleFailedTestcases-2] INFO  sprint6_TestCases.HD_FootnoteTrackChangesTC - Switched back to default content.
20:43:33.643 [TestNG-test=RetryMultipleFailedTestcases-1] INFO  sprint6_TestCases.HD_FootnoteTrackChangesTC - Logged in and searched for the file, then clicked on edit.
20:43:33.643 [TestNG-test=RetryMultipleFailedTestcases-1] INFO  sprint6_TestCases.HD_FootnoteTrackChangesTC - Initialized HD_FootnoteTrackChanges object.
20:43:33.679 [TestNG-test=RetryMultipleFailedTestcases-1] INFO  sprint6_TestCases.HD_FootnoteTrackChangesTC - Switched to frame 0.
20:43:34.462 [TestNG-test=RetryMultipleFailedTestcases-1] INFO  sprint6_TestCases.HD_FootnoteTrackChangesTC - Clicked on VE first paragraph.
20:43:34.604 [TestNG-test=RetryMultipleFailedTestcases-1] INFO  sprint6_TestCases.HD_FootnoteTrackChangesTC - Switched back to default content.
20:43:35.053 [TestNG-test=RetryMultipleFailedTestcases-1] INFO  sprint6_TestCases.HD_FootnoteTrackChangesTC - Clicked on the footnote plugin.
20:43:39.331 [TestNG-test=RetryMultipleFailedTestcases-1] INFO  sprint6_TestCases.HD_FootnoteTrackChangesTC - Clicked on the new footnote box.
20:43:39.430 [TestNG-test=RetryMultipleFailedTestcases-1] INFO  sprint6_TestCases.HD_FootnoteTrackChangesTC - Entered 'This is a footnote' using Actions.
20:43:40.071 [TestNG-test=RetryMultipleFailedTestcases-2] INFO  sprint6_TestCases.HD_FootnoteTrackChangesTC - Starting the test TC566_verifyFootnoteInSectionNumberCheckTC
20:43:40.725 [TestNG-test=RetryMultipleFailedTestcases-1] INFO  sprint6_TestCases.HD_FootnoteTrackChangesTC - Clicked on the footnote OK button.
20:43:41.722 [TestNG-test=RetryMultipleFailedTestcases-1] INFO  sprint6_TestCases.HD_FootnoteTrackChangesTC - Verified that the footnote is present in the visual editor.
20:43:42.044 [TestNG-test=RetryMultipleFailedTestcases-1] INFO  sprint6_TestCases.HD_FootnoteTrackChangesTC - Clicked on 'Accept Change' for the footnote.
20:43:43.380 [TestNG-test=RetryMultipleFailedTestcases-1] INFO  sprint6_TestCases.HD_FootnoteTrackChangesTC - Clicked on the editor footnote.
20:43:44.218 [TestNG-test=RetryMultipleFailedTestcases-1] INFO  sprint6_TestCases.HD_FootnoteTrackChangesTC - Clicked on the CB inserted footnote.
20:43:44.459 [TestNG-test=RetryMultipleFailedTestcases-1] INFO  sprint6_TestCases.HD_FootnoteTrackChangesTC - Performed right-click on CB inserted footnote.
20:43:44.961 [TestNG-test=RetryMultipleFailedTestcases-1] INFO  sprint6_TestCases.HD_FootnoteTrackChangesTC - Clicked on CB Remove Element Block.
20:43:45.285 [TestNG-test=RetryMultipleFailedTestcases-1] INFO  sprint6_TestCases.HD_FootnoteTrackChangesTC - Clicked on 'Track Change'.
20:43:46.162 [TestNG-test=RetryMultipleFailedTestcases-1] INFO  sprint6_TestCases.HD_FootnoteTrackChangesTC - Clicked on editor footnote.
20:43:46.461 [TestNG-test=RetryMultipleFailedTestcases-1] INFO  sprint6_TestCases.HD_FootnoteTrackChangesTC - Data card is displayed after removing the footnote.
20:43:46.547 [TestNG-test=RetryMultipleFailedTestcases-1] INFO  sprint6_TestCases.HD_FootnoteTrackChangesTC - Verified the deleted footnote label text: Deleted - This is a footnote (footnote 1)
20:43:48.244 [TestNG-test=RetryMultipleFailedTestcases-1] INFO  sprint6_TestCases.HD_FootnoteTrackChangesTC - Clicked on 'Accept Change' for the deleted footnote.
20:43:49.040 [TestNG-test=RetryMultipleFailedTestcases-1] INFO  sprint6_TestCases.HD_FootnoteTrackChangesTC - Verified that the footnote is still present in the visual editor after deletion.
20:43:49.040 [TestNG-test=RetryMultipleFailedTestcases-1] INFO  sprint6_TestCases.HD_FootnoteTrackChangesTC - Test TC562_verifyFootnoteRemoveElementBlockCBCheckTC completed.
20:43:53.758 [TestNG-test=RetryMultipleFailedTestcases-3] INFO  sprint6_TestCases.HD_FootnoteTrackChangesTC - Logged in and searched for the file, then clicked on edit.
20:43:53.758 [TestNG-test=RetryMultipleFailedTestcases-3] INFO  sprint6_TestCases.HD_FootnoteTrackChangesTC - Initialized HD_FootnoteTrackChanges object.
20:43:54.037 [TestNG-test=RetryMultipleFailedTestcases-3] INFO  sprint6_TestCases.HD_FootnoteTrackChangesTC - Switched to frame 0.
20:43:55.075 [TestNG-test=RetryMultipleFailedTestcases-3] INFO  sprint6_TestCases.HD_FootnoteTrackChangesTC - Clicked on VE first paragraph.
20:43:55.211 [TestNG-test=RetryMultipleFailedTestcases-3] INFO  sprint6_TestCases.HD_FootnoteTrackChangesTC - Switched back to default content.
20:43:55.664 [TestNG-test=RetryMultipleFailedTestcases-3] INFO  sprint6_TestCases.HD_FootnoteTrackChangesTC - Clicked on the footnote plugin.
20:43:56.746 [TestNG-test=RetryMultipleFailedTestcases-1] INFO  sprint6_TestCases.HD_FootnoteTrackChangesTC - Starting the test TC571_verifyInsertFootnoteClickShowHideCheckFootnoteAtBottom
20:43:58.980 [TestNG-test=RetryMultipleFailedTestcases-3] INFO  sprint6_TestCases.HD_FootnoteTrackChangesTC - Clicked on the new footnote box.
20:43:59.147 [TestNG-test=RetryMultipleFailedTestcases-3] INFO  sprint6_TestCases.HD_FootnoteTrackChangesTC - Entered 'This is a footnote' using Actions.
20:43:59.321 [TestNG-test=RetryMultipleFailedTestcases-4] INFO  sprint6_TestCases.HD_FootnoteTrackChangesTC - Logged in and searched for the file, then clicked on edit.
20:43:59.321 [TestNG-test=RetryMultipleFailedTestcases-4] INFO  sprint6_TestCases.HD_FootnoteTrackChangesTC - Initialized HD_FootnoteTrackChanges object.
20:43:59.340 [TestNG-test=RetryMultipleFailedTestcases-4] INFO  sprint6_TestCases.HD_FootnoteTrackChangesTC - Switched to frame 0.
20:43:59.994 [TestNG-test=RetryMultipleFailedTestcases-4] INFO  sprint6_TestCases.HD_FootnoteTrackChangesTC - Clicked on VE first paragraph.
20:44:00.056 [TestNG-test=RetryMultipleFailedTestcases-4] INFO  sprint6_TestCases.HD_FootnoteTrackChangesTC - Switched back to default content.
20:44:00.322 [TestNG-test=RetryMultipleFailedTestcases-3] INFO  sprint6_TestCases.HD_FootnoteTrackChangesTC - Clicked on the footnote OK button.
20:44:00.619 [TestNG-test=RetryMultipleFailedTestcases-4] INFO  sprint6_TestCases.HD_FootnoteTrackChangesTC - Clicked on the footnote plugin.
20:44:02.166 [TestNG-test=RetryMultipleFailedTestcases-3] INFO  sprint6_TestCases.HD_FootnoteTrackChangesTC - Clicked on 'Accept Change'.
20:44:03.505 [TestNG-test=RetryMultipleFailedTestcases-3] INFO  sprint6_TestCases.HD_FootnoteTrackChangesTC - Clicked on the editor footnote.
20:44:04.759 [TestNG-test=RetryMultipleFailedTestcases-3] INFO  sprint6_TestCases.HD_FootnoteTrackChangesTC - Performed Backspace to delete the footnote.
20:44:05.107 [TestNG-test=RetryMultipleFailedTestcases-3] INFO  sprint6_TestCases.HD_FootnoteTrackChangesTC - Switched back to default content.
20:44:05.440 [TestNG-test=RetryMultipleFailedTestcases-3] INFO  sprint6_TestCases.HD_FootnoteTrackChangesTC - Clicked on 'Track Change'.
20:44:05.820 [TestNG-test=RetryMultipleFailedTestcases-4] INFO  sprint6_TestCases.HD_FootnoteTrackChangesTC - Clicked on the new footnote box.
20:44:05.924 [TestNG-test=RetryMultipleFailedTestcases-4] INFO  sprint6_TestCases.HD_FootnoteTrackChangesTC - Entered 'This is a footnote' using Actions.
20:44:06.408 [TestNG-test=RetryMultipleFailedTestcases-3] INFO  sprint6_TestCases.HD_FootnoteTrackChangesTC - Clicked on editor footnote.
20:44:06.595 [TestNG-test=RetryMultipleFailedTestcases-3] INFO  sprint6_TestCases.HD_FootnoteTrackChangesTC - Switched back to default content.
20:44:06.755 [TestNG-test=RetryMultipleFailedTestcases-3] INFO  sprint6_TestCases.HD_FootnoteTrackChangesTC - Data card is displayed after removing the footnote.
20:44:06.818 [TestNG-test=RetryMultipleFailedTestcases-3] INFO  sprint6_TestCases.HD_FootnoteTrackChangesTC - Verified the deleted footnote label text: Deleted - This is a footnote (footnote 1)
20:44:07.440 [TestNG-test=RetryMultipleFailedTestcases-4] INFO  sprint6_TestCases.HD_FootnoteTrackChangesTC - Clicked on the footnote OK button.
20:44:08.057 [TestNG-test=RetryMultipleFailedTestcases-3] INFO  sprint6_TestCases.HD_FootnoteTrackChangesTC - Clicked on 'Accept Change' for the deleted footnote.
20:44:09.989 [TestNG-test=RetryMultipleFailedTestcases-4] INFO  sprint6_TestCases.HD_FootnoteTrackChangesTC - Clicked on the editor footnote.
20:44:10.895 [TestNG-test=RetryMultipleFailedTestcases-4] INFO  sprint6_TestCases.HD_FootnoteTrackChangesTC - Performed Backspace to delete the footnote.
20:44:11.874 [TestNG-test=RetryMultipleFailedTestcases-4] INFO  sprint6_TestCases.HD_FootnoteTrackChangesTC - Switched back to default content.
20:44:11.977 [TestNG-test=RetryMultipleFailedTestcases-2] INFO  sprint6_TestCases.HD_FootnoteTrackChangesTC - Logged in and searched for the file, then clicked on edit.
20:44:11.977 [TestNG-test=RetryMultipleFailedTestcases-2] INFO  sprint6_TestCases.HD_FootnoteTrackChangesTC - Initialized HD_FootnoteTrackChanges object.
20:44:12.009 [TestNG-test=RetryMultipleFailedTestcases-2] INFO  sprint6_TestCases.HD_FootnoteTrackChangesTC - Switched to frame 0.
20:44:12.527 [TestNG-test=RetryMultipleFailedTestcases-4] INFO  sprint6_TestCases.HD_FootnoteTrackChangesTC - Clicked on 'Track Change'.
20:44:12.679 [TestNG-test=RetryMultipleFailedTestcases-2] INFO  sprint6_TestCases.HD_FootnoteTrackChangesTC - Clicked on VE first paragraph.
