22:33:03.346 [TestNG-test=RetryMultipleFailedTestcases-2] INFO  c_testCases.F8_TrackChangesTC - Logged in and searched for a file, then clicked Edit.
22:33:03.375 [TestNG-test=RetryMultipleFailedTestcases-2] INFO  c_testCases.F8_TrackChangesTC - Switched to frame 0.
22:33:03.910 [TestNG-test=RetryMultipleFailedTestcases-2] INFO  c_testCases.F8_TrackChangesTC - Switched to default content.
22:33:10.648 [TestNG-test=RetryMultipleFailedTestcases-4] INFO  c_testCases.F8_TrackChangesTC - Logged in and searched for a file, then clicked Edit.
22:33:10.658 [TestNG-test=RetryMultipleFailedTestcases-4] INFO  c_testCases.F8_TrackChangesTC - Switched to frame 0.
22:33:11.021 [TestNG-test=RetryMultipleFailedTestcases-4] INFO  c_testCases.F8_TrackChangesTC - Switched to default content.
22:33:58.644 [TestNG-test=RetryMultipleFailedTestcases-2] INFO  c_testCases.F8_TrackChangesTC - Logged in and searched for a file, then clicked Edit.
22:33:58.668 [TestNG-test=RetryMultipleFailedTestcases-2] INFO  c_testCases.F8_TrackChangesTC - Switched to frame 0.
22:33:59.365 [TestNG-test=RetryMultipleFailedTestcases-2] INFO  c_testCases.F8_TrackChangesTC - Switched to default content.
22:34:11.095 [TestNG-test=RetryMultipleFailedTestcases-4] INFO  c_testCases.F8_TrackChangesTC - Logged in and searched for a file, then clicked Edit.
22:34:11.114 [TestNG-test=RetryMultipleFailedTestcases-4] INFO  c_testCases.F8_TrackChangesTC - Switched to frame 0.
22:34:11.632 [TestNG-test=RetryMultipleFailedTestcases-4] INFO  c_testCases.F8_TrackChangesTC - Switched to default content.
22:34:24.377 [TestNG-test=RetryMultipleFailedTestcases-3] INFO  c_testCases.F8_TrackChangesTC - Logged in and searched for a file, then clicked Edit.
22:34:24.394 [TestNG-test=RetryMultipleFailedTestcases-3] INFO  c_testCases.F8_TrackChangesTC - Switched to frame 0.
22:34:24.989 [TestNG-test=RetryMultipleFailedTestcases-3] INFO  c_testCases.F8_TrackChangesTC - Switched to default content.
22:34:25.723 [TestNG-test=RetryMultipleFailedTestcases-3] INFO  c_testCases.F8_TrackChangesTC - Clicked on track changes.
22:34:26.389 [TestNG-test=RetryMultipleFailedTestcases-3] INFO  c_testCases.F8_TrackChangesTC - Clicked on Track changes Accept Change.
22:34:45.812 [TestNG-test=RetryMultipleFailedTestcases-1] INFO  c_testCases.F8_TrackChangesTC - Logged in and searched for a file, then clicked Edit.
22:34:45.830 [TestNG-test=RetryMultipleFailedTestcases-1] INFO  c_testCases.F8_TrackChangesTC - Switched to frame 0.
22:34:47.050 [TestNG-test=RetryMultipleFailedTestcases-1] INFO  c_testCases.F8_TrackChangesTC - Switched to default content.
22:34:55.419 [TestNG-test=RetryMultipleFailedTestcases-1] INFO  c_testCases.F8_TrackChangesTC - Clicked on track changes.
22:35:18.631 [TestNG-test=RetryMultipleFailedTestcases-2] INFO  c_testCases.F8_TrackChangesTC - Logged in and searched for a file, then clicked Edit.
22:35:22.082 [TestNG-test=RetryMultipleFailedTestcases-2] INFO  c_testCases.F8_TrackChangesTC - Clicked on track changes.
22:35:30.517 [TestNG-test=RetryMultipleFailedTestcases-4] INFO  c_testCases.F8_TrackChangesTC - Logged in and searched for a file, then clicked Edit.
22:35:30.530 [TestNG-test=RetryMultipleFailedTestcases-4] INFO  c_testCases.F8_TrackChangesTC - Switched to frame 0.
22:35:30.999 [TestNG-test=RetryMultipleFailedTestcases-4] INFO  c_testCases.F8_TrackChangesTC - Switched to default content.
22:35:33.091 [TestNG-test=RetryMultipleFailedTestcases-1] INFO  c_testCases.F8_TrackChangesTC - Logged in and searched for a file, then clicked Edit.
22:35:35.948 [TestNG-test=RetryMultipleFailedTestcases-1] INFO  c_testCases.F8_TrackChangesTC - Clicked on track changes.
22:35:36.706 [TestNG-test=RetryMultipleFailedTestcases-1] INFO  c_testCases.F8_TrackChangesTC - Clicked on Track changes Accept Change.
22:36:27.831 [TestNG-test=RetryMultipleFailedTestcases-4] INFO  c_testCases.F8_TrackChangesTC - Logged in and searched for a file, then clicked Edit.
22:36:27.851 [TestNG-test=RetryMultipleFailedTestcases-4] INFO  c_testCases.F8_TrackChangesTC - Switched to frame 0.
22:36:28.386 [TestNG-test=RetryMultipleFailedTestcases-4] INFO  c_testCases.F8_TrackChangesTC - Switched to default content.
22:36:31.491 [TestNG-test=RetryMultipleFailedTestcases-4] INFO  c_testCases.F8_TrackChangesTC - Clicked on track changes.
22:36:32.851 [TestNG-test=RetryMultipleFailedTestcases-4] INFO  c_testCases.F8_TrackChangesTC - Clicked on Track changes Accept Change.
22:36:33.164 [TestNG-test=RetryMultipleFailedTestcases-3] INFO  c_testCases.F8_TrackChangesTC - Logged in and searched for a file, then clicked Edit.
22:36:33.177 [TestNG-test=RetryMultipleFailedTestcases-3] INFO  c_testCases.F8_TrackChangesTC - Switched to frame 0.
22:36:33.603 [TestNG-test=RetryMultipleFailedTestcases-3] INFO  c_testCases.F8_TrackChangesTC - Switched to default content.
22:36:39.041 [TestNG-test=RetryMultipleFailedTestcases-3] INFO  c_testCases.F8_TrackChangesTC - Switched to frame 0.
22:36:39.491 [TestNG-test=RetryMultipleFailedTestcases-3] INFO  c_testCases.F8_TrackChangesTC - Switched to default content.
22:36:39.626 [TestNG-test=RetryMultipleFailedTestcases-3] INFO  c_testCases.F8_TrackChangesTC - Clicked on track changes.
22:36:40.698 [TestNG-test=RetryMultipleFailedTestcases-3] INFO  c_testCases.F8_TrackChangesTC - Clicked on Track changes Accept Change.
22:36:41.118 [TestNG-test=RetryMultipleFailedTestcases-3] INFO  c_testCases.F8_TrackChangesTC - Switched to frame 0.
22:36:41.530 [TestNG-test=RetryMultipleFailedTestcases-3] INFO  c_testCases.F8_TrackChangesTC - Switched to default content.
22:36:41.542 [TestNG-test=RetryMultipleFailedTestcases-3] INFO  c_testCases.F8_TrackChangesTC - Switched to frame 1.
22:36:41.892 [TestNG-test=RetryMultipleFailedTestcases-3] INFO  c_testCases.F8_TrackChangesTC - Switched to default content.
22:36:41.940 [TestNG-test=RetryMultipleFailedTestcases-3] INFO  c_testCases.F8_TrackChangesTC - Switched to frame 0.
22:36:42.255 [TestNG-test=RetryMultipleFailedTestcases-3] INFO  c_testCases.F8_TrackChangesTC - Switched to default content.
22:36:43.660 [TestNG-test=RetryMultipleFailedTestcases-3] INFO  c_testCases.F8_TrackChangesTC - Clicked on Track changes Accept Change.
22:36:43.967 [TestNG-test=RetryMultipleFailedTestcases-2] INFO  c_testCases.F8_TrackChangesTC - Clicked on Track changes Accept Change.
22:36:56.867 [TestNG-test=RetryMultipleFailedTestcases-1] INFO  c_testCases.F8_TrackChangesTC - Switched to frame 0.
22:36:57.996 [TestNG-test=RetryMultipleFailedTestcases-1] INFO  c_testCases.F8_TrackChangesTC - Switched to default content.
22:36:58.830 [TestNG-test=RetryMultipleFailedTestcases-1] INFO  c_testCases.F8_TrackChangesTC - Clicked on Track changes Accept Change.
22:37:53.245 [TestNG-test=RetryMultipleFailedTestcases-4] INFO  c_testCases.F8_TrackChangesTC - Switched to frame 0.
22:37:54.148 [TestNG-test=RetryMultipleFailedTestcases-4] INFO  c_testCases.F8_TrackChangesTC - Switched to default content.
22:37:54.689 [TestNG-test=RetryMultipleFailedTestcases-4] INFO  c_testCases.F8_TrackChangesTC - Switched to frame 0.
22:37:55.371 [TestNG-test=RetryMultipleFailedTestcases-4] INFO  c_testCases.F8_TrackChangesTC - Switched to default content.
22:38:34.177 [TestNG-test=RetryMultipleFailedTestcases-4] INFO  c_testCases.F8_TrackChangesTC - Logged in and searched for a file, then clicked Edit.
22:38:44.386 [TestNG-test=RetryMultipleFailedTestcases-3] INFO  c_testCases.F8_TrackChangesTC - Logged in and searched for a file, then clicked Edit.
22:38:44.403 [TestNG-test=RetryMultipleFailedTestcases-3] INFO  c_testCases.F8_TrackChangesTC - Switched to frame 0.
22:38:44.889 [TestNG-test=RetryMultipleFailedTestcases-3] INFO  c_testCases.F8_TrackChangesTC - Switched to default content.
22:38:45.103 [TestNG-test=RetryMultipleFailedTestcases-2] INFO  c_testCases.F8_TrackChangesTC - Logged in and searched for a file, then clicked Edit.
22:38:46.572 [TestNG-test=RetryMultipleFailedTestcases-3] INFO  c_testCases.F8_TrackChangesTC - Clicked on track changes.
22:38:46.587 [TestNG-test=RetryMultipleFailedTestcases-3] INFO  c_testCases.F8_TrackChangesTC - Switched to frame 0.
22:38:47.077 [TestNG-test=RetryMultipleFailedTestcases-3] INFO  c_testCases.F8_TrackChangesTC - Switched to default content.
22:38:47.260 [TestNG-test=RetryMultipleFailedTestcases-3] INFO  c_testCases.F8_TrackChangesTC - Clicked on track changes.
22:38:47.274 [TestNG-test=RetryMultipleFailedTestcases-3] INFO  c_testCases.F8_TrackChangesTC - Switched to frame 0.
22:38:47.280 [TestNG-test=RetryMultipleFailedTestcases-2] INFO  c_testCases.F8_TrackChangesTC - Clicked on track changes.
22:38:47.370 [TestNG-test=RetryMultipleFailedTestcases-2] INFO  c_testCases.F8_TrackChangesTC - Switched to frame 0.
22:38:47.809 [TestNG-test=RetryMultipleFailedTestcases-3] INFO  c_testCases.F8_TrackChangesTC - Switched to default content.
22:38:48.073 [TestNG-test=RetryMultipleFailedTestcases-2] INFO  c_testCases.F8_TrackChangesTC - Switched to default content.
22:38:48.688 [TestNG-test=RetryMultipleFailedTestcases-3] INFO  c_testCases.F8_TrackChangesTC - Clicked on Track changes Accept Change.
22:38:49.087 [TestNG-test=RetryMultipleFailedTestcases-2] INFO  c_testCases.F8_TrackChangesTC - Clicked on Track changes Accept Change.
22:38:56.111 [TestNG-test=RetryMultipleFailedTestcases-1] INFO  c_testCases.F8_TrackChangesTC - Logged in and searched for a file, then clicked Edit.
22:38:59.154 [TestNG-test=RetryMultipleFailedTestcases-1] INFO  c_testCases.F8_TrackChangesTC - Clicked on track changes.
22:38:59.154 [TestNG-test=RetryMultipleFailedTestcases-1] INFO  c_testCases.F8_TrackChangesTC - Clicked on track changes.
22:38:59.701 [TestNG-test=RetryMultipleFailedTestcases-1] INFO  c_testCases.F8_TrackChangesTC - Clicked on Track changes Accept Change.
22:39:58.508 [TestNG-test=RetryMultipleFailedTestcases-4] INFO  c_testCases.F8_TrackChangesTC - Logged in and searched for a file, then clicked Edit.
22:40:09.875 [TestNG-test=RetryMultipleFailedTestcases-3] INFO  c_testCases.F8_TrackChangesTC - Switched to frame 0.
22:40:54.601 [TestNG-test=RetryMultipleFailedTestcases-1] INFO  c_testCases.F8_TrackChangesTC - Logged in and searched for a file, then clicked Edit.
22:40:54.801 [TestNG-test=RetryMultipleFailedTestcases-1] INFO  c_testCases.F8_TrackChangesTC - Switched to frame 0.
22:40:56.335 [TestNG-test=RetryMultipleFailedTestcases-1] INFO  c_testCases.F8_TrackChangesTC - Switched to default content.
22:40:57.482 [TestNG-test=RetryMultipleFailedTestcases-1] INFO  c_testCases.F8_TrackChangesTC - Switched to frame 0.
22:40:58.871 [TestNG-test=RetryMultipleFailedTestcases-2] INFO  c_testCases.F8_TrackChangesTC - Logged in and searched for a file, then clicked Edit.
22:40:58.898 [TestNG-test=RetryMultipleFailedTestcases-2] INFO  c_testCases.F8_TrackChangesTC - Switched to frame 0.
22:40:59.888 [TestNG-test=RetryMultipleFailedTestcases-2] INFO  c_testCases.F8_TrackChangesTC - Switched to default content.
22:41:00.842 [TestNG-test=RetryMultipleFailedTestcases-1] INFO  c_testCases.F8_TrackChangesTC - Switched to default content.
22:41:01.487 [TestNG-test=RetryMultipleFailedTestcases-1] INFO  c_testCases.F8_TrackChangesTC - Clicked on track changes.
22:41:01.727 [TestNG-test=RetryMultipleFailedTestcases-2] INFO  c_testCases.F8_TrackChangesTC - Clicked on track changes.
22:41:01.897 [TestNG-test=RetryMultipleFailedTestcases-2] INFO  c_testCases.F8_TrackChangesTC - Switched to frame 0.
22:41:02.618 [TestNG-test=RetryMultipleFailedTestcases-2] INFO  c_testCases.F8_TrackChangesTC - Switched to default content.
22:41:03.686 [TestNG-test=RetryMultipleFailedTestcases-1] INFO  c_testCases.F8_TrackChangesTC - Clicked on Track changes Accept Change.
22:41:03.955 [TestNG-test=RetryMultipleFailedTestcases-2] INFO  c_testCases.F8_TrackChangesTC - Clicked on Track changes Accept Change.
22:41:19.254 [TestNG-test=RetryMultipleFailedTestcases-4] INFO  c_testCases.F8_TrackChangesTC - Logged in and searched for a file, then clicked Edit.
22:41:55.856 [TestNG-test=RetryMultipleFailedTestcases-3] INFO  c_testCases.F8_TrackChangesTC - Logged in and searched for a file, then clicked Edit.
22:41:55.872 [TestNG-test=RetryMultipleFailedTestcases-3] INFO  c_testCases.F8_TrackChangesTC - Switched to frame 0.
22:41:56.606 [TestNG-test=RetryMultipleFailedTestcases-3] INFO  c_testCases.F8_TrackChangesTC - Switched to default content.
22:41:57.459 [TestNG-test=RetryMultipleFailedTestcases-3] INFO  c_testCases.F8_TrackChangesTC - Clicked on track changes.
22:41:57.524 [TestNG-test=RetryMultipleFailedTestcases-3] INFO  c_testCases.F8_TrackChangesTC - Switched to frame 0.
22:41:57.857 [TestNG-test=RetryMultipleFailedTestcases-3] INFO  c_testCases.F8_TrackChangesTC - Switched to default content.
22:41:58.354 [TestNG-test=RetryMultipleFailedTestcases-3] INFO  c_testCases.F8_TrackChangesTC - Clicked on Track changes Accept Change.
22:42:30.977 [TestNG-test=RetryMultipleFailedTestcases-4] INFO  c_testCases.F8_TrackChangesTC - Logged in and searched for a file, then clicked Edit.
22:43:20.134 [TestNG-test=RetryMultipleFailedTestcases-1] INFO  c_testCases.F8_TrackChangesTC - Logged in and searched for a file, then clicked Edit.
22:43:25.333 [TestNG-test=RetryMultipleFailedTestcases-2] INFO  c_testCases.F8_TrackChangesTC - Logged in and searched for a file, then clicked Edit.
22:43:25.371 [TestNG-test=RetryMultipleFailedTestcases-2] INFO  c_testCases.F8_TrackChangesTC - Switched to frame 0.
22:43:26.369 [TestNG-test=RetryMultipleFailedTestcases-2] INFO  c_testCases.F8_TrackChangesTC - Switched to default content.
22:43:28.503 [TestNG-test=RetryMultipleFailedTestcases-2] INFO  c_testCases.F8_TrackChangesTC - Switched to frame 0.
22:43:28.584 [TestNG-test=RetryMultipleFailedTestcases-2] INFO  c_testCases.F8_TrackChangesTC - Switched to default content.
22:43:28.789 [TestNG-test=RetryMultipleFailedTestcases-2] INFO  c_testCases.F8_TrackChangesTC - Clicked on track changes.
22:43:29.572 [TestNG-test=RetryMultipleFailedTestcases-2] INFO  c_testCases.F8_TrackChangesTC - Clicked on Track changes Accept Change.
22:43:34.420 [TestNG-test=RetryMultipleFailedTestcases-1] INFO  c_testCases.F8_TrackChangesTC - Clicked on track changes.
22:43:34.436 [TestNG-test=RetryMultipleFailedTestcases-1] INFO  c_testCases.F8_TrackChangesTC - Switched to frame 0.
22:43:35.039 [TestNG-test=RetryMultipleFailedTestcases-1] INFO  c_testCases.F8_TrackChangesTC - Switched to default content.
22:43:36.408 [TestNG-test=RetryMultipleFailedTestcases-1] INFO  c_testCases.F8_TrackChangesTC - Clicked on Track changes Accept Change.
22:43:48.081 [TestNG-test=RetryMultipleFailedTestcases-4] INFO  c_testCases.F8_TrackChangesTC - Logged in and searched for a file, then clicked Edit.
22:43:48.092 [TestNG-test=RetryMultipleFailedTestcases-4] INFO  c_testCases.F8_TrackChangesTC - Switched to frame 0.
22:43:48.646 [TestNG-test=RetryMultipleFailedTestcases-4] INFO  c_testCases.F8_TrackChangesTC - Switched to default content.
22:43:48.698 [TestNG-test=RetryMultipleFailedTestcases-4] INFO  c_testCases.F8_TrackChangesTC - Switched to frame 1.
22:43:49.215 [TestNG-test=RetryMultipleFailedTestcases-4] INFO  c_testCases.F8_TrackChangesTC - Switched to default content.
22:43:49.375 [TestNG-test=RetryMultipleFailedTestcases-4] INFO  c_testCases.F8_TrackChangesTC - Switched to frame 0.
22:43:49.404 [TestNG-test=RetryMultipleFailedTestcases-4] INFO  c_testCases.F8_TrackChangesTC - Switched to default content.
22:43:49.545 [TestNG-test=RetryMultipleFailedTestcases-4] INFO  c_testCases.F8_TrackChangesTC - Clicked on track changes.
22:43:49.564 [TestNG-test=RetryMultipleFailedTestcases-4] INFO  c_testCases.F8_TrackChangesTC - Switched to frame 0.
22:43:50.199 [TestNG-test=RetryMultipleFailedTestcases-4] INFO  c_testCases.F8_TrackChangesTC - Switched to default content.
22:43:50.749 [TestNG-test=RetryMultipleFailedTestcases-4] INFO  c_testCases.F8_TrackChangesTC - Clicked on Track changes Accept Change.
22:43:55.310 [TestNG-test=RetryMultipleFailedTestcases-3] INFO  c_testCases.F8_TrackChangesTC - Logged in and searched for a file, then clicked Edit.
22:43:55.324 [TestNG-test=RetryMultipleFailedTestcases-3] INFO  c_testCases.F8_TrackChangesTC - Switched to frame 0.
22:43:55.746 [TestNG-test=RetryMultipleFailedTestcases-3] INFO  c_testCases.F8_TrackChangesTC - Switched to default content.
22:43:57.737 [TestNG-test=RetryMultipleFailedTestcases-3] INFO  c_testCases.F8_TrackChangesTC - Switched to frame 0.
22:43:58.175 [TestNG-test=RetryMultipleFailedTestcases-3] INFO  c_testCases.F8_TrackChangesTC - Switched to default content.
22:43:58.525 [TestNG-test=RetryMultipleFailedTestcases-3] INFO  c_testCases.F8_TrackChangesTC - Clicked on track changes.
22:43:58.597 [TestNG-test=RetryMultipleFailedTestcases-3] INFO  c_testCases.F8_TrackChangesTC - Switched to frame 0.
22:43:58.962 [TestNG-test=RetryMultipleFailedTestcases-3] INFO  c_testCases.F8_TrackChangesTC - Switched to default content.
22:43:59.446 [TestNG-test=RetryMultipleFailedTestcases-3] INFO  c_testCases.F8_TrackChangesTC - Clicked on Track changes Accept Change.
22:45:23.014 [TestNG-test=RetryMultipleFailedTestcases-2] INFO  c_testCases.F9_FootnoteTC - Logged in and searched for a file, then clicked Edit.
22:45:23.065 [TestNG-test=RetryMultipleFailedTestcases-2] INFO  c_testCases.F9_FootnoteTC - Switched to frame 0.
22:45:23.968 [TestNG-test=RetryMultipleFailedTestcases-2] INFO  c_testCases.F9_FootnoteTC - Switched to default content.
22:45:29.866 [TestNG-test=RetryMultipleFailedTestcases-1] INFO  c_testCases.F9_FootnoteTC - Logged in and searched for a file, then clicked Edit.
22:45:29.887 [TestNG-test=RetryMultipleFailedTestcases-1] INFO  c_testCases.F9_FootnoteTC - Switched to frame 0.
22:45:30.708 [TestNG-test=RetryMultipleFailedTestcases-1] INFO  c_testCases.F9_FootnoteTC - Switched to default content.
22:45:38.646 [TestNG-test=RetryMultipleFailedTestcases-1] INFO  c_testCases.F9_FootnoteTC - Switched to frame 0.
22:45:39.447 [TestNG-test=RetryMultipleFailedTestcases-1] INFO  c_testCases.F9_FootnoteTC - Switched to default content.
22:45:46.880 [TestNG-test=RetryMultipleFailedTestcases-4] INFO  c_testCases.F9_FootnoteTC - Logged in and searched for a file, then clicked Edit.
22:45:46.896 [TestNG-test=RetryMultipleFailedTestcases-4] INFO  c_testCases.F9_FootnoteTC - Switched to frame 0.
22:45:47.553 [TestNG-test=RetryMultipleFailedTestcases-4] INFO  c_testCases.F9_FootnoteTC - Switched to default content.
22:45:56.559 [TestNG-test=RetryMultipleFailedTestcases-3] INFO  c_testCases.F9_FootnoteTC - Logged in and searched for a file, then clicked Edit.
22:45:56.603 [TestNG-test=RetryMultipleFailedTestcases-3] INFO  c_testCases.F9_FootnoteTC - Switched to frame 0.
22:45:57.317 [TestNG-test=RetryMultipleFailedTestcases-3] INFO  c_testCases.F9_FootnoteTC - Switched to default content.
22:46:39.453 [TestNG-test=RetryMultipleFailedTestcases-4] INFO  c_testCases.F9_FootnoteTC - Logged in and searched for a file, then clicked Edit.
22:46:39.477 [TestNG-test=RetryMultipleFailedTestcases-4] INFO  c_testCases.F9_FootnoteTC - Switched to frame 0.
22:46:40.246 [TestNG-test=RetryMultipleFailedTestcases-4] INFO  c_testCases.F9_FootnoteTC - Switched to default content.
22:46:47.162 [TestNG-test=RetryMultipleFailedTestcases-3] INFO  c_testCases.F9_FootnoteTC - Logged in and searched for a file, then clicked Edit.
22:46:47.594 [TestNG-test=RetryMultipleFailedTestcases-3] INFO  c_testCases.F9_FootnoteTC - Switched to frame 0.
22:46:48.629 [TestNG-test=RetryMultipleFailedTestcases-3] INFO  c_testCases.F9_FootnoteTC - Switched to default content.
22:47:10.945 [TestNG-test=RetryMultipleFailedTestcases-2] INFO  c_testCases.F9_FootnoteTC - Logged in and searched for a file, then clicked Edit.
22:47:10.965 [TestNG-test=RetryMultipleFailedTestcases-2] INFO  c_testCases.F9_FootnoteTC - Switched to frame 0.
22:47:11.623 [TestNG-test=RetryMultipleFailedTestcases-2] INFO  c_testCases.F9_FootnoteTC - Switched to default content.
22:47:49.378 [TestNG-test=RetryMultipleFailedTestcases-4] INFO  c_testCases.F9_FootnoteTC - Logged in and searched for a file, then clicked Edit.
22:47:49.407 [TestNG-test=RetryMultipleFailedTestcases-4] INFO  c_testCases.F9_FootnoteTC - Switched to frame 0.
22:47:49.963 [TestNG-test=RetryMultipleFailedTestcases-4] INFO  c_testCases.F9_FootnoteTC - Switched to default content.
22:47:50.337 [TestNG-test=RetryMultipleFailedTestcases-3] INFO  c_testCases.F9_FootnoteTC - Logged in and searched for a file, then clicked Edit.
22:47:50.390 [TestNG-test=RetryMultipleFailedTestcases-3] INFO  c_testCases.F9_FootnoteTC - Switched to frame 0.
22:47:51.404 [TestNG-test=RetryMultipleFailedTestcases-3] INFO  c_testCases.F9_FootnoteTC - Switched to default content.
22:48:41.787 [TestNG-test=RetryMultipleFailedTestcases-3] INFO  c_testCases.F9_FootnoteTC - Logged in and searched for a file, then clicked Edit.
22:48:41.811 [TestNG-test=RetryMultipleFailedTestcases-3] INFO  c_testCases.F9_FootnoteTC - Switched to frame 0.
22:48:42.868 [TestNG-test=RetryMultipleFailedTestcases-4] INFO  c_testCases.F9_FootnoteTC - Logged in and searched for a file, then clicked Edit.
22:48:42.894 [TestNG-test=RetryMultipleFailedTestcases-4] INFO  c_testCases.F9_FootnoteTC - Switched to frame 0.
22:48:43.151 [TestNG-test=RetryMultipleFailedTestcases-3] INFO  c_testCases.F9_FootnoteTC - Switched to default content.
22:48:43.450 [TestNG-test=RetryMultipleFailedTestcases-4] INFO  c_testCases.F9_FootnoteTC - Switched to default content.
22:52:57.854 [TestNG-test=RetryMultipleFailedTestcases-4] INFO  c_testCases.F11_CommnetsTC - Starting Verify_AddCommentUsingRHSPlusSign ..
22:53:25.879 [TestNG-test=RetryMultipleFailedTestcases-4] INFO  c_testCases.F11_CommnetsTC -  clicked on Comment tab from RHS
22:53:25.941 [TestNG-test=RetryMultipleFailedTestcases-2] INFO  c_testCases.F11_CommnetsTC - Starting Verify_AddReplyDeleteComment ..
22:53:26.690 [TestNG-test=RetryMultipleFailedTestcases-4] INFO  c_testCases.F11_CommnetsTC - Double clicked on First para
22:53:26.999 [TestNG-test=RetryMultipleFailedTestcases-4] INFO  c_testCases.F11_CommnetsTC -  clicked on Add comment Plus Sign
22:53:27.353 [TestNG-test=RetryMultipleFailedTestcases-4] INFO  c_testCases.F11_CommnetsTC - Comment is entered into comment text field
22:53:27.754 [TestNG-test=RetryMultipleFailedTestcases-4] INFO  c_testCases.F11_CommnetsTC - Commnet is submited
22:53:27.968 [TestNG-test=RetryMultipleFailedTestcases-4] INFO  c_testCases.F11_CommnetsTC -  Comment card is added into comment panel
22:53:28.009 [TestNG-test=RetryMultipleFailedTestcases-4] INFO  c_testCases.F11_CommnetsTC - Comment count is updated
22:53:28.048 [TestNG-test=RetryMultipleFailedTestcases-4] INFO  c_testCases.F11_CommnetsTC - Commented Section Number is highlighted into yellow Color
22:53:28.597 [TestNG-test=RetryMultipleFailedTestcases-4] INFO  c_testCases.F11_CommnetsTC - clicked on Code View button 
22:54:01.595 [TestNG-test=RetryMultipleFailedTestcases-3] INFO  c_testCases.F11_CommnetsTC - Starting Verify_CommentInPara ..
22:54:04.422 [TestNG-test=RetryMultipleFailedTestcases-2] INFO  c_testCases.F11_CommnetsTC - Double clicked on First para
22:54:04.664 [TestNG-test=RetryMultipleFailedTestcases-2] INFO  c_testCases.F11_CommnetsTC -  clicked on Add comment plugin
22:54:04.799 [TestNG-test=RetryMultipleFailedTestcases-2] INFO  c_testCases.F11_CommnetsTC -  Add comment popup is opened
22:54:05.117 [TestNG-test=RetryMultipleFailedTestcases-2] INFO  c_testCases.F11_CommnetsTC - Comment is entered into comment text field
22:54:05.516 [TestNG-test=RetryMultipleFailedTestcases-2] INFO  c_testCases.F11_CommnetsTC - Commnet is submited
22:54:05.799 [TestNG-test=RetryMultipleFailedTestcases-2] INFO  c_testCases.F11_CommnetsTC -  Comment card is added into comment panel
22:54:05.843 [TestNG-test=RetryMultipleFailedTestcases-2] INFO  c_testCases.F11_CommnetsTC - Comment count is updated
22:54:05.899 [TestNG-test=RetryMultipleFailedTestcases-2] INFO  c_testCases.F11_CommnetsTC - Commented Content is highlighted into yellow Color
22:54:08.756 [TestNG-test=RetryMultipleFailedTestcases-4] INFO  c_testCases.F11_CommnetsTC - Verifying content validation error
22:54:08.756 [TestNG-test=RetryMultipleFailedTestcases-4] INFO  c_testCases.F11_CommnetsTC - Finished Verify_AddCommentUsingRHSPlusSign ..
22:54:13.341 [TestNG-test=RetryMultipleFailedTestcases-1] INFO  c_testCases.F11_CommnetsTC - Starting Verify_CommentToCrossReference ..
22:54:17.234 [TestNG-test=RetryMultipleFailedTestcases-4] INFO  c_testCases.F11_CommnetsTC - Starting Verify_CommentInEmphasis ..
22:54:33.469 [TestNG-test=RetryMultipleFailedTestcases-3] INFO  c_testCases.F11_CommnetsTC - Double clicked on First para
22:54:33.752 [TestNG-test=RetryMultipleFailedTestcases-3] INFO  c_testCases.F11_CommnetsTC -  clicked on Add comment plugin
22:54:33.806 [TestNG-test=RetryMultipleFailedTestcases-3] INFO  c_testCases.F11_CommnetsTC -  Add comment popup is opened
22:54:34.099 [TestNG-test=RetryMultipleFailedTestcases-3] INFO  c_testCases.F11_CommnetsTC - Comment is entered into comment text field
22:54:34.526 [TestNG-test=RetryMultipleFailedTestcases-3] INFO  c_testCases.F11_CommnetsTC - Commnet is submited
22:54:34.839 [TestNG-test=RetryMultipleFailedTestcases-3] INFO  c_testCases.F11_CommnetsTC -  Comment card is added into comment panel
22:54:34.887 [TestNG-test=RetryMultipleFailedTestcases-3] INFO  c_testCases.F11_CommnetsTC - Comment count is updated
22:54:35.542 [TestNG-test=RetryMultipleFailedTestcases-3] INFO  c_testCases.F11_CommnetsTC - clicked on Show comments button
22:54:35.775 [TestNG-test=RetryMultipleFailedTestcases-3] INFO  c_testCases.F11_CommnetsTC -  Comment bubble is visible to commentd content
22:54:35.799 [TestNG-test=RetryMultipleFailedTestcases-3] INFO  c_testCases.F11_CommnetsTC - Commented Content is highlighted into yellow Color
22:54:36.143 [TestNG-test=RetryMultipleFailedTestcases-3] INFO  c_testCases.F11_CommnetsTC - clicked on Code View button 
22:54:45.742 [TestNG-test=RetryMultipleFailedTestcases-3] INFO  c_testCases.F11_CommnetsTC - Starting Verify_CommentInPara ..
22:54:48.871 [TestNG-test=RetryMultipleFailedTestcases-2] INFO  c_testCases.F11_CommnetsTC - clicked on Code View button 
22:54:53.875 [TestNG-test=RetryMultipleFailedTestcases-4] INFO  c_testCases.F11_CommnetsTC - Double clicked on Emphasis element
22:54:53.953 [TestNG-test=RetryMultipleFailedTestcases-1] INFO  c_testCases.F11_CommnetsTC - Double clicked on First para
22:54:54.150 [TestNG-test=RetryMultipleFailedTestcases-4] INFO  c_testCases.F11_CommnetsTC -  clicked on Add comment plugin
22:54:54.583 [TestNG-test=RetryMultipleFailedTestcases-4] INFO  c_testCases.F11_CommnetsTC - Comment is entered into comment text field
22:54:54.742 [TestNG-test=RetryMultipleFailedTestcases-1] INFO  c_testCases.F11_CommnetsTC - clicked on Cross Reference button 
22:54:55.208 [TestNG-test=RetryMultipleFailedTestcases-4] INFO  c_testCases.F11_CommnetsTC - Commnet is submited
22:54:56.659 [TestNG-test=RetryMultipleFailedTestcases-4] INFO  c_testCases.F11_CommnetsTC -  Comment card is added into comment panel
22:54:56.688 [TestNG-test=RetryMultipleFailedTestcases-4] INFO  c_testCases.F11_CommnetsTC - Comment count is updated
22:54:56.724 [TestNG-test=RetryMultipleFailedTestcases-4] INFO  c_testCases.F11_CommnetsTC - Commented Emphasis is highlighted into yellow Color
22:54:57.059 [TestNG-test=RetryMultipleFailedTestcases-4] INFO  c_testCases.F11_CommnetsTC - clicked on Code View button 
22:54:58.870 [TestNG-test=RetryMultipleFailedTestcases-1] INFO  c_testCases.F11_CommnetsTC - clicked on Code Cross Reference checkbox 
22:54:58.994 [TestNG-test=RetryMultipleFailedTestcases-1] INFO  c_testCases.F11_CommnetsTC - clicked on Cross Reference popup ok button 
22:55:13.064 [TestNG-test=RetryMultipleFailedTestcases-3] INFO  c_testCases.F11_CommnetsTC - Double clicked on First para
22:55:13.265 [TestNG-test=RetryMultipleFailedTestcases-3] INFO  c_testCases.F11_CommnetsTC -  clicked on Add comment plugin
22:55:13.321 [TestNG-test=RetryMultipleFailedTestcases-3] INFO  c_testCases.F11_CommnetsTC -  Add comment popup is opened
22:55:13.649 [TestNG-test=RetryMultipleFailedTestcases-3] INFO  c_testCases.F11_CommnetsTC - Comment is entered into comment text field
22:55:14.074 [TestNG-test=RetryMultipleFailedTestcases-3] INFO  c_testCases.F11_CommnetsTC - Commnet is submited
22:55:14.359 [TestNG-test=RetryMultipleFailedTestcases-3] INFO  c_testCases.F11_CommnetsTC -  Comment card is added into comment panel
22:55:14.397 [TestNG-test=RetryMultipleFailedTestcases-3] INFO  c_testCases.F11_CommnetsTC - Comment count is updated
22:55:14.906 [TestNG-test=RetryMultipleFailedTestcases-3] INFO  c_testCases.F11_CommnetsTC - clicked on Show comments button
22:55:15.036 [TestNG-test=RetryMultipleFailedTestcases-3] INFO  c_testCases.F11_CommnetsTC -  Comment bubble is visible to commentd content
22:55:15.210 [TestNG-test=RetryMultipleFailedTestcases-3] INFO  c_testCases.F11_CommnetsTC - Commented Content is highlighted into yellow Color
22:55:15.564 [TestNG-test=RetryMultipleFailedTestcases-3] INFO  c_testCases.F11_CommnetsTC - clicked on Code View button 
22:55:24.974 [TestNG-test=RetryMultipleFailedTestcases-3] INFO  c_testCases.F11_CommnetsTC - Starting Verify_CommentInPara ..
22:55:28.941 [TestNG-test=RetryMultipleFailedTestcases-2] INFO  c_testCases.F11_CommnetsTC - Verifying content validation error
22:55:28.941 [TestNG-test=RetryMultipleFailedTestcases-2] INFO  c_testCases.F11_CommnetsTC - Finished Verify_AddReplyDeleteComment ..
22:55:36.821 [TestNG-test=RetryMultipleFailedTestcases-2] INFO  c_testCases.F11_CommnetsTC - Starting Verify_CommentToExistingTable ..
22:55:37.149 [TestNG-test=RetryMultipleFailedTestcases-4] INFO  c_testCases.F11_CommnetsTC - Verifying content validation error
22:55:37.149 [TestNG-test=RetryMultipleFailedTestcases-4] INFO  c_testCases.F11_CommnetsTC - Finished Verify_CommentInEmphasis ..
22:55:47.042 [TestNG-test=RetryMultipleFailedTestcases-4] INFO  c_testCases.F11_CommnetsTC - Starting Verify_CommentToFigureHeading ..
22:55:50.458 [TestNG-test=RetryMultipleFailedTestcases-1] INFO  c_testCases.F11_CommnetsTC - Starting Verify_CommentToCrossReference ..
22:55:52.122 [TestNG-test=RetryMultipleFailedTestcases-3] INFO  c_testCases.F11_CommnetsTC - Double clicked on First para
22:55:52.394 [TestNG-test=RetryMultipleFailedTestcases-3] INFO  c_testCases.F11_CommnetsTC -  clicked on Add comment plugin
22:55:52.518 [TestNG-test=RetryMultipleFailedTestcases-3] INFO  c_testCases.F11_CommnetsTC -  Add comment popup is opened
22:55:52.844 [TestNG-test=RetryMultipleFailedTestcases-3] INFO  c_testCases.F11_CommnetsTC - Comment is entered into comment text field
22:55:53.350 [TestNG-test=RetryMultipleFailedTestcases-3] INFO  c_testCases.F11_CommnetsTC - Commnet is submited
22:55:53.672 [TestNG-test=RetryMultipleFailedTestcases-3] INFO  c_testCases.F11_CommnetsTC -  Comment card is added into comment panel
22:55:53.707 [TestNG-test=RetryMultipleFailedTestcases-3] INFO  c_testCases.F11_CommnetsTC - Comment count is updated
22:55:54.239 [TestNG-test=RetryMultipleFailedTestcases-3] INFO  c_testCases.F11_CommnetsTC - clicked on Show comments button
22:55:54.350 [TestNG-test=RetryMultipleFailedTestcases-3] INFO  c_testCases.F11_CommnetsTC -  Comment bubble is visible to commentd content
22:55:54.474 [TestNG-test=RetryMultipleFailedTestcases-3] INFO  c_testCases.F11_CommnetsTC - Commented Content is highlighted into yellow Color
22:55:54.826 [TestNG-test=RetryMultipleFailedTestcases-3] INFO  c_testCases.F11_CommnetsTC - clicked on Code View button 
22:56:07.784 [TestNG-test=RetryMultipleFailedTestcases-3] INFO  c_testCases.F11_CommnetsTC - Starting Verify_CommentInPara ..
22:56:09.577 [TestNG-test=RetryMultipleFailedTestcases-2] INFO  c_testCases.F11_CommnetsTC -  clicked on Existing table content
22:56:09.865 [TestNG-test=RetryMultipleFailedTestcases-2] INFO  c_testCases.F11_CommnetsTC - Table content is selected from VE
22:56:10.021 [TestNG-test=RetryMultipleFailedTestcases-2] INFO  c_testCases.F11_CommnetsTC -  clicked on Add comment plugin
22:56:10.352 [TestNG-test=RetryMultipleFailedTestcases-2] INFO  c_testCases.F11_CommnetsTC - Comment is entered into comment text field
22:56:10.788 [TestNG-test=RetryMultipleFailedTestcases-2] INFO  c_testCases.F11_CommnetsTC - Commnet is submited
22:56:11.067 [TestNG-test=RetryMultipleFailedTestcases-2] INFO  c_testCases.F11_CommnetsTC -  Comment card is added into comment panel
22:56:11.101 [TestNG-test=RetryMultipleFailedTestcases-2] INFO  c_testCases.F11_CommnetsTC - Comment count is updated
22:56:11.138 [TestNG-test=RetryMultipleFailedTestcases-2] INFO  c_testCases.F11_CommnetsTC - Commented Table element is highlighted into yellow Color
22:56:11.440 [TestNG-test=RetryMultipleFailedTestcases-2] INFO  c_testCases.F11_CommnetsTC - clicked on Code View button 
22:56:22.762 [TestNG-test=RetryMultipleFailedTestcases-4] INFO  c_testCases.F11_CommnetsTC - Right Clicked on Para Element 
22:56:23.628 [TestNG-test=RetryMultipleFailedTestcases-4] INFO  c_testCases.F11_CommnetsTC - Clicked on Insert After 
22:56:24.009 [TestNG-test=RetryMultipleFailedTestcases-4] INFO  c_testCases.F11_CommnetsTC - Searched figure element from fearch field 
22:56:24.178 [TestNG-test=RetryMultipleFailedTestcases-4] INFO  c_testCases.F11_CommnetsTC - Clicked on Figure element
22:56:24.734 [TestNG-test=RetryMultipleFailedTestcases-4] INFO  c_testCases.F11_CommnetsTC - Clicked on Insert element Button 
22:56:26.358 [TestNG-test=RetryMultipleFailedTestcases-1] INFO  c_testCases.F11_CommnetsTC - Double clicked on First para
22:56:26.590 [TestNG-test=RetryMultipleFailedTestcases-4] INFO  c_testCases.F11_CommnetsTC - Figure heading is Added 
22:56:26.906 [TestNG-test=RetryMultipleFailedTestcases-1] INFO  c_testCases.F11_CommnetsTC - clicked on Cross Reference button 
22:56:27.685 [TestNG-test=RetryMultipleFailedTestcases-1] INFO  c_testCases.F11_CommnetsTC - clicked on Code Cross Reference checkbox 
22:56:28.174 [TestNG-test=RetryMultipleFailedTestcases-1] INFO  c_testCases.F11_CommnetsTC - clicked on Cross Reference popup ok button 
22:56:29.137 [TestNG-test=RetryMultipleFailedTestcases-4] INFO  c_testCases.F11_CommnetsTC - Clicked on Accept changes 
22:56:29.270 [TestNG-test=RetryMultipleFailedTestcases-1] INFO  c_testCases.F11_CommnetsTC - Verifying Cross Reference is present in AP
22:56:29.602 [TestNG-test=RetryMultipleFailedTestcases-1] INFO  c_testCases.F11_CommnetsTC -  clicked on Add comment plugin
22:56:30.031 [TestNG-test=RetryMultipleFailedTestcases-1] INFO  c_testCases.F11_CommnetsTC - Comment is entered into comment text field
22:56:30.245 [TestNG-test=RetryMultipleFailedTestcases-4] INFO  c_testCases.F11_CommnetsTC - Figure heading is selected from VE
22:56:30.445 [TestNG-test=RetryMultipleFailedTestcases-4] INFO  c_testCases.F11_CommnetsTC -  clicked on Add comment plugin
22:56:30.834 [TestNG-test=RetryMultipleFailedTestcases-1] INFO  c_testCases.F11_CommnetsTC - Commnet is submited
22:56:30.983 [TestNG-test=RetryMultipleFailedTestcases-4] INFO  c_testCases.F11_CommnetsTC - Comment is entered into comment text field
22:56:31.717 [TestNG-test=RetryMultipleFailedTestcases-4] INFO  c_testCases.F11_CommnetsTC - Commnet is submited
22:56:32.264 [TestNG-test=RetryMultipleFailedTestcases-4] INFO  c_testCases.F11_CommnetsTC -  Comment card is added into comment panel
22:56:32.331 [TestNG-test=RetryMultipleFailedTestcases-4] INFO  c_testCases.F11_CommnetsTC - Comment count is updated
22:56:32.410 [TestNG-test=RetryMultipleFailedTestcases-4] INFO  c_testCases.F11_CommnetsTC - Commented Figure Heading is highlighted into yellow Color
22:56:33.140 [TestNG-test=RetryMultipleFailedTestcases-4] INFO  c_testCases.F11_CommnetsTC - clicked on Code View button 
22:56:33.701 [TestNG-test=RetryMultipleFailedTestcases-1] INFO  c_testCases.F11_CommnetsTC -  Comment card is added into comment panel
22:56:33.758 [TestNG-test=RetryMultipleFailedTestcases-1] INFO  c_testCases.F11_CommnetsTC - Comment count is updated
22:56:33.808 [TestNG-test=RetryMultipleFailedTestcases-1] INFO  c_testCases.F11_CommnetsTC - Commented Xref is highlighted into yellow Color
22:56:34.131 [TestNG-test=RetryMultipleFailedTestcases-1] INFO  c_testCases.F11_CommnetsTC - clicked on Code View button 
22:56:37.749 [TestNG-test=RetryMultipleFailedTestcases-3] INFO  c_testCases.F11_CommnetsTC - Double clicked on First para
22:56:38.034 [TestNG-test=RetryMultipleFailedTestcases-3] INFO  c_testCases.F11_CommnetsTC -  clicked on Add comment plugin
22:56:38.149 [TestNG-test=RetryMultipleFailedTestcases-3] INFO  c_testCases.F11_CommnetsTC -  Add comment popup is opened
22:56:38.461 [TestNG-test=RetryMultipleFailedTestcases-3] INFO  c_testCases.F11_CommnetsTC - Comment is entered into comment text field
22:56:38.958 [TestNG-test=RetryMultipleFailedTestcases-3] INFO  c_testCases.F11_CommnetsTC - Commnet is submited
22:56:39.252 [TestNG-test=RetryMultipleFailedTestcases-3] INFO  c_testCases.F11_CommnetsTC -  Comment card is added into comment panel
22:56:39.291 [TestNG-test=RetryMultipleFailedTestcases-3] INFO  c_testCases.F11_CommnetsTC - Comment count is updated
22:56:39.691 [TestNG-test=RetryMultipleFailedTestcases-3] INFO  c_testCases.F11_CommnetsTC - clicked on Show comments button
22:56:40.308 [TestNG-test=RetryMultipleFailedTestcases-3] INFO  c_testCases.F11_CommnetsTC -  Comment bubble is visible to commentd content
22:56:40.331 [TestNG-test=RetryMultipleFailedTestcases-3] INFO  c_testCases.F11_CommnetsTC - Commented Content is highlighted into yellow Color
22:56:40.568 [TestNG-test=RetryMultipleFailedTestcases-3] INFO  c_testCases.F11_CommnetsTC - clicked on Code View button 
22:56:51.591 [TestNG-test=RetryMultipleFailedTestcases-2] INFO  c_testCases.F11_CommnetsTC - Verifying content validation error
22:56:51.591 [TestNG-test=RetryMultipleFailedTestcases-2] INFO  c_testCases.F11_CommnetsTC - Finished Verify_CommentToExistingTable ..
22:57:02.909 [TestNG-test=RetryMultipleFailedTestcases-3] INFO  c_testCases.F11_CommnetsTC - Starting Verify_CommentToFootnote ..
22:57:03.829 [TestNG-test=RetryMultipleFailedTestcases-2] INFO  c_testCases.F11_CommnetsTC - Starting Verify_CommentToListelement ..
22:57:13.234 [TestNG-test=RetryMultipleFailedTestcases-4] INFO  c_testCases.F11_CommnetsTC - Verifying content validation error
22:57:13.234 [TestNG-test=RetryMultipleFailedTestcases-4] INFO  c_testCases.F11_CommnetsTC - Finished Verify_CommentToFigureHeading ..
22:57:14.341 [TestNG-test=RetryMultipleFailedTestcases-1] INFO  c_testCases.F11_CommnetsTC - Verifying content validation error
22:57:14.341 [TestNG-test=RetryMultipleFailedTestcases-1] INFO  c_testCases.F11_CommnetsTC - Finished Verify_CommentInSectionHeading ..
22:57:23.126 [TestNG-test=RetryMultipleFailedTestcases-4] INFO  c_testCases.F11_CommnetsTC - Starting Verify_CommentToNewTable ..
22:57:24.799 [TestNG-test=RetryMultipleFailedTestcases-1] INFO  c_testCases.F11_CommnetsTC - Starting Verify_CommentInPara ..
22:57:33.022 [TestNG-test=RetryMultipleFailedTestcases-3] INFO  c_testCases.F11_CommnetsTC - Clicked on First para
22:57:33.561 [TestNG-test=RetryMultipleFailedTestcases-3] INFO  c_testCases.F11_CommnetsTC - Clicked on footnote from toolbar
22:57:35.039 [TestNG-test=RetryMultipleFailedTestcases-2] INFO  c_testCases.F11_CommnetsTC - clicked on second section from DS
22:57:36.325 [TestNG-test=RetryMultipleFailedTestcases-2] INFO  c_testCases.F11_CommnetsTC - clicked on second sections 2nd para from DS
22:57:36.488 [TestNG-test=RetryMultipleFailedTestcases-3] INFO  c_testCases.F11_CommnetsTC - Clicked on footnote Textbox
22:57:36.517 [TestNG-test=RetryMultipleFailedTestcases-3] INFO  c_testCases.F11_CommnetsTC - inserted Hello into footnote Text box 
22:57:36.817 [TestNG-test=RetryMultipleFailedTestcases-2] INFO  c_testCases.F11_CommnetsTC - clicked on Enter key
22:57:38.003 [TestNG-test=RetryMultipleFailedTestcases-3] INFO  c_testCases.F11_CommnetsTC - Clicked on footnote ok button 
22:57:38.638 [TestNG-test=RetryMultipleFailedTestcases-2] INFO  c_testCases.F11_CommnetsTC - clicked on Number list
22:57:40.379 [TestNG-test=RetryMultipleFailedTestcases-3] INFO  c_testCases.F11_CommnetsTC - Clicked on Accept changes
22:57:41.564 [TestNG-test=RetryMultipleFailedTestcases-3] INFO  c_testCases.F11_CommnetsTC - Clicked on inserted footnote from VE
22:57:42.016 [TestNG-test=RetryMultipleFailedTestcases-3] INFO  c_testCases.F11_CommnetsTC -  clicked on Add comment plugin
22:57:42.440 [TestNG-test=RetryMultipleFailedTestcases-3] INFO  c_testCases.F11_CommnetsTC - Comment is entered into comment text field
22:57:42.467 [TestNG-test=RetryMultipleFailedTestcases-2] INFO  c_testCases.F11_CommnetsTC - clicked on Accept changes
22:57:43.138 [TestNG-test=RetryMultipleFailedTestcases-2] INFO  c_testCases.F11_CommnetsTC - clicked on on new added list element in VE
22:57:43.510 [TestNG-test=RetryMultipleFailedTestcases-2] INFO  c_testCases.F11_CommnetsTC - Selected list element 
22:57:43.540 [TestNG-test=RetryMultipleFailedTestcases-3] INFO  c_testCases.F11_CommnetsTC - Commnet is submited
22:57:43.756 [TestNG-test=RetryMultipleFailedTestcases-2] INFO  c_testCases.F11_CommnetsTC -  clicked on Add comment plugin
22:57:44.202 [TestNG-test=RetryMultipleFailedTestcases-2] INFO  c_testCases.F11_CommnetsTC - Comment is entered into comment text field
22:57:44.767 [TestNG-test=RetryMultipleFailedTestcases-2] INFO  c_testCases.F11_CommnetsTC - Commnet is submited
22:57:45.018 [TestNG-test=RetryMultipleFailedTestcases-2] INFO  c_testCases.F11_CommnetsTC -  Comment card is added into comment panel
22:57:45.057 [TestNG-test=RetryMultipleFailedTestcases-2] INFO  c_testCases.F11_CommnetsTC - Comment count is updated
22:57:45.096 [TestNG-test=RetryMultipleFailedTestcases-2] INFO  c_testCases.F11_CommnetsTC - Commented List element is highlighted into yellow Color
22:57:45.567 [TestNG-test=RetryMultipleFailedTestcases-2] INFO  c_testCases.F11_CommnetsTC - clicked on Code View button 
22:57:45.720 [TestNG-test=RetryMultipleFailedTestcases-3] INFO  c_testCases.F11_CommnetsTC -  Comment card is added into comment panel
22:57:45.765 [TestNG-test=RetryMultipleFailedTestcases-3] INFO  c_testCases.F11_CommnetsTC - Comment count is updated
22:57:45.818 [TestNG-test=RetryMultipleFailedTestcases-3] INFO  c_testCases.F11_CommnetsTC - Commented Table element is highlighted into yellow Color
22:57:46.278 [TestNG-test=RetryMultipleFailedTestcases-3] INFO  c_testCases.F11_CommnetsTC - clicked on Code View button 
22:57:54.646 [TestNG-test=RetryMultipleFailedTestcases-1] INFO  c_testCases.F11_CommnetsTC - Double clicked on First para
22:57:54.799 [TestNG-test=RetryMultipleFailedTestcases-1] INFO  c_testCases.F11_CommnetsTC -  clicked on Add comment plugin
22:57:54.865 [TestNG-test=RetryMultipleFailedTestcases-1] INFO  c_testCases.F11_CommnetsTC -  Add comment popup is opened
22:57:55.094 [TestNG-test=RetryMultipleFailedTestcases-1] INFO  c_testCases.F11_CommnetsTC - Comment is entered into comment text field
22:57:55.449 [TestNG-test=RetryMultipleFailedTestcases-1] INFO  c_testCases.F11_CommnetsTC - Commnet is submited
22:57:55.722 [TestNG-test=RetryMultipleFailedTestcases-1] INFO  c_testCases.F11_CommnetsTC -  Comment card is added into comment panel
22:57:55.757 [TestNG-test=RetryMultipleFailedTestcases-1] INFO  c_testCases.F11_CommnetsTC - Comment count is updated
22:57:55.797 [TestNG-test=RetryMultipleFailedTestcases-1] INFO  c_testCases.F11_CommnetsTC - Commented Content is highlighted into yellow Color
22:57:56.213 [TestNG-test=RetryMultipleFailedTestcases-1] INFO  c_testCases.F11_CommnetsTC - clicked on Code View button 
22:57:59.222 [TestNG-test=RetryMultipleFailedTestcases-4] INFO  c_testCases.F11_CommnetsTC - New Table is inserted into VE
22:57:59.774 [TestNG-test=RetryMultipleFailedTestcases-4] INFO  c_testCases.F11_CommnetsTC - Clicked on new table Cell
22:58:00.342 [TestNG-test=RetryMultipleFailedTestcases-4] INFO  c_testCases.F11_CommnetsTC - Hello text is added into new table
22:58:00.850 [TestNG-test=RetryMultipleFailedTestcases-4] INFO  c_testCases.F11_CommnetsTC - Hello text is selected from Table
22:58:01.127 [TestNG-test=RetryMultipleFailedTestcases-4] INFO  c_testCases.F11_CommnetsTC -  clicked on Add comment plugin
22:58:01.543 [TestNG-test=RetryMultipleFailedTestcases-4] INFO  c_testCases.F11_CommnetsTC - Comment is entered into comment text field
22:58:02.359 [TestNG-test=RetryMultipleFailedTestcases-4] INFO  c_testCases.F11_CommnetsTC - Commnet is submited
22:58:02.732 [TestNG-test=RetryMultipleFailedTestcases-4] INFO  c_testCases.F11_CommnetsTC -  Comment card is added into comment panel
22:58:02.870 [TestNG-test=RetryMultipleFailedTestcases-4] INFO  c_testCases.F11_CommnetsTC - Comment count is updated
22:58:02.922 [TestNG-test=RetryMultipleFailedTestcases-4] INFO  c_testCases.F11_CommnetsTC - Commented Table element is highlighted into yellow Color
22:58:03.427 [TestNG-test=RetryMultipleFailedTestcases-4] INFO  c_testCases.F11_CommnetsTC - clicked on Code View button 
22:58:25.746 [TestNG-test=RetryMultipleFailedTestcases-2] INFO  c_testCases.F11_CommnetsTC - Verifying content validation error
22:58:25.746 [TestNG-test=RetryMultipleFailedTestcases-2] INFO  c_testCases.F11_CommnetsTC - Finished Verify_CommentToListelement ..
22:58:26.364 [TestNG-test=RetryMultipleFailedTestcases-3] INFO  c_testCases.F11_CommnetsTC - Verifying content validation error
22:58:26.364 [TestNG-test=RetryMultipleFailedTestcases-3] INFO  c_testCases.F11_CommnetsTC - Finished Verify_CommentToFootnote ..
22:58:35.552 [TestNG-test=RetryMultipleFailedTestcases-2] INFO  c_testCases.F11_CommnetsTC - Starting Verify_CommentInSectionHeading ..
22:58:36.405 [TestNG-test=RetryMultipleFailedTestcases-1] INFO  c_testCases.F11_CommnetsTC - Verifying content validation error
22:58:36.405 [TestNG-test=RetryMultipleFailedTestcases-1] INFO  c_testCases.F11_CommnetsTC - Finished Verify_CommentInPara ..
22:58:36.912 [TestNG-test=RetryMultipleFailedTestcases-3] INFO  c_testCases.F11_CommnetsTC - Starting Verify_CommentInSectionNumber ..
22:58:43.544 [TestNG-test=RetryMultipleFailedTestcases-4] INFO  c_testCases.F11_CommnetsTC - Verifying content validation error
22:58:43.544 [TestNG-test=RetryMultipleFailedTestcases-4] INFO  c_testCases.F11_CommnetsTC - Finished Verify_CommentToNewTable ..
22:58:44.822 [TestNG-test=RetryMultipleFailedTestcases-1] INFO  c_testCases.F11_CommnetsTC - Starting Verify_SelectAllAddComment ..
22:58:52.026 [TestNG-test=RetryMultipleFailedTestcases-4] INFO  c_testCases.F11_CommnetsTC - Starting verify_AddCommentEditReply ..
22:59:07.756 [TestNG-test=RetryMultipleFailedTestcases-2] INFO  c_testCases.F11_CommnetsTC - Double clicked on Section Heading
22:59:08.187 [TestNG-test=RetryMultipleFailedTestcases-2] INFO  c_testCases.F11_CommnetsTC -  clicked on Add comment plugin
22:59:08.611 [TestNG-test=RetryMultipleFailedTestcases-2] INFO  c_testCases.F11_CommnetsTC - Comment is entered into comment text field
22:59:08.883 [TestNG-test=RetryMultipleFailedTestcases-3] INFO  c_testCases.F11_CommnetsTC - Double clicked on Section Number
22:59:09.233 [TestNG-test=RetryMultipleFailedTestcases-2] INFO  c_testCases.F11_CommnetsTC - Commnet is submited
22:59:09.238 [TestNG-test=RetryMultipleFailedTestcases-3] INFO  c_testCases.F11_CommnetsTC -  clicked on Add comment plugin
22:59:09.616 [TestNG-test=RetryMultipleFailedTestcases-3] INFO  c_testCases.F11_CommnetsTC - Comment is entered into comment text field
22:59:10.150 [TestNG-test=RetryMultipleFailedTestcases-3] INFO  c_testCases.F11_CommnetsTC - Commnet is submited
22:59:10.887 [TestNG-test=RetryMultipleFailedTestcases-2] INFO  c_testCases.F11_CommnetsTC -  Comment card is added into comment panel
22:59:10.933 [TestNG-test=RetryMultipleFailedTestcases-2] INFO  c_testCases.F11_CommnetsTC - Comment count is updated
22:59:11.004 [TestNG-test=RetryMultipleFailedTestcases-2] INFO  c_testCases.F11_CommnetsTC - Commented Section Heading is highlighted into yellow Color
22:59:11.359 [TestNG-test=RetryMultipleFailedTestcases-2] INFO  c_testCases.F11_CommnetsTC - clicked on Code View button 
22:59:12.336 [TestNG-test=RetryMultipleFailedTestcases-3] INFO  c_testCases.F11_CommnetsTC -  Comment card is added into comment panel
22:59:12.400 [TestNG-test=RetryMultipleFailedTestcases-3] INFO  c_testCases.F11_CommnetsTC - Comment count is updated
22:59:12.464 [TestNG-test=RetryMultipleFailedTestcases-3] INFO  c_testCases.F11_CommnetsTC - Commented Section Number is highlighted into yellow Color
22:59:13.231 [TestNG-test=RetryMultipleFailedTestcases-3] INFO  c_testCases.F11_CommnetsTC - clicked on Code View button 
22:59:22.563 [TestNG-test=RetryMultipleFailedTestcases-1] INFO  c_testCases.F11_CommnetsTC - Selected all the content of VE
22:59:22.950 [TestNG-test=RetryMultipleFailedTestcases-1] INFO  c_testCases.F11_CommnetsTC -  clicked on Add comment plugin
22:59:23.123 [TestNG-test=RetryMultipleFailedTestcases-1] INFO  c_testCases.F11_CommnetsTC -  Add comment popup is opened
22:59:23.630 [TestNG-test=RetryMultipleFailedTestcases-1] INFO  c_testCases.F11_CommnetsTC - Comment is entered into comment text field
22:59:26.331 [TestNG-test=RetryMultipleFailedTestcases-1] INFO  c_testCases.F11_CommnetsTC - Commnet is submited
22:59:26.415 [TestNG-test=RetryMultipleFailedTestcases-4] INFO  c_testCases.F11_CommnetsTC - Double clicked on First para
22:59:26.694 [TestNG-test=RetryMultipleFailedTestcases-4] INFO  c_testCases.F11_CommnetsTC -  clicked on Add comment plugin
22:59:26.756 [TestNG-test=RetryMultipleFailedTestcases-4] INFO  c_testCases.F11_CommnetsTC -  Add comment popup is opened
