14:42:21.864 [TestNG-test=RetryMultipleFailedTestcases-1] INFO  sprint4_TestCases.C_CellLayoutTC - Sending BACK_SPACE key
14:42:21.981 [TestNG-test=RetryMultipleFailedTestcases-1] INFO  sprint4_TestCases.C_CellLayoutTC - Sending 'D00F0F' keys
14:42:22.200 [TestNG-test=RetryMultipleFailedTestcases-1] INFO  sprint4_TestCases.C_CellLayoutTC - Clicking the color save button two
14:42:22.728 [TestNG-test=RetryMultipleFailedTestcases-1] INFO  sprint4_TestCases.C_CellLayoutTC - Clicking the accept change button
14:42:23.598 [TestNG-test=RetryMultipleFailedTestcases-1] INFO  sprint4_TestCases.C_CellLayoutTC - Getting the style attribute of the selected color two
14:42:23.891 [TestNG-test=RetryMultipleFailedTestcases-1] INFO  sprint4_TestCases.C_CellLayoutTC - Verifying if the styles are not equal after save
14:42:23.892 [TestNG-test=RetryMultipleFailedTestcases-1] INFO  sprint4_TestCases.C_CellLayoutTC - Clicking the accept change button again
14:42:24.131 [TestNG-test=RetryMultipleFailedTestcases-1] INFO  sprint4_TestCases.C_CellLayoutTC - Switching back to frame 0
14:42:24.241 [TestNG-test=RetryMultipleFailedTestcases-1] INFO  sprint4_TestCases.C_CellLayoutTC - Verifying the border color style of the inserted table first cell
14:42:24.404 [TestNG-test=RetryMultipleFailedTestcases-1] INFO  sprint4_TestCases.C_CellLayoutTC - verify_BorderColor_SaveButton test completed successfully.
14:42:25.049 [TestNG-test=RetryMultipleFailedTestcases-4] INFO  sprint4_TestCases.C_CellLayoutTC - ReusableMethods.insertTableCB()
14:42:28.419 [TestNG-test=RetryMultipleFailedTestcases-3] INFO  sprint4_TestCases.C_CellLayoutTC - Creating C_CellLayout instance
14:42:28.420 [TestNG-test=RetryMultipleFailedTestcases-3] INFO  sprint4_TestCases.C_CellLayoutTC - ReusableMethods.insertTableCB()
14:42:34.843 [TestNG-test=RetryMultipleFailedTestcases-4] INFO  sprint4_TestCases.C_CellLayoutTC - Creating C_CellLayout instance
14:42:34.844 [TestNG-test=RetryMultipleFailedTestcases-4] INFO  sprint4_TestCases.C_CellLayoutTC - Switching to frame 0
14:42:34.916 [TestNG-test=RetryMultipleFailedTestcases-4] INFO  sprint4_TestCases.C_CellLayoutTC - Clicking the first cell of the inserted table
14:42:35.759 [TestNG-test=RetryMultipleFailedTestcases-4] INFO  sprint4_TestCases.C_CellLayoutTC - Switching back to default content
14:42:35.834 [TestNG-test=RetryMultipleFailedTestcases-4] INFO  sprint4_TestCases.C_CellLayoutTC - Getting the style attribute of the selected color two
14:42:35.936 [TestNG-test=RetryMultipleFailedTestcases-4] INFO  sprint4_TestCases.C_CellLayoutTC - Clicking the color picker two
14:42:36.161 [TestNG-test=RetryMultipleFailedTestcases-4] INFO  sprint4_TestCases.C_CellLayoutTC - Clicking the PCR palette two
14:42:36.369 [TestNG-test=RetryMultipleFailedTestcases-4] INFO  sprint4_TestCases.C_CellLayoutTC - Clicking the color cancel button two
14:42:36.556 [TestNG-test=RetryMultipleFailedTestcases-4] INFO  sprint4_TestCases.C_CellLayoutTC - Getting the style attribute of the selected color
14:42:36.601 [TestNG-test=RetryMultipleFailedTestcases-4] INFO  sprint4_TestCases.C_CellLayoutTC - Verifying if the styles are equal after cancel
14:42:36.601 [TestNG-test=RetryMultipleFailedTestcases-4] INFO  sprint4_TestCases.C_CellLayoutTC - verify_BorderColor_CancelButton test completed successfully.
14:42:41.083 [TestNG-test=RetryMultipleFailedTestcases-3] INFO  sprint4_TestCases.C_CellLayoutTC - Switching to frame 0
14:42:41.107 [TestNG-test=RetryMultipleFailedTestcases-3] INFO  sprint4_TestCases.C_CellLayoutTC - Clicking the first cell of the inserted table
14:42:41.618 [TestNG-test=RetryMultipleFailedTestcases-3] INFO  sprint4_TestCases.C_CellLayoutTC - Switching back to default content
14:42:41.678 [TestNG-test=RetryMultipleFailedTestcases-3] INFO  sprint4_TestCases.C_CellLayoutTC - Clicking the PCR button
14:42:41.806 [TestNG-test=RetryMultipleFailedTestcases-3] INFO  sprint4_TestCases.C_CellLayoutTC - Clicking the PCR result
14:42:41.972 [TestNG-test=RetryMultipleFailedTestcases-3] INFO  sprint4_TestCases.C_CellLayoutTC - Double-clicking the PCR result
14:42:42.177 [TestNG-test=RetryMultipleFailedTestcases-3] INFO  sprint4_TestCases.C_CellLayoutTC - Sending BACK_SPACE key
14:42:42.196 [TestNG-test=RetryMultipleFailedTestcases-3] INFO  sprint4_TestCases.C_CellLayoutTC - Sending 'D00F0F' keys
14:42:42.331 [TestNG-test=RetryMultipleFailedTestcases-3] INFO  sprint4_TestCases.C_CellLayoutTC - Clicking the color save button
14:42:42.491 [TestNG-test=RetryMultipleFailedTestcases-3] INFO  sprint4_TestCases.C_CellLayoutTC - Getting the style attribute of the selected color
14:42:42.560 [TestNG-test=RetryMultipleFailedTestcases-3] INFO  sprint4_TestCases.C_CellLayoutTC - Clicking the color picker
14:42:42.688 [TestNG-test=RetryMultipleFailedTestcases-3] INFO  sprint4_TestCases.C_CellLayoutTC - Clicking the PCR pickr
14:42:42.817 [TestNG-test=RetryMultipleFailedTestcases-3] INFO  sprint4_TestCases.C_CellLayoutTC - Clicking the color save button again
14:42:42.964 [TestNG-test=RetryMultipleFailedTestcases-3] INFO  sprint4_TestCases.C_CellLayoutTC - Getting the style attribute of the selected color
14:42:43.014 [TestNG-test=RetryMultipleFailedTestcases-3] INFO  sprint4_TestCases.C_CellLayoutTC - Verifying if the styles are not equal
14:42:43.014 [TestNG-test=RetryMultipleFailedTestcases-3] INFO  sprint4_TestCases.C_CellLayoutTC - Clicking the accept change button
14:42:43.327 [TestNG-test=RetryMultipleFailedTestcases-3] INFO  sprint4_TestCases.C_CellLayoutTC - Switching back to frame 0
14:42:43.516 [TestNG-test=RetryMultipleFailedTestcases-3] INFO  sprint4_TestCases.C_CellLayoutTC - Verifying the background color style of the inserted table first cell
14:42:46.642 [TestNG-test=RetryMultipleFailedTestcases-2] INFO  sprint4_TestCases.C_CellLayoutTC - Creating C_CellLayout instance
14:42:46.643 [TestNG-test=RetryMultipleFailedTestcases-2] INFO  sprint4_TestCases.C_CellLayoutTC - Switching to frame 0
14:42:46.673 [TestNG-test=RetryMultipleFailedTestcases-2] INFO  sprint4_TestCases.C_CellLayoutTC - Clicking the second element of the existing table
14:42:46.984 [TestNG-test=RetryMultipleFailedTestcases-2] INFO  sprint4_TestCases.C_CellLayoutTC - Switching back to default content
14:42:47.041 [TestNG-test=RetryMultipleFailedTestcases-2] INFO  sprint4_TestCases.C_CellLayoutTC - Clicking the Table Properties tab
14:42:47.183 [TestNG-test=RetryMultipleFailedTestcases-2] INFO  sprint4_TestCases.C_CellLayoutTC - Selecting 'Bottom' from the Vertical Align dropdown
14:42:47.383 [TestNG-test=RetryMultipleFailedTestcases-2] INFO  sprint4_TestCases.C_CellLayoutTC - Verifying Drag cell to add height for vertical align info msg is present
14:42:47.383 [TestNG-test=RetryMultipleFailedTestcases-2] INFO  sprint4_TestCases.C_CellLayoutTC - Clicking the Table Properties tab again
14:42:47.504 [TestNG-test=RetryMultipleFailedTestcases-2] INFO  sprint4_TestCases.C_CellLayoutTC - Selecting 'Please Select' from the Vertical Align dropdown
14:42:47.605 [TestNG-test=RetryMultipleFailedTestcases-2] INFO  sprint4_TestCases.C_CellLayoutTC - Switching back to frame 0
14:42:47.616 [TestNG-test=RetryMultipleFailedTestcases-2] INFO  sprint4_TestCases.C_CellLayoutTC - Verifying if alignment is changed to default
14:42:55.137 [TestNG-test=RetryMultipleFailedTestcases-2] INFO  sprint4_TestCases.C_CellLayoutTC - Starting selectBottomAlign_ChangeToDefault test...
14:42:55.138 [TestNG-test=RetryMultipleFailedTestcases-2] INFO  sprint4_TestCases.C_CellLayoutTC - ReusableMethods.LoginAndSearchFile_ClickEdit()
14:43:19.487 [TestNG-test=RetryMultipleFailedTestcases-2] INFO  sprint4_TestCases.C_CellLayoutTC - Creating C_CellLayout instance
14:43:19.487 [TestNG-test=RetryMultipleFailedTestcases-2] INFO  sprint4_TestCases.C_CellLayoutTC - Switching to frame 0
14:43:19.528 [TestNG-test=RetryMultipleFailedTestcases-2] INFO  sprint4_TestCases.C_CellLayoutTC - Clicking the second element of the existing table
14:43:19.780 [TestNG-test=RetryMultipleFailedTestcases-2] INFO  sprint4_TestCases.C_CellLayoutTC - Switching back to default content
14:43:19.830 [TestNG-test=RetryMultipleFailedTestcases-2] INFO  sprint4_TestCases.C_CellLayoutTC - Clicking the Table Properties tab
14:43:19.951 [TestNG-test=RetryMultipleFailedTestcases-2] INFO  sprint4_TestCases.C_CellLayoutTC - Selecting 'Bottom' from the Vertical Align dropdown
14:43:20.121 [TestNG-test=RetryMultipleFailedTestcases-2] INFO  sprint4_TestCases.C_CellLayoutTC - Verifying Drag cell to add height for vertical align info msg is present
14:43:20.121 [TestNG-test=RetryMultipleFailedTestcases-2] INFO  sprint4_TestCases.C_CellLayoutTC - Clicking the Table Properties tab again
14:43:20.225 [TestNG-test=RetryMultipleFailedTestcases-2] INFO  sprint4_TestCases.C_CellLayoutTC - Selecting 'Please Select' from the Vertical Align dropdown
14:43:20.303 [TestNG-test=RetryMultipleFailedTestcases-2] INFO  sprint4_TestCases.C_CellLayoutTC - Switching back to frame 0
14:43:20.312 [TestNG-test=RetryMultipleFailedTestcases-2] INFO  sprint4_TestCases.C_CellLayoutTC - Verifying if alignment is changed to default
15:09:14.438 [TestNG-test=RetryMultipleFailedTestcases-4] INFO  sprint4_TestCases.D_TP_InsertionsTC - Starting verifyTableHeaderNewColumnInsertLeft
15:09:14.463 [TestNG-test=RetryMultipleFailedTestcases-3] INFO  sprint4_TestCases.D_TP_InsertionsTC - Starting verifyInsertColumnLeftAcceptChangeEnabled ..
15:09:14.616 [TestNG-test=RetryMultipleFailedTestcases-1] INFO  sprint4_TestCases.D_TP_InsertionsTC - Starting verifyInsertRowAboveAndVerify ..
15:09:14.619 [TestNG-test=RetryMultipleFailedTestcases-2] INFO  sprint4_TestCases.D_TP_InsertionsTC - Starting insertRowBelowAndVerify ..
15:09:46.854 [TestNG-test=RetryMultipleFailedTestcases-3] INFO  sprint4_TestCases.D_TP_InsertionsTC - Logged in, searched for a file, and clicked Edit.
15:09:46.903 [TestNG-test=RetryMultipleFailedTestcases-3] INFO  sprint4_TestCases.D_TP_InsertionsTC - Created D_TP_Insertions instance.
15:09:47.309 [TestNG-test=RetryMultipleFailedTestcases-2] INFO  sprint4_TestCases.D_TP_InsertionsTC - Logged in, searched for a file, and clicked Edit.
15:09:47.318 [TestNG-test=RetryMultipleFailedTestcases-2] INFO  sprint4_TestCases.D_TP_InsertionsTC - Created D_TP_Insertions instance.
15:09:48.081 [TestNG-test=RetryMultipleFailedTestcases-4] INFO  sprint4_TestCases.D_TP_InsertionsTC - Logged in, searched for a file, and clicked Edit.
15:09:48.089 [TestNG-test=RetryMultipleFailedTestcases-4] INFO  sprint4_TestCases.D_TP_InsertionsTC - Created D_TP_Insertions instance.
15:09:48.723 [TestNG-test=RetryMultipleFailedTestcases-1] INFO  sprint4_TestCases.D_TP_InsertionsTC - Logged in, searched for a file, and clicked Edit.
15:09:48.725 [TestNG-test=RetryMultipleFailedTestcases-1] INFO  sprint4_TestCases.D_TP_InsertionsTC - Created D_TP_Insertions instance.
15:09:55.311 [TestNG-test=RetryMultipleFailedTestcases-3] INFO  sprint4_TestCases.D_TP_InsertionsTC - Inserted a new table.
15:09:55.862 [TestNG-test=RetryMultipleFailedTestcases-3] INFO  sprint4_TestCases.D_TP_InsertionsTC - Clicked Accept Change.
15:09:56.705 [TestNG-test=RetryMultipleFailedTestcases-3] INFO  sprint4_TestCases.D_TP_InsertionsTC - Clicked Insert Above.
15:09:57.037 [TestNG-test=RetryMultipleFailedTestcases-3] INFO  sprint4_TestCases.D_TP_InsertionsTC - Switched to frame 0.
15:09:57.502 [TestNG-test=RetryMultipleFailedTestcases-3] INFO  sprint4_TestCases.D_TP_InsertionsTC - Finished verifyInsertColumnLeftAcceptChangeEnabled
15:10:02.709 [TestNG-test=RetryMultipleFailedTestcases-1] INFO  sprint4_TestCases.D_TP_InsertionsTC - Inserted a new table.
15:10:03.227 [TestNG-test=RetryMultipleFailedTestcases-1] INFO  sprint4_TestCases.D_TP_InsertionsTC - Clicked Accept Change.
15:10:03.398 [TestNG-test=RetryMultipleFailedTestcases-1] INFO  sprint4_TestCases.D_TP_InsertionsTC - Switched to frame 0.
15:10:04.660 [TestNG-test=RetryMultipleFailedTestcases-1] INFO  sprint4_TestCases.D_TP_InsertionsTC - Clicked on the first cell of the inserted table.
15:10:04.775 [TestNG-test=RetryMultipleFailedTestcases-1] INFO  sprint4_TestCases.D_TP_InsertionsTC - Number of rows before inserting row: 8
15:10:04.784 [TestNG-test=RetryMultipleFailedTestcases-1] INFO  sprint4_TestCases.D_TP_InsertionsTC - Switched back to default content.
15:10:05.559 [TestNG-test=RetryMultipleFailedTestcases-1] INFO  sprint4_TestCases.D_TP_InsertionsTC - Clicked Insert Above.
15:10:05.839 [TestNG-test=RetryMultipleFailedTestcases-1] INFO  sprint4_TestCases.D_TP_InsertionsTC - Number of rows after inserting row is different from before inserting row.
15:10:05.839 [TestNG-test=RetryMultipleFailedTestcases-1] INFO  sprint4_TestCases.D_TP_InsertionsTC - Finished verifyInsertRowAboveAndVerify
15:10:10.804 [TestNG-test=RetryMultipleFailedTestcases-3] INFO  sprint4_TestCases.D_TP_InsertionsTC - Starting verifyTableHeaderNewColumnInsertLeft
15:10:11.013 [TestNG-test=RetryMultipleFailedTestcases-4] INFO  sprint4_TestCases.D_TP_InsertionsTC - Inserted a new table.
15:10:11.306 [TestNG-test=RetryMultipleFailedTestcases-4] INFO  sprint4_TestCases.D_TP_InsertionsTC - Clicked Select header option.
15:10:11.947 [TestNG-test=RetryMultipleFailedTestcases-4] INFO  sprint4_TestCases.D_TP_InsertionsTC - Clicked Header frist row option.
15:10:12.970 [TestNG-test=RetryMultipleFailedTestcases-4] INFO  sprint4_TestCases.D_TP_InsertionsTC - Clicked Insert Below.
15:10:13.105 [TestNG-test=RetryMultipleFailedTestcases-4] INFO  sprint4_TestCases.D_TP_InsertionsTC - Switched to frame 0.
15:10:13.143 [TestNG-test=RetryMultipleFailedTestcases-4] INFO  sprint4_TestCases.D_TP_InsertionsTC - Row is Insert Below.
15:10:13.143 [TestNG-test=RetryMultipleFailedTestcases-4] INFO  sprint4_TestCases.D_TP_InsertionsTC - Finished verifyTableHeaderNewRowInsertBelow
15:10:15.493 [TestNG-test=RetryMultipleFailedTestcases-1] INFO  sprint4_TestCases.D_TP_InsertionsTC - Starting verifyInsertColumnLeft
15:10:18.497 [TestNG-test=RetryMultipleFailedTestcases-2] INFO  sprint4_TestCases.D_TP_InsertionsTC - Inserted a new table.
15:10:18.949 [TestNG-test=RetryMultipleFailedTestcases-2] INFO  sprint4_TestCases.D_TP_InsertionsTC - Clicked Accept Change.
15:10:19.020 [TestNG-test=RetryMultipleFailedTestcases-2] INFO  sprint4_TestCases.D_TP_InsertionsTC - Switched to frame 0.
15:10:19.731 [TestNG-test=RetryMultipleFailedTestcases-2] INFO  sprint4_TestCases.D_TP_InsertionsTC - Clicked on the first cell of the inserted table.
15:10:19.872 [TestNG-test=RetryMultipleFailedTestcases-2] INFO  sprint4_TestCases.D_TP_InsertionsTC - Number of rows before inserting row: 8
15:10:19.879 [TestNG-test=RetryMultipleFailedTestcases-2] INFO  sprint4_TestCases.D_TP_InsertionsTC - Switched back to default content.
15:10:21.043 [TestNG-test=RetryMultipleFailedTestcases-2] INFO  sprint4_TestCases.D_TP_InsertionsTC - Clicked Insert Below.
15:10:21.321 [TestNG-test=RetryMultipleFailedTestcases-2] INFO  sprint4_TestCases.D_TP_InsertionsTC - Number of rows after inserting row is different from before inserting row.
15:10:21.321 [TestNG-test=RetryMultipleFailedTestcases-2] INFO  sprint4_TestCases.D_TP_InsertionsTC - Finished insertRowBelowAndVerify
15:10:22.819 [TestNG-test=RetryMultipleFailedTestcases-4] INFO  sprint4_TestCases.D_TP_InsertionsTC - Starting verifyInsertColumnRight
15:10:32.105 [TestNG-test=RetryMultipleFailedTestcases-2] INFO  sprint4_TestCases.D_TP_InsertionsTC - Starting verifyInsertLeftRightAboveBelow
15:10:43.117 [TestNG-test=RetryMultipleFailedTestcases-3] INFO  sprint4_TestCases.D_TP_InsertionsTC - Logged in, searched for a file, and clicked Edit.
15:10:43.120 [TestNG-test=RetryMultipleFailedTestcases-3] INFO  sprint4_TestCases.D_TP_InsertionsTC - Created D_TP_Insertions instance.
15:10:49.435 [TestNG-test=RetryMultipleFailedTestcases-1] INFO  sprint4_TestCases.D_TP_InsertionsTC - Logged in, searched for a file, and clicked Edit.
15:10:49.438 [TestNG-test=RetryMultipleFailedTestcases-1] INFO  sprint4_TestCases.D_TP_InsertionsTC - Created D_TP_Insertions instance.
15:10:58.400 [TestNG-test=RetryMultipleFailedTestcases-4] INFO  sprint4_TestCases.D_TP_InsertionsTC - Logged in, searched for a file, and clicked Edit.
15:10:58.406 [TestNG-test=RetryMultipleFailedTestcases-4] INFO  sprint4_TestCases.D_TP_InsertionsTC - Created D_TP_Insertions instance.
15:10:58.789 [TestNG-test=RetryMultipleFailedTestcases-1] INFO  sprint4_TestCases.D_TP_InsertionsTC - Inserted a new table.
15:10:59.361 [TestNG-test=RetryMultipleFailedTestcases-1] INFO  sprint4_TestCases.D_TP_InsertionsTC - Clicked Accept Change.
15:10:59.459 [TestNG-test=RetryMultipleFailedTestcases-1] INFO  sprint4_TestCases.D_TP_InsertionsTC - Switched to frame 0.
15:10:59.689 [TestNG-test=RetryMultipleFailedTestcases-3] INFO  sprint4_TestCases.D_TP_InsertionsTC - Starting verifyTableHeaderNewColumnInsertLeft
15:11:00.357 [TestNG-test=RetryMultipleFailedTestcases-1] INFO  sprint4_TestCases.D_TP_InsertionsTC - Clicked on the first cell of the inserted table.
15:11:00.483 [TestNG-test=RetryMultipleFailedTestcases-1] INFO  sprint4_TestCases.D_TP_InsertionsTC - Number of rows before inserting column: 8
15:11:00.491 [TestNG-test=RetryMultipleFailedTestcases-1] INFO  sprint4_TestCases.D_TP_InsertionsTC - Switched back to default content.
15:11:01.230 [TestNG-test=RetryMultipleFailedTestcases-1] INFO  sprint4_TestCases.D_TP_InsertionsTC - Clicked Insert Left.
15:11:01.381 [TestNG-test=RetryMultipleFailedTestcases-1] INFO  sprint4_TestCases.D_TP_InsertionsTC - Number of columns after inserting column is different from before inserting column.
15:11:01.381 [TestNG-test=RetryMultipleFailedTestcases-1] INFO  sprint4_TestCases.D_TP_InsertionsTC - Finished verifyInsertColumnLeft
15:11:06.594 [TestNG-test=RetryMultipleFailedTestcases-4] INFO  sprint4_TestCases.D_TP_InsertionsTC - Inserted a new table.
15:11:07.823 [TestNG-test=RetryMultipleFailedTestcases-4] INFO  sprint4_TestCases.D_TP_InsertionsTC - Clicked Accept Change.
15:11:07.877 [TestNG-test=RetryMultipleFailedTestcases-2] INFO  sprint4_TestCases.D_TP_InsertionsTC - Logged in, searched for a file, and clicked Edit.
15:11:07.879 [TestNG-test=RetryMultipleFailedTestcases-2] INFO  sprint4_TestCases.D_TP_InsertionsTC - Created D_TP_Insertions instance.
15:11:07.919 [TestNG-test=RetryMultipleFailedTestcases-4] INFO  sprint4_TestCases.D_TP_InsertionsTC - Switched to frame 0.
15:11:08.509 [TestNG-test=RetryMultipleFailedTestcases-4] INFO  sprint4_TestCases.D_TP_InsertionsTC - Clicked on the first cell of the inserted table.
15:11:08.596 [TestNG-test=RetryMultipleFailedTestcases-4] INFO  sprint4_TestCases.D_TP_InsertionsTC - Number of rows before inserting column: 8
15:11:08.600 [TestNG-test=RetryMultipleFailedTestcases-4] INFO  sprint4_TestCases.D_TP_InsertionsTC - Switched back to default content.
15:11:09.323 [TestNG-test=RetryMultipleFailedTestcases-4] INFO  sprint4_TestCases.D_TP_InsertionsTC - Clicked Insert Right.
15:11:09.406 [TestNG-test=RetryMultipleFailedTestcases-4] INFO  sprint4_TestCases.D_TP_InsertionsTC - Switched to frame 0.
15:11:09.426 [TestNG-test=RetryMultipleFailedTestcases-4] INFO  sprint4_TestCases.D_TP_InsertionsTC - Number of columns after inserting column is different from before inserting column.
15:11:09.426 [TestNG-test=RetryMultipleFailedTestcases-4] INFO  sprint4_TestCases.D_TP_InsertionsTC - Finished verifyInsertColumnRight
15:11:13.931 [TestNG-test=RetryMultipleFailedTestcases-2] INFO  sprint4_TestCases.D_TP_InsertionsTC - Inserted a new table.
15:11:13.970 [TestNG-test=RetryMultipleFailedTestcases-2] INFO  sprint4_TestCases.D_TP_InsertionsTC - Switched to frame 0.
15:11:22.623 [TestNG-test=RetryMultipleFailedTestcases-3] INFO  sprint4_TestCases.D_TP_InsertionsTC - Logged in, searched for a file, and clicked Edit.
15:11:22.625 [TestNG-test=RetryMultipleFailedTestcases-3] INFO  sprint4_TestCases.D_TP_InsertionsTC - Created D_TP_Insertions instance.
15:11:28.570 [TestNG-test=RetryMultipleFailedTestcases-3] INFO  sprint4_TestCases.D_TP_InsertionsTC - Inserted a new table.
15:11:28.761 [TestNG-test=RetryMultipleFailedTestcases-3] INFO  sprint4_TestCases.D_TP_InsertionsTC - Clicked Select header option.
15:11:29.113 [TestNG-test=RetryMultipleFailedTestcases-3] INFO  sprint4_TestCases.D_TP_InsertionsTC - Clicked header first column.
15:11:29.745 [TestNG-test=RetryMultipleFailedTestcases-3] INFO  sprint4_TestCases.D_TP_InsertionsTC - Clicked Insert Left.
15:11:34.286 [TestNG-test=RetryMultipleFailedTestcases-2] INFO  sprint4_TestCases.D_TP_InsertionsTC - Clicked on the first cell of the inserted table.
15:11:34.297 [TestNG-test=RetryMultipleFailedTestcases-2] INFO  sprint4_TestCases.D_TP_InsertionsTC - Switched back to default content.
15:11:34.701 [TestNG-test=RetryMultipleFailedTestcases-2] INFO  sprint4_TestCases.D_TP_InsertionsTC - Clicked Insert Above.
15:11:35.242 [TestNG-test=RetryMultipleFailedTestcases-2] INFO  sprint4_TestCases.D_TP_InsertionsTC - Clicked Insert Below.
15:11:35.890 [TestNG-test=RetryMultipleFailedTestcases-2] INFO  sprint4_TestCases.D_TP_InsertionsTC - Clicked Insert Left.
15:11:36.242 [TestNG-test=RetryMultipleFailedTestcases-2] INFO  sprint4_TestCases.D_TP_InsertionsTC - Clicked Insert Right.
15:11:36.286 [TestNG-test=RetryMultipleFailedTestcases-2] INFO  sprint4_TestCases.D_TP_InsertionsTC - Switched to frame 0.
15:11:49.899 [TestNG-test=RetryMultipleFailedTestcases-3] INFO  sprint4_TestCases.D_TP_InsertionsTC - Column is Insert Left.
15:11:49.899 [TestNG-test=RetryMultipleFailedTestcases-3] INFO  sprint4_TestCases.D_TP_InsertionsTC - Finished verifyTableHeaderNewColumnInsertLeft
15:12:02.276 [TestNG-test=RetryMultipleFailedTestcases-2] INFO  sprint4_TestCases.D_TP_InsertionsTC - Starting verifyInsertLeftRightAboveBelow
15:12:22.592 [TestNG-test=RetryMultipleFailedTestcases-2] INFO  sprint4_TestCases.D_TP_InsertionsTC - Logged in, searched for a file, and clicked Edit.
15:12:22.593 [TestNG-test=RetryMultipleFailedTestcases-2] INFO  sprint4_TestCases.D_TP_InsertionsTC - Created D_TP_Insertions instance.
15:12:27.639 [TestNG-test=RetryMultipleFailedTestcases-2] INFO  sprint4_TestCases.D_TP_InsertionsTC - Inserted a new table.
15:12:27.682 [TestNG-test=RetryMultipleFailedTestcases-2] INFO  sprint4_TestCases.D_TP_InsertionsTC - Switched to frame 0.
15:12:48.068 [TestNG-test=RetryMultipleFailedTestcases-2] INFO  sprint4_TestCases.D_TP_InsertionsTC - Clicked on the first cell of the inserted table.
15:12:48.086 [TestNG-test=RetryMultipleFailedTestcases-2] INFO  sprint4_TestCases.D_TP_InsertionsTC - Switched back to default content.
15:12:48.430 [TestNG-test=RetryMultipleFailedTestcases-2] INFO  sprint4_TestCases.D_TP_InsertionsTC - Clicked Insert Above.
15:12:48.909 [TestNG-test=RetryMultipleFailedTestcases-2] INFO  sprint4_TestCases.D_TP_InsertionsTC - Clicked Insert Below.
15:12:49.348 [TestNG-test=RetryMultipleFailedTestcases-2] INFO  sprint4_TestCases.D_TP_InsertionsTC - Clicked Insert Left.
15:12:49.664 [TestNG-test=RetryMultipleFailedTestcases-2] INFO  sprint4_TestCases.D_TP_InsertionsTC - Clicked Insert Right.
15:12:49.704 [TestNG-test=RetryMultipleFailedTestcases-2] INFO  sprint4_TestCases.D_TP_InsertionsTC - Switched to frame 0.
15:16:38.096 [main] INFO  sprint4_TestCases.D_TP_InsertionsTC - Starting verifyInsertLeftRightAboveBelow
15:16:58.478 [main] INFO  sprint4_TestCases.D_TP_InsertionsTC - Logged in, searched for a file, and clicked Edit.
15:16:58.492 [main] INFO  sprint4_TestCases.D_TP_InsertionsTC - Created D_TP_Insertions instance.
15:17:03.879 [main] INFO  sprint4_TestCases.D_TP_InsertionsTC - Inserted a new table.
15:17:03.913 [main] INFO  sprint4_TestCases.D_TP_InsertionsTC - Switched to frame 0.
15:17:04.192 [main] INFO  sprint4_TestCases.D_TP_InsertionsTC - Clicked on the first cell of the inserted table.
15:17:04.200 [main] INFO  sprint4_TestCases.D_TP_InsertionsTC - Switched back to default content.
15:17:04.560 [main] INFO  sprint4_TestCases.D_TP_InsertionsTC - Clicked Insert Above.
15:17:05.116 [main] INFO  sprint4_TestCases.D_TP_InsertionsTC - Clicked Insert Below.
15:17:05.599 [main] INFO  sprint4_TestCases.D_TP_InsertionsTC - Clicked Insert Left.
15:17:05.980 [main] INFO  sprint4_TestCases.D_TP_InsertionsTC - Clicked Insert Right.
15:17:06.031 [main] INFO  sprint4_TestCases.D_TP_InsertionsTC - Switched to frame 0.
15:17:06.053 [main] INFO  sprint4_TestCases.D_TP_InsertionsTC - Number of columns after inserting column is different from before inserting column.
15:17:06.053 [main] INFO  sprint4_TestCases.D_TP_InsertionsTC - Finished verifyInsertLeftRightAboveBelow
15:18:54.487 [TestNG-test=RetryMultipleFailedTestcases-1] INFO  sprint4_TestCases.E_TP_Merge_SplitCellsTC - Starting mergeCellsRight_NewTable
15:18:54.748 [TestNG-test=RetryMultipleFailedTestcases-3] INFO  sprint4_TestCases.E_TP_Merge_SplitCellsTC - Starting splitHorizontalAndVerify_NewTable
15:18:54.969 [TestNG-test=RetryMultipleFailedTestcases-2] INFO  sprint4_TestCases.E_TP_Merge_SplitCellsTC - Starting mergeCellsRight_NewTable
15:18:55.058 [TestNG-test=RetryMultipleFailedTestcases-4] INFO  sprint4_TestCases.E_TP_Merge_SplitCellsTC - Starting splitVerticalAndVerify_NewTable
15:19:18.722 [TestNG-test=RetryMultipleFailedTestcases-1] INFO  sprint4_TestCases.E_TP_Merge_SplitCellsTC - Logged in, searched for a file, and clicked Edit.
15:19:18.790 [TestNG-test=RetryMultipleFailedTestcases-1] INFO  sprint4_TestCases.E_TP_Merge_SplitCellsTC - Created E_TP_Merge_SplitCells instance.
15:19:26.002 [TestNG-test=RetryMultipleFailedTestcases-4] INFO  sprint4_TestCases.E_TP_Merge_SplitCellsTC - Logged in, searched for a file, and clicked Edit.
15:19:26.010 [TestNG-test=RetryMultipleFailedTestcases-4] INFO  sprint4_TestCases.E_TP_Merge_SplitCellsTC - Created E_TP_Merge_SplitCells instance.
15:19:26.049 [TestNG-test=RetryMultipleFailedTestcases-2] INFO  sprint4_TestCases.E_TP_Merge_SplitCellsTC - Logged in, searched for a file, and clicked Edit.
15:19:26.059 [TestNG-test=RetryMultipleFailedTestcases-2] INFO  sprint4_TestCases.E_TP_Merge_SplitCellsTC - Created E_TP_Merge_SplitCells instance.
15:19:26.085 [TestNG-test=RetryMultipleFailedTestcases-3] INFO  sprint4_TestCases.E_TP_Merge_SplitCellsTC - Logged in, searched for a file, and clicked Edit.
15:19:26.088 [TestNG-test=RetryMultipleFailedTestcases-3] INFO  sprint4_TestCases.E_TP_Merge_SplitCellsTC - Created E_TP_Merge_SplitCells instance.
15:19:29.955 [TestNG-test=RetryMultipleFailedTestcases-1] INFO  sprint4_TestCases.E_TP_Merge_SplitCellsTC - Inserted a new table.
15:19:30.530 [TestNG-test=RetryMultipleFailedTestcases-1] INFO  sprint4_TestCases.E_TP_Merge_SplitCellsTC - Clicked Accept Change.
15:19:30.594 [TestNG-test=RetryMultipleFailedTestcases-1] INFO  sprint4_TestCases.E_TP_Merge_SplitCellsTC - Switched to frame 0.
15:19:31.092 [TestNG-test=RetryMultipleFailedTestcases-1] INFO  sprint4_TestCases.E_TP_Merge_SplitCellsTC - Clicked on the first cell of the inserted table.
15:19:31.229 [TestNG-test=RetryMultipleFailedTestcases-1] INFO  sprint4_TestCases.E_TP_Merge_SplitCellsTC - Switched back to default content.
15:19:36.027 [TestNG-test=RetryMultipleFailedTestcases-3] INFO  sprint4_TestCases.E_TP_Merge_SplitCellsTC - Inserted a new table.
15:19:36.839 [TestNG-test=RetryMultipleFailedTestcases-3] INFO  sprint4_TestCases.E_TP_Merge_SplitCellsTC - Clicked Accept Change.
15:19:36.944 [TestNG-test=RetryMultipleFailedTestcases-3] INFO  sprint4_TestCases.E_TP_Merge_SplitCellsTC - Switched to frame 0.
15:19:37.665 [TestNG-test=RetryMultipleFailedTestcases-3] INFO  sprint4_TestCases.E_TP_Merge_SplitCellsTC - Clicked on the first cell of the inserted table.
15:19:37.778 [TestNG-test=RetryMultipleFailedTestcases-3] INFO  sprint4_TestCases.E_TP_Merge_SplitCellsTC - Number of rows before split: 8
15:19:37.782 [TestNG-test=RetryMultipleFailedTestcases-3] INFO  sprint4_TestCases.E_TP_Merge_SplitCellsTC - Switched back to default content.
15:19:38.353 [TestNG-test=RetryMultipleFailedTestcases-3] INFO  sprint4_TestCases.E_TP_Merge_SplitCellsTC - Clicked Split Horizontal.
15:19:38.553 [TestNG-test=RetryMultipleFailedTestcases-3] INFO  sprint4_TestCases.E_TP_Merge_SplitCellsTC - Number of rows after split is different from before split.
15:19:38.554 [TestNG-test=RetryMultipleFailedTestcases-3] INFO  sprint4_TestCases.E_TP_Merge_SplitCellsTC - Finished splitHorizontalAndVerify_NewTable
15:19:43.861 [TestNG-test=RetryMultipleFailedTestcases-2] INFO  sprint4_TestCases.E_TP_Merge_SplitCellsTC - Inserted a new table.
15:19:44.369 [TestNG-test=RetryMultipleFailedTestcases-2] INFO  sprint4_TestCases.E_TP_Merge_SplitCellsTC - Clicked Accept Change.
15:19:44.435 [TestNG-test=RetryMultipleFailedTestcases-2] INFO  sprint4_TestCases.E_TP_Merge_SplitCellsTC - Switched to frame 0.
15:19:45.137 [TestNG-test=RetryMultipleFailedTestcases-2] INFO  sprint4_TestCases.E_TP_Merge_SplitCellsTC - Clicked on the first cell of the inserted table.
15:19:45.232 [TestNG-test=RetryMultipleFailedTestcases-2] INFO  sprint4_TestCases.E_TP_Merge_SplitCellsTC - Switched back to default content.
15:19:48.461 [TestNG-test=RetryMultipleFailedTestcases-3] INFO  sprint4_TestCases.E_TP_Merge_SplitCellsTC - Starting mergeCellsRight_NewTable
15:19:50.680 [TestNG-test=RetryMultipleFailedTestcases-4] INFO  sprint4_TestCases.E_TP_Merge_SplitCellsTC - Inserted a new table.
15:19:51.219 [TestNG-test=RetryMultipleFailedTestcases-4] INFO  sprint4_TestCases.E_TP_Merge_SplitCellsTC - Clicked Accept Change.
15:19:51.305 [TestNG-test=RetryMultipleFailedTestcases-4] INFO  sprint4_TestCases.E_TP_Merge_SplitCellsTC - Switched to frame 0.
15:19:51.897 [TestNG-test=RetryMultipleFailedTestcases-4] INFO  sprint4_TestCases.E_TP_Merge_SplitCellsTC - Clicked on the first cell of the inserted table.
15:19:52.000 [TestNG-test=RetryMultipleFailedTestcases-4] INFO  sprint4_TestCases.E_TP_Merge_SplitCellsTC - Number of rows before split: 8
15:19:52.004 [TestNG-test=RetryMultipleFailedTestcases-4] INFO  sprint4_TestCases.E_TP_Merge_SplitCellsTC - Switched back to default content.
15:19:52.499 [TestNG-test=RetryMultipleFailedTestcases-4] INFO  sprint4_TestCases.E_TP_Merge_SplitCellsTC - Clicked Split Vertical.
15:19:52.596 [TestNG-test=RetryMultipleFailedTestcases-4] INFO  sprint4_TestCases.E_TP_Merge_SplitCellsTC - Number of rows after split is different from before split.
15:19:52.597 [TestNG-test=RetryMultipleFailedTestcases-4] INFO  sprint4_TestCases.E_TP_Merge_SplitCellsTC - Finished splitVerticalAndVerify_NewTable
15:20:08.844 [TestNG-test=RetryMultipleFailedTestcases-3] INFO  sprint4_TestCases.E_TP_Merge_SplitCellsTC - Logged in, searched for a file, and clicked Edit.
15:20:08.847 [TestNG-test=RetryMultipleFailedTestcases-3] INFO  sprint4_TestCases.E_TP_Merge_SplitCellsTC - Created E_TP_Merge_SplitCells instance.
15:20:11.401 [TestNG-test=RetryMultipleFailedTestcases-1] INFO  sprint4_TestCases.E_TP_Merge_SplitCellsTC - Cell merge has not occurred.
15:20:11.404 [TestNG-test=RetryMultipleFailedTestcases-1] INFO  sprint4_TestCases.E_TP_Merge_SplitCellsTC - Switched back to default content.
15:20:11.524 [TestNG-test=RetryMultipleFailedTestcases-1] INFO  sprint4_TestCases.E_TP_Merge_SplitCellsTC - Clicked on Table Properties tab.
15:20:11.786 [TestNG-test=RetryMultipleFailedTestcases-1] INFO  sprint4_TestCases.E_TP_Merge_SplitCellsTC - Clicked Merge Right.
15:20:11.846 [TestNG-test=RetryMultipleFailedTestcases-1] INFO  sprint4_TestCases.E_TP_Merge_SplitCellsTC - Cell merge has occurred.
15:20:11.847 [TestNG-test=RetryMultipleFailedTestcases-1] INFO  sprint4_TestCases.E_TP_Merge_SplitCellsTC - Switched back to default content.
15:20:11.848 [TestNG-test=RetryMultipleFailedTestcases-1] INFO  sprint4_TestCases.E_TP_Merge_SplitCellsTC - Finished mergeCellsRight_NewTable
15:20:14.512 [TestNG-test=RetryMultipleFailedTestcases-3] INFO  sprint4_TestCases.E_TP_Merge_SplitCellsTC - Inserted a new table.
15:20:14.753 [TestNG-test=RetryMultipleFailedTestcases-3] INFO  sprint4_TestCases.E_TP_Merge_SplitCellsTC - Clicked Accept Change.
15:20:14.790 [TestNG-test=RetryMultipleFailedTestcases-3] INFO  sprint4_TestCases.E_TP_Merge_SplitCellsTC - Switched to frame 0.
15:20:15.106 [TestNG-test=RetryMultipleFailedTestcases-3] INFO  sprint4_TestCases.E_TP_Merge_SplitCellsTC - Clicked on the first cell of the inserted table.
15:20:15.476 [TestNG-test=RetryMultipleFailedTestcases-3] INFO  sprint4_TestCases.E_TP_Merge_SplitCellsTC - Switched back to default content.
15:20:15.490 [TestNG-test=RetryMultipleFailedTestcases-3] INFO  sprint4_TestCases.E_TP_Merge_SplitCellsTC - Switched to frame 0.
15:20:25.448 [TestNG-test=RetryMultipleFailedTestcases-2] INFO  sprint4_TestCases.E_TP_Merge_SplitCellsTC - Cell merge has not occurred.
15:20:25.451 [TestNG-test=RetryMultipleFailedTestcases-2] INFO  sprint4_TestCases.E_TP_Merge_SplitCellsTC - Switched back to default content.
15:20:25.557 [TestNG-test=RetryMultipleFailedTestcases-2] INFO  sprint4_TestCases.E_TP_Merge_SplitCellsTC - Clicked on Table Properties tab.
15:20:25.841 [TestNG-test=RetryMultipleFailedTestcases-2] INFO  sprint4_TestCases.E_TP_Merge_SplitCellsTC - Clicked Merge Below.
15:20:25.907 [TestNG-test=RetryMultipleFailedTestcases-2] INFO  sprint4_TestCases.E_TP_Merge_SplitCellsTC - Cell merge has occurred.
15:20:25.909 [TestNG-test=RetryMultipleFailedTestcases-2] INFO  sprint4_TestCases.E_TP_Merge_SplitCellsTC - Switched back to default content.
15:20:25.909 [TestNG-test=RetryMultipleFailedTestcases-2] INFO  sprint4_TestCases.E_TP_Merge_SplitCellsTC - Finished mergeCellsRight_NewTable
15:20:55.537 [TestNG-test=RetryMultipleFailedTestcases-3] INFO  sprint4_TestCases.E_TP_Merge_SplitCellsTC - Cell merge has not occurred.
15:20:55.540 [TestNG-test=RetryMultipleFailedTestcases-3] INFO  sprint4_TestCases.E_TP_Merge_SplitCellsTC - Switched back to default content.
15:20:55.646 [TestNG-test=RetryMultipleFailedTestcases-3] INFO  sprint4_TestCases.E_TP_Merge_SplitCellsTC - Clicked on Table Properties tab.
15:20:55.906 [TestNG-test=RetryMultipleFailedTestcases-3] INFO  sprint4_TestCases.E_TP_Merge_SplitCellsTC - Clicked Merge Right.
15:20:55.969 [TestNG-test=RetryMultipleFailedTestcases-3] INFO  sprint4_TestCases.E_TP_Merge_SplitCellsTC - Cell merge has occurred.
15:20:55.971 [TestNG-test=RetryMultipleFailedTestcases-3] INFO  sprint4_TestCases.E_TP_Merge_SplitCellsTC - Switched back to default content.
15:20:55.971 [TestNG-test=RetryMultipleFailedTestcases-3] INFO  sprint4_TestCases.E_TP_Merge_SplitCellsTC - Finished mergeCellsRight_NewTable
15:21:43.135 [TestNG-test=RetryMultipleFailedTestcases-3] INFO  sprint4_TestCases.F_TP_DeletionTC - Starting verifyDeleteRow
15:21:43.153 [TestNG-test=RetryMultipleFailedTestcases-4] INFO  sprint4_TestCases.F_TP_DeletionTC - Starting verifyDeleteTableWithoutAcceptChange
15:21:43.316 [TestNG-test=RetryMultipleFailedTestcases-2] INFO  sprint4_TestCases.F_TP_DeletionTC - Starting verifyDeleteRow
15:21:43.538 [TestNG-test=RetryMultipleFailedTestcases-1] INFO  sprint4_TestCases.F_TP_DeletionTC - Starting verifyDeleteCell
15:22:08.917 [TestNG-test=RetryMultipleFailedTestcases-3] INFO  sprint4_TestCases.F_TP_DeletionTC - Logged in, searched for a file, and clicked Edit.
15:22:08.946 [TestNG-test=RetryMultipleFailedTestcases-3] INFO  sprint4_TestCases.F_TP_DeletionTC - Created F_TP_Deletion instance.
15:22:09.816 [TestNG-test=RetryMultipleFailedTestcases-1] INFO  sprint4_TestCases.F_TP_DeletionTC - Logged in, searched for a file, and clicked Edit.
15:22:09.828 [TestNG-test=RetryMultipleFailedTestcases-1] INFO  sprint4_TestCases.F_TP_DeletionTC - Created F_TP_Deletion instance.
15:22:13.067 [TestNG-test=RetryMultipleFailedTestcases-4] INFO  sprint4_TestCases.F_TP_DeletionTC - Logged in, searched for a file, and clicked Edit.
15:22:13.076 [TestNG-test=RetryMultipleFailedTestcases-4] INFO  sprint4_TestCases.F_TP_DeletionTC - Created F_TP_Deletion instance.
15:22:15.666 [TestNG-test=RetryMultipleFailedTestcases-2] INFO  sprint4_TestCases.F_TP_DeletionTC - Logged in, searched for a file, and clicked Edit.
15:22:15.670 [TestNG-test=RetryMultipleFailedTestcases-2] INFO  sprint4_TestCases.F_TP_DeletionTC - Created F_TP_Deletion instance.
15:22:18.662 [TestNG-test=RetryMultipleFailedTestcases-3] INFO  sprint4_TestCases.F_TP_DeletionTC - Inserted a new table.
15:22:18.731 [TestNG-test=RetryMultipleFailedTestcases-3] INFO  sprint4_TestCases.F_TP_DeletionTC - Switched to frame 0.
15:22:25.194 [TestNG-test=RetryMultipleFailedTestcases-2] INFO  sprint4_TestCases.F_TP_DeletionTC - Inserted a new table.
15:22:25.374 [TestNG-test=RetryMultipleFailedTestcases-2] INFO  sprint4_TestCases.F_TP_DeletionTC - Switched to frame 0.
15:22:32.024 [TestNG-test=RetryMultipleFailedTestcases-4] INFO  sprint4_TestCases.F_TP_DeletionTC - Inserted a new table.
15:22:32.106 [TestNG-test=RetryMultipleFailedTestcases-4] INFO  sprint4_TestCases.F_TP_DeletionTC - Switched to frame 0.
15:22:38.144 [TestNG-test=RetryMultipleFailedTestcases-1] INFO  sprint4_TestCases.F_TP_DeletionTC - Inserted a new table.
15:22:38.182 [TestNG-test=RetryMultipleFailedTestcases-1] INFO  sprint4_TestCases.F_TP_DeletionTC - Switched to frame 0.
15:23:06.413 [TestNG-test=RetryMultipleFailedTestcases-3] INFO  sprint4_TestCases.F_TP_DeletionTC - Starting verifyDeleteRow
15:23:22.032 [TestNG-test=RetryMultipleFailedTestcases-4] INFO  sprint4_TestCases.F_TP_DeletionTC - Starting verifyDeleteTableWithoutAcceptChange
15:23:29.791 [TestNG-test=RetryMultipleFailedTestcases-3] INFO  sprint4_TestCases.F_TP_DeletionTC - Logged in, searched for a file, and clicked Edit.
15:23:29.794 [TestNG-test=RetryMultipleFailedTestcases-3] INFO  sprint4_TestCases.F_TP_DeletionTC - Created F_TP_Deletion instance.
15:23:29.985 [TestNG-test=RetryMultipleFailedTestcases-1] INFO  sprint4_TestCases.F_TP_DeletionTC - Starting verifyDeleteCell
15:23:36.544 [TestNG-test=RetryMultipleFailedTestcases-2] INFO  sprint4_TestCases.F_TP_DeletionTC - Starting verifyDeleteRow
15:23:37.732 [TestNG-test=RetryMultipleFailedTestcases-3] INFO  sprint4_TestCases.F_TP_DeletionTC - Inserted a new table.
15:23:37.783 [TestNG-test=RetryMultipleFailedTestcases-3] INFO  sprint4_TestCases.F_TP_DeletionTC - Switched to frame 0.
15:24:01.441 [TestNG-test=RetryMultipleFailedTestcases-4] INFO  sprint4_TestCases.F_TP_DeletionTC - Logged in, searched for a file, and clicked Edit.
15:24:01.443 [TestNG-test=RetryMultipleFailedTestcases-4] INFO  sprint4_TestCases.F_TP_DeletionTC - Created F_TP_Deletion instance.
15:25:33.234 [TestNG-test=RetryMultipleFailedTestcases-3] INFO  sprint4_TestCases.F_TP_DeletionTC - Starting verifyDeleteRow
15:25:33.492 [TestNG-test=RetryMultipleFailedTestcases-2] INFO  sprint4_TestCases.F_TP_DeletionTC - Starting verifyDeleteRow
15:25:33.530 [TestNG-test=RetryMultipleFailedTestcases-1] INFO  sprint4_TestCases.F_TP_DeletionTC - Starting verifyDeleteCell
15:25:34.414 [TestNG-test=RetryMultipleFailedTestcases-4] INFO  sprint4_TestCases.F_TP_DeletionTC - Starting verifyDeleteTableWithoutAcceptChange
15:26:20.712 [TestNG-test=RetryMultipleFailedTestcases-1] INFO  sprint4_TestCases.F_TP_DeletionTC - Logged in, searched for a file, and clicked Edit.
15:26:20.849 [TestNG-test=RetryMultipleFailedTestcases-1] INFO  sprint4_TestCases.F_TP_DeletionTC - Created F_TP_Deletion instance.
15:26:23.445 [TestNG-test=RetryMultipleFailedTestcases-2] INFO  sprint4_TestCases.F_TP_DeletionTC - Logged in, searched for a file, and clicked Edit.
15:26:23.451 [TestNG-test=RetryMultipleFailedTestcases-2] INFO  sprint4_TestCases.F_TP_DeletionTC - Created F_TP_Deletion instance.
15:26:23.476 [TestNG-test=RetryMultipleFailedTestcases-4] INFO  sprint4_TestCases.F_TP_DeletionTC - Logged in, searched for a file, and clicked Edit.
15:26:23.479 [TestNG-test=RetryMultipleFailedTestcases-4] INFO  sprint4_TestCases.F_TP_DeletionTC - Created F_TP_Deletion instance.
15:26:24.329 [TestNG-test=RetryMultipleFailedTestcases-3] INFO  sprint4_TestCases.F_TP_DeletionTC - Logged in, searched for a file, and clicked Edit.
15:26:24.332 [TestNG-test=RetryMultipleFailedTestcases-3] INFO  sprint4_TestCases.F_TP_DeletionTC - Created F_TP_Deletion instance.
15:26:29.919 [TestNG-test=RetryMultipleFailedTestcases-1] INFO  sprint4_TestCases.F_TP_DeletionTC - Inserted a new table.
15:26:29.979 [TestNG-test=RetryMultipleFailedTestcases-1] INFO  sprint4_TestCases.F_TP_DeletionTC - Switched to frame 0.
15:26:30.349 [TestNG-test=RetryMultipleFailedTestcases-1] INFO  sprint4_TestCases.F_TP_DeletionTC - Clicked new table first cell.
15:26:30.367 [TestNG-test=RetryMultipleFailedTestcases-1] INFO  sprint4_TestCases.F_TP_DeletionTC - Switched back to default content.
15:26:36.104 [TestNG-test=RetryMultipleFailedTestcases-3] INFO  sprint4_TestCases.F_TP_DeletionTC - Inserted a new table.
15:26:36.179 [TestNG-test=RetryMultipleFailedTestcases-3] INFO  sprint4_TestCases.F_TP_DeletionTC - Switched to frame 0.
15:26:37.241 [TestNG-test=RetryMultipleFailedTestcases-3] INFO  sprint4_TestCases.F_TP_DeletionTC - Clicked new table first cell.
15:26:37.251 [TestNG-test=RetryMultipleFailedTestcases-3] INFO  sprint4_TestCases.F_TP_DeletionTC - Switched back to default content.
15:26:37.824 [TestNG-test=RetryMultipleFailedTestcases-3] INFO  sprint4_TestCases.F_TP_DeletionTC - Clicked delete Column from table properties
15:26:37.912 [TestNG-test=RetryMultipleFailedTestcases-3] INFO  sprint4_TestCases.F_TP_DeletionTC - Switched to frame 0.
15:26:42.932 [TestNG-test=RetryMultipleFailedTestcases-4] INFO  sprint4_TestCases.F_TP_DeletionTC - Inserted a new table.
15:26:42.997 [TestNG-test=RetryMultipleFailedTestcases-4] INFO  sprint4_TestCases.F_TP_DeletionTC - Switched to frame 0.
15:26:48.472 [TestNG-test=RetryMultipleFailedTestcases-2] INFO  sprint4_TestCases.F_TP_DeletionTC - Inserted a new table.
15:26:48.538 [TestNG-test=RetryMultipleFailedTestcases-2] INFO  sprint4_TestCases.F_TP_DeletionTC - Switched to frame 0.
15:26:57.987 [TestNG-test=RetryMultipleFailedTestcases-3] INFO  sprint4_TestCases.F_TP_DeletionTC - Column is deleted
15:26:57.987 [TestNG-test=RetryMultipleFailedTestcases-3] INFO  sprint4_TestCases.F_TP_DeletionTC - Finished verifyDeleteRow
15:27:05.239 [TestNG-test=RetryMultipleFailedTestcases-3] INFO  sprint4_TestCases.F_TP_DeletionTC - Starting verifyDeleteTableWithoutAcceptChange
15:27:08.897 [TestNG-test=RetryMultipleFailedTestcases-2] INFO  sprint4_TestCases.F_TP_DeletionTC - Clicked new table first cell.
15:27:08.907 [TestNG-test=RetryMultipleFailedTestcases-2] INFO  sprint4_TestCases.F_TP_DeletionTC - Switched back to default content.
15:27:09.350 [TestNG-test=RetryMultipleFailedTestcases-2] INFO  sprint4_TestCases.F_TP_DeletionTC - Clicked delete Row from table properties
15:27:09.429 [TestNG-test=RetryMultipleFailedTestcases-2] INFO  sprint4_TestCases.F_TP_DeletionTC - Switched to frame 0.
15:27:17.569 [TestNG-test=RetryMultipleFailedTestcases-1] INFO  sprint4_TestCases.F_TP_DeletionTC - Starting verifyDeleteCell
15:27:27.747 [TestNG-test=RetryMultipleFailedTestcases-3] INFO  sprint4_TestCases.F_TP_DeletionTC - Logged in, searched for a file, and clicked Edit.
15:27:27.752 [TestNG-test=RetryMultipleFailedTestcases-3] INFO  sprint4_TestCases.F_TP_DeletionTC - Created F_TP_Deletion instance.
15:27:34.316 [TestNG-test=RetryMultipleFailedTestcases-4] INFO  sprint4_TestCases.F_TP_DeletionTC - Starting verifyDeleteTableWithoutAcceptChange
15:27:37.269 [TestNG-test=RetryMultipleFailedTestcases-3] INFO  sprint4_TestCases.F_TP_DeletionTC - Inserted a new table.
15:27:38.126 [TestNG-test=RetryMultipleFailedTestcases-3] INFO  sprint4_TestCases.F_TP_DeletionTC - Switched to frame 0.
15:27:55.173 [TestNG-test=RetryMultipleFailedTestcases-1] INFO  sprint4_TestCases.F_TP_DeletionTC - Logged in, searched for a file, and clicked Edit.
15:27:55.175 [TestNG-test=RetryMultipleFailedTestcases-1] INFO  sprint4_TestCases.F_TP_DeletionTC - Created F_TP_Deletion instance.
15:27:55.525 [TestNG-test=RetryMultipleFailedTestcases-2] INFO  sprint4_TestCases.F_TP_DeletionTC - Starting verifyDeleteRow
15:28:05.210 [TestNG-test=RetryMultipleFailedTestcases-1] INFO  sprint4_TestCases.F_TP_DeletionTC - Inserted a new table.
15:28:05.309 [TestNG-test=RetryMultipleFailedTestcases-1] INFO  sprint4_TestCases.F_TP_DeletionTC - Switched to frame 0.
15:28:05.875 [TestNG-test=RetryMultipleFailedTestcases-1] INFO  sprint4_TestCases.F_TP_DeletionTC - Clicked new table first cell.
15:28:05.896 [TestNG-test=RetryMultipleFailedTestcases-1] INFO  sprint4_TestCases.F_TP_DeletionTC - Switched back to default content.
15:28:12.339 [TestNG-test=RetryMultipleFailedTestcases-4] INFO  sprint4_TestCases.F_TP_DeletionTC - Logged in, searched for a file, and clicked Edit.
15:28:12.341 [TestNG-test=RetryMultipleFailedTestcases-4] INFO  sprint4_TestCases.F_TP_DeletionTC - Created F_TP_Deletion instance.
15:28:18.820 [TestNG-test=RetryMultipleFailedTestcases-2] INFO  sprint4_TestCases.F_TP_DeletionTC - Logged in, searched for a file, and clicked Edit.
15:28:18.824 [TestNG-test=RetryMultipleFailedTestcases-2] INFO  sprint4_TestCases.F_TP_DeletionTC - Created F_TP_Deletion instance.
15:28:20.180 [TestNG-test=RetryMultipleFailedTestcases-4] INFO  sprint4_TestCases.F_TP_DeletionTC - Inserted a new table.
15:28:20.274 [TestNG-test=RetryMultipleFailedTestcases-4] INFO  sprint4_TestCases.F_TP_DeletionTC - Switched to frame 0.
15:28:27.121 [TestNG-test=RetryMultipleFailedTestcases-3] INFO  sprint4_TestCases.F_TP_DeletionTC - Starting verifyDeleteTableWithoutAcceptChange
15:28:29.884 [TestNG-test=RetryMultipleFailedTestcases-2] INFO  sprint4_TestCases.F_TP_DeletionTC - Starting verifyDeleteTableCheckInCodeViewQP
15:28:56.898 [TestNG-test=RetryMultipleFailedTestcases-1] INFO  sprint4_TestCases.F_TP_DeletionTC - Starting verifyAddTableInVEDeleteCellRowColumn
15:28:58.573 [TestNG-test=RetryMultipleFailedTestcases-3] INFO  sprint4_TestCases.F_TP_DeletionTC - Logged in, searched for a file, and clicked Edit.
15:28:58.576 [TestNG-test=RetryMultipleFailedTestcases-3] INFO  sprint4_TestCases.F_TP_DeletionTC - Created F_TP_Deletion instance.
15:29:04.721 [TestNG-test=RetryMultipleFailedTestcases-2] INFO  sprint4_TestCases.F_TP_DeletionTC - Logged in, searched for a file, and clicked Edit.
15:29:04.723 [TestNG-test=RetryMultipleFailedTestcases-2] INFO  sprint4_TestCases.F_TP_DeletionTC - Created F_TP_Deletion instance.
15:29:07.743 [TestNG-test=RetryMultipleFailedTestcases-3] INFO  sprint4_TestCases.F_TP_DeletionTC - Inserted a new table.
15:29:08.009 [TestNG-test=RetryMultipleFailedTestcases-3] INFO  sprint4_TestCases.F_TP_DeletionTC - Switched to frame 0.
15:29:19.242 [TestNG-test=RetryMultipleFailedTestcases-2] INFO  sprint4_TestCases.F_TP_DeletionTC - Inserted a new table.
15:29:19.477 [TestNG-test=RetryMultipleFailedTestcases-2] INFO  sprint4_TestCases.F_TP_DeletionTC - Switched to frame 0.
15:29:21.606 [TestNG-test=RetryMultipleFailedTestcases-4] INFO  sprint4_TestCases.F_TP_DeletionTC - Starting verifyAddTableInCBDeleteCellRowColumn
15:29:37.718 [TestNG-test=RetryMultipleFailedTestcases-1] INFO  sprint4_TestCases.F_TP_DeletionTC - Logged in, searched for a file, and clicked Edit.
15:29:37.721 [TestNG-test=RetryMultipleFailedTestcases-1] INFO  sprint4_TestCases.F_TP_DeletionTC - Created F_TP_Deletion instance.
15:29:43.973 [TestNG-test=RetryMultipleFailedTestcases-1] INFO  sprint4_TestCases.F_TP_DeletionTC - Inserted a new table.
15:29:44.231 [TestNG-test=RetryMultipleFailedTestcases-1] INFO  sprint4_TestCases.F_TP_DeletionTC - Clicked Accept changes.
15:29:44.273 [TestNG-test=RetryMultipleFailedTestcases-1] INFO  sprint4_TestCases.F_TP_DeletionTC - Switched to frame 0.
15:29:48.781 [TestNG-test=RetryMultipleFailedTestcases-4] INFO  sprint4_TestCases.F_TP_DeletionTC - Logged in, searched for a file, and clicked Edit.
15:29:48.783 [TestNG-test=RetryMultipleFailedTestcases-4] INFO  sprint4_TestCases.F_TP_DeletionTC - Created F_TP_Deletion instance.
15:29:54.275 [TestNG-test=RetryMultipleFailedTestcases-4] INFO  sprint4_TestCases.F_TP_DeletionTC - Inserted a new table.
15:29:54.474 [TestNG-test=RetryMultipleFailedTestcases-4] INFO  sprint4_TestCases.F_TP_DeletionTC - Clicked Accept changes.
15:29:54.500 [TestNG-test=RetryMultipleFailedTestcases-4] INFO  sprint4_TestCases.F_TP_DeletionTC - Switched to frame 0.
15:30:04.604 [TestNG-test=RetryMultipleFailedTestcases-1] INFO  sprint4_TestCases.F_TP_DeletionTC - Clicked inserted table first cell.
15:30:04.621 [TestNG-test=RetryMultipleFailedTestcases-1] INFO  sprint4_TestCases.F_TP_DeletionTC - Switched back to default content.
15:30:06.270 [TestNG-test=RetryMultipleFailedTestcases-2] INFO  sprint4_TestCases.F_TP_DeletionTC - Starting verifyDeleteTableCheckInCodeViewQP
15:30:14.938 [TestNG-test=RetryMultipleFailedTestcases-4] INFO  sprint4_TestCases.F_TP_DeletionTC - Switched back to default content.
15:30:27.269 [TestNG-test=RetryMultipleFailedTestcases-2] INFO  sprint4_TestCases.F_TP_DeletionTC - Logged in, searched for a file, and clicked Edit.
15:30:27.271 [TestNG-test=RetryMultipleFailedTestcases-2] INFO  sprint4_TestCases.F_TP_DeletionTC - Created F_TP_Deletion instance.
15:30:32.953 [TestNG-test=RetryMultipleFailedTestcases-2] INFO  sprint4_TestCases.F_TP_DeletionTC - Inserted a new table.
15:30:33.027 [TestNG-test=RetryMultipleFailedTestcases-2] INFO  sprint4_TestCases.F_TP_DeletionTC - Switched to frame 0.
15:30:51.396 [TestNG-test=RetryMultipleFailedTestcases-1] INFO  sprint4_TestCases.F_TP_DeletionTC - Starting verifyAddTableInVEDeleteCellRowColumn
15:31:02.277 [TestNG-test=RetryMultipleFailedTestcases-4] INFO  sprint4_TestCases.F_TP_DeletionTC - Starting verifyAddTableInCBDeleteCellRowColumn
15:31:12.998 [TestNG-test=RetryMultipleFailedTestcases-1] INFO  sprint4_TestCases.F_TP_DeletionTC - Logged in, searched for a file, and clicked Edit.
