11:48:46.105 [TestNG-test=RetryMultipleFailedTestcases-3] INFO  Sameera_Testcases.Ac_ListTC - Clicked on CB First Paragraph.
11:48:46.249 [TestNG-test=RetryMultipleFailedTestcases-2] INFO  Sameera_Testcases.Ac_ListTC - Starting verify_ExistingList_PropertiesPopup
11:48:46.503 [TestNG-test=RetryMultipleFailedTestcases-1] INFO  Sameera_Testcases.Ac_ListTC - Clicked on Number List Plugin.
11:48:47.567 [TestNG-test=RetryMultipleFailedTestcases-1] INFO  Sameera_Testcases.Ac_ListTC - Clicked on Number List Plugin.
11:48:49.991 [TestNG-test=RetryMultipleFailedTestcases-3] INFO  Sameera_Testcases.Ac_ListTC - Clicked on Number List.
11:48:50.365 [TestNG-test=RetryMultipleFailedTestcases-3] INFO  Sameera_Testcases.Ac_ListTC - Switched to frame 0.
11:48:51.060 [TestNG-test=RetryMultipleFailedTestcases-3] INFO  Sameera_Testcases.Ac_ListTC - Clicked Accept Change Element.
11:48:51.127 [TestNG-test=RetryMultipleFailedTestcases-3] INFO  Sameera_Testcases.Ac_ListTC - Finished verify_InsertMultipleList_AcceptChange
11:48:53.930 [TestNG-test=RetryMultipleFailedTestcases-4] INFO  Sameera_Testcases.Ad_TableTC - Created Ad_Table instance.
11:48:53.938 [TestNG-test=RetryMultipleFailedTestcases-4] INFO  Sameera_Testcases.Ad_TableTC - Switching to frame and clicking on the first paragraph
11:48:54.470 [TestNG-test=RetryMultipleFailedTestcases-4] INFO  Sameera_Testcases.Ad_TableTC - Right-clicking on the first paragraph
11:48:55.511 [TestNG-test=RetryMultipleFailedTestcases-4] INFO  Sameera_Testcases.Ad_TableTC - Switching to default content and frame, clicking 'Insert After'
11:48:57.055 [TestNG-test=RetryMultipleFailedTestcases-4] INFO  Sameera_Testcases.Ad_TableTC - Switching to default content and verifying if Insert text box is present
11:48:57.187 [TestNG-test=RetryMultipleFailedTestcases-4] INFO  Sameera_Testcases.Ad_TableTC - Typing 'table' and pressing ENTER
11:48:58.155 [TestNG-test=RetryMultipleFailedTestcases-3] INFO  Sameera_Testcases.Ad_TableTC - Starting TC002_verifyInsertTableThroughToolbar
11:48:58.186 [TestNG-test=RetryMultipleFailedTestcases-4] INFO  Sameera_Testcases.Ad_TableTC - Verifying if Table Properties popup is displayed
11:48:59.019 [TestNG-test=RetryMultipleFailedTestcases-4] INFO  Sameera_Testcases.Ad_TableTC - TC001_verifInsertTableUsingRC test completed successfully.
11:49:11.608 [TestNG-test=RetryMultipleFailedTestcases-2] INFO  Sameera_Testcases.Ac_ListTC - Logged in, searched for a file, and clicked Edit.
11:49:11.635 [TestNG-test=RetryMultipleFailedTestcases-2] INFO  Sameera_Testcases.Ac_ListTC - Switched to frame 0.
11:49:11.749 [TestNG-test=RetryMultipleFailedTestcases-2] INFO  Sameera_Testcases.Ac_ListTC - Number of list items before deleting: 15
11:49:12.698 [TestNG-test=RetryMultipleFailedTestcases-2] INFO  Sameera_Testcases.Ac_ListTC - Performed right-click on the existing list item.
11:49:12.784 [TestNG-test=RetryMultipleFailedTestcases-2] INFO  Sameera_Testcases.Ac_ListTC - Switched back to default content.
11:49:12.820 [TestNG-test=RetryMultipleFailedTestcases-2] INFO  Sameera_Testcases.Ac_ListTC - Switched to frame 1.
11:49:26.494 [TestNG-test=RetryMultipleFailedTestcases-3] INFO  Sameera_Testcases.Ad_TableTC - Logged in, searched for a file, and clicked Edit.
11:49:26.495 [TestNG-test=RetryMultipleFailedTestcases-3] INFO  Sameera_Testcases.Ad_TableTC - Created Ad_Table instance.
11:49:30.610 [TestNG-test=RetryMultipleFailedTestcases-4] INFO  Sameera_Testcases.Ad_TableTC - Logged in and searched for a file, then clicked Edit.
11:49:34.793 [TestNG-test=RetryMultipleFailedTestcases-3] INFO  Sameera_Testcases.Ad_TableTC - Inserted table using ReusableMethods.
11:49:35.133 [TestNG-test=RetryMultipleFailedTestcases-3] INFO  Sameera_Testcases.Ad_TableTC - Switched to frame 0.
11:49:35.172 [TestNG-test=RetryMultipleFailedTestcases-3] INFO  Sameera_Testcases.Ad_TableTC - Table is inserted in the Visual Editor.
11:49:35.174 [TestNG-test=RetryMultipleFailedTestcases-3] INFO  Sameera_Testcases.Ad_TableTC - Switched back to default content.
11:49:35.223 [TestNG-test=RetryMultipleFailedTestcases-3] INFO  Sameera_Testcases.Ad_TableTC - Document Structure is updated with the table.
11:49:35.223 [TestNG-test=RetryMultipleFailedTestcases-3] INFO  Sameera_Testcases.Ad_TableTC - Finished TC002_verifyInsertTableThroughToolbar
11:49:48.237 [TestNG-test=RetryMultipleFailedTestcases-1] INFO  Sameera_Testcases.Ac_ListTC - Finished verifyUnlistNumberedList
11:50:05.847 [TestNG-test=RetryMultipleFailedTestcases-3] INFO  Sameera_Testcases.Ad_TableTC - Logged in and searched for a file, then clicked Edit.
11:50:16.260 [TestNG-test=RetryMultipleFailedTestcases-4] INFO  Sameera_Testcases.Ad_TableTC - Logged in and searched for a file, then clicked Edit.
11:50:19.630 [TestNG-test=RetryMultipleFailedTestcases-3] INFO  Sameera_Testcases.Ad_TableTC - Switched to frame 0.
11:50:19.871 [TestNG-test=RetryMultipleFailedTestcases-2] INFO  Sameera_Testcases.Ad_TableTC - Logged in, searched for a file, and clicked Edit.
11:50:19.872 [TestNG-test=RetryMultipleFailedTestcases-2] INFO  Sameera_Testcases.Ad_TableTC - Logged in and searched for a file, then clicked Edit.
11:50:20.208 [TestNG-test=RetryMultipleFailedTestcases-3] INFO  Sameera_Testcases.Ad_TableTC - Switched back to default content.
11:50:20.483 [TestNG-test=RetryMultipleFailedTestcases-3] INFO  Sameera_Testcases.Ad_TableTC - Switched to frame 0.
11:50:21.356 [TestNG-test=RetryMultipleFailedTestcases-3] INFO  Sameera_Testcases.Ad_TableTC - Switched back to default content.
11:50:21.377 [TestNG-test=RetryMultipleFailedTestcases-3] INFO  Sameera_Testcases.Ad_TableTC - Switched to frame 2.
11:50:21.592 [TestNG-test=RetryMultipleFailedTestcases-3] INFO  Sameera_Testcases.Ad_TableTC - Switched back to default content.
11:50:22.207 [TestNG-test=RetryMultipleFailedTestcases-3] INFO  Sameera_Testcases.Ad_TableTC - Switched back to default content.
11:50:24.323 [TestNG-test=RetryMultipleFailedTestcases-1] INFO  Sameera_Testcases.Ad_TableTC - Logged in and searched for a file, then clicked Edit.
11:50:30.377 [TestNG-test=RetryMultipleFailedTestcases-4] INFO  Sameera_Testcases.Ad_TableTC - Switched to frame 0.
11:50:30.903 [TestNG-test=RetryMultipleFailedTestcases-4] INFO  Sameera_Testcases.Ad_TableTC - Switched back to default content.
11:50:31.209 [TestNG-test=RetryMultipleFailedTestcases-4] INFO  Sameera_Testcases.Ad_TableTC - Switched to frame 0.
11:50:32.151 [TestNG-test=RetryMultipleFailedTestcases-4] INFO  Sameera_Testcases.Ad_TableTC - Switched back to default content.
11:50:32.173 [TestNG-test=RetryMultipleFailedTestcases-4] INFO  Sameera_Testcases.Ad_TableTC - Switched to frame 2.
11:50:32.476 [TestNG-test=RetryMultipleFailedTestcases-4] INFO  Sameera_Testcases.Ad_TableTC - Switched back to default content.
11:50:33.551 [TestNG-test=RetryMultipleFailedTestcases-4] INFO  Sameera_Testcases.Ad_TableTC - Switched back to default content.
11:50:40.137 [TestNG-test=RetryMultipleFailedTestcases-1] INFO  Sameera_Testcases.Ad_TableTC - Switched to frame 0.
11:50:51.186 [TestNG-test=RetryMultipleFailedTestcases-2] INFO  Sameera_Testcases.Ad_TableTC - Switched to frame 0.
11:50:54.356 [TestNG-test=RetryMultipleFailedTestcases-3] INFO  Sameera_Testcases.Ad_TableTC - Logged in and searched for a file, then clicked Edit.
11:51:03.836 [TestNG-test=RetryMultipleFailedTestcases-3] INFO  Sameera_Testcases.Ad_TableTC - Switched to frame 0.
11:51:18.233 [TestNG-test=RetryMultipleFailedTestcases-4] INFO  Sameera_Testcases.Ad_TableTC - Starting mergeCellsRight_NewTable
11:51:39.753 [TestNG-test=RetryMultipleFailedTestcases-4] INFO  Sameera_Testcases.Ad_TableTC - Logged in, searched for a file, and clicked Edit.
11:51:39.754 [TestNG-test=RetryMultipleFailedTestcases-4] INFO  Sameera_Testcases.Ad_TableTC - Created Ad_Table instance.
11:51:41.252 [TestNG-test=RetryMultipleFailedTestcases-1] INFO  Sameera_Testcases.Ad_TableTC - Switched back to default content.
11:51:41.264 [TestNG-test=RetryMultipleFailedTestcases-1] INFO  Sameera_Testcases.Ad_TableTC - Switched to frame 2.
11:51:41.394 [TestNG-test=RetryMultipleFailedTestcases-1] INFO  Sameera_Testcases.Ad_TableTC - Switched back to default content.
11:51:41.779 [TestNG-test=RetryMultipleFailedTestcases-1] INFO  Sameera_Testcases.Ad_TableTC - Clicked Merge Right.
11:51:41.808 [TestNG-test=RetryMultipleFailedTestcases-1] INFO  Sameera_Testcases.Ad_TableTC - Switched back to default content.
11:51:41.827 [TestNG-test=RetryMultipleFailedTestcases-1] INFO  Sameera_Testcases.Ad_TableTC - Switched to frame 0.
11:51:41.863 [TestNG-test=RetryMultipleFailedTestcases-1] INFO  Sameera_Testcases.Ad_TableTC - Cell merge has occurred.
11:51:47.476 [TestNG-test=RetryMultipleFailedTestcases-1] INFO  Sameera_Testcases.Ad_TableTC - Starting verifymergeColumnBellowNewTable
11:51:52.296 [TestNG-test=RetryMultipleFailedTestcases-4] INFO  Sameera_Testcases.Ad_TableTC - Starting mergeCellsRight_NewTable
11:51:52.995 [TestNG-test=RetryMultipleFailedTestcases-2] INFO  Sameera_Testcases.Ad_TableTC - Switched back to default content.
11:51:53.036 [TestNG-test=RetryMultipleFailedTestcases-2] INFO  Sameera_Testcases.Ad_TableTC - Switched to frame 2.
11:51:53.554 [TestNG-test=RetryMultipleFailedTestcases-2] INFO  Sameera_Testcases.Ad_TableTC - Switched back to default content.
11:51:54.382 [TestNG-test=RetryMultipleFailedTestcases-2] INFO  Sameera_Testcases.Ad_TableTC - Clicked Merge Right.
11:51:54.429 [TestNG-test=RetryMultipleFailedTestcases-2] INFO  Sameera_Testcases.Ad_TableTC - Switched back to default content.
11:51:54.456 [TestNG-test=RetryMultipleFailedTestcases-2] INFO  Sameera_Testcases.Ad_TableTC - Switched to frame 0.
11:51:54.535 [TestNG-test=RetryMultipleFailedTestcases-2] INFO  Sameera_Testcases.Ad_TableTC - Cell merge has occurred.
11:52:04.457 [TestNG-test=RetryMultipleFailedTestcases-2] INFO  Sameera_Testcases.Ad_TableTC - Starting splitHorizontalAndVerify_ExistingTable
11:52:06.055 [TestNG-test=RetryMultipleFailedTestcases-3] INFO  Sameera_Testcases.Ad_TableTC - Switched back to default content.
11:52:06.086 [TestNG-test=RetryMultipleFailedTestcases-3] INFO  Sameera_Testcases.Ad_TableTC - Switched to frame 2.
11:52:06.622 [TestNG-test=RetryMultipleFailedTestcases-3] INFO  Sameera_Testcases.Ad_TableTC - Switched back to default content.
11:52:07.719 [TestNG-test=RetryMultipleFailedTestcases-3] INFO  Sameera_Testcases.Ad_TableTC - Clicked Merge Right.
11:52:07.792 [TestNG-test=RetryMultipleFailedTestcases-3] INFO  Sameera_Testcases.Ad_TableTC - Switched back to default content.
11:52:07.968 [TestNG-test=RetryMultipleFailedTestcases-3] INFO  Sameera_Testcases.Ad_TableTC - Switched to frame 0.
11:52:08.090 [TestNG-test=RetryMultipleFailedTestcases-3] INFO  Sameera_Testcases.Ad_TableTC - Cell merge has occurred.
11:52:16.654 [TestNG-test=RetryMultipleFailedTestcases-3] INFO  Sameera_Testcases.Ad_TableTC - Starting splitHorizontalAndVerify_ExistingTable
11:52:19.859 [TestNG-test=RetryMultipleFailedTestcases-1] INFO  Sameera_Testcases.Ad_TableTC - Logged in, searched for a file, and clicked Edit.
11:52:19.862 [TestNG-test=RetryMultipleFailedTestcases-1] INFO  Sameera_Testcases.Ad_TableTC - Created Ad_Table instance.
11:52:24.854 [TestNG-test=RetryMultipleFailedTestcases-4] INFO  Sameera_Testcases.Ad_TableTC - Logged in, searched for a file, and clicked Edit.
11:52:24.855 [TestNG-test=RetryMultipleFailedTestcases-4] INFO  Sameera_Testcases.Ad_TableTC - Created Ad_Table instance.
11:52:30.282 [TestNG-test=RetryMultipleFailedTestcases-1] INFO  Sameera_Testcases.Ad_TableTC - Inserted a new table.
11:52:30.772 [TestNG-test=RetryMultipleFailedTestcases-1] INFO  Sameera_Testcases.Ad_TableTC - Clicked Accept Change.
11:52:30.834 [TestNG-test=RetryMultipleFailedTestcases-1] INFO  Sameera_Testcases.Ad_TableTC - Switched to frame 0.
11:52:31.216 [TestNG-test=RetryMultipleFailedTestcases-1] INFO  Sameera_Testcases.Ad_TableTC - Clicked on the first cell of the inserted table.
11:52:31.234 [TestNG-test=RetryMultipleFailedTestcases-1] INFO  Sameera_Testcases.Ad_TableTC - Switched back to default content.
11:52:34.278 [TestNG-test=RetryMultipleFailedTestcases-2] INFO  Sameera_Testcases.Ad_TableTC - Logged in and searched for a file, then clicked Edit.
11:52:34.279 [TestNG-test=RetryMultipleFailedTestcases-2] INFO  Sameera_Testcases.Ad_TableTC - Created Ad_Table instance.
11:52:39.763 [TestNG-test=RetryMultipleFailedTestcases-4] INFO  Sameera_Testcases.Ad_TableTC - Inserted a new table.
11:52:40.149 [TestNG-test=RetryMultipleFailedTestcases-4] INFO  Sameera_Testcases.Ad_TableTC - Clicked Accept Change.
11:52:40.208 [TestNG-test=RetryMultipleFailedTestcases-4] INFO  Sameera_Testcases.Ad_TableTC - Switched to frame 0.
11:52:41.105 [TestNG-test=RetryMultipleFailedTestcases-4] INFO  Sameera_Testcases.Ad_TableTC - Clicked on the first cell of the inserted table.
11:52:41.361 [TestNG-test=RetryMultipleFailedTestcases-4] INFO  Sameera_Testcases.Ad_TableTC - Switched back to default content.
11:52:41.963 [TestNG-test=RetryMultipleFailedTestcases-3] INFO  Sameera_Testcases.Ad_TableTC - Created Ad_Table instance.
11:52:48.949 [TestNG-test=RetryMultipleFailedTestcases-2] INFO  Sameera_Testcases.Ad_TableTC - Switched to frame 0.
11:52:49.321 [TestNG-test=RetryMultipleFailedTestcases-2] INFO  Sameera_Testcases.Ad_TableTC - Clicked on the first cell of the existing table.
11:52:49.359 [TestNG-test=RetryMultipleFailedTestcases-2] INFO  Sameera_Testcases.Ad_TableTC - Number of rows before split: 9
11:52:49.363 [TestNG-test=RetryMultipleFailedTestcases-2] INFO  Sameera_Testcases.Ad_TableTC - Switched back to default content.
11:52:49.378 [TestNG-test=RetryMultipleFailedTestcases-2] INFO  Sameera_Testcases.Ad_TableTC - Switched to frame 0.
11:52:50.500 [TestNG-test=RetryMultipleFailedTestcases-2] INFO  Sameera_Testcases.Ad_TableTC - Switched back to default content.
11:52:50.510 [TestNG-test=RetryMultipleFailedTestcases-2] INFO  Sameera_Testcases.Ad_TableTC - Switched to frame 2.
11:52:50.631 [TestNG-test=RetryMultipleFailedTestcases-2] INFO  Sameera_Testcases.Ad_TableTC - Switched back to default content.
11:52:51.071 [TestNG-test=RetryMultipleFailedTestcases-2] INFO  Sameera_Testcases.Ad_TableTC - Switched back to default content.
11:52:51.089 [TestNG-test=RetryMultipleFailedTestcases-2] INFO  Sameera_Testcases.Ad_TableTC - Switched to frame 0.
11:52:51.096 [TestNG-test=RetryMultipleFailedTestcases-2] INFO  Sameera_Testcases.Ad_TableTC - Number of rows after split: 10
11:52:51.097 [TestNG-test=RetryMultipleFailedTestcases-2] INFO  Sameera_Testcases.Ad_TableTC - Number of rows after split is different from before split.
11:52:51.097 [TestNG-test=RetryMultipleFailedTestcases-2] INFO  Sameera_Testcases.Ad_TableTC - Finished splitHorizontalAndVerify_ExistingTable
11:52:57.227 [TestNG-test=RetryMultipleFailedTestcases-2] INFO  Sameera_Testcases.Ad_TableTC - Starting splitHorizontalAndVerify_NewTable
11:53:00.713 [TestNG-test=RetryMultipleFailedTestcases-3] INFO  Sameera_Testcases.Ad_TableTC - Starting splitHorizontalAndVerify_ExistingTable
11:53:21.020 [TestNG-test=RetryMultipleFailedTestcases-2] INFO  Sameera_Testcases.Ad_TableTC - Logged in, searched for a file, and clicked Edit.
11:53:21.021 [TestNG-test=RetryMultipleFailedTestcases-2] INFO  Sameera_Testcases.Ad_TableTC - Created Ad_Table instance.
11:53:26.314 [TestNG-test=RetryMultipleFailedTestcases-3] INFO  Sameera_Testcases.Ad_TableTC - Created Ad_Table instance.
11:53:29.352 [TestNG-test=RetryMultipleFailedTestcases-2] INFO  Sameera_Testcases.Ad_TableTC - Inserted a new table.
11:53:29.695 [TestNG-test=RetryMultipleFailedTestcases-2] INFO  Sameera_Testcases.Ad_TableTC - Clicked Accept Change.
11:53:29.786 [TestNG-test=RetryMultipleFailedTestcases-2] INFO  Sameera_Testcases.Ad_TableTC - Switched to frame 0.
11:53:30.124 [TestNG-test=RetryMultipleFailedTestcases-2] INFO  Sameera_Testcases.Ad_TableTC - Clicked on the first cell of the inserted table.
11:53:30.152 [TestNG-test=RetryMultipleFailedTestcases-2] INFO  Sameera_Testcases.Ad_TableTC - Number of rows before split: 1
11:53:30.155 [TestNG-test=RetryMultipleFailedTestcases-2] INFO  Sameera_Testcases.Ad_TableTC - Switched back to default content.
11:53:30.504 [TestNG-test=RetryMultipleFailedTestcases-2] INFO  Sameera_Testcases.Ad_TableTC - Clicked Split Horizontal.
11:53:30.563 [TestNG-test=RetryMultipleFailedTestcases-2] INFO  Sameera_Testcases.Ad_TableTC - Number of rows after split is different from before split.
11:53:30.563 [TestNG-test=RetryMultipleFailedTestcases-2] INFO  Sameera_Testcases.Ad_TableTC - Finished splitHorizontalAndVerify_NewTable
11:53:31.838 [TestNG-test=RetryMultipleFailedTestcases-1] INFO  Sameera_Testcases.Ad_TableTC - Cell merge has not occurred.
11:53:31.840 [TestNG-test=RetryMultipleFailedTestcases-1] INFO  Sameera_Testcases.Ad_TableTC - Switched back to default content.
11:53:32.041 [TestNG-test=RetryMultipleFailedTestcases-1] INFO  Sameera_Testcases.Ad_TableTC - Clicked on Table Properties tab.
11:53:32.709 [TestNG-test=RetryMultipleFailedTestcases-1] INFO  Sameera_Testcases.Ad_TableTC - Clicked Merge Below.
11:53:32.856 [TestNG-test=RetryMultipleFailedTestcases-1] INFO  Sameera_Testcases.Ad_TableTC - Cell merge has occurred.
11:53:32.858 [TestNG-test=RetryMultipleFailedTestcases-1] INFO  Sameera_Testcases.Ad_TableTC - Switched back to default content.
11:53:32.858 [TestNG-test=RetryMultipleFailedTestcases-1] INFO  Sameera_Testcases.Ad_TableTC - Finished verifymergeColumnBellowNewTable
11:53:37.197 [TestNG-test=RetryMultipleFailedTestcases-2] INFO  Sameera_Testcases.Ad_TableTC - Starting splitVerticalAndVerify_NewTable
11:53:39.688 [TestNG-test=RetryMultipleFailedTestcases-1] INFO  Sameera_Testcases.Ad_TableTC - Starting verifyDeleteNewTableAndCheckTC
11:53:42.100 [TestNG-test=RetryMultipleFailedTestcases-4] INFO  Sameera_Testcases.Ad_TableTC - Cell merge has not occurred.
11:53:42.102 [TestNG-test=RetryMultipleFailedTestcases-4] INFO  Sameera_Testcases.Ad_TableTC - Switched back to default content.
11:53:42.332 [TestNG-test=RetryMultipleFailedTestcases-4] INFO  Sameera_Testcases.Ad_TableTC - Clicked on Table Properties tab.
11:53:43.162 [TestNG-test=RetryMultipleFailedTestcases-4] INFO  Sameera_Testcases.Ad_TableTC - Clicked Merge Right.
11:53:43.275 [TestNG-test=RetryMultipleFailedTestcases-4] INFO  Sameera_Testcases.Ad_TableTC - Cell merge has occurred.
11:53:43.279 [TestNG-test=RetryMultipleFailedTestcases-4] INFO  Sameera_Testcases.Ad_TableTC - Switched back to default content.
11:53:43.279 [TestNG-test=RetryMultipleFailedTestcases-4] INFO  Sameera_Testcases.Ad_TableTC - Finished mergeCellsRight_NewTable
11:54:11.635 [TestNG-test=RetryMultipleFailedTestcases-2] INFO  Sameera_Testcases.Ad_TableTC - Logged in, searched for a file, and clicked Edit.
11:54:11.638 [TestNG-test=RetryMultipleFailedTestcases-2] INFO  Sameera_Testcases.Ad_TableTC - Created Ad_Table instance.
11:54:16.658 [TestNG-test=RetryMultipleFailedTestcases-1] INFO  Sameera_Testcases.Ad_TableTC - Logged in, searched for a file, and clicked Edit.
11:54:16.659 [TestNG-test=RetryMultipleFailedTestcases-1] INFO  Sameera_Testcases.Ad_TableTC - Created B_Table instance.
11:54:22.731 [TestNG-test=RetryMultipleFailedTestcases-2] INFO  Sameera_Testcases.Ad_TableTC - Inserted a new table.
11:54:23.138 [TestNG-test=RetryMultipleFailedTestcases-2] INFO  Sameera_Testcases.Ad_TableTC - Clicked Accept Change.
11:54:23.215 [TestNG-test=RetryMultipleFailedTestcases-2] INFO  Sameera_Testcases.Ad_TableTC - Switched to frame 0.
11:54:23.666 [TestNG-test=RetryMultipleFailedTestcases-2] INFO  Sameera_Testcases.Ad_TableTC - Clicked on the first cell of the inserted table.
11:54:23.705 [TestNG-test=RetryMultipleFailedTestcases-2] INFO  Sameera_Testcases.Ad_TableTC - Number of rows before split: 1
11:54:23.707 [TestNG-test=RetryMultipleFailedTestcases-2] INFO  Sameera_Testcases.Ad_TableTC - Switched back to default content.
11:54:24.110 [TestNG-test=RetryMultipleFailedTestcases-2] INFO  Sameera_Testcases.Ad_TableTC - Clicked Split Vertical.
11:54:24.175 [TestNG-test=RetryMultipleFailedTestcases-2] INFO  Sameera_Testcases.Ad_TableTC - Number of rows after split is different from before split.
11:54:24.175 [TestNG-test=RetryMultipleFailedTestcases-2] INFO  Sameera_Testcases.Ad_TableTC - Finished splitVerticalAndVerify_NewTable
11:54:32.512 [TestNG-test=RetryMultipleFailedTestcases-3] INFO  Sameera_Testcases.Ad_TableTC - Inserted a new table.
11:54:41.886 [TestNG-test=RetryMultipleFailedTestcases-1] INFO  Sameera_Testcases.Ad_TableTC - Inserted table using ReusableMethods.
11:54:42.088 [TestNG-test=RetryMultipleFailedTestcases-1] INFO  Sameera_Testcases.Ad_TableTC - Clicked on track changes.
11:54:44.712 [TestNG-test=RetryMultipleFailedTestcases-1] INFO  Sameera_Testcases.Ad_TableTC - Switched to frame 0.
11:54:45.665 [TestNG-test=RetryMultipleFailedTestcases-1] INFO  Sameera_Testcases.Ad_TableTC - Switched back to default content.
11:54:52.269 [TestNG-test=RetryMultipleFailedTestcases-4] INFO  Sameera_Testcases.Ad_TableTC - Inserted a new table.
11:55:02.044 [TestNG-test=RetryMultipleFailedTestcases-4] INFO  Sameera_Testcases.Ad_TableTC - Starting TC04_verifyInsertRowThroughtTP ..
11:55:06.100 [TestNG-test=RetryMultipleFailedTestcases-2] INFO  Sameera_Testcases.Ad_TableTC - Inserted a new table.
11:55:17.378 [TestNG-test=RetryMultipleFailedTestcases-3] INFO  Sameera_Testcases.Ad_TableTC - Inserted a new table.
11:55:17.695 [TestNG-test=RetryMultipleFailedTestcases-2] INFO  Sameera_Testcases.Ad_TableTC - Starting verifyInsertColumnRight
11:55:28.663 [TestNG-test=RetryMultipleFailedTestcases-4] INFO  Sameera_Testcases.Ad_TableTC - Logged in, searched for a file, and clicked Edit.
11:55:28.664 [TestNG-test=RetryMultipleFailedTestcases-4] INFO  Sameera_Testcases.Ad_TableTC - Created Ad_Table instance.
11:55:38.611 [TestNG-test=RetryMultipleFailedTestcases-4] INFO  Sameera_Testcases.Ad_TableTC - Inserted a new table.
11:55:38.914 [TestNG-test=RetryMultipleFailedTestcases-4] INFO  Sameera_Testcases.Ad_TableTC - Clicked Accept Change.
11:55:38.979 [TestNG-test=RetryMultipleFailedTestcases-4] INFO  Sameera_Testcases.Ad_TableTC - Switched to frame 0.
11:55:39.366 [TestNG-test=RetryMultipleFailedTestcases-4] INFO  Sameera_Testcases.Ad_TableTC - Clicked on the first cell of the inserted table.
11:55:39.401 [TestNG-test=RetryMultipleFailedTestcases-4] INFO  Sameera_Testcases.Ad_TableTC - Number of rows before inserting row: 1
11:55:39.409 [TestNG-test=RetryMultipleFailedTestcases-4] INFO  Sameera_Testcases.Ad_TableTC - Switched back to default content.
11:55:40.289 [TestNG-test=RetryMultipleFailedTestcases-4] INFO  Sameera_Testcases.Ad_TableTC - Clicked Insert Above.
11:55:40.703 [TestNG-test=RetryMultipleFailedTestcases-4] INFO  Sameera_Testcases.Ad_TableTC - Number of rows after inserting row is different from before inserting row.
11:55:40.703 [TestNG-test=RetryMultipleFailedTestcases-4] INFO  Sameera_Testcases.Ad_TableTC - Finished TC04_verifyInsertRowThroughtTP
11:55:47.227 [TestNG-test=RetryMultipleFailedTestcases-1] INFO  Sameera_Testcases.Ad_TableTC - Finished verifyDeleteNewTableAndCheckTC
11:55:48.347 [TestNG-test=RetryMultipleFailedTestcases-2] INFO  Sameera_Testcases.Ad_TableTC - Logged in, searched for a file, and clicked Edit.
11:55:48.349 [TestNG-test=RetryMultipleFailedTestcases-2] INFO  Sameera_Testcases.Ad_TableTC - Created Ad_Table instance.
11:55:58.407 [TestNG-test=RetryMultipleFailedTestcases-2] INFO  Sameera_Testcases.Ad_TableTC - Inserted a new table.
11:55:58.877 [TestNG-test=RetryMultipleFailedTestcases-2] INFO  Sameera_Testcases.Ad_TableTC - Clicked Accept Change.
11:55:58.939 [TestNG-test=RetryMultipleFailedTestcases-2] INFO  Sameera_Testcases.Ad_TableTC - Switched to frame 0.
11:55:59.321 [TestNG-test=RetryMultipleFailedTestcases-2] INFO  Sameera_Testcases.Ad_TableTC - Clicked on the first cell of the inserted table.
11:55:59.375 [TestNG-test=RetryMultipleFailedTestcases-2] INFO  Sameera_Testcases.Ad_TableTC - Number of rows before inserting column: 1
11:55:59.376 [TestNG-test=RetryMultipleFailedTestcases-2] INFO  Sameera_Testcases.Ad_TableTC - Switched back to default content.
11:56:00.355 [TestNG-test=RetryMultipleFailedTestcases-2] INFO  Sameera_Testcases.Ad_TableTC - Clicked Insert Right.
11:56:00.457 [TestNG-test=RetryMultipleFailedTestcases-2] INFO  Sameera_Testcases.Ad_TableTC - Switched to frame 0.
11:56:00.476 [TestNG-test=RetryMultipleFailedTestcases-2] INFO  Sameera_Testcases.Ad_TableTC - Number of columns after inserting column is different from before inserting column.
11:56:00.476 [TestNG-test=RetryMultipleFailedTestcases-2] INFO  Sameera_Testcases.Ad_TableTC - Finished verifyInsertColumnRight
11:56:06.253 [TestNG-test=RetryMultipleFailedTestcases-2] INFO  Sameera_Testcases.Ae_ImageTC - Starting the test TC177_verify_AddMediaObjectDelete_AcceptChange
11:56:23.772 [TestNG-test=RetryMultipleFailedTestcases-1] INFO  Sameera_Testcases.Ae_ImageTC - Switching to frame 0.
11:56:23.967 [TestNG-test=RetryMultipleFailedTestcases-1] INFO  Sameera_Testcases.Ae_ImageTC - Double-clicking VEFirstPara.
11:56:25.815 [TestNG-test=RetryMultipleFailedTestcases-1] INFO  Sameera_Testcases.Ae_ImageTC - Switching to default content.
11:56:25.856 [TestNG-test=RetryMultipleFailedTestcases-1] INFO  Sameera_Testcases.Ae_ImageTC - Clicking the BoldPlugin.
11:56:43.163 [TestNG-test=RetryMultipleFailedTestcases-2] INFO  Sameera_Testcases.Ae_ImageTC - Logged in and searched for the file, then clicked on edit.
11:56:43.186 [TestNG-test=RetryMultipleFailedTestcases-2] INFO  Sameera_Testcases.Ae_ImageTC - Initialized HK_MediaObject.
11:56:45.066 [TestNG-test=RetryMultipleFailedTestcases-2] INFO  Sameera_Testcases.Ae_ImageTC - Right-clicked on the first paragraph.
11:56:46.615 [TestNG-test=RetryMultipleFailedTestcases-2] INFO  Sameera_Testcases.Ae_ImageTC - Clicked 'VE Insert After' in frame 1.
11:56:46.921 [TestNG-test=RetryMultipleFailedTestcases-3] INFO  Sameera_Testcases.Ae_ImageTC - Logged in and searched for the file, then clicked Edit.
11:56:48.072 [TestNG-test=RetryMultipleFailedTestcases-3] INFO  Sameera_Testcases.Ae_ImageTC - Clicked on the first paragraph and switched back to default content.
11:56:49.886 [TestNG-test=RetryMultipleFailedTestcases-2] INFO  Sameera_Testcases.Ae_ImageTC - Inserted an image.
11:56:50.614 [TestNG-test=RetryMultipleFailedTestcases-2] INFO  Sameera_Testcases.Ae_ImageTC - Clicked 'Accept Change'.
11:56:53.410 [TestNG-test=RetryMultipleFailedTestcases-2] INFO  Sameera_Testcases.Ae_ImageTC - Selected the added media object and removed it.
11:56:53.847 [TestNG-test=RetryMultipleFailedTestcases-2] INFO  Sameera_Testcases.Ae_ImageTC - Clicked 'Track Change'.
11:57:03.092 [TestNG-test=RetryMultipleFailedTestcases-1] INFO  Sameera_Testcases.Ae_ImageTC - Clicked on the first image inside the Insert popup.
11:57:12.424 [TestNG-test=RetryMultipleFailedTestcases-1] INFO  sprint6_TestCases.E_ShowHideTrackChangesTC - Starting TC105_verifyAddContentShowHideDisableTrackChangePanel
11:57:22.047 [TestNG-test=RetryMultipleFailedTestcases-3] INFO  Sameera_Testcases.Ae_ImageTC - Clicked on the first image inside the Insert popup.
11:57:37.299 [TestNG-test=RetryMultipleFailedTestcases-1] INFO  sprint6_TestCases.E_ShowHideTrackChangesTC - Logged in and searched for a file, then clicked Edit.
11:57:37.348 [TestNG-test=RetryMultipleFailedTestcases-1] INFO  sprint6_TestCases.E_ShowHideTrackChangesTC - Switched to frame 0.
11:57:37.804 [TestNG-test=RetryMultipleFailedTestcases-1] INFO  sprint6_TestCases.E_ShowHideTrackChangesTC - Clicked on first para VE.
11:57:37.862 [TestNG-test=RetryMultipleFailedTestcases-1] INFO  sprint6_TestCases.E_ShowHideTrackChangesTC - Switched to default content.
11:57:38.910 [TestNG-test=RetryMultipleFailedTestcases-1] INFO  sprint6_TestCases.E_ShowHideTrackChangesTC - Clicked on track changes.
11:57:38.987 [TestNG-test=RetryMultipleFailedTestcases-1] INFO  sprint6_TestCases.E_ShowHideTrackChangesTC - Verified that List Number is present in DS.
11:57:39.216 [TestNG-test=RetryMultipleFailedTestcases-1] INFO  sprint6_TestCases.E_ShowHideTrackChangesTC - Clicked on first para VE.
11:58:33.575 [TestNG-test=RetryMultipleFailedTestcases-3] INFO  Sameera_Testcases.Af_InlineElementTC - Starting TC001_verifySelectTextApplyEmphasis ..
11:58:39.856 [TestNG-test=RetryMultipleFailedTestcases-1] INFO  sprint6_TestCases.E_ShowHideTrackChangesTC - Verified that List Number is present in DS.
11:58:39.856 [TestNG-test=RetryMultipleFailedTestcases-1] INFO  sprint6_TestCases.E_ShowHideTrackChangesTC - Finished TC105_verifyAddContentShowHideDisableTrackChangePanel
11:58:46.788 [TestNG-test=RetryMultipleFailedTestcases-1] INFO  Sameera_Testcases.Af_InlineElementTC - Starting TC002_verifySelectTextApplyEmphasisFromToolbar ..
11:58:53.967 [TestNG-test=RetryMultipleFailedTestcases-4] INFO  Sameera_Testcases.Af_InlineElementTC - Starting TC003_verifyApplyMultipleEmphaisOnSingleText ..
11:59:00.091 [TestNG-test=RetryMultipleFailedTestcases-3] INFO  Sameera_Testcases.Af_InlineElementTC - Starting verify_insertBoldDoulbeClick ..
11:59:01.121 [TestNG-test=RetryMultipleFailedTestcases-3] INFO  Sameera_Testcases.Af_InlineElementTC - clicked on First para
11:59:01.816 [TestNG-test=RetryMultipleFailedTestcases-3] INFO  Sameera_Testcases.Af_InlineElementTC - clicked on bold button from toolbar
11:59:02.091 [TestNG-test=RetryMultipleFailedTestcases-3] INFO  Sameera_Testcases.Af_InlineElementTC - Verifying bold is present in DS 
11:59:02.175 [TestNG-test=RetryMultipleFailedTestcases-3] INFO  Sameera_Testcases.Af_InlineElementTC -  bold is present in CE 
11:59:02.270 [TestNG-test=RetryMultipleFailedTestcases-3] INFO  Sameera_Testcases.Af_InlineElementTC - Finished TC001_verifySelectTextApplyEmphasis ..
11:59:09.438 [TestNG-test=RetryMultipleFailedTestcases-3] INFO  Sameera_Testcases.Af_InlineElementTC - Starting TC004_verifyChangeBoldToStrikthroughCheckToolBar
11:59:16.791 [TestNG-test=RetryMultipleFailedTestcases-1] INFO  Sameera_Testcases.Af_InlineElementTC - Starting verify_insertBoldDoulbeClick ..
11:59:18.036 [TestNG-test=RetryMultipleFailedTestcases-1] INFO  Sameera_Testcases.Af_InlineElementTC - clicked on First para
11:59:18.871 [TestNG-test=RetryMultipleFailedTestcases-1] INFO  Sameera_Testcases.Af_InlineElementTC - clicked on bold button from toolbar
11:59:19.255 [TestNG-test=RetryMultipleFailedTestcases-1] INFO  Sameera_Testcases.Af_InlineElementTC - Verifying bold is present in DS 
11:59:19.385 [TestNG-test=RetryMultipleFailedTestcases-1] INFO  Sameera_Testcases.Af_InlineElementTC -  bold is present in CE 
11:59:19.607 [TestNG-test=RetryMultipleFailedTestcases-1] INFO  Sameera_Testcases.Af_InlineElementTC - Finished TC002_verifySelectTextApplyEmphasisFromToolbar ..
11:59:20.739 [TestNG-test=RetryMultipleFailedTestcases-2] INFO  Sameera_Testcases.Af_InlineElementTC - Starting TC005_verifyBoldAndUnboldParaSelectedText
11:59:27.787 [TestNG-test=RetryMultipleFailedTestcases-1] INFO  Sameera_Testcases.Af_InlineElementTC - Starting TC006_verifyInsertBoldAndItalicTogetherRemoveItalic ..
11:59:30.995 [TestNG-test=RetryMultipleFailedTestcases-4] INFO  Sameera_Testcases.Af_InlineElementTC - Double clicked on First para
11:59:31.512 [TestNG-test=RetryMultipleFailedTestcases-4] INFO  Sameera_Testcases.Af_InlineElementTC - clicked on bold button from toolbar
11:59:32.256 [TestNG-test=RetryMultipleFailedTestcases-4] INFO  Sameera_Testcases.Af_InlineElementTC - Verifying  Bold is present In DS
11:59:35.216 [TestNG-test=RetryMultipleFailedTestcases-4] INFO  Sameera_Testcases.Af_InlineElementTC - Verifying  Italic is present In DS
11:59:36.458 [TestNG-test=RetryMultipleFailedTestcases-4] INFO  Sameera_Testcases.Af_InlineElementTC - Verifying  Underline is present In DS
11:59:37.631 [TestNG-test=RetryMultipleFailedTestcases-4] INFO  Sameera_Testcases.Af_InlineElementTC - Verifying  Superscipt is present In DS
11:59:39.196 [TestNG-test=RetryMultipleFailedTestcases-4] INFO  Sameera_Testcases.Af_InlineElementTC - Verifying  Subscript is present In DS
11:59:41.064 [TestNG-test=RetryMultipleFailedTestcases-4] INFO  Sameera_Testcases.Af_InlineElementTC - Verifying  Strikethrough is present In DS
11:59:41.171 [TestNG-test=RetryMultipleFailedTestcases-4] INFO  Sameera_Testcases.Af_InlineElementTC - Verifying Bold emph is present In VE
11:59:41.171 [TestNG-test=RetryMultipleFailedTestcases-4] INFO  Sameera_Testcases.Af_InlineElementTC - Finished TC003_verifyApplyMultipleEmphaisOnSingleText ..
11:59:48.332 [TestNG-test=RetryMultipleFailedTestcases-3] INFO  Sameera_Testcases.Af_InlineElementTC - Logged in, searched for a file, and clicked Edit.
11:59:48.332 [TestNG-test=RetryMultipleFailedTestcases-3] INFO  Sameera_Testcases.Af_InlineElementTC - Created G_ChangeElement instance.
11:59:48.796 [TestNG-test=RetryMultipleFailedTestcases-4] INFO  Sameera_Testcases.Af_InlineElementTC - Starting TC003_verifyApplyMultipleEmphaisOnSingleText ..
11:59:49.126 [TestNG-test=RetryMultipleFailedTestcases-3] INFO  Sameera_Testcases.Af_InlineElementTC - Switched to default content.
11:59:51.015 [TestNG-test=RetryMultipleFailedTestcases-3] INFO  Sameera_Testcases.Af_InlineElementTC - Switched to default content.
11:59:52.096 [TestNG-test=RetryMultipleFailedTestcases-3] INFO  Sameera_Testcases.Af_InlineElementTC - Verifying  Strikethrough is present In DS
11:59:52.199 [TestNG-test=RetryMultipleFailedTestcases-3] INFO  Sameera_Testcases.Af_InlineElementTC - Finished TC004_verifyChangeBoldToStrikthroughCheckToolBar
11:59:59.530 [TestNG-test=RetryMultipleFailedTestcases-2] INFO  Sameera_Testcases.Af_InlineElementTC - Logged in, searched for a file, and clicked Edit.
12:00:00.949 [TestNG-test=RetryMultipleFailedTestcases-2] INFO  Sameera_Testcases.Af_InlineElementTC - clicked on bold button from toolbar
12:00:01.228 [TestNG-test=RetryMultipleFailedTestcases-2] INFO  Sameera_Testcases.Af_InlineElementTC - Verifying bold is present in DS 
12:00:01.250 [TestNG-test=RetryMultipleFailedTestcases-3] INFO  Sameera_Testcases.Ag_LinkTC - Starting TC001_verifyInsertCrossReferenceInPara ..
12:00:02.258 [TestNG-test=RetryMultipleFailedTestcases-2] INFO  Sameera_Testcases.Af_InlineElementTC - Verifying bold is present in DS 
12:00:02.258 [TestNG-test=RetryMultipleFailedTestcases-2] INFO  Sameera_Testcases.Af_InlineElementTC - Finished TC005_verifyBoldAndUnboldParaSelectedText ..
12:00:04.681 [TestNG-test=RetryMultipleFailedTestcases-1] INFO  Sameera_Testcases.Af_InlineElementTC - Double clicked on First para
12:00:05.442 [TestNG-test=RetryMultipleFailedTestcases-1] INFO  Sameera_Testcases.Af_InlineElementTC - clicked on bold button from toolbar
12:00:07.885 [TestNG-test=RetryMultipleFailedTestcases-1] INFO  Sameera_Testcases.Af_InlineElementTC - Verifying  Italic is present In DS
12:00:09.756 [TestNG-test=RetryMultipleFailedTestcases-2] INFO  Sameera_Testcases.Ag_LinkTC - Starting TC002_verifyCrossReferenceByReferenceType ..
12:00:10.152 [TestNG-test=RetryMultipleFailedTestcases-1] INFO  Sameera_Testcases.Af_InlineElementTC - Verifying Bold emph is present In VE
12:00:10.152 [TestNG-test=RetryMultipleFailedTestcases-1] INFO  Sameera_Testcases.Af_InlineElementTC - Finished TC006_verifyInsertBoldAndItalicTogetherRemoveItalic ..
12:00:16.987 [TestNG-test=RetryMultipleFailedTestcases-1] INFO  Sameera_Testcases.Ag_LinkTC - Starting verifyXrefInOtherPublication ..
12:00:24.642 [TestNG-test=RetryMultipleFailedTestcases-4] INFO  Sameera_Testcases.Af_InlineElementTC - Double clicked on First para
12:00:25.039 [TestNG-test=RetryMultipleFailedTestcases-4] INFO  Sameera_Testcases.Af_InlineElementTC - clicked on bold button from toolbar
12:00:25.392 [TestNG-test=RetryMultipleFailedTestcases-4] INFO  Sameera_Testcases.Af_InlineElementTC - Verifying  Bold is present In DS
12:00:26.190 [TestNG-test=RetryMultipleFailedTestcases-4] INFO  Sameera_Testcases.Af_InlineElementTC - Verifying  Italic is present In DS
12:00:27.091 [TestNG-test=RetryMultipleFailedTestcases-4] INFO  Sameera_Testcases.Af_InlineElementTC - Verifying  Underline is present In DS
12:00:27.978 [TestNG-test=RetryMultipleFailedTestcases-4] INFO  Sameera_Testcases.Af_InlineElementTC - Verifying  Superscipt is present In DS
12:00:29.528 [TestNG-test=RetryMultipleFailedTestcases-4] INFO  Sameera_Testcases.Af_InlineElementTC - Verifying  Subscript is present In DS
12:00:31.126 [TestNG-test=RetryMultipleFailedTestcases-4] INFO  Sameera_Testcases.Af_InlineElementTC - Verifying  Strikethrough is present In DS
12:00:33.790 [TestNG-test=RetryMultipleFailedTestcases-4] INFO  Sameera_Testcases.Af_InlineElementTC - Verifying Bold emph is present In VE
12:00:33.790 [TestNG-test=RetryMultipleFailedTestcases-4] INFO  Sameera_Testcases.Af_InlineElementTC - Finished TC003_verifyApplyMultipleEmphaisOnSingleText ..
12:00:37.474 [TestNG-test=RetryMultipleFailedTestcases-3] INFO  Sameera_Testcases.Ag_LinkTC - Double clicked on First para
12:00:38.572 [TestNG-test=RetryMultipleFailedTestcases-3] INFO  Sameera_Testcases.Ag_LinkTC - clicked on Cross Reference button 
12:00:44.567 [TestNG-test=RetryMultipleFailedTestcases-4] INFO  Sameera_Testcases.Ag_LinkTC - Starting TC004_verifyXrefInOtherPublication ..
12:00:45.063 [TestNG-test=RetryMultipleFailedTestcases-2] INFO  Sameera_Testcases.Ag_LinkTC - Logged in, searched for a file, and clicked Edit.
12:00:45.063 [TestNG-test=RetryMultipleFailedTestcases-2] INFO  Sameera_Testcases.Ag_LinkTC - Created Ao_CrossReference instance.
12:00:50.718 [TestNG-test=RetryMultipleFailedTestcases-1] INFO  Sameera_Testcases.Ag_LinkTC - Logged in, searched for a file, and clicked Edit.
12:00:50.719 [TestNG-test=RetryMultipleFailedTestcases-1] INFO  Sameera_Testcases.Ag_LinkTC - Created Ao_CrossReference instance.
12:00:50.738 [TestNG-test=RetryMultipleFailedTestcases-1] INFO  Sameera_Testcases.Ag_LinkTC - Switched to frame 0.
12:00:51.497 [TestNG-test=RetryMultipleFailedTestcases-1] INFO  Sameera_Testcases.Ag_LinkTC - Double clicked on First para
12:00:51.527 [TestNG-test=RetryMultipleFailedTestcases-1] INFO  Sameera_Testcases.Ag_LinkTC - Switched back to default content.
12:00:54.179 [TestNG-test=RetryMultipleFailedTestcases-2] INFO  Sameera_Testcases.Ag_LinkTC - Switched to frame 0.
12:00:54.664 [TestNG-test=RetryMultipleFailedTestcases-2] INFO  Sameera_Testcases.Ag_LinkTC - Double clicked on First para
12:00:54.718 [TestNG-test=RetryMultipleFailedTestcases-2] INFO  Sameera_Testcases.Ag_LinkTC - Switched back to default content.
12:00:55.025 [TestNG-test=RetryMultipleFailedTestcases-2] INFO  Sameera_Testcases.Ag_LinkTC - clicked on CrossReference Button
12:00:58.056 [TestNG-test=RetryMultipleFailedTestcases-1] INFO  Sameera_Testcases.Ag_LinkTC - clicked on CrossReference popup ok button
12:00:58.252 [TestNG-test=RetryMultipleFailedTestcases-1] INFO  Sameera_Testcases.Ag_LinkTC - Switched to frame 0.
12:01:05.899 [TestNG-test=RetryMultipleFailedTestcases-1] INFO  Sameera_Testcases.Ag_LinkTC - Starting test TC005_verifyXrefExternalSource.
12:01:11.091 [TestNG-test=RetryMultipleFailedTestcases-4] INFO  Sameera_Testcases.Ag_LinkTC - Logged in, searched for a file, and clicked Edit.
12:01:11.092 [TestNG-test=RetryMultipleFailedTestcases-4] INFO  Sameera_Testcases.Ag_LinkTC - Created Ao_CrossReference instance.
12:01:11.168 [TestNG-test=RetryMultipleFailedTestcases-4] INFO  Sameera_Testcases.Ag_LinkTC - Switched to frame 0.
12:01:11.938 [TestNG-test=RetryMultipleFailedTestcases-4] INFO  Sameera_Testcases.Ag_LinkTC - Double clicked on First para
12:01:12.004 [TestNG-test=RetryMultipleFailedTestcases-4] INFO  Sameera_Testcases.Ag_LinkTC - Switched back to default content.
12:01:23.814 [TestNG-test=RetryMultipleFailedTestcases-4] INFO  Sameera_Testcases.Ag_LinkTC - clicked on CrossReference popup ok button
12:01:23.968 [TestNG-test=RetryMultipleFailedTestcases-4] INFO  Sameera_Testcases.Ag_LinkTC - Switched to frame 0.
12:01:24.009 [TestNG-test=RetryMultipleFailedTestcases-4] INFO  Sameera_Testcases.Ag_LinkTC - Test TC004_verifyXrefInOtherPublication completed.
12:01:31.187 [TestNG-test=RetryMultipleFailedTestcases-4] INFO  Sameera_Testcases.Ag_LinkTC - Starting TC006_verifyEditCrossReferenceLink ..
12:01:33.230 [TestNG-test=RetryMultipleFailedTestcases-2] INFO  Sameera_Testcases.Ag_LinkTC - Starting TC002_verifyCrossReferenceByReferenceType ..
12:01:38.487 [TestNG-test=RetryMultipleFailedTestcases-1] INFO  Sameera_Testcases.Ag_LinkTC - Logged in and clicked on Edit.
12:01:39.398 [TestNG-test=RetryMultipleFailedTestcases-1] INFO  Sameera_Testcases.Ag_LinkTC - Double-clicked on the first paragraph.
12:01:39.426 [TestNG-test=RetryMultipleFailedTestcases-3] INFO  Sameera_Testcases.Ag_LinkTC - clicked on Code Cross Reference checkbox 
12:01:39.962 [TestNG-test=RetryMultipleFailedTestcases-1] INFO  Sameera_Testcases.Ag_LinkTC - Clicked on 'Cross-Reference' button.
12:01:40.227 [TestNG-test=RetryMultipleFailedTestcases-3] INFO  Sameera_Testcases.Ag_LinkTC - clicked on Cross Reference popup ok button 
12:01:40.291 [TestNG-test=RetryMultipleFailedTestcases-1] INFO  Sameera_Testcases.Ag_LinkTC - Selected 'Custom Reference'.
12:01:40.610 [TestNG-test=RetryMultipleFailedTestcases-1] INFO  Sameera_Testcases.Ag_LinkTC - Entered custom reference URL: https://www.google.com.
12:01:41.257 [TestNG-test=RetryMultipleFailedTestcases-1] INFO  Sameera_Testcases.Ag_LinkTC - Verified that the link tooltip text matches.
12:01:41.316 [TestNG-test=RetryMultipleFailedTestcases-3] INFO  Sameera_Testcases.Ag_LinkTC - Verifying Cross Reference is present in AP
12:01:49.611 [TestNG-test=RetryMultipleFailedTestcases-3] INFO  Sameera_Testcases.Ag_LinkTC - Starting TC001_verifyInsertCrossReferenceInPara ..
12:01:54.111 [TestNG-test=RetryMultipleFailedTestcases-1] INFO  Sameera_Testcases.Ag_LinkTC - Starting test TC005_verifyXrefExternalSource.
12:02:00.653 [TestNG-test=RetryMultipleFailedTestcases-4] INFO  Sameera_Testcases.Ag_LinkTC - Double clicked on First para
12:02:01.476 [TestNG-test=RetryMultipleFailedTestcases-4] INFO  Sameera_Testcases.Ag_LinkTC - clicked on Cross Reference button 
12:02:03.404 [TestNG-test=RetryMultipleFailedTestcases-2] INFO  Sameera_Testcases.Ag_LinkTC - Logged in, searched for a file, and clicked Edit.
12:02:03.405 [TestNG-test=RetryMultipleFailedTestcases-2] INFO  Sameera_Testcases.Ag_LinkTC - Created Ao_CrossReference instance.
12:02:15.650 [TestNG-test=RetryMultipleFailedTestcases-2] INFO  Sameera_Testcases.Ag_LinkTC - Switched to frame 0.
12:02:16.586 [TestNG-test=RetryMultipleFailedTestcases-2] INFO  Sameera_Testcases.Ag_LinkTC - Double clicked on First para
12:02:16.607 [TestNG-test=RetryMultipleFailedTestcases-2] INFO  Sameera_Testcases.Ag_LinkTC - Switched back to default content.
12:02:17.054 [TestNG-test=RetryMultipleFailedTestcases-2] INFO  Sameera_Testcases.Ag_LinkTC - clicked on CrossReference Button
12:02:17.192 [TestNG-test=RetryMultipleFailedTestcases-2] INFO  Sameera_Testcases.Ag_LinkTC - clicked on Ref Type Button
12:02:17.293 [TestNG-test=RetryMultipleFailedTestcases-2] INFO  Sameera_Testcases.Ag_LinkTC - clicked on Table Option
12:02:21.195 [TestNG-test=RetryMultipleFailedTestcases-3] INFO  Sameera_Testcases.Ag_LinkTC - Double clicked on First para
12:02:21.502 [TestNG-test=RetryMultipleFailedTestcases-3] INFO  Sameera_Testcases.Ag_LinkTC - clicked on Cross Reference button 
12:02:23.299 [TestNG-test=RetryMultipleFailedTestcases-1] INFO  Sameera_Testcases.Ag_LinkTC - Logged in and clicked on Edit.
12:02:23.956 [TestNG-test=RetryMultipleFailedTestcases-1] INFO  Sameera_Testcases.Ag_LinkTC - Double-clicked on the first paragraph.
12:02:24.429 [TestNG-test=RetryMultipleFailedTestcases-1] INFO  Sameera_Testcases.Ag_LinkTC - Clicked on 'Cross-Reference' button.
12:02:24.662 [TestNG-test=RetryMultipleFailedTestcases-1] INFO  Sameera_Testcases.Ag_LinkTC - Selected 'Custom Reference'.
12:02:24.931 [TestNG-test=RetryMultipleFailedTestcases-1] INFO  Sameera_Testcases.Ag_LinkTC - Entered custom reference URL: https://www.google.com.
12:02:25.628 [TestNG-test=RetryMultipleFailedTestcases-1] INFO  Sameera_Testcases.Ag_LinkTC - Verified that the link tooltip text matches.
12:02:27.819 [TestNG-test=RetryMultipleFailedTestcases-1] INFO  Sameera_Testcases.Ag_LinkTC - Verified that the Xref Link is working.
12:02:27.819 [TestNG-test=RetryMultipleFailedTestcases-1] INFO  Sameera_Testcases.Ag_LinkTC - Test TC005_verifyXrefExternalSource completed.
12:02:38.206 [TestNG-test=RetryMultipleFailedTestcases-1] INFO  Sameera_Testcases.Ag_LinkTC - Starting TC007_verifyEditCrossReferenceLinkChangeDestintion ..
12:03:01.649 [TestNG-test=RetryMultipleFailedTestcases-1] INFO  Sameera_Testcases.Ag_LinkTC - Double clicked on First para
12:03:01.955 [TestNG-test=RetryMultipleFailedTestcases-1] INFO  Sameera_Testcases.Ag_LinkTC - clicked on Cross Reference button 
12:03:02.216 [TestNG-test=RetryMultipleFailedTestcases-4] INFO  Sameera_Testcases.Ag_LinkTC - clicked on Code Cross Reference checkbox 
12:03:02.599 [TestNG-test=RetryMultipleFailedTestcases-4] INFO  Sameera_Testcases.Ag_LinkTC - clicked on Cross Reference popup ok button 
12:03:03.542 [TestNG-test=RetryMultipleFailedTestcases-4] INFO  Sameera_Testcases.Ag_LinkTC - Verifying Cross Reference is present in AP
12:03:10.054 [TestNG-test=RetryMultipleFailedTestcases-4] INFO  Sameera_Testcases.Ag_LinkTC - Starting TC006_verifyEditCrossReferenceLink ..
12:03:22.329 [TestNG-test=RetryMultipleFailedTestcases-3] INFO  Sameera_Testcases.Ag_LinkTC - clicked on Code Cross Reference checkbox 
12:03:23.080 [TestNG-test=RetryMultipleFailedTestcases-3] INFO  Sameera_Testcases.Ag_LinkTC - clicked on Cross Reference popup ok button 
12:03:24.171 [TestNG-test=RetryMultipleFailedTestcases-3] INFO  Sameera_Testcases.Ag_LinkTC - Verifying Cross Reference is present in AP
12:03:31.081 [TestNG-test=RetryMultipleFailedTestcases-3] INFO  Sameera_Testcases.Ag_LinkTC - Starting TC008_verifyEditExistingCrossReferenceLink ..
12:03:35.303 [TestNG-test=RetryMultipleFailedTestcases-4] INFO  Sameera_Testcases.Ag_LinkTC - Double clicked on First para
12:03:35.652 [TestNG-test=RetryMultipleFailedTestcases-4] INFO  Sameera_Testcases.Ag_LinkTC - clicked on Cross Reference button 
12:03:55.733 [TestNG-test=RetryMultipleFailedTestcases-3] INFO  Sameera_Testcases.Ag_LinkTC - Verifying Cross Reference text is correct
12:03:58.755 [TestNG-test=RetryMultipleFailedTestcases-3] INFO  Sameera_Testcases.Ag_LinkTC - Finished TC008_verifyEditExistingCrossReferenceLink ..
12:04:02.703 [TestNG-test=RetryMultipleFailedTestcases-1] INFO  Sameera_Testcases.Ag_LinkTC - clicked on Code Cross Reference checkbox 
12:04:03.104 [TestNG-test=RetryMultipleFailedTestcases-1] INFO  Sameera_Testcases.Ag_LinkTC - clicked on Cross Reference popup ok button 
12:04:04.067 [TestNG-test=RetryMultipleFailedTestcases-1] INFO  Sameera_Testcases.Ag_LinkTC - Verifying Cross Reference is present in AP
12:04:04.692 [TestNG-test=RetryMultipleFailedTestcases-3] INFO  Sameera_Testcases.Ag_LinkTC - Starting TC009_verifyEditExistingCrossReferenceLinkCheckPopup ..
12:04:10.508 [TestNG-test=RetryMultipleFailedTestcases-1] INFO  Sameera_Testcases.Ag_LinkTC - Starting TC007_verifyEditCrossReferenceLinkChangeDestintion ..
12:04:27.048 [TestNG-test=RetryMultipleFailedTestcases-2] INFO  Sameera_Testcases.Ag_LinkTC - Starting TC010_verifyEditExistingCrossReferenceLinkCheckTC ..
12:04:31.915 [TestNG-test=RetryMultipleFailedTestcases-3] INFO  Sameera_Testcases.Ag_LinkTC - Verifying Cross Reference text is correct
12:04:36.125 [TestNG-test=RetryMultipleFailedTestcases-3] INFO  Sameera_Testcases.Ag_LinkTC - Finished TC009_verifyEditExistingCrossReferenceLinkCheckPopup ..
12:04:36.634 [TestNG-test=RetryMultipleFailedTestcases-4] INFO  Sameera_Testcases.Ag_LinkTC - clicked on Code Cross Reference checkbox 
12:04:37.299 [TestNG-test=RetryMultipleFailedTestcases-4] INFO  Sameera_Testcases.Ag_LinkTC - clicked on Cross Reference popup ok button 
12:04:38.470 [TestNG-test=RetryMultipleFailedTestcases-4] INFO  Sameera_Testcases.Ag_LinkTC - Verifying Cross Reference is present in AP
12:04:41.457 [TestNG-test=RetryMultipleFailedTestcases-1] INFO  Sameera_Testcases.Ag_LinkTC - Double clicked on First para
12:04:43.283 [TestNG-test=RetryMultipleFailedTestcases-1] INFO  Sameera_Testcases.Ag_LinkTC - clicked on Cross Reference button 
12:04:48.483 [TestNG-test=RetryMultipleFailedTestcases-3] INFO  Sameera_Testcases.Ag_LinkTC - Starting TC011_verifyUnlinkExistingLink ..
12:04:49.012 [TestNG-test=RetryMultipleFailedTestcases-4] INFO  Sameera_Testcases.Ag_LinkTC - Starting TC012_verifyUnlinkExistingLinkCheckVEDocument ..
12:04:57.373 [TestNG-test=RetryMultipleFailedTestcases-2] INFO  Sameera_Testcases.Ag_LinkTC - Verifying Cross Reference text is correct
12:05:02.995 [TestNG-test=RetryMultipleFailedTestcases-2] INFO  Sameera_Testcases.Ag_LinkTC - Finished TC010_verifyEditExistingCrossReferenceLinkCheckTC ..
12:05:12.216 [TestNG-test=RetryMultipleFailedTestcases-2] INFO  Sameera_Testcases.Ag_LinkTC - Starting TC013_verifyRemoveExistingCrossRefCheckTC ..
12:05:44.242 [TestNG-test=RetryMultipleFailedTestcases-1] INFO  Sameera_Testcases.Ag_LinkTC - clicked on Code Cross Reference checkbox 
12:05:44.818 [TestNG-test=RetryMultipleFailedTestcases-1] INFO  Sameera_Testcases.Ag_LinkTC - clicked on Cross Reference popup ok button 
12:05:46.029 [TestNG-test=RetryMultipleFailedTestcases-1] INFO  Sameera_Testcases.Ag_LinkTC - Verifying Cross Reference is present in AP
12:05:48.158 [TestNG-test=RetryMultipleFailedTestcases-2] INFO  Sameera_Testcases.Ag_LinkTC - Starting TC013_verifyRemoveExistingCrossRefCheckTC ..
12:06:17.259 [TestNG-test=RetryMultipleFailedTestcases-2] INFO  Sameera_Testcases.Ag_LinkTC - Finished TC011_verifyUnlinkExistingLink ..
