21:20:37.319 [main] INFO  Sameera_Testcases.Ab_ParaTC - clicked on bold button from toolbar
21:23:45.662 [main] INFO  Sameera_Testcases.Ab_ParaTC - Starting verifyInsertBackToBackEmphasisElement ..
21:24:06.887 [main] INFO  Sameera_Testcases.Ab_ParaTC - Double clicked on First para
21:24:07.141 [main] INFO  Sameera_Testcases.Ab_ParaTC - clicked on bold button from toolbar
21:24:09.189 [main] INFO  Sameera_Testcases.Ab_ParaTC - Verifying  Bold is present In DS
21:24:09.452 [main] INFO  Sameera_Testcases.Ab_ParaTC - Verifying  Italic is present In DS
21:24:09.741 [main] INFO  Sameera_Testcases.Ab_ParaTC - Verifying  Underline is present In DS
21:24:10.009 [main] INFO  Sameera_Testcases.Ab_ParaTC - Verifying  Superscipt is present In DS
21:24:10.301 [main] INFO  Sameera_Testcases.Ab_ParaTC - Verifying  Subscript is present In DS
21:24:10.624 [main] INFO  Sameera_Testcases.Ab_ParaTC - Verifying  Strikethrough is present In DS
21:24:10.656 [main] INFO  Sameera_Testcases.Ab_ParaTC - Verifying Bold emph is present In VE
21:26:10.442 [main] INFO  Sameera_Testcases.Ab_ParaTC - Starting verifyInsertBackToBackEmphasisElement ..
21:26:31.020 [main] INFO  Sameera_Testcases.Ab_ParaTC - Double clicked on First para
21:26:31.213 [main] INFO  Sameera_Testcases.Ab_ParaTC - clicked on bold button from toolbar
21:26:33.263 [main] INFO  Sameera_Testcases.Ab_ParaTC - Verifying  Bold is present In DS
21:26:33.520 [main] INFO  Sameera_Testcases.Ab_ParaTC - Verifying  Italic is present In DS
21:26:33.796 [main] INFO  Sameera_Testcases.Ab_ParaTC - Verifying  Underline is present In DS
21:26:34.104 [main] INFO  Sameera_Testcases.Ab_ParaTC - Verifying  Superscipt is present In DS
21:26:34.413 [main] INFO  Sameera_Testcases.Ab_ParaTC - Verifying  Subscript is present In DS
21:26:34.761 [main] INFO  Sameera_Testcases.Ab_ParaTC - Verifying  Strikethrough is present In DS
21:26:34.793 [main] INFO  Sameera_Testcases.Ab_ParaTC - Verifying Bold emph is present In VE
21:27:37.744 [main] INFO  Sameera_Testcases.Ab_ParaTC - Finished verifyInsertBackToBackEmphasisElement ..
21:29:27.426 [main] INFO  Sameera_Testcases.Ab_ParaTC - clicked on bold button from toolbar
21:29:27.556 [main] INFO  Sameera_Testcases.Ab_ParaTC - clicked on Accept changes button from toolbar
21:32:00.282 [main] INFO  Sameera_Testcases.Ab_ParaTC - clicked on bold button from toolbar
21:32:02.531 [main] INFO  Sameera_Testcases.Ab_ParaTC - clicked on Accept changes button from toolbar
21:32:02.556 [main] INFO  Sameera_Testcases.Ab_ParaTC - Verifying bold is present in DS 
21:32:02.574 [main] INFO  Sameera_Testcases.Ab_ParaTC - Verifying bold is present in CE 
21:36:33.046 [TestNG-test=RetryMultipleFailedTestcases-4] INFO  Sameera_Testcases.Am_UndoRedoTC - Logged in and searched for a file, then clicked Edit.
21:36:33.263 [TestNG-test=RetryMultipleFailedTestcases-4] INFO  Sameera_Testcases.Am_UndoRedoTC - Switched to frame 0.
21:36:33.971 [TestNG-test=RetryMultipleFailedTestcases-3] INFO  Sameera_Testcases.Am_UndoRedoTC - Logged in and searched for a file, then clicked Edit.
21:36:34.063 [TestNG-test=RetryMultipleFailedTestcases-3] INFO  Sameera_Testcases.Am_UndoRedoTC - Switched to frame 0.
21:36:34.260 [TestNG-test=RetryMultipleFailedTestcases-4] INFO  Sameera_Testcases.Am_UndoRedoTC - Switched to default content.
21:36:34.625 [TestNG-test=RetryMultipleFailedTestcases-4] INFO  Sameera_Testcases.Am_UndoRedoTC - Switched to frame 0.
21:36:34.750 [TestNG-test=RetryMultipleFailedTestcases-3] INFO  Sameera_Testcases.Am_UndoRedoTC - Switched to default content.
21:36:35.035 [TestNG-test=RetryMultipleFailedTestcases-4] INFO  Sameera_Testcases.Am_UndoRedoTC - Switched to default content.
21:36:35.049 [TestNG-test=RetryMultipleFailedTestcases-3] INFO  Sameera_Testcases.Am_UndoRedoTC - Switched to frame 0.
21:36:35.233 [TestNG-test=RetryMultipleFailedTestcases-4] INFO  Sameera_Testcases.Am_UndoRedoTC - Clicked on track changes.
21:36:35.618 [TestNG-test=RetryMultipleFailedTestcases-4] INFO  Sameera_Testcases.Am_UndoRedoTC - Switched to frame 0.
21:36:35.686 [TestNG-test=RetryMultipleFailedTestcases-3] INFO  Sameera_Testcases.Am_UndoRedoTC - Switched to default content.
21:36:35.960 [TestNG-test=RetryMultipleFailedTestcases-3] INFO  Sameera_Testcases.Am_UndoRedoTC - Clicked on track changes.
21:36:38.443 [TestNG-test=RetryMultipleFailedTestcases-1] INFO  Sameera_Testcases.Am_UndoRedoTC - Logged in and searched for a file, then clicked Edit.
21:36:38.466 [TestNG-test=RetryMultipleFailedTestcases-2] INFO  Sameera_Testcases.Am_UndoRedoTC - Logged in and searched for a file, then clicked Edit.
21:36:38.495 [TestNG-test=RetryMultipleFailedTestcases-1] INFO  Sameera_Testcases.Am_UndoRedoTC - Switched to frame 0.
21:36:38.576 [TestNG-test=RetryMultipleFailedTestcases-2] INFO  Sameera_Testcases.Am_UndoRedoTC - Switched to frame 0.
21:36:38.628 [TestNG-test=RetryMultipleFailedTestcases-3] INFO  Sameera_Testcases.Am_UndoRedoTC - Switched to frame 0.
21:36:39.219 [TestNG-test=RetryMultipleFailedTestcases-1] INFO  Sameera_Testcases.Am_UndoRedoTC - Switched to default content.
21:36:39.681 [TestNG-test=RetryMultipleFailedTestcases-2] INFO  Sameera_Testcases.Am_UndoRedoTC - Switched to default content.
21:36:39.682 [TestNG-test=RetryMultipleFailedTestcases-1] INFO  Sameera_Testcases.Am_UndoRedoTC - Switched to frame 0.
21:36:40.088 [TestNG-test=RetryMultipleFailedTestcases-2] INFO  Sameera_Testcases.Am_UndoRedoTC - Switched to frame 0.
21:36:40.389 [TestNG-test=RetryMultipleFailedTestcases-1] INFO  Sameera_Testcases.Am_UndoRedoTC - Switched to default content.
21:36:40.555 [TestNG-test=RetryMultipleFailedTestcases-1] INFO  Sameera_Testcases.Am_UndoRedoTC - Clicked on track changes.
21:36:40.626 [TestNG-test=RetryMultipleFailedTestcases-2] INFO  Sameera_Testcases.Am_UndoRedoTC - Switched to default content.
21:36:40.812 [TestNG-test=RetryMultipleFailedTestcases-2] INFO  Sameera_Testcases.Am_UndoRedoTC - Clicked on track changes.
21:36:40.960 [TestNG-test=RetryMultipleFailedTestcases-2] INFO  Sameera_Testcases.Am_UndoRedoTC - Switched to frame 0.
21:36:41.308 [TestNG-test=RetryMultipleFailedTestcases-1] INFO  Sameera_Testcases.Am_UndoRedoTC - Switched to frame 0.
21:36:44.580 [TestNG-test=RetryMultipleFailedTestcases-4] INFO  Sameera_Testcases.Am_UndoRedoTC - Starting test TC042_verifyRedoExistingContent.
21:37:06.990 [TestNG-test=RetryMultipleFailedTestcases-4] INFO  Sameera_Testcases.Am_UndoRedoTC - Switching to frame and double-clicking the first paragraph.
21:37:07.617 [TestNG-test=RetryMultipleFailedTestcases-4] INFO  Sameera_Testcases.Am_UndoRedoTC - Clicking 'Bold' to emphasize text.
21:37:08.586 [TestNG-test=RetryMultipleFailedTestcases-4] INFO  Sameera_Testcases.Am_UndoRedoTC - Performing Undo operation.
21:37:09.789 [TestNG-test=RetryMultipleFailedTestcases-4] INFO  Sameera_Testcases.Am_UndoRedoTC - Performing Redo operation.
21:37:10.762 [TestNG-test=RetryMultipleFailedTestcases-4] INFO  Sameera_Testcases.Am_UndoRedoTC - Switching to Quick Preview and checking Redo status.
21:37:10.763 [TestNG-test=RetryMultipleFailedTestcases-4] INFO  Sameera_Testcases.Am_UndoRedoTC - Test TC042_verifyRedoExistingContent completed.
21:37:11.089 [TestNG-test=RetryMultipleFailedTestcases-1] INFO  Sameera_Testcases.Am_UndoRedoTC - Logged in and searched for a file, then clicked Edit.
21:37:11.107 [TestNG-test=RetryMultipleFailedTestcases-1] INFO  Sameera_Testcases.Am_UndoRedoTC - Switched to frame 0.
21:37:11.587 [TestNG-test=RetryMultipleFailedTestcases-1] INFO  Sameera_Testcases.Am_UndoRedoTC - Switched to default content.
21:37:11.808 [TestNG-test=RetryMultipleFailedTestcases-1] INFO  Sameera_Testcases.Am_UndoRedoTC - Switched to frame 0.
21:37:12.102 [TestNG-test=RetryMultipleFailedTestcases-1] INFO  Sameera_Testcases.Am_UndoRedoTC - Switched to default content.
21:37:12.202 [TestNG-test=RetryMultipleFailedTestcases-1] INFO  Sameera_Testcases.Am_UndoRedoTC - Clicked on track changes.
21:37:12.590 [TestNG-test=RetryMultipleFailedTestcases-1] INFO  Sameera_Testcases.Am_UndoRedoTC - Switched to frame 0.
21:45:18.376 [TestNG-test=RetryMultipleFailedTestcases-2] INFO  Sameera_Testcases.Am_UndoRedoTC - Logged in and searched for a file, then clicked Edit.
21:45:18.601 [TestNG-test=RetryMultipleFailedTestcases-2] INFO  Sameera_Testcases.Am_UndoRedoTC - Switched to frame 0.
21:45:19.770 [TestNG-test=RetryMultipleFailedTestcases-3] INFO  Sameera_Testcases.Am_UndoRedoTC - Logged in and searched for a file, then clicked Edit.
21:45:19.774 [TestNG-test=RetryMultipleFailedTestcases-2] INFO  Sameera_Testcases.Am_UndoRedoTC - Switched to default content.
21:45:19.917 [TestNG-test=RetryMultipleFailedTestcases-3] INFO  Sameera_Testcases.Am_UndoRedoTC - Switched to frame 0.
21:45:20.356 [TestNG-test=RetryMultipleFailedTestcases-2] INFO  Sameera_Testcases.Am_UndoRedoTC - Switched to frame 0.
21:45:20.593 [TestNG-test=RetryMultipleFailedTestcases-4] INFO  Sameera_Testcases.Am_UndoRedoTC - Logged in and searched for a file, then clicked Edit.
21:45:20.612 [TestNG-test=RetryMultipleFailedTestcases-4] INFO  Sameera_Testcases.Am_UndoRedoTC - Switched to frame 0.
21:45:20.751 [TestNG-test=RetryMultipleFailedTestcases-3] INFO  Sameera_Testcases.Am_UndoRedoTC - Switched to default content.
21:45:20.879 [TestNG-test=RetryMultipleFailedTestcases-2] INFO  Sameera_Testcases.Am_UndoRedoTC - Switched to default content.
21:45:21.346 [TestNG-test=RetryMultipleFailedTestcases-4] INFO  Sameera_Testcases.Am_UndoRedoTC - Switched to default content.
21:45:21.359 [TestNG-test=RetryMultipleFailedTestcases-3] INFO  Sameera_Testcases.Am_UndoRedoTC - Switched to frame 0.
21:45:21.486 [TestNG-test=RetryMultipleFailedTestcases-2] INFO  Sameera_Testcases.Am_UndoRedoTC - Clicked on track changes.
21:45:21.607 [TestNG-test=RetryMultipleFailedTestcases-2] INFO  Sameera_Testcases.Am_UndoRedoTC - Switched to frame 0.
21:45:21.741 [TestNG-test=RetryMultipleFailedTestcases-4] INFO  Sameera_Testcases.Am_UndoRedoTC - Switched to frame 0.
21:45:21.890 [TestNG-test=RetryMultipleFailedTestcases-1] INFO  Sameera_Testcases.Am_UndoRedoTC - Logged in and searched for a file, then clicked Edit.
21:45:21.915 [TestNG-test=RetryMultipleFailedTestcases-1] INFO  Sameera_Testcases.Am_UndoRedoTC - Switched to frame 0.
21:45:22.002 [TestNG-test=RetryMultipleFailedTestcases-3] INFO  Sameera_Testcases.Am_UndoRedoTC - Switched to default content.
21:45:22.303 [TestNG-test=RetryMultipleFailedTestcases-3] INFO  Sameera_Testcases.Am_UndoRedoTC - Clicked on track changes.
21:45:22.326 [TestNG-test=RetryMultipleFailedTestcases-4] INFO  Sameera_Testcases.Am_UndoRedoTC - Switched to default content.
21:45:22.520 [TestNG-test=RetryMultipleFailedTestcases-4] INFO  Sameera_Testcases.Am_UndoRedoTC - Clicked on track changes.
21:45:22.744 [TestNG-test=RetryMultipleFailedTestcases-1] INFO  Sameera_Testcases.Am_UndoRedoTC - Switched to default content.
21:45:22.870 [TestNG-test=RetryMultipleFailedTestcases-4] INFO  Sameera_Testcases.Am_UndoRedoTC - Switched to frame 0.
21:45:23.129 [TestNG-test=RetryMultipleFailedTestcases-1] INFO  Sameera_Testcases.Am_UndoRedoTC - Switched to frame 0.
21:45:23.470 [TestNG-test=RetryMultipleFailedTestcases-3] INFO  Sameera_Testcases.Am_UndoRedoTC - Switched to frame 0.
21:45:23.739 [TestNG-test=RetryMultipleFailedTestcases-1] INFO  Sameera_Testcases.Am_UndoRedoTC - Switched to default content.
21:45:23.902 [TestNG-test=RetryMultipleFailedTestcases-1] INFO  Sameera_Testcases.Am_UndoRedoTC - Clicked on track changes.
21:45:24.462 [TestNG-test=RetryMultipleFailedTestcases-1] INFO  Sameera_Testcases.Am_UndoRedoTC - Switched to frame 0.
21:45:28.096 [TestNG-test=RetryMultipleFailedTestcases-4] INFO  Sameera_Testcases.Ab_ParaTC - Starting verifyInsertBackToBackEmphasisElement ..
21:45:28.729 [TestNG-test=RetryMultipleFailedTestcases-2] INFO  Sameera_Testcases.Am_UndoRedoTC - Starting test TC042_verifyRedoExistingContent.
21:46:01.651 [TestNG-test=RetryMultipleFailedTestcases-2] INFO  Sameera_Testcases.Am_UndoRedoTC - Switching to frame and double-clicking the first paragraph.
21:46:02.558 [TestNG-test=RetryMultipleFailedTestcases-2] INFO  Sameera_Testcases.Am_UndoRedoTC - Clicking 'Bold' to emphasize text.
21:46:03.760 [TestNG-test=RetryMultipleFailedTestcases-1] INFO  Sameera_Testcases.Am_UndoRedoTC - Logged in and searched for a file, then clicked Edit.
21:46:03.772 [TestNG-test=RetryMultipleFailedTestcases-1] INFO  Sameera_Testcases.Am_UndoRedoTC - Switched to frame 0.
21:46:04.101 [TestNG-test=RetryMultipleFailedTestcases-2] INFO  Sameera_Testcases.Am_UndoRedoTC - Performing Undo operation.
21:46:04.254 [TestNG-test=RetryMultipleFailedTestcases-1] INFO  Sameera_Testcases.Am_UndoRedoTC - Switched to default content.
21:46:04.324 [TestNG-test=RetryMultipleFailedTestcases-4] INFO  Sameera_Testcases.Ab_ParaTC - Double clicked on First para
21:46:04.535 [TestNG-test=RetryMultipleFailedTestcases-1] INFO  Sameera_Testcases.Am_UndoRedoTC - Switched to frame 0.
21:46:04.634 [TestNG-test=RetryMultipleFailedTestcases-4] INFO  Sameera_Testcases.Ab_ParaTC - clicked on bold button from toolbar
21:46:04.912 [TestNG-test=RetryMultipleFailedTestcases-1] INFO  Sameera_Testcases.Am_UndoRedoTC - Switched to default content.
21:46:05.017 [TestNG-test=RetryMultipleFailedTestcases-1] INFO  Sameera_Testcases.Am_UndoRedoTC - Clicked on track changes.
21:46:05.437 [TestNG-test=RetryMultipleFailedTestcases-2] INFO  Sameera_Testcases.Am_UndoRedoTC - Performing Redo operation.
21:46:05.475 [TestNG-test=RetryMultipleFailedTestcases-1] INFO  Sameera_Testcases.Am_UndoRedoTC - Switched to frame 0.
21:46:06.680 [TestNG-test=RetryMultipleFailedTestcases-2] INFO  Sameera_Testcases.Am_UndoRedoTC - Switching to Quick Preview and checking Redo status.
21:46:06.680 [TestNG-test=RetryMultipleFailedTestcases-2] INFO  Sameera_Testcases.Am_UndoRedoTC - Test TC042_verifyRedoExistingContent completed.
21:46:06.761 [TestNG-test=RetryMultipleFailedTestcases-4] INFO  Sameera_Testcases.Ab_ParaTC - Verifying  Bold is present In DS
21:46:07.128 [TestNG-test=RetryMultipleFailedTestcases-4] INFO  Sameera_Testcases.Ab_ParaTC - Verifying  Italic is present In DS
21:46:07.554 [TestNG-test=RetryMultipleFailedTestcases-4] INFO  Sameera_Testcases.Ab_ParaTC - Verifying  Underline is present In DS
21:46:08.268 [TestNG-test=RetryMultipleFailedTestcases-4] INFO  Sameera_Testcases.Ab_ParaTC - Verifying  Superscipt is present In DS
21:46:08.935 [TestNG-test=RetryMultipleFailedTestcases-4] INFO  Sameera_Testcases.Ab_ParaTC - Verifying  Subscript is present In DS
21:46:09.722 [TestNG-test=RetryMultipleFailedTestcases-4] INFO  Sameera_Testcases.Ab_ParaTC - Verifying  Strikethrough is present In DS
21:46:09.830 [TestNG-test=RetryMultipleFailedTestcases-4] INFO  Sameera_Testcases.Ab_ParaTC - Verifying Bold emph is present In VE
21:46:09.830 [TestNG-test=RetryMultipleFailedTestcases-4] INFO  Sameera_Testcases.Ab_ParaTC - Finished verifyInsertBackToBackEmphasisElement ..
21:46:17.132 [TestNG-test=RetryMultipleFailedTestcases-4] INFO  Sameera_Testcases.Ab_ParaTC - ****    Starting --> paraTC    ****
21:46:41.371 [TestNG-test=RetryMultipleFailedTestcases-4] INFO  Sameera_Testcases.Ab_ParaTC - clicked on second section from DS
21:46:41.694 [TestNG-test=RetryMultipleFailedTestcases-4] INFO  Sameera_Testcases.Ab_ParaTC - clicked on second sections 2nd para from DS
21:46:42.427 [TestNG-test=RetryMultipleFailedTestcases-4] INFO  Sameera_Testcases.Ab_ParaTC - clicked on Enter key
21:46:42.580 [TestNG-test=RetryMultipleFailedTestcases-4] INFO  Sameera_Testcases.Ab_ParaTC - Verifying new para present in VE
21:46:42.655 [TestNG-test=RetryMultipleFailedTestcases-4] INFO  Sameera_Testcases.Ab_ParaTC - Verifying new para present into DS
21:46:49.115 [TestNG-test=RetryMultipleFailedTestcases-3] INFO  Sameera_Testcases.Ab_ParaTC - Starting verifyInsertBackToBackEmphasisElement ..
21:46:55.506 [TestNG-test=RetryMultipleFailedTestcases-2] INFO  Sameera_Testcases.Ab_ParaTC - Starting verifySelectMultipleContentAddEmphsis ..
21:46:57.700 [TestNG-test=RetryMultipleFailedTestcases-1] INFO  Sameera_Testcases.Am_UndoRedoTC - Logged in and searched for a file, then clicked Edit.
21:46:57.725 [TestNG-test=RetryMultipleFailedTestcases-1] INFO  Sameera_Testcases.Am_UndoRedoTC - Switched to frame 0.
21:46:58.358 [TestNG-test=RetryMultipleFailedTestcases-1] INFO  Sameera_Testcases.Am_UndoRedoTC - Switched to default content.
21:46:58.839 [TestNG-test=RetryMultipleFailedTestcases-1] INFO  Sameera_Testcases.Am_UndoRedoTC - Switched to frame 0.
21:46:59.329 [TestNG-test=RetryMultipleFailedTestcases-1] INFO  Sameera_Testcases.Am_UndoRedoTC - Switched to default content.
21:46:59.455 [TestNG-test=RetryMultipleFailedTestcases-1] INFO  Sameera_Testcases.Am_UndoRedoTC - Clicked on track changes.
21:46:59.874 [TestNG-test=RetryMultipleFailedTestcases-1] INFO  Sameera_Testcases.Am_UndoRedoTC - Switched to frame 0.
21:47:14.383 [TestNG-test=RetryMultipleFailedTestcases-3] INFO  Sameera_Testcases.Ab_ParaTC - Double clicked on First para
21:47:14.818 [TestNG-test=RetryMultipleFailedTestcases-3] INFO  Sameera_Testcases.Ab_ParaTC - clicked on bold button from toolbar
21:47:16.884 [TestNG-test=RetryMultipleFailedTestcases-3] INFO  Sameera_Testcases.Ab_ParaTC - Verifying  Bold is present In DS
21:47:17.297 [TestNG-test=RetryMultipleFailedTestcases-3] INFO  Sameera_Testcases.Ab_ParaTC - Verifying  Italic is present In DS
21:47:17.681 [TestNG-test=RetryMultipleFailedTestcases-3] INFO  Sameera_Testcases.Ab_ParaTC - Verifying  Underline is present In DS
21:47:18.522 [TestNG-test=RetryMultipleFailedTestcases-3] INFO  Sameera_Testcases.Ab_ParaTC - Verifying  Superscipt is present In DS
21:47:19.350 [TestNG-test=RetryMultipleFailedTestcases-3] INFO  Sameera_Testcases.Ab_ParaTC - Verifying  Subscript is present In DS
21:47:20.367 [TestNG-test=RetryMultipleFailedTestcases-3] INFO  Sameera_Testcases.Ab_ParaTC - Verifying  Strikethrough is present In DS
21:47:20.387 [TestNG-test=RetryMultipleFailedTestcases-2] INFO  Sameera_Testcases.Ab_ParaTC - clicked on bold button from toolbar
21:47:20.459 [TestNG-test=RetryMultipleFailedTestcases-3] INFO  Sameera_Testcases.Ab_ParaTC - Verifying Bold emph is present In VE
21:47:20.803 [TestNG-test=RetryMultipleFailedTestcases-2] INFO  Sameera_Testcases.Ab_ParaTC - clicked on Accept changes button from toolbar
21:47:20.868 [TestNG-test=RetryMultipleFailedTestcases-2] INFO  Sameera_Testcases.Ab_ParaTC - Verifying bold is present in DS 
21:47:20.930 [TestNG-test=RetryMultipleFailedTestcases-2] INFO  Sameera_Testcases.Ab_ParaTC - Verifying bold is present in CE 
21:47:32.614 [TestNG-test=RetryMultipleFailedTestcases-1] INFO  Sameera_Testcases.Ab_ParaTC - clicked on bold button from toolbar
21:47:34.961 [TestNG-test=RetryMultipleFailedTestcases-1] INFO  Sameera_Testcases.Ab_ParaTC - clicked on Accept changes button from toolbar
21:47:34.995 [TestNG-test=RetryMultipleFailedTestcases-1] INFO  Sameera_Testcases.Ab_ParaTC - Verifying bold is present in DS 
21:47:35.020 [TestNG-test=RetryMultipleFailedTestcases-1] INFO  Sameera_Testcases.Ab_ParaTC - Verifying bold is present in CE 
21:47:43.646 [TestNG-test=RetryMultipleFailedTestcases-4] INFO  Sameera_Testcases.Ab_ParaTC - verifying content validation not occured in code view
21:47:43.647 [TestNG-test=RetryMultipleFailedTestcases-4] INFO  Sameera_Testcases.Ab_ParaTC - ****    Finished --> paraTC    ****
21:47:49.508 [TestNG-test=RetryMultipleFailedTestcases-4] INFO  Sameera_Testcases.Ab_ParaTC - Starting verify_Table_VEAndQP test...
21:47:49.508 [TestNG-test=RetryMultipleFailedTestcases-4] INFO  Sameera_Testcases.Ab_ParaTC - ReusableMethods.LoginAndSearchFile_ClickEdit()
21:48:00.409 [TestNG-test=RetryMultipleFailedTestcases-2] INFO  Sameera_Testcases.Ao_RevisionTC - Starting verifyInsertRevisionToList
21:48:12.672 [TestNG-test=RetryMultipleFailedTestcases-4] INFO  Sameera_Testcases.Ab_ParaTC - Calling ReusableMethods.insertTableCB()
21:48:17.200 [TestNG-test=RetryMultipleFailedTestcases-1] INFO  Sameera_Testcases.Ao_RevisionTC - Starting TC351_verifyRevisionDeletedcolor ..
21:48:19.676 [TestNG-test=RetryMultipleFailedTestcases-4] INFO  Sameera_Testcases.Ab_ParaTC - Creating A_TableInsertion instance
21:48:19.684 [TestNG-test=RetryMultipleFailedTestcases-4] INFO  Sameera_Testcases.Ab_ParaTC - Switching to frame and verifying if Editor Table is displayed
21:48:19.804 [TestNG-test=RetryMultipleFailedTestcases-4] INFO  Sameera_Testcases.Ab_ParaTC - Verifying if Selected Table is displayed
21:48:19.907 [TestNG-test=RetryMultipleFailedTestcases-4] INFO  Sameera_Testcases.Ab_ParaTC - verify_Table_VEAndQP test completed successfully.
21:48:23.542 [TestNG-test=RetryMultipleFailedTestcases-3] INFO  Sameera_Testcases.Ab_ParaTC - Finished verifyInsertBackToBackEmphasisElement ..
21:48:24.677 [TestNG-test=RetryMultipleFailedTestcases-2] INFO  Sameera_Testcases.Ao_RevisionTC - Logged in and searched for a file, then clicked Edit.
21:48:24.701 [TestNG-test=RetryMultipleFailedTestcases-2] INFO  Sameera_Testcases.Ao_RevisionTC - Switched to frame 0.
21:48:25.460 [TestNG-test=RetryMultipleFailedTestcases-2] INFO  Sameera_Testcases.Ao_RevisionTC - Clicked on first para VE.
21:48:25.486 [TestNG-test=RetryMultipleFailedTestcases-2] INFO  Sameera_Testcases.Ao_RevisionTC - Switched to default content.
21:48:25.711 [TestNG-test=RetryMultipleFailedTestcases-2] INFO  Sameera_Testcases.Ao_RevisionTC - clicked on Revision Changed 
21:48:25.733 [TestNG-test=RetryMultipleFailedTestcases-2] INFO  Sameera_Testcases.Ao_RevisionTC - Switched to frame 0.
21:48:25.786 [TestNG-test=RetryMultipleFailedTestcases-2] INFO  Sameera_Testcases.Ao_RevisionTC - Switched to default content.
21:48:26.072 [TestNG-test=RetryMultipleFailedTestcases-4] INFO  Sameera_Testcases.Ao_RevisionTC - Starting TC348_verifyRevisonChanged ..
21:48:26.124 [TestNG-test=RetryMultipleFailedTestcases-2] INFO  Sameera_Testcases.Ao_RevisionTC - Switched to frame 0.
21:48:26.270 [TestNG-test=RetryMultipleFailedTestcases-2] INFO  Sameera_Testcases.Ao_RevisionTC - Finished verifyInsertRevisionToList
21:48:39.552 [TestNG-test=RetryMultipleFailedTestcases-1] INFO  Sameera_Testcases.Ao_RevisionTC - Logged in, searched for a file, and clicked Edit.
21:48:39.560 [TestNG-test=RetryMultipleFailedTestcases-1] INFO  Sameera_Testcases.Ao_RevisionTC - Created As_Revision instance.
21:48:39.618 [TestNG-test=RetryMultipleFailedTestcases-1] INFO  Sameera_Testcases.Ao_RevisionTC - Switched to frame 0.
21:48:41.204 [TestNG-test=RetryMultipleFailedTestcases-1] INFO  Sameera_Testcases.Ao_RevisionTC - clicked on VE First para 
21:48:41.264 [TestNG-test=RetryMultipleFailedTestcases-1] INFO  Sameera_Testcases.Ao_RevisionTC - Switched back to default content.
21:48:41.526 [TestNG-test=RetryMultipleFailedTestcases-1] INFO  Sameera_Testcases.Ao_RevisionTC - clicked on Revision Deleted 
21:48:41.547 [TestNG-test=RetryMultipleFailedTestcases-1] INFO  Sameera_Testcases.Ao_RevisionTC - Switched to frame 0.
21:48:41.836 [TestNG-test=RetryMultipleFailedTestcases-1] INFO  Sameera_Testcases.Ao_RevisionTC - clicked on VE Third para 
21:48:41.857 [TestNG-test=RetryMultipleFailedTestcases-1] INFO  Sameera_Testcases.Ao_RevisionTC - Verified Revision Deleted Color Changed
21:48:41.857 [TestNG-test=RetryMultipleFailedTestcases-1] INFO  Sameera_Testcases.Ao_RevisionTC - Finished TC351_verifyRevisionDeletedcolor ..
21:48:51.620 [TestNG-test=RetryMultipleFailedTestcases-4] INFO  Sameera_Testcases.Ao_RevisionTC - Logged in, searched for a file, and clicked Edit.
21:48:51.621 [TestNG-test=RetryMultipleFailedTestcases-4] INFO  Sameera_Testcases.Ao_RevisionTC - Created As_Revision instance.
21:48:51.741 [TestNG-test=RetryMultipleFailedTestcases-4] INFO  Sameera_Testcases.Ao_RevisionTC - Switched to frame 0.
21:48:51.742 [TestNG-test=RetryMultipleFailedTestcases-4] INFO  Sameera_Testcases.Ao_RevisionTC - Created Actions class instance.
21:48:52.737 [TestNG-test=RetryMultipleFailedTestcases-4] INFO  Sameera_Testcases.Ao_RevisionTC - Switched back to default content.
21:48:53.603 [TestNG-test=RetryMultipleFailedTestcases-4] INFO  Sameera_Testcases.Ao_RevisionTC - Switched to frame 0.
21:48:55.011 [TestNG-test=RetryMultipleFailedTestcases-4] INFO  Sameera_Testcases.Ao_RevisionTC - clicked on VE First para 
21:48:55.080 [TestNG-test=RetryMultipleFailedTestcases-4] INFO  Sameera_Testcases.Ao_RevisionTC - clicked on left key
21:48:55.086 [TestNG-test=RetryMultipleFailedTestcases-4] INFO  Sameera_Testcases.Ao_RevisionTC - clicked on left key
21:48:55.097 [TestNG-test=RetryMultipleFailedTestcases-4] INFO  Sameera_Testcases.Ao_RevisionTC - clicked on left key
21:48:55.105 [TestNG-test=RetryMultipleFailedTestcases-4] INFO  Sameera_Testcases.Ao_RevisionTC - clicked on left key
21:48:55.111 [TestNG-test=RetryMultipleFailedTestcases-4] INFO  Sameera_Testcases.Ao_RevisionTC - Switched back to default content.
21:48:55.393 [TestNG-test=RetryMultipleFailedTestcases-4] INFO  Sameera_Testcases.Ao_RevisionTC - clicked on revision Changed
21:48:55.431 [TestNG-test=RetryMultipleFailedTestcases-4] INFO  Sameera_Testcases.Ao_RevisionTC - Switched to frame 0.
21:48:55.460 [TestNG-test=RetryMultipleFailedTestcases-4] INFO  Sameera_Testcases.Ao_RevisionTC - Switched back to default content.
21:48:55.801 [TestNG-test=RetryMultipleFailedTestcases-4] INFO  Sameera_Testcases.Ao_RevisionTC - clicked on Quick Previews
21:48:55.882 [TestNG-test=RetryMultipleFailedTestcases-4] INFO  Sameera_Testcases.Ao_RevisionTC - Switched to frame 0.
21:48:55.967 [TestNG-test=RetryMultipleFailedTestcases-4] INFO  Sameera_Testcases.Ao_RevisionTC - Verified Revision Changed in QP
21:48:55.967 [TestNG-test=RetryMultipleFailedTestcases-4] INFO  Sameera_Testcases.Ao_RevisionTC - Finished TC348_verifyRevisonChanged ..
21:49:42.209 [TestNG-test=RetryMultipleFailedTestcases-4] INFO  Sameera_Testcases.Ak_EnterKeyTC - ****    Starting --> paraTC    ****
21:50:09.751 [TestNG-test=RetryMultipleFailedTestcases-4] INFO  Sameera_Testcases.Ak_EnterKeyTC - clicked on second section from DS
21:50:10.481 [TestNG-test=RetryMultipleFailedTestcases-4] INFO  Sameera_Testcases.Ak_EnterKeyTC - clicked on second sections 2nd para from DS
21:50:11.608 [TestNG-test=RetryMultipleFailedTestcases-4] INFO  Sameera_Testcases.Ak_EnterKeyTC - clicked on Enter key
21:50:11.760 [TestNG-test=RetryMultipleFailedTestcases-4] INFO  Sameera_Testcases.Ak_EnterKeyTC - Verifying new para present in VE
21:50:11.816 [TestNG-test=RetryMultipleFailedTestcases-4] INFO  Sameera_Testcases.Ak_EnterKeyTC - Verifying new para present into DS
21:50:17.178 [TestNG-test=RetryMultipleFailedTestcases-2] INFO  Sameera_Testcases.Ak_EnterKeyTC - Clicked Track Change
21:50:24.250 [TestNG-test=RetryMultipleFailedTestcases-2] INFO  Sameera_Testcases.Ak_EnterKeyTC - ****    Starting --> paraTC    ****
21:50:50.822 [TestNG-test=RetryMultipleFailedTestcases-2] INFO  Sameera_Testcases.Ak_EnterKeyTC - clicked on second section from DS
21:50:51.300 [TestNG-test=RetryMultipleFailedTestcases-2] INFO  Sameera_Testcases.Ak_EnterKeyTC - clicked on second sections 2nd para from DS
21:50:51.808 [TestNG-test=RetryMultipleFailedTestcases-2] INFO  Sameera_Testcases.Ak_EnterKeyTC - Verifying new para present in VE
21:50:51.878 [TestNG-test=RetryMultipleFailedTestcases-2] INFO  Sameera_Testcases.Ak_EnterKeyTC - Verifying new para present into DS
21:50:51.878 [TestNG-test=RetryMultipleFailedTestcases-2] INFO  Sameera_Testcases.Ak_EnterKeyTC - verifying content validation not occured in code view
21:50:51.878 [TestNG-test=RetryMultipleFailedTestcases-2] INFO  Sameera_Testcases.Ak_EnterKeyTC - ****    Finished --> paraTC    ****
21:51:12.854 [TestNG-test=RetryMultipleFailedTestcases-4] INFO  Sameera_Testcases.Ak_EnterKeyTC - verifying content validation not occured in code view
21:51:12.855 [TestNG-test=RetryMultipleFailedTestcases-4] INFO  Sameera_Testcases.Ak_EnterKeyTC - ****    Finished --> paraTC    ****
21:51:17.959 [TestNG-test=RetryMultipleFailedTestcases-4] INFO  Sameera_Testcases.Ak_EnterKeyTC - Starting TC051_verifyRemoveContentAcceptChangeTB
21:51:21.337 [TestNG-test=RetryMultipleFailedTestcases-2] INFO  Sameera_Testcases.Ak_EnterKeyTC - Logged in and searched for a file, then clicked Edit.
21:51:21.385 [TestNG-test=RetryMultipleFailedTestcases-2] INFO  Sameera_Testcases.Ak_EnterKeyTC - Switched to frame 0.
21:51:22.890 [TestNG-test=RetryMultipleFailedTestcases-2] INFO  Sameera_Testcases.Ak_EnterKeyTC - Clicked on first para VE.
21:51:23.067 [TestNG-test=RetryMultipleFailedTestcases-2] INFO  Sameera_Testcases.Ak_EnterKeyTC - Switched to default content.
21:51:23.323 [TestNG-test=RetryMultipleFailedTestcases-2] INFO  Sameera_Testcases.Ak_EnterKeyTC - Clicked on track changes.
21:51:23.368 [TestNG-test=RetryMultipleFailedTestcases-2] INFO  Sameera_Testcases.Ak_EnterKeyTC - Switched to frame 0.
21:51:23.687 [TestNG-test=RetryMultipleFailedTestcases-2] INFO  Sameera_Testcases.Ak_EnterKeyTC - Clicked on Deleted Text.
21:51:23.711 [TestNG-test=RetryMultipleFailedTestcases-2] INFO  Sameera_Testcases.Ak_EnterKeyTC - Switched to default content.
21:51:23.780 [TestNG-test=RetryMultipleFailedTestcases-2] INFO  Sameera_Testcases.Ak_EnterKeyTC - Verified that Track change deleted info data card ispresentr.
21:51:23.825 [TestNG-test=RetryMultipleFailedTestcases-2] INFO  Sameera_Testcases.Ak_EnterKeyTC - Verified that Deleted data card info is correct.
21:51:24.175 [TestNG-test=RetryMultipleFailedTestcases-2] INFO  Sameera_Testcases.Ak_EnterKeyTC - Clicked on Accept changes.
21:51:29.422 [TestNG-test=RetryMultipleFailedTestcases-3] INFO  Sameera_Testcases.Ak_EnterKeyTC - Starting TC051_verifyRemoveContentAcceptChangeTB
21:51:44.467 [TestNG-test=RetryMultipleFailedTestcases-4] INFO  Sameera_Testcases.Ak_EnterKeyTC - Logged in and searched for a file, then clicked Edit.
21:51:51.229 [TestNG-test=RetryMultipleFailedTestcases-4] INFO  Sameera_Testcases.Ai_GuidedAuthoringTC - Starting verify_AddingList_InsertInto_InPara ..
21:51:52.263 [TestNG-test=RetryMultipleFailedTestcases-3] INFO  Sameera_Testcases.Ak_EnterKeyTC - Logged in and searched for a file, then clicked Edit.
21:51:59.863 [TestNG-test=RetryMultipleFailedTestcases-3] INFO  Sameera_Testcases.Ai_GuidedAuthoringTC - Starting verify_AddingList_InsertInto_InPara ..
21:52:05.724 [TestNG-test=RetryMultipleFailedTestcases-1] INFO  Sameera_Testcases.Ai_GuidedAuthoringTC - Starting verify_AddingList_InsertInto_InPara ..
21:52:15.182 [TestNG-test=RetryMultipleFailedTestcases-4] INFO  Sameera_Testcases.Ai_GuidedAuthoringTC - Logged in, searched for a file, and clicked Edit.
21:52:15.189 [TestNG-test=RetryMultipleFailedTestcases-4] INFO  Sameera_Testcases.Ai_GuidedAuthoringTC - Created B_Verify_RightClick_Options instance.
21:52:15.341 [TestNG-test=RetryMultipleFailedTestcases-4] INFO  Sameera_Testcases.Ai_GuidedAuthoringTC - Switched to frame 0.
21:52:16.936 [TestNG-test=RetryMultipleFailedTestcases-4] INFO  Sameera_Testcases.Ai_GuidedAuthoringTC - Context Clicked on First Para VE.
21:52:17.048 [TestNG-test=RetryMultipleFailedTestcases-4] INFO  Sameera_Testcases.Ai_GuidedAuthoringTC - Switched back to default content.
21:52:17.092 [TestNG-test=RetryMultipleFailedTestcases-4] INFO  Sameera_Testcases.Ai_GuidedAuthoringTC - Switched to frame 1.
21:52:17.129 [TestNG-test=RetryMultipleFailedTestcases-4] INFO  Sameera_Testcases.Ai_GuidedAuthoringTC - Right click All options are Correct.
21:52:18.177 [TestNG-test=RetryMultipleFailedTestcases-4] INFO  Sameera_Testcases.Ai_GuidedAuthoringTC - Clicked on Insert Into 
21:52:18.239 [TestNG-test=RetryMultipleFailedTestcases-4] INFO  Sameera_Testcases.Ai_GuidedAuthoringTC - Switched back to default content.
21:52:18.763 [TestNG-test=RetryMultipleFailedTestcases-4] INFO  Sameera_Testcases.Ai_GuidedAuthoringTC - Clicked on List element
21:52:19.127 [TestNG-test=RetryMultipleFailedTestcases-4] INFO  Sameera_Testcases.Ai_GuidedAuthoringTC - Clicked on Insert element Button 
21:52:19.835 [TestNG-test=RetryMultipleFailedTestcases-4] INFO  Sameera_Testcases.Ai_GuidedAuthoringTC - List is inserted in DS 
21:52:19.878 [TestNG-test=RetryMultipleFailedTestcases-4] INFO  Sameera_Testcases.Ai_GuidedAuthoringTC - Switched to frame 0.
21:52:19.937 [TestNG-test=RetryMultipleFailedTestcases-4] INFO  Sameera_Testcases.Ai_GuidedAuthoringTC - List is inserted in VE 
21:52:19.937 [TestNG-test=RetryMultipleFailedTestcases-4] INFO  Sameera_Testcases.Ai_GuidedAuthoringTC - Finished verify_AddingList_InsertInto_InPara ..
21:52:24.790 [TestNG-test=RetryMultipleFailedTestcases-2] INFO  Sameera_Testcases.Ak_EnterKeyTC - Verified that deleted info data card is removed .
21:52:25.105 [TestNG-test=RetryMultipleFailedTestcases-4] INFO  Sameera_Testcases.Ai_GuidedAuthoringTC - Starting verify_InsertInTo_Options ..
21:52:25.129 [TestNG-test=RetryMultipleFailedTestcases-3] INFO  Sameera_Testcases.Ai_GuidedAuthoringTC - Logged in, searched for a file, and clicked Edit.
21:52:25.132 [TestNG-test=RetryMultipleFailedTestcases-3] INFO  Sameera_Testcases.Ai_GuidedAuthoringTC - Created B_Verify_RightClick_Options instance.
21:52:25.155 [TestNG-test=RetryMultipleFailedTestcases-3] INFO  Sameera_Testcases.Ai_GuidedAuthoringTC - Switched to frame 0.
21:52:26.660 [TestNG-test=RetryMultipleFailedTestcases-3] INFO  Sameera_Testcases.Ai_GuidedAuthoringTC - Context Clicked on First Para VE.
21:52:26.705 [TestNG-test=RetryMultipleFailedTestcases-3] INFO  Sameera_Testcases.Ai_GuidedAuthoringTC - Switched back to default content.
21:52:26.745 [TestNG-test=RetryMultipleFailedTestcases-3] INFO  Sameera_Testcases.Ai_GuidedAuthoringTC - Switched to frame 1.
21:52:28.323 [TestNG-test=RetryMultipleFailedTestcases-3] INFO  Sameera_Testcases.Ai_GuidedAuthoringTC - Clicked on Insert Into 
21:52:28.407 [TestNG-test=RetryMultipleFailedTestcases-3] INFO  Sameera_Testcases.Ai_GuidedAuthoringTC - Switched back to default content.
21:52:30.160 [TestNG-test=RetryMultipleFailedTestcases-1] INFO  Sameera_Testcases.Ai_GuidedAuthoringTC - Logged in, searched for a file, and clicked Edit.
21:52:30.161 [TestNG-test=RetryMultipleFailedTestcases-1] INFO  Sameera_Testcases.Ai_GuidedAuthoringTC - Created B_Verify_RightClick_Options instance.
21:52:30.174 [TestNG-test=RetryMultipleFailedTestcases-1] INFO  Sameera_Testcases.Ai_GuidedAuthoringTC - Switched to frame 0.
21:52:31.575 [TestNG-test=RetryMultipleFailedTestcases-2] INFO  Sameera_Testcases.Ai_GuidedAuthoringTC - Starting verify_ContentBlock ..
21:52:31.672 [TestNG-test=RetryMultipleFailedTestcases-1] INFO  Sameera_Testcases.Ai_GuidedAuthoringTC - Context Clicked on First Para VE.
21:52:31.722 [TestNG-test=RetryMultipleFailedTestcases-1] INFO  Sameera_Testcases.Ai_GuidedAuthoringTC - Switched back to default content.
21:52:31.740 [TestNG-test=RetryMultipleFailedTestcases-1] INFO  Sameera_Testcases.Ai_GuidedAuthoringTC - Switched to frame 1.
21:52:33.051 [TestNG-test=RetryMultipleFailedTestcases-1] INFO  Sameera_Testcases.Ai_GuidedAuthoringTC - Clicked on Insert Into 
21:52:33.097 [TestNG-test=RetryMultipleFailedTestcases-1] INFO  Sameera_Testcases.Ai_GuidedAuthoringTC - Switched back to default content.
21:52:33.274 [TestNG-test=RetryMultipleFailedTestcases-1] INFO  Sameera_Testcases.Ai_GuidedAuthoringTC - Clicked on List element
21:52:33.750 [TestNG-test=RetryMultipleFailedTestcases-1] INFO  Sameera_Testcases.Ai_GuidedAuthoringTC - Clicked on Insert element Button 
21:52:34.565 [TestNG-test=RetryMultipleFailedTestcases-1] INFO  Sameera_Testcases.Ai_GuidedAuthoringTC - List is inserted in DS 
21:52:34.603 [TestNG-test=RetryMultipleFailedTestcases-1] INFO  Sameera_Testcases.Ai_GuidedAuthoringTC - Switched to frame 0.
21:52:34.730 [TestNG-test=RetryMultipleFailedTestcases-1] INFO  Sameera_Testcases.Ai_GuidedAuthoringTC - List is inserted in VE 
21:52:34.730 [TestNG-test=RetryMultipleFailedTestcases-1] INFO  Sameera_Testcases.Ai_GuidedAuthoringTC - Finished verify_AddingList_InsertInto_InPara ..
21:52:41.744 [TestNG-test=RetryMultipleFailedTestcases-1] INFO  Sameera_Testcases.Ai_GuidedAuthoringTC - Starting verify_RightClick_SearchOptions ..
21:52:51.006 [TestNG-test=RetryMultipleFailedTestcases-4] INFO  Sameera_Testcases.Ai_GuidedAuthoringTC - Logged in, searched for a file, and clicked Edit.
21:52:51.007 [TestNG-test=RetryMultipleFailedTestcases-4] INFO  Sameera_Testcases.Ai_GuidedAuthoringTC - Created B_Verify_RightClick_Options instance.
21:52:51.049 [TestNG-test=RetryMultipleFailedTestcases-4] INFO  Sameera_Testcases.Ai_GuidedAuthoringTC - Switched to frame 0.
21:52:52.476 [TestNG-test=RetryMultipleFailedTestcases-4] INFO  Sameera_Testcases.Ai_GuidedAuthoringTC - Context Clicked on Section Heading.
21:52:52.557 [TestNG-test=RetryMultipleFailedTestcases-4] INFO  Sameera_Testcases.Ai_GuidedAuthoringTC - Switched back to default content.
21:52:52.583 [TestNG-test=RetryMultipleFailedTestcases-4] INFO  Sameera_Testcases.Ai_GuidedAuthoringTC - Switched to frame 1.
21:52:53.967 [TestNG-test=RetryMultipleFailedTestcases-4] INFO  Sameera_Testcases.Ai_GuidedAuthoringTC - Clicked on Insert Into 
21:52:53.988 [TestNG-test=RetryMultipleFailedTestcases-4] INFO  Sameera_Testcases.Ai_GuidedAuthoringTC - Switched back to default content.
21:52:55.624 [TestNG-test=RetryMultipleFailedTestcases-2] INFO  Sameera_Testcases.Ai_GuidedAuthoringTC - Logged in, searched for a file, and clicked Edit.
21:52:55.627 [TestNG-test=RetryMultipleFailedTestcases-2] INFO  Sameera_Testcases.Ai_GuidedAuthoringTC - Created B_Verify_RightClick_Options instance.
21:52:55.693 [TestNG-test=RetryMultipleFailedTestcases-2] INFO  Sameera_Testcases.Ai_GuidedAuthoringTC - Switched to frame 0.
21:52:56.633 [TestNG-test=RetryMultipleFailedTestcases-2] INFO  Sameera_Testcases.Ai_GuidedAuthoringTC - Context Clicked on First Para from VE.
21:52:56.778 [TestNG-test=RetryMultipleFailedTestcases-2] INFO  Sameera_Testcases.Ai_GuidedAuthoringTC - Switched back to default content.
21:52:56.798 [TestNG-test=RetryMultipleFailedTestcases-2] INFO  Sameera_Testcases.Ai_GuidedAuthoringTC - Switched to frame 1.
21:52:56.854 [TestNG-test=RetryMultipleFailedTestcases-2] INFO  Sameera_Testcases.Ai_GuidedAuthoringTC - Right click All options are Correct.
21:52:56.854 [TestNG-test=RetryMultipleFailedTestcases-2] INFO  Sameera_Testcases.Ai_GuidedAuthoringTC - Finished verify_RightClick_Options ..
21:53:02.909 [TestNG-test=RetryMultipleFailedTestcases-2] INFO  Sameera_Testcases.Aj_DocumentStructureTC - Starting verify_ContentBlock_Collapse ..
21:53:03.113 [TestNG-test=RetryMultipleFailedTestcases-1] INFO  Sameera_Testcases.Ai_GuidedAuthoringTC - Logged in, searched for a file, and clicked Edit.
21:53:03.114 [TestNG-test=RetryMultipleFailedTestcases-1] INFO  Sameera_Testcases.Ai_GuidedAuthoringTC - Created B_Verify_RightClick_Options instance.
21:53:05.202 [TestNG-test=RetryMultipleFailedTestcases-1] INFO  Sameera_Testcases.Ai_GuidedAuthoringTC - Context Clicked on Para element 
21:53:05.454 [TestNG-test=RetryMultipleFailedTestcases-1] INFO  Sameera_Testcases.Ai_GuidedAuthoringTC - Clicked on Insert Before 
21:53:05.454 [TestNG-test=RetryMultipleFailedTestcases-1] INFO  Sameera_Testcases.Ai_GuidedAuthoringTC - Created Actions class instance.
21:53:05.545 [TestNG-test=RetryMultipleFailedTestcases-1] INFO  Sameera_Testcases.Ai_GuidedAuthoringTC - dhsjddn invalid element searched.
21:53:05.583 [TestNG-test=RetryMultipleFailedTestcases-1] INFO  Sameera_Testcases.Ai_GuidedAuthoringTC - No any Elements info msg is displayed
21:53:05.657 [TestNG-test=RetryMultipleFailedTestcases-1] INFO  Sameera_Testcases.Ai_GuidedAuthoringTC - No any Elements info msg is displayed
21:53:05.657 [TestNG-test=RetryMultipleFailedTestcases-1] INFO  Sameera_Testcases.Ai_GuidedAuthoringTC - Finished SearchInvalidContent_CheckResults ..
21:53:11.805 [TestNG-test=RetryMultipleFailedTestcases-1] INFO  Sameera_Testcases.Aj_DocumentStructureTC - Starting verify_ContentBlock_Collapse_Tooltip ..
21:53:14.056 [TestNG-test=RetryMultipleFailedTestcases-4] INFO  Sameera_Testcases.Ai_GuidedAuthoringTC - Right click Insert Into All options are Correct.
21:53:14.056 [TestNG-test=RetryMultipleFailedTestcases-4] INFO  Sameera_Testcases.Ai_GuidedAuthoringTC - Finished verify_InsertInTo_Options ..
21:53:20.177 [TestNG-test=RetryMultipleFailedTestcases-4] INFO  Sameera_Testcases.Aj_DocumentStructureTC - Starting verify_ContentBlock_Collapse_Tooltip ..
21:53:26.894 [TestNG-test=RetryMultipleFailedTestcases-2] INFO  Sameera_Testcases.Aj_DocumentStructureTC - Logged in, searched for a file, and clicked Edit.
21:53:26.907 [TestNG-test=RetryMultipleFailedTestcases-2] INFO  Sameera_Testcases.Aj_DocumentStructureTC - Created A_Verify_ContentBlock instance.
21:53:27.000 [TestNG-test=RetryMultipleFailedTestcases-2] INFO  Sameera_Testcases.Aj_DocumentStructureTC - Content block is present
21:53:27.750 [TestNG-test=RetryMultipleFailedTestcases-2] INFO  Sameera_Testcases.Aj_DocumentStructureTC - Clicked on Section 3.
21:53:28.718 [TestNG-test=RetryMultipleFailedTestcases-2] INFO  Sameera_Testcases.Aj_DocumentStructureTC - Clicked on Collaps button.
21:53:28.778 [TestNG-test=RetryMultipleFailedTestcases-2] INFO  Sameera_Testcases.Aj_DocumentStructureTC - Section 3 is present.
21:53:28.778 [TestNG-test=RetryMultipleFailedTestcases-2] INFO  Sameera_Testcases.Aj_DocumentStructureTC - Finished verify_ContentBlock_Collapse ..
21:53:33.332 [TestNG-test=RetryMultipleFailedTestcases-2] INFO  Sameera_Testcases.Aj_DocumentStructureTC - Starting verify_EditorArea_Highlighted ..
21:53:36.126 [TestNG-test=RetryMultipleFailedTestcases-3] INFO  Sameera_Testcases.Aj_DocumentStructureTC - Starting verify_AddingList_InsertInto_InCB ..
21:53:37.110 [TestNG-test=RetryMultipleFailedTestcases-1] INFO  Sameera_Testcases.Aj_DocumentStructureTC - Logged in, searched for a file, and clicked Edit.
21:53:37.110 [TestNG-test=RetryMultipleFailedTestcases-1] INFO  Sameera_Testcases.Aj_DocumentStructureTC - Created A_Verify_ContentBlock instance.
21:53:42.375 [TestNG-test=RetryMultipleFailedTestcases-4] INFO  Sameera_Testcases.Aj_DocumentStructureTC - Logged in, searched for a file, and clicked Edit.
21:53:42.376 [TestNG-test=RetryMultipleFailedTestcases-4] INFO  Sameera_Testcases.Aj_DocumentStructureTC - Created A_Verify_ContentBlock instance.
21:53:57.166 [TestNG-test=RetryMultipleFailedTestcases-1] INFO  Sameera_Testcases.Aj_DocumentStructureTC - Finished verify_ContentSectionBlock_Expanded ..
21:53:58.801 [TestNG-test=RetryMultipleFailedTestcases-2] INFO  Sameera_Testcases.Aj_DocumentStructureTC - Logged in, searched for a file, and clicked Edit.
21:53:58.802 [TestNG-test=RetryMultipleFailedTestcases-2] INFO  Sameera_Testcases.Aj_DocumentStructureTC - Created A_Verify_ContentBlock instance.
21:53:59.649 [TestNG-test=RetryMultipleFailedTestcases-3] INFO  Sameera_Testcases.Aj_DocumentStructureTC - Logged in, searched for a file, and clicked Edit.
21:53:59.650 [TestNG-test=RetryMultipleFailedTestcases-3] INFO  Sameera_Testcases.Aj_DocumentStructureTC - Created B_Verify_RightClick_Options instance.
21:53:59.718 [TestNG-test=RetryMultipleFailedTestcases-2] INFO  Sameera_Testcases.Aj_DocumentStructureTC - Clicked on Para element from DS.
21:53:59.778 [TestNG-test=RetryMultipleFailedTestcases-2] INFO  Sameera_Testcases.Aj_DocumentStructureTC - Switched to frame 0.
21:53:59.814 [TestNG-test=RetryMultipleFailedTestcases-2] INFO  Sameera_Testcases.Aj_DocumentStructureTC - Visual Editer Area  is Highlighted.
21:53:59.814 [TestNG-test=RetryMultipleFailedTestcases-2] INFO  Sameera_Testcases.Aj_DocumentStructureTC - Finished verify_EditorArea_Highlighted ..
21:54:02.060 [TestNG-test=RetryMultipleFailedTestcases-3] INFO  Sameera_Testcases.Aj_DocumentStructureTC - Context Clicked on Para element 
21:54:02.273 [TestNG-test=RetryMultipleFailedTestcases-3] INFO  Sameera_Testcases.Aj_DocumentStructureTC - Clicked on Insert Into 
21:54:02.273 [TestNG-test=RetryMultipleFailedTestcases-3] INFO  Sameera_Testcases.Aj_DocumentStructureTC - Created Actions class instance.
21:54:02.307 [TestNG-test=RetryMultipleFailedTestcases-3] INFO  Sameera_Testcases.Aj_DocumentStructureTC - List element searched.
21:54:02.327 [TestNG-test=RetryMultipleFailedTestcases-3] INFO  Sameera_Testcases.Aj_DocumentStructureTC - Clicked on TAB 
21:54:02.396 [TestNG-test=RetryMultipleFailedTestcases-4] INFO  Sameera_Testcases.Aj_DocumentStructureTC - Finished verify_ContentSectionBlock_Expanded ..
21:54:02.707 [TestNG-test=RetryMultipleFailedTestcases-3] INFO  Sameera_Testcases.Aj_DocumentStructureTC - Clicked on ENTER 
21:54:03.539 [TestNG-test=RetryMultipleFailedTestcases-3] INFO  Sameera_Testcases.Aj_DocumentStructureTC - List ul is inserted in DS
21:54:03.539 [TestNG-test=RetryMultipleFailedTestcases-3] INFO  Sameera_Testcases.Aj_DocumentStructureTC - Finished verify_AddingList_InsertInto_InCB ..
21:54:03.934 [TestNG-test=RetryMultipleFailedTestcases-1] INFO  Sameera_Testcases.Aj_DocumentStructureTC - Starting delete_ContentBlockPara_AcceptChange ..
21:54:06.017 [TestNG-test=RetryMultipleFailedTestcases-2] INFO  Sameera_Testcases.Aj_DocumentStructureTC - Starting verify_ContentBlock ..
21:54:09.021 [TestNG-test=RetryMultipleFailedTestcases-4] INFO  Sameera_Testcases.Ac_ListTC - Starting Verify_AddListToNewEmphasisElement ..
21:54:10.927 [TestNG-test=RetryMultipleFailedTestcases-3] INFO  Sameera_Testcases.Ac_ListTC - Starting verify_AddingList_InsertInto_InPara ..
21:54:26.963 [TestNG-test=RetryMultipleFailedTestcases-1] INFO  Sameera_Testcases.Aj_DocumentStructureTC - Logged in, searched for a file, and clicked Edit.
21:54:26.964 [TestNG-test=RetryMultipleFailedTestcases-1] INFO  Sameera_Testcases.Aj_DocumentStructureTC - Created B_Verify_RightClick_Options instance.
21:54:28.115 [TestNG-test=RetryMultipleFailedTestcases-1] INFO  Sameera_Testcases.Aj_DocumentStructureTC - Clicked on Para Element 
21:54:29.110 [TestNG-test=RetryMultipleFailedTestcases-2] INFO  Sameera_Testcases.Aj_DocumentStructureTC - Logged in, searched for a file, and clicked Edit.
21:54:29.111 [TestNG-test=RetryMultipleFailedTestcases-2] INFO  Sameera_Testcases.Aj_DocumentStructureTC - Created B_Verify_RightClick_Options instance.
21:54:29.128 [TestNG-test=RetryMultipleFailedTestcases-2] INFO  Sameera_Testcases.Aj_DocumentStructureTC - Switched to frame 0.
21:54:29.302 [TestNG-test=RetryMultipleFailedTestcases-1] INFO  Sameera_Testcases.Aj_DocumentStructureTC - Context Clicked on Para element 
21:54:29.747 [TestNG-test=RetryMultipleFailedTestcases-1] INFO  Sameera_Testcases.Aj_DocumentStructureTC - Clicked on Remove Element Block 
21:54:30.090 [TestNG-test=RetryMultipleFailedTestcases-1] INFO  Sameera_Testcases.Aj_DocumentStructureTC - Clicked on Accept Changes 
21:54:30.115 [TestNG-test=RetryMultipleFailedTestcases-2] INFO  Sameera_Testcases.Aj_DocumentStructureTC - Context Clicked on First Para from VE.
21:54:30.246 [TestNG-test=RetryMultipleFailedTestcases-2] INFO  Sameera_Testcases.Aj_DocumentStructureTC - Switched back to default content.
21:54:30.284 [TestNG-test=RetryMultipleFailedTestcases-2] INFO  Sameera_Testcases.Aj_DocumentStructureTC - Switched to frame 1.
21:54:30.331 [TestNG-test=RetryMultipleFailedTestcases-2] INFO  Sameera_Testcases.Aj_DocumentStructureTC - Right click All options are Correct.
21:54:30.331 [TestNG-test=RetryMultipleFailedTestcases-2] INFO  Sameera_Testcases.Aj_DocumentStructureTC - Finished verify_RightClick_Options ..
21:54:32.816 [TestNG-test=RetryMultipleFailedTestcases-4] INFO  Sameera_Testcases.Ac_ListTC - clicked On firt section From DS
21:54:34.532 [TestNG-test=RetryMultipleFailedTestcases-4] INFO  Sameera_Testcases.Ac_ListTC - clicked On First Para From DS
21:54:34.939 [TestNG-test=RetryMultipleFailedTestcases-4] INFO  Sameera_Testcases.Ac_ListTC - Pressed Enter key
21:54:35.167 [TestNG-test=RetryMultipleFailedTestcases-2] INFO  Sameera_Testcases.Ac_ListTC - Starting verifyChangeNumberListToBulletList
21:54:36.019 [TestNG-test=RetryMultipleFailedTestcases-3] INFO  Sameera_Testcases.Ac_ListTC - Logged in, searched for a file, and clicked Edit.
21:54:36.020 [TestNG-test=RetryMultipleFailedTestcases-3] INFO  Sameera_Testcases.Ac_ListTC - Created B_Verify_RightClick_Options instance.
21:54:36.109 [TestNG-test=RetryMultipleFailedTestcases-3] INFO  Sameera_Testcases.Ac_ListTC - Switched to frame 0.
21:54:36.874 [TestNG-test=RetryMultipleFailedTestcases-4] INFO  Sameera_Testcases.Ac_ListTC - Verifying bold is present in DS 
21:54:38.205 [TestNG-test=RetryMultipleFailedTestcases-3] INFO  Sameera_Testcases.Ac_ListTC - Context Clicked on First Para VE.
21:54:38.277 [TestNG-test=RetryMultipleFailedTestcases-3] INFO  Sameera_Testcases.Ac_ListTC - Switched back to default content.
21:54:38.369 [TestNG-test=RetryMultipleFailedTestcases-3] INFO  Sameera_Testcases.Ac_ListTC - Switched to frame 1.
21:54:40.539 [TestNG-test=RetryMultipleFailedTestcases-4] INFO  Sameera_Testcases.Ac_ListTC - Verifying List is present in DS 
21:54:40.700 [TestNG-test=RetryMultipleFailedTestcases-4] INFO  Sameera_Testcases.Ac_ListTC - clicked on Code View button 
21:54:58.996 [TestNG-test=RetryMultipleFailedTestcases-2] INFO  Sameera_Testcases.Ac_ListTC - Logged in and searched for a file, then clicked Edit.
21:54:59.001 [TestNG-test=RetryMultipleFailedTestcases-2] INFO  Sameera_Testcases.Ac_ListTC - Created List instance.
21:54:59.040 [TestNG-test=RetryMultipleFailedTestcases-2] INFO  Sameera_Testcases.Ac_ListTC - Switched to frame 0.
21:54:59.395 [TestNG-test=RetryMultipleFailedTestcases-2] INFO  Sameera_Testcases.Ac_ListTC - Clicked on the first paragraph.
21:54:59.426 [TestNG-test=RetryMultipleFailedTestcases-2] INFO  Sameera_Testcases.Ac_ListTC - Switched back to default content.
