23:19:40.366 [TestNG-test=RetryMultipleFailedTestcases-3] INFO  sprint1_TestCases.C_Verify_CMSMenu_FunctionalityTC - verified Label CMS menu displayed
23:19:40.388 [TestNG-test=RetryMultipleFailedTestcases-3] INFO  sprint1_TestCases.C_Verify_CMSMenu_FunctionalityTC - Finished verify_CMSMenu_ByResizing
23:19:46.956 [TestNG-test=RetryMultipleFailedTestcases-4] INFO  sprint1_TestCases.C_Verify_CMSMenu_FunctionalityTC - Logged in and searched for a file, then clicked Edit.
23:19:47.258 [TestNG-test=RetryMultipleFailedTestcases-4] INFO  sprint1_TestCases.C_Verify_CMSMenu_FunctionalityTC - clicked on Handberger button
23:19:48.265 [TestNG-test=RetryMultipleFailedTestcases-3] INFO  sprint1_TestCases.C_Verify_CMSMenu_FunctionalityTC - Starting verify_CMSMenu_MediaLib_Section_Insert_Error
23:19:49.147 [TestNG-test=RetryMultipleFailedTestcases-4] INFO  sprint1_TestCases.C_Verify_CMSMenu_FunctionalityTC - clicked on hyperlinks and checked for response code-200
23:19:49.335 [TestNG-test=RetryMultipleFailedTestcases-4] INFO  sprint1_TestCases.C_Verify_CMSMenu_FunctionalityTC - clicked on CMS close button
23:19:56.155 [TestNG-test=RetryMultipleFailedTestcases-4] INFO  sprint1_TestCases.C_Verify_CMSMenu_FunctionalityTC - Starting verify_MediaObject_InCMSMenu
23:20:09.788 [TestNG-test=RetryMultipleFailedTestcases-2] INFO  sprint1_TestCases.C_Verify_CMSMenu_FunctionalityTC - Logged in and searched for a file, then clicked Edit.
23:20:10.048 [TestNG-test=RetryMultipleFailedTestcases-1] INFO  sprint1_TestCases.C_Verify_CMSMenu_FunctionalityTC - Logged in and searched for a file, then clicked Edit.
23:20:10.125 [TestNG-test=RetryMultipleFailedTestcases-2] INFO  sprint1_TestCases.C_Verify_CMSMenu_FunctionalityTC - clicked on Handberger button
23:20:10.260 [TestNG-test=RetryMultipleFailedTestcases-2] INFO  sprint1_TestCases.C_Verify_CMSMenu_FunctionalityTC - verified Label CMS menu displayed
23:20:10.571 [TestNG-test=RetryMultipleFailedTestcases-2] INFO  sprint1_TestCases.C_Verify_CMSMenu_FunctionalityTC - clicked on Handberger button
23:20:10.635 [TestNG-test=RetryMultipleFailedTestcases-2] INFO  sprint1_TestCases.C_Verify_CMSMenu_FunctionalityTC - verified Label CMS menu displayed
23:20:10.635 [TestNG-test=RetryMultipleFailedTestcases-2] INFO  sprint1_TestCases.C_Verify_CMSMenu_FunctionalityTC - Finished verify_CMSMenu_Collapse
23:20:10.737 [TestNG-test=RetryMultipleFailedTestcases-1] INFO  sprint1_TestCases.C_Verify_CMSMenu_FunctionalityTC - clicked on Handberger button
23:20:11.007 [TestNG-test=RetryMultipleFailedTestcases-1] INFO  sprint1_TestCases.C_Verify_CMSMenu_FunctionalityTC - verified all the background colors of hyperlinks
23:20:11.181 [TestNG-test=RetryMultipleFailedTestcases-1] INFO  sprint1_TestCases.C_Verify_CMSMenu_FunctionalityTC - clicked on CMS close button
23:20:18.987 [TestNG-test=RetryMultipleFailedTestcases-2] INFO  sprint1_TestCases.C_Verify_CMSMenu_FunctionalityTC - Starting verify_CMSMenu_AddingFile
23:20:21.732 [TestNG-test=RetryMultipleFailedTestcases-1] INFO  sprint1_TestCases.C_Verify_CMSMenu_FunctionalityTC - Starting verify_CMSCollapse_ByClickingEditorView
23:20:22.752 [TestNG-test=RetryMultipleFailedTestcases-4] INFO  sprint1_TestCases.C_Verify_CMSMenu_FunctionalityTC - Logged in and searched for a file, then clicked Edit.
23:20:22.771 [TestNG-test=RetryMultipleFailedTestcases-4] INFO  sprint1_TestCases.C_Verify_CMSMenu_FunctionalityTC - Switched to frame 0.
23:20:23.683 [TestNG-test=RetryMultipleFailedTestcases-4] INFO  sprint1_TestCases.C_Verify_CMSMenu_FunctionalityTC - clicked on First para from VE
23:20:23.769 [TestNG-test=RetryMultipleFailedTestcases-4] INFO  sprint1_TestCases.C_Verify_CMSMenu_FunctionalityTC - Switched back to default content.
23:20:24.090 [TestNG-test=RetryMultipleFailedTestcases-4] INFO  sprint1_TestCases.C_Verify_CMSMenu_FunctionalityTC - clicked on Handberger button
23:20:24.451 [TestNG-test=RetryMultipleFailedTestcases-4] INFO  sprint1_TestCases.C_Verify_CMSMenu_FunctionalityTC - clicked on Media object link in CMS menu
23:20:26.088 [TestNG-test=RetryMultipleFailedTestcases-3] INFO  sprint1_TestCases.C_Verify_CMSMenu_FunctionalityTC - Logged in and searched for a file, then clicked Edit.
23:20:26.108 [TestNG-test=RetryMultipleFailedTestcases-3] INFO  sprint1_TestCases.C_Verify_CMSMenu_FunctionalityTC - Switched to frame 0.
23:20:26.618 [TestNG-test=RetryMultipleFailedTestcases-4] INFO  sprint1_TestCases.C_Verify_CMSMenu_FunctionalityTC - clicked on image insert button
23:20:26.665 [TestNG-test=RetryMultipleFailedTestcases-3] INFO  sprint1_TestCases.C_Verify_CMSMenu_FunctionalityTC - Switched back to default content.
23:20:26.937 [TestNG-test=RetryMultipleFailedTestcases-3] INFO  sprint1_TestCases.C_Verify_CMSMenu_FunctionalityTC - clicked on Handberger button
23:20:27.216 [TestNG-test=RetryMultipleFailedTestcases-3] INFO  sprint1_TestCases.C_Verify_CMSMenu_FunctionalityTC - clicked on Media object link in CMS menu
23:20:50.438 [TestNG-test=RetryMultipleFailedTestcases-3] INFO  sprint1_TestCases.C_Verify_CMSMenu_FunctionalityTC - Starting verify_CMSMenu_MediaLib_Section_Insert_Error
23:20:59.740 [TestNG-test=RetryMultipleFailedTestcases-2] INFO  sprint1_TestCases.C_Verify_CMSMenu_FunctionalityTC - Logged in and searched for a file, then clicked Edit.
23:21:01.068 [TestNG-test=RetryMultipleFailedTestcases-1] INFO  sprint1_TestCases.C_Verify_CMSMenu_FunctionalityTC - Logged in and searched for a file, then clicked Edit.
23:21:01.680 [TestNG-test=RetryMultipleFailedTestcases-1] INFO  sprint1_TestCases.C_Verify_CMSMenu_FunctionalityTC - clicked on Handberger button
23:21:01.855 [TestNG-test=RetryMultipleFailedTestcases-1] INFO  sprint1_TestCases.C_Verify_CMSMenu_FunctionalityTC - verified Label CMS menu displayed
23:21:01.875 [TestNG-test=RetryMultipleFailedTestcases-1] INFO  sprint1_TestCases.C_Verify_CMSMenu_FunctionalityTC - Switched to frame 0.
23:21:02.717 [TestNG-test=RetryMultipleFailedTestcases-1] INFO  sprint1_TestCases.C_Verify_CMSMenu_FunctionalityTC - clicked on First para from VE
23:21:02.771 [TestNG-test=RetryMultipleFailedTestcases-1] INFO  sprint1_TestCases.C_Verify_CMSMenu_FunctionalityTC - Switched back to default content.
23:21:03.085 [TestNG-test=RetryMultipleFailedTestcases-1] INFO  sprint1_TestCases.C_Verify_CMSMenu_FunctionalityTC - clicked on Handberger button
23:21:07.725 [TestNG-test=RetryMultipleFailedTestcases-2] INFO  sprint1_TestCases.C_Verify_CMSMenu_FunctionalityTC - Starting verify_CMSMenu_AddingFile
23:21:10.497 [TestNG-test=RetryMultipleFailedTestcases-1] INFO  sprint1_TestCases.C_Verify_CMSMenu_FunctionalityTC - Starting verify_CMSCollapse_ByClickingEditorView
23:21:15.197 [TestNG-test=RetryMultipleFailedTestcases-4] INFO  sprint1_TestCases.C_Verify_CMSMenu_FunctionalityTC - Starting verify_MediaObject_InCMSMenu
23:21:21.353 [TestNG-test=RetryMultipleFailedTestcases-3] INFO  sprint1_TestCases.C_Verify_CMSMenu_FunctionalityTC - Logged in and searched for a file, then clicked Edit.
23:21:21.390 [TestNG-test=RetryMultipleFailedTestcases-3] INFO  sprint1_TestCases.C_Verify_CMSMenu_FunctionalityTC - Switched to frame 0.
23:21:21.994 [TestNG-test=RetryMultipleFailedTestcases-3] INFO  sprint1_TestCases.C_Verify_CMSMenu_FunctionalityTC - Switched back to default content.
23:21:22.391 [TestNG-test=RetryMultipleFailedTestcases-3] INFO  sprint1_TestCases.C_Verify_CMSMenu_FunctionalityTC - clicked on Handberger button
23:21:22.640 [TestNG-test=RetryMultipleFailedTestcases-3] INFO  sprint1_TestCases.C_Verify_CMSMenu_FunctionalityTC - clicked on Media object link in CMS menu
23:21:31.593 [TestNG-test=RetryMultipleFailedTestcases-2] INFO  sprint1_TestCases.C_Verify_CMSMenu_FunctionalityTC - Logged in and searched for a file, then clicked Edit.
23:21:32.737 [TestNG-test=RetryMultipleFailedTestcases-2] INFO  sprint1_TestCases.C_Verify_CMSMenu_FunctionalityTC - clicked on Handberger button
23:21:33.646 [TestNG-test=RetryMultipleFailedTestcases-2] INFO  sprint1_TestCases.C_Verify_CMSMenu_FunctionalityTC - clicked on checked out files link
23:21:36.467 [TestNG-test=RetryMultipleFailedTestcases-1] INFO  sprint1_TestCases.C_Verify_CMSMenu_FunctionalityTC - Logged in and searched for a file, then clicked Edit.
23:21:36.945 [TestNG-test=RetryMultipleFailedTestcases-1] INFO  sprint1_TestCases.C_Verify_CMSMenu_FunctionalityTC - clicked on Handberger button
23:21:37.202 [TestNG-test=RetryMultipleFailedTestcases-1] INFO  sprint1_TestCases.C_Verify_CMSMenu_FunctionalityTC - verified Label CMS menu displayed
23:21:37.239 [TestNG-test=RetryMultipleFailedTestcases-1] INFO  sprint1_TestCases.C_Verify_CMSMenu_FunctionalityTC - Switched to frame 0.
23:21:38.063 [TestNG-test=RetryMultipleFailedTestcases-1] INFO  sprint1_TestCases.C_Verify_CMSMenu_FunctionalityTC - clicked on First para from VE
23:21:38.167 [TestNG-test=RetryMultipleFailedTestcases-1] INFO  sprint1_TestCases.C_Verify_CMSMenu_FunctionalityTC - Switched back to default content.
23:21:38.557 [TestNG-test=RetryMultipleFailedTestcases-1] INFO  sprint1_TestCases.C_Verify_CMSMenu_FunctionalityTC - clicked on Handberger button
23:21:44.417 [TestNG-test=RetryMultipleFailedTestcases-3] INFO  sprint1_TestCases.C_Verify_CMSMenu_FunctionalityTC - Starting verify_CMSCollapse_ByClickinCodeVeiw
23:21:46.614 [TestNG-test=RetryMultipleFailedTestcases-4] INFO  sprint1_TestCases.C_Verify_CMSMenu_FunctionalityTC - Logged in and searched for a file, then clicked Edit.
23:21:46.630 [TestNG-test=RetryMultipleFailedTestcases-4] INFO  sprint1_TestCases.C_Verify_CMSMenu_FunctionalityTC - Switched to frame 0.
23:21:47.461 [TestNG-test=RetryMultipleFailedTestcases-1] INFO  sprint1_TestCases.C_Verify_CMSMenu_FunctionalityTC - Starting verify_CMSCollapse_ByClickingAttributePanel
23:21:47.528 [TestNG-test=RetryMultipleFailedTestcases-4] INFO  sprint1_TestCases.C_Verify_CMSMenu_FunctionalityTC - clicked on First para from VE
23:21:47.556 [TestNG-test=RetryMultipleFailedTestcases-4] INFO  sprint1_TestCases.C_Verify_CMSMenu_FunctionalityTC - Switched back to default content.
23:21:47.977 [TestNG-test=RetryMultipleFailedTestcases-4] INFO  sprint1_TestCases.C_Verify_CMSMenu_FunctionalityTC - clicked on Handberger button
23:21:48.289 [TestNG-test=RetryMultipleFailedTestcases-4] INFO  sprint1_TestCases.C_Verify_CMSMenu_FunctionalityTC - clicked on Media object link in CMS menu
23:22:07.258 [TestNG-test=RetryMultipleFailedTestcases-4] INFO  sprint1_TestCases.C_Verify_CMSMenu_FunctionalityTC - clicked on image insert button
23:22:20.924 [TestNG-test=RetryMultipleFailedTestcases-2] INFO  sprint1_TestCases.C_Verify_CMSMenu_FunctionalityTC - Starting verify_CMSCollapse_ByClickingValidateButton
23:22:22.399 [TestNG-test=RetryMultipleFailedTestcases-3] INFO  sprint1_TestCases.C_Verify_CMSMenu_FunctionalityTC - Logged in and searched for a file, then clicked Edit.
23:22:23.661 [TestNG-test=RetryMultipleFailedTestcases-3] INFO  sprint1_TestCases.C_Verify_CMSMenu_FunctionalityTC - clicked on Handberger button
23:22:23.732 [TestNG-test=RetryMultipleFailedTestcases-3] INFO  sprint1_TestCases.C_Verify_CMSMenu_FunctionalityTC - verified Label CMS menu displayed
23:22:23.821 [TestNG-test=RetryMultipleFailedTestcases-1] INFO  sprint1_TestCases.C_Verify_CMSMenu_FunctionalityTC - Logged in and searched for a file, then clicked Edit.
23:22:24.189 [TestNG-test=RetryMultipleFailedTestcases-3] INFO  sprint1_TestCases.C_Verify_CMSMenu_FunctionalityTC - clicked on code view
23:22:25.275 [TestNG-test=RetryMultipleFailedTestcases-1] INFO  sprint1_TestCases.C_Verify_CMSMenu_FunctionalityTC - clicked on Handberger button
23:22:25.425 [TestNG-test=RetryMultipleFailedTestcases-1] INFO  sprint1_TestCases.C_Verify_CMSMenu_FunctionalityTC - verified Label CMS menu displayed
23:22:25.569 [TestNG-test=RetryMultipleFailedTestcases-1] INFO  sprint1_TestCases.C_Verify_CMSMenu_FunctionalityTC - clicked on general attribute text
23:22:33.282 [TestNG-test=RetryMultipleFailedTestcases-3] INFO  sprint1_TestCases.C_Verify_CMSMenu_FunctionalityTC - Starting verify_CMSCollapse_ByClickinCodeVeiw
23:22:33.323 [TestNG-test=RetryMultipleFailedTestcases-1] INFO  sprint1_TestCases.C_Verify_CMSMenu_FunctionalityTC - Starting verify_CMSCollapse_ByClickingAttributePanel
23:22:46.228 [TestNG-test=RetryMultipleFailedTestcases-2] INFO  sprint1_TestCases.C_Verify_CMSMenu_FunctionalityTC - Logged in and searched for a file, then clicked Edit.
23:22:47.569 [TestNG-test=RetryMultipleFailedTestcases-2] INFO  sprint1_TestCases.C_Verify_CMSMenu_FunctionalityTC - clicked on Handberger button
23:22:47.676 [TestNG-test=RetryMultipleFailedTestcases-2] INFO  sprint1_TestCases.C_Verify_CMSMenu_FunctionalityTC - verified Label CMS menu displayed
23:22:47.963 [TestNG-test=RetryMultipleFailedTestcases-2] INFO  sprint1_TestCases.C_Verify_CMSMenu_FunctionalityTC - clicked on validate button
23:22:48.037 [TestNG-test=RetryMultipleFailedTestcases-2] INFO  sprint1_TestCases.C_Verify_CMSMenu_FunctionalityTC - verified Label CMS menu is not displayed
23:22:48.037 [TestNG-test=RetryMultipleFailedTestcases-2] INFO  sprint1_TestCases.C_Verify_CMSMenu_FunctionalityTC - Finished verify_CMSCollapse_ByClickingValidateButton
23:23:01.401 [TestNG-test=RetryMultipleFailedTestcases-2] INFO  sprint1_TestCases.C_Verify_CMSMenu_FunctionalityTC - Starting verify_CMSMenu_LogoutManage_Profile
23:23:01.982 [TestNG-test=RetryMultipleFailedTestcases-4] INFO  sprint1_TestCases.C_Verify_CMSMenu_FunctionalityTC - Starting verify_CMSMenu_UserProfile
23:23:04.902 [TestNG-test=RetryMultipleFailedTestcases-3] INFO  sprint1_TestCases.C_Verify_CMSMenu_FunctionalityTC - Logged in and searched for a file, then clicked Edit.
23:23:05.403 [TestNG-test=RetryMultipleFailedTestcases-3] INFO  sprint1_TestCases.C_Verify_CMSMenu_FunctionalityTC - clicked on Handberger button
23:23:05.582 [TestNG-test=RetryMultipleFailedTestcases-3] INFO  sprint1_TestCases.C_Verify_CMSMenu_FunctionalityTC - verified Label CMS menu displayed
23:23:05.851 [TestNG-test=RetryMultipleFailedTestcases-3] INFO  sprint1_TestCases.C_Verify_CMSMenu_FunctionalityTC - clicked on code view
23:23:06.415 [TestNG-test=RetryMultipleFailedTestcases-1] INFO  sprint1_TestCases.C_Verify_CMSMenu_FunctionalityTC - Logged in and searched for a file, then clicked Edit.
23:23:06.692 [TestNG-test=RetryMultipleFailedTestcases-1] INFO  sprint1_TestCases.C_Verify_CMSMenu_FunctionalityTC - clicked on Handberger button
23:23:06.766 [TestNG-test=RetryMultipleFailedTestcases-1] INFO  sprint1_TestCases.C_Verify_CMSMenu_FunctionalityTC - verified Label CMS menu displayed
23:23:07.019 [TestNG-test=RetryMultipleFailedTestcases-1] INFO  sprint1_TestCases.C_Verify_CMSMenu_FunctionalityTC - clicked on general attribute text
23:23:13.997 [TestNG-test=RetryMultipleFailedTestcases-1] INFO  sprint1_TestCases.C_Verify_CMSMenu_FunctionalityTC - Starting verify_CMS_RejectLogout
23:23:14.602 [TestNG-test=RetryMultipleFailedTestcases-3] INFO  sprint1_TestCases.C_Verify_CMSMenu_FunctionalityTC - Starting verify_CMSMenu_Manage_Logout
23:23:34.188 [TestNG-test=RetryMultipleFailedTestcases-4] INFO  sprint1_TestCases.C_Verify_CMSMenu_FunctionalityTC - Logged in and searched for a file, then clicked Edit.
23:23:35.500 [TestNG-test=RetryMultipleFailedTestcases-4] INFO  sprint1_TestCases.C_Verify_CMSMenu_FunctionalityTC - clicked on Handberger button
23:23:35.546 [TestNG-test=RetryMultipleFailedTestcases-4] INFO  sprint1_TestCases.C_Verify_CMSMenu_FunctionalityTC - clicked on Handberger button
23:23:36.260 [TestNG-test=RetryMultipleFailedTestcases-4] INFO  sprint1_TestCases.C_Verify_CMSMenu_FunctionalityTC - clicked on user profile button
23:23:36.335 [TestNG-test=RetryMultipleFailedTestcases-4] INFO  sprint1_TestCases.C_Verify_CMSMenu_FunctionalityTC - verified Label manage profile is displayed
23:23:36.966 [TestNG-test=RetryMultipleFailedTestcases-2] INFO  sprint1_TestCases.C_Verify_CMSMenu_FunctionalityTC - Logged in and searched for a file, then clicked Edit.
23:23:37.887 [TestNG-test=RetryMultipleFailedTestcases-2] INFO  sprint1_TestCases.C_Verify_CMSMenu_FunctionalityTC - clicked on Handberger button
23:23:38.695 [TestNG-test=RetryMultipleFailedTestcases-2] INFO  sprint1_TestCases.C_Verify_CMSMenu_FunctionalityTC - clicked on user profile button
23:23:38.749 [TestNG-test=RetryMultipleFailedTestcases-2] INFO  sprint1_TestCases.C_Verify_CMSMenu_FunctionalityTC - verified Label Logout is displayed
23:23:38.843 [TestNG-test=RetryMultipleFailedTestcases-2] INFO  sprint1_TestCases.C_Verify_CMSMenu_FunctionalityTC - verified Label Manage Profile is displayed
23:23:38.843 [TestNG-test=RetryMultipleFailedTestcases-2] INFO  sprint1_TestCases.C_Verify_CMSMenu_FunctionalityTC - Finished verify_CMSMenu_LogoutManage_Profile
23:23:42.564 [TestNG-test=RetryMultipleFailedTestcases-3] INFO  sprint1_TestCases.C_Verify_CMSMenu_FunctionalityTC - Logged in and searched for a file, then clicked Edit.
23:23:42.830 [TestNG-test=RetryMultipleFailedTestcases-1] INFO  sprint1_TestCases.C_Verify_CMSMenu_FunctionalityTC - Logged in and searched for a file, then clicked Edit.
23:23:43.561 [TestNG-test=RetryMultipleFailedTestcases-1] INFO  sprint1_TestCases.C_Verify_CMSMenu_FunctionalityTC - clicked on Handberger button
23:23:43.870 [TestNG-test=RetryMultipleFailedTestcases-3] INFO  sprint1_TestCases.C_Verify_CMSMenu_FunctionalityTC - clicked on Handberger button
23:23:44.301 [TestNG-test=RetryMultipleFailedTestcases-3] INFO  sprint1_TestCases.C_Verify_CMSMenu_FunctionalityTC - clicked on user profile button
23:23:44.427 [TestNG-test=RetryMultipleFailedTestcases-1] INFO  sprint1_TestCases.C_Verify_CMSMenu_FunctionalityTC - clicked on user profile button
23:23:44.460 [TestNG-test=RetryMultipleFailedTestcases-3] INFO  sprint1_TestCases.C_Verify_CMSMenu_FunctionalityTC - clicked on logout button
23:23:44.465 [TestNG-test=RetryMultipleFailedTestcases-3] INFO  sprint1_TestCases.C_Verify_CMSMenu_FunctionalityTC - clicked on accept alert
23:23:44.571 [TestNG-test=RetryMultipleFailedTestcases-1] INFO  sprint1_TestCases.C_Verify_CMSMenu_FunctionalityTC - clicked on logout button
23:23:44.575 [TestNG-test=RetryMultipleFailedTestcases-1] INFO  sprint1_TestCases.C_Verify_CMSMenu_FunctionalityTC - verified login button is not visible
23:23:44.575 [TestNG-test=RetryMultipleFailedTestcases-1] INFO  sprint1_TestCases.C_Verify_CMSMenu_FunctionalityTC - Finished verify_CMS_RejectLogout
23:23:45.518 [TestNG-test=RetryMultipleFailedTestcases-3] INFO  sprint1_TestCases.C_Verify_CMSMenu_FunctionalityTC - verified login button is visible
23:23:45.518 [TestNG-test=RetryMultipleFailedTestcases-3] INFO  sprint1_TestCases.C_Verify_CMSMenu_FunctionalityTC - Finished verify_CMSMenu_Manage_Logout
23:23:46.728 [TestNG-test=RetryMultipleFailedTestcases-2] INFO  sprint1_TestCases.C_Verify_CMSMenu_FunctionalityTC - Starting verify_CMSMenu_Manage
23:23:55.995 [TestNG-test=RetryMultipleFailedTestcases-1] INFO  sprint1_TestCases.C_Verify_CMSMenu_FunctionalityTC - Starting verify_CMSMenu_RejectChange
23:23:57.934 [TestNG-test=RetryMultipleFailedTestcases-3] INFO  sprint1_TestCases.C_Verify_CMSMenu_FunctionalityTC - Starting verify_MediaObject_Close
23:24:21.904 [TestNG-test=RetryMultipleFailedTestcases-2] INFO  sprint1_TestCases.C_Verify_CMSMenu_FunctionalityTC - Logged in and searched for a file, then clicked Edit.
23:24:22.745 [TestNG-test=RetryMultipleFailedTestcases-2] INFO  sprint1_TestCases.C_Verify_CMSMenu_FunctionalityTC - clicked on Handberger button
23:24:23.192 [TestNG-test=RetryMultipleFailedTestcases-4] INFO  sprint1_TestCases.C_Verify_CMSMenu_FunctionalityTC - Starting verify_CMSMenu_UserProfile
23:24:23.475 [TestNG-test=RetryMultipleFailedTestcases-2] INFO  sprint1_TestCases.C_Verify_CMSMenu_FunctionalityTC - clicked on user profile button
23:24:23.634 [TestNG-test=RetryMultipleFailedTestcases-2] INFO  sprint1_TestCases.C_Verify_CMSMenu_FunctionalityTC - clicked on Manage profile button
23:24:23.639 [TestNG-test=RetryMultipleFailedTestcases-2] INFO  sprint1_TestCases.C_Verify_CMSMenu_FunctionalityTC - clicking on accept the popup 
23:24:24.185 [TestNG-test=RetryMultipleFailedTestcases-2] INFO  sprint1_TestCases.C_Verify_CMSMenu_FunctionalityTC - verified with the inner text of chnaged password
23:24:24.217 [TestNG-test=RetryMultipleFailedTestcases-2] INFO  sprint1_TestCases.C_Verify_CMSMenu_FunctionalityTC - verified with the inner text of he change profile picture
23:24:24.217 [TestNG-test=RetryMultipleFailedTestcases-2] INFO  sprint1_TestCases.C_Verify_CMSMenu_FunctionalityTC - Finished verify_CMSMenu_Manage
23:24:30.797 [TestNG-test=RetryMultipleFailedTestcases-1] INFO  sprint1_TestCases.C_Verify_CMSMenu_FunctionalityTC - Logged in and searched for a file, then clicked Edit.
23:24:31.053 [TestNG-test=RetryMultipleFailedTestcases-2] INFO  sprint1_TestCases.C_Verify_CMSMenu_FunctionalityTC - Starting verify_MediaLibrary_SearchOption
23:24:31.121 [TestNG-test=RetryMultipleFailedTestcases-1] INFO  sprint1_TestCases.C_Verify_CMSMenu_FunctionalityTC - clicked on Handberger button
23:24:31.441 [TestNG-test=RetryMultipleFailedTestcases-3] INFO  sprint1_TestCases.C_Verify_CMSMenu_FunctionalityTC - Logged in and searched for a file, then clicked Edit.
23:24:31.460 [TestNG-test=RetryMultipleFailedTestcases-3] INFO  sprint1_TestCases.C_Verify_CMSMenu_FunctionalityTC - Switched to frame 0.
23:24:31.820 [TestNG-test=RetryMultipleFailedTestcases-1] INFO  sprint1_TestCases.C_Verify_CMSMenu_FunctionalityTC - clicked on user profile button
23:24:31.980 [TestNG-test=RetryMultipleFailedTestcases-1] INFO  sprint1_TestCases.C_Verify_CMSMenu_FunctionalityTC - clicked on Manage profile button
23:24:31.993 [TestNG-test=RetryMultipleFailedTestcases-1] INFO  sprint1_TestCases.C_Verify_CMSMenu_FunctionalityTC - Verified change password is not displayed
23:24:32.221 [TestNG-test=RetryMultipleFailedTestcases-3] INFO  sprint1_TestCases.C_Verify_CMSMenu_FunctionalityTC - clicked on First para from VE
23:24:32.265 [TestNG-test=RetryMultipleFailedTestcases-3] INFO  sprint1_TestCases.C_Verify_CMSMenu_FunctionalityTC - Switched back to default content.
23:24:32.612 [TestNG-test=RetryMultipleFailedTestcases-3] INFO  sprint1_TestCases.C_Verify_CMSMenu_FunctionalityTC - clicked on Handberger button
23:24:32.873 [TestNG-test=RetryMultipleFailedTestcases-3] INFO  sprint1_TestCases.C_Verify_CMSMenu_FunctionalityTC - clicked on media object button
23:24:37.492 [TestNG-test=RetryMultipleFailedTestcases-3] INFO  sprint1_TestCases.C_Verify_CMSMenu_FunctionalityTC - clicked on media object close button
23:24:54.904 [TestNG-test=RetryMultipleFailedTestcases-4] INFO  sprint1_TestCases.C_Verify_CMSMenu_FunctionalityTC - Logged in and searched for a file, then clicked Edit.
23:24:55.620 [TestNG-test=RetryMultipleFailedTestcases-4] INFO  sprint1_TestCases.C_Verify_CMSMenu_FunctionalityTC - clicked on Handberger button
23:24:55.688 [TestNG-test=RetryMultipleFailedTestcases-4] INFO  sprint1_TestCases.C_Verify_CMSMenu_FunctionalityTC - clicked on Handberger button
23:24:56.466 [TestNG-test=RetryMultipleFailedTestcases-4] INFO  sprint1_TestCases.C_Verify_CMSMenu_FunctionalityTC - clicked on user profile button
23:24:56.527 [TestNG-test=RetryMultipleFailedTestcases-4] INFO  sprint1_TestCases.C_Verify_CMSMenu_FunctionalityTC - verified Label manage profile is displayed
23:25:11.849 [TestNG-test=RetryMultipleFailedTestcases-2] INFO  sprint1_TestCases.C_Verify_CMSMenu_FunctionalityTC - Logged in and searched for a file, then clicked Edit.
23:25:12.090 [TestNG-test=RetryMultipleFailedTestcases-1] INFO  sprint1_TestCases.C_Verify_CMSMenu_FunctionalityTC - Verified Change picture is not displayed
23:25:12.090 [TestNG-test=RetryMultipleFailedTestcases-1] INFO  sprint1_TestCases.C_Verify_CMSMenu_FunctionalityTC - Finished verify_CMSMenu_RejectChange
23:25:13.222 [TestNG-test=RetryMultipleFailedTestcases-2] INFO  sprint1_TestCases.C_Verify_CMSMenu_FunctionalityTC - clicked on Handberger button
23:25:13.430 [TestNG-test=RetryMultipleFailedTestcases-2] INFO  sprint1_TestCases.C_Verify_CMSMenu_FunctionalityTC - verified Label CMS menu displayed
23:25:13.797 [TestNG-test=RetryMultipleFailedTestcases-2] INFO  sprint1_TestCases.C_Verify_CMSMenu_FunctionalityTC - clicked on Media object link in CMS menu
23:25:17.584 [TestNG-test=RetryMultipleFailedTestcases-3] INFO  sprint1_TestCases.C_Verify_CMSMenu_FunctionalityTC - Verified img is not displayed in document structure
23:25:17.584 [TestNG-test=RetryMultipleFailedTestcases-3] INFO  sprint1_TestCases.C_Verify_CMSMenu_FunctionalityTC - Finished verify_MediaObject_Close
23:25:19.512 [TestNG-test=RetryMultipleFailedTestcases-1] INFO  sprint1_TestCases.C_Verify_CMSMenu_FunctionalityTC - Starting verify_TitleBar
23:25:24.920 [TestNG-test=RetryMultipleFailedTestcases-3] INFO  sprint1_TestCases.C_Verify_CMSMenu_FunctionalityTC - Starting verify_MediaObject_SearchValidImage
23:25:28.991 [TestNG-test=RetryMultipleFailedTestcases-2] INFO  sprint1_TestCases.C_Verify_CMSMenu_FunctionalityTC - Verified media object search label i displayed
23:25:28.991 [TestNG-test=RetryMultipleFailedTestcases-2] INFO  sprint1_TestCases.C_Verify_CMSMenu_FunctionalityTC - Finished verify_MediaLibrary_SearchOption
23:25:37.391 [TestNG-test=RetryMultipleFailedTestcases-2] INFO  sprint1_TestCases.D_TabViewOptionsTC - Starting verify_TitleBar
23:25:49.507 [TestNG-test=RetryMultipleFailedTestcases-4] INFO  sprint1_TestCases.D_TabViewOptionsTC - Starting verify_TitleBar
23:26:20.789 [TestNG-test=RetryMultipleFailedTestcases-1] INFO  sprint1_TestCases.C_Verify_CMSMenu_FunctionalityTC - Logged in and searched for a file, then clicked Edit.
23:26:20.817 [TestNG-test=RetryMultipleFailedTestcases-1] INFO  sprint1_TestCases.C_Verify_CMSMenu_FunctionalityTC - Switched to frame 0.
23:26:21.629 [TestNG-test=RetryMultipleFailedTestcases-1] INFO  sprint1_TestCases.C_Verify_CMSMenu_FunctionalityTC - clicked on First para from VE
23:26:21.744 [TestNG-test=RetryMultipleFailedTestcases-1] INFO  sprint1_TestCases.C_Verify_CMSMenu_FunctionalityTC - Switched back to default content.
23:26:22.428 [TestNG-test=RetryMultipleFailedTestcases-1] INFO  sprint1_TestCases.C_Verify_CMSMenu_FunctionalityTC - clicked on Handberger button
23:26:22.801 [TestNG-test=RetryMultipleFailedTestcases-1] INFO  sprint1_TestCases.C_Verify_CMSMenu_FunctionalityTC - clicked on media object button
23:26:36.635 [TestNG-test=RetryMultipleFailedTestcases-1] INFO  sprint1_TestCases.C_Verify_CMSMenu_FunctionalityTC - verified on media object search label is diaplayed
23:26:36.793 [TestNG-test=RetryMultipleFailedTestcases-1] INFO  sprint1_TestCases.C_Verify_CMSMenu_FunctionalityTC - clicked on Handberger button
23:26:36.865 [TestNG-test=RetryMultipleFailedTestcases-1] INFO  sprint1_TestCases.C_Verify_CMSMenu_FunctionalityTC - hello text is typed in search label
23:26:37.097 [TestNG-test=RetryMultipleFailedTestcases-1] INFO  sprint1_TestCases.C_Verify_CMSMenu_FunctionalityTC - clicked on Search button
23:26:37.157 [TestNG-test=RetryMultipleFailedTestcases-1] INFO  sprint1_TestCases.C_Verify_CMSMenu_FunctionalityTC - verified on image is not diaplayed
23:26:37.157 [TestNG-test=RetryMultipleFailedTestcases-1] INFO  sprint1_TestCases.C_Verify_CMSMenu_FunctionalityTC - Finished verify_MediaObject_SearchInvalidImage
23:26:45.623 [TestNG-test=RetryMultipleFailedTestcases-1] INFO  sprint1_TestCases.D_TabViewOptionsTC - Starting verify_TitleBar
23:26:47.117 [TestNG-test=RetryMultipleFailedTestcases-3] INFO  sprint1_TestCases.C_Verify_CMSMenu_FunctionalityTC - Logged in and searched for a file, then clicked Edit.
23:26:47.145 [TestNG-test=RetryMultipleFailedTestcases-3] INFO  sprint1_TestCases.C_Verify_CMSMenu_FunctionalityTC - Switched to frame 0.
23:26:47.625 [TestNG-test=RetryMultipleFailedTestcases-3] INFO  sprint1_TestCases.C_Verify_CMSMenu_FunctionalityTC - clicked on First para from VE
23:26:47.676 [TestNG-test=RetryMultipleFailedTestcases-3] INFO  sprint1_TestCases.C_Verify_CMSMenu_FunctionalityTC - Switched back to default content.
23:26:47.961 [TestNG-test=RetryMultipleFailedTestcases-3] INFO  sprint1_TestCases.C_Verify_CMSMenu_FunctionalityTC - clicked on Handberger button
23:26:48.221 [TestNG-test=RetryMultipleFailedTestcases-3] INFO  sprint1_TestCases.C_Verify_CMSMenu_FunctionalityTC - clicked on media object button
23:26:48.401 [TestNG-test=RetryMultipleFailedTestcases-2] INFO  sprint1_TestCases.D_TabViewOptionsTC - Logged in and searched for a file, then clicked Edit.
23:26:56.403 [TestNG-test=RetryMultipleFailedTestcases-4] INFO  sprint1_TestCases.D_TabViewOptionsTC - Logged in and searched for a file, then clicked Edit.
23:26:57.995 [TestNG-test=RetryMultipleFailedTestcases-3] INFO  sprint1_TestCases.C_Verify_CMSMenu_FunctionalityTC - verified on media object search label is diaplayed
23:26:58.123 [TestNG-test=RetryMultipleFailedTestcases-3] INFO  sprint1_TestCases.C_Verify_CMSMenu_FunctionalityTC - clicked on Handberger button
23:26:58.441 [TestNG-test=RetryMultipleFailedTestcases-3] INFO  sprint1_TestCases.C_Verify_CMSMenu_FunctionalityTC - verified on image name is typed
23:26:58.530 [TestNG-test=RetryMultipleFailedTestcases-3] INFO  sprint1_TestCases.C_Verify_CMSMenu_FunctionalityTC - verified on image is diaplayed
23:26:58.530 [TestNG-test=RetryMultipleFailedTestcases-3] INFO  sprint1_TestCases.C_Verify_CMSMenu_FunctionalityTC - Finished verify_MediaObject_SearchValidImage
23:26:58.777 [TestNG-test=RetryMultipleFailedTestcases-2] INFO  sprint1_TestCases.D_TabViewOptionsTC - Starting verify_TitleBar
23:27:04.456 [TestNG-test=RetryMultipleFailedTestcases-4] INFO  sprint1_TestCases.D_TabViewOptionsTC - Starting verify_TitleBar
23:27:05.479 [TestNG-test=RetryMultipleFailedTestcases-3] INFO  sprint1_TestCases.D_TabViewOptionsTC - Starting verify_TitleBar
23:27:24.112 [TestNG-test=RetryMultipleFailedTestcases-1] INFO  sprint1_TestCases.D_TabViewOptionsTC - Logged in and searched for a file, then clicked Edit.
23:27:31.503 [TestNG-test=RetryMultipleFailedTestcases-1] INFO  sprint1_TestCases.D_TabViewOptionsTC - Starting verify_TitleBar
23:27:39.524 [TestNG-test=RetryMultipleFailedTestcases-2] INFO  sprint1_TestCases.D_TabViewOptionsTC - Logged in and searched for a file, then clicked Edit.
23:27:42.555 [TestNG-test=RetryMultipleFailedTestcases-4] INFO  sprint1_TestCases.D_TabViewOptionsTC - Logged in and searched for a file, then clicked Edit.
23:27:49.139 [TestNG-test=RetryMultipleFailedTestcases-3] INFO  sprint1_TestCases.D_TabViewOptionsTC - Logged in and searched for a file, then clicked Edit.
23:27:50.436 [TestNG-test=RetryMultipleFailedTestcases-4] INFO  sprint1_TestCases.D_TabViewOptionsTC - Starting verify_TitleBar
23:27:56.656 [TestNG-test=RetryMultipleFailedTestcases-3] INFO  sprint1_TestCases.D_TabViewOptionsTC - Starting verify_TitleBar
23:27:58.456 [TestNG-test=RetryMultipleFailedTestcases-1] INFO  sprint1_TestCases.D_TabViewOptionsTC - Logged in and searched for a file, then clicked Edit.
23:28:00.841 [TestNG-test=RetryMultipleFailedTestcases-2] INFO  sprint1_TestCases.D_TabViewOptionsTC - Starting verify_TitleBar
23:28:06.859 [TestNG-test=RetryMultipleFailedTestcases-1] INFO  sprint1_TestCases.D_TabViewOptionsTC - Starting verify_TitleBar
23:28:16.875 [TestNG-test=RetryMultipleFailedTestcases-4] INFO  sprint1_TestCases.D_TabViewOptionsTC - Logged in and searched for a file, then clicked Edit.
23:28:25.225 [TestNG-test=RetryMultipleFailedTestcases-3] INFO  sprint1_TestCases.D_TabViewOptionsTC - Logged in and searched for a file, then clicked Edit.
23:28:25.523 [TestNG-test=RetryMultipleFailedTestcases-4] INFO  sprint1_TestCases.D_TabViewOptionsTC - Starting verify_TitleBar
23:28:30.209 [TestNG-test=RetryMultipleFailedTestcases-2] INFO  sprint1_TestCases.D_TabViewOptionsTC - Logged in and searched for a file, then clicked Edit.
23:28:37.345 [TestNG-test=RetryMultipleFailedTestcases-3] INFO  sprint1_TestCases.D_TabViewOptionsTC - Starting verify_TitleBar
23:28:38.721 [TestNG-test=RetryMultipleFailedTestcases-1] INFO  sprint1_TestCases.D_TabViewOptionsTC - Logged in and searched for a file, then clicked Edit.
23:28:46.757 [TestNG-test=RetryMultipleFailedTestcases-1] INFO  sprint1_TestCases.D_TabViewOptionsTC - Starting verify_TitleBar
23:29:01.257 [TestNG-test=RetryMultipleFailedTestcases-4] INFO  sprint1_TestCases.D_TabViewOptionsTC - Logged in and searched for a file, then clicked Edit.
23:29:10.345 [TestNG-test=RetryMultipleFailedTestcases-4] INFO  sprint1_TestCases.D_TabViewOptionsTC - Starting verify_TitleBar
23:29:22.321 [TestNG-test=RetryMultipleFailedTestcases-3] INFO  sprint1_TestCases.D_TabViewOptionsTC - Logged in and searched for a file, then clicked Edit.
23:29:30.084 [TestNG-test=RetryMultipleFailedTestcases-1] INFO  sprint1_TestCases.D_TabViewOptionsTC - Logged in and searched for a file, then clicked Edit.
23:29:30.107 [TestNG-test=RetryMultipleFailedTestcases-3] INFO  sprint1_TestCases.D_TabViewOptionsTC - Starting verify_TitleBar
23:29:38.170 [TestNG-test=RetryMultipleFailedTestcases-4] INFO  sprint1_TestCases.D_TabViewOptionsTC - Logged in and searched for a file, then clicked Edit.
23:29:55.155 [TestNG-test=RetryMultipleFailedTestcases-3] INFO  sprint1_TestCases.D_TabViewOptionsTC - Logged in and searched for a file, then clicked Edit.
23:39:38.162 [main] INFO  sprint1_TestCases.B_Verify_TitleBarOptionsTC - Starting verify_Reset_Highlighted
23:40:02.109 [main] INFO  sprint1_TestCases.B_Verify_TitleBarOptionsTC - Logged in and searched for a file, then clicked Edit.
23:40:02.192 [main] INFO  sprint1_TestCases.B_Verify_TitleBarOptionsTC - Clicked on reset button
23:40:02.359 [main] INFO  sprint1_TestCases.B_Verify_TitleBarOptionsTC - moving to element Reset button
23:40:02.401 [main] INFO  sprint1_TestCases.B_Verify_TitleBarOptionsTC - Verified Reset button is highlighted
23:40:02.401 [main] INFO  sprint1_TestCases.B_Verify_TitleBarOptionsTC - Finished verify_Reset_Highlighted
23:43:10.997 [TestNG-test=RetryMultipleFailedTestcases-4] INFO  sprint1_TestCases.B_Verify_TitleBarOptionsTC - Starting verify_Save_Highlighted
23:43:10.984 [TestNG-test=RetryMultipleFailedTestcases-1] INFO  sprint1_TestCases.A_Login_PageTC - Starting verify_Login
23:43:11.051 [TestNG-test=RetryMultipleFailedTestcases-3] INFO  sprint1_TestCases.B_Verify_TitleBarOptionsTC - Starting verify_Tooltips_OnWindowResize
23:43:11.149 [TestNG-test=RetryMultipleFailedTestcases-2] INFO  sprint1_TestCases.B_Verify_TitleBarOptionsTC - Starting ChangeElementSimpePara_ValidateFile
23:43:11.284 [TestNG-test=RetryMultipleFailedTestcases-1] INFO  sprint1_TestCases.A_Login_PageTC - Clicking on username and entering mail id
23:43:11.402 [TestNG-test=RetryMultipleFailedTestcases-1] INFO  sprint1_TestCases.A_Login_PageTC - Clicking on password and entering password
23:43:15.452 [TestNG-test=RetryMultipleFailedTestcases-1] INFO  sprint1_TestCases.A_Login_PageTC - Clicking on login button
23:43:15.637 [TestNG-test=RetryMultipleFailedTestcases-1] INFO  sprint1_TestCases.A_Login_PageTC - Checking for logged in in page is visible
23:43:15.637 [TestNG-test=RetryMultipleFailedTestcases-1] INFO  sprint1_TestCases.A_Login_PageTC - Finished verify_ExistingList_PropertiesPopup
23:43:23.290 [TestNG-test=RetryMultipleFailedTestcases-1] INFO  sprint1_TestCases.B_Verify_TitleBarOptionsTC - Starting verify_Reset_Highlighted
23:43:36.774 [TestNG-test=RetryMultipleFailedTestcases-2] INFO  sprint1_TestCases.B_Verify_TitleBarOptionsTC - Logged in and searched for a file, then clicked Edit.
23:43:37.263 [TestNG-test=RetryMultipleFailedTestcases-2] INFO  sprint1_TestCases.B_Verify_TitleBarOptionsTC - Switched to frame 0.
23:43:38.011 [TestNG-test=RetryMultipleFailedTestcases-2] INFO  sprint1_TestCases.B_Verify_TitleBarOptionsTC - clicked on First para from VE
23:43:38.126 [TestNG-test=RetryMultipleFailedTestcases-2] INFO  sprint1_TestCases.B_Verify_TitleBarOptionsTC - Switched back to default content.
23:43:38.688 [TestNG-test=RetryMultipleFailedTestcases-2] INFO  sprint1_TestCases.B_Verify_TitleBarOptionsTC - clicked on change element and searched for simple para
23:43:39.645 [TestNG-test=RetryMultipleFailedTestcases-4] INFO  sprint1_TestCases.B_Verify_TitleBarOptionsTC - Logged in and searched for a file, then clicked Edit.
23:43:39.770 [TestNG-test=RetryMultipleFailedTestcases-2] INFO  sprint1_TestCases.B_Verify_TitleBarOptionsTC - clicked on simple-para selement
23:43:39.797 [TestNG-test=RetryMultipleFailedTestcases-4] INFO  sprint1_TestCases.B_Verify_TitleBarOptionsTC - moving to element save button
23:43:39.864 [TestNG-test=RetryMultipleFailedTestcases-4] INFO  sprint1_TestCases.B_Verify_TitleBarOptionsTC - verified Save button is highlighted
23:43:39.864 [TestNG-test=RetryMultipleFailedTestcases-4] INFO  sprint1_TestCases.B_Verify_TitleBarOptionsTC - Finished verify_Save_Highlighted
23:43:40.043 [TestNG-test=RetryMultipleFailedTestcases-2] INFO  sprint1_TestCases.B_Verify_TitleBarOptionsTC - Verifying Simple Para present into DS
23:43:40.183 [TestNG-test=RetryMultipleFailedTestcases-3] INFO  sprint1_TestCases.B_Verify_TitleBarOptionsTC - Logged in and searched for a file, then clicked Edit.
23:43:40.460 [TestNG-test=RetryMultipleFailedTestcases-2] INFO  sprint1_TestCases.B_Verify_TitleBarOptionsTC - clicked on validate button
23:43:40.590 [TestNG-test=RetryMultipleFailedTestcases-3] INFO  sprint1_TestCases.B_Verify_TitleBarOptionsTC - Minimized the window to certain dimensions
23:43:41.931 [TestNG-test=RetryMultipleFailedTestcases-3] INFO  sprint1_TestCases.B_Verify_TitleBarOptionsTC - Current page is refreshed
23:43:43.817 [TestNG-test=RetryMultipleFailedTestcases-3] INFO  sprint1_TestCases.B_Verify_TitleBarOptionsTC - Verified save button tooltip is displayed when minimized
23:43:44.030 [TestNG-test=RetryMultipleFailedTestcases-3] INFO  sprint1_TestCases.B_Verify_TitleBarOptionsTC - Verified save button tooltip is displayed when minimized
23:43:44.277 [TestNG-test=RetryMultipleFailedTestcases-3] INFO  sprint1_TestCases.B_Verify_TitleBarOptionsTC - Verified Validate button tooltip is displayed when minimized
23:43:44.506 [TestNG-test=RetryMultipleFailedTestcases-3] INFO  sprint1_TestCases.B_Verify_TitleBarOptionsTC - Verified Check in button tooltip is displayed when minimized
23:43:44.506 [TestNG-test=RetryMultipleFailedTestcases-3] INFO  sprint1_TestCases.B_Verify_TitleBarOptionsTC - Finished verify_Tooltips_OnWindowResize
23:43:44.943 [TestNG-test=RetryMultipleFailedTestcases-2] INFO  sprint1_TestCases.B_Verify_TitleBarOptionsTC - verified label validation success message is present
23:43:45.030 [TestNG-test=RetryMultipleFailedTestcases-2] INFO  sprint1_TestCases.B_Verify_TitleBarOptionsTC - clicked Validation success alert text is displayed
23:43:45.274 [TestNG-test=RetryMultipleFailedTestcases-2] INFO  sprint1_TestCases.B_Verify_TitleBarOptionsTC - clicked on validate ok button
23:43:45.274 [TestNG-test=RetryMultipleFailedTestcases-2] INFO  sprint1_TestCases.B_Verify_TitleBarOptionsTC - Finished ChangeElementSimpePara_ValidateFile
23:43:46.030 [TestNG-test=RetryMultipleFailedTestcases-4] INFO  sprint1_TestCases.B_Verify_TitleBarOptionsTC - Starting verify_Validate_Highlighted
23:43:53.943 [TestNG-test=RetryMultipleFailedTestcases-3] INFO  sprint1_TestCases.B_Verify_TitleBarOptionsTC - Starting verify_CheckIn_Highlighted
23:43:55.797 [TestNG-test=RetryMultipleFailedTestcases-2] INFO  sprint1_TestCases.B_Verify_TitleBarOptionsTC - Starting verify_LastSave_With_RealTime
23:43:57.571 [TestNG-test=RetryMultipleFailedTestcases-1] INFO  sprint1_TestCases.B_Verify_TitleBarOptionsTC - Logged in and searched for a file, then clicked Edit.
23:43:57.686 [TestNG-test=RetryMultipleFailedTestcases-1] INFO  sprint1_TestCases.B_Verify_TitleBarOptionsTC - Clicked on reset button
23:43:58.039 [TestNG-test=RetryMultipleFailedTestcases-1] INFO  sprint1_TestCases.B_Verify_TitleBarOptionsTC - moving to element Reset button
23:44:05.021 [TestNG-test=RetryMultipleFailedTestcases-1] INFO  sprint1_TestCases.B_Verify_TitleBarOptionsTC - Starting verify_Reset_Highlighted
23:44:19.258 [TestNG-test=RetryMultipleFailedTestcases-4] INFO  sprint1_TestCases.B_Verify_TitleBarOptionsTC - Logged in and searched for a file, then clicked Edit.
23:44:19.422 [TestNG-test=RetryMultipleFailedTestcases-4] INFO  sprint1_TestCases.B_Verify_TitleBarOptionsTC - moving to element validate button
23:44:19.456 [TestNG-test=RetryMultipleFailedTestcases-4] INFO  sprint1_TestCases.B_Verify_TitleBarOptionsTC - Verified validate button is highlighted
23:44:19.456 [TestNG-test=RetryMultipleFailedTestcases-4] INFO  sprint1_TestCases.B_Verify_TitleBarOptionsTC - Finished verify_Validate_Highlighted
23:44:24.703 [TestNG-test=RetryMultipleFailedTestcases-3] INFO  sprint1_TestCases.B_Verify_TitleBarOptionsTC - Logged in and searched for a file, then clicked Edit.
23:44:25.393 [TestNG-test=RetryMultipleFailedTestcases-3] INFO  sprint1_TestCases.B_Verify_TitleBarOptionsTC - moving to element check in  button
23:44:27.043 [TestNG-test=RetryMultipleFailedTestcases-2] INFO  sprint1_TestCases.B_Verify_TitleBarOptionsTC - Logged in and searched for a file, then clicked Edit.
23:44:27.069 [TestNG-test=RetryMultipleFailedTestcases-2] INFO  sprint1_TestCases.B_Verify_TitleBarOptionsTC - Switched to frame 0.
23:44:27.804 [TestNG-test=RetryMultipleFailedTestcases-2] INFO  sprint1_TestCases.B_Verify_TitleBarOptionsTC - Double clicked on first para button
23:44:27.843 [TestNG-test=RetryMultipleFailedTestcases-2] INFO  sprint1_TestCases.B_Verify_TitleBarOptionsTC - Switched back to default content.
23:44:28.470 [TestNG-test=RetryMultipleFailedTestcases-2] INFO  sprint1_TestCases.B_Verify_TitleBarOptionsTC - Clicked on bold plugin
23:44:28.928 [TestNG-test=RetryMultipleFailedTestcases-4] INFO  sprint1_TestCases.B_Verify_TitleBarOptionsTC - Starting TC_021_verify_SaveFunctionality
23:44:31.689 [TestNG-test=RetryMultipleFailedTestcases-1] INFO  sprint1_TestCases.B_Verify_TitleBarOptionsTC - Logged in and searched for a file, then clicked Edit.
23:44:31.876 [TestNG-test=RetryMultipleFailedTestcases-1] INFO  sprint1_TestCases.B_Verify_TitleBarOptionsTC - Clicked on reset button
23:44:32.049 [TestNG-test=RetryMultipleFailedTestcases-1] INFO  sprint1_TestCases.B_Verify_TitleBarOptionsTC - moving to element Reset button
23:44:32.210 [TestNG-test=RetryMultipleFailedTestcases-2] INFO  sprint1_TestCases.B_Verify_TitleBarOptionsTC - Clicked on save button
23:44:32.252 [TestNG-test=RetryMultipleFailedTestcases-2] INFO  sprint1_TestCases.B_Verify_TitleBarOptionsTC - verified the class in actual saved time
23:44:32.252 [TestNG-test=RetryMultipleFailedTestcases-2] INFO  sprint1_TestCases.B_Verify_TitleBarOptionsTC - Finished verify_LastSave_With_RealTime
23:44:43.456 [TestNG-test=RetryMultipleFailedTestcases-3] INFO  sprint1_TestCases.B_Verify_TitleBarOptionsTC - Starting verify_CheckIn_Highlighted
23:44:43.664 [TestNG-test=RetryMultipleFailedTestcases-1] INFO  sprint1_TestCases.B_Verify_TitleBarOptionsTC - Starting verify_SaveTime_OnBrowserMinimize
23:44:43.719 [TestNG-test=RetryMultipleFailedTestcases-2] INFO  sprint1_TestCases.B_Verify_TitleBarOptionsTC - Starting verify_Save_Error_Message
23:44:55.798 [TestNG-test=RetryMultipleFailedTestcases-4] INFO  sprint1_TestCases.B_Verify_TitleBarOptionsTC - Logged in and searched for a file, then clicked Edit.
23:44:55.815 [TestNG-test=RetryMultipleFailedTestcases-4] INFO  sprint1_TestCases.B_Verify_TitleBarOptionsTC - Switched to frame 0.
23:44:56.554 [TestNG-test=RetryMultipleFailedTestcases-4] INFO  sprint1_TestCases.B_Verify_TitleBarOptionsTC - Double clicked on first para button
23:44:56.592 [TestNG-test=RetryMultipleFailedTestcases-4] INFO  sprint1_TestCases.B_Verify_TitleBarOptionsTC - Switched back to default content.
23:44:56.996 [TestNG-test=RetryMultipleFailedTestcases-4] INFO  sprint1_TestCases.B_Verify_TitleBarOptionsTC - Clicked on bold plugin
23:44:58.566 [TestNG-test=RetryMultipleFailedTestcases-4] INFO  sprint1_TestCases.B_Verify_TitleBarOptionsTC - Clicked on save button
23:45:01.457 [TestNG-test=RetryMultipleFailedTestcases-4] INFO  sprint1_TestCases.B_Verify_TitleBarOptionsTC - verified on Save Successful notification is displayed
23:45:01.596 [TestNG-test=RetryMultipleFailedTestcases-4] INFO  sprint1_TestCases.B_Verify_TitleBarOptionsTC - verified on Last Saved Time is displayed
23:45:01.658 [TestNG-test=RetryMultipleFailedTestcases-4] INFO  sprint1_TestCases.B_Verify_TitleBarOptionsTC - verified the class in actual saved time
23:45:01.658 [TestNG-test=RetryMultipleFailedTestcases-4] INFO  sprint1_TestCases.B_Verify_TitleBarOptionsTC - Finished verify_TitleBar
23:45:10.834 [TestNG-test=RetryMultipleFailedTestcases-1] INFO  sprint1_TestCases.B_Verify_TitleBarOptionsTC - Logged in and searched for a file, then clicked Edit.
23:45:10.857 [TestNG-test=RetryMultipleFailedTestcases-1] INFO  sprint1_TestCases.B_Verify_TitleBarOptionsTC - Switched to frame 0.
23:45:10.975 [TestNG-test=RetryMultipleFailedTestcases-4] INFO  sprint1_TestCases.B_Verify_TitleBarOptionsTC - Starting verify_LastSaveTime_AfterResetFile
23:45:11.299 [TestNG-test=RetryMultipleFailedTestcases-2] INFO  sprint1_TestCases.B_Verify_TitleBarOptionsTC - Logged in and searched for a file, then clicked Edit.
23:45:11.550 [TestNG-test=RetryMultipleFailedTestcases-3] INFO  sprint1_TestCases.B_Verify_TitleBarOptionsTC - Logged in and searched for a file, then clicked Edit.
23:45:11.557 [TestNG-test=RetryMultipleFailedTestcases-2] INFO  sprint1_TestCases.B_Verify_TitleBarOptionsTC - Clicking on save button
23:45:11.872 [TestNG-test=RetryMultipleFailedTestcases-1] INFO  sprint1_TestCases.B_Verify_TitleBarOptionsTC - Double clicked on first para button
23:45:11.885 [TestNG-test=RetryMultipleFailedTestcases-3] INFO  sprint1_TestCases.B_Verify_TitleBarOptionsTC - moving to element check in  button
23:45:12.008 [TestNG-test=RetryMultipleFailedTestcases-1] INFO  sprint1_TestCases.B_Verify_TitleBarOptionsTC - Switched back to default content.
23:45:12.481 [TestNG-test=RetryMultipleFailedTestcases-1] INFO  sprint1_TestCases.B_Verify_TitleBarOptionsTC - Clicked on bold plugin
23:45:14.271 [TestNG-test=RetryMultipleFailedTestcases-1] INFO  sprint1_TestCases.B_Verify_TitleBarOptionsTC - Clicked on save button
23:45:14.317 [TestNG-test=RetryMultipleFailedTestcases-1] INFO  sprint1_TestCases.B_Verify_TitleBarOptionsTC - verified the class in actual saved time
23:45:14.757 [TestNG-test=RetryMultipleFailedTestcases-1] INFO  sprint1_TestCases.B_Verify_TitleBarOptionsTC - Minimized the window to certain dimensions
23:45:15.479 [TestNG-test=RetryMultipleFailedTestcases-1] INFO  sprint1_TestCases.B_Verify_TitleBarOptionsTC - verified Last Saved Time is displayed
23:45:15.479 [TestNG-test=RetryMultipleFailedTestcases-1] INFO  sprint1_TestCases.B_Verify_TitleBarOptionsTC - Finished verify_SaveTime_OnBrowserMinimize
23:45:19.943 [TestNG-test=RetryMultipleFailedTestcases-3] INFO  sprint1_TestCases.B_Verify_TitleBarOptionsTC - Starting verify_ResetFile
23:45:22.947 [TestNG-test=RetryMultipleFailedTestcases-1] INFO  sprint1_TestCases.B_Verify_TitleBarOptionsTC - Starting ChangeElementAddress_ValidateFile
23:45:39.340 [TestNG-test=RetryMultipleFailedTestcases-4] INFO  sprint1_TestCases.B_Verify_TitleBarOptionsTC - Logged in and searched for a file, then clicked Edit.
23:45:39.371 [TestNG-test=RetryMultipleFailedTestcases-4] INFO  sprint1_TestCases.B_Verify_TitleBarOptionsTC - Switched to frame 0.
23:45:40.118 [TestNG-test=RetryMultipleFailedTestcases-4] INFO  sprint1_TestCases.B_Verify_TitleBarOptionsTC - Double clicked on first para button
23:45:40.177 [TestNG-test=RetryMultipleFailedTestcases-4] INFO  sprint1_TestCases.B_Verify_TitleBarOptionsTC - Switched back to default content.
23:45:40.633 [TestNG-test=RetryMultipleFailedTestcases-4] INFO  sprint1_TestCases.B_Verify_TitleBarOptionsTC - Clicked on bold plugin
23:45:42.518 [TestNG-test=RetryMultipleFailedTestcases-4] INFO  sprint1_TestCases.B_Verify_TitleBarOptionsTC - Clicked on save button
23:45:45.638 [TestNG-test=RetryMultipleFailedTestcases-4] INFO  sprint1_TestCases.B_Verify_TitleBarOptionsTC - verified on Save Successful notification is displayed
23:45:45.741 [TestNG-test=RetryMultipleFailedTestcases-4] INFO  sprint1_TestCases.B_Verify_TitleBarOptionsTC - verified on Last Saved Time is displayed
23:45:45.932 [TestNG-test=RetryMultipleFailedTestcases-4] INFO  sprint1_TestCases.B_Verify_TitleBarOptionsTC - Clicked on reset button
23:45:45.973 [TestNG-test=RetryMultipleFailedTestcases-4] INFO  sprint1_TestCases.B_Verify_TitleBarOptionsTC - verified on alert text of reset button
23:45:46.150 [TestNG-test=RetryMultipleFailedTestcases-4] INFO  sprint1_TestCases.B_Verify_TitleBarOptionsTC - Clicked on reset confirm button
23:45:46.235 [TestNG-test=RetryMultipleFailedTestcases-4] INFO  sprint1_TestCases.B_Verify_TitleBarOptionsTC - verified on Last Saved Time is displayed
23:45:46.235 [TestNG-test=RetryMultipleFailedTestcases-4] INFO  sprint1_TestCases.B_Verify_TitleBarOptionsTC - Finished verify_LastSaveTime_AfterResetFile
23:45:52.843 [TestNG-test=RetryMultipleFailedTestcases-4] INFO  sprint1_TestCases.B_Verify_TitleBarOptionsTC - Starting verify_ValidateFile
23:45:59.703 [TestNG-test=RetryMultipleFailedTestcases-2] INFO  sprint1_TestCases.B_Verify_TitleBarOptionsTC - Starting verify_Save_Error_Message
23:46:00.838 [TestNG-test=RetryMultipleFailedTestcases-3] INFO  sprint1_TestCases.B_Verify_TitleBarOptionsTC - Logged in and searched for a file, then clicked Edit.
23:46:00.862 [TestNG-test=RetryMultipleFailedTestcases-3] INFO  sprint1_TestCases.B_Verify_TitleBarOptionsTC - Switched to frame 0.
23:46:00.909 [TestNG-test=RetryMultipleFailedTestcases-1] INFO  sprint1_TestCases.B_Verify_TitleBarOptionsTC - Logged in and searched for a file, then clicked Edit.
