23:06:20.482 [TestNG-test=RetryMultipleFailedTestcases-2] INFO  sprint4_TestCases.J_CommonTestcases - Starting verifyListitemRevisionSymbolsInTable
23:06:29.666 [TestNG-test=RetryMultipleFailedTestcases-3] INFO  sprint4_TestCases.J_CommonTestcases - Starting verifyingCaptionInNewTableRejectChangeUndo
23:06:36.492 [TestNG-test=RetryMultipleFailedTestcases-4] INFO  sprint4_TestCases.J_CommonTestcases - Logged in and searched for a file, then clicked Edit.
23:06:44.230 [TestNG-test=RetryMultipleFailedTestcases-4] INFO  sprint4_TestCases.J_CommonTestcases - Inserted Table in DS
23:06:44.713 [TestNG-test=RetryMultipleFailedTestcases-4] INFO  sprint4_TestCases.J_CommonTestcases - clicked on Accept change
23:06:45.345 [TestNG-test=RetryMultipleFailedTestcases-4] INFO  sprint4_TestCases.J_CommonTestcases - clicked on selected table DS
23:06:46.922 [TestNG-test=RetryMultipleFailedTestcases-4] INFO  sprint4_TestCases.J_CommonTestcases - clicked on delete key
23:06:48.701 [TestNG-test=RetryMultipleFailedTestcases-4] INFO  sprint4_TestCases.J_CommonTestcases - clicked on Accept change
23:06:49.285 [TestNG-test=RetryMultipleFailedTestcases-4] INFO  sprint4_TestCases.J_CommonTestcases - Switched to frame 0.
23:06:50.609 [TestNG-test=RetryMultipleFailedTestcases-1] INFO  sprint4_TestCases.J_CommonTestcases - Starting verifyCellBorderColorInsertAbove
23:06:57.133 [TestNG-test=RetryMultipleFailedTestcases-4] INFO  sprint4_TestCases.J_CommonTestcases - Starting verifyDeleteTableAcceptChange
23:07:00.160 [TestNG-test=RetryMultipleFailedTestcases-2] INFO  sprint4_TestCases.J_CommonTestcases - Logged in and searched for a file, then clicked Edit.
23:07:07.037 [TestNG-test=RetryMultipleFailedTestcases-2] INFO  sprint4_TestCases.J_CommonTestcases - Inserted Table in DS
23:07:07.095 [TestNG-test=RetryMultipleFailedTestcases-2] INFO  sprint4_TestCases.J_CommonTestcases - Switched to frame 0.
23:07:07.457 [TestNG-test=RetryMultipleFailedTestcases-2] INFO  sprint4_TestCases.J_CommonTestcases - clicked on Inserted Table First Cell
23:07:07.467 [TestNG-test=RetryMultipleFailedTestcases-2] INFO  sprint4_TestCases.J_CommonTestcases - Switched back to default content.
23:07:07.926 [TestNG-test=RetryMultipleFailedTestcases-2] INFO  sprint4_TestCases.J_CommonTestcases - clicked on Number list from VE
23:07:08.541 [TestNG-test=RetryMultipleFailedTestcases-2] INFO  sprint4_TestCases.J_CommonTestcases - clicked on Revision plugin
23:07:09.142 [TestNG-test=RetryMultipleFailedTestcases-2] INFO  sprint4_TestCases.J_CommonTestcases - clicked on code view
23:07:12.595 [TestNG-test=RetryMultipleFailedTestcases-3] INFO  sprint4_TestCases.J_CommonTestcases - Logged in and searched for a file, then clicked Edit.
23:07:20.555 [TestNG-test=RetryMultipleFailedTestcases-3] INFO  sprint4_TestCases.J_CommonTestcases - Inserted Table in DS
23:07:20.839 [TestNG-test=RetryMultipleFailedTestcases-3] INFO  sprint4_TestCases.J_CommonTestcases - Clicked on caption input
23:07:20.943 [TestNG-test=RetryMultipleFailedTestcases-3] INFO  sprint4_TestCases.J_CommonTestcases - Switched to frame 0.
23:07:21.038 [TestNG-test=RetryMultipleFailedTestcases-3] INFO  sprint4_TestCases.J_CommonTestcases - Verifying Caption is inserted
23:07:21.040 [TestNG-test=RetryMultipleFailedTestcases-3] INFO  sprint4_TestCases.J_CommonTestcases - Switched back to default content.
23:07:22.401 [TestNG-test=RetryMultipleFailedTestcases-3] INFO  sprint4_TestCases.J_CommonTestcases - clicked on Undo plugin
23:07:22.642 [TestNG-test=RetryMultipleFailedTestcases-3] INFO  sprint4_TestCases.J_CommonTestcases - Switched to frame 0.
23:07:43.576 [TestNG-test=RetryMultipleFailedTestcases-1] INFO  sprint4_TestCases.J_CommonTestcases - Logged in and searched for a file, then clicked Edit.
23:07:46.863 [TestNG-test=RetryMultipleFailedTestcases-4] INFO  sprint4_TestCases.J_CommonTestcases - Logged in and searched for a file, then clicked Edit.
23:07:49.288 [TestNG-test=RetryMultipleFailedTestcases-2] INFO  sprint4_TestCases.J_CommonTestcases - Content validation Error is present in the code view
23:07:49.288 [TestNG-test=RetryMultipleFailedTestcases-2] INFO  sprint4_TestCases.J_CommonTestcases - Finished verifyListitemRevisionSymbolsInTable
23:07:50.858 [TestNG-test=RetryMultipleFailedTestcases-1] INFO  sprint4_TestCases.J_CommonTestcases - Inserted Table in DS
23:07:50.937 [TestNG-test=RetryMultipleFailedTestcases-1] INFO  sprint4_TestCases.J_CommonTestcases - Switched to frame 0.
23:07:51.376 [TestNG-test=RetryMultipleFailedTestcases-1] INFO  sprint4_TestCases.J_CommonTestcases - clicked on Inserted Table First Cell
23:07:51.396 [TestNG-test=RetryMultipleFailedTestcases-1] INFO  sprint4_TestCases.J_CommonTestcases - Switched back to default content.
23:07:54.713 [TestNG-test=RetryMultipleFailedTestcases-1] INFO  sprint4_TestCases.J_CommonTestcases - clicked on background color save button
23:07:54.737 [TestNG-test=RetryMultipleFailedTestcases-1] INFO  sprint4_TestCases.J_CommonTestcases - Switched to frame 0.
23:07:55.217 [TestNG-test=RetryMultipleFailedTestcases-1] INFO  sprint4_TestCases.J_CommonTestcases - clicked on Inserted Table First Cell
23:07:55.324 [TestNG-test=RetryMultipleFailedTestcases-1] INFO  sprint4_TestCases.J_CommonTestcases - Switched back to default content.
23:07:55.885 [TestNG-test=RetryMultipleFailedTestcases-1] INFO  sprint4_TestCases.J_CommonTestcases - clicked on Insert above
23:07:56.274 [TestNG-test=RetryMultipleFailedTestcases-1] INFO  sprint4_TestCases.J_CommonTestcases - Switched to frame 0.
23:07:56.748 [TestNG-test=RetryMultipleFailedTestcases-1] INFO  sprint4_TestCases.J_CommonTestcases - clicked on Inserted cell above
23:07:56.799 [TestNG-test=RetryMultipleFailedTestcases-1] INFO  sprint4_TestCases.J_CommonTestcases - Verifying on background color is inserted
23:07:56.799 [TestNG-test=RetryMultipleFailedTestcases-1] INFO  sprint4_TestCases.J_CommonTestcases - Finished verifyCellBorderColorInsertAbove
23:07:59.112 [TestNG-test=RetryMultipleFailedTestcases-2] INFO  sprint4_TestCases.J_CommonTestcases - Starting verifyStyleAttributeList
23:07:59.252 [TestNG-test=RetryMultipleFailedTestcases-4] INFO  sprint4_TestCases.J_CommonTestcases - Inserted Table in DS
23:07:59.860 [TestNG-test=RetryMultipleFailedTestcases-4] INFO  sprint4_TestCases.J_CommonTestcases - clicked on Accept change
23:08:01.014 [TestNG-test=RetryMultipleFailedTestcases-4] INFO  sprint4_TestCases.J_CommonTestcases - clicked on selected table DS
23:08:02.762 [TestNG-test=RetryMultipleFailedTestcases-3] INFO  sprint4_TestCases.J_CommonTestcases - Verifying Caption is present in the visual editor after clicking on undo
23:08:02.762 [TestNG-test=RetryMultipleFailedTestcases-3] INFO  sprint4_TestCases.J_CommonTestcases - Starting verifyingCaptionInNewTableRejectChangeUndo
23:08:02.809 [TestNG-test=RetryMultipleFailedTestcases-1] INFO  sprint4_TestCases.J_CommonTestcases - Starting verifyDeleteTableRightClickOptionsUndo
23:08:03.063 [TestNG-test=RetryMultipleFailedTestcases-4] INFO  sprint4_TestCases.J_CommonTestcases - clicked on delete key
23:08:04.614 [TestNG-test=RetryMultipleFailedTestcases-4] INFO  sprint4_TestCases.J_CommonTestcases - clicked on Accept change
23:08:05.397 [TestNG-test=RetryMultipleFailedTestcases-4] INFO  sprint4_TestCases.J_CommonTestcases - Switched to frame 0.
23:08:11.483 [TestNG-test=RetryMultipleFailedTestcases-3] INFO  sprint4_TestCases.J_CommonTestcases - Starting insertCaptionMoreThan256AndVerifyInAttribute_ExistingTable
23:08:14.361 [TestNG-test=RetryMultipleFailedTestcases-4] INFO  sprint4_TestCases.J_CommonTestcases - Starting verifyDeleteTableAcceptChange
23:08:41.147 [TestNG-test=RetryMultipleFailedTestcases-2] INFO  sprint4_TestCases.J_CommonTestcases - Logged in and searched for a file, then clicked Edit.
23:08:49.036 [TestNG-test=RetryMultipleFailedTestcases-2] INFO  sprint4_TestCases.J_CommonTestcases - Inserted Table in DS
23:08:49.750 [TestNG-test=RetryMultipleFailedTestcases-2] INFO  sprint4_TestCases.J_CommonTestcases - clicked on bold plugin
23:08:50.421 [TestNG-test=RetryMultipleFailedTestcases-2] INFO  sprint4_TestCases.J_CommonTestcases - clicked on enter key
23:08:51.099 [TestNG-test=RetryMultipleFailedTestcases-2] INFO  sprint4_TestCases.J_CommonTestcases - clicked on Number list from VE
23:08:51.346 [TestNG-test=RetryMultipleFailedTestcases-2] INFO  sprint4_TestCases.J_CommonTestcases - Switched to frame 0.
23:08:51.393 [TestNG-test=RetryMultipleFailedTestcases-2] INFO  sprint4_TestCases.J_CommonTestcases - verifying List item is added for a bold content in the table
23:08:51.393 [TestNG-test=RetryMultipleFailedTestcases-2] INFO  sprint4_TestCases.J_CommonTestcases - Finished verifyStyleAttributeList
23:09:03.275 [TestNG-test=RetryMultipleFailedTestcases-2] INFO  sprint4_TestCases.J_CommonTestcases - Starting verifySelectAllTableDeleteUndo
23:09:12.088 [TestNG-test=RetryMultipleFailedTestcases-1] INFO  sprint4_TestCases.J_CommonTestcases - Logged in and searched for a file, then clicked Edit.
23:09:12.110 [TestNG-test=RetryMultipleFailedTestcases-1] INFO  sprint4_TestCases.J_CommonTestcases - Switched to frame 0.
23:09:14.204 [TestNG-test=RetryMultipleFailedTestcases-4] INFO  sprint4_TestCases.J_CommonTestcases - Logged in and searched for a file, then clicked Edit.
23:09:14.346 [TestNG-test=RetryMultipleFailedTestcases-1] INFO  sprint4_TestCases.J_CommonTestcases - Switched back to default content.
23:09:14.388 [TestNG-test=RetryMultipleFailedTestcases-1] INFO  sprint4_TestCases.J_CommonTestcases - Switched to frame 1.
23:09:16.588 [TestNG-test=RetryMultipleFailedTestcases-1] INFO  sprint4_TestCases.J_CommonTestcases - Switched back to default content.
23:09:18.334 [TestNG-test=RetryMultipleFailedTestcases-1] INFO  sprint4_TestCases.J_CommonTestcases - clicked on Undo plugin
23:09:21.367 [TestNG-test=RetryMultipleFailedTestcases-4] INFO  sprint4_TestCases.J_CommonTestcases - Inserted Table in DS
23:09:21.770 [TestNG-test=RetryMultipleFailedTestcases-4] INFO  sprint4_TestCases.J_CommonTestcases - clicked on Accept change
23:09:22.286 [TestNG-test=RetryMultipleFailedTestcases-4] INFO  sprint4_TestCases.J_CommonTestcases - clicked on selected table DS
23:09:23.407 [TestNG-test=RetryMultipleFailedTestcases-4] INFO  sprint4_TestCases.J_CommonTestcases - clicked on delete key
23:09:24.345 [TestNG-test=RetryMultipleFailedTestcases-4] INFO  sprint4_TestCases.J_CommonTestcases - clicked on Accept change
23:09:24.853 [TestNG-test=RetryMultipleFailedTestcases-4] INFO  sprint4_TestCases.J_CommonTestcases - Switched to frame 0.
23:09:28.641 [TestNG-test=RetryMultipleFailedTestcases-1] INFO  sprint4_TestCases.J_CommonTestcases - verifying table is selected in DS
23:09:28.641 [TestNG-test=RetryMultipleFailedTestcases-1] INFO  sprint4_TestCases.J_CommonTestcases - Finished verifyDeleteTableRightClickOptionsUndo
23:09:31.578 [TestNG-test=RetryMultipleFailedTestcases-3] INFO  sprint4_TestCases.J_CommonTestcases - Logged in and searched for a file, then clicked Edit.
23:09:31.600 [TestNG-test=RetryMultipleFailedTestcases-3] INFO  sprint4_TestCases.J_CommonTestcases - Switched to frame 0.
23:09:32.581 [TestNG-test=RetryMultipleFailedTestcases-3] INFO  sprint4_TestCases.J_CommonTestcases - clicked on Existing Table First Cell
23:09:32.885 [TestNG-test=RetryMultipleFailedTestcases-3] INFO  sprint4_TestCases.J_CommonTestcases - Switched back to default content.
23:09:33.654 [TestNG-test=RetryMultipleFailedTestcases-3] INFO  sprint4_TestCases.J_CommonTestcases - clicked on table properties tab
23:09:34.087 [TestNG-test=RetryMultipleFailedTestcases-3] INFO  sprint4_TestCases.J_CommonTestcases - clicked on caption input
23:09:35.035 [TestNG-test=RetryMultipleFailedTestcases-1] INFO  sprint4_TestCases.J_CommonTestcases - Starting verifyInsertRowBelowAddList
23:09:41.069 [TestNG-test=RetryMultipleFailedTestcases-3] INFO  sprint4_TestCases.J_CommonTestcases - verifying alert message is seen
23:09:41.069 [TestNG-test=RetryMultipleFailedTestcases-3] INFO  sprint4_TestCases.J_CommonTestcases - Finished insertCaptionMoreThan256AndVerifyInAttribute_ExistingTable
23:09:41.863 [TestNG-test=RetryMultipleFailedTestcases-4] INFO  sprint4_TestCases.J_CommonTestcases - Starting verifylistinsideTable
23:09:47.867 [TestNG-test=RetryMultipleFailedTestcases-3] INFO  sprint4_TestCases.J_CommonTestcases - Starting verifyExisitingListEnableDisable
23:09:49.418 [TestNG-test=RetryMultipleFailedTestcases-2] INFO  sprint4_TestCases.J_CommonTestcases - Logged in and searched for a file, then clicked Edit.
23:09:57.017 [TestNG-test=RetryMultipleFailedTestcases-2] INFO  sprint4_TestCases.J_CommonTestcases - Inserted Table in DS
23:09:57.528 [TestNG-test=RetryMultipleFailedTestcases-2] INFO  sprint4_TestCases.J_CommonTestcases - clicked on Accept change
23:09:57.614 [TestNG-test=RetryMultipleFailedTestcases-2] INFO  sprint4_TestCases.J_CommonTestcases - Switched to frame 0.
23:09:57.676 [TestNG-test=RetryMultipleFailedTestcases-2] INFO  sprint4_TestCases.J_CommonTestcases - Switched back to default content.
23:09:58.712 [TestNG-test=RetryMultipleFailedTestcases-2] INFO  sprint4_TestCases.J_CommonTestcases - Verifying insert above is disabled
23:09:58.897 [TestNG-test=RetryMultipleFailedTestcases-2] INFO  sprint4_TestCases.J_CommonTestcases - Verifying insert below is disabled
23:09:58.998 [TestNG-test=RetryMultipleFailedTestcases-2] INFO  sprint4_TestCases.J_CommonTestcases - Verifying insert left is disabled
23:09:59.074 [TestNG-test=RetryMultipleFailedTestcases-2] INFO  sprint4_TestCases.J_CommonTestcases - Verifying insert right is disabled
23:09:59.134 [TestNG-test=RetryMultipleFailedTestcases-2] INFO  sprint4_TestCases.J_CommonTestcases - Verifying insert merge below is disabled
23:09:59.197 [TestNG-test=RetryMultipleFailedTestcases-2] INFO  sprint4_TestCases.J_CommonTestcases - Verifying split horizontal is disabled
23:09:59.264 [TestNG-test=RetryMultipleFailedTestcases-2] INFO  sprint4_TestCases.J_CommonTestcases - Verifying split vertical is disabled
23:09:59.335 [TestNG-test=RetryMultipleFailedTestcases-2] INFO  sprint4_TestCases.J_CommonTestcases - Verifying delete cell is disabled
23:09:59.403 [TestNG-test=RetryMultipleFailedTestcases-2] INFO  sprint4_TestCases.J_CommonTestcases - Verifying delete row is disabled
23:10:02.375 [TestNG-test=RetryMultipleFailedTestcases-2] INFO  sprint4_TestCases.J_CommonTestcases - clicked on Undo plugin
23:10:02.581 [TestNG-test=RetryMultipleFailedTestcases-2] INFO  sprint4_TestCases.J_CommonTestcases - Finished verifySelectAllTableDeleteUndo
23:10:20.396 [TestNG-test=RetryMultipleFailedTestcases-2] INFO  sprint4_TestCases.J_CommonTestcases - Starting verifyShowHideTablePropertiesNotVisible
23:10:38.155 [TestNG-test=RetryMultipleFailedTestcases-1] INFO  sprint4_TestCases.J_CommonTestcases - Logged in and searched for a file, then clicked Edit.
23:10:45.746 [TestNG-test=RetryMultipleFailedTestcases-1] INFO  sprint4_TestCases.J_CommonTestcases - Inserted Table in DS
23:10:46.183 [TestNG-test=RetryMultipleFailedTestcases-1] INFO  sprint4_TestCases.J_CommonTestcases - clicked on Accept change
23:10:46.310 [TestNG-test=RetryMultipleFailedTestcases-1] INFO  sprint4_TestCases.J_CommonTestcases - verifying number list is enabled
23:10:46.352 [TestNG-test=RetryMultipleFailedTestcases-1] INFO  sprint4_TestCases.J_CommonTestcases - verifying bullet list is enabled
23:10:46.375 [TestNG-test=RetryMultipleFailedTestcases-1] INFO  sprint4_TestCases.J_CommonTestcases - Switched to frame 0.
23:10:46.914 [TestNG-test=RetryMultipleFailedTestcases-1] INFO  sprint4_TestCases.J_CommonTestcases - clicked on Inserted Table First Cell
23:10:46.931 [TestNG-test=RetryMultipleFailedTestcases-1] INFO  sprint4_TestCases.J_CommonTestcases - Switched back to default content.
23:10:47.458 [TestNG-test=RetryMultipleFailedTestcases-1] INFO  sprint4_TestCases.J_CommonTestcases - clicked on Number list from VE
23:10:47.684 [TestNG-test=RetryMultipleFailedTestcases-1] INFO  sprint4_TestCases.J_CommonTestcases - verifying number list is enabled
23:10:47.708 [TestNG-test=RetryMultipleFailedTestcases-1] INFO  sprint4_TestCases.J_CommonTestcases - verifying bullet list is enabled
23:10:47.728 [TestNG-test=RetryMultipleFailedTestcases-1] INFO  sprint4_TestCases.J_CommonTestcases - Switched to frame 0.
23:10:47.790 [TestNG-test=RetryMultipleFailedTestcases-1] INFO  sprint4_TestCases.J_CommonTestcases - Finished verifyInsertRowBelowAddList
23:10:54.164 [TestNG-test=RetryMultipleFailedTestcases-3] INFO  sprint4_TestCases.J_CommonTestcases - Logged in and searched for a file, then clicked Edit.
23:10:54.377 [TestNG-test=RetryMultipleFailedTestcases-3] INFO  sprint4_TestCases.J_CommonTestcases - Switched to frame 0.
23:10:55.422 [TestNG-test=RetryMultipleFailedTestcases-3] INFO  sprint4_TestCases.J_CommonTestcases - clicked on existing on tabel second cell
23:10:55.544 [TestNG-test=RetryMultipleFailedTestcases-3] INFO  sprint4_TestCases.J_CommonTestcases - Switched back to default content.
23:10:56.204 [TestNG-test=RetryMultipleFailedTestcases-3] INFO  sprint4_TestCases.J_CommonTestcases - clicked on Number list from VE
23:10:56.957 [TestNG-test=RetryMultipleFailedTestcases-3] INFO  sprint4_TestCases.J_CommonTestcases - clicked on Number list from VE
23:10:56.981 [TestNG-test=RetryMultipleFailedTestcases-1] INFO  sprint4_TestCases.J_CommonTestcases - Starting verifyDeleteColumn
23:10:57.157 [TestNG-test=RetryMultipleFailedTestcases-3] INFO  sprint4_TestCases.J_CommonTestcases - Switched to frame 0.
23:10:57.190 [TestNG-test=RetryMultipleFailedTestcases-3] INFO  sprint4_TestCases.J_CommonTestcases - Verifying Table is selected in the Content Block
23:10:57.190 [TestNG-test=RetryMultipleFailedTestcases-3] INFO  sprint4_TestCases.J_CommonTestcases - Finished verifyExisitingListEnableDisable
23:11:00.412 [TestNG-test=RetryMultipleFailedTestcases-4] INFO  sprint4_TestCases.J_CommonTestcases - Logged in and searched for a file, then clicked Edit.
23:11:00.474 [TestNG-test=RetryMultipleFailedTestcases-4] INFO  sprint4_TestCases.J_CommonTestcases - Switched to frame 0.
23:11:01.566 [TestNG-test=RetryMultipleFailedTestcases-4] INFO  sprint4_TestCases.J_CommonTestcases - clicked on First para from VE
23:11:01.608 [TestNG-test=RetryMultipleFailedTestcases-4] INFO  sprint4_TestCases.J_CommonTestcases - Switched back to default content.
23:11:02.474 [TestNG-test=RetryMultipleFailedTestcases-4] INFO  sprint4_TestCases.J_CommonTestcases - clicked on Number list from VE
23:11:08.714 [TestNG-test=RetryMultipleFailedTestcases-3] INFO  sprint4_TestCases.J_CommonTestcases - Starting verifyTableHeadersBoxUpdated
23:11:15.319 [TestNG-test=RetryMultipleFailedTestcases-4] INFO  sprint4_TestCases.J_CommonTestcases - Starting verifylistinsideTable
23:11:37.296 [TestNG-test=RetryMultipleFailedTestcases-2] INFO  sprint4_TestCases.J_CommonTestcases - Logged in and searched for a file, then clicked Edit.
23:11:45.074 [TestNG-test=RetryMultipleFailedTestcases-2] INFO  sprint4_TestCases.J_CommonTestcases - Inserted Table in DS
23:11:54.146 [TestNG-test=RetryMultipleFailedTestcases-2] INFO  sprint4_TestCases.J_CommonTestcases - Finished verifyShowHideTablePropertiesNotVisible
23:12:00.896 [TestNG-test=RetryMultipleFailedTestcases-2] INFO  sprint4_TestCases.J_CommonTestcases - Starting verifyTablePropertiesCaptionEditable
23:12:03.018 [TestNG-test=RetryMultipleFailedTestcases-1] INFO  sprint4_TestCases.J_CommonTestcases - Logged in and searched for a file, then clicked Edit.
23:12:06.645 [TestNG-test=RetryMultipleFailedTestcases-3] INFO  sprint4_TestCases.J_CommonTestcases - Logged in and searched for a file, then clicked Edit.
23:12:10.743 [TestNG-test=RetryMultipleFailedTestcases-1] INFO  sprint4_TestCases.J_CommonTestcases - Inserted a new table.
23:12:10.846 [TestNG-test=RetryMultipleFailedTestcases-1] INFO  sprint4_TestCases.J_CommonTestcases - Switched to frame 0.
23:12:11.413 [TestNG-test=RetryMultipleFailedTestcases-1] INFO  sprint4_TestCases.J_CommonTestcases - Clicked new table first cell.
23:12:11.431 [TestNG-test=RetryMultipleFailedTestcases-1] INFO  sprint4_TestCases.J_CommonTestcases - Switched back to default content.
23:12:12.168 [TestNG-test=RetryMultipleFailedTestcases-1] INFO  sprint4_TestCases.J_CommonTestcases - Clicked delete Column from table properties
23:12:12.351 [TestNG-test=RetryMultipleFailedTestcases-1] INFO  sprint4_TestCases.J_CommonTestcases - Switched to frame 0.
23:12:12.448 [TestNG-test=RetryMultipleFailedTestcases-1] INFO  sprint4_TestCases.J_CommonTestcases - Column is deleted
23:12:12.451 [TestNG-test=RetryMultipleFailedTestcases-1] INFO  sprint4_TestCases.J_CommonTestcases - Switched back to default content.
23:12:13.340 [TestNG-test=RetryMultipleFailedTestcases-1] INFO  sprint4_TestCases.J_CommonTestcases - clicked on Undo plugin
23:12:13.535 [TestNG-test=RetryMultipleFailedTestcases-1] INFO  sprint4_TestCases.J_CommonTestcases - Switched to frame 0.
23:12:13.612 [TestNG-test=RetryMultipleFailedTestcases-1] INFO  sprint4_TestCases.J_CommonTestcases - Column is deleted
23:12:13.612 [TestNG-test=RetryMultipleFailedTestcases-1] INFO  sprint4_TestCases.J_CommonTestcases - Finished verifyDeleteColumn
23:12:19.955 [TestNG-test=RetryMultipleFailedTestcases-3] INFO  sprint4_TestCases.J_CommonTestcases - Inserted Table in DS
23:12:20.026 [TestNG-test=RetryMultipleFailedTestcases-4] INFO  sprint4_TestCases.J_CommonTestcases - Logged in and searched for a file, then clicked Edit.
23:12:20.052 [TestNG-test=RetryMultipleFailedTestcases-4] INFO  sprint4_TestCases.J_CommonTestcases - Switched to frame 0.
23:12:20.824 [TestNG-test=RetryMultipleFailedTestcases-4] INFO  sprint4_TestCases.J_CommonTestcases - clicked on First para from VE
23:12:20.864 [TestNG-test=RetryMultipleFailedTestcases-4] INFO  sprint4_TestCases.J_CommonTestcases - Switched back to default content.
23:12:20.984 [TestNG-test=RetryMultipleFailedTestcases-3] INFO  sprint4_TestCases.J_CommonTestcases - Finished verifyTableHeadersBoxUpdated
23:12:21.152 [TestNG-test=RetryMultipleFailedTestcases-1] INFO  sprint4_TestCases.J_CommonTestcases - Starting verifyInsertFootnoteInsertTable
23:12:21.999 [TestNG-test=RetryMultipleFailedTestcases-4] INFO  sprint4_TestCases.J_CommonTestcases - clicked on Number list from VE
23:12:30.143 [TestNG-test=RetryMultipleFailedTestcases-3] INFO  sprint4_TestCases.J_CommonTestcases - Starting verify_DeleteTable_TableProperties
23:12:31.159 [TestNG-test=RetryMultipleFailedTestcases-4] INFO  sprint4_TestCases.J_CommonTestcases - Starting verifylistinsideTable
23:12:32.545 [TestNG-test=RetryMultipleFailedTestcases-2] INFO  sprint4_TestCases.J_CommonTestcases - Logged in and searched for a file, then clicked Edit.
23:12:32.563 [TestNG-test=RetryMultipleFailedTestcases-2] INFO  sprint4_TestCases.J_CommonTestcases - Switched to frame 0.
23:13:14.054 [TestNG-test=RetryMultipleFailedTestcases-2] INFO  sprint4_TestCases.J_CommonTestcases - Switched back to default content.
23:13:14.129 [TestNG-test=RetryMultipleFailedTestcases-2] INFO  sprint4_TestCases.J_CommonTestcases - Switched to frame 1.
23:13:15.507 [TestNG-test=RetryMultipleFailedTestcases-2] INFO  sprint4_TestCases.J_CommonTestcases - Switched back to default content.
23:13:16.137 [TestNG-test=RetryMultipleFailedTestcases-2] INFO  sprint4_TestCases.J_CommonTestcases - Verifying Right Click Table Properties popup is not present 
23:13:16.500 [TestNG-test=RetryMultipleFailedTestcases-2] INFO  sprint4_TestCases.J_CommonTestcases - Clicked on table properties caption input
23:13:16.759 [TestNG-test=RetryMultipleFailedTestcases-2] INFO  sprint4_TestCases.J_CommonTestcases - Enter hello value
23:13:17.590 [TestNG-test=RetryMultipleFailedTestcases-2] INFO  sprint4_TestCases.J_CommonTestcases - Clicked on table properties ok button
23:13:18.545 [TestNG-test=RetryMultipleFailedTestcases-2] INFO  sprint4_TestCases.J_CommonTestcases - Verifying Caption from table properties is editable
23:13:18.545 [TestNG-test=RetryMultipleFailedTestcases-2] INFO  sprint4_TestCases.J_CommonTestcases - Finished verifyTablePropertiesCaptionEditable
23:13:18.804 [TestNG-test=RetryMultipleFailedTestcases-1] INFO  sprint4_TestCases.J_CommonTestcases - Logged in and searched for a file, then clicked Edit.
23:13:19.393 [TestNG-test=RetryMultipleFailedTestcases-1] INFO  sprint4_TestCases.J_CommonTestcases - clicked on section heading from DS
23:13:19.825 [TestNG-test=RetryMultipleFailedTestcases-1] INFO  sprint4_TestCases.J_CommonTestcases - clicked on footnote plugin
23:13:23.726 [TestNG-test=RetryMultipleFailedTestcases-1] INFO  sprint4_TestCases.J_CommonTestcases - clicked on new footnote box
23:13:23.823 [TestNG-test=RetryMultipleFailedTestcases-1] INFO  sprint4_TestCases.J_CommonTestcases - Enter some values in footnote
23:13:25.132 [TestNG-test=RetryMultipleFailedTestcases-1] INFO  sprint4_TestCases.J_CommonTestcases - clicked on footnote ok button
23:13:27.421 [TestNG-test=RetryMultipleFailedTestcases-1] INFO  sprint4_TestCases.J_CommonTestcases - clicked on Accept change
23:13:27.584 [TestNG-test=RetryMultipleFailedTestcases-2] INFO  sprint4_TestCases.J_CommonTestcases - Starting verifyInsertListPluginExistingTable
23:13:29.006 [TestNG-test=RetryMultipleFailedTestcases-3] INFO  sprint4_TestCases.J_CommonTestcases - Logged in and searched for a file, then clicked Edit.
23:13:30.983 [TestNG-test=RetryMultipleFailedTestcases-4] INFO  sprint4_TestCases.J_CommonTestcases - Logged in and searched for a file, then clicked Edit.
23:13:31.019 [TestNG-test=RetryMultipleFailedTestcases-4] INFO  sprint4_TestCases.J_CommonTestcases - Switched to frame 0.
23:13:31.667 [TestNG-test=RetryMultipleFailedTestcases-4] INFO  sprint4_TestCases.J_CommonTestcases - clicked on First para from VE
23:13:31.709 [TestNG-test=RetryMultipleFailedTestcases-4] INFO  sprint4_TestCases.J_CommonTestcases - Switched back to default content.
23:13:31.897 [TestNG-test=RetryMultipleFailedTestcases-4] INFO  sprint4_TestCases.J_CommonTestcases - clicked on Number list from VE
23:13:32.073 [TestNG-test=RetryMultipleFailedTestcases-4] INFO  sprint4_TestCases.J_CommonTestcases - Clicked on Change Element
23:13:32.117 [TestNG-test=RetryMultipleFailedTestcases-4] INFO  sprint4_TestCases.J_CommonTestcases - Finished verifylistinsideTable
23:13:38.426 [TestNG-test=RetryMultipleFailedTestcases-4] INFO  sprint4_TestCases.J_CommonTestcases - Starting verify_Cell_BackgroundColor_InsertAbove
23:13:45.991 [TestNG-test=RetryMultipleFailedTestcases-1] INFO  sprint4_TestCases.J_CommonTestcases - Starting verifyInsertFootnoteInsertTable
23:13:47.608 [TestNG-test=RetryMultipleFailedTestcases-3] INFO  sprint4_TestCases.J_CommonTestcases - Inserted Table in DS
23:13:48.082 [TestNG-test=RetryMultipleFailedTestcases-3] INFO  sprint4_TestCases.J_CommonTestcases - clicked on Accept change
23:13:49.085 [TestNG-test=RetryMultipleFailedTestcases-3] INFO  sprint4_TestCases.J_CommonTestcases - Switched to frame 0.
23:13:49.638 [TestNG-test=RetryMultipleFailedTestcases-3] INFO  sprint4_TestCases.J_CommonTestcases - clicked on Inserted Table First Cell
23:13:49.654 [TestNG-test=RetryMultipleFailedTestcases-3] INFO  sprint4_TestCases.J_CommonTestcases - Switched back to default content.
23:13:50.004 [TestNG-test=RetryMultipleFailedTestcases-3] INFO  sprint4_TestCases.J_CommonTestcases - clicked on Accept change
23:13:50.367 [TestNG-test=RetryMultipleFailedTestcases-3] INFO  sprint4_TestCases.J_CommonTestcases - Finished verify_DeleteTable_TableProperties
23:14:04.421 [TestNG-test=RetryMultipleFailedTestcases-3] INFO  sprint4_TestCases.J_CommonTestcases - Starting verifyMediaObjectListitem
23:14:12.569 [TestNG-test=RetryMultipleFailedTestcases-2] INFO  sprint4_TestCases.J_CommonTestcases - Logged in and searched for a file, then clicked Edit.
23:14:12.601 [TestNG-test=RetryMultipleFailedTestcases-2] INFO  sprint4_TestCases.J_CommonTestcases - Switched to frame 0.
23:14:13.405 [TestNG-test=RetryMultipleFailedTestcases-2] INFO  sprint4_TestCases.J_CommonTestcases - Clicked on completed table
23:14:13.436 [TestNG-test=RetryMultipleFailedTestcases-2] INFO  sprint4_TestCases.J_CommonTestcases - Switched back to default content.
23:14:14.016 [TestNG-test=RetryMultipleFailedTestcases-2] INFO  sprint4_TestCases.J_CommonTestcases - clicked on Number list from VE
23:14:24.199 [TestNG-test=RetryMultipleFailedTestcases-4] INFO  sprint4_TestCases.J_CommonTestcases - Logged in and searched for a file, then clicked Edit.
23:14:29.197 [TestNG-test=RetryMultipleFailedTestcases-1] INFO  sprint4_TestCases.J_CommonTestcases - Logged in and searched for a file, then clicked Edit.
23:14:29.599 [TestNG-test=RetryMultipleFailedTestcases-1] INFO  sprint4_TestCases.J_CommonTestcases - clicked on section heading from DS
23:14:29.931 [TestNG-test=RetryMultipleFailedTestcases-1] INFO  sprint4_TestCases.J_CommonTestcases - clicked on footnote plugin
23:14:31.493 [TestNG-test=RetryMultipleFailedTestcases-4] INFO  sprint4_TestCases.J_CommonTestcases - Inserted Table in DS
23:14:32.153 [TestNG-test=RetryMultipleFailedTestcases-4] INFO  sprint4_TestCases.J_CommonTestcases - clicked on Accept change
23:14:32.505 [TestNG-test=RetryMultipleFailedTestcases-4] INFO  sprint4_TestCases.J_CommonTestcases - clicked on cell padding
23:14:32.616 [TestNG-test=RetryMultipleFailedTestcases-4] INFO  sprint4_TestCases.J_CommonTestcases - clicked on background color
23:14:33.042 [TestNG-test=RetryMultipleFailedTestcases-4] INFO  sprint4_TestCases.J_CommonTestcases - clicked on background color search field
23:14:33.246 [TestNG-test=RetryMultipleFailedTestcases-4] INFO  sprint4_TestCases.J_CommonTestcases - Sending on background color
23:14:33.410 [TestNG-test=RetryMultipleFailedTestcases-4] INFO  sprint4_TestCases.J_CommonTestcases - clicked on background color save btn
23:14:33.432 [TestNG-test=RetryMultipleFailedTestcases-4] INFO  sprint4_TestCases.J_CommonTestcases - Switched to frame 0.
23:14:34.224 [TestNG-test=RetryMultipleFailedTestcases-4] INFO  sprint4_TestCases.J_CommonTestcases - clicked on Inserted Table First Cell
23:14:34.306 [TestNG-test=RetryMultipleFailedTestcases-4] INFO  sprint4_TestCases.J_CommonTestcases - Switched back to default content.
23:14:35.051 [TestNG-test=RetryMultipleFailedTestcases-4] INFO  sprint4_TestCases.J_CommonTestcases - clicked on insert above
23:14:35.411 [TestNG-test=RetryMultipleFailedTestcases-4] INFO  sprint4_TestCases.J_CommonTestcases - Switched to frame 0.
23:14:35.630 [TestNG-test=RetryMultipleFailedTestcases-1] INFO  sprint4_TestCases.J_CommonTestcases - clicked on new footnote box
23:14:35.720 [TestNG-test=RetryMultipleFailedTestcases-1] INFO  sprint4_TestCases.J_CommonTestcases - Enter some values in footnote
23:14:36.148 [TestNG-test=RetryMultipleFailedTestcases-4] INFO  sprint4_TestCases.J_CommonTestcases - clicked on inserted cell above
23:14:36.234 [TestNG-test=RetryMultipleFailedTestcases-4] INFO  sprint4_TestCases.J_CommonTestcases - Background color is inserted
23:14:36.234 [TestNG-test=RetryMultipleFailedTestcases-4] INFO  sprint4_TestCases.J_CommonTestcases - Finished verify_Cell_BackgroundColor_InsertAbove
23:14:36.797 [TestNG-test=RetryMultipleFailedTestcases-1] INFO  sprint4_TestCases.J_CommonTestcases - clicked on footnote ok button
23:14:38.330 [TestNG-test=RetryMultipleFailedTestcases-1] INFO  sprint4_TestCases.J_CommonTestcases - clicked on Accept change
23:14:45.340 [TestNG-test=RetryMultipleFailedTestcases-4] INFO  sprint4_TestCases.J_CommonTestcases - Starting CaptionInExisitingTable
23:14:51.477 [TestNG-test=RetryMultipleFailedTestcases-3] INFO  sprint4_TestCases.J_CommonTestcases - Logged in and searched for a file, then clicked Edit.
23:14:54.169 [TestNG-test=RetryMultipleFailedTestcases-2] INFO  sprint4_TestCases.J_CommonTestcases - Verifying Style Attribute removed Info popup is present
23:14:54.169 [TestNG-test=RetryMultipleFailedTestcases-2] INFO  sprint4_TestCases.J_CommonTestcases - Finished verifyInsertListPluginExistingTable
23:14:57.242 [TestNG-test=RetryMultipleFailedTestcases-1] INFO  sprint4_TestCases.J_CommonTestcases - Starting verifyInsertFootnoteInsertTable
23:14:59.841 [TestNG-test=RetryMultipleFailedTestcases-3] INFO  sprint4_TestCases.J_CommonTestcases - Inserted Table in DS
23:14:59.911 [TestNG-test=RetryMultipleFailedTestcases-3] INFO  sprint4_TestCases.J_CommonTestcases - Switched to frame 0.
23:15:00.361 [TestNG-test=RetryMultipleFailedTestcases-2] INFO  sprint4_TestCases.J_CommonTestcases - Starting insertCaptionMoreThan256AndVerifyInEditorExistingTable
23:15:00.536 [TestNG-test=RetryMultipleFailedTestcases-3] INFO  sprint4_TestCases.J_CommonTestcases - clicked on Inserted Table First Cell
23:15:00.555 [TestNG-test=RetryMultipleFailedTestcases-3] INFO  sprint4_TestCases.J_CommonTestcases - Switched back to default content.
23:15:00.576 [TestNG-test=RetryMultipleFailedTestcases-3] INFO  sprint4_TestCases.J_CommonTestcases - Switched to frame 1.
23:15:18.758 [TestNG-test=RetryMultipleFailedTestcases-4] INFO  sprint4_TestCases.J_CommonTestcases - Logged in and searched for a file, then clicked Edit.
23:15:18.785 [TestNG-test=RetryMultipleFailedTestcases-4] INFO  sprint4_TestCases.J_CommonTestcases - Switched to frame 0.
23:15:19.528 [TestNG-test=RetryMultipleFailedTestcases-4] INFO  sprint4_TestCases.J_CommonTestcases - clicked on Existing Table First Cell
23:15:19.598 [TestNG-test=RetryMultipleFailedTestcases-4] INFO  sprint4_TestCases.J_CommonTestcases - Switched back to default content.
23:15:19.828 [TestNG-test=RetryMultipleFailedTestcases-4] INFO  sprint4_TestCases.J_CommonTestcases - clicking on table properties tab
23:15:20.035 [TestNG-test=RetryMultipleFailedTestcases-4] INFO  sprint4_TestCases.J_CommonTestcases - clicked on caption input
23:15:20.074 [TestNG-test=RetryMultipleFailedTestcases-4] INFO  sprint4_TestCases.J_CommonTestcases - verifying Track Changes is disabled for caption
23:15:20.074 [TestNG-test=RetryMultipleFailedTestcases-4] INFO  sprint4_TestCases.J_CommonTestcases - Finished CaptionInExisitingTable
23:15:30.246 [TestNG-test=RetryMultipleFailedTestcases-4] INFO  sprint4_TestCases.J_CommonTestcases - Starting insertTableCB_ListUnlist_CheckWidth
23:15:32.169 [TestNG-test=RetryMultipleFailedTestcases-3] INFO  sprint4_TestCases.J_CommonTestcases - Starting verifyMediaObjectListitem
23:15:39.005 [TestNG-test=RetryMultipleFailedTestcases-2] INFO  sprint4_TestCases.J_CommonTestcases - Logged in and searched for a file, then clicked Edit.
23:15:39.026 [TestNG-test=RetryMultipleFailedTestcases-2] INFO  sprint4_TestCases.J_CommonTestcases - Switched to frame 0.
23:15:39.641 [TestNG-test=RetryMultipleFailedTestcases-1] INFO  sprint4_TestCases.J_CommonTestcases - Logged in and searched for a file, then clicked Edit.
23:15:40.092 [TestNG-test=RetryMultipleFailedTestcases-2] INFO  sprint4_TestCases.J_CommonTestcases - clicked on Existing Table First Cell
23:15:40.215 [TestNG-test=RetryMultipleFailedTestcases-2] INFO  sprint4_TestCases.J_CommonTestcases - Switched back to default content.
23:15:40.338 [TestNG-test=RetryMultipleFailedTestcases-1] INFO  sprint4_TestCases.J_CommonTestcases - clicked on section heading from DS
23:15:40.704 [TestNG-test=RetryMultipleFailedTestcases-2] INFO  sprint4_TestCases.J_CommonTestcases - clicked on table properties tab
23:15:40.861 [TestNG-test=RetryMultipleFailedTestcases-1] INFO  sprint4_TestCases.J_CommonTestcases - clicked on footnote plugin
23:15:40.947 [TestNG-test=RetryMultipleFailedTestcases-2] INFO  sprint4_TestCases.J_CommonTestcases - clicked on caption input
23:15:45.404 [TestNG-test=RetryMultipleFailedTestcases-1] INFO  sprint4_TestCases.J_CommonTestcases - clicked on new footnote box
23:15:45.545 [TestNG-test=RetryMultipleFailedTestcases-1] INFO  sprint4_TestCases.J_CommonTestcases - Enter some values in footnote
23:15:46.739 [TestNG-test=RetryMultipleFailedTestcases-1] INFO  sprint4_TestCases.J_CommonTestcases - clicked on footnote ok button
23:15:48.304 [TestNG-test=RetryMultipleFailedTestcases-2] INFO  sprint4_TestCases.J_CommonTestcases - Switched back to default content.
23:15:48.376 [TestNG-test=RetryMultipleFailedTestcases-2] INFO  sprint4_TestCases.J_CommonTestcases - verifying alert message is seen
23:15:48.376 [TestNG-test=RetryMultipleFailedTestcases-2] INFO  sprint4_TestCases.J_CommonTestcases - Finished insertCaptionMoreThan256AndVerifyInEditorExistingTable
23:15:48.642 [TestNG-test=RetryMultipleFailedTestcases-1] INFO  sprint4_TestCases.J_CommonTestcases - clicked on Accept change
23:15:57.740 [TestNG-test=RetryMultipleFailedTestcases-2] INFO  sprint4_TestCases.J_CommonTestcases - Starting changeElementToMediaObjectAndVerifyAdded
23:16:06.721 [TestNG-test=RetryMultipleFailedTestcases-1] INFO  sprint4_TestCases.J_CommonTestcases - Starting verifyInsertFootnoteInsertTable
23:16:11.600 [TestNG-test=RetryMultipleFailedTestcases-4] INFO  sprint4_TestCases.J_CommonTestcases - Logged in and searched for a file, then clicked Edit.
23:16:13.429 [TestNG-test=RetryMultipleFailedTestcases-3] INFO  sprint4_TestCases.J_CommonTestcases - Logged in and searched for a file, then clicked Edit.
23:16:19.151 [TestNG-test=RetryMultipleFailedTestcases-4] INFO  sprint4_TestCases.J_CommonTestcases - Inserted Table in DS
23:16:19.884 [TestNG-test=RetryMultipleFailedTestcases-4] INFO  sprint4_TestCases.J_CommonTestcases - clicked on Number list from VE
23:16:20.143 [TestNG-test=RetryMultipleFailedTestcases-4] INFO  sprint4_TestCases.J_CommonTestcases - Switched to frame 0.
23:16:20.187 [TestNG-test=RetryMultipleFailedTestcases-4] INFO  sprint4_TestCases.J_CommonTestcases - Verifying width is correct
23:16:20.189 [TestNG-test=RetryMultipleFailedTestcases-4] INFO  sprint4_TestCases.J_CommonTestcases - Switched back to default content.
23:16:20.865 [TestNG-test=RetryMultipleFailedTestcases-4] INFO  sprint4_TestCases.J_CommonTestcases - clicked on Number list from VE
23:16:21.035 [TestNG-test=RetryMultipleFailedTestcases-4] INFO  sprint4_TestCases.J_CommonTestcases - Switched to frame 0.
23:16:21.069 [TestNG-test=RetryMultipleFailedTestcases-4] INFO  sprint4_TestCases.J_CommonTestcases - Verifying width is correct
23:16:21.069 [TestNG-test=RetryMultipleFailedTestcases-4] INFO  sprint4_TestCases.J_CommonTestcases - Finished insertTableCB_ListUnlist_CheckWidth
23:16:28.640 [TestNG-test=RetryMultipleFailedTestcases-3] INFO  sprint4_TestCases.J_CommonTestcases - Inserted Table in DS
23:16:28.731 [TestNG-test=RetryMultipleFailedTestcases-3] INFO  sprint4_TestCases.J_CommonTestcases - Switched to frame 0.
23:16:29.273 [TestNG-test=RetryMultipleFailedTestcases-3] INFO  sprint4_TestCases.J_CommonTestcases - clicked on Inserted Table First Cell
23:16:29.288 [TestNG-test=RetryMultipleFailedTestcases-3] INFO  sprint4_TestCases.J_CommonTestcases - Switched back to default content.
23:16:29.311 [TestNG-test=RetryMultipleFailedTestcases-3] INFO  sprint4_TestCases.J_CommonTestcases - Switched to frame 1.
23:16:29.363 [TestNG-test=RetryMultipleFailedTestcases-4] INFO  sprint4_TestCases.J_CommonTestcases - Starting insertTableCBAndCheckHighliting
23:16:37.114 [TestNG-test=RetryMultipleFailedTestcases-2] INFO  sprint4_TestCases.J_CommonTestcases - Logged in and searched for a file, then clicked Edit.
23:16:37.135 [TestNG-test=RetryMultipleFailedTestcases-2] INFO  sprint4_TestCases.J_CommonTestcases - Switched to frame 0.
23:16:37.628 [TestNG-test=RetryMultipleFailedTestcases-2] INFO  sprint4_TestCases.J_CommonTestcases - clicked on First para from VE
23:16:37.674 [TestNG-test=RetryMultipleFailedTestcases-2] INFO  sprint4_TestCases.J_CommonTestcases - Switched back to default content.
23:16:38.110 [TestNG-test=RetryMultipleFailedTestcases-2] INFO  sprint4_TestCases.J_CommonTestcases - clicked on enter key
23:16:39.331 [TestNG-test=RetryMultipleFailedTestcases-2] INFO  sprint4_TestCases.J_CommonTestcases - Clicked on Change Element
23:16:39.630 [TestNG-test=RetryMultipleFailedTestcases-2] INFO  sprint4_TestCases.J_CommonTestcases - Clicked on Change Element img
23:16:44.655 [TestNG-test=RetryMultipleFailedTestcases-1] INFO  sprint4_TestCases.J_CommonTestcases - Logged in and searched for a file, then clicked Edit.
23:16:45.323 [TestNG-test=RetryMultipleFailedTestcases-1] INFO  sprint4_TestCases.J_CommonTestcases - clicked on section heading from DS
23:16:45.633 [TestNG-test=RetryMultipleFailedTestcases-1] INFO  sprint4_TestCases.J_CommonTestcases - clicked on footnote plugin
23:16:49.494 [TestNG-test=RetryMultipleFailedTestcases-1] INFO  sprint4_TestCases.J_CommonTestcases - clicked on new footnote box
23:16:49.593 [TestNG-test=RetryMultipleFailedTestcases-1] INFO  sprint4_TestCases.J_CommonTestcases - Enter some values in footnote
23:16:50.518 [TestNG-test=RetryMultipleFailedTestcases-1] INFO  sprint4_TestCases.J_CommonTestcases - clicked on footnote ok button
23:16:52.193 [TestNG-test=RetryMultipleFailedTestcases-1] INFO  sprint4_TestCases.J_CommonTestcases - clicked on Accept change
23:17:00.526 [TestNG-test=RetryMultipleFailedTestcases-3] INFO  sprint4_TestCases.J_CommonTestcases - Starting verifyMediaObjectListitem
23:17:09.994 [TestNG-test=RetryMultipleFailedTestcases-4] INFO  sprint4_TestCases.J_CommonTestcases - Logged in and searched for a file, then clicked Edit.
23:17:12.453 [TestNG-test=RetryMultipleFailedTestcases-1] INFO  sprint4_TestCases.J_CommonTestcases - Starting insertTableCBAndVerifyTablePropertiesByClickingSomewhere
23:17:15.158 [TestNG-test=RetryMultipleFailedTestcases-2] INFO  sprint4_TestCases.J_CommonTestcases - Starting changeElementToMediaObjectAndVerifyAdded
23:17:20.235 [TestNG-test=RetryMultipleFailedTestcases-4] INFO  sprint4_TestCases.J_CommonTestcases - Inserted Table in DS
23:17:20.314 [TestNG-test=RetryMultipleFailedTestcases-4] INFO  sprint4_TestCases.J_CommonTestcases - Switched to frame 0.
23:17:21.034 [TestNG-test=RetryMultipleFailedTestcases-4] INFO  sprint4_TestCases.J_CommonTestcases - clicked on Existing Table First Cell
23:17:21.118 [TestNG-test=RetryMultipleFailedTestcases-4] INFO  sprint4_TestCases.J_CommonTestcases - Switched back to default content.
23:17:21.202 [TestNG-test=RetryMultipleFailedTestcases-4] INFO  sprint4_TestCases.J_CommonTestcases - Finished insertTableCBAndCheckHighliting
23:17:39.224 [TestNG-test=RetryMultipleFailedTestcases-4] INFO  sprint4_TestCases.J_CommonTestcases - Starting verify_SelectingSingleCell
23:18:04.892 [TestNG-test=RetryMultipleFailedTestcases-3] INFO  sprint4_TestCases.J_CommonTestcases - Logged in and searched for a file, then clicked Edit.
23:18:08.198 [TestNG-test=RetryMultipleFailedTestcases-1] INFO  sprint4_TestCases.J_CommonTestcases - Logged in and searched for a file, then clicked Edit.
23:18:12.463 [TestNG-test=RetryMultipleFailedTestcases-2] INFO  sprint4_TestCases.J_CommonTestcases - Logged in and searched for a file, then clicked Edit.
23:18:12.491 [TestNG-test=RetryMultipleFailedTestcases-2] INFO  sprint4_TestCases.J_CommonTestcases - Switched to frame 0.
23:18:13.486 [TestNG-test=RetryMultipleFailedTestcases-2] INFO  sprint4_TestCases.J_CommonTestcases - clicked on First para from VE
23:18:13.618 [TestNG-test=RetryMultipleFailedTestcases-2] INFO  sprint4_TestCases.J_CommonTestcases - Switched back to default content.
23:18:14.080 [TestNG-test=RetryMultipleFailedTestcases-2] INFO  sprint4_TestCases.J_CommonTestcases - clicked on enter key
23:18:15.683 [TestNG-test=RetryMultipleFailedTestcases-2] INFO  sprint4_TestCases.J_CommonTestcases - Clicked on Change Element
23:18:15.950 [TestNG-test=RetryMultipleFailedTestcases-3] INFO  sprint4_TestCases.J_CommonTestcases - Inserted Table in DS
23:18:16.067 [TestNG-test=RetryMultipleFailedTestcases-3] INFO  sprint4_TestCases.J_CommonTestcases - Switched to frame 0.
23:18:16.136 [TestNG-test=RetryMultipleFailedTestcases-2] INFO  sprint4_TestCases.J_CommonTestcases - Clicked on Change Element img
23:18:16.773 [TestNG-test=RetryMultipleFailedTestcases-3] INFO  sprint4_TestCases.J_CommonTestcases - clicked on Inserted Table First Cell
23:18:16.795 [TestNG-test=RetryMultipleFailedTestcases-3] INFO  sprint4_TestCases.J_CommonTestcases - Switched back to default content.
23:18:16.819 [TestNG-test=RetryMultipleFailedTestcases-3] INFO  sprint4_TestCases.J_CommonTestcases - Switched to frame 1.
23:18:24.618 [TestNG-test=RetryMultipleFailedTestcases-1] INFO  sprint4_TestCases.J_CommonTestcases - Inserted Table in DS
23:18:24.836 [TestNG-test=RetryMultipleFailedTestcases-1] INFO  sprint4_TestCases.J_CommonTestcases - verifying the label table properties
23:18:25.012 [TestNG-test=RetryMultipleFailedTestcases-1] INFO  sprint4_TestCases.J_CommonTestcases - verifying the label table properties
23:18:26.283 [TestNG-test=RetryMultipleFailedTestcases-1] INFO  sprint4_TestCases.J_CommonTestcases - clicking the label content block
23:18:26.413 [TestNG-test=RetryMultipleFailedTestcases-1] INFO  sprint4_TestCases.J_CommonTestcases - verifying the label table properties
23:18:26.726 [TestNG-test=RetryMultipleFailedTestcases-1] INFO  sprint4_TestCases.J_CommonTestcases - verifying the label table properties
23:18:26.726 [TestNG-test=RetryMultipleFailedTestcases-1] INFO  sprint4_TestCases.J_CommonTestcases - Finished insertTableCBAndVerifyTablePropertiesByClickingSomewhere
23:18:35.088 [TestNG-test=RetryMultipleFailedTestcases-4] INFO  sprint4_TestCases.J_CommonTestcases - Logged in and searched for a file, then clicked Edit.
23:18:35.113 [TestNG-test=RetryMultipleFailedTestcases-4] INFO  sprint4_TestCases.J_CommonTestcases - Switched to frame 0.
23:18:36.041 [TestNG-test=RetryMultipleFailedTestcases-4] INFO  sprint4_TestCases.J_CommonTestcases - clicked on First para from VE
23:18:36.216 [TestNG-test=RetryMultipleFailedTestcases-4] INFO  sprint4_TestCases.J_CommonTestcases - Switched back to default content.
23:18:36.707 [TestNG-test=RetryMultipleFailedTestcases-4] INFO  sprint4_TestCases.J_CommonTestcases - Clicked on Change Element
23:18:37.514 [TestNG-test=RetryMultipleFailedTestcases-2] INFO  sprint4_TestCases.J_CommonTestcases - Clicked on Change Element image insert button
23:18:37.833 [TestNG-test=RetryMultipleFailedTestcases-4] INFO  sprint4_TestCases.J_CommonTestcases - Clicked on Change Element table
23:18:38.577 [TestNG-test=RetryMultipleFailedTestcases-2] INFO  sprint4_TestCases.J_CommonTestcases - Switched to frame 0.
23:18:38.642 [TestNG-test=RetryMultipleFailedTestcases-2] INFO  sprint4_TestCases.J_CommonTestcases - Verifying selected image in VE
23:18:38.642 [TestNG-test=RetryMultipleFailedTestcases-2] INFO  sprint4_TestCases.J_CommonTestcases - Finished changeElementToMediaObjectAndVerifyAdded
23:18:38.955 [TestNG-test=RetryMultipleFailedTestcases-1] INFO  sprint4_TestCases.J_CommonTestcases - Starting verify_Table_ContentValidation_Erorr
23:18:42.132 [TestNG-test=RetryMultipleFailedTestcases-4] INFO  sprint4_TestCases.J_CommonTestcases - verifying table is not inserting in para
23:18:44.913 [TestNG-test=RetryMultipleFailedTestcases-4] INFO  sprint4_TestCases.J_CommonTestcases - Clicked on Table Prop Ok Btn
23:18:45.900 [TestNG-test=RetryMultipleFailedTestcases-4] INFO  sprint4_TestCases.J_CommonTestcases - verifying table element is selected in DS
23:18:45.900 [TestNG-test=RetryMultipleFailedTestcases-4] INFO  sprint4_TestCases.J_CommonTestcases - Finished verify_SelectingSingleCell
23:18:47.303 [TestNG-test=RetryMultipleFailedTestcases-2] INFO  sprint4_TestCases.J_CommonTestcases - Starting verify_Table_InsideSection
23:18:47.763 [TestNG-test=RetryMultipleFailedTestcases-3] INFO  sprint4_TestCases.J_CommonTestcases - Starting verifyMediaObjectListitem
23:18:52.572 [TestNG-test=RetryMultipleFailedTestcases-4] INFO  sprint4_TestCases.J_CommonTestcases - Starting verify_Table_Options_AttributePanelEqual
23:19:36.333 [TestNG-test=RetryMultipleFailedTestcases-2] INFO  sprint4_TestCases.J_CommonTestcases - Logged in and searched for a file, then clicked Edit.
23:19:36.357 [TestNG-test=RetryMultipleFailedTestcases-2] INFO  sprint4_TestCases.J_CommonTestcases - Switched to frame 0.
23:19:36.856 [TestNG-test=RetryMultipleFailedTestcases-2] INFO  sprint4_TestCases.J_CommonTestcases - clicked on section heading from VE
23:19:36.942 [TestNG-test=RetryMultipleFailedTestcases-2] INFO  sprint4_TestCases.J_CommonTestcases - Switched back to default content.
23:19:37.298 [TestNG-test=RetryMultipleFailedTestcases-2] INFO  sprint4_TestCases.J_CommonTestcases - Clicked on Change Element
23:19:38.118 [TestNG-test=RetryMultipleFailedTestcases-2] INFO  sprint4_TestCases.J_CommonTestcases - clicked on change element table
23:19:39.005 [TestNG-test=RetryMultipleFailedTestcases-2] INFO  sprint4_TestCases.J_CommonTestcases - Finished verify_Table_InsideSection
23:19:45.449 [TestNG-test=RetryMultipleFailedTestcases-3] INFO  sprint4_TestCases.J_CommonTestcases - Logged in and searched for a file, then clicked Edit.
23:19:47.400 [TestNG-test=RetryMultipleFailedTestcases-2] INFO  sprint4_TestCases.J_CommonTestcases - Starting verifyCopyPasteInsideCell
23:19:53.445 [TestNG-test=RetryMultipleFailedTestcases-3] INFO  sprint4_TestCases.J_CommonTestcases - Inserted Table in DS
23:19:53.614 [TestNG-test=RetryMultipleFailedTestcases-3] INFO  sprint4_TestCases.J_CommonTestcases - Switched to frame 0.
23:19:54.129 [TestNG-test=RetryMultipleFailedTestcases-3] INFO  sprint4_TestCases.J_CommonTestcases - clicked on Inserted Table First Cell
23:19:54.149 [TestNG-test=RetryMultipleFailedTestcases-3] INFO  sprint4_TestCases.J_CommonTestcases - Switched back to default content.
23:19:54.173 [TestNG-test=RetryMultipleFailedTestcases-3] INFO  sprint4_TestCases.J_CommonTestcases - Switched to frame 1.
