19:24:44.279 [TestNG-test-RetryMultipleFailedTestcases-4] WARN  a_testbase.BaseClass - Test method verifyRemoveElementBlockOLAcceptTC is not annotated with @ZephyrTestCase. Zephyr updates skipped.
19:25:21.381 [TestNG-test-RetryMultipleFailedTestcases-3] INFO  b_utilities.RetryAnalyzer - ⚠ Zephyr Test Case ID not found for: verifyRcInsertTableBeforeParaFromDs
19:25:22.985 [TestNG-test-RetryMultipleFailedTestcases-3] INFO  a_testbase.BaseClass - Browser closed for test: verifyRcInsertTableBeforeParaFromDs
19:25:22.987 [TestNG-test-RetryMultipleFailedTestcases-3] INFO  a_testbase.BaseClass - Thread Name: TestNG-test-RetryMultipleFailedTestcases-3
19:25:22.987 [TestNG-test-RetryMultipleFailedTestcases-3] INFO  a_testbase.BaseClass - Thread ID: 52
19:25:23.191 [TestNG-test-RetryMultipleFailedTestcases-2] INFO  a_testbase.BaseClass - 'Please Wait' has disappeared. Proceeding.
19:25:24.584 [TestNG-test-RetryMultipleFailedTestcases-2] INFO  a_testbase.BaseClass - Browser closed for test: verifyRejectTrackChangeOL
19:25:24.586 [TestNG-test-RetryMultipleFailedTestcases-2] INFO  a_testbase.BaseClass - Thread Name: TestNG-test-RetryMultipleFailedTestcases-2
19:25:24.586 [TestNG-test-RetryMultipleFailedTestcases-2] INFO  a_testbase.BaseClass - Thread ID: 51
19:25:28.560 [TestNG-test-RetryMultipleFailedTestcases-3] WARN  a_testbase.BaseClass - Test method verifyRemoveElementBlockOl is not annotated with @ZephyrTestCase. Zephyr updates skipped.
19:25:30.263 [TestNG-test-RetryMultipleFailedTestcases-2] WARN  a_testbase.BaseClass - Test method verifyRemoveElementBlockUL is not annotated with @ZephyrTestCase. Zephyr updates skipped.
19:25:34.693 [TestNG-test-RetryMultipleFailedTestcases-1] INFO  a_testbase.BaseClass - 'Please Wait' has disappeared. Proceeding.
19:25:36.192 [TestNG-test-RetryMultipleFailedTestcases-4] INFO  a_testbase.BaseClass - 'Please Wait' has disappeared. Proceeding.
19:25:39.349 [TestNG-test-RetryMultipleFailedTestcases-1] INFO  a_testbase.BaseClass - Browser closed for test: verifyRejectTrackChangeUL
19:25:39.351 [TestNG-test-RetryMultipleFailedTestcases-1] INFO  a_testbase.BaseClass - Thread Name: TestNG-test-RetryMultipleFailedTestcases-1
19:25:39.351 [TestNG-test-RetryMultipleFailedTestcases-1] INFO  a_testbase.BaseClass - Thread ID: 50
19:25:41.402 [TestNG-test-RetryMultipleFailedTestcases-4] INFO  a_testbase.BaseClass - Browser closed for test: verifyRemoveElementBlockOLAcceptTC
19:25:41.403 [TestNG-test-RetryMultipleFailedTestcases-4] INFO  a_testbase.BaseClass - Thread Name: TestNG-test-RetryMultipleFailedTestcases-4
19:25:41.403 [TestNG-test-RetryMultipleFailedTestcases-4] INFO  a_testbase.BaseClass - Thread ID: 53
19:25:44.698 [TestNG-test-RetryMultipleFailedTestcases-1] WARN  a_testbase.BaseClass - Test method verifyRemoveListItemAutoResequenceNumbering is not annotated with @ZephyrTestCase. Zephyr updates skipped.
19:25:45.951 [TestNG-test-RetryMultipleFailedTestcases-1] INFO  a_testbase.BaseClass - Browser closed for test: verifyRemoveListItemAutoResequenceNumbering
19:25:45.952 [TestNG-test-RetryMultipleFailedTestcases-1] INFO  a_testbase.BaseClass - Thread Name: TestNG-test-RetryMultipleFailedTestcases-1
19:25:45.952 [TestNG-test-RetryMultipleFailedTestcases-1] INFO  a_testbase.BaseClass - Thread ID: 50
19:25:47.258 [TestNG-test-RetryMultipleFailedTestcases-4] WARN  a_testbase.BaseClass - Test method verifyRemoveNewParaCheckDeletedPara is not annotated with @ZephyrTestCase. Zephyr updates skipped.
19:25:47.261 [TestNG-test-RetryMultipleFailedTestcases-4] INFO  a_testbase.BaseClass - Starting test: verifyRemoveNewParaCheckDeletedPara
19:25:51.056 [TestNG-test-RetryMultipleFailedTestcases-1] WARN  a_testbase.BaseClass - Test method verifyRemoveOrderedListViaQuickInsert is not annotated with @ZephyrTestCase. Zephyr updates skipped.
19:26:21.065 [TestNG-test-RetryMultipleFailedTestcases-3] INFO  a_testbase.BaseClass - 'Please Wait' has disappeared. Proceeding.
19:26:22.461 [TestNG-test-RetryMultipleFailedTestcases-2] INFO  a_testbase.BaseClass - 'Please Wait' has disappeared. Proceeding.
19:26:28.177 [TestNG-test-RetryMultipleFailedTestcases-2] INFO  a_testbase.BaseClass - Browser closed for test: verifyRemoveElementBlockUL
19:26:28.178 [TestNG-test-RetryMultipleFailedTestcases-2] INFO  a_testbase.BaseClass - Thread Name: TestNG-test-RetryMultipleFailedTestcases-2
19:26:28.178 [TestNG-test-RetryMultipleFailedTestcases-2] INFO  a_testbase.BaseClass - Thread ID: 51
19:26:28.585 [TestNG-test-RetryMultipleFailedTestcases-3] INFO  a_testbase.BaseClass - Browser closed for test: verifyRemoveElementBlockOl
19:26:28.585 [TestNG-test-RetryMultipleFailedTestcases-3] INFO  a_testbase.BaseClass - Thread Name: TestNG-test-RetryMultipleFailedTestcases-3
19:26:28.585 [TestNG-test-RetryMultipleFailedTestcases-3] INFO  a_testbase.BaseClass - Thread ID: 52
19:26:39.353 [TestNG-test-RetryMultipleFailedTestcases-2] WARN  a_testbase.BaseClass - Test method verifyRemovingImageAndParaFromSection is not annotated with @ZephyrTestCase. Zephyr updates skipped.
19:26:39.353 [TestNG-test-RetryMultipleFailedTestcases-3] WARN  a_testbase.BaseClass - Test method verifyRightClickInsertTable is not annotated with @ZephyrTestCase. Zephyr updates skipped.
19:26:39.592 [TestNG-test-RetryMultipleFailedTestcases-4] INFO  a_testbase.BaseClass - 'Please Wait' has disappeared. Proceeding.
19:26:40.302 [TestNG-test-RetryMultipleFailedTestcases-2] INFO  a_testbase.BaseClass - Browser closed for test: verifyRemovingImageAndParaFromSection
19:26:40.302 [TestNG-test-RetryMultipleFailedTestcases-2] INFO  a_testbase.BaseClass - Thread Name: TestNG-test-RetryMultipleFailedTestcases-2
19:26:40.302 [TestNG-test-RetryMultipleFailedTestcases-2] INFO  a_testbase.BaseClass - Thread ID: 51
19:26:43.276 [TestNG-test-RetryMultipleFailedTestcases-1] INFO  a_testbase.BaseClass - 'Please Wait' has disappeared. Proceeding.
19:26:44.483 [TestNG-test-RetryMultipleFailedTestcases-1] INFO  a_testbase.BaseClass - Browser closed for test: verifyRemoveOrderedListViaQuickInsert
19:26:44.483 [TestNG-test-RetryMultipleFailedTestcases-1] INFO  a_testbase.BaseClass - Thread Name: TestNG-test-RetryMultipleFailedTestcases-1
19:26:44.483 [TestNG-test-RetryMultipleFailedTestcases-1] INFO  a_testbase.BaseClass - Thread ID: 50
19:26:45.217 [TestNG-test-RetryMultipleFailedTestcases-2] WARN  a_testbase.BaseClass - Test method verifyRightClickOpensContextMenu is not annotated with @ZephyrTestCase. Zephyr updates skipped.
19:26:46.336 [TestNG-test-RetryMultipleFailedTestcases-2] INFO  a_testbase.BaseClass - Browser closed for test: verifyRightClickOpensContextMenu
19:26:46.336 [TestNG-test-RetryMultipleFailedTestcases-2] INFO  a_testbase.BaseClass - Thread Name: TestNG-test-RetryMultipleFailedTestcases-2
19:26:46.336 [TestNG-test-RetryMultipleFailedTestcases-2] INFO  a_testbase.BaseClass - Thread ID: 51
19:26:49.375 [TestNG-test-RetryMultipleFailedTestcases-1] WARN  a_testbase.BaseClass - Test method verifyRowAndColumnManipulationInTable is not annotated with @ZephyrTestCase. Zephyr updates skipped.
19:26:50.563 [TestNG-test-RetryMultipleFailedTestcases-1] INFO  a_testbase.BaseClass - Browser closed for test: verifyRowAndColumnManipulationInTable
19:26:50.563 [TestNG-test-RetryMultipleFailedTestcases-1] INFO  a_testbase.BaseClass - Thread Name: TestNG-test-RetryMultipleFailedTestcases-1
19:26:50.563 [TestNG-test-RetryMultipleFailedTestcases-1] INFO  a_testbase.BaseClass - Thread ID: 50
19:26:51.741 [TestNG-test-RetryMultipleFailedTestcases-2] WARN  a_testbase.BaseClass - Test method verifyScrollFunctionalityInInsertBeforeSubmenu is not annotated with @ZephyrTestCase. Zephyr updates skipped.
19:26:52.968 [TestNG-test-RetryMultipleFailedTestcases-2] INFO  a_testbase.BaseClass - Browser closed for test: verifyScrollFunctionalityInInsertBeforeSubmenu
19:26:52.969 [TestNG-test-RetryMultipleFailedTestcases-2] INFO  a_testbase.BaseClass - Thread Name: TestNG-test-RetryMultipleFailedTestcases-2
19:26:52.969 [TestNG-test-RetryMultipleFailedTestcases-2] INFO  a_testbase.BaseClass - Thread ID: 51
19:26:55.810 [TestNG-test-RetryMultipleFailedTestcases-1] WARN  a_testbase.BaseClass - Test method verifySearchBarInImagePopupWhenInsertBeforeImage is not annotated with @ZephyrTestCase. Zephyr updates skipped.
19:26:57.000 [TestNG-test-RetryMultipleFailedTestcases-1] INFO  a_testbase.BaseClass - Browser closed for test: verifySearchBarInImagePopupWhenInsertBeforeImage
19:26:57.000 [TestNG-test-RetryMultipleFailedTestcases-1] INFO  a_testbase.BaseClass - Thread Name: TestNG-test-RetryMultipleFailedTestcases-1
19:26:57.000 [TestNG-test-RetryMultipleFailedTestcases-1] INFO  a_testbase.BaseClass - Thread ID: 50
19:26:58.385 [TestNG-test-RetryMultipleFailedTestcases-2] WARN  a_testbase.BaseClass - Test method verifySearchBarInImagePopupWhenInsertInlineImage is not annotated with @ZephyrTestCase. Zephyr updates skipped.
19:26:59.514 [TestNG-test-RetryMultipleFailedTestcases-2] INFO  a_testbase.BaseClass - Browser closed for test: verifySearchBarInImagePopupWhenInsertInlineImage
19:26:59.515 [TestNG-test-RetryMultipleFailedTestcases-2] INFO  a_testbase.BaseClass - Thread Name: TestNG-test-RetryMultipleFailedTestcases-2
19:26:59.515 [TestNG-test-RetryMultipleFailedTestcases-2] INFO  a_testbase.BaseClass - Thread ID: 51
19:27:02.221 [TestNG-test-RetryMultipleFailedTestcases-1] WARN  a_testbase.BaseClass - Test method verifySearchFunctionalityInInsertBeforeSubmenu is not annotated with @ZephyrTestCase. Zephyr updates skipped.
19:27:03.363 [TestNG-test-RetryMultipleFailedTestcases-1] INFO  a_testbase.BaseClass - Browser closed for test: verifySearchFunctionalityInInsertBeforeSubmenu
19:27:03.364 [TestNG-test-RetryMultipleFailedTestcases-1] INFO  a_testbase.BaseClass - Thread Name: TestNG-test-RetryMultipleFailedTestcases-1
19:27:03.364 [TestNG-test-RetryMultipleFailedTestcases-1] INFO  a_testbase.BaseClass - Thread ID: 50
19:27:04.836 [TestNG-test-RetryMultipleFailedTestcases-2] WARN  a_testbase.BaseClass - Test method verifySearchImageWithDuplicateOrInvalidNameInImagePopup is not annotated with @ZephyrTestCase. Zephyr updates skipped.
19:27:08.828 [TestNG-test-RetryMultipleFailedTestcases-1] WARN  a_testbase.BaseClass - Test method verifySearchImageWithInvalidName is not annotated with @ZephyrTestCase. Zephyr updates skipped.
19:27:32.967 [TestNG-test-RetryMultipleFailedTestcases-3] INFO  a_testbase.BaseClass - 'Please Wait' has disappeared. Proceeding.
19:27:40.692 [TestNG-test-RetryMultipleFailedTestcases-3] INFO  a_testbase.BaseClass - Browser closed for test: verifyRightClickInsertTable
19:27:40.692 [TestNG-test-RetryMultipleFailedTestcases-3] INFO  a_testbase.BaseClass - Thread Name: TestNG-test-RetryMultipleFailedTestcases-3
19:27:40.692 [TestNG-test-RetryMultipleFailedTestcases-3] INFO  a_testbase.BaseClass - Thread ID: 52
19:27:46.907 [TestNG-test-RetryMultipleFailedTestcases-3] WARN  a_testbase.BaseClass - Test method verifySearchInlineImageWithDuplicateOrInvalidNameInImagePopup is not annotated with @ZephyrTestCase. Zephyr updates skipped.
19:27:46.920 [TestNG-test-RetryMultipleFailedTestcases-4] INFO  b_utilities.RetryAnalyzer - 🔴 Browser closed before retry attempt: 1
19:27:46.923 [TestNG-test-RetryMultipleFailedTestcases-4] INFO  a_testbase.BaseClass - Browser closed for test: verifyRemoveNewParaCheckDeletedPara
19:27:46.923 [TestNG-test-RetryMultipleFailedTestcases-4] INFO  a_testbase.BaseClass - Thread Name: TestNG-test-RetryMultipleFailedTestcases-4
19:27:46.924 [TestNG-test-RetryMultipleFailedTestcases-4] INFO  a_testbase.BaseClass - Thread ID: 53
19:27:48.098 [TestNG-test-RetryMultipleFailedTestcases-3] INFO  a_testbase.BaseClass - Browser closed for test: verifySearchInlineImageWithDuplicateOrInvalidNameInImagePopup
19:27:48.098 [TestNG-test-RetryMultipleFailedTestcases-3] INFO  a_testbase.BaseClass - Thread Name: TestNG-test-RetryMultipleFailedTestcases-3
19:27:48.098 [TestNG-test-RetryMultipleFailedTestcases-3] INFO  a_testbase.BaseClass - Thread ID: 52
19:27:52.522 [TestNG-test-RetryMultipleFailedTestcases-4] WARN  a_testbase.BaseClass - Test method verifyRemoveNewParaCheckDeletedPara is not annotated with @ZephyrTestCase. Zephyr updates skipped.
19:27:52.523 [TestNG-test-RetryMultipleFailedTestcases-4] INFO  a_testbase.BaseClass - Starting test: verifyRemoveNewParaCheckDeletedPara
19:27:54.124 [TestNG-test-RetryMultipleFailedTestcases-3] WARN  a_testbase.BaseClass - Test method verifySectionSelectionInVE is not annotated with @ZephyrTestCase. Zephyr updates skipped.
19:27:55.094 [TestNG-test-RetryMultipleFailedTestcases-3] INFO  a_testbase.BaseClass - Browser closed for test: verifySectionSelectionInVE
19:27:55.095 [TestNG-test-RetryMultipleFailedTestcases-3] INFO  a_testbase.BaseClass - Thread Name: TestNG-test-RetryMultipleFailedTestcases-3
19:27:55.095 [TestNG-test-RetryMultipleFailedTestcases-3] INFO  a_testbase.BaseClass - Thread ID: 52
19:27:57.475 [TestNG-test-RetryMultipleFailedTestcases-2] INFO  a_testbase.BaseClass - 'Please Wait' has disappeared. Proceeding.
19:28:00.009 [TestNG-test-RetryMultipleFailedTestcases-3] WARN  a_testbase.BaseClass - Test method verifySelectCompleteOlListAndDeleteKey is not annotated with @ZephyrTestCase. Zephyr updates skipped.
19:28:01.045 [TestNG-test-RetryMultipleFailedTestcases-3] INFO  a_testbase.BaseClass - Browser closed for test: verifySelectCompleteOlListAndDeleteKey
19:28:01.046 [TestNG-test-RetryMultipleFailedTestcases-3] INFO  a_testbase.BaseClass - Thread Name: TestNG-test-RetryMultipleFailedTestcases-3
19:28:01.046 [TestNG-test-RetryMultipleFailedTestcases-3] INFO  a_testbase.BaseClass - Thread ID: 52
19:28:01.235 [TestNG-test-RetryMultipleFailedTestcases-1] INFO  a_testbase.BaseClass - 'Please Wait' has disappeared. Proceeding.
19:28:05.987 [TestNG-test-RetryMultipleFailedTestcases-3] WARN  a_testbase.BaseClass - Test method verifySelectCompleteUlListAndDeleteKey is not annotated with @ZephyrTestCase. Zephyr updates skipped.
19:28:06.947 [TestNG-test-RetryMultipleFailedTestcases-3] INFO  a_testbase.BaseClass - Browser closed for test: verifySelectCompleteUlListAndDeleteKey
19:28:06.947 [TestNG-test-RetryMultipleFailedTestcases-3] INFO  a_testbase.BaseClass - Thread Name: TestNG-test-RetryMultipleFailedTestcases-3
19:28:06.947 [TestNG-test-RetryMultipleFailedTestcases-3] INFO  a_testbase.BaseClass - Thread ID: 52
19:28:08.928 [TestNG-test-RetryMultipleFailedTestcases-2] INFO  a_testbase.BaseClass - Browser closed for test: verifySearchImageWithDuplicateOrInvalidNameInImagePopup
19:28:08.929 [TestNG-test-RetryMultipleFailedTestcases-2] INFO  a_testbase.BaseClass - Thread Name: TestNG-test-RetryMultipleFailedTestcases-2
19:28:08.929 [TestNG-test-RetryMultipleFailedTestcases-2] INFO  a_testbase.BaseClass - Thread ID: 51
19:28:12.203 [TestNG-test-RetryMultipleFailedTestcases-3] WARN  a_testbase.BaseClass - Test method verifySelectOlListItemAndHitBackspaceKey is not annotated with @ZephyrTestCase. Zephyr updates skipped.
19:28:13.391 [TestNG-test-RetryMultipleFailedTestcases-3] INFO  a_testbase.BaseClass - Browser closed for test: verifySelectOlListItemAndHitBackspaceKey
19:28:13.392 [TestNG-test-RetryMultipleFailedTestcases-3] INFO  a_testbase.BaseClass - Thread Name: TestNG-test-RetryMultipleFailedTestcases-3
19:28:13.392 [TestNG-test-RetryMultipleFailedTestcases-3] INFO  a_testbase.BaseClass - Thread ID: 52
19:28:14.299 [TestNG-test-RetryMultipleFailedTestcases-2] WARN  a_testbase.BaseClass - Test method verifySelectTextRightClickCheckOptions is not annotated with @ZephyrTestCase. Zephyr updates skipped.
19:28:14.301 [TestNG-test-RetryMultipleFailedTestcases-2] INFO  a_testbase.BaseClass - Starting test: verifySelectTextRightClickCheckOptions
19:28:18.426 [TestNG-test-RetryMultipleFailedTestcases-3] WARN  a_testbase.BaseClass - Test method verifySelectedParaHighlightsVE is not annotated with @ZephyrTestCase. Zephyr updates skipped.
19:28:18.429 [TestNG-test-RetryMultipleFailedTestcases-3] INFO  a_testbase.BaseClass - Starting test: verifySelectedParaHighlightsVE
19:28:19.700 [TestNG-test-RetryMultipleFailedTestcases-4] WARN  a_testbase.BaseClass - No 'Please Wait' element found or already disappeared.
19:28:40.180 [TestNG-test-RetryMultipleFailedTestcases-4] INFO  b_utilities.RetryAnalyzer - ⚠ Zephyr Test Case ID not found for: verifyRemoveNewParaCheckDeletedPara
19:28:41.553 [TestNG-test-RetryMultipleFailedTestcases-4] INFO  a_testbase.BaseClass - Browser closed for test: verifyRemoveNewParaCheckDeletedPara
19:28:41.554 [TestNG-test-RetryMultipleFailedTestcases-4] INFO  a_testbase.BaseClass - Thread Name: TestNG-test-RetryMultipleFailedTestcases-4
19:28:41.554 [TestNG-test-RetryMultipleFailedTestcases-4] INFO  a_testbase.BaseClass - Thread ID: 53
19:28:47.081 [TestNG-test-RetryMultipleFailedTestcases-4] INFO  a_testbase.BaseClass - Starting test: verifySpaceAndBackspaceInNewPara
19:29:06.468 [TestNG-test-RetryMultipleFailedTestcases-2] INFO  a_testbase.BaseClass - 'Please Wait' has disappeared. Proceeding.
19:29:08.716 [TestNG-test-RetryMultipleFailedTestcases-2] INFO  b_utilities.RetryAnalyzer - 🔴 Browser closed before retry attempt: 1
19:29:08.717 [TestNG-test-RetryMultipleFailedTestcases-2] INFO  a_testbase.BaseClass - Browser closed for test: verifySelectTextRightClickCheckOptions
19:29:08.717 [TestNG-test-RetryMultipleFailedTestcases-2] INFO  a_testbase.BaseClass - Thread Name: TestNG-test-RetryMultipleFailedTestcases-2
19:29:08.717 [TestNG-test-RetryMultipleFailedTestcases-2] INFO  a_testbase.BaseClass - Thread ID: 51
19:29:11.148 [TestNG-test-RetryMultipleFailedTestcases-3] INFO  a_testbase.BaseClass - 'Please Wait' has disappeared. Proceeding.
19:29:11.907 [TestNG-test-RetryMultipleFailedTestcases-3] INFO  a_testbase.BaseClass - Finished test: verifySelectedParaHighlightsVE
19:29:13.039 [TestNG-test-RetryMultipleFailedTestcases-3] INFO  a_testbase.BaseClass - Browser closed for test: verifySelectedParaHighlightsVE
19:29:13.041 [TestNG-test-RetryMultipleFailedTestcases-3] INFO  a_testbase.BaseClass - Thread Name: TestNG-test-RetryMultipleFailedTestcases-3
19:29:13.041 [TestNG-test-RetryMultipleFailedTestcases-3] INFO  a_testbase.BaseClass - Thread ID: 52
19:29:13.382 [TestNG-test-RetryMultipleFailedTestcases-2] WARN  a_testbase.BaseClass - Test method verifySelectTextRightClickCheckOptions is not annotated with @ZephyrTestCase. Zephyr updates skipped.
19:29:13.382 [TestNG-test-RetryMultipleFailedTestcases-2] INFO  a_testbase.BaseClass - Starting test: verifySelectTextRightClickCheckOptions
19:29:18.063 [TestNG-test-RetryMultipleFailedTestcases-3] WARN  a_testbase.BaseClass - Test method verifySpaceIssueBetweenTwoPLeftWithinTableCells is not annotated with @ZephyrTestCase. Zephyr updates skipped.
19:29:19.177 [TestNG-test-RetryMultipleFailedTestcases-3] INFO  a_testbase.BaseClass - Browser closed for test: verifySpaceIssueBetweenTwoPLeftWithinTableCells
19:29:19.178 [TestNG-test-RetryMultipleFailedTestcases-3] INFO  a_testbase.BaseClass - Thread Name: TestNG-test-RetryMultipleFailedTestcases-3
19:29:19.178 [TestNG-test-RetryMultipleFailedTestcases-3] INFO  a_testbase.BaseClass - Thread ID: 52
19:29:23.992 [TestNG-test-RetryMultipleFailedTestcases-1] INFO  a_testbase.BaseClass - Browser closed for test: verifySearchImageWithInvalidName
19:29:23.993 [TestNG-test-RetryMultipleFailedTestcases-1] INFO  a_testbase.BaseClass - Thread Name: TestNG-test-RetryMultipleFailedTestcases-1
19:29:23.993 [TestNG-test-RetryMultipleFailedTestcases-1] INFO  a_testbase.BaseClass - Thread ID: 50
19:29:24.468 [TestNG-test-RetryMultipleFailedTestcases-3] WARN  a_testbase.BaseClass - Test method verifySpaceIssueInNumberedPara is not annotated with @ZephyrTestCase. Zephyr updates skipped.
19:29:25.698 [TestNG-test-RetryMultipleFailedTestcases-3] INFO  a_testbase.BaseClass - Browser closed for test: verifySpaceIssueInNumberedPara
19:29:25.699 [TestNG-test-RetryMultipleFailedTestcases-3] INFO  a_testbase.BaseClass - Thread Name: TestNG-test-RetryMultipleFailedTestcases-3
19:29:25.699 [TestNG-test-RetryMultipleFailedTestcases-3] INFO  a_testbase.BaseClass - Thread ID: 52
19:29:29.931 [TestNG-test-RetryMultipleFailedTestcases-1] WARN  a_testbase.BaseClass - Test method verifySpaceIssueWhenInsertingNoteWithinPara is not annotated with @ZephyrTestCase. Zephyr updates skipped.
19:29:31.524 [TestNG-test-RetryMultipleFailedTestcases-1] INFO  a_testbase.BaseClass - Browser closed for test: verifySpaceIssueWhenInsertingNoteWithinPara
19:29:31.526 [TestNG-test-RetryMultipleFailedTestcases-1] INFO  a_testbase.BaseClass - Thread Name: TestNG-test-RetryMultipleFailedTestcases-1
19:29:31.526 [TestNG-test-RetryMultipleFailedTestcases-1] INFO  a_testbase.BaseClass - Thread ID: 50
19:29:32.429 [TestNG-test-RetryMultipleFailedTestcases-3] WARN  a_testbase.BaseClass - Test method verifySymbolNotInsertedIntoDeletedParaUsingInsertPlugin is not annotated with @ZephyrTestCase. Zephyr updates skipped.
19:29:33.607 [TestNG-test-RetryMultipleFailedTestcases-3] INFO  a_testbase.BaseClass - Browser closed for test: verifySymbolNotInsertedIntoDeletedParaUsingInsertPlugin
19:29:33.609 [TestNG-test-RetryMultipleFailedTestcases-3] INFO  a_testbase.BaseClass - Thread Name: TestNG-test-RetryMultipleFailedTestcases-3
19:29:33.609 [TestNG-test-RetryMultipleFailedTestcases-3] INFO  a_testbase.BaseClass - Thread ID: 52
19:29:36.854 [TestNG-test-RetryMultipleFailedTestcases-1] WARN  a_testbase.BaseClass - Test method verifyTableInsertionFromToolbar is not annotated with @ZephyrTestCase. Zephyr updates skipped.
19:29:39.059 [TestNG-test-RetryMultipleFailedTestcases-3] WARN  a_testbase.BaseClass - Test method verifyTableRighClickInsertRowBeforeAndDeleteColumn is not annotated with @ZephyrTestCase. Zephyr updates skipped.
19:29:39.059 [TestNG-test-RetryMultipleFailedTestcases-3] INFO  a_testbase.BaseClass - Starting test: TC102_verifyTableRightClickRowInsertBefore
19:29:39.398 [TestNG-test-RetryMultipleFailedTestcases-4] INFO  a_testbase.BaseClass - 'Please Wait' has disappeared. Proceeding.
19:29:41.006 [TestNG-test-RetryMultipleFailedTestcases-4] INFO  a_testbase.BaseClass - Assertion: Paragraph is present in VE: true
19:29:41.006 [TestNG-test-RetryMultipleFailedTestcases-4] INFO  a_testbase.BaseClass - Test finished: verifySpaceAndBackspaceInNewPara - PASSED
19:29:41.008 [TestNG-test-RetryMultipleFailedTestcases-4] INFO  a_testbase.BaseClass - Updating Zephyr Test Case ID: IAPPAE-T2015 to Status: Pass
19:29:41.011 [TestNG-test-RetryMultipleFailedTestcases-4] INFO  b_utilities.UpdateZephyrTestExecution - Updating Zephyr Test Case: IAPPAE-T2015 in Cycle: IAPPAE-R25 with status: Pass
19:29:41.825 [TestNG-test-RetryMultipleFailedTestcases-4] INFO  b_utilities.UpdateZephyrTestExecution - Zephyr API Response Code: 401
19:29:41.826 [TestNG-test-RetryMultipleFailedTestcases-4] INFO  b_utilities.UpdateZephyrTestExecution - Zephyr API Response: {"error": "Your token is revoked"}
19:29:43.057 [TestNG-test-RetryMultipleFailedTestcases-4] INFO  a_testbase.BaseClass - Browser closed for test: verifySpaceAndBackspaceInNewPara
19:29:43.058 [TestNG-test-RetryMultipleFailedTestcases-4] INFO  a_testbase.BaseClass - Thread Name: TestNG-test-RetryMultipleFailedTestcases-4
19:29:43.058 [TestNG-test-RetryMultipleFailedTestcases-4] INFO  a_testbase.BaseClass - Thread ID: 53
19:29:43.490 [TestNG-test-RetryMultipleFailedTestcases-2] WARN  a_testbase.BaseClass - No 'Please Wait' element found or already disappeared.
19:29:44.846 [TestNG-test-RetryMultipleFailedTestcases-2] INFO  b_utilities.RetryAnalyzer - ⚠ Zephyr Test Case ID not found for: verifySelectTextRightClickCheckOptions
19:29:46.341 [TestNG-test-RetryMultipleFailedTestcases-4] WARN  a_testbase.BaseClass - Test method verifyTrackChangeCardWhenInsertTableBeforePara is not annotated with @ZephyrTestCase. Zephyr updates skipped.
19:29:46.587 [TestNG-test-RetryMultipleFailedTestcases-2] INFO  a_testbase.BaseClass - Browser closed for test: verifySelectTextRightClickCheckOptions
19:29:46.588 [TestNG-test-RetryMultipleFailedTestcases-2] INFO  a_testbase.BaseClass - Thread Name: TestNG-test-RetryMultipleFailedTestcases-2
19:29:46.588 [TestNG-test-RetryMultipleFailedTestcases-2] INFO  a_testbase.BaseClass - Thread ID: 51
19:29:51.900 [TestNG-test-RetryMultipleFailedTestcases-2] WARN  a_testbase.BaseClass - Test method verifyTrackChangePanelWhenInsertFootnote is not annotated with @ZephyrTestCase. Zephyr updates skipped.
19:29:53.011 [TestNG-test-RetryMultipleFailedTestcases-2] INFO  a_testbase.BaseClass - Browser closed for test: verifyTrackChangePanelWhenInsertFootnote
19:29:53.012 [TestNG-test-RetryMultipleFailedTestcases-2] INFO  a_testbase.BaseClass - Thread Name: TestNG-test-RetryMultipleFailedTestcases-2
19:29:53.012 [TestNG-test-RetryMultipleFailedTestcases-2] INFO  a_testbase.BaseClass - Thread ID: 51
19:29:58.082 [TestNG-test-RetryMultipleFailedTestcases-2] WARN  a_testbase.BaseClass - Test method verifyTrackChangesEntryForNewParagraphInsertion is not annotated with @ZephyrTestCase. Zephyr updates skipped.
19:29:59.057 [TestNG-test-RetryMultipleFailedTestcases-2] INFO  a_testbase.BaseClass - Browser closed for test: verifyTrackChangesEntryForNewParagraphInsertion
19:29:59.057 [TestNG-test-RetryMultipleFailedTestcases-2] INFO  a_testbase.BaseClass - Thread Name: TestNG-test-RetryMultipleFailedTestcases-2
19:29:59.058 [TestNG-test-RetryMultipleFailedTestcases-2] INFO  a_testbase.BaseClass - Thread ID: 51
19:30:04.281 [TestNG-test-RetryMultipleFailedTestcases-2] WARN  a_testbase.BaseClass - Test method verifyUlListItemAutoSequencedOnEnterKey is not annotated with @ZephyrTestCase. Zephyr updates skipped.
19:30:05.304 [TestNG-test-RetryMultipleFailedTestcases-1] INFO  a_testbase.BaseClass - 'Please Wait' has disappeared. Proceeding.
19:30:05.408 [TestNG-test-RetryMultipleFailedTestcases-2] INFO  a_testbase.BaseClass - Browser closed for test: verifyUlListItemAutoSequencedOnEnterKey
19:30:05.408 [TestNG-test-RetryMultipleFailedTestcases-2] INFO  a_testbase.BaseClass - Thread Name: TestNG-test-RetryMultipleFailedTestcases-2
19:30:05.408 [TestNG-test-RetryMultipleFailedTestcases-2] INFO  a_testbase.BaseClass - Thread ID: 51
19:30:11.060 [TestNG-test-RetryMultipleFailedTestcases-1] INFO  b_utilities.RetryAnalyzer - 🔴 Browser closed before retry attempt: 1
19:30:11.062 [TestNG-test-RetryMultipleFailedTestcases-1] INFO  a_testbase.BaseClass - Browser closed for test: verifyTableInsertionFromToolbar
19:30:11.062 [TestNG-test-RetryMultipleFailedTestcases-1] INFO  a_testbase.BaseClass - Thread Name: TestNG-test-RetryMultipleFailedTestcases-1
19:30:11.062 [TestNG-test-RetryMultipleFailedTestcases-1] INFO  a_testbase.BaseClass - Thread ID: 50
19:30:11.068 [TestNG-test-RetryMultipleFailedTestcases-2] WARN  a_testbase.BaseClass - Test method verifyUndoRedoFunctionalityAfterApplyingStylesInsideInputElement is not annotated with @ZephyrTestCase. Zephyr updates skipped.
19:30:12.388 [TestNG-test-RetryMultipleFailedTestcases-2] INFO  a_testbase.BaseClass - Browser closed for test: verifyUndoRedoFunctionalityAfterApplyingStylesInsideInputElement
19:30:12.389 [TestNG-test-RetryMultipleFailedTestcases-2] INFO  a_testbase.BaseClass - Thread Name: TestNG-test-RetryMultipleFailedTestcases-2
19:30:12.389 [TestNG-test-RetryMultipleFailedTestcases-2] INFO  a_testbase.BaseClass - Thread ID: 51
19:30:17.030 [TestNG-test-RetryMultipleFailedTestcases-1] WARN  a_testbase.BaseClass - Test method verifyTableInsertionFromToolbar is not annotated with @ZephyrTestCase. Zephyr updates skipped.
19:30:19.093 [TestNG-test-RetryMultipleFailedTestcases-2] INFO  a_testbase.BaseClass - Starting test: verifyUnlistNumberedListTableCheckParaRCO
19:30:33.814 [TestNG-test-RetryMultipleFailedTestcases-3] INFO  a_testbase.BaseClass - 'Please Wait' has disappeared. Proceeding.
19:30:41.944 [TestNG-test-RetryMultipleFailedTestcases-4] INFO  a_testbase.BaseClass - 'Please Wait' has disappeared. Proceeding.
19:30:52.931 [TestNG-test-RetryMultipleFailedTestcases-4] INFO  a_testbase.BaseClass - Browser closed for test: verifyTrackChangeCardWhenInsertTableBeforePara
19:30:52.931 [TestNG-test-RetryMultipleFailedTestcases-4] INFO  a_testbase.BaseClass - Thread Name: TestNG-test-RetryMultipleFailedTestcases-4
19:30:52.931 [TestNG-test-RetryMultipleFailedTestcases-4] INFO  a_testbase.BaseClass - Thread ID: 53
19:30:59.073 [TestNG-test-RetryMultipleFailedTestcases-4] WARN  a_testbase.BaseClass - Test method verifyValidationErrorOnCopyPaste is not annotated with @ZephyrTestCase. Zephyr updates skipped.
19:31:00.208 [TestNG-test-RetryMultipleFailedTestcases-4] INFO  a_testbase.BaseClass - Browser closed for test: verifyValidationErrorOnCopyPaste
19:31:00.208 [TestNG-test-RetryMultipleFailedTestcases-4] INFO  a_testbase.BaseClass - Thread Name: TestNG-test-RetryMultipleFailedTestcases-4
19:31:00.208 [TestNG-test-RetryMultipleFailedTestcases-4] INFO  a_testbase.BaseClass - Thread ID: 53
19:31:00.962 [TestNG-test-RetryMultipleFailedTestcases-3] INFO  b_utilities.RetryAnalyzer - 🔴 Browser closed before retry attempt: 1
19:31:00.962 [TestNG-test-RetryMultipleFailedTestcases-3] INFO  a_testbase.BaseClass - Browser closed for test: verifyTableRighClickInsertRowBeforeAndDeleteColumn
19:31:00.962 [TestNG-test-RetryMultipleFailedTestcases-3] INFO  a_testbase.BaseClass - Thread Name: TestNG-test-RetryMultipleFailedTestcases-3
19:31:00.962 [TestNG-test-RetryMultipleFailedTestcases-3] INFO  a_testbase.BaseClass - Thread ID: 52
19:31:05.424 [TestNG-test-RetryMultipleFailedTestcases-4] WARN  a_testbase.BaseClass - Test method verifyViewFootnoteInEditor is not annotated with @ZephyrTestCase. Zephyr updates skipped.
19:31:06.407 [TestNG-test-RetryMultipleFailedTestcases-3] WARN  a_testbase.BaseClass - Test method verifyTableRighClickInsertRowBeforeAndDeleteColumn is not annotated with @ZephyrTestCase. Zephyr updates skipped.
19:31:06.407 [TestNG-test-RetryMultipleFailedTestcases-3] INFO  a_testbase.BaseClass - Starting test: TC102_verifyTableRightClickRowInsertBefore
19:31:10.144 [TestNG-test-RetryMultipleFailedTestcases-1] INFO  a_testbase.BaseClass - 'Please Wait' has disappeared. Proceeding.
19:31:11.454 [TestNG-test-RetryMultipleFailedTestcases-2] INFO  a_testbase.BaseClass - 'Please Wait' has disappeared. Proceeding.
19:31:15.600 [TestNG-test-RetryMultipleFailedTestcases-1] INFO  a_testbase.BaseClass - Browser closed for test: verifyTableInsertionFromToolbar
19:31:15.601 [TestNG-test-RetryMultipleFailedTestcases-1] INFO  a_testbase.BaseClass - Thread Name: TestNG-test-RetryMultipleFailedTestcases-1
19:31:15.601 [TestNG-test-RetryMultipleFailedTestcases-1] INFO  a_testbase.BaseClass - Thread ID: 50
19:31:20.109 [TestNG-test-RetryMultipleFailedTestcases-2] INFO  a_testbase.BaseClass - Assertion: Element list is inside table (after arrow left): true
19:31:20.539 [TestNG-test-RetryMultipleFailedTestcases-2] INFO  a_testbase.BaseClass - Assertion: Element list is inside table (after unlist attempt): true
19:31:20.539 [TestNG-test-RetryMultipleFailedTestcases-2] INFO  a_testbase.BaseClass - Test finished: verifyUnlistNumberedListTableCheckParaRCO - PASSED
19:31:20.540 [TestNG-test-RetryMultipleFailedTestcases-2] INFO  a_testbase.BaseClass - Updating Zephyr Test Case ID: IAPPAE-T2038 to Status: Pass
19:31:20.542 [TestNG-test-RetryMultipleFailedTestcases-2] INFO  b_utilities.UpdateZephyrTestExecution - Updating Zephyr Test Case: IAPPAE-T2038 in Cycle: IAPPAE-R25 with status: Pass
19:31:21.448 [TestNG-test-RetryMultipleFailedTestcases-2] INFO  b_utilities.UpdateZephyrTestExecution - Zephyr API Response Code: 401
19:31:21.448 [TestNG-test-RetryMultipleFailedTestcases-2] INFO  b_utilities.UpdateZephyrTestExecution - Zephyr API Response: {"error": "Your token is revoked"}
19:31:21.448 [TestNG-test-RetryMultipleFailedTestcases-1] WARN  a_testbase.BaseClass - Test method verifyWhileSelectingCompleteParaAndInsertingTable is not annotated with @ZephyrTestCase. Zephyr updates skipped.
19:31:22.451 [TestNG-test-RetryMultipleFailedTestcases-1] INFO  a_testbase.BaseClass - Browser closed for test: verifyWhileSelectingCompleteParaAndInsertingTable
19:31:22.669 [TestNG-test-RetryMultipleFailedTestcases-2] INFO  a_testbase.BaseClass - Browser closed for test: verifyUnlistNumberedListTableCheckParaRCO
19:31:57.098 [TestNG-test-RetryMultipleFailedTestcases-4] INFO  a_testbase.BaseClass - 'Please Wait' has disappeared. Proceeding.
19:31:57.693 [TestNG-test-RetryMultipleFailedTestcases-3] INFO  a_testbase.BaseClass - 'Please Wait' has disappeared. Proceeding.
19:32:08.760 [TestNG-test-RetryMultipleFailedTestcases-4] INFO  a_testbase.BaseClass - Browser closed for test: verifyViewFootnoteInEditor
19:32:21.576 [TestNG-test-RetryMultipleFailedTestcases-3] INFO  b_utilities.RetryAnalyzer - ⚠ Zephyr Test Case ID not found for: verifyTableRighClickInsertRowBeforeAndDeleteColumn
19:32:22.889 [TestNG-test-RetryMultipleFailedTestcases-3] INFO  a_testbase.BaseClass - Browser closed for test: verifyTableRighClickInsertRowBeforeAndDeleteColumn
19:32:23.706 [main] INFO  a_testbase.BaseClass - Excel report generated successfully at .\reports\Excel Report.xls
19:32:25.844 [main] INFO  a_testbase.BaseClass - Extent Report generated successfully.
