19:14:38.905 [TestNG-test-RetryMultipleFailedTestcases-2] WARN  a_testbase.BaseClass - Test method verifyOlListItemAutoSequencedWhenHitEnterAfterList is not annotated with @ZephyrTestCase. Zephyr updates skipped.
19:14:40.115 [TestNG-test-RetryMultipleFailedTestcases-2] INFO  a_testbase.BaseClass - Browser closed for test: verifyOlListItemAutoSequencedWhenHitEnterAfterList
19:14:40.116 [TestNG-test-RetryMultipleFailedTestcases-2] INFO  a_testbase.BaseClass - Thread Name: TestNG-test-RetryMultipleFailedTestcases-2
19:14:40.116 [TestNG-test-RetryMultipleFailedTestcases-2] INFO  a_testbase.BaseClass - Thread ID: 51
19:14:41.759 [TestNG-test-RetryMultipleFailedTestcases-3] WARN  a_testbase.BaseClass - Test method verifyParaChangedAndRetainedAfterChangingToNotes is not annotated with @ZephyrTestCase. Zephyr updates skipped.
19:14:43.178 [TestNG-test-RetryMultipleFailedTestcases-3] INFO  a_testbase.BaseClass - Browser closed for test: verifyParaChangedAndRetainedAfterChangingToNotes
19:14:43.179 [TestNG-test-RetryMultipleFailedTestcases-3] INFO  a_testbase.BaseClass - Thread Name: TestNG-test-RetryMultipleFailedTestcases-3
19:14:43.179 [TestNG-test-RetryMultipleFailedTestcases-3] INFO  a_testbase.BaseClass - Thread ID: 52
19:14:45.151 [TestNG-test-RetryMultipleFailedTestcases-2] WARN  a_testbase.BaseClass - Test method verifyParaChangedAndRetainedAfterInsertingNumberedPara is not annotated with @ZephyrTestCase. Zephyr updates skipped.
19:14:46.248 [TestNG-test-RetryMultipleFailedTestcases-2] INFO  a_testbase.BaseClass - Browser closed for test: verifyParaChangedAndRetainedAfterInsertingNumberedPara
19:14:46.249 [TestNG-test-RetryMultipleFailedTestcases-2] INFO  a_testbase.BaseClass - Thread Name: TestNG-test-RetryMultipleFailedTestcases-2
19:14:46.249 [TestNG-test-RetryMultipleFailedTestcases-2] INFO  a_testbase.BaseClass - Thread ID: 51
19:14:48.100 [TestNG-test-RetryMultipleFailedTestcases-3] WARN  a_testbase.BaseClass - Test method verifyParaChangedAndRetainedFromDocumentStructureToNotes is not annotated with @ZephyrTestCase. Zephyr updates skipped.
19:14:49.346 [TestNG-test-RetryMultipleFailedTestcases-3] INFO  a_testbase.BaseClass - Browser closed for test: verifyParaChangedAndRetainedFromDocumentStructureToNotes
19:14:49.346 [TestNG-test-RetryMultipleFailedTestcases-3] INFO  a_testbase.BaseClass - Thread Name: TestNG-test-RetryMultipleFailedTestcases-3
19:14:49.346 [TestNG-test-RetryMultipleFailedTestcases-3] INFO  a_testbase.BaseClass - Thread ID: 52
19:14:51.272 [TestNG-test-RetryMultipleFailedTestcases-2] WARN  a_testbase.BaseClass - Test method verifyParaChangedAndRetainedFromDocumentStructureToNumbered is not annotated with @ZephyrTestCase. Zephyr updates skipped.
19:14:52.432 [TestNG-test-RetryMultipleFailedTestcases-2] INFO  a_testbase.BaseClass - Browser closed for test: verifyParaChangedAndRetainedFromDocumentStructureToNumbered
19:14:52.433 [TestNG-test-RetryMultipleFailedTestcases-2] INFO  a_testbase.BaseClass - Thread Name: TestNG-test-RetryMultipleFailedTestcases-2
19:14:52.433 [TestNG-test-RetryMultipleFailedTestcases-2] INFO  a_testbase.BaseClass - Thread ID: 51
19:14:53.055 [TestNG-test-RetryMultipleFailedTestcases-4] INFO  a_testbase.BaseClass - 'Please Wait' has disappeared. Proceeding.
19:14:54.102 [TestNG-test-RetryMultipleFailedTestcases-3] WARN  a_testbase.BaseClass - Test method verifyParaChangedAndRetainedUsingElementsAndAttributes is not annotated with @ZephyrTestCase. Zephyr updates skipped.
19:14:55.680 [TestNG-test-RetryMultipleFailedTestcases-3] INFO  a_testbase.BaseClass - Browser closed for test: verifyParaChangedAndRetainedUsingElementsAndAttributes
19:14:55.681 [TestNG-test-RetryMultipleFailedTestcases-3] INFO  a_testbase.BaseClass - Thread Name: TestNG-test-RetryMultipleFailedTestcases-3
19:14:55.681 [TestNG-test-RetryMultipleFailedTestcases-3] INFO  a_testbase.BaseClass - Thread ID: 52
19:14:57.521 [TestNG-test-RetryMultipleFailedTestcases-2] WARN  a_testbase.BaseClass - Test method verifyParaChangedAndRetainedWhenChangedToNotes is not annotated with @ZephyrTestCase. Zephyr updates skipped.
19:14:58.073 [TestNG-test-RetryMultipleFailedTestcases-4] INFO  a_testbase.BaseClass - Test finished: verifyOlAfterParaQIHitContinueBackspacekey
19:14:58.663 [TestNG-test-RetryMultipleFailedTestcases-2] INFO  a_testbase.BaseClass - Browser closed for test: verifyParaChangedAndRetainedWhenChangedToNotes
19:14:58.664 [TestNG-test-RetryMultipleFailedTestcases-2] INFO  a_testbase.BaseClass - Thread Name: TestNG-test-RetryMultipleFailedTestcases-2
19:14:58.665 [TestNG-test-RetryMultipleFailedTestcases-2] INFO  a_testbase.BaseClass - Thread ID: 51
19:14:59.316 [TestNG-test-RetryMultipleFailedTestcases-4] INFO  a_testbase.BaseClass - Browser closed for test: verifyOlAfterParaQIHitContinueBackspacekey
19:14:59.317 [TestNG-test-RetryMultipleFailedTestcases-4] INFO  a_testbase.BaseClass - Thread Name: TestNG-test-RetryMultipleFailedTestcases-4
19:14:59.317 [TestNG-test-RetryMultipleFailedTestcases-4] INFO  a_testbase.BaseClass - Thread ID: 53
19:15:00.766 [TestNG-test-RetryMultipleFailedTestcases-3] WARN  a_testbase.BaseClass - Test method verifyParaInsertedAfterHittingEnterAtParaNumberFromDS is not annotated with @ZephyrTestCase. Zephyr updates skipped.
19:15:01.239 [TestNG-test-RetryMultipleFailedTestcases-1] INFO  b_utilities.RetryAnalyzer - 🔴 Browser closed before retry attempt: 1
19:15:01.241 [TestNG-test-RetryMultipleFailedTestcases-1] INFO  a_testbase.BaseClass - Updating Zephyr Test Case ID: IAPPAE-T2027 to Status: Skip
19:15:01.262 [TestNG-test-RetryMultipleFailedTestcases-1] INFO  b_utilities.UpdateZephyrTestExecution - Updating Zephyr Test Case: IAPPAE-T2027 in Cycle: IAPPAE-R25 with status: Fail
19:15:01.983 [TestNG-test-RetryMultipleFailedTestcases-3] INFO  a_testbase.BaseClass - Browser closed for test: verifyParaInsertedAfterHittingEnterAtParaNumberFromDS
19:15:01.984 [TestNG-test-RetryMultipleFailedTestcases-3] INFO  a_testbase.BaseClass - Thread Name: TestNG-test-RetryMultipleFailedTestcases-3
19:15:01.984 [TestNG-test-RetryMultipleFailedTestcases-3] INFO  a_testbase.BaseClass - Thread ID: 52
19:15:02.162 [TestNG-test-RetryMultipleFailedTestcases-1] INFO  b_utilities.UpdateZephyrTestExecution - Zephyr API Response Code: 401
19:15:02.162 [TestNG-test-RetryMultipleFailedTestcases-1] INFO  b_utilities.UpdateZephyrTestExecution - Zephyr API Response: {"error": "Your token is revoked"}
19:15:02.164 [TestNG-test-RetryMultipleFailedTestcases-1] INFO  a_testbase.BaseClass - Browser closed for test: verifyNewparaBoldContetInsertAfterPara
19:15:02.165 [TestNG-test-RetryMultipleFailedTestcases-1] INFO  a_testbase.BaseClass - Thread Name: TestNG-test-RetryMultipleFailedTestcases-1
19:15:02.165 [TestNG-test-RetryMultipleFailedTestcases-1] INFO  a_testbase.BaseClass - Thread ID: 50
19:15:02.475 [TestNG-test-RetryMultipleFailedTestcases-2] WARN  a_testbase.BaseClass - Test method verifyParaInsertedAfterHittingEnterAtSectionHeading is not annotated with @ZephyrTestCase. Zephyr updates skipped.
19:15:04.061 [TestNG-test-RetryMultipleFailedTestcases-2] INFO  a_testbase.BaseClass - Browser closed for test: verifyParaInsertedAfterHittingEnterAtSectionHeading
19:15:04.062 [TestNG-test-RetryMultipleFailedTestcases-2] INFO  a_testbase.BaseClass - Thread Name: TestNG-test-RetryMultipleFailedTestcases-2
19:15:04.062 [TestNG-test-RetryMultipleFailedTestcases-2] INFO  a_testbase.BaseClass - Thread ID: 51
19:15:05.431 [TestNG-test-RetryMultipleFailedTestcases-4] WARN  a_testbase.BaseClass - Test method verifyParaInsertedAfterHittingEnterAtStartOfPara is not annotated with @ZephyrTestCase. Zephyr updates skipped.
19:15:07.531 [TestNG-test-RetryMultipleFailedTestcases-4] INFO  a_testbase.BaseClass - Browser closed for test: verifyParaInsertedAfterHittingEnterAtStartOfPara
19:15:07.531 [TestNG-test-RetryMultipleFailedTestcases-4] INFO  a_testbase.BaseClass - Thread Name: TestNG-test-RetryMultipleFailedTestcases-4
19:15:07.531 [TestNG-test-RetryMultipleFailedTestcases-4] INFO  a_testbase.BaseClass - Thread ID: 53
19:15:08.621 [TestNG-test-RetryMultipleFailedTestcases-3] WARN  a_testbase.BaseClass - Test method verifyParaInsertedAfterHittingEnterMultipleTimes is not annotated with @ZephyrTestCase. Zephyr updates skipped.
19:15:08.720 [TestNG-test-RetryMultipleFailedTestcases-1] INFO  a_testbase.BaseClass - Starting test: verifyNewparaBoldContetInsertAfterPara
19:15:09.865 [TestNG-test-RetryMultipleFailedTestcases-3] INFO  a_testbase.BaseClass - Browser closed for test: verifyParaInsertedAfterHittingEnterMultipleTimes
19:15:09.868 [TestNG-test-RetryMultipleFailedTestcases-3] INFO  a_testbase.BaseClass - Thread Name: TestNG-test-RetryMultipleFailedTestcases-3
19:15:09.868 [TestNG-test-RetryMultipleFailedTestcases-3] INFO  a_testbase.BaseClass - Thread ID: 52
19:15:10.970 [TestNG-test-RetryMultipleFailedTestcases-2] WARN  a_testbase.BaseClass - Test method verifyParaInsertedAfterRightClickingInAddressFromDS is not annotated with @ZephyrTestCase. Zephyr updates skipped.
19:15:12.196 [TestNG-test-RetryMultipleFailedTestcases-2] INFO  a_testbase.BaseClass - Browser closed for test: verifyParaInsertedAfterRightClickingInAddressFromDS
19:15:12.198 [TestNG-test-RetryMultipleFailedTestcases-2] INFO  a_testbase.BaseClass - Thread Name: TestNG-test-RetryMultipleFailedTestcases-2
19:15:12.198 [TestNG-test-RetryMultipleFailedTestcases-2] INFO  a_testbase.BaseClass - Thread ID: 51
19:15:13.607 [TestNG-test-RetryMultipleFailedTestcases-4] WARN  a_testbase.BaseClass - Test method verifyParaInsertedAfterRightClickingInAddressFromVEOrDS is not annotated with @ZephyrTestCase. Zephyr updates skipped.
19:15:14.828 [TestNG-test-RetryMultipleFailedTestcases-4] INFO  a_testbase.BaseClass - Browser closed for test: verifyParaInsertedAfterRightClickingInAddressFromVEOrDS
19:15:14.830 [TestNG-test-RetryMultipleFailedTestcases-4] INFO  a_testbase.BaseClass - Thread Name: TestNG-test-RetryMultipleFailedTestcases-4
19:15:14.830 [TestNG-test-RetryMultipleFailedTestcases-4] INFO  a_testbase.BaseClass - Thread ID: 53
19:15:15.956 [TestNG-test-RetryMultipleFailedTestcases-3] WARN  a_testbase.BaseClass - Test method verifyParagraphInsertionBeforeSection is not annotated with @ZephyrTestCase. Zephyr updates skipped.
19:15:17.299 [TestNG-test-RetryMultipleFailedTestcases-3] INFO  a_testbase.BaseClass - Browser closed for test: verifyParagraphInsertionBeforeSection
19:15:17.300 [TestNG-test-RetryMultipleFailedTestcases-3] INFO  a_testbase.BaseClass - Thread Name: TestNG-test-RetryMultipleFailedTestcases-3
19:15:17.300 [TestNG-test-RetryMultipleFailedTestcases-3] INFO  a_testbase.BaseClass - Thread ID: 52
19:15:18.867 [TestNG-test-RetryMultipleFailedTestcases-2] WARN  a_testbase.BaseClass - Test method verifyParagraphNumberedInsertedWithinNumberedPara is not annotated with @ZephyrTestCase. Zephyr updates skipped.
19:15:20.232 [TestNG-test-RetryMultipleFailedTestcases-2] INFO  a_testbase.BaseClass - Browser closed for test: verifyParagraphNumberedInsertedWithinNumberedPara
19:15:20.233 [TestNG-test-RetryMultipleFailedTestcases-2] INFO  a_testbase.BaseClass - Thread Name: TestNG-test-RetryMultipleFailedTestcases-2
19:15:20.233 [TestNG-test-RetryMultipleFailedTestcases-2] INFO  a_testbase.BaseClass - Thread ID: 51
19:15:21.377 [TestNG-test-RetryMultipleFailedTestcases-4] INFO  a_testbase.BaseClass - Starting test: verifyPlaceCursorAtEndOFParaAndCheckInsertAfterPopup
19:15:23.327 [TestNG-test-RetryMultipleFailedTestcases-3] INFO  a_testbase.BaseClass - Starting test: verifyPlaceCursorAtEndOFParaAndCheckInsertBeforePopup
19:15:26.033 [TestNG-test-RetryMultipleFailedTestcases-2] INFO  a_testbase.BaseClass - Starting test: verifyPlaceCursorAtEndOFParaAndCheckInsertIntoPopup
19:16:02.157 [TestNG-test-RetryMultipleFailedTestcases-1] INFO  a_testbase.BaseClass - 'Please Wait' has disappeared. Proceeding.
19:16:13.783 [TestNG-test-RetryMultipleFailedTestcases-4] INFO  a_testbase.BaseClass - 'Please Wait' has disappeared. Proceeding.
19:16:16.894 [TestNG-test-RetryMultipleFailedTestcases-3] INFO  a_testbase.BaseClass - 'Please Wait' has disappeared. Proceeding.
19:16:17.028 [TestNG-test-RetryMultipleFailedTestcases-4] INFO  a_testbase.BaseClass - Insert After Popup displayed: true
19:16:17.951 [TestNG-test-RetryMultipleFailedTestcases-2] INFO  a_testbase.BaseClass - 'Please Wait' has disappeared. Proceeding.
19:16:18.527 [TestNG-test-RetryMultipleFailedTestcases-4] INFO  b_utilities.RetryAnalyzer - 🔴 Browser closed before retry attempt: 1
19:16:18.528 [TestNG-test-RetryMultipleFailedTestcases-4] INFO  a_testbase.BaseClass - Updating Zephyr Test Case ID: IAPPAE-T1999 to Status: Skip
19:16:18.529 [TestNG-test-RetryMultipleFailedTestcases-4] INFO  b_utilities.UpdateZephyrTestExecution - Updating Zephyr Test Case: IAPPAE-T1999 in Cycle: IAPPAE-R25 with status: Fail
19:16:19.027 [TestNG-test-RetryMultipleFailedTestcases-3] INFO  b_utilities.RetryAnalyzer - 🔴 Browser closed before retry attempt: 1
19:16:19.356 [TestNG-test-RetryMultipleFailedTestcases-4] INFO  b_utilities.UpdateZephyrTestExecution - Zephyr API Response Code: 401
19:16:19.356 [TestNG-test-RetryMultipleFailedTestcases-4] INFO  b_utilities.UpdateZephyrTestExecution - Zephyr API Response: {"error": "Your token is revoked"}
19:16:19.356 [TestNG-test-RetryMultipleFailedTestcases-3] INFO  a_testbase.BaseClass - Updating Zephyr Test Case ID: IAPPAE-T1993 to Status: Skip
19:16:19.356 [TestNG-test-RetryMultipleFailedTestcases-4] INFO  a_testbase.BaseClass - Browser closed for test: verifyPlaceCursorAtEndOFParaAndCheckInsertAfterPopup
19:16:19.356 [TestNG-test-RetryMultipleFailedTestcases-4] INFO  a_testbase.BaseClass - Thread Name: TestNG-test-RetryMultipleFailedTestcases-4
19:16:19.356 [TestNG-test-RetryMultipleFailedTestcases-4] INFO  a_testbase.BaseClass - Thread ID: 53
19:16:19.356 [TestNG-test-RetryMultipleFailedTestcases-3] INFO  b_utilities.UpdateZephyrTestExecution - Updating Zephyr Test Case: IAPPAE-T1993 in Cycle: IAPPAE-R25 with status: Fail
19:16:19.625 [TestNG-test-RetryMultipleFailedTestcases-3] INFO  b_utilities.UpdateZephyrTestExecution - Zephyr API Response Code: 401
19:16:19.625 [TestNG-test-RetryMultipleFailedTestcases-3] INFO  b_utilities.UpdateZephyrTestExecution - Zephyr API Response: {"error": "Your token is revoked"}
19:16:19.625 [TestNG-test-RetryMultipleFailedTestcases-3] INFO  a_testbase.BaseClass - Browser closed for test: verifyPlaceCursorAtEndOFParaAndCheckInsertBeforePopup
19:16:19.632 [TestNG-test-RetryMultipleFailedTestcases-3] INFO  a_testbase.BaseClass - Thread Name: TestNG-test-RetryMultipleFailedTestcases-3
19:16:19.632 [TestNG-test-RetryMultipleFailedTestcases-3] INFO  a_testbase.BaseClass - Thread ID: 52
19:16:19.789 [TestNG-test-RetryMultipleFailedTestcases-2] INFO  b_utilities.RetryAnalyzer - 🔴 Browser closed before retry attempt: 1
19:16:19.789 [TestNG-test-RetryMultipleFailedTestcases-2] INFO  a_testbase.BaseClass - Updating Zephyr Test Case ID: IAPPAE-T1996 to Status: Skip
19:16:19.789 [TestNG-test-RetryMultipleFailedTestcases-2] INFO  b_utilities.UpdateZephyrTestExecution - Updating Zephyr Test Case: IAPPAE-T1996 in Cycle: IAPPAE-R25 with status: Fail
19:16:20.058 [TestNG-test-RetryMultipleFailedTestcases-2] INFO  b_utilities.UpdateZephyrTestExecution - Zephyr API Response Code: 401
19:16:20.058 [TestNG-test-RetryMultipleFailedTestcases-2] INFO  b_utilities.UpdateZephyrTestExecution - Zephyr API Response: {"error": "Your token is revoked"}
19:16:20.058 [TestNG-test-RetryMultipleFailedTestcases-2] INFO  a_testbase.BaseClass - Browser closed for test: verifyPlaceCursorAtEndOFParaAndCheckInsertIntoPopup
19:16:20.058 [TestNG-test-RetryMultipleFailedTestcases-2] INFO  a_testbase.BaseClass - Thread Name: TestNG-test-RetryMultipleFailedTestcases-2
19:16:20.058 [TestNG-test-RetryMultipleFailedTestcases-2] INFO  a_testbase.BaseClass - Thread ID: 51
19:16:22.834 [TestNG-test-RetryMultipleFailedTestcases-4] INFO  a_testbase.BaseClass - Starting test: verifyPlaceCursorAtEndOFParaAndCheckInsertAfterPopup
19:16:24.755 [TestNG-test-RetryMultipleFailedTestcases-3] INFO  a_testbase.BaseClass - Starting test: verifyPlaceCursorAtEndOFParaAndCheckInsertBeforePopup
19:16:25.526 [TestNG-test-RetryMultipleFailedTestcases-2] INFO  a_testbase.BaseClass - Starting test: verifyPlaceCursorAtEndOFParaAndCheckInsertIntoPopup
19:17:18.494 [TestNG-test-RetryMultipleFailedTestcases-4] INFO  a_testbase.BaseClass - 'Please Wait' has disappeared. Proceeding.
19:17:19.991 [TestNG-test-RetryMultipleFailedTestcases-4] INFO  b_utilities.RetryAnalyzer - ❌ Updating Zephyr: Test Case ID - IAPPAE-T1999 | Status - Fail
19:17:19.994 [TestNG-test-RetryMultipleFailedTestcases-4] INFO  b_utilities.UpdateZephyrTestExecution - Updating Zephyr Test Case: IAPPAE-T1999 in Cycle: IAPPAE-R25 with status: Fail
19:17:20.542 [TestNG-test-RetryMultipleFailedTestcases-2] INFO  a_testbase.BaseClass - 'Please Wait' has disappeared. Proceeding.
19:17:20.825 [TestNG-test-RetryMultipleFailedTestcases-4] INFO  b_utilities.UpdateZephyrTestExecution - Zephyr API Response Code: 401
19:17:20.825 [TestNG-test-RetryMultipleFailedTestcases-4] INFO  b_utilities.UpdateZephyrTestExecution - Zephyr API Response: {"error": "Your token is revoked"}
19:17:20.825 [TestNG-test-RetryMultipleFailedTestcases-4] INFO  a_testbase.BaseClass - Updating Zephyr Test Case ID: IAPPAE-T1999 to Status: Fail
19:17:20.832 [TestNG-test-RetryMultipleFailedTestcases-4] INFO  b_utilities.UpdateZephyrTestExecution - Updating Zephyr Test Case: IAPPAE-T1999 in Cycle: IAPPAE-R25 with status: Fail
19:17:21.093 [TestNG-test-RetryMultipleFailedTestcases-4] INFO  b_utilities.UpdateZephyrTestExecution - Zephyr API Response Code: 401
19:17:21.093 [TestNG-test-RetryMultipleFailedTestcases-4] INFO  b_utilities.UpdateZephyrTestExecution - Zephyr API Response: {"error": "Your token is revoked"}
19:17:21.484 [TestNG-test-RetryMultipleFailedTestcases-3] INFO  a_testbase.BaseClass - 'Please Wait' has disappeared. Proceeding.
19:17:22.457 [TestNG-test-RetryMultipleFailedTestcases-4] INFO  a_testbase.BaseClass - Browser closed for test: verifyPlaceCursorAtEndOFParaAndCheckInsertAfterPopup
19:17:22.457 [TestNG-test-RetryMultipleFailedTestcases-4] INFO  a_testbase.BaseClass - Thread Name: TestNG-test-RetryMultipleFailedTestcases-4
19:17:22.457 [TestNG-test-RetryMultipleFailedTestcases-4] INFO  a_testbase.BaseClass - Thread ID: 53
19:17:23.030 [TestNG-test-RetryMultipleFailedTestcases-3] INFO  b_utilities.RetryAnalyzer - ❌ Updating Zephyr: Test Case ID - IAPPAE-T1993 | Status - Fail
19:17:23.032 [TestNG-test-RetryMultipleFailedTestcases-3] INFO  b_utilities.UpdateZephyrTestExecution - Updating Zephyr Test Case: IAPPAE-T1993 in Cycle: IAPPAE-R25 with status: Fail
19:17:23.303 [TestNG-test-RetryMultipleFailedTestcases-3] INFO  b_utilities.UpdateZephyrTestExecution - Zephyr API Response Code: 401
19:17:23.303 [TestNG-test-RetryMultipleFailedTestcases-3] INFO  b_utilities.UpdateZephyrTestExecution - Zephyr API Response: {"error": "Your token is revoked"}
19:17:23.304 [TestNG-test-RetryMultipleFailedTestcases-3] INFO  a_testbase.BaseClass - Updating Zephyr Test Case ID: IAPPAE-T1993 to Status: Fail
19:17:23.305 [TestNG-test-RetryMultipleFailedTestcases-3] INFO  b_utilities.UpdateZephyrTestExecution - Updating Zephyr Test Case: IAPPAE-T1993 in Cycle: IAPPAE-R25 with status: Fail
19:17:23.578 [TestNG-test-RetryMultipleFailedTestcases-3] INFO  b_utilities.UpdateZephyrTestExecution - Zephyr API Response Code: 401
19:17:23.578 [TestNG-test-RetryMultipleFailedTestcases-3] INFO  b_utilities.UpdateZephyrTestExecution - Zephyr API Response: {"error": "Your token is revoked"}
19:17:23.738 [TestNG-test-RetryMultipleFailedTestcases-2] INFO  a_testbase.BaseClass - Insert Into Popup displayed: true
19:17:24.018 [TestNG-test-RetryMultipleFailedTestcases-2] INFO  a_testbase.BaseClass - Test finished: verifyPlaceCursorAtEndOFParaAndCheckInsertIntoPopup - PASSED
19:17:24.019 [TestNG-test-RetryMultipleFailedTestcases-2] INFO  a_testbase.BaseClass - Updating Zephyr Test Case ID: IAPPAE-T1996 to Status: Pass
19:17:24.020 [TestNG-test-RetryMultipleFailedTestcases-2] INFO  b_utilities.UpdateZephyrTestExecution - Updating Zephyr Test Case: IAPPAE-T1996 in Cycle: IAPPAE-R25 with status: Pass
19:17:24.291 [TestNG-test-RetryMultipleFailedTestcases-2] INFO  b_utilities.UpdateZephyrTestExecution - Zephyr API Response Code: 401
19:17:24.292 [TestNG-test-RetryMultipleFailedTestcases-2] INFO  b_utilities.UpdateZephyrTestExecution - Zephyr API Response: {"error": "Your token is revoked"}
19:17:24.957 [TestNG-test-RetryMultipleFailedTestcases-3] INFO  a_testbase.BaseClass - Browser closed for test: verifyPlaceCursorAtEndOFParaAndCheckInsertBeforePopup
19:17:24.958 [TestNG-test-RetryMultipleFailedTestcases-3] INFO  a_testbase.BaseClass - Thread Name: TestNG-test-RetryMultipleFailedTestcases-3
19:17:24.958 [TestNG-test-RetryMultipleFailedTestcases-3] INFO  a_testbase.BaseClass - Thread ID: 52
19:17:25.839 [TestNG-test-RetryMultipleFailedTestcases-2] INFO  a_testbase.BaseClass - Browser closed for test: verifyPlaceCursorAtEndOFParaAndCheckInsertIntoPopup
19:17:25.841 [TestNG-test-RetryMultipleFailedTestcases-2] INFO  a_testbase.BaseClass - Thread Name: TestNG-test-RetryMultipleFailedTestcases-2
19:17:25.841 [TestNG-test-RetryMultipleFailedTestcases-2] INFO  a_testbase.BaseClass - Thread ID: 51
19:17:27.682 [TestNG-test-RetryMultipleFailedTestcases-4] INFO  a_testbase.BaseClass - Starting test: verifyPlaceCursorAtMiddleOFParaAndCheckInsertAfterPopup
19:17:28.459 [TestNG-test-RetryMultipleFailedTestcases-1] INFO  b_utilities.RetryAnalyzer - ❌ Updating Zephyr: Test Case ID - IAPPAE-T2027 | Status - Fail
19:17:28.459 [TestNG-test-RetryMultipleFailedTestcases-1] INFO  b_utilities.UpdateZephyrTestExecution - Updating Zephyr Test Case: IAPPAE-T2027 in Cycle: IAPPAE-R25 with status: Fail
19:17:28.742 [TestNG-test-RetryMultipleFailedTestcases-1] INFO  b_utilities.UpdateZephyrTestExecution - Zephyr API Response Code: 401
19:17:28.742 [TestNG-test-RetryMultipleFailedTestcases-1] INFO  b_utilities.UpdateZephyrTestExecution - Zephyr API Response: {"error": "Your token is revoked"}
19:17:28.743 [TestNG-test-RetryMultipleFailedTestcases-1] INFO  a_testbase.BaseClass - Updating Zephyr Test Case ID: IAPPAE-T2027 to Status: Fail
19:17:28.745 [TestNG-test-RetryMultipleFailedTestcases-1] INFO  b_utilities.UpdateZephyrTestExecution - Updating Zephyr Test Case: IAPPAE-T2027 in Cycle: IAPPAE-R25 with status: Fail
19:17:29.016 [TestNG-test-RetryMultipleFailedTestcases-1] INFO  b_utilities.UpdateZephyrTestExecution - Zephyr API Response Code: 401
19:17:29.017 [TestNG-test-RetryMultipleFailedTestcases-1] INFO  b_utilities.UpdateZephyrTestExecution - Zephyr API Response: {"error": "Your token is revoked"}
19:17:29.660 [TestNG-test-RetryMultipleFailedTestcases-3] INFO  a_testbase.BaseClass - Starting test: verifyPlaceCursorAtMiddleOFParaAndCheckInsertBeforePopup
19:17:30.382 [TestNG-test-RetryMultipleFailedTestcases-1] INFO  a_testbase.BaseClass - Browser closed for test: verifyNewparaBoldContetInsertAfterPara
19:17:30.383 [TestNG-test-RetryMultipleFailedTestcases-1] INFO  a_testbase.BaseClass - Thread Name: TestNG-test-RetryMultipleFailedTestcases-1
19:17:30.383 [TestNG-test-RetryMultipleFailedTestcases-1] INFO  a_testbase.BaseClass - Thread ID: 50
19:17:30.889 [TestNG-test-RetryMultipleFailedTestcases-2] INFO  a_testbase.BaseClass - Starting test: verifyPlaceCursorAtMiddleOFParaAndCheckInsertIntoPopup
19:17:35.712 [TestNG-test-RetryMultipleFailedTestcases-1] INFO  a_testbase.BaseClass - Starting test: verifyPlaceCursorAtStartingOFParaAndCheckInsertBeforePopup
19:18:20.115 [TestNG-test-RetryMultipleFailedTestcases-4] INFO  a_testbase.BaseClass - 'Please Wait' has disappeared. Proceeding.
19:18:22.444 [TestNG-test-RetryMultipleFailedTestcases-3] INFO  a_testbase.BaseClass - 'Please Wait' has disappeared. Proceeding.
19:18:23.107 [TestNG-test-RetryMultipleFailedTestcases-4] INFO  a_testbase.BaseClass - Insert After Popup displayed: true
19:18:23.142 [TestNG-test-RetryMultipleFailedTestcases-2] INFO  a_testbase.BaseClass - 'Please Wait' has disappeared. Proceeding.
19:18:24.620 [TestNG-test-RetryMultipleFailedTestcases-4] INFO  b_utilities.RetryAnalyzer - 🔴 Browser closed before retry attempt: 1
19:18:24.621 [TestNG-test-RetryMultipleFailedTestcases-4] INFO  a_testbase.BaseClass - Updating Zephyr Test Case ID: IAPPAE-T1998 to Status: Skip
19:18:24.624 [TestNG-test-RetryMultipleFailedTestcases-4] INFO  b_utilities.UpdateZephyrTestExecution - Updating Zephyr Test Case: IAPPAE-T1998 in Cycle: IAPPAE-R25 with status: Fail
19:18:24.756 [TestNG-test-RetryMultipleFailedTestcases-3] INFO  a_testbase.BaseClass - Insert Before Popup displayed: true
19:18:25.445 [TestNG-test-RetryMultipleFailedTestcases-4] INFO  b_utilities.UpdateZephyrTestExecution - Zephyr API Response Code: 401
19:18:25.445 [TestNG-test-RetryMultipleFailedTestcases-4] INFO  b_utilities.UpdateZephyrTestExecution - Zephyr API Response: {"error": "Your token is revoked"}
19:18:25.448 [TestNG-test-RetryMultipleFailedTestcases-4] INFO  a_testbase.BaseClass - Browser closed for test: verifyPlaceCursorAtMiddleOFParaAndCheckInsertAfterPopup
19:18:25.448 [TestNG-test-RetryMultipleFailedTestcases-4] INFO  a_testbase.BaseClass - Thread Name: TestNG-test-RetryMultipleFailedTestcases-4
19:18:25.448 [TestNG-test-RetryMultipleFailedTestcases-4] INFO  a_testbase.BaseClass - Thread ID: 53
19:18:26.201 [TestNG-test-RetryMultipleFailedTestcases-3] INFO  b_utilities.RetryAnalyzer - 🔴 Browser closed before retry attempt: 1
19:18:26.201 [TestNG-test-RetryMultipleFailedTestcases-3] INFO  a_testbase.BaseClass - Updating Zephyr Test Case ID: IAPPAE-T1992 to Status: Skip
19:18:26.201 [TestNG-test-RetryMultipleFailedTestcases-3] INFO  b_utilities.UpdateZephyrTestExecution - Updating Zephyr Test Case: IAPPAE-T1992 in Cycle: IAPPAE-R25 with status: Fail
19:18:26.470 [TestNG-test-RetryMultipleFailedTestcases-3] INFO  b_utilities.UpdateZephyrTestExecution - Zephyr API Response Code: 401
19:18:26.470 [TestNG-test-RetryMultipleFailedTestcases-3] INFO  b_utilities.UpdateZephyrTestExecution - Zephyr API Response: {"error": "Your token is revoked"}
19:18:26.470 [TestNG-test-RetryMultipleFailedTestcases-3] INFO  a_testbase.BaseClass - Browser closed for test: verifyPlaceCursorAtMiddleOFParaAndCheckInsertBeforePopup
19:18:26.470 [TestNG-test-RetryMultipleFailedTestcases-3] INFO  a_testbase.BaseClass - Thread Name: TestNG-test-RetryMultipleFailedTestcases-3
19:18:26.470 [TestNG-test-RetryMultipleFailedTestcases-3] INFO  a_testbase.BaseClass - Thread ID: 52
19:18:26.692 [TestNG-test-RetryMultipleFailedTestcases-2] INFO  a_testbase.BaseClass - Insert Into Popup displayed: true
19:18:27.239 [TestNG-test-RetryMultipleFailedTestcases-2] INFO  a_testbase.BaseClass - Test finished: verifyPlaceCursorAtMiddleOFParaAndCheckInsertIntoPopup - PASSED
19:18:27.239 [TestNG-test-RetryMultipleFailedTestcases-2] INFO  a_testbase.BaseClass - Updating Zephyr Test Case ID: IAPPAE-T1995 to Status: Pass
19:18:27.243 [TestNG-test-RetryMultipleFailedTestcases-2] INFO  b_utilities.UpdateZephyrTestExecution - Updating Zephyr Test Case: IAPPAE-T1995 in Cycle: IAPPAE-R25 with status: Pass
19:18:27.514 [TestNG-test-RetryMultipleFailedTestcases-2] INFO  b_utilities.UpdateZephyrTestExecution - Zephyr API Response Code: 401
19:18:27.516 [TestNG-test-RetryMultipleFailedTestcases-2] INFO  b_utilities.UpdateZephyrTestExecution - Zephyr API Response: {"error": "Your token is revoked"}
19:18:27.682 [TestNG-test-RetryMultipleFailedTestcases-1] INFO  a_testbase.BaseClass - 'Please Wait' has disappeared. Proceeding.
19:18:28.814 [TestNG-test-RetryMultipleFailedTestcases-2] INFO  a_testbase.BaseClass - Browser closed for test: verifyPlaceCursorAtMiddleOFParaAndCheckInsertIntoPopup
19:18:28.815 [TestNG-test-RetryMultipleFailedTestcases-2] INFO  a_testbase.BaseClass - Thread Name: TestNG-test-RetryMultipleFailedTestcases-2
19:18:28.815 [TestNG-test-RetryMultipleFailedTestcases-2] INFO  a_testbase.BaseClass - Thread ID: 51
19:18:30.478 [TestNG-test-RetryMultipleFailedTestcases-4] INFO  a_testbase.BaseClass - Starting test: verifyPlaceCursorAtMiddleOFParaAndCheckInsertAfterPopup
19:18:31.856 [TestNG-test-RetryMultipleFailedTestcases-1] INFO  a_testbase.BaseClass - Insert Before Popup displayed: true
19:18:32.008 [TestNG-test-RetryMultipleFailedTestcases-3] INFO  a_testbase.BaseClass - Starting test: verifyPlaceCursorAtMiddleOFParaAndCheckInsertBeforePopup
19:18:33.556 [TestNG-test-RetryMultipleFailedTestcases-1] INFO  b_utilities.RetryAnalyzer - 🔴 Browser closed before retry attempt: 1
19:18:33.557 [TestNG-test-RetryMultipleFailedTestcases-1] INFO  a_testbase.BaseClass - Updating Zephyr Test Case ID: IAPPAE-T1991 to Status: Skip
19:18:33.558 [TestNG-test-RetryMultipleFailedTestcases-1] INFO  b_utilities.UpdateZephyrTestExecution - Updating Zephyr Test Case: IAPPAE-T1991 in Cycle: IAPPAE-R25 with status: Fail
19:18:34.366 [TestNG-test-RetryMultipleFailedTestcases-1] INFO  b_utilities.UpdateZephyrTestExecution - Zephyr API Response Code: 401
19:18:34.367 [TestNG-test-RetryMultipleFailedTestcases-1] INFO  b_utilities.UpdateZephyrTestExecution - Zephyr API Response: {"error": "Your token is revoked"}
19:18:34.367 [TestNG-test-RetryMultipleFailedTestcases-1] INFO  a_testbase.BaseClass - Browser closed for test: verifyPlaceCursorAtStartingOFParaAndCheckInsertBeforePopup
19:18:34.368 [TestNG-test-RetryMultipleFailedTestcases-2] INFO  a_testbase.BaseClass - Starting test: verifyPlaceCursorAtStartingOFParaAndCheckInsertIntoPopup
19:18:34.368 [TestNG-test-RetryMultipleFailedTestcases-1] INFO  a_testbase.BaseClass - Thread Name: TestNG-test-RetryMultipleFailedTestcases-1
19:18:34.368 [TestNG-test-RetryMultipleFailedTestcases-1] INFO  a_testbase.BaseClass - Thread ID: 50
19:18:39.627 [TestNG-test-RetryMultipleFailedTestcases-1] INFO  a_testbase.BaseClass - Starting test: verifyPlaceCursorAtStartingOFParaAndCheckInsertBeforePopup
19:19:25.281 [TestNG-test-RetryMultipleFailedTestcases-3] INFO  a_testbase.BaseClass - 'Please Wait' has disappeared. Proceeding.
19:19:25.943 [TestNG-test-RetryMultipleFailedTestcases-4] INFO  a_testbase.BaseClass - 'Please Wait' has disappeared. Proceeding.
19:19:27.519 [TestNG-test-RetryMultipleFailedTestcases-2] INFO  a_testbase.BaseClass - 'Please Wait' has disappeared. Proceeding.
19:19:27.705 [TestNG-test-RetryMultipleFailedTestcases-3] INFO  a_testbase.BaseClass - Insert Before Popup displayed: true
19:19:28.035 [TestNG-test-RetryMultipleFailedTestcases-3] INFO  b_utilities.RetryAnalyzer - ❌ Updating Zephyr: Test Case ID - IAPPAE-T1992 | Status - Fail
19:19:28.037 [TestNG-test-RetryMultipleFailedTestcases-3] INFO  b_utilities.UpdateZephyrTestExecution - Updating Zephyr Test Case: IAPPAE-T1992 in Cycle: IAPPAE-R25 with status: Fail
19:19:28.727 [TestNG-test-RetryMultipleFailedTestcases-4] INFO  a_testbase.BaseClass - Insert After Popup displayed: true
19:19:28.863 [TestNG-test-RetryMultipleFailedTestcases-3] INFO  b_utilities.UpdateZephyrTestExecution - Zephyr API Response Code: 401
19:19:28.863 [TestNG-test-RetryMultipleFailedTestcases-3] INFO  b_utilities.UpdateZephyrTestExecution - Zephyr API Response: {"error": "Your token is revoked"}
19:19:28.864 [TestNG-test-RetryMultipleFailedTestcases-3] INFO  a_testbase.BaseClass - Updating Zephyr Test Case ID: IAPPAE-T1992 to Status: Fail
19:19:28.865 [TestNG-test-RetryMultipleFailedTestcases-3] INFO  b_utilities.UpdateZephyrTestExecution - Updating Zephyr Test Case: IAPPAE-T1992 in Cycle: IAPPAE-R25 with status: Fail
19:19:29.062 [TestNG-test-RetryMultipleFailedTestcases-4] INFO  b_utilities.RetryAnalyzer - ❌ Updating Zephyr: Test Case ID - IAPPAE-T1998 | Status - Fail
19:19:29.063 [TestNG-test-RetryMultipleFailedTestcases-4] INFO  b_utilities.UpdateZephyrTestExecution - Updating Zephyr Test Case: IAPPAE-T1998 in Cycle: IAPPAE-R25 with status: Fail
19:19:29.135 [TestNG-test-RetryMultipleFailedTestcases-3] INFO  b_utilities.UpdateZephyrTestExecution - Zephyr API Response Code: 401
19:19:29.135 [TestNG-test-RetryMultipleFailedTestcases-3] INFO  b_utilities.UpdateZephyrTestExecution - Zephyr API Response: {"error": "Your token is revoked"}
19:19:29.869 [TestNG-test-RetryMultipleFailedTestcases-4] INFO  b_utilities.UpdateZephyrTestExecution - Zephyr API Response Code: 401
19:19:29.869 [TestNG-test-RetryMultipleFailedTestcases-4] INFO  b_utilities.UpdateZephyrTestExecution - Zephyr API Response: {"error": "Your token is revoked"}
19:19:29.869 [TestNG-test-RetryMultipleFailedTestcases-4] INFO  a_testbase.BaseClass - Updating Zephyr Test Case ID: IAPPAE-T1998 to Status: Fail
19:19:29.877 [TestNG-test-RetryMultipleFailedTestcases-4] INFO  b_utilities.UpdateZephyrTestExecution - Updating Zephyr Test Case: IAPPAE-T1998 in Cycle: IAPPAE-R25 with status: Fail
19:19:30.149 [TestNG-test-RetryMultipleFailedTestcases-4] INFO  b_utilities.UpdateZephyrTestExecution - Zephyr API Response Code: 401
19:19:30.149 [TestNG-test-RetryMultipleFailedTestcases-4] INFO  b_utilities.UpdateZephyrTestExecution - Zephyr API Response: {"error": "Your token is revoked"}
19:19:30.460 [TestNG-test-RetryMultipleFailedTestcases-3] INFO  a_testbase.BaseClass - Browser closed for test: verifyPlaceCursorAtMiddleOFParaAndCheckInsertBeforePopup
19:19:30.460 [TestNG-test-RetryMultipleFailedTestcases-3] INFO  a_testbase.BaseClass - Thread Name: TestNG-test-RetryMultipleFailedTestcases-3
19:19:30.460 [TestNG-test-RetryMultipleFailedTestcases-3] INFO  a_testbase.BaseClass - Thread ID: 52
19:19:31.445 [TestNG-test-RetryMultipleFailedTestcases-4] INFO  a_testbase.BaseClass - Browser closed for test: verifyPlaceCursorAtMiddleOFParaAndCheckInsertAfterPopup
19:19:31.445 [TestNG-test-RetryMultipleFailedTestcases-4] INFO  a_testbase.BaseClass - Thread Name: TestNG-test-RetryMultipleFailedTestcases-4
19:19:31.446 [TestNG-test-RetryMultipleFailedTestcases-4] INFO  a_testbase.BaseClass - Thread ID: 53
19:19:31.518 [TestNG-test-RetryMultipleFailedTestcases-2] INFO  a_testbase.BaseClass - Insert Into Popup displayed: true
19:19:31.789 [TestNG-test-RetryMultipleFailedTestcases-2] INFO  a_testbase.BaseClass - Test finished: verifyPlaceCursorAtStartingOFParaAndCheckInsertIntoPopup - PASSED
19:19:31.790 [TestNG-test-RetryMultipleFailedTestcases-2] INFO  a_testbase.BaseClass - Updating Zephyr Test Case ID: IAPPAE-T1994 to Status: Pass
19:19:31.791 [TestNG-test-RetryMultipleFailedTestcases-2] INFO  b_utilities.UpdateZephyrTestExecution - Updating Zephyr Test Case: IAPPAE-T1994 in Cycle: IAPPAE-R25 with status: Pass
19:19:31.848 [TestNG-test-RetryMultipleFailedTestcases-1] INFO  a_testbase.BaseClass - 'Please Wait' has disappeared. Proceeding.
19:19:32.062 [TestNG-test-RetryMultipleFailedTestcases-2] INFO  b_utilities.UpdateZephyrTestExecution - Zephyr API Response Code: 401
19:19:32.064 [TestNG-test-RetryMultipleFailedTestcases-2] INFO  b_utilities.UpdateZephyrTestExecution - Zephyr API Response: {"error": "Your token is revoked"}
19:19:33.834 [TestNG-test-RetryMultipleFailedTestcases-2] INFO  a_testbase.BaseClass - Browser closed for test: verifyPlaceCursorAtStartingOFParaAndCheckInsertIntoPopup
19:19:33.835 [TestNG-test-RetryMultipleFailedTestcases-2] INFO  a_testbase.BaseClass - Thread Name: TestNG-test-RetryMultipleFailedTestcases-2
19:19:33.835 [TestNG-test-RetryMultipleFailedTestcases-2] INFO  a_testbase.BaseClass - Thread ID: 51
19:19:35.271 [TestNG-test-RetryMultipleFailedTestcases-3] INFO  a_testbase.BaseClass - Starting test: verifyPlacingCursorInEndOfParaAndBackspace
19:19:36.049 [TestNG-test-RetryMultipleFailedTestcases-1] INFO  a_testbase.BaseClass - Insert Before Popup displayed: true
19:19:36.664 [TestNG-test-RetryMultipleFailedTestcases-1] INFO  b_utilities.RetryAnalyzer - ❌ Updating Zephyr: Test Case ID - IAPPAE-T1991 | Status - Fail
19:19:36.666 [TestNG-test-RetryMultipleFailedTestcases-1] INFO  b_utilities.UpdateZephyrTestExecution - Updating Zephyr Test Case: IAPPAE-T1991 in Cycle: IAPPAE-R25 with status: Fail
19:19:36.691 [TestNG-test-RetryMultipleFailedTestcases-4] INFO  a_testbase.BaseClass - Starting test: verifyPlacingCursorInMiddleOfParaAndBackspace
19:19:36.936 [TestNG-test-RetryMultipleFailedTestcases-1] INFO  b_utilities.UpdateZephyrTestExecution - Zephyr API Response Code: 401
19:19:36.936 [TestNG-test-RetryMultipleFailedTestcases-1] INFO  b_utilities.UpdateZephyrTestExecution - Zephyr API Response: {"error": "Your token is revoked"}
19:19:36.937 [TestNG-test-RetryMultipleFailedTestcases-1] INFO  a_testbase.BaseClass - Updating Zephyr Test Case ID: IAPPAE-T1991 to Status: Fail
19:19:36.939 [TestNG-test-RetryMultipleFailedTestcases-1] INFO  b_utilities.UpdateZephyrTestExecution - Updating Zephyr Test Case: IAPPAE-T1991 in Cycle: IAPPAE-R25 with status: Fail
19:19:37.212 [TestNG-test-RetryMultipleFailedTestcases-1] INFO  b_utilities.UpdateZephyrTestExecution - Zephyr API Response Code: 401
19:19:37.212 [TestNG-test-RetryMultipleFailedTestcases-1] INFO  b_utilities.UpdateZephyrTestExecution - Zephyr API Response: {"error": "Your token is revoked"}
19:19:38.630 [TestNG-test-RetryMultipleFailedTestcases-1] INFO  a_testbase.BaseClass - Browser closed for test: verifyPlaceCursorAtStartingOFParaAndCheckInsertBeforePopup
19:19:38.631 [TestNG-test-RetryMultipleFailedTestcases-1] INFO  a_testbase.BaseClass - Thread Name: TestNG-test-RetryMultipleFailedTestcases-1
19:19:38.631 [TestNG-test-RetryMultipleFailedTestcases-1] INFO  a_testbase.BaseClass - Thread ID: 50
19:19:38.876 [TestNG-test-RetryMultipleFailedTestcases-2] WARN  a_testbase.BaseClass - Test method verifyRcInsertTableAfterParaCheckTCDetails is not annotated with @ZephyrTestCase. Zephyr updates skipped.
19:19:44.029 [TestNG-test-RetryMultipleFailedTestcases-1] WARN  a_testbase.BaseClass - Test method verifyRcInsertTableAfterParaFromDs is not annotated with @ZephyrTestCase. Zephyr updates skipped.
19:20:29.356 [TestNG-test-RetryMultipleFailedTestcases-3] INFO  a_testbase.BaseClass - 'Please Wait' has disappeared. Proceeding.
19:20:30.343 [TestNG-test-RetryMultipleFailedTestcases-4] INFO  a_testbase.BaseClass - 'Please Wait' has disappeared. Proceeding.
19:20:31.537 [TestNG-test-RetryMultipleFailedTestcases-3] INFO  a_testbase.BaseClass - Half paragraph is deleted: true
19:20:31.537 [TestNG-test-RetryMultipleFailedTestcases-3] INFO  a_testbase.BaseClass - Test finished: verifyPlacingCursorInEndOfParaAndBackspace - PASSED
19:20:31.537 [TestNG-test-RetryMultipleFailedTestcases-3] INFO  a_testbase.BaseClass - Updating Zephyr Test Case ID: IAPPAE-T2006 to Status: Pass
19:20:31.538 [TestNG-test-RetryMultipleFailedTestcases-3] INFO  b_utilities.UpdateZephyrTestExecution - Updating Zephyr Test Case: IAPPAE-T2006 in Cycle: IAPPAE-R25 with status: Pass
19:20:31.601 [TestNG-test-RetryMultipleFailedTestcases-4] INFO  a_testbase.BaseClass - Half paragraph is deleted: true
19:20:31.601 [TestNG-test-RetryMultipleFailedTestcases-4] INFO  a_testbase.BaseClass - Test finished: verifyPlacingCursorInMiddleOfParaAndBackspace - PASSED
19:20:32.039 [TestNG-test-RetryMultipleFailedTestcases-2] INFO  a_testbase.BaseClass - 'Please Wait' has disappeared. Proceeding.
19:20:32.393 [TestNG-test-RetryMultipleFailedTestcases-3] INFO  b_utilities.UpdateZephyrTestExecution - Zephyr API Response Code: 401
19:20:32.394 [TestNG-test-RetryMultipleFailedTestcases-3] INFO  b_utilities.UpdateZephyrTestExecution - Zephyr API Response: {"error": "Your token is revoked"}
19:20:32.394 [TestNG-test-RetryMultipleFailedTestcases-4] INFO  a_testbase.BaseClass - Updating Zephyr Test Case ID: IAPPAE-T2007 to Status: Pass
19:20:32.396 [TestNG-test-RetryMultipleFailedTestcases-4] INFO  b_utilities.UpdateZephyrTestExecution - Updating Zephyr Test Case: IAPPAE-T2007 in Cycle: IAPPAE-R25 with status: Pass
19:20:32.685 [TestNG-test-RetryMultipleFailedTestcases-4] INFO  b_utilities.UpdateZephyrTestExecution - Zephyr API Response Code: 401
19:20:32.686 [TestNG-test-RetryMultipleFailedTestcases-4] INFO  b_utilities.UpdateZephyrTestExecution - Zephyr API Response: {"error": "Your token is revoked"}
19:20:33.562 [TestNG-test-RetryMultipleFailedTestcases-3] INFO  a_testbase.BaseClass - Browser closed for test: verifyPlacingCursorInEndOfParaAndBackspace
19:20:33.563 [TestNG-test-RetryMultipleFailedTestcases-3] INFO  a_testbase.BaseClass - Thread Name: TestNG-test-RetryMultipleFailedTestcases-3
19:20:33.563 [TestNG-test-RetryMultipleFailedTestcases-3] INFO  a_testbase.BaseClass - Thread ID: 52
19:20:33.806 [TestNG-test-RetryMultipleFailedTestcases-4] INFO  a_testbase.BaseClass - Browser closed for test: verifyPlacingCursorInMiddleOfParaAndBackspace
19:20:33.806 [TestNG-test-RetryMultipleFailedTestcases-4] INFO  a_testbase.BaseClass - Thread Name: TestNG-test-RetryMultipleFailedTestcases-4
19:20:33.806 [TestNG-test-RetryMultipleFailedTestcases-4] INFO  a_testbase.BaseClass - Thread ID: 53
19:20:36.121 [TestNG-test-RetryMultipleFailedTestcases-1] INFO  a_testbase.BaseClass - 'Please Wait' has disappeared. Proceeding.
19:20:38.497 [TestNG-test-RetryMultipleFailedTestcases-3] WARN  a_testbase.BaseClass - Test method verifyRcInsertTableBeforeParaFromDs is not annotated with @ZephyrTestCase. Zephyr updates skipped.
19:20:38.790 [TestNG-test-RetryMultipleFailedTestcases-4] WARN  a_testbase.BaseClass - Test method verifyRejectChangesAfterInsertAfterSimpleParaOrSubLevel is not annotated with @ZephyrTestCase. Zephyr updates skipped.
19:20:39.782 [TestNG-test-RetryMultipleFailedTestcases-4] INFO  a_testbase.BaseClass - Browser closed for test: verifyRejectChangesAfterInsertAfterSimpleParaOrSubLevel
19:20:39.783 [TestNG-test-RetryMultipleFailedTestcases-4] INFO  a_testbase.BaseClass - Thread Name: TestNG-test-RetryMultipleFailedTestcases-4
19:20:39.783 [TestNG-test-RetryMultipleFailedTestcases-4] INFO  a_testbase.BaseClass - Thread ID: 53
19:20:44.638 [TestNG-test-RetryMultipleFailedTestcases-4] WARN  a_testbase.BaseClass - Test method verifyRejectTrackChangeForOlLi is not annotated with @ZephyrTestCase. Zephyr updates skipped.
19:21:30.135 [TestNG-test-RetryMultipleFailedTestcases-3] INFO  a_testbase.BaseClass - 'Please Wait' has disappeared. Proceeding.
19:21:35.564 [TestNG-test-RetryMultipleFailedTestcases-4] INFO  a_testbase.BaseClass - 'Please Wait' has disappeared. Proceeding.
19:21:38.792 [TestNG-test-RetryMultipleFailedTestcases-4] INFO  a_testbase.BaseClass - Browser closed for test: verifyRejectTrackChangeForOlLi
19:21:38.794 [TestNG-test-RetryMultipleFailedTestcases-4] INFO  a_testbase.BaseClass - Thread Name: TestNG-test-RetryMultipleFailedTestcases-4
19:21:38.795 [TestNG-test-RetryMultipleFailedTestcases-4] INFO  a_testbase.BaseClass - Thread ID: 53
19:21:43.595 [TestNG-test-RetryMultipleFailedTestcases-4] WARN  a_testbase.BaseClass - Test method verifyRejectTrackChangeForUlLi is not annotated with @ZephyrTestCase. Zephyr updates skipped.
19:22:00.915 [TestNG-test-RetryMultipleFailedTestcases-2] INFO  b_utilities.RetryAnalyzer - 🔴 Browser closed before retry attempt: 1
19:22:00.916 [TestNG-test-RetryMultipleFailedTestcases-2] INFO  a_testbase.BaseClass - Browser closed for test: verifyRcInsertTableAfterParaCheckTCDetails
19:22:00.917 [TestNG-test-RetryMultipleFailedTestcases-2] INFO  a_testbase.BaseClass - Thread Name: TestNG-test-RetryMultipleFailedTestcases-2
19:22:00.917 [TestNG-test-RetryMultipleFailedTestcases-2] INFO  a_testbase.BaseClass - Thread ID: 51
19:22:05.158 [TestNG-test-RetryMultipleFailedTestcases-1] INFO  b_utilities.RetryAnalyzer - 🔴 Browser closed before retry attempt: 1
19:22:05.159 [TestNG-test-RetryMultipleFailedTestcases-1] INFO  a_testbase.BaseClass - Browser closed for test: verifyRcInsertTableAfterParaFromDs
19:22:05.159 [TestNG-test-RetryMultipleFailedTestcases-1] INFO  a_testbase.BaseClass - Thread Name: TestNG-test-RetryMultipleFailedTestcases-1
19:22:05.159 [TestNG-test-RetryMultipleFailedTestcases-1] INFO  a_testbase.BaseClass - Thread ID: 50
19:22:05.239 [TestNG-test-RetryMultipleFailedTestcases-2] WARN  a_testbase.BaseClass - Test method verifyRcInsertTableAfterParaCheckTCDetails is not annotated with @ZephyrTestCase. Zephyr updates skipped.
19:22:10.086 [TestNG-test-RetryMultipleFailedTestcases-1] WARN  a_testbase.BaseClass - Test method verifyRcInsertTableAfterParaFromDs is not annotated with @ZephyrTestCase. Zephyr updates skipped.
19:22:10.488 [TestNG-test-RetryMultipleFailedTestcases-4] INFO  a_testbase.BaseClass - 'Please Wait' has disappeared. Proceeding.
19:22:33.155 [TestNG-test-RetryMultipleFailedTestcases-4] INFO  b_utilities.RetryAnalyzer - 🔴 Browser closed before retry attempt: 1
19:22:33.158 [TestNG-test-RetryMultipleFailedTestcases-4] INFO  a_testbase.BaseClass - Browser closed for test: verifyRejectTrackChangeForUlLi
19:22:33.158 [TestNG-test-RetryMultipleFailedTestcases-4] INFO  a_testbase.BaseClass - Thread Name: TestNG-test-RetryMultipleFailedTestcases-4
19:22:33.158 [TestNG-test-RetryMultipleFailedTestcases-4] INFO  a_testbase.BaseClass - Thread ID: 53
19:22:38.823 [TestNG-test-RetryMultipleFailedTestcases-4] WARN  a_testbase.BaseClass - Test method verifyRejectTrackChangeForUlLi is not annotated with @ZephyrTestCase. Zephyr updates skipped.
19:22:57.553 [TestNG-test-RetryMultipleFailedTestcases-2] INFO  a_testbase.BaseClass - 'Please Wait' has disappeared. Proceeding.
19:22:58.126 [TestNG-test-RetryMultipleFailedTestcases-3] INFO  b_utilities.RetryAnalyzer - 🔴 Browser closed before retry attempt: 1
19:22:58.127 [TestNG-test-RetryMultipleFailedTestcases-3] INFO  a_testbase.BaseClass - Browser closed for test: verifyRcInsertTableBeforeParaFromDs
19:22:58.127 [TestNG-test-RetryMultipleFailedTestcases-3] INFO  a_testbase.BaseClass - Thread Name: TestNG-test-RetryMultipleFailedTestcases-3
19:22:58.127 [TestNG-test-RetryMultipleFailedTestcases-3] INFO  a_testbase.BaseClass - Thread ID: 52
19:23:02.700 [TestNG-test-RetryMultipleFailedTestcases-1] INFO  a_testbase.BaseClass - 'Please Wait' has disappeared. Proceeding.
19:23:02.887 [TestNG-test-RetryMultipleFailedTestcases-3] WARN  a_testbase.BaseClass - Test method verifyRcInsertTableBeforeParaFromDs is not annotated with @ZephyrTestCase. Zephyr updates skipped.
19:23:31.117 [TestNG-test-RetryMultipleFailedTestcases-4] INFO  a_testbase.BaseClass - 'Please Wait' has disappeared. Proceeding.
19:23:38.407 [TestNG-test-RetryMultipleFailedTestcases-4] INFO  a_testbase.BaseClass - Browser closed for test: verifyRejectTrackChangeForUlLi
19:23:38.407 [TestNG-test-RetryMultipleFailedTestcases-4] INFO  a_testbase.BaseClass - Thread Name: TestNG-test-RetryMultipleFailedTestcases-4
19:23:38.407 [TestNG-test-RetryMultipleFailedTestcases-4] INFO  a_testbase.BaseClass - Thread ID: 53
19:23:43.291 [TestNG-test-RetryMultipleFailedTestcases-4] WARN  a_testbase.BaseClass - Test method verifyRejectTrackChangeForUlLiQuickInsert is not annotated with @ZephyrTestCase. Zephyr updates skipped.
19:23:54.412 [TestNG-test-RetryMultipleFailedTestcases-3] INFO  a_testbase.BaseClass - 'Please Wait' has disappeared. Proceeding.
19:24:24.738 [TestNG-test-RetryMultipleFailedTestcases-2] INFO  b_utilities.RetryAnalyzer - ⚠ Zephyr Test Case ID not found for: verifyRcInsertTableAfterParaCheckTCDetails
19:24:26.112 [TestNG-test-RetryMultipleFailedTestcases-2] INFO  a_testbase.BaseClass - Browser closed for test: verifyRcInsertTableAfterParaCheckTCDetails
19:24:26.113 [TestNG-test-RetryMultipleFailedTestcases-2] INFO  a_testbase.BaseClass - Thread Name: TestNG-test-RetryMultipleFailedTestcases-2
19:24:26.113 [TestNG-test-RetryMultipleFailedTestcases-2] INFO  a_testbase.BaseClass - Thread ID: 51
19:24:29.990 [TestNG-test-RetryMultipleFailedTestcases-1] INFO  b_utilities.RetryAnalyzer - ⚠ Zephyr Test Case ID not found for: verifyRcInsertTableAfterParaFromDs
19:24:30.913 [TestNG-test-RetryMultipleFailedTestcases-2] WARN  a_testbase.BaseClass - Test method verifyRejectTrackChangeOL is not annotated with @ZephyrTestCase. Zephyr updates skipped.
19:24:31.338 [TestNG-test-RetryMultipleFailedTestcases-1] INFO  a_testbase.BaseClass - Browser closed for test: verifyRcInsertTableAfterParaFromDs
19:24:31.340 [TestNG-test-RetryMultipleFailedTestcases-1] INFO  a_testbase.BaseClass - Thread Name: TestNG-test-RetryMultipleFailedTestcases-1
19:24:31.340 [TestNG-test-RetryMultipleFailedTestcases-1] INFO  a_testbase.BaseClass - Thread ID: 50
19:24:34.739 [TestNG-test-RetryMultipleFailedTestcases-4] INFO  a_testbase.BaseClass - 'Please Wait' has disappeared. Proceeding.
19:24:36.213 [TestNG-test-RetryMultipleFailedTestcases-1] WARN  a_testbase.BaseClass - Test method verifyRejectingItalicAndParaChanges is not annotated with @ZephyrTestCase. Zephyr updates skipped.
19:24:37.166 [TestNG-test-RetryMultipleFailedTestcases-1] INFO  a_testbase.BaseClass - Browser closed for test: verifyRejectingItalicAndParaChanges
19:24:37.168 [TestNG-test-RetryMultipleFailedTestcases-1] INFO  a_testbase.BaseClass - Thread Name: TestNG-test-RetryMultipleFailedTestcases-1
19:24:37.168 [TestNG-test-RetryMultipleFailedTestcases-1] INFO  a_testbase.BaseClass - Thread ID: 50
19:24:39.088 [TestNG-test-RetryMultipleFailedTestcases-4] INFO  a_testbase.BaseClass - Browser closed for test: verifyRejectTrackChangeForUlLiQuickInsert
19:24:39.090 [TestNG-test-RetryMultipleFailedTestcases-4] INFO  a_testbase.BaseClass - Thread Name: TestNG-test-RetryMultipleFailedTestcases-4
19:24:39.090 [TestNG-test-RetryMultipleFailedTestcases-4] INFO  a_testbase.BaseClass - Thread ID: 53
19:24:42.264 [TestNG-test-RetryMultipleFailedTestcases-1] WARN  a_testbase.BaseClass - Test method verifyRejectTrackChangeUL is not annotated with @ZephyrTestCase. Zephyr updates skipped.
