23:24:39.972 [TestNG-test=RetryMultipleFailedTestcases-1] INFO  sprint6_TestCases.G_SpecialScenarioConditionsTC - Clicked on replace.
23:24:41.038 [TestNG-test=RetryMultipleFailedTestcases-1] INFO  sprint6_TestCases.G_SpecialScenarioConditionsTC - Clicked on track changes.
23:24:41.728 [TestNG-test=RetryMultipleFailedTestcases-1] INFO  sprint6_TestCases.G_SpecialScenarioConditionsTC - Clicked on replace button.
23:24:42.242 [TestNG-test=RetryMultipleFailedTestcases-1] INFO  sprint6_TestCases.G_SpecialScenarioConditionsTC - Clicked on track changes.
23:24:42.261 [TestNG-test=RetryMultipleFailedTestcases-1] INFO  sprint6_TestCases.G_SpecialScenarioConditionsTC - Switched to frame 0.
23:24:42.753 [TestNG-test=RetryMultipleFailedTestcases-1] INFO  sprint6_TestCases.G_SpecialScenarioConditionsTC - Clicked on first para.
23:24:42.791 [TestNG-test=RetryMultipleFailedTestcases-1] INFO  sprint6_TestCases.G_SpecialScenarioConditionsTC - Switched to default content.
23:24:42.838 [TestNG-test=RetryMultipleFailedTestcases-1] INFO  sprint6_TestCases.G_SpecialScenarioConditionsTC - Starting TC365_verifyFindReplaceCheckTC
23:24:50.120 [TestNG-test=RetryMultipleFailedTestcases-1] INFO  sprint6_TestCases.G_SpecialScenarioConditionsTC - Starting TC367_verifyFindReplaceRejectChange
23:25:07.807 [TestNG-test=RetryMultipleFailedTestcases-2] INFO  sprint6_TestCases.G_SpecialScenarioConditionsTC - Logged in and searched for a file, then clicked Edit.
23:25:34.641 [TestNG-test=RetryMultipleFailedTestcases-3] INFO  sprint6_TestCases.G_SpecialScenarioConditionsTC - Logged in and searched for a file, then clicked Edit.
23:25:34.923 [TestNG-test=RetryMultipleFailedTestcases-3] INFO  sprint6_TestCases.G_SpecialScenarioConditionsTC - Clicked on replace.
23:25:35.519 [TestNG-test=RetryMultipleFailedTestcases-3] INFO  sprint6_TestCases.G_SpecialScenarioConditionsTC - Clicked on find what box.
23:25:36.056 [TestNG-test=RetryMultipleFailedTestcases-3] INFO  sprint6_TestCases.G_SpecialScenarioConditionsTC - Clicked on replace button.
23:25:36.518 [TestNG-test=RetryMultipleFailedTestcases-3] INFO  sprint6_TestCases.G_SpecialScenarioConditionsTC - Clicked on track changes.
23:25:36.538 [TestNG-test=RetryMultipleFailedTestcases-3] INFO  sprint6_TestCases.G_SpecialScenarioConditionsTC - Switched to frame 0.
23:25:37.344 [TestNG-test=RetryMultipleFailedTestcases-3] INFO  sprint6_TestCases.G_SpecialScenarioConditionsTC - Clicked on first para.
23:25:37.415 [TestNG-test=RetryMultipleFailedTestcases-3] INFO  sprint6_TestCases.G_SpecialScenarioConditionsTC - Switched to default content.
23:25:38.039 [TestNG-test=RetryMultipleFailedTestcases-3] INFO  sprint6_TestCases.G_SpecialScenarioConditionsTC - Clicked on tc accept change.
23:25:52.105 [TestNG-test=RetryMultipleFailedTestcases-1] INFO  sprint6_TestCases.G_SpecialScenarioConditionsTC - Logged in and searched for a file, then clicked Edit.
23:25:52.353 [TestNG-test=RetryMultipleFailedTestcases-1] INFO  sprint6_TestCases.G_SpecialScenarioConditionsTC - Clicked on replace plugin.
23:25:53.867 [TestNG-test=RetryMultipleFailedTestcases-1] INFO  sprint6_TestCases.G_SpecialScenarioConditionsTC - Clicked on replace button.
23:25:54.363 [TestNG-test=RetryMultipleFailedTestcases-1] INFO  sprint6_TestCases.G_SpecialScenarioConditionsTC - Clicked on track changes.
23:25:54.382 [TestNG-test=RetryMultipleFailedTestcases-1] INFO  sprint6_TestCases.G_SpecialScenarioConditionsTC - Switched to frame 0.
23:25:54.869 [TestNG-test=RetryMultipleFailedTestcases-1] INFO  sprint6_TestCases.G_SpecialScenarioConditionsTC - Clicked on first para.
23:25:54.907 [TestNG-test=RetryMultipleFailedTestcases-1] INFO  sprint6_TestCases.G_SpecialScenarioConditionsTC - Switched to default content.
23:25:55.377 [TestNG-test=RetryMultipleFailedTestcases-1] INFO  sprint6_TestCases.G_SpecialScenarioConditionsTC - Clicked on tv reject change.
23:26:18.114 [TestNG-test=RetryMultipleFailedTestcases-3] INFO  sprint6_TestCases.G_SpecialScenarioConditionsTC - Starting TC366_verifyFindReplaceAcceptChange
23:26:25.261 [TestNG-test=RetryMultipleFailedTestcases-3] INFO  sprint6_TestCases.G_SpecialScenarioConditionsTC - Starting TC368_verifyFindReplaceMatchCaseCheckTC
23:26:35.479 [TestNG-test=RetryMultipleFailedTestcases-1] INFO  sprint6_TestCases.G_SpecialScenarioConditionsTC - Starting TC367_verifyFindReplaceRejectChange
23:26:42.648 [TestNG-test=RetryMultipleFailedTestcases-1] INFO  sprint6_TestCases.G_SpecialScenarioConditionsTC - Starting TC371_verifyFindReplaceWholeWordCheckTC
23:26:59.794 [TestNG-test=RetryMultipleFailedTestcases-3] INFO  sprint6_TestCases.G_SpecialScenarioConditionsTC - Logged in and searched for a file, then clicked Edit.
23:27:00.184 [TestNG-test=RetryMultipleFailedTestcases-3] INFO  sprint6_TestCases.G_SpecialScenarioConditionsTC - Clicked on replace button.
23:27:01.341 [TestNG-test=RetryMultipleFailedTestcases-3] INFO  sprint6_TestCases.G_SpecialScenarioConditionsTC - Clicked on find what box.
23:27:01.604 [TestNG-test=RetryMultipleFailedTestcases-3] INFO  sprint6_TestCases.G_SpecialScenarioConditionsTC - Clicked on match whole word.
23:27:01.727 [TestNG-test=RetryMultipleFailedTestcases-3] INFO  sprint6_TestCases.G_SpecialScenarioConditionsTC - Clicked on replace input.
23:27:02.043 [TestNG-test=RetryMultipleFailedTestcases-3] INFO  sprint6_TestCases.G_SpecialScenarioConditionsTC - Clicked on replace button.
23:27:02.413 [TestNG-test=RetryMultipleFailedTestcases-3] INFO  sprint6_TestCases.G_SpecialScenarioConditionsTC - Clicked on track changes.
23:27:02.448 [TestNG-test=RetryMultipleFailedTestcases-3] INFO  sprint6_TestCases.G_SpecialScenarioConditionsTC - Switched to frame 0.
23:27:02.863 [TestNG-test=RetryMultipleFailedTestcases-3] INFO  sprint6_TestCases.G_SpecialScenarioConditionsTC - Clicked on first para.
23:27:02.899 [TestNG-test=RetryMultipleFailedTestcases-3] INFO  sprint6_TestCases.G_SpecialScenarioConditionsTC - Switched to default content.
23:27:03.329 [TestNG-test=RetryMultipleFailedTestcases-3] INFO  sprint6_TestCases.G_SpecialScenarioConditionsTC - Clicked on tc reject change.
23:27:23.432 [TestNG-test=RetryMultipleFailedTestcases-1] INFO  sprint6_TestCases.G_SpecialScenarioConditionsTC - Logged in and searched for a file, then clicked Edit.
23:27:23.668 [TestNG-test=RetryMultipleFailedTestcases-1] INFO  sprint6_TestCases.G_SpecialScenarioConditionsTC - Clicked on replace.
23:27:24.675 [TestNG-test=RetryMultipleFailedTestcases-1] INFO  sprint6_TestCases.G_SpecialScenarioConditionsTC - Clicked on find what box.
23:27:24.902 [TestNG-test=RetryMultipleFailedTestcases-1] INFO  sprint6_TestCases.G_SpecialScenarioConditionsTC - Clicked on match whole word.
23:27:25.056 [TestNG-test=RetryMultipleFailedTestcases-1] INFO  sprint6_TestCases.G_SpecialScenarioConditionsTC - Clicked on match case.
23:27:25.458 [TestNG-test=RetryMultipleFailedTestcases-1] INFO  sprint6_TestCases.G_SpecialScenarioConditionsTC - Clicked on replace button.
23:27:25.908 [TestNG-test=RetryMultipleFailedTestcases-1] INFO  sprint6_TestCases.G_SpecialScenarioConditionsTC - Clicked on track changes.
23:27:25.936 [TestNG-test=RetryMultipleFailedTestcases-1] INFO  sprint6_TestCases.G_SpecialScenarioConditionsTC - Switched to frame 0.
23:27:26.416 [TestNG-test=RetryMultipleFailedTestcases-1] INFO  sprint6_TestCases.G_SpecialScenarioConditionsTC - Clicked on first para.
23:27:26.456 [TestNG-test=RetryMultipleFailedTestcases-1] INFO  sprint6_TestCases.G_SpecialScenarioConditionsTC - Switched to default content.
23:27:26.915 [TestNG-test=RetryMultipleFailedTestcases-1] INFO  sprint6_TestCases.G_SpecialScenarioConditionsTC - Clicked on tc reject change.
23:27:43.436 [TestNG-test=RetryMultipleFailedTestcases-3] INFO  sprint6_TestCases.G_SpecialScenarioConditionsTC - Starting TC368_verifyFindReplaceMatchCaseCheckTC
23:27:46.872 [TestNG-test=RetryMultipleFailedTestcases-2] INFO  sprint6_TestCases.HA_ChangeElementBlockTC - Starting TC290_verifyChangeParaToMOCheckTC ..
23:27:50.368 [TestNG-test=RetryMultipleFailedTestcases-3] INFO  sprint6_TestCases.HA_ChangeElementBlockTC - Starting TC293_verifyChangeParaToTableCheckTC ..
23:27:54.281 [TestNG-test=RetryMultipleFailedTestcases-4] ERROR sprint6_TestCases.G_SpecialScenarioConditionsTC - Exception while quitting WebDriver: Timed out waiting for driver server to stop.
Build info: version: '4.11.0', revision: '040bc5406b'
System info: os.name: 'Windows 10', os.arch: 'amd64', os.version: '10.0', java.version: '17.0.7'
Driver info: org.openqa.selenium.chrome.ChromeDriver
Command: [d059800340e06c56b5ebe6c7e9f0ae5b, quit {}]
Capabilities {acceptInsecureCerts: false, browserName: chrome, browserVersion: 119.0.6045.200, chrome: {chromedriverVersion: 119.0.6045.105 (38c72552c5e..., userDataDir: C:\Users\RBT\AppData\Local\...}, fedcm:accounts: true, goog:chromeOptions: {debuggerAddress: localhost:58146}, networkConnectionEnabled: false, pageLoadStrategy: normal, platformName: windows, proxy: Proxy(), se:cdp: ws://localhost:58146/devtoo..., se:cdpVersion: 119.0.6045.200, setWindowRect: true, strictFileInteractability: false, timeouts: {implicit: 0, pageLoad: 300000, script: 30000}, unhandledPromptBehavior: dismiss and notify, webauthn:extension:credBlob: true, webauthn:extension:largeBlob: true, webauthn:extension:minPinLength: true, webauthn:extension:prf: true, webauthn:virtualAuthenticators: true}
Session ID: d059800340e06c56b5ebe6c7e9f0ae5b
23:28:01.134 [TestNG-test=RetryMultipleFailedTestcases-4] INFO  sprint6_TestCases.G_SpecialScenarioConditionsTC - Starting TC210_verifyTableInsertIntoMODeleteCheckTC
23:28:07.110 [TestNG-test=RetryMultipleFailedTestcases-1] INFO  sprint6_TestCases.G_SpecialScenarioConditionsTC - Starting TC371_verifyFindReplaceWholeWordCheckTC
23:28:15.271 [TestNG-test=RetryMultipleFailedTestcases-1] INFO  sprint6_TestCases.HA_ChangeElementBlockTC - Starting TC294_verifyChangeParaToFigureCheckTC ..
23:28:19.536 [TestNG-test=RetryMultipleFailedTestcases-2] INFO  sprint6_TestCases.HA_ChangeElementBlockTC - Logged in, searched for a file, and clicked Edit.
23:28:19.544 [TestNG-test=RetryMultipleFailedTestcases-2] INFO  sprint6_TestCases.HA_ChangeElementBlockTC - Created HA_ChangeElementBlock instance.
23:28:25.377 [TestNG-test=RetryMultipleFailedTestcases-3] INFO  sprint6_TestCases.HA_ChangeElementBlockTC - Logged in, searched for a file, and clicked Edit.
23:28:25.377 [TestNG-test=RetryMultipleFailedTestcases-3] INFO  sprint6_TestCases.HA_ChangeElementBlockTC - Created HA_ChangeElementBlock instance.
23:28:38.681 [TestNG-test=RetryMultipleFailedTestcases-2] INFO  sprint6_TestCases.HA_ChangeElementBlockTC - Starting TC290_verifyChangeParaToMOCheckTC ..
23:28:46.892 [TestNG-test=RetryMultipleFailedTestcases-3] INFO  sprint6_TestCases.HA_ChangeElementBlockTC - Starting TC293_verifyChangeParaToTableCheckTC ..
23:28:49.735 [TestNG-test=RetryMultipleFailedTestcases-4] INFO  sprint6_TestCases.G_SpecialScenarioConditionsTC - Logged in and searched for a file, then clicked Edit.
23:28:58.388 [TestNG-test=RetryMultipleFailedTestcases-1] INFO  sprint6_TestCases.HA_ChangeElementBlockTC - Logged in, searched for a file, and clicked Edit.
23:28:58.389 [TestNG-test=RetryMultipleFailedTestcases-1] INFO  sprint6_TestCases.HA_ChangeElementBlockTC - Created HA_ChangeElementBlock instance.
23:29:07.194 [TestNG-test=RetryMultipleFailedTestcases-4] INFO  sprint6_TestCases.G_SpecialScenarioConditionsTC - Starting TC210_verifyTableInsertIntoMODeleteCheckTC
23:29:17.511 [TestNG-test=RetryMultipleFailedTestcases-1] INFO  sprint6_TestCases.HA_ChangeElementBlockTC - Starting TC294_verifyChangeParaToFigureCheckTC ..
23:29:22.985 [TestNG-test=RetryMultipleFailedTestcases-3] INFO  sprint6_TestCases.HA_ChangeElementBlockTC - Logged in, searched for a file, and clicked Edit.
23:29:22.986 [TestNG-test=RetryMultipleFailedTestcases-3] INFO  sprint6_TestCases.HA_ChangeElementBlockTC - Created HA_ChangeElementBlock instance.
23:29:24.708 [TestNG-test=RetryMultipleFailedTestcases-2] INFO  sprint6_TestCases.HA_ChangeElementBlockTC - Logged in, searched for a file, and clicked Edit.
23:29:24.708 [TestNG-test=RetryMultipleFailedTestcases-2] INFO  sprint6_TestCases.HA_ChangeElementBlockTC - Created HA_ChangeElementBlock instance.
23:29:42.421 [TestNG-test=RetryMultipleFailedTestcases-3] INFO  sprint6_TestCases.HA_ChangeElementBlockTC - Starting TC293_verifyChangeParaToTableCheckTC ..
23:29:44.993 [TestNG-test=RetryMultipleFailedTestcases-2] INFO  sprint6_TestCases.HA_ChangeElementBlockTC - Starting TC290_verifyChangeParaToMOCheckTC ..
23:29:59.577 [TestNG-test=RetryMultipleFailedTestcases-4] INFO  sprint6_TestCases.G_SpecialScenarioConditionsTC - Logged in and searched for a file, then clicked Edit.
23:30:10.957 [TestNG-test=RetryMultipleFailedTestcases-1] INFO  sprint6_TestCases.HA_ChangeElementBlockTC - Logged in, searched for a file, and clicked Edit.
23:30:10.957 [TestNG-test=RetryMultipleFailedTestcases-1] INFO  sprint6_TestCases.HA_ChangeElementBlockTC - Created HA_ChangeElementBlock instance.
23:30:17.823 [TestNG-test=RetryMultipleFailedTestcases-4] INFO  sprint6_TestCases.G_SpecialScenarioConditionsTC - Starting TC210_verifyTableInsertIntoMODeleteCheckTC
23:30:29.810 [TestNG-test=RetryMultipleFailedTestcases-1] INFO  sprint6_TestCases.HA_ChangeElementBlockTC - Starting TC294_verifyChangeParaToFigureCheckTC ..
23:30:38.832 [TestNG-test=RetryMultipleFailedTestcases-3] INFO  sprint6_TestCases.HA_ChangeElementBlockTC - Logged in, searched for a file, and clicked Edit.
23:30:38.832 [TestNG-test=RetryMultipleFailedTestcases-3] INFO  sprint6_TestCases.HA_ChangeElementBlockTC - Created HA_ChangeElementBlock instance.
23:30:46.323 [TestNG-test=RetryMultipleFailedTestcases-2] INFO  sprint6_TestCases.HA_ChangeElementBlockTC - Logged in, searched for a file, and clicked Edit.
23:30:46.323 [TestNG-test=RetryMultipleFailedTestcases-2] INFO  sprint6_TestCases.HA_ChangeElementBlockTC - Created HA_ChangeElementBlock instance.
23:30:56.131 [TestNG-test=RetryMultipleFailedTestcases-3] INFO  sprint6_TestCases.HA_ChangeElementBlockTC - Starting TC293_verifyChangeParaToTableCheckTC ..
23:31:07.481 [TestNG-test=RetryMultipleFailedTestcases-2] INFO  sprint6_TestCases.HA_ChangeElementBlockTC - Starting TC290_verifyChangeParaToMOCheckTC ..
23:31:10.206 [TestNG-test=RetryMultipleFailedTestcases-1] INFO  sprint6_TestCases.HA_ChangeElementBlockTC - Logged in, searched for a file, and clicked Edit.
23:31:10.206 [TestNG-test=RetryMultipleFailedTestcases-1] INFO  sprint6_TestCases.HA_ChangeElementBlockTC - Created HA_ChangeElementBlock instance.
23:31:29.538 [TestNG-test=RetryMultipleFailedTestcases-4] INFO  sprint6_TestCases.G_SpecialScenarioConditionsTC - Logged in and searched for a file, then clicked Edit.
23:31:38.514 [TestNG-test=RetryMultipleFailedTestcases-1] INFO  sprint6_TestCases.HA_ChangeElementBlockTC - Starting TC294_verifyChangeParaToFigureCheckTC ..
23:31:48.421 [TestNG-test=RetryMultipleFailedTestcases-4] INFO  sprint6_TestCases.HA_ChangeElementBlockTC - Starting TC295_verifyChangeMOToParaCheckTC ..
23:32:14.230 [TestNG-test=RetryMultipleFailedTestcases-2] INFO  sprint6_TestCases.HA_ChangeElementBlockTC - Logged in, searched for a file, and clicked Edit.
23:32:14.230 [TestNG-test=RetryMultipleFailedTestcases-2] INFO  sprint6_TestCases.HA_ChangeElementBlockTC - Created HA_ChangeElementBlock instance.
23:32:33.416 [TestNG-test=RetryMultipleFailedTestcases-2] INFO  sprint6_TestCases.HA_ChangeElementBlockTC - Starting TC296_verifyChangeMOToTableCheckTC ..
23:32:37.705 [TestNG-test=RetryMultipleFailedTestcases-3] INFO  sprint6_TestCases.HA_ChangeElementBlockTC - Logged in, searched for a file, and clicked Edit.
23:32:37.705 [TestNG-test=RetryMultipleFailedTestcases-3] INFO  sprint6_TestCases.HA_ChangeElementBlockTC - Created HA_ChangeElementBlock instance.
23:32:56.134 [TestNG-test=RetryMultipleFailedTestcases-3] INFO  sprint6_TestCases.HA_ChangeElementBlockTC - Starting TC297_verifyChangeMOToFigureCheckTC ..
23:32:57.469 [TestNG-test=RetryMultipleFailedTestcases-4] INFO  sprint6_TestCases.HA_ChangeElementBlockTC - Logged in, searched for a file, and clicked Edit.
23:32:57.469 [TestNG-test=RetryMultipleFailedTestcases-4] INFO  sprint6_TestCases.HA_ChangeElementBlockTC - Created HA_ChangeElementBlock instance.
23:32:57.498 [TestNG-test=RetryMultipleFailedTestcases-4] INFO  sprint6_TestCases.HA_ChangeElementBlockTC - Switched to frame 0.
23:32:58.670 [TestNG-test=RetryMultipleFailedTestcases-4] INFO  sprint6_TestCases.HA_ChangeElementBlockTC - Switched back to default content.
23:32:59.935 [TestNG-test=RetryMultipleFailedTestcases-4] INFO  sprint6_TestCases.HA_ChangeElementBlockTC - Switched back to default content.
23:33:01.045 [TestNG-test=RetryMultipleFailedTestcases-4] INFO  sprint6_TestCases.HA_ChangeElementBlockTC - Clicked insert img button
23:33:01.045 [TestNG-test=RetryMultipleFailedTestcases-4] INFO  sprint6_TestCases.HA_ChangeElementBlockTC - Clicked insert img button
23:33:01.642 [TestNG-test=RetryMultipleFailedTestcases-4] INFO  sprint6_TestCases.HA_ChangeElementBlockTC - Clicked RHS insert Button
23:33:02.552 [TestNG-test=RetryMultipleFailedTestcases-1] INFO  sprint6_TestCases.HA_ChangeElementBlockTC - Logged in, searched for a file, and clicked Edit.
23:33:02.552 [TestNG-test=RetryMultipleFailedTestcases-1] INFO  sprint6_TestCases.HA_ChangeElementBlockTC - Created HA_ChangeElementBlock instance.
23:33:05.892 [TestNG-test=RetryMultipleFailedTestcases-4] INFO  sprint6_TestCases.HA_ChangeElementBlockTC - Clicked img insert button
23:33:07.380 [TestNG-test=RetryMultipleFailedTestcases-4] INFO  sprint6_TestCases.HA_ChangeElementBlockTC - Clicked Track Change
23:33:07.478 [TestNG-test=RetryMultipleFailedTestcases-4] INFO  sprint6_TestCases.HA_ChangeElementBlockTC - Data card is added in TC
23:33:07.756 [TestNG-test=RetryMultipleFailedTestcases-4] INFO  sprint6_TestCases.HA_ChangeElementBlockTC - Clicked Attribute Panel
23:33:08.729 [TestNG-test=RetryMultipleFailedTestcases-4] INFO  sprint6_TestCases.HA_ChangeElementBlockTC - Clicked change Element
23:33:11.182 [TestNG-test=RetryMultipleFailedTestcases-4] INFO  sprint6_TestCases.HA_ChangeElementBlockTC - Clicked Track Change
23:33:19.147 [TestNG-test=RetryMultipleFailedTestcases-1] INFO  sprint6_TestCases.HA_ChangeElementBlockTC - Starting TC298_verifyChangeTableToMOCheckTC ..
23:33:29.028 [TestNG-test=RetryMultipleFailedTestcases-3] INFO  sprint6_TestCases.HA_ChangeElementBlockTC - Logged in, searched for a file, and clicked Edit.
23:33:29.028 [TestNG-test=RetryMultipleFailedTestcases-3] INFO  sprint6_TestCases.HA_ChangeElementBlockTC - Created HA_ChangeElementBlock instance.
23:33:29.059 [TestNG-test=RetryMultipleFailedTestcases-3] INFO  sprint6_TestCases.HA_ChangeElementBlockTC - Switched to frame 0.
23:33:31.187 [TestNG-test=RetryMultipleFailedTestcases-3] INFO  sprint6_TestCases.HA_ChangeElementBlockTC - Switched back to default content.
23:33:32.213 [TestNG-test=RetryMultipleFailedTestcases-3] INFO  sprint6_TestCases.HA_ChangeElementBlockTC - Clicked Insert After
23:33:32.361 [TestNG-test=RetryMultipleFailedTestcases-3] INFO  sprint6_TestCases.HA_ChangeElementBlockTC - Switched back to default content.
23:33:32.786 [TestNG-test=RetryMultipleFailedTestcases-2] INFO  sprint6_TestCases.HA_ChangeElementBlockTC - Logged in, searched for a file, and clicked Edit.
23:33:32.786 [TestNG-test=RetryMultipleFailedTestcases-2] INFO  sprint6_TestCases.HA_ChangeElementBlockTC - Created HA_ChangeElementBlock instance.
23:33:32.811 [TestNG-test=RetryMultipleFailedTestcases-2] INFO  sprint6_TestCases.HA_ChangeElementBlockTC - Switched to frame 0.
23:33:33.019 [TestNG-test=RetryMultipleFailedTestcases-3] INFO  sprint6_TestCases.HA_ChangeElementBlockTC - Clicked insert img button
23:33:33.443 [TestNG-test=RetryMultipleFailedTestcases-3] INFO  sprint6_TestCases.HA_ChangeElementBlockTC - Clicked RHS insert Button
23:33:33.443 [TestNG-test=RetryMultipleFailedTestcases-3] INFO  sprint6_TestCases.HA_ChangeElementBlockTC - Clicked RHS insert Button
23:33:35.004 [TestNG-test=RetryMultipleFailedTestcases-2] INFO  sprint6_TestCases.HA_ChangeElementBlockTC - Switched back to default content.
23:33:36.005 [TestNG-test=RetryMultipleFailedTestcases-2] INFO  sprint6_TestCases.HA_ChangeElementBlockTC - Switched back to default content.
23:33:37.658 [TestNG-test=RetryMultipleFailedTestcases-2] INFO  sprint6_TestCases.HA_ChangeElementBlockTC - Clicked insert img button
23:33:38.075 [TestNG-test=RetryMultipleFailedTestcases-2] INFO  sprint6_TestCases.HA_ChangeElementBlockTC - Clicked RHS insert Button
23:33:51.255 [TestNG-test=RetryMultipleFailedTestcases-4] INFO  sprint6_TestCases.HA_ChangeElementBlockTC - TC Data card is not present
23:33:51.255 [TestNG-test=RetryMultipleFailedTestcases-4] INFO  sprint6_TestCases.HA_ChangeElementBlockTC - Finished TC295_verifyChangeMOToParaCheckTC ..
23:33:59.493 [TestNG-test=RetryMultipleFailedTestcases-2] INFO  sprint6_TestCases.HA_ChangeElementBlockTC - Clicked img insert button
23:34:02.250 [TestNG-test=RetryMultipleFailedTestcases-2] INFO  sprint6_TestCases.HA_ChangeElementBlockTC - Clicked change Element
23:34:03.224 [TestNG-test=RetryMultipleFailedTestcases-4] INFO  sprint6_TestCases.HA_ChangeElementBlockTC - Starting TC301_verifyChangeParaToAddressCheckTC ..
23:34:04.086 [TestNG-test=RetryMultipleFailedTestcases-2] INFO  sprint6_TestCases.HA_ChangeElementBlockTC - Clicked Table change element
23:34:05.443 [TestNG-test=RetryMultipleFailedTestcases-2] INFO  sprint6_TestCases.HA_ChangeElementBlockTC - Clicked Table properties popup ok button
23:34:06.079 [TestNG-test=RetryMultipleFailedTestcases-2] INFO  sprint6_TestCases.HA_ChangeElementBlockTC - Clicked Track Change
23:34:06.163 [TestNG-test=RetryMultipleFailedTestcases-2] INFO  sprint6_TestCases.HA_ChangeElementBlockTC - Data card is added in TC
23:34:06.216 [TestNG-test=RetryMultipleFailedTestcases-2] INFO  sprint6_TestCases.HA_ChangeElementBlockTC - Finished TC296_verifyChangeMOToTableCheckTC ..
23:34:13.214 [TestNG-test=RetryMultipleFailedTestcases-2] INFO  sprint6_TestCases.HA_ChangeElementBlockTC - Starting TC302_verifyChangeParaToNotesCheckTC ..
23:34:17.032 [TestNG-test=RetryMultipleFailedTestcases-3] INFO  sprint6_TestCases.HA_ChangeElementBlockTC - Starting TC297_verifyChangeMOToFigureCheckTC ..
23:34:26.146 [TestNG-test=RetryMultipleFailedTestcases-1] INFO  sprint6_TestCases.HA_ChangeElementBlockTC - Logged in, searched for a file, and clicked Edit.
23:34:26.147 [TestNG-test=RetryMultipleFailedTestcases-1] INFO  sprint6_TestCases.HA_ChangeElementBlockTC - Created HA_ChangeElementBlock instance.
23:34:42.830 [TestNG-test=RetryMultipleFailedTestcases-1] INFO  sprint6_TestCases.HA_ChangeElementBlockTC - Starting TC298_verifyChangeTableToMOCheckTC ..
23:34:51.312 [TestNG-test=RetryMultipleFailedTestcases-2] INFO  sprint6_TestCases.HA_ChangeElementBlockTC - Logged in, searched for a file, and clicked Edit.
23:34:51.313 [TestNG-test=RetryMultipleFailedTestcases-2] INFO  sprint6_TestCases.HA_ChangeElementBlockTC - Created HA_ChangeElementBlock instance.
23:34:54.884 [TestNG-test=RetryMultipleFailedTestcases-4] INFO  sprint6_TestCases.HA_ChangeElementBlockTC - Logged in, searched for a file, and clicked Edit.
23:34:54.885 [TestNG-test=RetryMultipleFailedTestcases-4] INFO  sprint6_TestCases.HA_ChangeElementBlockTC - Created HA_ChangeElementBlock instance.
23:35:08.572 [TestNG-test=RetryMultipleFailedTestcases-3] INFO  sprint6_TestCases.HA_ChangeElementBlockTC - Logged in, searched for a file, and clicked Edit.
23:35:08.572 [TestNG-test=RetryMultipleFailedTestcases-3] INFO  sprint6_TestCases.HA_ChangeElementBlockTC - Created HA_ChangeElementBlock instance.
23:35:08.596 [TestNG-test=RetryMultipleFailedTestcases-3] INFO  sprint6_TestCases.HA_ChangeElementBlockTC - Switched to frame 0.
23:35:10.688 [TestNG-test=RetryMultipleFailedTestcases-3] INFO  sprint6_TestCases.HA_ChangeElementBlockTC - Switched back to default content.
23:35:10.694 [TestNG-test=RetryMultipleFailedTestcases-2] INFO  sprint6_TestCases.HA_ChangeElementBlockTC - Starting TC302_verifyChangeParaToNotesCheckTC ..
23:35:12.559 [TestNG-test=RetryMultipleFailedTestcases-3] INFO  sprint6_TestCases.HA_ChangeElementBlockTC - Clicked Insert After
23:35:12.647 [TestNG-test=RetryMultipleFailedTestcases-3] INFO  sprint6_TestCases.HA_ChangeElementBlockTC - Switched back to default content.
23:35:13.208 [TestNG-test=RetryMultipleFailedTestcases-3] INFO  sprint6_TestCases.HA_ChangeElementBlockTC - Clicked insert img button
23:35:13.680 [TestNG-test=RetryMultipleFailedTestcases-3] INFO  sprint6_TestCases.HA_ChangeElementBlockTC - Clicked RHS insert Button
23:35:13.680 [TestNG-test=RetryMultipleFailedTestcases-3] INFO  sprint6_TestCases.HA_ChangeElementBlockTC - Clicked RHS insert Button
23:35:14.225 [TestNG-test=RetryMultipleFailedTestcases-4] INFO  sprint6_TestCases.HA_ChangeElementBlockTC - Starting TC301_verifyChangeParaToAddressCheckTC ..
23:35:17.106 [TestNG-test=RetryMultipleFailedTestcases-3] INFO  sprint6_TestCases.HA_ChangeElementBlockTC - Clicked img insert button
23:35:18.979 [TestNG-test=RetryMultipleFailedTestcases-3] INFO  sprint6_TestCases.HA_ChangeElementBlockTC - Clicked Track Change
23:35:19.097 [TestNG-test=RetryMultipleFailedTestcases-3] INFO  sprint6_TestCases.HA_ChangeElementBlockTC - Data card is added in TC
23:35:19.437 [TestNG-test=RetryMultipleFailedTestcases-3] INFO  sprint6_TestCases.HA_ChangeElementBlockTC - Clicked Attribute Panel
23:35:19.438 [TestNG-test=RetryMultipleFailedTestcases-3] INFO  sprint6_TestCases.HA_ChangeElementBlockTC - Clicked Attribute Panel
23:35:20.505 [TestNG-test=RetryMultipleFailedTestcases-3] INFO  sprint6_TestCases.HA_ChangeElementBlockTC - Clicked change Element
23:35:22.046 [TestNG-test=RetryMultipleFailedTestcases-3] INFO  sprint6_TestCases.HA_ChangeElementBlockTC - Clicked Figure change Element
23:35:23.197 [TestNG-test=RetryMultipleFailedTestcases-3] INFO  sprint6_TestCases.HA_ChangeElementBlockTC - Clicked img insert button
23:35:25.193 [TestNG-test=RetryMultipleFailedTestcases-3] INFO  sprint6_TestCases.HA_ChangeElementBlockTC - Clicked Figure insert Button
23:35:26.705 [TestNG-test=RetryMultipleFailedTestcases-3] INFO  sprint6_TestCases.HA_ChangeElementBlockTC - Clicked Track Change
23:35:26.729 [TestNG-test=RetryMultipleFailedTestcases-3] INFO  sprint6_TestCases.HA_ChangeElementBlockTC - Switched to frame 0.
23:35:27.473 [TestNG-test=RetryMultipleFailedTestcases-3] INFO  sprint6_TestCases.HA_ChangeElementBlockTC - Switched back to default content.
23:35:27.611 [TestNG-test=RetryMultipleFailedTestcases-3] INFO  sprint6_TestCases.HA_ChangeElementBlockTC - Data card is added in TC
23:35:27.660 [TestNG-test=RetryMultipleFailedTestcases-3] INFO  sprint6_TestCases.HA_ChangeElementBlockTC - Finished TC297_verifyChangeMOToFigureCheckTC ..
23:35:37.450 [TestNG-test=RetryMultipleFailedTestcases-3] INFO  sprint6_TestCases.HA_ChangeElementBlockTC - Starting TC303_verifyChangeParaToIndexCheckTC ..
23:36:00.135 [TestNG-test=RetryMultipleFailedTestcases-2] INFO  sprint6_TestCases.HA_ChangeElementBlockTC - Logged in, searched for a file, and clicked Edit.
23:36:00.136 [TestNG-test=RetryMultipleFailedTestcases-2] INFO  sprint6_TestCases.HA_ChangeElementBlockTC - Created HA_ChangeElementBlock instance.
23:36:02.255 [TestNG-test=RetryMultipleFailedTestcases-1] INFO  sprint6_TestCases.HA_ChangeElementBlockTC - Logged in, searched for a file, and clicked Edit.
23:36:02.255 [TestNG-test=RetryMultipleFailedTestcases-1] INFO  sprint6_TestCases.HA_ChangeElementBlockTC - Created HA_ChangeElementBlock instance.
23:36:06.833 [TestNG-test=RetryMultipleFailedTestcases-4] INFO  sprint6_TestCases.HA_ChangeElementBlockTC - Logged in, searched for a file, and clicked Edit.
23:36:06.833 [TestNG-test=RetryMultipleFailedTestcases-4] INFO  sprint6_TestCases.HA_ChangeElementBlockTC - Created HA_ChangeElementBlock instance.
23:36:19.564 [TestNG-test=RetryMultipleFailedTestcases-2] INFO  sprint6_TestCases.HA_ChangeElementBlockTC - Starting TC302_verifyChangeParaToNotesCheckTC ..
23:36:19.933 [TestNG-test=RetryMultipleFailedTestcases-1] INFO  sprint6_TestCases.HA_ChangeElementBlockTC - Starting TC298_verifyChangeTableToMOCheckTC ..
23:36:22.393 [TestNG-test=RetryMultipleFailedTestcases-3] INFO  sprint6_TestCases.HA_ChangeElementBlockTC - Logged in, searched for a file, and clicked Edit.
23:36:22.393 [TestNG-test=RetryMultipleFailedTestcases-3] INFO  sprint6_TestCases.HA_ChangeElementBlockTC - Created HA_ChangeElementBlock instance.
23:36:27.215 [TestNG-test=RetryMultipleFailedTestcases-4] INFO  sprint6_TestCases.HA_ChangeElementBlockTC - Starting TC301_verifyChangeParaToAddressCheckTC ..
23:36:47.245 [TestNG-test=RetryMultipleFailedTestcases-3] INFO  sprint6_TestCases.HA_ChangeElementBlockTC - Starting TC303_verifyChangeParaToIndexCheckTC ..
23:37:02.869 [TestNG-test=RetryMultipleFailedTestcases-2] INFO  sprint6_TestCases.HA_ChangeElementBlockTC - Logged in, searched for a file, and clicked Edit.
23:37:02.870 [TestNG-test=RetryMultipleFailedTestcases-2] INFO  sprint6_TestCases.HA_ChangeElementBlockTC - Created HA_ChangeElementBlock instance.
23:37:09.428 [TestNG-test=RetryMultipleFailedTestcases-1] INFO  sprint6_TestCases.HA_ChangeElementBlockTC - Logged in, searched for a file, and clicked Edit.
23:37:09.429 [TestNG-test=RetryMultipleFailedTestcases-1] INFO  sprint6_TestCases.HA_ChangeElementBlockTC - Created HA_ChangeElementBlock instance.
23:37:17.730 [TestNG-test=RetryMultipleFailedTestcases-4] INFO  sprint6_TestCases.HA_ChangeElementBlockTC - Logged in, searched for a file, and clicked Edit.
23:37:17.730 [TestNG-test=RetryMultipleFailedTestcases-4] INFO  sprint6_TestCases.HA_ChangeElementBlockTC - Created HA_ChangeElementBlock instance.
23:37:27.588 [TestNG-test=RetryMultipleFailedTestcases-2] INFO  sprint6_TestCases.HA_ChangeElementBlockTC - Starting TC302_verifyChangeParaToNotesCheckTC ..
23:37:30.326 [TestNG-test=RetryMultipleFailedTestcases-1] INFO  sprint6_TestCases.HA_ChangeElementBlockTC - Starting TC298_verifyChangeTableToMOCheckTC ..
23:37:35.220 [TestNG-test=RetryMultipleFailedTestcases-4] INFO  sprint6_TestCases.HA_ChangeElementBlockTC - Starting TC301_verifyChangeParaToAddressCheckTC ..
23:37:59.592 [TestNG-test=RetryMultipleFailedTestcases-3] INFO  sprint6_TestCases.HA_ChangeElementBlockTC - Logged in, searched for a file, and clicked Edit.
23:37:59.592 [TestNG-test=RetryMultipleFailedTestcases-3] INFO  sprint6_TestCases.HA_ChangeElementBlockTC - Created HA_ChangeElementBlock instance.
23:38:15.199 [TestNG-test=RetryMultipleFailedTestcases-3] INFO  sprint6_TestCases.HA_ChangeElementBlockTC - Starting TC303_verifyChangeParaToIndexCheckTC ..
23:38:26.692 [TestNG-test=RetryMultipleFailedTestcases-2] INFO  sprint6_TestCases.HA_ChangeElementBlockTC - Logged in, searched for a file, and clicked Edit.
23:38:26.693 [TestNG-test=RetryMultipleFailedTestcases-2] INFO  sprint6_TestCases.HA_ChangeElementBlockTC - Created HA_ChangeElementBlock instance.
23:38:30.340 [TestNG-test=RetryMultipleFailedTestcases-1] INFO  sprint6_TestCases.HA_ChangeElementBlockTC - Logged in, searched for a file, and clicked Edit.
23:38:30.340 [TestNG-test=RetryMultipleFailedTestcases-1] INFO  sprint6_TestCases.HA_ChangeElementBlockTC - Created HA_ChangeElementBlock instance.
23:38:31.416 [TestNG-test=RetryMultipleFailedTestcases-4] INFO  sprint6_TestCases.HA_ChangeElementBlockTC - Logged in, searched for a file, and clicked Edit.
23:38:31.416 [TestNG-test=RetryMultipleFailedTestcases-4] INFO  sprint6_TestCases.HA_ChangeElementBlockTC - Created HA_ChangeElementBlock instance.
23:38:44.794 [TestNG-test=RetryMultipleFailedTestcases-2] INFO  sprint6_TestCases.HA_ChangeElementBlockTC - Starting TC304_verifyChangeParaToCaptionCheckTC ..
23:38:48.847 [TestNG-test=RetryMultipleFailedTestcases-1] INFO  sprint6_TestCases.HA_ChangeElementBlockTC - Starting TC305_verifyChangeParaToSectionCheckTC ..
23:38:50.562 [TestNG-test=RetryMultipleFailedTestcases-4] INFO  sprint6_TestCases.HA_ChangeElementBlockTC - Starting TC307_verifyChangeSHToMOCheckTC ..
23:38:57.886 [TestNG-test=RetryMultipleFailedTestcases-3] INFO  sprint6_TestCases.HA_ChangeElementBlockTC - Logged in, searched for a file, and clicked Edit.
23:38:57.886 [TestNG-test=RetryMultipleFailedTestcases-3] INFO  sprint6_TestCases.HA_ChangeElementBlockTC - Created HA_ChangeElementBlock instance.
23:39:15.357 [TestNG-test=RetryMultipleFailedTestcases-3] INFO  sprint6_TestCases.HA_ChangeElementBlockTC - Starting TC303_verifyChangeParaToIndexCheckTC ..
23:39:20.585 [TestNG-test=RetryMultipleFailedTestcases-2] INFO  sprint6_TestCases.HA_ChangeElementBlockTC - Logged in, searched for a file, and clicked Edit.
23:39:20.587 [TestNG-test=RetryMultipleFailedTestcases-2] INFO  sprint6_TestCases.HA_ChangeElementBlockTC - Created HA_ChangeElementBlock instance.
23:39:24.362 [TestNG-test=RetryMultipleFailedTestcases-4] INFO  sprint6_TestCases.HA_ChangeElementBlockTC - Logged in, searched for a file, and clicked Edit.
23:39:24.362 [TestNG-test=RetryMultipleFailedTestcases-4] INFO  sprint6_TestCases.HA_ChangeElementBlockTC - Created HA_ChangeElementBlock instance.
23:39:25.599 [TestNG-test=RetryMultipleFailedTestcases-4] INFO  sprint6_TestCases.HA_ChangeElementBlockTC - Clicked change Element
23:39:26.612 [TestNG-test=RetryMultipleFailedTestcases-4] INFO  sprint6_TestCases.HA_ChangeElementBlockTC - Clicked img change Element
23:39:28.230 [TestNG-test=RetryMultipleFailedTestcases-1] INFO  sprint6_TestCases.HA_ChangeElementBlockTC - Logged in, searched for a file, and clicked Edit.
23:39:28.230 [TestNG-test=RetryMultipleFailedTestcases-1] INFO  sprint6_TestCases.HA_ChangeElementBlockTC - Created HA_ChangeElementBlock instance.
23:39:32.893 [TestNG-test=RetryMultipleFailedTestcases-4] INFO  sprint6_TestCases.HA_ChangeElementBlockTC - Clicked img insert button
23:39:34.207 [TestNG-test=RetryMultipleFailedTestcases-4] INFO  sprint6_TestCases.HA_ChangeElementBlockTC - Clicked Track Change
23:39:34.322 [TestNG-test=RetryMultipleFailedTestcases-4] INFO  sprint6_TestCases.HA_ChangeElementBlockTC - Data card is added in TC
23:39:34.384 [TestNG-test=RetryMultipleFailedTestcases-4] INFO  sprint6_TestCases.HA_ChangeElementBlockTC - Finished TC307_verifyChangeSHToMOCheckTC ..
23:39:38.570 [TestNG-test=RetryMultipleFailedTestcases-2] INFO  sprint6_TestCases.HA_ChangeElementBlockTC - Starting TC304_verifyChangeParaToCaptionCheckTC ..
23:39:41.975 [TestNG-test=RetryMultipleFailedTestcases-4] INFO  sprint6_TestCases.HA_ChangeElementBlockTC - Starting TC451_verifyChangeParaToSimpleParaCheckTC ..
23:39:51.424 [TestNG-test=RetryMultipleFailedTestcases-1] INFO  sprint6_TestCases.HA_ChangeElementBlockTC - Starting TC305_verifyChangeParaToSectionCheckTC ..
23:40:06.173 [TestNG-test=RetryMultipleFailedTestcases-3] INFO  sprint6_TestCases.HA_ChangeElementBlockTC - Logged in, searched for a file, and clicked Edit.
23:40:06.173 [TestNG-test=RetryMultipleFailedTestcases-3] INFO  sprint6_TestCases.HA_ChangeElementBlockTC - Created HA_ChangeElementBlock instance.
23:40:20.425 [TestNG-test=RetryMultipleFailedTestcases-2] INFO  sprint6_TestCases.HA_ChangeElementBlockTC - Logged in, searched for a file, and clicked Edit.
23:40:20.425 [TestNG-test=RetryMultipleFailedTestcases-2] INFO  sprint6_TestCases.HA_ChangeElementBlockTC - Created HA_ChangeElementBlock instance.
23:40:26.535 [TestNG-test=RetryMultipleFailedTestcases-3] INFO  sprint6_TestCases.HA_ChangeElementBlockTC - Starting TC452_verifyParaToListCheckTC ..
23:40:38.929 [TestNG-test=RetryMultipleFailedTestcases-2] INFO  sprint6_TestCases.HA_ChangeElementBlockTC - Starting TC304_verifyChangeParaToCaptionCheckTC ..
23:40:43.217 [TestNG-test=RetryMultipleFailedTestcases-4] INFO  sprint6_TestCases.HA_ChangeElementBlockTC - Logged in, searched for a file, and clicked Edit.
23:40:43.217 [TestNG-test=RetryMultipleFailedTestcases-4] INFO  sprint6_TestCases.HA_ChangeElementBlockTC - Created HA_ChangeElementBlock instance.
23:41:03.579 [TestNG-test=RetryMultipleFailedTestcases-4] INFO  sprint6_TestCases.HA_ChangeElementBlockTC - Starting TC451_verifyChangeParaToSimpleParaCheckTC ..
23:41:21.210 [TestNG-test=RetryMultipleFailedTestcases-3] INFO  sprint6_TestCases.HA_ChangeElementBlockTC - Logged in, searched for a file, and clicked Edit.
23:41:21.210 [TestNG-test=RetryMultipleFailedTestcases-3] INFO  sprint6_TestCases.HA_ChangeElementBlockTC - Created HA_ChangeElementBlock instance.
23:41:21.756 [TestNG-test=RetryMultipleFailedTestcases-1] INFO  sprint6_TestCases.HA_ChangeElementBlockTC - Logged in, searched for a file, and clicked Edit.
23:41:21.756 [TestNG-test=RetryMultipleFailedTestcases-1] INFO  sprint6_TestCases.HA_ChangeElementBlockTC - Created HA_ChangeElementBlock instance.
23:41:34.219 [TestNG-test=RetryMultipleFailedTestcases-2] INFO  sprint6_TestCases.HA_ChangeElementBlockTC - Logged in, searched for a file, and clicked Edit.
23:41:34.219 [TestNG-test=RetryMultipleFailedTestcases-2] INFO  sprint6_TestCases.HA_ChangeElementBlockTC - Created HA_ChangeElementBlock instance.
23:41:38.613 [TestNG-test=RetryMultipleFailedTestcases-3] INFO  sprint6_TestCases.HA_ChangeElementBlockTC - Starting TC452_verifyParaToListCheckTC ..
23:41:39.431 [TestNG-test=RetryMultipleFailedTestcases-1] INFO  sprint6_TestCases.HA_ChangeElementBlockTC - Starting TC305_verifyChangeParaToSectionCheckTC ..
23:41:46.005 [TestNG-test=RetryMultipleFailedTestcases-4] INFO  sprint6_TestCases.HA_ChangeElementBlockTC - Logged in, searched for a file, and clicked Edit.
23:41:46.006 [TestNG-test=RetryMultipleFailedTestcases-4] INFO  sprint6_TestCases.HA_ChangeElementBlockTC - Created HA_ChangeElementBlock instance.
23:41:56.991 [TestNG-test=RetryMultipleFailedTestcases-2] INFO  sprint6_TestCases.HA_ChangeElementBlockTC - Starting TC304_verifyChangeParaToCaptionCheckTC ..
23:42:02.530 [TestNG-test=RetryMultipleFailedTestcases-4] INFO  sprint6_TestCases.HA_ChangeElementBlockTC - Starting TC451_verifyChangeParaToSimpleParaCheckTC ..
23:42:37.837 [TestNG-test=RetryMultipleFailedTestcases-1] INFO  sprint6_TestCases.HA_ChangeElementBlockTC - Logged in, searched for a file, and clicked Edit.
23:42:37.838 [TestNG-test=RetryMultipleFailedTestcases-1] INFO  sprint6_TestCases.HA_ChangeElementBlockTC - Created HA_ChangeElementBlock instance.
23:42:44.887 [TestNG-test=RetryMultipleFailedTestcases-3] INFO  sprint6_TestCases.HA_ChangeElementBlockTC - Logged in, searched for a file, and clicked Edit.
23:42:44.887 [TestNG-test=RetryMultipleFailedTestcases-3] INFO  sprint6_TestCases.HA_ChangeElementBlockTC - Created HA_ChangeElementBlock instance.
23:42:53.019 [TestNG-test=RetryMultipleFailedTestcases-2] INFO  sprint6_TestCases.HA_ChangeElementBlockTC - Logged in, searched for a file, and clicked Edit.
23:42:53.019 [TestNG-test=RetryMultipleFailedTestcases-2] INFO  sprint6_TestCases.HA_ChangeElementBlockTC - Created HA_ChangeElementBlock instance.
23:42:53.754 [TestNG-test=RetryMultipleFailedTestcases-1] INFO  sprint6_TestCases.HA_ChangeElementBlockTC - Starting TC305_verifyChangeParaToSectionCheckTC ..
23:43:00.605 [TestNG-test=RetryMultipleFailedTestcases-4] INFO  sprint6_TestCases.HA_ChangeElementBlockTC - Logged in, searched for a file, and clicked Edit.
23:43:00.605 [TestNG-test=RetryMultipleFailedTestcases-4] INFO  sprint6_TestCases.HA_ChangeElementBlockTC - Created HA_ChangeElementBlock instance.
23:43:03.605 [TestNG-test=RetryMultipleFailedTestcases-3] INFO  sprint6_TestCases.HA_ChangeElementBlockTC - Starting TC452_verifyParaToListCheckTC ..
23:43:10.883 [TestNG-test=RetryMultipleFailedTestcases-2] INFO  sprint6_TestCases.HA_ChangeElementBlockTC - Starting TC453_verifySimpleParaToParaCheckTC ..
23:43:16.862 [TestNG-test=RetryMultipleFailedTestcases-4] INFO  sprint6_TestCases.HA_ChangeElementBlockTC - Starting TC451_verifyChangeParaToSimpleParaCheckTC ..
23:43:45.722 [TestNG-test=RetryMultipleFailedTestcases-3] INFO  sprint6_TestCases.HA_ChangeElementBlockTC - Logged in, searched for a file, and clicked Edit.
23:43:45.723 [TestNG-test=RetryMultipleFailedTestcases-3] INFO  sprint6_TestCases.HA_ChangeElementBlockTC - Created HA_ChangeElementBlock instance.
23:43:47.587 [TestNG-test=RetryMultipleFailedTestcases-1] INFO  sprint6_TestCases.HA_ChangeElementBlockTC - Logged in, searched for a file, and clicked Edit.
23:43:47.587 [TestNG-test=RetryMultipleFailedTestcases-1] INFO  sprint6_TestCases.HA_ChangeElementBlockTC - Created HA_ChangeElementBlock instance.
23:43:49.847 [TestNG-test=RetryMultipleFailedTestcases-2] INFO  sprint6_TestCases.HA_ChangeElementBlockTC - Logged in, searched for a file, and clicked Edit.
23:43:49.847 [TestNG-test=RetryMultipleFailedTestcases-2] INFO  sprint6_TestCases.HA_ChangeElementBlockTC - Created HA_ChangeElementBlock instance.
23:44:02.863 [TestNG-test=RetryMultipleFailedTestcases-3] INFO  sprint6_TestCases.HA_ChangeElementBlockTC - Starting TC452_verifyParaToListCheckTC ..
23:44:04.623 [TestNG-test=RetryMultipleFailedTestcases-1] INFO  sprint6_TestCases.HA_ChangeElementBlockTC - Starting TC454_verifySimpleParaToAddressCheckTC ..
23:44:09.241 [TestNG-test=RetryMultipleFailedTestcases-2] INFO  sprint6_TestCases.HA_ChangeElementBlockTC - Starting TC453_verifySimpleParaToParaCheckTC ..
23:44:19.721 [TestNG-test=RetryMultipleFailedTestcases-4] INFO  sprint6_TestCases.HA_ChangeElementBlockTC - Logged in, searched for a file, and clicked Edit.
23:44:19.721 [TestNG-test=RetryMultipleFailedTestcases-4] INFO  sprint6_TestCases.HA_ChangeElementBlockTC - Created HA_ChangeElementBlock instance.
23:44:38.753 [TestNG-test=RetryMultipleFailedTestcases-1] INFO  sprint6_TestCases.HA_ChangeElementBlockTC - Logged in, searched for a file, and clicked Edit.
23:44:38.753 [TestNG-test=RetryMultipleFailedTestcases-1] INFO  sprint6_TestCases.HA_ChangeElementBlockTC - Created HA_ChangeElementBlock instance.
23:44:42.450 [TestNG-test=RetryMultipleFailedTestcases-4] INFO  sprint6_TestCases.HA_ChangeElementBlockTC - Starting TC455_verifySimpleParaToNotesCheckTC ..
23:44:43.290 [TestNG-test=RetryMultipleFailedTestcases-2] INFO  sprint6_TestCases.HA_ChangeElementBlockTC - Logged in, searched for a file, and clicked Edit.
23:44:43.290 [TestNG-test=RetryMultipleFailedTestcases-2] INFO  sprint6_TestCases.HA_ChangeElementBlockTC - Created HA_ChangeElementBlock instance.
23:44:48.675 [TestNG-test=RetryMultipleFailedTestcases-3] INFO  sprint6_TestCases.HA_ChangeElementBlockTC - Logged in, searched for a file, and clicked Edit.
23:44:48.676 [TestNG-test=RetryMultipleFailedTestcases-3] INFO  sprint6_TestCases.HA_ChangeElementBlockTC - Created HA_ChangeElementBlock instance.
23:44:58.139 [TestNG-test=RetryMultipleFailedTestcases-1] INFO  sprint6_TestCases.HA_ChangeElementBlockTC - Starting TC454_verifySimpleParaToAddressCheckTC ..
23:45:00.571 [TestNG-test=RetryMultipleFailedTestcases-2] INFO  sprint6_TestCases.HA_ChangeElementBlockTC - Starting TC453_verifySimpleParaToParaCheckTC ..
23:45:04.883 [TestNG-test=RetryMultipleFailedTestcases-3] INFO  sprint6_TestCases.HA_ChangeElementBlockTC - Starting TC456_verifySimpleParaToListCheckTC ..
23:45:11.088 [TestNG-test=RetryMultipleFailedTestcases-4] INFO  sprint6_TestCases.HA_ChangeElementBlockTC - Logged in, searched for a file, and clicked Edit.
23:45:11.088 [TestNG-test=RetryMultipleFailedTestcases-4] INFO  sprint6_TestCases.HA_ChangeElementBlockTC - Created HA_ChangeElementBlock instance.
23:45:36.071 [TestNG-test=RetryMultipleFailedTestcases-4] INFO  sprint6_TestCases.HA_ChangeElementBlockTC - Starting TC455_verifySimpleParaToNotesCheckTC ..
23:45:37.512 [TestNG-test=RetryMultipleFailedTestcases-2] INFO  sprint6_TestCases.HA_ChangeElementBlockTC - Logged in, searched for a file, and clicked Edit.
23:45:37.513 [TestNG-test=RetryMultipleFailedTestcases-2] INFO  sprint6_TestCases.HA_ChangeElementBlockTC - Created HA_ChangeElementBlock instance.
23:45:39.587 [TestNG-test=RetryMultipleFailedTestcases-1] INFO  sprint6_TestCases.HA_ChangeElementBlockTC - Logged in, searched for a file, and clicked Edit.
23:45:39.587 [TestNG-test=RetryMultipleFailedTestcases-1] INFO  sprint6_TestCases.HA_ChangeElementBlockTC - Created HA_ChangeElementBlock instance.
23:45:44.109 [TestNG-test=RetryMultipleFailedTestcases-3] INFO  sprint6_TestCases.HA_ChangeElementBlockTC - Logged in, searched for a file, and clicked Edit.
23:45:44.109 [TestNG-test=RetryMultipleFailedTestcases-3] INFO  sprint6_TestCases.HA_ChangeElementBlockTC - Created HA_ChangeElementBlock instance.
23:45:55.326 [TestNG-test=RetryMultipleFailedTestcases-2] INFO  sprint6_TestCases.HA_ChangeElementBlockTC - Starting TC453_verifySimpleParaToParaCheckTC ..
23:45:59.841 [TestNG-test=RetryMultipleFailedTestcases-1] INFO  sprint6_TestCases.HA_ChangeElementBlockTC - Starting TC454_verifySimpleParaToAddressCheckTC ..
23:46:04.678 [TestNG-test=RetryMultipleFailedTestcases-3] INFO  sprint6_TestCases.HA_ChangeElementBlockTC - Starting TC456_verifySimpleParaToListCheckTC ..
23:46:10.829 [TestNG-test=RetryMultipleFailedTestcases-4] INFO  sprint6_TestCases.HA_ChangeElementBlockTC - Logged in, searched for a file, and clicked Edit.
23:46:10.829 [TestNG-test=RetryMultipleFailedTestcases-4] INFO  sprint6_TestCases.HA_ChangeElementBlockTC - Created HA_ChangeElementBlock instance.
23:46:27.935 [TestNG-test=RetryMultipleFailedTestcases-4] INFO  sprint6_TestCases.HA_ChangeElementBlockTC - Starting TC455_verifySimpleParaToNotesCheckTC ..
23:47:00.034 [TestNG-test=RetryMultipleFailedTestcases-3] INFO  sprint6_TestCases.HA_ChangeElementBlockTC - Logged in, searched for a file, and clicked Edit.
23:47:00.034 [TestNG-test=RetryMultipleFailedTestcases-3] INFO  sprint6_TestCases.HA_ChangeElementBlockTC - Created HA_ChangeElementBlock instance.
23:47:01.281 [TestNG-test=RetryMultipleFailedTestcases-2] INFO  sprint6_TestCases.HA_ChangeElementBlockTC - Logged in, searched for a file, and clicked Edit.
23:47:01.282 [TestNG-test=RetryMultipleFailedTestcases-2] INFO  sprint6_TestCases.HA_ChangeElementBlockTC - Created HA_ChangeElementBlock instance.
23:47:23.963 [TestNG-test=RetryMultipleFailedTestcases-3] INFO  sprint6_TestCases.HA_ChangeElementBlockTC - Starting TC456_verifySimpleParaToListCheckTC ..
23:47:27.930 [TestNG-test=RetryMultipleFailedTestcases-2] INFO  sprint6_TestCases.HA_ChangeElementBlockTC - Starting TC457_verifySimpleParaToTableCheckTC ..
23:47:28.010 [TestNG-test=RetryMultipleFailedTestcases-1] INFO  sprint6_TestCases.HA_ChangeElementBlockTC - Logged in, searched for a file, and clicked Edit.
23:47:28.011 [TestNG-test=RetryMultipleFailedTestcases-1] INFO  sprint6_TestCases.HA_ChangeElementBlockTC - Created HA_ChangeElementBlock instance.
23:47:30.996 [TestNG-test=RetryMultipleFailedTestcases-4] INFO  sprint6_TestCases.HA_ChangeElementBlockTC - Logged in, searched for a file, and clicked Edit.
23:47:30.996 [TestNG-test=RetryMultipleFailedTestcases-4] INFO  sprint6_TestCases.HA_ChangeElementBlockTC - Created HA_ChangeElementBlock instance.
23:47:49.437 [TestNG-test=RetryMultipleFailedTestcases-4] INFO  sprint6_TestCases.HA_ChangeElementBlockTC - Starting TC455_verifySimpleParaToNotesCheckTC ..
23:48:12.243 [TestNG-test=RetryMultipleFailedTestcases-3] INFO  sprint6_TestCases.HA_ChangeElementBlockTC - Logged in, searched for a file, and clicked Edit.
23:48:12.243 [TestNG-test=RetryMultipleFailedTestcases-3] INFO  sprint6_TestCases.HA_ChangeElementBlockTC - Created HA_ChangeElementBlock instance.
23:48:14.278 [TestNG-test=RetryMultipleFailedTestcases-2] INFO  sprint6_TestCases.HA_ChangeElementBlockTC - Logged in, searched for a file, and clicked Edit.
23:48:14.278 [TestNG-test=RetryMultipleFailedTestcases-2] INFO  sprint6_TestCases.HA_ChangeElementBlockTC - Created HA_ChangeElementBlock instance.
23:48:22.501 [TestNG-test=RetryMultipleFailedTestcases-1] INFO  sprint6_TestCases.HA_ChangeElementBlockTC - Starting TC454_verifySimpleParaToAddressCheckTC ..
23:48:24.497 [TestNG-test=RetryMultipleFailedTestcases-4] INFO  sprint6_TestCases.HA_ChangeElementBlockTC - Logged in, searched for a file, and clicked Edit.
23:48:24.498 [TestNG-test=RetryMultipleFailedTestcases-4] INFO  sprint6_TestCases.HA_ChangeElementBlockTC - Created HA_ChangeElementBlock instance.
23:48:33.937 [TestNG-test=RetryMultipleFailedTestcases-2] INFO  sprint6_TestCases.HA_ChangeElementBlockTC - Starting TC457_verifySimpleParaToTableCheckTC ..
23:48:36.451 [TestNG-test=RetryMultipleFailedTestcases-3] INFO  sprint6_TestCases.HA_ChangeElementBlockTC - Starting TC456_verifySimpleParaToListCheckTC ..
23:48:45.719 [TestNG-test=RetryMultipleFailedTestcases-4] INFO  sprint6_TestCases.HA_ChangeElementBlockTC - Starting TC458_verifySimpleParaToMediaObjectCheckTC ..
23:48:59.880 [TestNG-test=RetryMultipleFailedTestcases-1] INFO  sprint6_TestCases.HA_ChangeElementBlockTC - Logged in, searched for a file, and clicked Edit.
23:48:59.881 [TestNG-test=RetryMultipleFailedTestcases-1] INFO  sprint6_TestCases.HA_ChangeElementBlockTC - Created HA_ChangeElementBlock instance.
23:49:06.753 [TestNG-test=RetryMultipleFailedTestcases-2] INFO  sprint6_TestCases.HA_ChangeElementBlockTC - Logged in, searched for a file, and clicked Edit.
23:49:06.753 [TestNG-test=RetryMultipleFailedTestcases-2] INFO  sprint6_TestCases.HA_ChangeElementBlockTC - Created HA_ChangeElementBlock instance.
23:49:18.389 [TestNG-test=RetryMultipleFailedTestcases-1] INFO  sprint6_TestCases.HA_ChangeElementBlockTC - Starting TC459_verifyNumberedParaToTableCheckTC ..
23:49:22.815 [TestNG-test=RetryMultipleFailedTestcases-3] INFO  sprint6_TestCases.HA_ChangeElementBlockTC - Logged in, searched for a file, and clicked Edit.
23:49:22.816 [TestNG-test=RetryMultipleFailedTestcases-3] INFO  sprint6_TestCases.HA_ChangeElementBlockTC - Created HA_ChangeElementBlock instance.
