19:38:21.872 [TestNG-test=RetryMultipleFailedTestcases-1] INFO  sprint4_TestCases.C_CellLayoutTC - Starting verify_BorderColor test...
19:38:21.887 [TestNG-test=RetryMultipleFailedTestcases-1] INFO  sprint4_TestCases.C_CellLayoutTC - ReusableMethods.LoginAndSearchFile_ClickEdit()
19:38:27.153 [TestNG-test=RetryMultipleFailedTestcases-4] INFO  sprint4_TestCases.C_CellLayoutTC - Switching to frame 0
19:38:27.374 [TestNG-test=RetryMultipleFailedTestcases-4] INFO  sprint4_TestCases.C_CellLayoutTC - Clicking the first cell of the inserted table
19:38:27.758 [TestNG-test=RetryMultipleFailedTestcases-4] INFO  sprint4_TestCases.C_CellLayoutTC - Switching back to default content
19:38:27.781 [TestNG-test=RetryMultipleFailedTestcases-4] INFO  sprint4_TestCases.C_CellLayoutTC - Clicking the PCR button
19:38:27.896 [TestNG-test=RetryMultipleFailedTestcases-4] INFO  sprint4_TestCases.C_CellLayoutTC - Clicking the PCR result
19:38:28.085 [TestNG-test=RetryMultipleFailedTestcases-4] INFO  sprint4_TestCases.C_CellLayoutTC - Double-clicking the PCR result
19:38:28.289 [TestNG-test=RetryMultipleFailedTestcases-4] INFO  sprint4_TestCases.C_CellLayoutTC - Sending BACK_SPACE key
19:38:28.317 [TestNG-test=RetryMultipleFailedTestcases-4] INFO  sprint4_TestCases.C_CellLayoutTC - Sending 'D00F0F' keys
19:38:28.489 [TestNG-test=RetryMultipleFailedTestcases-4] INFO  sprint4_TestCases.C_CellLayoutTC - Clicking the color save button
19:38:28.703 [TestNG-test=RetryMultipleFailedTestcases-4] INFO  sprint4_TestCases.C_CellLayoutTC - Getting the style attribute of the selected color
19:38:28.791 [TestNG-test=RetryMultipleFailedTestcases-4] INFO  sprint4_TestCases.C_CellLayoutTC - Clicking the color picker
19:38:29.020 [TestNG-test=RetryMultipleFailedTestcases-4] INFO  sprint4_TestCases.C_CellLayoutTC - Clicking the PCR pickr
19:38:29.228 [TestNG-test=RetryMultipleFailedTestcases-4] INFO  sprint4_TestCases.C_CellLayoutTC - Clicking the color save button again
19:38:29.430 [TestNG-test=RetryMultipleFailedTestcases-4] INFO  sprint4_TestCases.C_CellLayoutTC - Getting the style attribute of the selected color
19:38:29.490 [TestNG-test=RetryMultipleFailedTestcases-4] INFO  sprint4_TestCases.C_CellLayoutTC - Verifying if the styles are not equal
19:38:29.490 [TestNG-test=RetryMultipleFailedTestcases-4] INFO  sprint4_TestCases.C_CellLayoutTC - Clicking the accept change button
19:38:30.107 [TestNG-test=RetryMultipleFailedTestcases-4] INFO  sprint4_TestCases.C_CellLayoutTC - Switching back to frame 0
19:38:30.246 [TestNG-test=RetryMultipleFailedTestcases-4] INFO  sprint4_TestCases.C_CellLayoutTC - Verifying the background color style of the inserted table first cell
19:38:30.277 [TestNG-test=RetryMultipleFailedTestcases-4] INFO  sprint4_TestCases.C_CellLayoutTC - verify_BackgroundColor_SaveButton test completed successfully.
19:38:40.122 [TestNG-test=RetryMultipleFailedTestcases-4] INFO  sprint4_TestCases.C_CellLayoutTC - Starting verify_BorderColor_ColorPicker test...
19:38:40.122 [TestNG-test=RetryMultipleFailedTestcases-4] INFO  sprint4_TestCases.C_CellLayoutTC - ReusableMethods.LoginAndSearchFile_ClickEdit()
19:38:56.885 [TestNG-test=RetryMultipleFailedTestcases-1] INFO  sprint4_TestCases.C_CellLayoutTC - Creating C_CellLayout instance
19:38:56.885 [TestNG-test=RetryMultipleFailedTestcases-1] INFO  sprint4_TestCases.C_CellLayoutTC - ReusableMethods.insertTableCB()
19:38:58.002 [TestNG-test=RetryMultipleFailedTestcases-2] INFO  sprint4_TestCases.C_CellLayoutTC - ReusableMethods.insertTableCB()
19:39:03.761 [TestNG-test=RetryMultipleFailedTestcases-1] INFO  sprint4_TestCases.C_CellLayoutTC - Verifying if 'Border Color' text is present
19:39:03.873 [TestNG-test=RetryMultipleFailedTestcases-1] INFO  sprint4_TestCases.C_CellLayoutTC - verify_BorderColor test completed successfully.
19:39:10.856 [TestNG-test=RetryMultipleFailedTestcases-1] INFO  sprint4_TestCases.C_CellLayoutTC - Starting verify_BorderColor_SaveButton test...
19:39:10.856 [TestNG-test=RetryMultipleFailedTestcases-1] INFO  sprint4_TestCases.C_CellLayoutTC - ReusableMethods.LoginAndSearchFile_ClickEdit()
19:39:12.170 [TestNG-test=RetryMultipleFailedTestcases-2] INFO  sprint4_TestCases.C_CellLayoutTC - Creating C_CellLayout instance
19:39:12.171 [TestNG-test=RetryMultipleFailedTestcases-2] INFO  sprint4_TestCases.C_CellLayoutTC - Switching to frame 0
19:39:12.329 [TestNG-test=RetryMultipleFailedTestcases-2] INFO  sprint4_TestCases.C_CellLayoutTC - Clicking the first cell of the inserted table
19:39:12.866 [TestNG-test=RetryMultipleFailedTestcases-2] INFO  sprint4_TestCases.C_CellLayoutTC - Switching back to default content
19:39:12.890 [TestNG-test=RetryMultipleFailedTestcases-2] INFO  sprint4_TestCases.C_CellLayoutTC - Getting the style attribute of the selected color
19:39:12.943 [TestNG-test=RetryMultipleFailedTestcases-2] INFO  sprint4_TestCases.C_CellLayoutTC - Clicking the color picker
19:39:13.157 [TestNG-test=RetryMultipleFailedTestcases-2] INFO  sprint4_TestCases.C_CellLayoutTC - Clicking the PCR color palette
19:39:13.343 [TestNG-test=RetryMultipleFailedTestcases-2] INFO  sprint4_TestCases.C_CellLayoutTC - Clicking the color cancel button
19:39:13.521 [TestNG-test=RetryMultipleFailedTestcases-2] INFO  sprint4_TestCases.C_CellLayoutTC - Handling the alert (if present)
19:39:13.523 [TestNG-test=RetryMultipleFailedTestcases-2] INFO  sprint4_TestCases.C_CellLayoutTC - Getting the style attribute of the selected color
19:39:13.560 [TestNG-test=RetryMultipleFailedTestcases-2] INFO  sprint4_TestCases.C_CellLayoutTC - Verifying if the styles are equal after cancel
19:39:13.561 [TestNG-test=RetryMultipleFailedTestcases-2] INFO  sprint4_TestCases.C_CellLayoutTC - verify_BackgroundColor_CancelButton test completed successfully.
19:39:20.689 [TestNG-test=RetryMultipleFailedTestcases-2] INFO  sprint4_TestCases.C_CellLayoutTC - Starting verify_BorderColor_CancelButton test...
19:39:20.689 [TestNG-test=RetryMultipleFailedTestcases-2] INFO  sprint4_TestCases.C_CellLayoutTC - ReusableMethods.LoginAndSearchFile_ClickEdit()
19:39:22.026 [TestNG-test=RetryMultipleFailedTestcases-4] INFO  sprint4_TestCases.C_CellLayoutTC - ReusableMethods.insertTableCB()
19:39:26.167 [TestNG-test=RetryMultipleFailedTestcases-3] INFO  sprint4_TestCases.C_CellLayoutTC - Creating C_CellLayout instance
19:39:26.168 [TestNG-test=RetryMultipleFailedTestcases-3] INFO  sprint4_TestCases.C_CellLayoutTC - Switching to frame 0
19:39:29.281 [TestNG-test=RetryMultipleFailedTestcases-4] INFO  sprint4_TestCases.C_CellLayoutTC - Creating C_CellLayout instance
19:39:29.281 [TestNG-test=RetryMultipleFailedTestcases-4] INFO  sprint4_TestCases.C_CellLayoutTC - Switching to frame 0
19:39:29.330 [TestNG-test=RetryMultipleFailedTestcases-4] INFO  sprint4_TestCases.C_CellLayoutTC - Clicking the first cell of the inserted table
19:39:29.687 [TestNG-test=RetryMultipleFailedTestcases-4] INFO  sprint4_TestCases.C_CellLayoutTC - Switching back to default content
19:39:29.703 [TestNG-test=RetryMultipleFailedTestcases-4] INFO  sprint4_TestCases.C_CellLayoutTC - Getting the style attribute of the selected color
19:39:29.739 [TestNG-test=RetryMultipleFailedTestcases-4] INFO  sprint4_TestCases.C_CellLayoutTC - Clicking the color picker
19:39:29.894 [TestNG-test=RetryMultipleFailedTestcases-4] INFO  sprint4_TestCases.C_CellLayoutTC - Verifying if the color picker element is present
19:39:29.956 [TestNG-test=RetryMultipleFailedTestcases-4] INFO  sprint4_TestCases.C_CellLayoutTC - verify_BorderColor_ColorPicker test completed successfully.
19:39:37.043 [TestNG-test=RetryMultipleFailedTestcases-4] INFO  sprint4_TestCases.C_CellLayoutTC - Starting selectBottomAlign_ChangeToDefault test...
19:39:37.043 [TestNG-test=RetryMultipleFailedTestcases-4] INFO  sprint4_TestCases.C_CellLayoutTC - ReusableMethods.LoginAndSearchFile_ClickEdit()
19:39:55.176 [TestNG-test=RetryMultipleFailedTestcases-1] INFO  sprint4_TestCases.C_CellLayoutTC - ReusableMethods.insertTableCB()
19:40:00.698 [TestNG-test=RetryMultipleFailedTestcases-2] INFO  sprint4_TestCases.C_CellLayoutTC - ReusableMethods.insertTableCB()
19:40:02.614 [TestNG-test=RetryMultipleFailedTestcases-1] INFO  sprint4_TestCases.C_CellLayoutTC - Creating C_CellLayout instance
19:40:02.615 [TestNG-test=RetryMultipleFailedTestcases-1] INFO  sprint4_TestCases.C_CellLayoutTC - Switching to frame 0
19:40:02.674 [TestNG-test=RetryMultipleFailedTestcases-1] INFO  sprint4_TestCases.C_CellLayoutTC - Clicking the first cell of the inserted table
19:40:03.139 [TestNG-test=RetryMultipleFailedTestcases-1] INFO  sprint4_TestCases.C_CellLayoutTC - Switching back to default content
19:40:03.154 [TestNG-test=RetryMultipleFailedTestcases-1] INFO  sprint4_TestCases.C_CellLayoutTC - Getting the style attribute of the selected color
19:40:03.198 [TestNG-test=RetryMultipleFailedTestcases-1] INFO  sprint4_TestCases.C_CellLayoutTC - Clicking the color picker
19:40:03.364 [TestNG-test=RetryMultipleFailedTestcases-1] INFO  sprint4_TestCases.C_CellLayoutTC - Creating Actions instance
19:40:03.364 [TestNG-test=RetryMultipleFailedTestcases-1] INFO  sprint4_TestCases.C_CellLayoutTC - Double-clicking the PCR result two
19:40:03.614 [TestNG-test=RetryMultipleFailedTestcases-1] INFO  sprint4_TestCases.C_CellLayoutTC - Sending BACK_SPACE key
19:40:03.641 [TestNG-test=RetryMultipleFailedTestcases-1] INFO  sprint4_TestCases.C_CellLayoutTC - Sending 'D00F0F' keys
19:40:03.782 [TestNG-test=RetryMultipleFailedTestcases-1] INFO  sprint4_TestCases.C_CellLayoutTC - Clicking the color save button two
19:40:03.970 [TestNG-test=RetryMultipleFailedTestcases-1] INFO  sprint4_TestCases.C_CellLayoutTC - Clicking the accept change button
19:40:04.554 [TestNG-test=RetryMultipleFailedTestcases-1] INFO  sprint4_TestCases.C_CellLayoutTC - Getting the style attribute of the selected color two
19:40:04.774 [TestNG-test=RetryMultipleFailedTestcases-1] INFO  sprint4_TestCases.C_CellLayoutTC - Verifying if the styles are not equal after save
19:40:04.774 [TestNG-test=RetryMultipleFailedTestcases-1] INFO  sprint4_TestCases.C_CellLayoutTC - Clicking the accept change button again
19:40:04.940 [TestNG-test=RetryMultipleFailedTestcases-1] INFO  sprint4_TestCases.C_CellLayoutTC - Switching back to frame 0
19:40:04.961 [TestNG-test=RetryMultipleFailedTestcases-1] INFO  sprint4_TestCases.C_CellLayoutTC - Verifying the border color style of the inserted table first cell
19:40:04.984 [TestNG-test=RetryMultipleFailedTestcases-1] INFO  sprint4_TestCases.C_CellLayoutTC - verify_BorderColor_SaveButton test completed successfully.
19:40:10.885 [TestNG-test=RetryMultipleFailedTestcases-2] INFO  sprint4_TestCases.C_CellLayoutTC - Creating C_CellLayout instance
19:40:10.885 [TestNG-test=RetryMultipleFailedTestcases-2] INFO  sprint4_TestCases.C_CellLayoutTC - Switching to frame 0
19:40:10.957 [TestNG-test=RetryMultipleFailedTestcases-2] INFO  sprint4_TestCases.C_CellLayoutTC - Clicking the first cell of the inserted table
19:40:11.386 [TestNG-test=RetryMultipleFailedTestcases-2] INFO  sprint4_TestCases.C_CellLayoutTC - Switching back to default content
19:40:11.431 [TestNG-test=RetryMultipleFailedTestcases-2] INFO  sprint4_TestCases.C_CellLayoutTC - Getting the style attribute of the selected color two
19:40:11.506 [TestNG-test=RetryMultipleFailedTestcases-2] INFO  sprint4_TestCases.C_CellLayoutTC - Clicking the color picker two
19:40:11.664 [TestNG-test=RetryMultipleFailedTestcases-2] INFO  sprint4_TestCases.C_CellLayoutTC - Clicking the PCR palette two
19:40:11.833 [TestNG-test=RetryMultipleFailedTestcases-2] INFO  sprint4_TestCases.C_CellLayoutTC - Clicking the color cancel button two
19:40:12.016 [TestNG-test=RetryMultipleFailedTestcases-2] INFO  sprint4_TestCases.C_CellLayoutTC - Getting the style attribute of the selected color
19:40:12.071 [TestNG-test=RetryMultipleFailedTestcases-2] INFO  sprint4_TestCases.C_CellLayoutTC - Verifying if the styles are equal after cancel
19:40:12.071 [TestNG-test=RetryMultipleFailedTestcases-2] INFO  sprint4_TestCases.C_CellLayoutTC - verify_BorderColor_CancelButton test completed successfully.
19:40:12.656 [TestNG-test=RetryMultipleFailedTestcases-1] INFO  sprint4_TestCases.D_TP_InsertionsTC - Starting verifyInsertRowAboveAndVerify ..
19:40:19.017 [TestNG-test=RetryMultipleFailedTestcases-2] INFO  sprint4_TestCases.D_TP_InsertionsTC - Starting insertRowBelowAndVerify ..
19:40:22.539 [TestNG-test=RetryMultipleFailedTestcases-4] INFO  sprint4_TestCases.C_CellLayoutTC - Creating C_CellLayout instance
19:40:22.539 [TestNG-test=RetryMultipleFailedTestcases-4] INFO  sprint4_TestCases.C_CellLayoutTC - Switching to frame 0
19:40:22.562 [TestNG-test=RetryMultipleFailedTestcases-4] INFO  sprint4_TestCases.C_CellLayoutTC - Clicking the second element of the existing table
19:40:23.284 [TestNG-test=RetryMultipleFailedTestcases-4] INFO  sprint4_TestCases.C_CellLayoutTC - Switching back to default content
19:40:23.317 [TestNG-test=RetryMultipleFailedTestcases-4] INFO  sprint4_TestCases.C_CellLayoutTC - Clicking the Table Properties tab
19:40:23.569 [TestNG-test=RetryMultipleFailedTestcases-4] INFO  sprint4_TestCases.C_CellLayoutTC - Selecting 'Bottom' from the Vertical Align dropdown
19:40:23.995 [TestNG-test=RetryMultipleFailedTestcases-4] INFO  sprint4_TestCases.C_CellLayoutTC - Switching back to frame 0
19:40:24.055 [TestNG-test=RetryMultipleFailedTestcases-4] INFO  sprint4_TestCases.C_CellLayoutTC - Getting CSS value for the existing table second element
19:40:24.081 [TestNG-test=RetryMultipleFailedTestcases-4] INFO  sprint4_TestCases.C_CellLayoutTC - Verifying if 'Bottom' alignment is applied
19:40:24.106 [TestNG-test=RetryMultipleFailedTestcases-4] INFO  sprint4_TestCases.C_CellLayoutTC - Switching back to default content
19:40:24.108 [TestNG-test=RetryMultipleFailedTestcases-4] INFO  sprint4_TestCases.C_CellLayoutTC - Clicking the Table Properties tab again
19:40:24.292 [TestNG-test=RetryMultipleFailedTestcases-4] INFO  sprint4_TestCases.C_CellLayoutTC - Selecting 'Please Select' from the Vertical Align dropdown
19:40:24.576 [TestNG-test=RetryMultipleFailedTestcases-4] INFO  sprint4_TestCases.C_CellLayoutTC - Switching back to frame 0
19:40:24.610 [TestNG-test=RetryMultipleFailedTestcases-4] INFO  sprint4_TestCases.C_CellLayoutTC - Verifying if alignment is changed to default
19:40:24.629 [TestNG-test=RetryMultipleFailedTestcases-4] INFO  sprint4_TestCases.C_CellLayoutTC - selectBottomAlign_ChangeToDefault test completed successfully.
19:40:31.006 [TestNG-test=RetryMultipleFailedTestcases-4] INFO  sprint4_TestCases.D_TP_InsertionsTC - Starting verifyInsertColumnLeftAcceptChangeEnabled ..
19:41:08.314 [TestNG-test=RetryMultipleFailedTestcases-1] INFO  sprint4_TestCases.D_TP_InsertionsTC - Logged in, searched for a file, and clicked Edit.
19:41:08.314 [TestNG-test=RetryMultipleFailedTestcases-1] INFO  sprint4_TestCases.D_TP_InsertionsTC - Created D_TP_Insertions instance.
19:41:11.935 [TestNG-test=RetryMultipleFailedTestcases-2] INFO  sprint4_TestCases.D_TP_InsertionsTC - Logged in, searched for a file, and clicked Edit.
19:41:11.937 [TestNG-test=RetryMultipleFailedTestcases-2] INFO  sprint4_TestCases.D_TP_InsertionsTC - Created D_TP_Insertions instance.
19:41:16.488 [TestNG-test=RetryMultipleFailedTestcases-1] INFO  sprint4_TestCases.D_TP_InsertionsTC - Inserted a new table.
19:41:17.009 [TestNG-test=RetryMultipleFailedTestcases-1] INFO  sprint4_TestCases.D_TP_InsertionsTC - Clicked Accept Change.
19:41:17.110 [TestNG-test=RetryMultipleFailedTestcases-1] INFO  sprint4_TestCases.D_TP_InsertionsTC - Switched to frame 0.
19:41:17.940 [TestNG-test=RetryMultipleFailedTestcases-1] INFO  sprint4_TestCases.D_TP_InsertionsTC - Clicked on the first cell of the inserted table.
19:41:18.025 [TestNG-test=RetryMultipleFailedTestcases-1] INFO  sprint4_TestCases.D_TP_InsertionsTC - Number of rows before inserting row: 8
19:41:18.027 [TestNG-test=RetryMultipleFailedTestcases-1] INFO  sprint4_TestCases.D_TP_InsertionsTC - Switched back to default content.
19:41:18.797 [TestNG-test=RetryMultipleFailedTestcases-1] INFO  sprint4_TestCases.D_TP_InsertionsTC - Clicked Insert Above.
19:41:19.167 [TestNG-test=RetryMultipleFailedTestcases-1] INFO  sprint4_TestCases.D_TP_InsertionsTC - Number of rows after inserting row is different from before inserting row.
19:41:19.167 [TestNG-test=RetryMultipleFailedTestcases-1] INFO  sprint4_TestCases.D_TP_InsertionsTC - Finished verifyInsertRowAboveAndVerify
19:41:23.216 [TestNG-test=RetryMultipleFailedTestcases-4] INFO  sprint4_TestCases.D_TP_InsertionsTC - Logged in, searched for a file, and clicked Edit.
19:41:23.217 [TestNG-test=RetryMultipleFailedTestcases-4] INFO  sprint4_TestCases.D_TP_InsertionsTC - Created D_TP_Insertions instance.
19:41:25.599 [TestNG-test=RetryMultipleFailedTestcases-2] INFO  sprint4_TestCases.D_TP_InsertionsTC - Inserted a new table.
19:41:25.853 [TestNG-test=RetryMultipleFailedTestcases-1] INFO  sprint4_TestCases.D_TP_InsertionsTC - Starting verifyTableHeaderNewColumnInsertLeft
19:41:26.594 [TestNG-test=RetryMultipleFailedTestcases-2] INFO  sprint4_TestCases.D_TP_InsertionsTC - Clicked Accept Change.
19:41:26.937 [TestNG-test=RetryMultipleFailedTestcases-2] INFO  sprint4_TestCases.D_TP_InsertionsTC - Switched to frame 0.
19:41:27.820 [TestNG-test=RetryMultipleFailedTestcases-2] INFO  sprint4_TestCases.D_TP_InsertionsTC - Clicked on the first cell of the inserted table.
19:41:27.970 [TestNG-test=RetryMultipleFailedTestcases-2] INFO  sprint4_TestCases.D_TP_InsertionsTC - Number of rows before inserting row: 8
19:41:27.977 [TestNG-test=RetryMultipleFailedTestcases-2] INFO  sprint4_TestCases.D_TP_InsertionsTC - Switched back to default content.
19:41:29.054 [TestNG-test=RetryMultipleFailedTestcases-2] INFO  sprint4_TestCases.D_TP_InsertionsTC - Clicked Insert Below.
19:41:29.255 [TestNG-test=RetryMultipleFailedTestcases-2] INFO  sprint4_TestCases.D_TP_InsertionsTC - Number of rows after inserting row is different from before inserting row.
19:41:29.255 [TestNG-test=RetryMultipleFailedTestcases-2] INFO  sprint4_TestCases.D_TP_InsertionsTC - Finished insertRowBelowAndVerify
19:41:34.655 [TestNG-test=RetryMultipleFailedTestcases-4] INFO  sprint4_TestCases.D_TP_InsertionsTC - Inserted a new table.
19:41:35.138 [TestNG-test=RetryMultipleFailedTestcases-4] INFO  sprint4_TestCases.D_TP_InsertionsTC - Clicked Accept Change.
19:41:36.060 [TestNG-test=RetryMultipleFailedTestcases-4] INFO  sprint4_TestCases.D_TP_InsertionsTC - Clicked Insert Above.
19:41:36.123 [TestNG-test=RetryMultipleFailedTestcases-2] INFO  sprint4_TestCases.D_TP_InsertionsTC - Starting verifyTableHeaderNewColumnInsertLeft
19:41:36.617 [TestNG-test=RetryMultipleFailedTestcases-4] INFO  sprint4_TestCases.D_TP_InsertionsTC - Switched to frame 0.
19:41:37.269 [TestNG-test=RetryMultipleFailedTestcases-4] INFO  sprint4_TestCases.D_TP_InsertionsTC - Finished verifyInsertColumnLeftAcceptChangeEnabled
19:41:44.959 [TestNG-test=RetryMultipleFailedTestcases-4] INFO  sprint4_TestCases.D_TP_InsertionsTC - Starting verifyInsertColumnLeft
19:42:19.422 [TestNG-test=RetryMultipleFailedTestcases-1] INFO  sprint4_TestCases.D_TP_InsertionsTC - Logged in, searched for a file, and clicked Edit.
19:42:19.422 [TestNG-test=RetryMultipleFailedTestcases-1] INFO  sprint4_TestCases.D_TP_InsertionsTC - Created D_TP_Insertions instance.
19:42:27.487 [TestNG-test=RetryMultipleFailedTestcases-1] INFO  sprint4_TestCases.D_TP_InsertionsTC - Inserted a new table.
19:42:27.702 [TestNG-test=RetryMultipleFailedTestcases-1] INFO  sprint4_TestCases.D_TP_InsertionsTC - Clicked Select header option.
19:42:28.190 [TestNG-test=RetryMultipleFailedTestcases-1] INFO  sprint4_TestCases.D_TP_InsertionsTC - Clicked Header frist row option.
19:42:29.413 [TestNG-test=RetryMultipleFailedTestcases-1] INFO  sprint4_TestCases.D_TP_InsertionsTC - Clicked Insert Below.
19:42:29.662 [TestNG-test=RetryMultipleFailedTestcases-1] INFO  sprint4_TestCases.D_TP_InsertionsTC - Switched to frame 0.
19:42:29.707 [TestNG-test=RetryMultipleFailedTestcases-1] INFO  sprint4_TestCases.D_TP_InsertionsTC - Row is Insert Below.
19:42:29.707 [TestNG-test=RetryMultipleFailedTestcases-1] INFO  sprint4_TestCases.D_TP_InsertionsTC - Finished verifyTableHeaderNewRowInsertBelow
19:42:31.250 [TestNG-test=RetryMultipleFailedTestcases-2] INFO  sprint4_TestCases.D_TP_InsertionsTC - Logged in, searched for a file, and clicked Edit.
19:42:31.251 [TestNG-test=RetryMultipleFailedTestcases-2] INFO  sprint4_TestCases.D_TP_InsertionsTC - Created D_TP_Insertions instance.
19:42:36.247 [TestNG-test=RetryMultipleFailedTestcases-1] INFO  sprint4_TestCases.D_TP_InsertionsTC - Starting verifyInsertColumnRight
19:42:37.429 [TestNG-test=RetryMultipleFailedTestcases-4] INFO  sprint4_TestCases.D_TP_InsertionsTC - Logged in, searched for a file, and clicked Edit.
19:42:37.429 [TestNG-test=RetryMultipleFailedTestcases-4] INFO  sprint4_TestCases.D_TP_InsertionsTC - Created D_TP_Insertions instance.
19:42:38.629 [TestNG-test=RetryMultipleFailedTestcases-2] INFO  sprint4_TestCases.D_TP_InsertionsTC - Inserted a new table.
19:42:38.839 [TestNG-test=RetryMultipleFailedTestcases-2] INFO  sprint4_TestCases.D_TP_InsertionsTC - Clicked Select header option.
19:42:39.330 [TestNG-test=RetryMultipleFailedTestcases-2] INFO  sprint4_TestCases.D_TP_InsertionsTC - Clicked header first column.
19:42:40.390 [TestNG-test=RetryMultipleFailedTestcases-2] INFO  sprint4_TestCases.D_TP_InsertionsTC - Clicked Insert Left.
19:42:45.709 [TestNG-test=RetryMultipleFailedTestcases-4] INFO  sprint4_TestCases.D_TP_InsertionsTC - Inserted a new table.
19:42:46.086 [TestNG-test=RetryMultipleFailedTestcases-4] INFO  sprint4_TestCases.D_TP_InsertionsTC - Clicked Accept Change.
19:42:46.170 [TestNG-test=RetryMultipleFailedTestcases-4] INFO  sprint4_TestCases.D_TP_InsertionsTC - Switched to frame 0.
19:42:47.078 [TestNG-test=RetryMultipleFailedTestcases-4] INFO  sprint4_TestCases.D_TP_InsertionsTC - Clicked on the first cell of the inserted table.
19:42:47.191 [TestNG-test=RetryMultipleFailedTestcases-4] INFO  sprint4_TestCases.D_TP_InsertionsTC - Number of rows before inserting column: 8
19:42:47.205 [TestNG-test=RetryMultipleFailedTestcases-4] INFO  sprint4_TestCases.D_TP_InsertionsTC - Switched back to default content.
19:42:48.387 [TestNG-test=RetryMultipleFailedTestcases-4] INFO  sprint4_TestCases.D_TP_InsertionsTC - Clicked Insert Left.
19:42:48.632 [TestNG-test=RetryMultipleFailedTestcases-4] INFO  sprint4_TestCases.D_TP_InsertionsTC - Number of columns after inserting column is different from before inserting column.
19:42:48.632 [TestNG-test=RetryMultipleFailedTestcases-4] INFO  sprint4_TestCases.D_TP_InsertionsTC - Finished verifyInsertColumnLeft
19:42:51.195 [TestNG-test=RetryMultipleFailedTestcases-3] ERROR sprint4_TestCases.C_CellLayoutTC - Exception while quitting WebDriver: Timed out waiting for driver server to stop.
Build info: version: '4.11.0', revision: '040bc5406b'
System info: os.name: 'Windows 10', os.arch: 'amd64', os.version: '10.0', java.version: '17.0.7'
Driver info: org.openqa.selenium.chrome.ChromeDriver
Command: [5c2ab6ce482aa31aad59861e36a252ee, quit {}]
Capabilities {acceptInsecureCerts: false, browserName: chrome, browserVersion: 119.0.6045.124, chrome: {chromedriverVersion: 119.0.6045.105 (38c72552c5e..., userDataDir: C:\Users\RBT\AppData\Local\...}, fedcm:accounts: true, goog:chromeOptions: {debuggerAddress: localhost:51967}, networkConnectionEnabled: false, pageLoadStrategy: normal, platformName: windows, proxy: Proxy(), se:cdp: ws://localhost:51967/devtoo..., se:cdpVersion: 119.0.6045.124, setWindowRect: true, strictFileInteractability: false, timeouts: {implicit: 0, pageLoad: 300000, script: 30000}, unhandledPromptBehavior: dismiss and notify, webauthn:extension:credBlob: true, webauthn:extension:largeBlob: true, webauthn:extension:minPinLength: true, webauthn:extension:prf: true, webauthn:virtualAuthenticators: true}
Session ID: 5c2ab6ce482aa31aad59861e36a252ee
19:42:58.412 [TestNG-test=RetryMultipleFailedTestcases-3] INFO  sprint4_TestCases.C_CellLayoutTC - Starting selectMiddleAlignAndVerify test...
19:42:58.412 [TestNG-test=RetryMultipleFailedTestcases-3] INFO  sprint4_TestCases.C_CellLayoutTC - ReusableMethods.LoginAndSearchFile_ClickEdit()
19:42:59.488 [TestNG-test=RetryMultipleFailedTestcases-4] INFO  sprint4_TestCases.D_TP_InsertionsTC - Starting verifyInsertLeftRightAboveBelow
19:43:00.659 [TestNG-test=RetryMultipleFailedTestcases-2] INFO  sprint4_TestCases.D_TP_InsertionsTC - Column is Insert Left.
19:43:00.659 [TestNG-test=RetryMultipleFailedTestcases-2] INFO  sprint4_TestCases.D_TP_InsertionsTC - Finished verifyTableHeaderNewColumnInsertLeft
19:43:08.315 [TestNG-test=RetryMultipleFailedTestcases-2] INFO  sprint4_TestCases.E_TP_Merge_SplitCellsTC - Starting mergeCellsRight_NewTable
19:43:22.478 [TestNG-test=RetryMultipleFailedTestcases-1] INFO  sprint4_TestCases.D_TP_InsertionsTC - Logged in, searched for a file, and clicked Edit.
19:43:22.478 [TestNG-test=RetryMultipleFailedTestcases-1] INFO  sprint4_TestCases.D_TP_InsertionsTC - Created D_TP_Insertions instance.
19:43:30.610 [TestNG-test=RetryMultipleFailedTestcases-1] INFO  sprint4_TestCases.D_TP_InsertionsTC - Inserted a new table.
19:43:31.400 [TestNG-test=RetryMultipleFailedTestcases-1] INFO  sprint4_TestCases.D_TP_InsertionsTC - Clicked Accept Change.
19:43:31.524 [TestNG-test=RetryMultipleFailedTestcases-1] INFO  sprint4_TestCases.D_TP_InsertionsTC - Switched to frame 0.
19:43:32.445 [TestNG-test=RetryMultipleFailedTestcases-1] INFO  sprint4_TestCases.D_TP_InsertionsTC - Clicked on the first cell of the inserted table.
19:43:32.518 [TestNG-test=RetryMultipleFailedTestcases-1] INFO  sprint4_TestCases.D_TP_InsertionsTC - Number of rows before inserting column: 8
19:43:32.522 [TestNG-test=RetryMultipleFailedTestcases-1] INFO  sprint4_TestCases.D_TP_InsertionsTC - Switched back to default content.
19:43:33.383 [TestNG-test=RetryMultipleFailedTestcases-1] INFO  sprint4_TestCases.D_TP_InsertionsTC - Clicked Insert Right.
19:43:33.551 [TestNG-test=RetryMultipleFailedTestcases-1] INFO  sprint4_TestCases.D_TP_InsertionsTC - Switched to frame 0.
19:43:33.567 [TestNG-test=RetryMultipleFailedTestcases-1] INFO  sprint4_TestCases.D_TP_InsertionsTC - Number of columns after inserting column is different from before inserting column.
19:43:33.567 [TestNG-test=RetryMultipleFailedTestcases-1] INFO  sprint4_TestCases.D_TP_InsertionsTC - Finished verifyInsertColumnRight
19:43:41.641 [TestNG-test=RetryMultipleFailedTestcases-3] INFO  sprint4_TestCases.C_CellLayoutTC - Creating C_CellLayout instance
19:43:41.641 [TestNG-test=RetryMultipleFailedTestcases-3] INFO  sprint4_TestCases.C_CellLayoutTC - Switching to frame 0
19:43:41.663 [TestNG-test=RetryMultipleFailedTestcases-3] INFO  sprint4_TestCases.C_CellLayoutTC - Clicking the second element of the existing table
19:43:42.001 [TestNG-test=RetryMultipleFailedTestcases-1] INFO  sprint4_TestCases.E_TP_Merge_SplitCellsTC - Starting mergeCellsRight_NewTable
19:43:42.609 [TestNG-test=RetryMultipleFailedTestcases-3] INFO  sprint4_TestCases.C_CellLayoutTC - Switching back to default content
19:43:42.728 [TestNG-test=RetryMultipleFailedTestcases-3] INFO  sprint4_TestCases.C_CellLayoutTC - Clicking the Table Properties tab
19:43:43.072 [TestNG-test=RetryMultipleFailedTestcases-3] INFO  sprint4_TestCases.C_CellLayoutTC - Selecting 'Middle' from the Vertical Align dropdown
19:43:43.724 [TestNG-test=RetryMultipleFailedTestcases-3] INFO  sprint4_TestCases.C_CellLayoutTC - Switching back to frame 0
19:43:43.860 [TestNG-test=RetryMultipleFailedTestcases-3] INFO  sprint4_TestCases.C_CellLayoutTC - Getting CSS value for the existing table second element
19:43:43.893 [TestNG-test=RetryMultipleFailedTestcases-3] INFO  sprint4_TestCases.C_CellLayoutTC - Verifying if 'Middle' alignment is applied
19:43:43.893 [TestNG-test=RetryMultipleFailedTestcases-3] INFO  sprint4_TestCases.C_CellLayoutTC - selectMiddleAlignAndVerify test completed successfully.
19:43:49.079 [TestNG-test=RetryMultipleFailedTestcases-3] INFO  sprint4_TestCases.E_TP_Merge_SplitCellsTC - Starting splitHorizontalAndVerify_NewTable
19:43:54.838 [TestNG-test=RetryMultipleFailedTestcases-4] INFO  sprint4_TestCases.D_TP_InsertionsTC - Logged in, searched for a file, and clicked Edit.
19:43:54.839 [TestNG-test=RetryMultipleFailedTestcases-4] INFO  sprint4_TestCases.D_TP_InsertionsTC - Created D_TP_Insertions instance.
19:44:02.418 [TestNG-test=RetryMultipleFailedTestcases-4] INFO  sprint4_TestCases.D_TP_InsertionsTC - Inserted a new table.
19:44:02.555 [TestNG-test=RetryMultipleFailedTestcases-4] INFO  sprint4_TestCases.D_TP_InsertionsTC - Switched to frame 0.
19:44:03.024 [TestNG-test=RetryMultipleFailedTestcases-4] INFO  sprint4_TestCases.D_TP_InsertionsTC - Clicked on the first cell of the inserted table.
19:44:03.038 [TestNG-test=RetryMultipleFailedTestcases-4] INFO  sprint4_TestCases.D_TP_InsertionsTC - Switched back to default content.
19:44:04.058 [TestNG-test=RetryMultipleFailedTestcases-4] INFO  sprint4_TestCases.D_TP_InsertionsTC - Clicked Insert Above.
19:44:05.725 [TestNG-test=RetryMultipleFailedTestcases-4] INFO  sprint4_TestCases.D_TP_InsertionsTC - Clicked Insert Below.
19:44:07.042 [TestNG-test=RetryMultipleFailedTestcases-4] INFO  sprint4_TestCases.D_TP_InsertionsTC - Clicked Insert Left.
19:44:07.806 [TestNG-test=RetryMultipleFailedTestcases-4] INFO  sprint4_TestCases.D_TP_InsertionsTC - Clicked Insert Right.
19:44:07.952 [TestNG-test=RetryMultipleFailedTestcases-4] INFO  sprint4_TestCases.D_TP_InsertionsTC - Switched to frame 0.
19:44:07.973 [TestNG-test=RetryMultipleFailedTestcases-4] INFO  sprint4_TestCases.D_TP_InsertionsTC - Number of columns after inserting column is different from before inserting column.
19:44:07.974 [TestNG-test=RetryMultipleFailedTestcases-4] INFO  sprint4_TestCases.D_TP_InsertionsTC - Finished verifyInsertLeftRightAboveBelow
19:44:13.909 [TestNG-test=RetryMultipleFailedTestcases-4] INFO  sprint4_TestCases.E_TP_Merge_SplitCellsTC - Starting splitVerticalAndVerify_NewTable
19:44:17.744 [TestNG-test=RetryMultipleFailedTestcases-2] INFO  sprint4_TestCases.E_TP_Merge_SplitCellsTC - Logged in, searched for a file, and clicked Edit.
19:44:17.755 [TestNG-test=RetryMultipleFailedTestcases-2] INFO  sprint4_TestCases.E_TP_Merge_SplitCellsTC - Created E_TP_Merge_SplitCells instance.
19:44:26.485 [TestNG-test=RetryMultipleFailedTestcases-2] INFO  sprint4_TestCases.E_TP_Merge_SplitCellsTC - Inserted a new table.
19:44:27.001 [TestNG-test=RetryMultipleFailedTestcases-2] INFO  sprint4_TestCases.E_TP_Merge_SplitCellsTC - Clicked Accept Change.
19:44:27.091 [TestNG-test=RetryMultipleFailedTestcases-2] INFO  sprint4_TestCases.E_TP_Merge_SplitCellsTC - Switched to frame 0.
19:44:27.903 [TestNG-test=RetryMultipleFailedTestcases-2] INFO  sprint4_TestCases.E_TP_Merge_SplitCellsTC - Clicked on the first cell of the inserted table.
19:44:27.982 [TestNG-test=RetryMultipleFailedTestcases-2] INFO  sprint4_TestCases.E_TP_Merge_SplitCellsTC - Switched back to default content.
19:44:30.278 [TestNG-test=RetryMultipleFailedTestcases-1] INFO  sprint4_TestCases.E_TP_Merge_SplitCellsTC - Logged in, searched for a file, and clicked Edit.
19:44:30.279 [TestNG-test=RetryMultipleFailedTestcases-1] INFO  sprint4_TestCases.E_TP_Merge_SplitCellsTC - Created E_TP_Merge_SplitCells instance.
19:44:36.696 [TestNG-test=RetryMultipleFailedTestcases-3] INFO  sprint4_TestCases.E_TP_Merge_SplitCellsTC - Logged in, searched for a file, and clicked Edit.
19:44:36.698 [TestNG-test=RetryMultipleFailedTestcases-3] INFO  sprint4_TestCases.E_TP_Merge_SplitCellsTC - Created E_TP_Merge_SplitCells instance.
19:44:39.229 [TestNG-test=RetryMultipleFailedTestcases-1] INFO  sprint4_TestCases.E_TP_Merge_SplitCellsTC - Inserted a new table.
19:44:40.166 [TestNG-test=RetryMultipleFailedTestcases-1] INFO  sprint4_TestCases.E_TP_Merge_SplitCellsTC - Clicked Accept Change.
19:44:40.636 [TestNG-test=RetryMultipleFailedTestcases-1] INFO  sprint4_TestCases.E_TP_Merge_SplitCellsTC - Switched to frame 0.
19:44:41.861 [TestNG-test=RetryMultipleFailedTestcases-1] INFO  sprint4_TestCases.E_TP_Merge_SplitCellsTC - Clicked on the first cell of the inserted table.
19:44:41.969 [TestNG-test=RetryMultipleFailedTestcases-1] INFO  sprint4_TestCases.E_TP_Merge_SplitCellsTC - Switched back to default content.
19:44:47.424 [TestNG-test=RetryMultipleFailedTestcases-3] INFO  sprint4_TestCases.E_TP_Merge_SplitCellsTC - Inserted a new table.
19:44:47.965 [TestNG-test=RetryMultipleFailedTestcases-3] INFO  sprint4_TestCases.E_TP_Merge_SplitCellsTC - Clicked Accept Change.
19:44:48.055 [TestNG-test=RetryMultipleFailedTestcases-3] INFO  sprint4_TestCases.E_TP_Merge_SplitCellsTC - Switched to frame 0.
19:44:48.837 [TestNG-test=RetryMultipleFailedTestcases-3] INFO  sprint4_TestCases.E_TP_Merge_SplitCellsTC - Clicked on the first cell of the inserted table.
19:44:48.924 [TestNG-test=RetryMultipleFailedTestcases-3] INFO  sprint4_TestCases.E_TP_Merge_SplitCellsTC - Number of rows before split: 8
19:44:48.928 [TestNG-test=RetryMultipleFailedTestcases-3] INFO  sprint4_TestCases.E_TP_Merge_SplitCellsTC - Switched back to default content.
19:44:49.530 [TestNG-test=RetryMultipleFailedTestcases-3] INFO  sprint4_TestCases.E_TP_Merge_SplitCellsTC - Clicked Split Horizontal.
19:44:49.846 [TestNG-test=RetryMultipleFailedTestcases-3] INFO  sprint4_TestCases.E_TP_Merge_SplitCellsTC - Number of rows after split is different from before split.
19:44:49.846 [TestNG-test=RetryMultipleFailedTestcases-3] INFO  sprint4_TestCases.E_TP_Merge_SplitCellsTC - Finished splitHorizontalAndVerify_NewTable
19:45:02.012 [TestNG-test=RetryMultipleFailedTestcases-3] INFO  sprint4_TestCases.E_TP_Merge_SplitCellsTC - Starting mergeCellsRight_NewTable
19:45:08.152 [TestNG-test=RetryMultipleFailedTestcases-2] INFO  sprint4_TestCases.E_TP_Merge_SplitCellsTC - Cell merge has not occurred.
19:45:08.156 [TestNG-test=RetryMultipleFailedTestcases-2] INFO  sprint4_TestCases.E_TP_Merge_SplitCellsTC - Switched back to default content.
19:45:08.449 [TestNG-test=RetryMultipleFailedTestcases-2] INFO  sprint4_TestCases.E_TP_Merge_SplitCellsTC - Clicked on Table Properties tab.
19:45:09.479 [TestNG-test=RetryMultipleFailedTestcases-2] INFO  sprint4_TestCases.E_TP_Merge_SplitCellsTC - Clicked Merge Right.
19:45:09.749 [TestNG-test=RetryMultipleFailedTestcases-2] INFO  sprint4_TestCases.E_TP_Merge_SplitCellsTC - Cell merge has occurred.
19:45:09.751 [TestNG-test=RetryMultipleFailedTestcases-2] INFO  sprint4_TestCases.E_TP_Merge_SplitCellsTC - Switched back to default content.
19:45:09.751 [TestNG-test=RetryMultipleFailedTestcases-2] INFO  sprint4_TestCases.E_TP_Merge_SplitCellsTC - Finished mergeCellsRight_NewTable
19:45:16.686 [TestNG-test=RetryMultipleFailedTestcases-2] INFO  sprint4_TestCases.F_TP_DeletionTC - Starting verifyDeleteCell
19:45:21.553 [TestNG-test=RetryMultipleFailedTestcases-4] INFO  sprint4_TestCases.E_TP_Merge_SplitCellsTC - Logged in, searched for a file, and clicked Edit.
19:45:21.554 [TestNG-test=RetryMultipleFailedTestcases-4] INFO  sprint4_TestCases.E_TP_Merge_SplitCellsTC - Created E_TP_Merge_SplitCells instance.
19:45:22.059 [TestNG-test=RetryMultipleFailedTestcases-1] INFO  sprint4_TestCases.E_TP_Merge_SplitCellsTC - Cell merge has not occurred.
19:45:22.062 [TestNG-test=RetryMultipleFailedTestcases-1] INFO  sprint4_TestCases.E_TP_Merge_SplitCellsTC - Switched back to default content.
19:45:22.312 [TestNG-test=RetryMultipleFailedTestcases-1] INFO  sprint4_TestCases.E_TP_Merge_SplitCellsTC - Clicked on Table Properties tab.
19:45:23.499 [TestNG-test=RetryMultipleFailedTestcases-1] INFO  sprint4_TestCases.E_TP_Merge_SplitCellsTC - Clicked Merge Below.
19:45:23.813 [TestNG-test=RetryMultipleFailedTestcases-1] INFO  sprint4_TestCases.E_TP_Merge_SplitCellsTC - Cell merge has occurred.
19:45:23.816 [TestNG-test=RetryMultipleFailedTestcases-1] INFO  sprint4_TestCases.E_TP_Merge_SplitCellsTC - Switched back to default content.
19:45:23.816 [TestNG-test=RetryMultipleFailedTestcases-1] INFO  sprint4_TestCases.E_TP_Merge_SplitCellsTC - Finished mergeCellsRight_NewTable
19:45:30.514 [TestNG-test=RetryMultipleFailedTestcases-1] INFO  sprint4_TestCases.F_TP_DeletionTC - Starting verifyDeleteRow
19:45:31.084 [TestNG-test=RetryMultipleFailedTestcases-4] INFO  sprint4_TestCases.E_TP_Merge_SplitCellsTC - Inserted a new table.
19:45:31.682 [TestNG-test=RetryMultipleFailedTestcases-4] INFO  sprint4_TestCases.E_TP_Merge_SplitCellsTC - Clicked Accept Change.
19:45:31.816 [TestNG-test=RetryMultipleFailedTestcases-4] INFO  sprint4_TestCases.E_TP_Merge_SplitCellsTC - Switched to frame 0.
19:45:32.544 [TestNG-test=RetryMultipleFailedTestcases-4] INFO  sprint4_TestCases.E_TP_Merge_SplitCellsTC - Clicked on the first cell of the inserted table.
19:45:32.624 [TestNG-test=RetryMultipleFailedTestcases-4] INFO  sprint4_TestCases.E_TP_Merge_SplitCellsTC - Number of rows before split: 8
19:45:32.627 [TestNG-test=RetryMultipleFailedTestcases-4] INFO  sprint4_TestCases.E_TP_Merge_SplitCellsTC - Switched back to default content.
19:45:33.208 [TestNG-test=RetryMultipleFailedTestcases-4] INFO  sprint4_TestCases.E_TP_Merge_SplitCellsTC - Clicked Split Vertical.
19:45:33.373 [TestNG-test=RetryMultipleFailedTestcases-4] INFO  sprint4_TestCases.E_TP_Merge_SplitCellsTC - Number of rows after split is different from before split.
19:45:33.373 [TestNG-test=RetryMultipleFailedTestcases-4] INFO  sprint4_TestCases.E_TP_Merge_SplitCellsTC - Finished splitVerticalAndVerify_NewTable
19:45:41.636 [TestNG-test=RetryMultipleFailedTestcases-4] INFO  sprint4_TestCases.F_TP_DeletionTC - Starting verifyDeleteRow
19:45:48.150 [TestNG-test=RetryMultipleFailedTestcases-3] INFO  sprint4_TestCases.E_TP_Merge_SplitCellsTC - Logged in, searched for a file, and clicked Edit.
19:45:48.151 [TestNG-test=RetryMultipleFailedTestcases-3] INFO  sprint4_TestCases.E_TP_Merge_SplitCellsTC - Created E_TP_Merge_SplitCells instance.
19:45:49.064 [TestNG-test=RetryMultipleFailedTestcases-2] INFO  sprint4_TestCases.F_TP_DeletionTC - Logged in, searched for a file, and clicked Edit.
19:45:49.073 [TestNG-test=RetryMultipleFailedTestcases-2] INFO  sprint4_TestCases.F_TP_DeletionTC - Created F_TP_Deletion instance.
19:45:56.191 [TestNG-test=RetryMultipleFailedTestcases-3] INFO  sprint4_TestCases.E_TP_Merge_SplitCellsTC - Inserted a new table.
19:45:56.794 [TestNG-test=RetryMultipleFailedTestcases-3] INFO  sprint4_TestCases.E_TP_Merge_SplitCellsTC - Clicked Accept Change.
19:45:56.896 [TestNG-test=RetryMultipleFailedTestcases-3] INFO  sprint4_TestCases.E_TP_Merge_SplitCellsTC - Switched to frame 0.
19:45:57.838 [TestNG-test=RetryMultipleFailedTestcases-3] INFO  sprint4_TestCases.E_TP_Merge_SplitCellsTC - Clicked on the first cell of the inserted table.
19:45:59.218 [TestNG-test=RetryMultipleFailedTestcases-3] INFO  sprint4_TestCases.E_TP_Merge_SplitCellsTC - Switched back to default content.
19:45:59.246 [TestNG-test=RetryMultipleFailedTestcases-3] INFO  sprint4_TestCases.E_TP_Merge_SplitCellsTC - Switched to frame 0.
19:46:03.759 [TestNG-test=RetryMultipleFailedTestcases-2] INFO  sprint4_TestCases.F_TP_DeletionTC - Inserted a new table.
19:46:03.833 [TestNG-test=RetryMultipleFailedTestcases-2] INFO  sprint4_TestCases.F_TP_DeletionTC - Switched to frame 0.
19:46:04.356 [TestNG-test=RetryMultipleFailedTestcases-2] INFO  sprint4_TestCases.F_TP_DeletionTC - Clicked new table first cell.
19:46:04.372 [TestNG-test=RetryMultipleFailedTestcases-2] INFO  sprint4_TestCases.F_TP_DeletionTC - Switched back to default content.
19:46:05.146 [TestNG-test=RetryMultipleFailedTestcases-2] INFO  sprint4_TestCases.F_TP_DeletionTC - Clicked delete cell from table properties.
19:46:05.348 [TestNG-test=RetryMultipleFailedTestcases-2] INFO  sprint4_TestCases.F_TP_DeletionTC - Switched to frame 0.
19:46:05.359 [TestNG-test=RetryMultipleFailedTestcases-2] INFO  sprint4_TestCases.F_TP_DeletionTC - Cell is deleted.
19:46:05.360 [TestNG-test=RetryMultipleFailedTestcases-2] INFO  sprint4_TestCases.F_TP_DeletionTC - Finished verifyDeleteCell
19:46:14.375 [TestNG-test=RetryMultipleFailedTestcases-2] INFO  sprint4_TestCases.F_TP_DeletionTC - Starting verifyDeleteTableWithoutAcceptChange
19:46:30.890 [TestNG-test=RetryMultipleFailedTestcases-1] INFO  sprint4_TestCases.F_TP_DeletionTC - Logged in, searched for a file, and clicked Edit.
19:46:30.892 [TestNG-test=RetryMultipleFailedTestcases-1] INFO  sprint4_TestCases.F_TP_DeletionTC - Created F_TP_Deletion instance.
19:46:38.194 [TestNG-test=RetryMultipleFailedTestcases-1] INFO  sprint4_TestCases.F_TP_DeletionTC - Inserted a new table.
19:46:38.276 [TestNG-test=RetryMultipleFailedTestcases-1] INFO  sprint4_TestCases.F_TP_DeletionTC - Switched to frame 0.
19:46:38.668 [TestNG-test=RetryMultipleFailedTestcases-1] INFO  sprint4_TestCases.F_TP_DeletionTC - Clicked new table first cell.
19:46:38.687 [TestNG-test=RetryMultipleFailedTestcases-1] INFO  sprint4_TestCases.F_TP_DeletionTC - Switched back to default content.
19:46:39.308 [TestNG-test=RetryMultipleFailedTestcases-1] INFO  sprint4_TestCases.F_TP_DeletionTC - Clicked delete Row from table properties
19:46:39.338 [TestNG-test=RetryMultipleFailedTestcases-3] INFO  sprint4_TestCases.E_TP_Merge_SplitCellsTC - Cell merge has not occurred.
19:46:39.340 [TestNG-test=RetryMultipleFailedTestcases-3] INFO  sprint4_TestCases.E_TP_Merge_SplitCellsTC - Switched back to default content.
19:46:39.457 [TestNG-test=RetryMultipleFailedTestcases-1] INFO  sprint4_TestCases.F_TP_DeletionTC - Switched to frame 0.
19:46:39.470 [TestNG-test=RetryMultipleFailedTestcases-1] INFO  sprint4_TestCases.F_TP_DeletionTC - Row is deleted
19:46:39.470 [TestNG-test=RetryMultipleFailedTestcases-1] INFO  sprint4_TestCases.F_TP_DeletionTC - Finished verifyDeleteRow
19:46:39.558 [TestNG-test=RetryMultipleFailedTestcases-3] INFO  sprint4_TestCases.E_TP_Merge_SplitCellsTC - Clicked on Table Properties tab.
19:46:40.525 [TestNG-test=RetryMultipleFailedTestcases-3] INFO  sprint4_TestCases.E_TP_Merge_SplitCellsTC - Clicked Merge Right.
19:46:40.845 [TestNG-test=RetryMultipleFailedTestcases-3] INFO  sprint4_TestCases.E_TP_Merge_SplitCellsTC - Cell merge has occurred.
19:46:40.848 [TestNG-test=RetryMultipleFailedTestcases-3] INFO  sprint4_TestCases.E_TP_Merge_SplitCellsTC - Switched back to default content.
19:46:40.848 [TestNG-test=RetryMultipleFailedTestcases-3] INFO  sprint4_TestCases.E_TP_Merge_SplitCellsTC - Finished mergeCellsRight_NewTable
19:46:44.853 [TestNG-test=RetryMultipleFailedTestcases-4] INFO  sprint4_TestCases.F_TP_DeletionTC - Logged in, searched for a file, and clicked Edit.
19:46:44.854 [TestNG-test=RetryMultipleFailedTestcases-4] INFO  sprint4_TestCases.F_TP_DeletionTC - Created F_TP_Deletion instance.
19:46:48.439 [TestNG-test=RetryMultipleFailedTestcases-1] INFO  sprint4_TestCases.F_TP_DeletionTC - Starting verifyDeleteTableWithoutAcceptChange
19:46:50.215 [TestNG-test=RetryMultipleFailedTestcases-3] INFO  sprint4_TestCases.F_TP_DeletionTC - Starting verifyDeleteTableCheckInCodeViewQP
19:46:53.597 [TestNG-test=RetryMultipleFailedTestcases-4] INFO  sprint4_TestCases.F_TP_DeletionTC - Inserted a new table.
19:46:53.673 [TestNG-test=RetryMultipleFailedTestcases-4] INFO  sprint4_TestCases.F_TP_DeletionTC - Switched to frame 0.
19:46:54.204 [TestNG-test=RetryMultipleFailedTestcases-4] INFO  sprint4_TestCases.F_TP_DeletionTC - Clicked new table first cell.
19:46:54.229 [TestNG-test=RetryMultipleFailedTestcases-4] INFO  sprint4_TestCases.F_TP_DeletionTC - Switched back to default content.
19:46:54.860 [TestNG-test=RetryMultipleFailedTestcases-4] INFO  sprint4_TestCases.F_TP_DeletionTC - Clicked delete Column from table properties
19:46:54.970 [TestNG-test=RetryMultipleFailedTestcases-4] INFO  sprint4_TestCases.F_TP_DeletionTC - Switched to frame 0.
19:46:55.038 [TestNG-test=RetryMultipleFailedTestcases-4] INFO  sprint4_TestCases.F_TP_DeletionTC - Column is deleted
19:46:55.038 [TestNG-test=RetryMultipleFailedTestcases-4] INFO  sprint4_TestCases.F_TP_DeletionTC - Finished verifyDeleteRow
19:47:03.976 [TestNG-test=RetryMultipleFailedTestcases-4] INFO  sprint4_TestCases.F_TP_DeletionTC - Starting verifyAddTableInVEDeleteCellRowColumn
19:47:04.481 [TestNG-test=RetryMultipleFailedTestcases-2] INFO  sprint4_TestCases.F_TP_DeletionTC - Logged in, searched for a file, and clicked Edit.
19:47:04.482 [TestNG-test=RetryMultipleFailedTestcases-2] INFO  sprint4_TestCases.F_TP_DeletionTC - Created F_TP_Deletion instance.
19:47:12.554 [TestNG-test=RetryMultipleFailedTestcases-2] INFO  sprint4_TestCases.F_TP_DeletionTC - Inserted a new table.
19:47:12.644 [TestNG-test=RetryMultipleFailedTestcases-2] INFO  sprint4_TestCases.F_TP_DeletionTC - Switched to frame 0.
19:47:12.727 [TestNG-test=RetryMultipleFailedTestcases-2] INFO  sprint4_TestCases.F_TP_DeletionTC - Table is present in VE....
19:47:12.730 [TestNG-test=RetryMultipleFailedTestcases-2] INFO  sprint4_TestCases.F_TP_DeletionTC - Switched back to default content.
19:47:13.290 [TestNG-test=RetryMultipleFailedTestcases-2] INFO  sprint4_TestCases.F_TP_DeletionTC - Clicked Accept changes.
19:47:15.518 [TestNG-test=RetryMultipleFailedTestcases-2] INFO  sprint4_TestCases.F_TP_DeletionTC - Clicked delete Table from table properties
19:47:17.220 [TestNG-test=RetryMultipleFailedTestcases-2] INFO  sprint4_TestCases.F_TP_DeletionTC - Switched to frame 0.
19:47:17.330 [TestNG-test=RetryMultipleFailedTestcases-2] INFO  sprint4_TestCases.F_TP_DeletionTC - Table is Not delted From VE....
19:47:17.331 [TestNG-test=RetryMultipleFailedTestcases-2] INFO  sprint4_TestCases.F_TP_DeletionTC - Finished verifyDeleteTableWithoutAcceptChange
19:47:25.319 [TestNG-test=RetryMultipleFailedTestcases-3] INFO  sprint4_TestCases.F_TP_DeletionTC - Logged in, searched for a file, and clicked Edit.
19:47:25.320 [TestNG-test=RetryMultipleFailedTestcases-3] INFO  sprint4_TestCases.F_TP_DeletionTC - Created F_TP_Deletion instance.
19:47:28.577 [TestNG-test=RetryMultipleFailedTestcases-2] INFO  sprint4_TestCases.F_TP_DeletionTC - Starting verifyAddTableInCBDeleteCellRowColumn
19:47:30.795 [TestNG-test=RetryMultipleFailedTestcases-1] INFO  sprint4_TestCases.F_TP_DeletionTC - Logged in, searched for a file, and clicked Edit.
19:47:30.796 [TestNG-test=RetryMultipleFailedTestcases-1] INFO  sprint4_TestCases.F_TP_DeletionTC - Created F_TP_Deletion instance.
19:47:33.163 [TestNG-test=RetryMultipleFailedTestcases-3] INFO  sprint4_TestCases.F_TP_DeletionTC - Inserted a new table.
19:47:33.242 [TestNG-test=RetryMultipleFailedTestcases-3] INFO  sprint4_TestCases.F_TP_DeletionTC - Switched to frame 0.
19:47:33.308 [TestNG-test=RetryMultipleFailedTestcases-3] INFO  sprint4_TestCases.F_TP_DeletionTC - Table is present in VE....
19:47:33.311 [TestNG-test=RetryMultipleFailedTestcases-3] INFO  sprint4_TestCases.F_TP_DeletionTC - Switched back to default content.
19:47:33.779 [TestNG-test=RetryMultipleFailedTestcases-3] INFO  sprint4_TestCases.F_TP_DeletionTC - Clicked on Code View Button....
19:47:40.376 [TestNG-test=RetryMultipleFailedTestcases-1] INFO  sprint4_TestCases.F_TP_DeletionTC - Inserted a new table.
19:47:40.435 [TestNG-test=RetryMultipleFailedTestcases-1] INFO  sprint4_TestCases.F_TP_DeletionTC - Switched to frame 0.
19:47:40.486 [TestNG-test=RetryMultipleFailedTestcases-1] INFO  sprint4_TestCases.F_TP_DeletionTC - Table is present in VE....
19:47:40.489 [TestNG-test=RetryMultipleFailedTestcases-1] INFO  sprint4_TestCases.F_TP_DeletionTC - Switched back to default content.
19:47:40.897 [TestNG-test=RetryMultipleFailedTestcases-1] INFO  sprint4_TestCases.F_TP_DeletionTC - Clicked Accept changes.
19:47:41.962 [TestNG-test=RetryMultipleFailedTestcases-1] INFO  sprint4_TestCases.F_TP_DeletionTC - Clicked delete Table from table properties
19:47:43.651 [TestNG-test=RetryMultipleFailedTestcases-1] INFO  sprint4_TestCases.F_TP_DeletionTC - Clicked Accept changes.
19:47:44.011 [TestNG-test=RetryMultipleFailedTestcases-1] INFO  sprint4_TestCases.F_TP_DeletionTC - Switched to frame 0.
19:47:51.512 [TestNG-test=RetryMultipleFailedTestcases-3] INFO  sprint4_TestCases.F_TP_DeletionTC - Starting verifyDeleteTableCheckInCodeViewQP
19:48:02.954 [TestNG-test=RetryMultipleFailedTestcases-4] INFO  sprint4_TestCases.F_TP_DeletionTC - Logged in, searched for a file, and clicked Edit.
19:48:02.955 [TestNG-test=RetryMultipleFailedTestcases-4] INFO  sprint4_TestCases.F_TP_DeletionTC - Created F_TP_Deletion instance.
19:48:11.033 [TestNG-test=RetryMultipleFailedTestcases-4] INFO  sprint4_TestCases.F_TP_DeletionTC - Inserted a new table.
19:48:11.548 [TestNG-test=RetryMultipleFailedTestcases-4] INFO  sprint4_TestCases.F_TP_DeletionTC - Clicked Accept changes.
19:48:11.645 [TestNG-test=RetryMultipleFailedTestcases-4] INFO  sprint4_TestCases.F_TP_DeletionTC - Switched to frame 0.
19:48:12.166 [TestNG-test=RetryMultipleFailedTestcases-4] INFO  sprint4_TestCases.F_TP_DeletionTC - Clicked inserted table first cell.
19:48:12.181 [TestNG-test=RetryMultipleFailedTestcases-4] INFO  sprint4_TestCases.F_TP_DeletionTC - Switched back to default content.
19:48:12.857 [TestNG-test=RetryMultipleFailedTestcases-4] INFO  sprint4_TestCases.F_TP_DeletionTC - Clicked delete cell from table properties
19:48:13.621 [TestNG-test=RetryMultipleFailedTestcases-4] INFO  sprint4_TestCases.F_TP_DeletionTC - Clicked delete Row from table properties
19:48:14.280 [TestNG-test=RetryMultipleFailedTestcases-4] INFO  sprint4_TestCases.F_TP_DeletionTC - Clicked delete Column from table properties
19:48:14.434 [TestNG-test=RetryMultipleFailedTestcases-4] INFO  sprint4_TestCases.F_TP_DeletionTC - Switched to frame 0.
