20:04:38.549 [TestNG-test-RetryMultipleFailedTestcases-4] INFO  Sameera_Testcases.Ab_ParaTC - Starting verifySelectMultipleContentAddEmphsis ..
20:05:14.765 [TestNG-test-RetryMultipleFailedTestcases-1] INFO  Sameera_Testcases.Ab_ParaTC - Starting verifyInsertBackToBackEmphasisElement ..
20:05:24.847 [TestNG-test-RetryMultipleFailedTestcases-4] INFO  Sameera_Testcases.Ab_ParaTC - clicked on bold button from toolbar
20:05:25.159 [TestNG-test-RetryMultipleFailedTestcases-4] INFO  Sameera_Testcases.Ab_ParaTC - clicked on Accept changes button from toolbar
20:05:25.212 [TestNG-test-RetryMultipleFailedTestcases-4] INFO  Sameera_Testcases.Ab_ParaTC - Verifying bold is present in DS 
20:05:25.256 [TestNG-test-RetryMultipleFailedTestcases-4] INFO  Sameera_Testcases.Ab_ParaTC - Verifying bold is present in CE 
20:05:28.470 [TestNG-test-RetryMultipleFailedTestcases-3] INFO  Sameera_Testcases.Ab_ParaTC - clicked on bold button from toolbar
20:05:28.660 [TestNG-test-RetryMultipleFailedTestcases-3] INFO  Sameera_Testcases.Ab_ParaTC - clicked on Accept changes button from toolbar
20:05:28.775 [TestNG-test-RetryMultipleFailedTestcases-3] INFO  Sameera_Testcases.Ab_ParaTC - Verifying bold is present in DS 
20:05:28.815 [TestNG-test-RetryMultipleFailedTestcases-3] INFO  Sameera_Testcases.Ab_ParaTC - Verifying bold is present in CE 
20:05:30.561 [TestNG-test-RetryMultipleFailedTestcases-4] INFO  Sameera_Testcases.Ab_ParaTC - Starting verifyInsertBackToBackEmphasisElement ..
20:05:48.135 [TestNG-test-RetryMultipleFailedTestcases-2] INFO  Sameera_Testcases.Ab_ParaTC - verifying content validation not occured in code view
20:05:48.135 [TestNG-test-RetryMultipleFailedTestcases-2] INFO  Sameera_Testcases.Ab_ParaTC - ****    Finished --> paraTC    ****
20:05:56.059 [TestNG-test-RetryMultipleFailedTestcases-2] INFO  Sameera_Testcases.Ab_ParaTC - Starting verify_Table_VEAndQP test...
20:05:56.060 [TestNG-test-RetryMultipleFailedTestcases-2] INFO  Sameera_Testcases.Ab_ParaTC - ReusableMethods.LoginAndSearchFile_ClickEdit()
20:05:57.906 [TestNG-test-RetryMultipleFailedTestcases-1] INFO  Sameera_Testcases.Ab_ParaTC - Double clicked on First para
20:05:58.239 [TestNG-test-RetryMultipleFailedTestcases-1] INFO  Sameera_Testcases.Ab_ParaTC - clicked on bold button from toolbar
20:06:00.286 [TestNG-test-RetryMultipleFailedTestcases-1] INFO  Sameera_Testcases.Ab_ParaTC - Verifying  Bold is present In DS
20:06:01.021 [TestNG-test-RetryMultipleFailedTestcases-1] INFO  Sameera_Testcases.Ab_ParaTC - Verifying  Italic is present In DS
20:06:01.479 [TestNG-test-RetryMultipleFailedTestcases-1] INFO  Sameera_Testcases.Ab_ParaTC - Verifying  Underline is present In DS
20:06:02.308 [TestNG-test-RetryMultipleFailedTestcases-1] INFO  Sameera_Testcases.Ab_ParaTC - Verifying  Superscipt is present In DS
20:06:02.822 [TestNG-test-RetryMultipleFailedTestcases-1] INFO  Sameera_Testcases.Ab_ParaTC - Verifying  Subscript is present In DS
20:06:03.637 [TestNG-test-RetryMultipleFailedTestcases-1] INFO  Sameera_Testcases.Ab_ParaTC - Verifying  Strikethrough is present In DS
20:06:14.862 [TestNG-test-RetryMultipleFailedTestcases-4] INFO  Sameera_Testcases.Ab_ParaTC - Double clicked on First para
20:06:15.203 [TestNG-test-RetryMultipleFailedTestcases-4] INFO  Sameera_Testcases.Ab_ParaTC - clicked on bold button from toolbar
20:06:17.244 [TestNG-test-RetryMultipleFailedTestcases-4] INFO  Sameera_Testcases.Ab_ParaTC - Verifying  Bold is present In DS
20:06:18.094 [TestNG-test-RetryMultipleFailedTestcases-4] INFO  Sameera_Testcases.Ab_ParaTC - Verifying  Italic is present In DS
20:06:18.608 [TestNG-test-RetryMultipleFailedTestcases-4] INFO  Sameera_Testcases.Ab_ParaTC - Verifying  Underline is present In DS
20:06:19.979 [TestNG-test-RetryMultipleFailedTestcases-4] INFO  Sameera_Testcases.Ab_ParaTC - Verifying  Superscipt is present In DS
20:06:20.611 [TestNG-test-RetryMultipleFailedTestcases-4] INFO  Sameera_Testcases.Ab_ParaTC - Verifying  Subscript is present In DS
20:06:21.591 [TestNG-test-RetryMultipleFailedTestcases-4] INFO  Sameera_Testcases.Ab_ParaTC - Verifying  Strikethrough is present In DS
20:06:24.026 [TestNG-test-RetryMultipleFailedTestcases-4] INFO  Sameera_Testcases.Ab_ParaTC - Finished verifyInsertBackToBackEmphasisElement ..
20:06:57.159 [TestNG-test-RetryMultipleFailedTestcases-2] INFO  Sameera_Testcases.Ab_ParaTC - Calling ReusableMethods.insertTableCB()
20:07:06.551 [TestNG-test-RetryMultipleFailedTestcases-2] INFO  Sameera_Testcases.Ab_ParaTC - Creating A_TableInsertion instance
20:07:06.553 [TestNG-test-RetryMultipleFailedTestcases-2] INFO  Sameera_Testcases.Ab_ParaTC - Switching to frame and verifying if Editor Table is displayed
20:07:06.736 [TestNG-test-RetryMultipleFailedTestcases-2] INFO  Sameera_Testcases.Ab_ParaTC - Verifying if Selected Table is displayed
20:07:06.798 [TestNG-test-RetryMultipleFailedTestcases-2] INFO  Sameera_Testcases.Ab_ParaTC - verify_Table_VEAndQP test completed successfully.
20:07:36.175 [TestNG-test-RetryMultipleFailedTestcases-3] INFO  Sameera_Testcases.Ab_ParaTC - Clicked Track Change
20:08:25.605 [TestNG-test-RetryMultipleFailedTestcases-4] INFO  Sameera_Testcases.Ab_ParaTC - Clicked Track Change
20:08:43.843 [TestNG-test-RetryMultipleFailedTestcases-2] INFO  Sameera_Testcases.Ab_ParaTC - Clicked Track Change
20:09:45.211 [TestNG-test-RetryMultipleFailedTestcases-2] INFO  Sameera_Testcases.Ab_ParaTC - Clicked Track Change
20:10:57.600 [TestNG-test-RetryMultipleFailedTestcases-3] INFO  Sameera_Testcases.Ab_ParaTC - Clicked Track Change
20:11:09.442 [TestNG-test-RetryMultipleFailedTestcases-1] INFO  Sameera_Testcases.Ab_ParaTC - Clicked Track Change
20:11:36.183 [TestNG-test-RetryMultipleFailedTestcases-4] INFO  Sameera_Testcases.Ab_ParaTC - Switched to frame 0.
20:11:36.770 [TestNG-test-RetryMultipleFailedTestcases-4] INFO  Sameera_Testcases.Ab_ParaTC - Clicked List Before Paragraph.
20:11:39.864 [TestNG-test-RetryMultipleFailedTestcases-4] INFO  Sameera_Testcases.Ab_ParaTC - Clicked Track Change
20:12:28.712 [TestNG-test-RetryMultipleFailedTestcases-4] INFO  Sameera_Testcases.Ab_ParaTC - Switched to frame 0.
20:12:29.344 [TestNG-test-RetryMultipleFailedTestcases-4] INFO  Sameera_Testcases.Ab_ParaTC - Clicked List Before Paragraph.
20:12:44.791 [TestNG-test-RetryMultipleFailedTestcases-2] INFO  Sameera_Testcases.Ab_ParaTC - Clicked Track Change
20:13:21.445 [TestNG-test-RetryMultipleFailedTestcases-4] INFO  Sameera_Testcases.Ab_ParaTC - Switched to frame 0.
20:13:22.293 [TestNG-test-RetryMultipleFailedTestcases-4] INFO  Sameera_Testcases.Ab_ParaTC - Clicked List Before Paragraph.
20:13:49.607 [TestNG-test-RetryMultipleFailedTestcases-2] INFO  Sameera_Testcases.Ab_ParaTC - Clicked Track Change
20:14:36.047 [TestNG-test-RetryMultipleFailedTestcases-2] INFO  Sameera_Testcases.Ab_ParaTC - Switched to frame 0.
20:14:36.506 [TestNG-test-RetryMultipleFailedTestcases-2] INFO  Sameera_Testcases.Ab_ParaTC - Clicked List Before Paragraph.
20:14:39.286 [TestNG-test-RetryMultipleFailedTestcases-4] INFO  Sameera_Testcases.Ab_ParaTC - Clicked Track Change
20:14:40.316 [TestNG-test-RetryMultipleFailedTestcases-2] INFO  Sameera_Testcases.Ab_ParaTC - Clicked Track Change
20:15:36.590 [TestNG-test-RetryMultipleFailedTestcases-4] INFO  Sameera_Testcases.Ab_ParaTC - Clicked Track Change
20:15:39.518 [TestNG-test-RetryMultipleFailedTestcases-2] INFO  Sameera_Testcases.Ab_ParaTC - Clicked Track Change
20:16:10.915 [TestNG-test-RetryMultipleFailedTestcases-3] INFO  Sameera_Testcases.Ab_ParaTC - Clicked Track Change
20:16:33.108 [TestNG-test-RetryMultipleFailedTestcases-2] INFO  Sameera_Testcases.Ab_ParaTC - Switched to frame 0.
20:16:33.939 [TestNG-test-RetryMultipleFailedTestcases-2] INFO  Sameera_Testcases.Ab_ParaTC - Clicked List Before Paragraph.
20:17:08.861 [TestNG-test-RetryMultipleFailedTestcases-3] INFO  Sameera_Testcases.Ab_ParaTC - Clicked Track Change
20:17:19.701 [TestNG-test-RetryMultipleFailedTestcases-1] INFO  Sameera_Testcases.Ab_ParaTC - Clicked Track Change
20:17:30.796 [TestNG-test-RetryMultipleFailedTestcases-2] INFO  Sameera_Testcases.Ab_ParaTC - Switched to frame 0.
20:17:31.455 [TestNG-test-RetryMultipleFailedTestcases-2] INFO  Sameera_Testcases.Ab_ParaTC - Clicked List Before Paragraph.
20:17:59.735 [TestNG-test-RetryMultipleFailedTestcases-3] INFO  Sameera_Testcases.Ab_ParaTC - Switched to frame 0.
20:18:00.274 [TestNG-test-RetryMultipleFailedTestcases-3] INFO  Sameera_Testcases.Ab_ParaTC - Clicked List Before Paragraph.
20:18:31.888 [TestNG-test-RetryMultipleFailedTestcases-2] INFO  Sameera_Testcases.Ab_ParaTC - Clicked Track Change
20:19:30.765 [TestNG-test-RetryMultipleFailedTestcases-2] INFO  Sameera_Testcases.Ab_ParaTC - Clicked Track Change
20:19:48.050 [TestNG-test-RetryMultipleFailedTestcases-3] INFO  Sameera_Testcases.Ab_ParaTC - Switched to frame 0.
20:19:48.614 [TestNG-test-RetryMultipleFailedTestcases-3] INFO  Sameera_Testcases.Ab_ParaTC - Clicked List Before Paragraph.
20:20:25.120 [TestNG-test-RetryMultipleFailedTestcases-4] INFO  Sameera_Testcases.Ab_ParaTC - Switched to frame 0.
20:20:25.721 [TestNG-test-RetryMultipleFailedTestcases-4] INFO  Sameera_Testcases.Ab_ParaTC - Clicked List Before Paragraph.
20:20:29.958 [TestNG-test-RetryMultipleFailedTestcases-2] INFO  Sameera_Testcases.Ab_ParaTC - Clicked Track Change
20:20:34.724 [TestNG-test-RetryMultipleFailedTestcases-2] INFO  Sameera_Testcases.Ab_ParaTC - Starting verifyChangeSectionHeadingToPara
20:20:58.954 [TestNG-test-RetryMultipleFailedTestcases-3] INFO  Sameera_Testcases.Ab_ParaTC - Starting verifyChangeSectionHeadingToPara
20:21:20.968 [TestNG-test-RetryMultipleFailedTestcases-4] INFO  Sameera_Testcases.Ab_ParaTC - Switched to frame 0.
20:21:21.598 [TestNG-test-RetryMultipleFailedTestcases-4] INFO  Sameera_Testcases.Ab_ParaTC - Clicked List Before Paragraph.
20:21:22.953 [TestNG-test-RetryMultipleFailedTestcases-2] INFO  Sameera_Testcases.Ab_ParaTC - Logged in, searched for a file, and clicked Edit.
20:21:22.970 [TestNG-test-RetryMultipleFailedTestcases-2] INFO  Sameera_Testcases.Ab_ParaTC - Created Cj_ChangeElement instance.
20:21:28.323 [TestNG-test-RetryMultipleFailedTestcases-4] INFO  Sameera_Testcases.Ab_ParaTC - Starting verifyChangeImageToPara
20:21:47.483 [TestNG-test-RetryMultipleFailedTestcases-3] INFO  Sameera_Testcases.Ab_ParaTC - Logged in, searched for a file, and clicked Edit.
20:21:47.485 [TestNG-test-RetryMultipleFailedTestcases-3] INFO  Sameera_Testcases.Ab_ParaTC - Created Para instance.
20:22:10.984 [TestNG-test-RetryMultipleFailedTestcases-4] INFO  Sameera_Testcases.Ab_ParaTC - Logged in, searched for a file, and clicked Edit.
20:22:10.986 [TestNG-test-RetryMultipleFailedTestcases-4] INFO  Sameera_Testcases.Ab_ParaTC - Created Para instance.
20:22:48.936 [TestNG-test-RetryMultipleFailedTestcases-2] INFO  Sameera_Testcases.Ab_ParaTC - Starting verifyChangeSectionHeadingToPara
20:23:13.511 [TestNG-test-RetryMultipleFailedTestcases-3] INFO  Sameera_Testcases.Ab_ParaTC - Starting verifyChangeSectionHeadingToPara
20:23:17.761 [TestNG-test-RetryMultipleFailedTestcases-4] INFO  Sameera_Testcases.Ab_ParaTC - Starting verifyChangeImageToPara
20:23:30.048 [TestNG-test-RetryMultipleFailedTestcases-2] INFO  Sameera_Testcases.Ab_ParaTC - Logged in, searched for a file, and clicked Edit.
20:23:30.048 [TestNG-test-RetryMultipleFailedTestcases-2] INFO  Sameera_Testcases.Ab_ParaTC - Created Cj_ChangeElement instance.
20:24:09.496 [TestNG-test-RetryMultipleFailedTestcases-3] INFO  Sameera_Testcases.Ab_ParaTC - Logged in, searched for a file, and clicked Edit.
20:24:09.497 [TestNG-test-RetryMultipleFailedTestcases-3] INFO  Sameera_Testcases.Ab_ParaTC - Created Para instance.
20:24:09.870 [TestNG-test-RetryMultipleFailedTestcases-4] INFO  Sameera_Testcases.Ab_ParaTC - Logged in, searched for a file, and clicked Edit.
20:24:09.871 [TestNG-test-RetryMultipleFailedTestcases-4] INFO  Sameera_Testcases.Ab_ParaTC - Created Para instance.
20:25:36.151 [TestNG-test-RetryMultipleFailedTestcases-3] INFO  Sameera_Testcases.Ab_ParaTC - Starting verifyChangeSectionHeadingToPara
20:26:23.512 [TestNG-test-RetryMultipleFailedTestcases-3] INFO  Sameera_Testcases.Ab_ParaTC - Logged in, searched for a file, and clicked Edit.
20:26:23.512 [TestNG-test-RetryMultipleFailedTestcases-3] INFO  Sameera_Testcases.Ab_ParaTC - Created Para instance.
20:27:03.384 [TestNG-test-RetryMultipleFailedTestcases-1] INFO  Sameera_Testcases.Ab_ParaTC - Switched to frame 0.
20:27:03.902 [TestNG-test-RetryMultipleFailedTestcases-1] INFO  Sameera_Testcases.Ab_ParaTC - Clicked List Before Paragraph.
20:27:06.801 [TestNG-test-RetryMultipleFailedTestcases-1] INFO  Sameera_Testcases.Ab_ParaTC - Clicked Track Change
20:29:57.868 [TestNG-test-RetryMultipleFailedTestcases-2] INFO  Sameera_Testcases.Ab_ParaTC - clicked on bold button from toolbar
20:29:57.946 [TestNG-test-RetryMultipleFailedTestcases-2] INFO  Sameera_Testcases.Ab_ParaTC - clicked on Accept changes button from toolbar
20:29:58.113 [TestNG-test-RetryMultipleFailedTestcases-2] INFO  Sameera_Testcases.Ab_ParaTC - Verifying bold is present in DS 
20:29:58.134 [TestNG-test-RetryMultipleFailedTestcases-2] INFO  Sameera_Testcases.Ab_ParaTC - Verifying bold is present in CE 
20:34:00.119 [main] INFO  Sameera_Testcases.Ab_ParaTC - Clicked Track Change
20:36:52.817 [main] INFO  Sameera_Testcases.Ab_ParaTC - Starting verifyChangeSectionHeadingToPara
20:37:23.302 [main] INFO  Sameera_Testcases.Ab_ParaTC - Logged in, searched for a file, and clicked Edit.
20:37:23.318 [main] INFO  Sameera_Testcases.Ab_ParaTC - Created Para instance.
20:39:20.647 [main] INFO  Sameera_Testcases.Ab_ParaTC - Starting verifyChangeSectionHeadingToPara
20:39:50.819 [main] INFO  Sameera_Testcases.Ab_ParaTC - Logged in, searched for a file, and clicked Edit.
20:39:50.839 [main] INFO  Sameera_Testcases.Ab_ParaTC - Created Para instance.
20:42:13.669 [main] INFO  Sameera_Testcases.Ab_ParaTC - Starting verifyChangeSectionHeadingToPara
20:42:43.324 [main] INFO  Sameera_Testcases.Ab_ParaTC - Logged in, searched for a file, and clicked Edit.
20:42:43.350 [main] INFO  Sameera_Testcases.Ab_ParaTC - Created Para instance.
20:44:52.411 [main] INFO  Sameera_Testcases.Ab_ParaTC - Starting verifyChangeSectionHeadingToPara
20:45:24.220 [main] INFO  Sameera_Testcases.Ab_ParaTC - Logged in, searched for a file, and clicked Edit.
20:45:24.239 [main] INFO  Sameera_Testcases.Ab_ParaTC - Created Cj_ChangeElement instance.
20:45:26.300 [main] INFO  Sameera_Testcases.Ab_ParaTC - Clicked change Element
20:50:19.641 [main] INFO  Sameera_Testcases.Ab_ParaTC - Switched to frame 0.
20:50:19.819 [main] INFO  Sameera_Testcases.Ab_ParaTC - Clicked List Before Paragraph.
20:55:17.585 [main] INFO  Sameera_Testcases.Ab_ParaTC - Switched to frame 0.
20:55:17.805 [main] INFO  Sameera_Testcases.Ab_ParaTC - Clicked List Before Paragraph.
20:56:21.142 [main] INFO  Sameera_Testcases.Ab_ParaTC - Switched to frame 0.
20:56:21.378 [main] INFO  Sameera_Testcases.Ab_ParaTC - Clicked List Before Paragraph.
20:58:25.358 [main] INFO  Sameera_Testcases.Ab_ParaTC - Switched to frame 0.
20:58:25.623 [main] INFO  Sameera_Testcases.Ab_ParaTC - Clicked List Before Paragraph.
21:00:47.087 [main] INFO  Sameera_Testcases.Ab_ParaTC - Switched to frame 0.
21:00:47.413 [main] INFO  Sameera_Testcases.Ab_ParaTC - Clicked List Before Paragraph.
21:01:34.740 [main] INFO  Sameera_Testcases.Ab_ParaTC - Switched to frame 0.
21:01:34.991 [main] INFO  Sameera_Testcases.Ab_ParaTC - Clicked List Before Paragraph.
21:02:46.296 [main] INFO  Sameera_Testcases.Ab_ParaTC - Switched to frame 0.
21:02:46.557 [main] INFO  Sameera_Testcases.Ab_ParaTC - Clicked List Before Paragraph.
21:04:32.699 [main] INFO  Sameera_Testcases.Ab_ParaTC - Switched to frame 0.
21:04:32.971 [main] INFO  Sameera_Testcases.Ab_ParaTC - Clicked List Before Paragraph.
21:11:35.348 [main] INFO  Sameera_Testcases.Ab_ParaTC - Switched to frame 0.
21:11:35.606 [main] INFO  Sameera_Testcases.Ab_ParaTC - Clicked List Before Paragraph.
21:15:12.336 [main] INFO  Sameera_Testcases.Ab_ParaTC - Clicked Track Change
21:16:02.163 [TestNG-test-RetryMultipleFailedTestcases-2] INFO  Sameera_Testcases.Ab_ParaTC - ****    Starting --> paraTC    ****
21:16:59.277 [TestNG-test-RetryMultipleFailedTestcases-2] INFO  Sameera_Testcases.Ab_ParaTC - clicked on Enter key
21:16:59.450 [TestNG-test-RetryMultipleFailedTestcases-2] INFO  Sameera_Testcases.Ab_ParaTC - Verifying new para present in VE
21:16:59.529 [TestNG-test-RetryMultipleFailedTestcases-2] INFO  Sameera_Testcases.Ab_ParaTC - Verifying new para present into DS
21:17:04.381 [TestNG-test-RetryMultipleFailedTestcases-1] INFO  Sameera_Testcases.Ab_ParaTC - Starting verifySelectMultipleContentAddEmphsis ..
21:17:42.783 [TestNG-test-RetryMultipleFailedTestcases-2] INFO  Sameera_Testcases.Ab_ParaTC - ****    Starting --> paraTC    ****
21:18:46.850 [TestNG-test-RetryMultipleFailedTestcases-2] INFO  Sameera_Testcases.Ab_ParaTC - clicked on Enter key
21:18:47.240 [TestNG-test-RetryMultipleFailedTestcases-2] INFO  Sameera_Testcases.Ab_ParaTC - Verifying new para present in VE
21:18:47.358 [TestNG-test-RetryMultipleFailedTestcases-2] INFO  Sameera_Testcases.Ab_ParaTC - Verifying new para present into DS
21:18:53.783 [TestNG-test-RetryMultipleFailedTestcases-1] INFO  Sameera_Testcases.Ab_ParaTC - Starting verifySelectMultipleContentAddEmphsis ..
21:19:45.713 [TestNG-test-RetryMultipleFailedTestcases-1] INFO  Sameera_Testcases.Ab_ParaTC - clicked on bold button from toolbar
21:19:45.789 [TestNG-test-RetryMultipleFailedTestcases-1] INFO  Sameera_Testcases.Ab_ParaTC - clicked on Accept changes button from toolbar
21:19:45.972 [TestNG-test-RetryMultipleFailedTestcases-1] INFO  Sameera_Testcases.Ab_ParaTC - Verifying bold is present in DS 
21:19:45.998 [TestNG-test-RetryMultipleFailedTestcases-1] INFO  Sameera_Testcases.Ab_ParaTC - Verifying bold is present in CE 
21:19:50.801 [TestNG-test-RetryMultipleFailedTestcases-1] INFO  Sameera_Testcases.Ab_ParaTC - Starting verifyInsertBackToBackEmphasisElement ..
21:19:52.623 [TestNG-test-RetryMultipleFailedTestcases-3] INFO  Sameera_Testcases.Ab_ParaTC - clicked on bold button from toolbar
21:19:53.020 [TestNG-test-RetryMultipleFailedTestcases-3] INFO  Sameera_Testcases.Ab_ParaTC - clicked on Accept changes button from toolbar
21:19:53.131 [TestNG-test-RetryMultipleFailedTestcases-3] INFO  Sameera_Testcases.Ab_ParaTC - Verifying bold is present in DS 
21:19:53.204 [TestNG-test-RetryMultipleFailedTestcases-3] INFO  Sameera_Testcases.Ab_ParaTC - Verifying bold is present in CE 
21:19:55.286 [TestNG-test-RetryMultipleFailedTestcases-4] INFO  Sameera_Testcases.Ab_ParaTC - Starting verifyInsertBackToBackEmphasisElement ..
21:20:09.016 [TestNG-test-RetryMultipleFailedTestcases-2] INFO  Sameera_Testcases.Ab_ParaTC - verifying content validation not occured in code view
21:20:09.016 [TestNG-test-RetryMultipleFailedTestcases-2] INFO  Sameera_Testcases.Ab_ParaTC - ****    Finished --> paraTC    ****
21:20:28.000 [TestNG-test-RetryMultipleFailedTestcases-2] INFO  Sameera_Testcases.Ab_ParaTC - Starting verify_Table_VEAndQP test...
21:20:28.000 [TestNG-test-RetryMultipleFailedTestcases-2] INFO  Sameera_Testcases.Ab_ParaTC - ReusableMethods.LoginAndSearchFile_ClickEdit()
21:20:41.554 [TestNG-test-RetryMultipleFailedTestcases-1] INFO  Sameera_Testcases.Ab_ParaTC - Double clicked on First para
21:20:41.792 [TestNG-test-RetryMultipleFailedTestcases-1] INFO  Sameera_Testcases.Ab_ParaTC - clicked on bold button from toolbar
21:20:43.828 [TestNG-test-RetryMultipleFailedTestcases-1] INFO  Sameera_Testcases.Ab_ParaTC - Verifying  Bold is present In DS
21:20:44.603 [TestNG-test-RetryMultipleFailedTestcases-1] INFO  Sameera_Testcases.Ab_ParaTC - Verifying  Italic is present In DS
21:20:45.045 [TestNG-test-RetryMultipleFailedTestcases-1] INFO  Sameera_Testcases.Ab_ParaTC - Verifying  Underline is present In DS
21:20:45.997 [TestNG-test-RetryMultipleFailedTestcases-1] INFO  Sameera_Testcases.Ab_ParaTC - Verifying  Superscipt is present In DS
21:20:46.615 [TestNG-test-RetryMultipleFailedTestcases-4] INFO  Sameera_Testcases.Ab_ParaTC - Double clicked on First para
21:20:46.794 [TestNG-test-RetryMultipleFailedTestcases-1] INFO  Sameera_Testcases.Ab_ParaTC - Verifying  Subscript is present In DS
21:20:47.088 [TestNG-test-RetryMultipleFailedTestcases-4] INFO  Sameera_Testcases.Ab_ParaTC - clicked on bold button from toolbar
21:20:47.916 [TestNG-test-RetryMultipleFailedTestcases-1] INFO  Sameera_Testcases.Ab_ParaTC - Verifying  Strikethrough is present In DS
21:20:49.354 [TestNG-test-RetryMultipleFailedTestcases-4] INFO  Sameera_Testcases.Ab_ParaTC - Verifying  Bold is present In DS
21:20:50.582 [TestNG-test-RetryMultipleFailedTestcases-4] INFO  Sameera_Testcases.Ab_ParaTC - Verifying  Italic is present In DS
21:20:51.501 [TestNG-test-RetryMultipleFailedTestcases-4] INFO  Sameera_Testcases.Ab_ParaTC - Verifying  Underline is present In DS
21:20:52.441 [TestNG-test-RetryMultipleFailedTestcases-4] INFO  Sameera_Testcases.Ab_ParaTC - Verifying  Superscipt is present In DS
21:20:53.019 [TestNG-test-RetryMultipleFailedTestcases-4] INFO  Sameera_Testcases.Ab_ParaTC - Verifying  Subscript is present In DS
21:20:53.985 [TestNG-test-RetryMultipleFailedTestcases-4] INFO  Sameera_Testcases.Ab_ParaTC - Verifying  Strikethrough is present In DS
21:20:56.412 [TestNG-test-RetryMultipleFailedTestcases-4] INFO  Sameera_Testcases.Ab_ParaTC - Finished verifyInsertBackToBackEmphasisElement ..
21:21:08.023 [TestNG-test-RetryMultipleFailedTestcases-2] INFO  Sameera_Testcases.Ab_ParaTC - Calling ReusableMethods.insertTableCB()
21:21:17.039 [TestNG-test-RetryMultipleFailedTestcases-2] INFO  Sameera_Testcases.Ab_ParaTC - Creating A_TableInsertion instance
21:21:17.043 [TestNG-test-RetryMultipleFailedTestcases-2] INFO  Sameera_Testcases.Ab_ParaTC - Switching to frame and verifying if Editor Table is displayed
21:21:17.243 [TestNG-test-RetryMultipleFailedTestcases-2] INFO  Sameera_Testcases.Ab_ParaTC - Verifying if Selected Table is displayed
21:21:17.308 [TestNG-test-RetryMultipleFailedTestcases-2] INFO  Sameera_Testcases.Ab_ParaTC - verify_Table_VEAndQP test completed successfully.
21:21:59.334 [TestNG-test-RetryMultipleFailedTestcases-3] INFO  Sameera_Testcases.Ab_ParaTC - Clicked Track Change
21:22:43.943 [TestNG-test-RetryMultipleFailedTestcases-4] INFO  Sameera_Testcases.Ab_ParaTC - Clicked Track Change
21:24:20.421 [TestNG-test-RetryMultipleFailedTestcases-2] INFO  Sameera_Testcases.Ab_ParaTC - Clicked Track Change
21:25:00.935 [TestNG-test-RetryMultipleFailedTestcases-4] INFO  Sameera_Testcases.Ab_ParaTC - Clicked Track Change
21:25:16.185 [TestNG-test-RetryMultipleFailedTestcases-1] INFO  Sameera_Testcases.Ab_ParaTC - Clicked Track Change
21:25:51.810 [TestNG-test-RetryMultipleFailedTestcases-4] INFO  Sameera_Testcases.Ab_ParaTC - Clicked Track Change
21:25:58.159 [TestNG-test-RetryMultipleFailedTestcases-2] INFO  Sameera_Testcases.Ab_ParaTC - Switched to frame 0.
21:25:58.987 [TestNG-test-RetryMultipleFailedTestcases-2] INFO  Sameera_Testcases.Ab_ParaTC - Clicked List Before Paragraph.
21:26:02.516 [TestNG-test-RetryMultipleFailedTestcases-2] INFO  Sameera_Testcases.Ab_ParaTC - Clicked Track Change
21:26:11.596 [TestNG-test-RetryMultipleFailedTestcases-1] INFO  Sameera_Testcases.Ab_ParaTC - Clicked Track Change
21:26:53.807 [TestNG-test-RetryMultipleFailedTestcases-2] INFO  Sameera_Testcases.Ab_ParaTC - Switched to frame 0.
21:26:54.427 [TestNG-test-RetryMultipleFailedTestcases-2] INFO  Sameera_Testcases.Ab_ParaTC - Clicked List Before Paragraph.
21:26:57.099 [TestNG-test-RetryMultipleFailedTestcases-2] INFO  Sameera_Testcases.Ab_ParaTC - Clicked Track Change
21:27:25.364 [TestNG-test-RetryMultipleFailedTestcases-4] INFO  Sameera_Testcases.Ab_ParaTC - Clicked Track Change
21:27:50.928 [TestNG-test-RetryMultipleFailedTestcases-2] INFO  Sameera_Testcases.Ab_ParaTC - Clicked Track Change
21:28:08.807 [TestNG-test-RetryMultipleFailedTestcases-4] INFO  Sameera_Testcases.Ab_ParaTC - Switched to frame 0.
21:28:09.314 [TestNG-test-RetryMultipleFailedTestcases-4] INFO  Sameera_Testcases.Ab_ParaTC - Clicked List Before Paragraph.
21:28:12.771 [TestNG-test-RetryMultipleFailedTestcases-4] INFO  Sameera_Testcases.Ab_ParaTC - Clicked Track Change
21:28:44.664 [TestNG-test-RetryMultipleFailedTestcases-2] INFO  Sameera_Testcases.Ab_ParaTC - Clicked Track Change
21:28:54.553 [TestNG-test-RetryMultipleFailedTestcases-3] INFO  Sameera_Testcases.Ab_ParaTC - Clicked Track Change
21:29:11.398 [TestNG-test-RetryMultipleFailedTestcases-4] INFO  Sameera_Testcases.Ab_ParaTC - Clicked Track Change
21:29:39.652 [TestNG-test-RetryMultipleFailedTestcases-1] INFO  Sameera_Testcases.Ab_ParaTC - Clicked Track Change
21:29:42.893 [TestNG-test-RetryMultipleFailedTestcases-3] INFO  Sameera_Testcases.Ab_ParaTC - Switched to frame 0.
21:29:43.330 [TestNG-test-RetryMultipleFailedTestcases-3] INFO  Sameera_Testcases.Ab_ParaTC - Clicked List Before Paragraph.
21:29:51.226 [TestNG-test-RetryMultipleFailedTestcases-4] INFO  Sameera_Testcases.Ab_ParaTC - Clicked Track Change
21:30:21.172 [TestNG-test-RetryMultipleFailedTestcases-1] INFO  Sameera_Testcases.Ab_ParaTC - Clicked Track Change
21:31:00.951 [TestNG-test-RetryMultipleFailedTestcases-1] INFO  Sameera_Testcases.Ab_ParaTC - Clicked Track Change
21:31:14.258 [TestNG-test-RetryMultipleFailedTestcases-2] INFO  Sameera_Testcases.Ab_ParaTC - Clicked Track Change
21:31:53.906 [TestNG-test-RetryMultipleFailedTestcases-1] INFO  Sameera_Testcases.Ab_ParaTC - Clicked Track Change
21:31:58.727 [TestNG-test-RetryMultipleFailedTestcases-1] INFO  Sameera_Testcases.Ab_ParaTC - Starting verifyChangeSectionHeadingToPara
21:32:01.621 [TestNG-test-RetryMultipleFailedTestcases-4] INFO  Sameera_Testcases.Ab_ParaTC - Starting verifyChangeSectionHeadingToPara
21:32:32.822 [TestNG-test-RetryMultipleFailedTestcases-1] INFO  Sameera_Testcases.Ab_ParaTC - Logged in, searched for a file, and clicked Edit.
21:32:32.830 [TestNG-test-RetryMultipleFailedTestcases-1] INFO  Sameera_Testcases.Ab_ParaTC - Created Cj_ChangeElement instance.
21:32:34.276 [TestNG-test-RetryMultipleFailedTestcases-4] INFO  Sameera_Testcases.Ab_ParaTC - Logged in, searched for a file, and clicked Edit.
21:32:34.277 [TestNG-test-RetryMultipleFailedTestcases-4] INFO  Sameera_Testcases.Ab_ParaTC - Created Para instance.
21:32:35.218 [TestNG-test-RetryMultipleFailedTestcases-1] INFO  Sameera_Testcases.Ab_ParaTC - Clicked change Element
21:32:39.733 [TestNG-test-RetryMultipleFailedTestcases-1] INFO  Sameera_Testcases.Ab_ParaTC - Starting verifyChangeImageToPara
21:33:16.212 [TestNG-test-RetryMultipleFailedTestcases-4] INFO  Sameera_Testcases.Ab_ParaTC - Clicked Track Change
21:33:17.025 [TestNG-test-RetryMultipleFailedTestcases-1] INFO  Sameera_Testcases.Ab_ParaTC - Logged in, searched for a file, and clicked Edit.
21:33:17.026 [TestNG-test-RetryMultipleFailedTestcases-1] INFO  Sameera_Testcases.Ab_ParaTC - Created Para instance.
21:34:25.059 [TestNG-test-RetryMultipleFailedTestcases-1] INFO  Sameera_Testcases.Ab_ParaTC - Starting verifyChangeImageToPara
21:34:27.370 [TestNG-test-RetryMultipleFailedTestcases-2] INFO  Sameera_Testcases.Ab_ParaTC - Starting verifyChangeSectionHeadingToPara
21:34:56.450 [TestNG-test-RetryMultipleFailedTestcases-1] INFO  Sameera_Testcases.Ab_ParaTC - Logged in, searched for a file, and clicked Edit.
21:34:56.453 [TestNG-test-RetryMultipleFailedTestcases-1] INFO  Sameera_Testcases.Ab_ParaTC - Created Para instance.
21:34:58.029 [TestNG-test-RetryMultipleFailedTestcases-2] INFO  Sameera_Testcases.Ab_ParaTC - Logged in, searched for a file, and clicked Edit.
21:34:58.030 [TestNG-test-RetryMultipleFailedTestcases-2] INFO  Sameera_Testcases.Ab_ParaTC - Created Para instance.
21:35:03.560 [TestNG-test-RetryMultipleFailedTestcases-1] INFO  Sameera_Testcases.Ab_ParaTC - Finished verifyChangeImageToPara
21:35:27.735 [TestNG-test-RetryMultipleFailedTestcases-3] INFO  Sameera_Testcases.Ab_ParaTC - Switched to frame 0.
21:35:28.215 [TestNG-test-RetryMultipleFailedTestcases-3] INFO  Sameera_Testcases.Ab_ParaTC - Clicked List Before Paragraph.
21:35:30.925 [TestNG-test-RetryMultipleFailedTestcases-3] INFO  Sameera_Testcases.Ab_ParaTC - Clicked Track Change
21:38:08.990 [TestNG-test-RetryMultipleFailedTestcases-4] INFO  Sameera_Testcases.Ab_ParaTC - clicked on bold button from toolbar
21:38:09.150 [TestNG-test-RetryMultipleFailedTestcases-4] INFO  Sameera_Testcases.Ab_ParaTC - clicked on Accept changes button from toolbar
21:38:09.303 [TestNG-test-RetryMultipleFailedTestcases-4] INFO  Sameera_Testcases.Ab_ParaTC - Verifying bold is present in DS 
21:38:09.348 [TestNG-test-RetryMultipleFailedTestcases-4] INFO  Sameera_Testcases.Ab_ParaTC - Verifying bold is present in CE 
21:44:49.629 [TestNG-test-RetryMultipleFailedTestcases-4] INFO  Sameera_Testcases.Ac_ListTC - Starting verify_ExistingList_PropertiesPopup
21:44:49.629 [TestNG-test-RetryMultipleFailedTestcases-2] INFO  Sameera_Testcases.Ac_ListTC - Starting verify_AddingList_InsertInto_InPara ..
21:44:51.558 [TestNG-test-RetryMultipleFailedTestcases-3] INFO  Sameera_Testcases.Ac_ListTC - Starting verify_ExistingList_PropertiesPopup
21:44:51.587 [TestNG-test-RetryMultipleFailedTestcases-1] INFO  Sameera_Testcases.Ac_ListTC - Starting verify_ExistingList_PropertiesPopup
21:45:45.876 [TestNG-test-RetryMultipleFailedTestcases-4] INFO  Sameera_Testcases.Ac_ListTC - Logged in, searched for a file, and clicked Edit.
21:45:45.945 [TestNG-test-RetryMultipleFailedTestcases-4] INFO  Sameera_Testcases.Ac_ListTC - Switched to frame 0.
21:45:46.626 [TestNG-test-RetryMultipleFailedTestcases-4] INFO  Sameera_Testcases.Ac_ListTC - Clicked on the first paragraph.
21:45:46.680 [TestNG-test-RetryMultipleFailedTestcases-4] INFO  Sameera_Testcases.Ac_ListTC - Switched back to default content.
21:45:47.136 [TestNG-test-RetryMultipleFailedTestcases-3] INFO  Sameera_Testcases.Ac_ListTC - Logged in, searched for a file, and clicked Edit.
21:45:47.209 [TestNG-test-RetryMultipleFailedTestcases-3] INFO  Sameera_Testcases.Ac_ListTC - Switched to frame 0.
21:45:47.612 [TestNG-test-RetryMultipleFailedTestcases-3] INFO  Sameera_Testcases.Ac_ListTC - Clicked on the first paragraph.
21:45:47.671 [TestNG-test-RetryMultipleFailedTestcases-3] INFO  Sameera_Testcases.Ac_ListTC - Switched back to default content.
21:45:48.576 [TestNG-test-RetryMultipleFailedTestcases-1] INFO  Sameera_Testcases.Ac_ListTC - Logged in, searched for a file, and clicked Edit.
21:45:48.629 [TestNG-test-RetryMultipleFailedTestcases-1] INFO  Sameera_Testcases.Ac_ListTC - Switched to frame 0.
21:45:49.035 [TestNG-test-RetryMultipleFailedTestcases-1] INFO  Sameera_Testcases.Ac_ListTC - Clicked on the first paragraph.
21:45:49.085 [TestNG-test-RetryMultipleFailedTestcases-1] INFO  Sameera_Testcases.Ac_ListTC - Switched back to default content.
21:45:49.820 [TestNG-test-RetryMultipleFailedTestcases-4] INFO  Sameera_Testcases.Ac_ListTC - Clicked on the Number List.
21:45:50.528 [TestNG-test-RetryMultipleFailedTestcases-3] INFO  Sameera_Testcases.Ac_ListTC - Clicked on the Number List.
21:45:50.621 [TestNG-test-RetryMultipleFailedTestcases-4] INFO  Sameera_Testcases.Ac_ListTC - Verified that List Number is present in DS.
21:45:51.175 [TestNG-test-RetryMultipleFailedTestcases-2] INFO  Sameera_Testcases.Ac_ListTC - Logged in, searched for a file, and clicked Edit.
21:45:51.187 [TestNG-test-RetryMultipleFailedTestcases-2] INFO  Sameera_Testcases.Ac_ListTC - Created B_Verify_RightClick_Options instance.
21:45:51.334 [TestNG-test-RetryMultipleFailedTestcases-3] INFO  Sameera_Testcases.Ac_ListTC - Verified that List Number is present in DS.
21:45:51.339 [TestNG-test-RetryMultipleFailedTestcases-2] INFO  Sameera_Testcases.Ac_ListTC - Switched to frame 0.
21:45:51.385 [TestNG-test-RetryMultipleFailedTestcases-3] INFO  Sameera_Testcases.Ac_ListTC - Verified that aria-disabled attribute contains 'false' for Accept Change element.
21:45:51.427 [TestNG-test-RetryMultipleFailedTestcases-3] INFO  Sameera_Testcases.Ac_ListTC - Verified that aria-disabled attribute contains 'false' for Reject Change element.
21:45:51.446 [TestNG-test-RetryMultipleFailedTestcases-3] INFO  Sameera_Testcases.Ac_ListTC - Switched back to frame 0.
21:45:51.534 [TestNG-test-RetryMultipleFailedTestcases-3] INFO  Sameera_Testcases.Ac_ListTC - Verified that List is highlighted in VE.
21:45:51.534 [TestNG-test-RetryMultipleFailedTestcases-3] INFO  Sameera_Testcases.Ac_ListTC - Finished verify_ExistingList_PropertiesPopup
21:45:52.064 [TestNG-test-RetryMultipleFailedTestcases-1] INFO  Sameera_Testcases.Ac_ListTC - Clicked on the Number List.
21:45:52.849 [TestNG-test-RetryMultipleFailedTestcases-2] INFO  Sameera_Testcases.Ac_ListTC - Context Clicked on First Para VE.
21:45:52.868 [TestNG-test-RetryMultipleFailedTestcases-2] INFO  Sameera_Testcases.Ac_ListTC - Switched back to default content.
21:45:53.185 [TestNG-test-RetryMultipleFailedTestcases-2] INFO  Sameera_Testcases.Ac_ListTC - Switched to frame 1.
21:45:53.233 [TestNG-test-RetryMultipleFailedTestcases-1] INFO  Sameera_Testcases.Ac_ListTC - Verified that List Number is present in DS.
21:45:53.344 [TestNG-test-RetryMultipleFailedTestcases-1] INFO  Sameera_Testcases.Ac_ListTC - Verified that aria-disabled attribute contains 'false' for Accept Change element.
21:45:53.422 [TestNG-test-RetryMultipleFailedTestcases-1] INFO  Sameera_Testcases.Ac_ListTC - Verified that aria-disabled attribute contains 'false' for Reject Change element.
21:45:53.456 [TestNG-test-RetryMultipleFailedTestcases-1] INFO  Sameera_Testcases.Ac_ListTC - Switched back to frame 0.
21:45:53.592 [TestNG-test-RetryMultipleFailedTestcases-1] INFO  Sameera_Testcases.Ac_ListTC - Verified that List is highlighted in VE.
21:45:53.593 [TestNG-test-RetryMultipleFailedTestcases-1] INFO  Sameera_Testcases.Ac_ListTC - Finished verify_ExistingList_PropertiesPopup
21:45:55.093 [TestNG-test-RetryMultipleFailedTestcases-2] INFO  Sameera_Testcases.Ac_ListTC - Clicked on Insert Into 
21:45:55.265 [TestNG-test-RetryMultipleFailedTestcases-2] INFO  Sameera_Testcases.Ac_ListTC - Switched back to default content.
21:45:56.372 [TestNG-test-RetryMultipleFailedTestcases-3] INFO  Sameera_Testcases.Ac_ListTC - Starting verify_InsertInto_ExistingList
21:45:58.378 [TestNG-test-RetryMultipleFailedTestcases-1] INFO  Sameera_Testcases.Ac_ListTC - Starting verify_InsertInto_ExistingList
21:46:31.472 [TestNG-test-RetryMultipleFailedTestcases-3] INFO  Sameera_Testcases.Ac_ListTC - Logged in, searched for a file, and clicked Edit.
21:46:31.529 [TestNG-test-RetryMultipleFailedTestcases-3] INFO  Sameera_Testcases.Ac_ListTC - Switched to frame 0.
21:46:32.840 [TestNG-test-RetryMultipleFailedTestcases-3] INFO  Sameera_Testcases.Ac_ListTC - Performed right-click on Existing List Item.
21:46:32.876 [TestNG-test-RetryMultipleFailedTestcases-3] INFO  Sameera_Testcases.Ac_ListTC - Switched to frame 1.
21:46:34.168 [TestNG-test-RetryMultipleFailedTestcases-3] INFO  Sameera_Testcases.Ac_ListTC - Clicked on VE Insert Into.
21:46:37.619 [TestNG-test-RetryMultipleFailedTestcases-1] INFO  Sameera_Testcases.Ac_ListTC - Logged in, searched for a file, and clicked Edit.
21:46:37.636 [TestNG-test-RetryMultipleFailedTestcases-1] INFO  Sameera_Testcases.Ac_ListTC - Switched to frame 0.
21:46:38.817 [TestNG-test-RetryMultipleFailedTestcases-1] INFO  Sameera_Testcases.Ac_ListTC - Performed right-click on Existing List Item.
21:46:38.848 [TestNG-test-RetryMultipleFailedTestcases-1] INFO  Sameera_Testcases.Ac_ListTC - Switched to frame 1.
21:46:40.144 [TestNG-test-RetryMultipleFailedTestcases-1] INFO  Sameera_Testcases.Ac_ListTC - Clicked on VE Insert Into.
21:46:55.482 [TestNG-test-RetryMultipleFailedTestcases-4] INFO  Sameera_Testcases.Ac_ListTC - Starting verify_ExistingList_PropertiesPopup
21:47:27.158 [TestNG-test-RetryMultipleFailedTestcases-4] INFO  Sameera_Testcases.Ac_ListTC - Logged in, searched for a file, and clicked Edit.
21:47:27.173 [TestNG-test-RetryMultipleFailedTestcases-4] INFO  Sameera_Testcases.Ac_ListTC - Switched to frame 0.
21:47:27.503 [TestNG-test-RetryMultipleFailedTestcases-4] INFO  Sameera_Testcases.Ac_ListTC - Clicked on the first paragraph.
21:47:27.546 [TestNG-test-RetryMultipleFailedTestcases-4] INFO  Sameera_Testcases.Ac_ListTC - Switched back to default content.
21:47:30.550 [TestNG-test-RetryMultipleFailedTestcases-4] INFO  Sameera_Testcases.Ac_ListTC - Clicked on the Number List.
21:47:31.264 [TestNG-test-RetryMultipleFailedTestcases-4] INFO  Sameera_Testcases.Ac_ListTC - Verified that List Number is present in DS.
21:47:34.721 [TestNG-test-RetryMultipleFailedTestcases-2] INFO  Sameera_Testcases.Ac_ListTC - Starting verify_AddingList_InsertInto_InPara ..
21:47:59.817 [TestNG-test-RetryMultipleFailedTestcases-3] INFO  Sameera_Testcases.Ac_ListTC - Starting verify_InsertInto_ExistingList
21:48:05.560 [TestNG-test-RetryMultipleFailedTestcases-2] INFO  Sameera_Testcases.Ac_ListTC - Logged in, searched for a file, and clicked Edit.
21:48:05.561 [TestNG-test-RetryMultipleFailedTestcases-2] INFO  Sameera_Testcases.Ac_ListTC - Created B_Verify_RightClick_Options instance.
21:48:05.584 [TestNG-test-RetryMultipleFailedTestcases-2] INFO  Sameera_Testcases.Ac_ListTC - Switched to frame 0.
21:48:05.749 [TestNG-test-RetryMultipleFailedTestcases-1] INFO  Sameera_Testcases.Ac_ListTC - Starting verify_InsertInto_ExistingList
21:48:07.311 [TestNG-test-RetryMultipleFailedTestcases-2] INFO  Sameera_Testcases.Ac_ListTC - Context Clicked on First Para VE.
21:48:07.378 [TestNG-test-RetryMultipleFailedTestcases-2] INFO  Sameera_Testcases.Ac_ListTC - Switched back to default content.
21:48:07.414 [TestNG-test-RetryMultipleFailedTestcases-2] INFO  Sameera_Testcases.Ac_ListTC - Switched to frame 1.
21:48:08.846 [TestNG-test-RetryMultipleFailedTestcases-2] INFO  Sameera_Testcases.Ac_ListTC - Clicked on Insert Into 
21:48:08.863 [TestNG-test-RetryMultipleFailedTestcases-2] INFO  Sameera_Testcases.Ac_ListTC - Switched back to default content.
21:48:31.502 [TestNG-test-RetryMultipleFailedTestcases-3] INFO  Sameera_Testcases.Ac_ListTC - Logged in, searched for a file, and clicked Edit.
21:48:31.523 [TestNG-test-RetryMultipleFailedTestcases-3] INFO  Sameera_Testcases.Ac_ListTC - Switched to frame 0.
21:48:32.746 [TestNG-test-RetryMultipleFailedTestcases-3] INFO  Sameera_Testcases.Ac_ListTC - Performed right-click on Existing List Item.
21:48:32.813 [TestNG-test-RetryMultipleFailedTestcases-3] INFO  Sameera_Testcases.Ac_ListTC - Switched to frame 1.
21:48:34.425 [TestNG-test-RetryMultipleFailedTestcases-3] INFO  Sameera_Testcases.Ac_ListTC - Clicked on VE Insert Into.
21:48:37.075 [TestNG-test-RetryMultipleFailedTestcases-4] INFO  Sameera_Testcases.Ac_ListTC - Starting verify_InsertInto_ExistingList
21:48:37.799 [TestNG-test-RetryMultipleFailedTestcases-1] INFO  Sameera_Testcases.Ac_ListTC - Logged in, searched for a file, and clicked Edit.
21:48:37.835 [TestNG-test-RetryMultipleFailedTestcases-1] INFO  Sameera_Testcases.Ac_ListTC - Switched to frame 0.
21:48:39.012 [TestNG-test-RetryMultipleFailedTestcases-1] INFO  Sameera_Testcases.Ac_ListTC - Performed right-click on Existing List Item.
21:48:39.043 [TestNG-test-RetryMultipleFailedTestcases-1] INFO  Sameera_Testcases.Ac_ListTC - Switched to frame 1.
21:48:40.425 [TestNG-test-RetryMultipleFailedTestcases-1] INFO  Sameera_Testcases.Ac_ListTC - Clicked on VE Insert Into.
21:49:11.108 [TestNG-test-RetryMultipleFailedTestcases-4] INFO  Sameera_Testcases.Ac_ListTC - Logged in, searched for a file, and clicked Edit.
21:49:11.173 [TestNG-test-RetryMultipleFailedTestcases-4] INFO  Sameera_Testcases.Ac_ListTC - Switched to frame 0.
21:49:12.189 [TestNG-test-RetryMultipleFailedTestcases-4] INFO  Sameera_Testcases.Ac_ListTC - Performed right-click on Existing List Item.
21:49:12.225 [TestNG-test-RetryMultipleFailedTestcases-4] INFO  Sameera_Testcases.Ac_ListTC - Switched to frame 1.
21:49:13.348 [TestNG-test-RetryMultipleFailedTestcases-4] INFO  Sameera_Testcases.Ac_ListTC - Clicked on VE Insert Into.
21:49:34.425 [TestNG-test-RetryMultipleFailedTestcases-2] INFO  Sameera_Testcases.Ac_ListTC - Starting verify_ExistingList_PropertiesPopup
21:50:01.838 [TestNG-test-RetryMultipleFailedTestcases-3] INFO  Sameera_Testcases.Ac_ListTC - Starting InsertList_ToExistingList_DS
21:50:06.737 [TestNG-test-RetryMultipleFailedTestcases-1] INFO  Sameera_Testcases.Ac_ListTC - Starting InsertList_ToExistingList_DS
21:50:09.032 [TestNG-test-RetryMultipleFailedTestcases-2] INFO  Sameera_Testcases.Ac_ListTC - Logged in, searched for a file, and clicked Edit.
21:50:09.059 [TestNG-test-RetryMultipleFailedTestcases-2] INFO  Sameera_Testcases.Ac_ListTC - Switched to frame 0.
21:50:09.671 [TestNG-test-RetryMultipleFailedTestcases-2] INFO  Sameera_Testcases.Ac_ListTC - Clicked on the first paragraph.
21:50:09.712 [TestNG-test-RetryMultipleFailedTestcases-2] INFO  Sameera_Testcases.Ac_ListTC - Switched back to default content.
21:50:12.860 [TestNG-test-RetryMultipleFailedTestcases-2] INFO  Sameera_Testcases.Ac_ListTC - Clicked on the Number List.
21:50:13.755 [TestNG-test-RetryMultipleFailedTestcases-2] INFO  Sameera_Testcases.Ac_ListTC - Verified that List Number is present in DS.
21:50:33.777 [TestNG-test-RetryMultipleFailedTestcases-3] INFO  Sameera_Testcases.Ac_ListTC - Logged in, searched for a file, and clicked Edit.
21:50:33.857 [TestNG-test-RetryMultipleFailedTestcases-3] INFO  Sameera_Testcases.Ac_ListTC - Switched to frame 0.
21:50:34.285 [TestNG-test-RetryMultipleFailedTestcases-3] INFO  Sameera_Testcases.Ac_ListTC - Clicked List Before Paragraph.
21:50:35.057 [TestNG-test-RetryMultipleFailedTestcases-3] INFO  Sameera_Testcases.Ac_ListTC - Clicked DS Existing Ordered List.
21:50:39.590 [TestNG-test-RetryMultipleFailedTestcases-1] INFO  Sameera_Testcases.Ac_ListTC - Logged in, searched for a file, and clicked Edit.
21:50:39.641 [TestNG-test-RetryMultipleFailedTestcases-1] INFO  Sameera_Testcases.Ac_ListTC - Switched to frame 0.
21:50:40.139 [TestNG-test-RetryMultipleFailedTestcases-1] INFO  Sameera_Testcases.Ac_ListTC - Clicked List Before Paragraph.
21:50:41.032 [TestNG-test-RetryMultipleFailedTestcases-1] INFO  Sameera_Testcases.Ac_ListTC - Clicked DS Existing Ordered List.
21:50:42.075 [TestNG-test-RetryMultipleFailedTestcases-4] INFO  Sameera_Testcases.Ac_ListTC - Starting verify_InsertInto_ExistingList
21:51:19.238 [TestNG-test-RetryMultipleFailedTestcases-2] INFO  Sameera_Testcases.Ac_ListTC - Starting verify_ExistingList_PropertiesPopup
21:51:21.203 [TestNG-test-RetryMultipleFailedTestcases-4] INFO  Sameera_Testcases.Ac_ListTC - Logged in, searched for a file, and clicked Edit.
21:51:21.222 [TestNG-test-RetryMultipleFailedTestcases-4] INFO  Sameera_Testcases.Ac_ListTC - Switched to frame 0.
21:51:22.350 [TestNG-test-RetryMultipleFailedTestcases-4] INFO  Sameera_Testcases.Ac_ListTC - Performed right-click on Existing List Item.
21:51:22.405 [TestNG-test-RetryMultipleFailedTestcases-4] INFO  Sameera_Testcases.Ac_ListTC - Switched to frame 1.
21:51:23.676 [TestNG-test-RetryMultipleFailedTestcases-4] INFO  Sameera_Testcases.Ac_ListTC - Clicked on VE Insert Into.
21:51:40.495 [TestNG-test-RetryMultipleFailedTestcases-3] INFO  Sameera_Testcases.Ac_ListTC - Starting InsertList_ToExistingList_DS
21:51:45.891 [TestNG-test-RetryMultipleFailedTestcases-1] INFO  Sameera_Testcases.Ac_ListTC - Starting InsertList_ToExistingList_DS
21:51:50.492 [TestNG-test-RetryMultipleFailedTestcases-2] INFO  Sameera_Testcases.Ac_ListTC - Logged in, searched for a file, and clicked Edit.
21:51:50.511 [TestNG-test-RetryMultipleFailedTestcases-2] INFO  Sameera_Testcases.Ac_ListTC - Switched to frame 0.
21:51:50.849 [TestNG-test-RetryMultipleFailedTestcases-2] INFO  Sameera_Testcases.Ac_ListTC - Clicked on the first paragraph.
21:51:50.923 [TestNG-test-RetryMultipleFailedTestcases-2] INFO  Sameera_Testcases.Ac_ListTC - Switched back to default content.
21:51:54.043 [TestNG-test-RetryMultipleFailedTestcases-2] INFO  Sameera_Testcases.Ac_ListTC - Clicked on the Number List.
21:51:54.913 [TestNG-test-RetryMultipleFailedTestcases-2] INFO  Sameera_Testcases.Ac_ListTC - Verified that List Number is present in DS.
21:52:20.132 [TestNG-test-RetryMultipleFailedTestcases-3] INFO  Sameera_Testcases.Ac_ListTC - Logged in, searched for a file, and clicked Edit.
21:52:20.150 [TestNG-test-RetryMultipleFailedTestcases-3] INFO  Sameera_Testcases.Ac_ListTC - Switched to frame 0.
21:52:20.475 [TestNG-test-RetryMultipleFailedTestcases-3] INFO  Sameera_Testcases.Ac_ListTC - Clicked List Before Paragraph.
21:52:26.111 [TestNG-test-RetryMultipleFailedTestcases-1] INFO  Sameera_Testcases.Ac_ListTC - Logged in, searched for a file, and clicked Edit.
21:52:26.130 [TestNG-test-RetryMultipleFailedTestcases-1] INFO  Sameera_Testcases.Ac_ListTC - Switched to frame 0.
21:52:26.562 [TestNG-test-RetryMultipleFailedTestcases-1] INFO  Sameera_Testcases.Ac_ListTC - Clicked List Before Paragraph.
21:52:27.219 [TestNG-test-RetryMultipleFailedTestcases-1] INFO  Sameera_Testcases.Ac_ListTC - Clicked DS Existing Ordered List.
21:52:49.197 [TestNG-test-RetryMultipleFailedTestcases-4] INFO  Sameera_Testcases.Ac_ListTC - Starting verify_ExistingList_PropertiesPopup
21:53:00.938 [TestNG-test-RetryMultipleFailedTestcases-2] INFO  Sameera_Testcases.Ac_ListTC - Starting verify_ExistingList_PropertiesPopup
21:53:19.750 [TestNG-test-RetryMultipleFailedTestcases-4] INFO  Sameera_Testcases.Ac_ListTC - Logged in, searched for a file, and clicked Edit.
21:53:19.804 [TestNG-test-RetryMultipleFailedTestcases-4] INFO  Sameera_Testcases.Ac_ListTC - Switched to frame 0.
21:53:19.838 [TestNG-test-RetryMultipleFailedTestcases-4] INFO  Sameera_Testcases.Ac_ListTC - Number of list items before deleting: 15
21:53:20.673 [TestNG-test-RetryMultipleFailedTestcases-4] INFO  Sameera_Testcases.Ac_ListTC - Performed right-click on the existing list item.
21:53:20.774 [TestNG-test-RetryMultipleFailedTestcases-4] INFO  Sameera_Testcases.Ac_ListTC - Switched back to default content.
21:53:20.807 [TestNG-test-RetryMultipleFailedTestcases-4] INFO  Sameera_Testcases.Ac_ListTC - Switched to frame 1.
21:53:21.835 [TestNG-test-RetryMultipleFailedTestcases-4] INFO  Sameera_Testcases.Ac_ListTC - Clicked on Remove Element Block.
21:53:21.927 [TestNG-test-RetryMultipleFailedTestcases-4] INFO  Sameera_Testcases.Ac_ListTC - Switched back to default content.
21:53:21.985 [TestNG-test-RetryMultipleFailedTestcases-4] INFO  Sameera_Testcases.Ac_ListTC - Switched back to frame 0.
21:53:25.966 [TestNG-test-RetryMultipleFailedTestcases-3] INFO  Sameera_Testcases.Ac_ListTC - Starting verify_ExistingList_PropertiesPopup
21:53:31.261 [TestNG-test-RetryMultipleFailedTestcases-1] INFO  Sameera_Testcases.Ac_ListTC - Starting verify_ExistingList_PropertiesPopup
21:53:34.500 [TestNG-test-RetryMultipleFailedTestcases-2] INFO  Sameera_Testcases.Ac_ListTC - Logged in, searched for a file, and clicked Edit.
21:53:34.537 [TestNG-test-RetryMultipleFailedTestcases-2] INFO  Sameera_Testcases.Ac_ListTC - Switched to frame 0.
21:53:34.564 [TestNG-test-RetryMultipleFailedTestcases-2] INFO  Sameera_Testcases.Ac_ListTC - Number of list items before deleting: 15
21:53:35.930 [TestNG-test-RetryMultipleFailedTestcases-2] INFO  Sameera_Testcases.Ac_ListTC - Performed right-click on the existing list item.
21:53:36.037 [TestNG-test-RetryMultipleFailedTestcases-2] INFO  Sameera_Testcases.Ac_ListTC - Switched back to default content.
21:53:36.121 [TestNG-test-RetryMultipleFailedTestcases-2] INFO  Sameera_Testcases.Ac_ListTC - Switched to frame 1.
21:53:37.089 [TestNG-test-RetryMultipleFailedTestcases-2] INFO  Sameera_Testcases.Ac_ListTC - Clicked on Remove Element Block.
21:53:37.176 [TestNG-test-RetryMultipleFailedTestcases-2] INFO  Sameera_Testcases.Ac_ListTC - Switched back to default content.
21:53:37.241 [TestNG-test-RetryMultipleFailedTestcases-2] INFO  Sameera_Testcases.Ac_ListTC - Switched back to frame 0.
21:53:47.179 [TestNG-test-RetryMultipleFailedTestcases-4] INFO  Sameera_Testcases.Ac_ListTC - Starting verify_ExistingList_PropertiesPopup
21:53:59.992 [TestNG-test-RetryMultipleFailedTestcases-3] INFO  Sameera_Testcases.Ac_ListTC - Logged in, searched for a file, and clicked Edit.
21:54:00.022 [TestNG-test-RetryMultipleFailedTestcases-3] INFO  Sameera_Testcases.Ac_ListTC - Switched to frame 0.
21:54:00.093 [TestNG-test-RetryMultipleFailedTestcases-3] INFO  Sameera_Testcases.Ac_ListTC - Number of list items before deleting: 15
21:54:01.360 [TestNG-test-RetryMultipleFailedTestcases-3] INFO  Sameera_Testcases.Ac_ListTC - Performed right-click on the existing list item.
21:54:01.403 [TestNG-test-RetryMultipleFailedTestcases-3] INFO  Sameera_Testcases.Ac_ListTC - Switched back to default content.
21:54:01.423 [TestNG-test-RetryMultipleFailedTestcases-3] INFO  Sameera_Testcases.Ac_ListTC - Switched to frame 1.
21:54:01.781 [TestNG-test-RetryMultipleFailedTestcases-2] INFO  Sameera_Testcases.Ac_ListTC - Starting verify_ExistingList_PropertiesPopup
21:54:02.298 [TestNG-test-RetryMultipleFailedTestcases-3] INFO  Sameera_Testcases.Ac_ListTC - Clicked on Remove Element Block.
21:54:02.359 [TestNG-test-RetryMultipleFailedTestcases-3] INFO  Sameera_Testcases.Ac_ListTC - Switched back to default content.
21:54:02.409 [TestNG-test-RetryMultipleFailedTestcases-3] INFO  Sameera_Testcases.Ac_ListTC - Switched back to frame 0.
21:54:06.472 [TestNG-test-RetryMultipleFailedTestcases-1] INFO  Sameera_Testcases.Ac_ListTC - Logged in, searched for a file, and clicked Edit.
21:54:06.569 [TestNG-test-RetryMultipleFailedTestcases-1] INFO  Sameera_Testcases.Ac_ListTC - Switched to frame 0.
