23:16:23.639 [TestNG-test=RetryMultipleFailedTestcases-4] INFO  sprint6_TestCases.HL_CommonBugsTC - Logged in and searched for the file, then clicked on edit.
23:16:23.696 [TestNG-test=RetryMultipleFailedTestcases-4] INFO  sprint6_TestCases.HL_CommonBugsTC - Initialized HL_CommonBugs.
23:16:24.741 [TestNG-test=RetryMultipleFailedTestcases-4] INFO  sprint6_TestCases.HL_CommonBugsTC - Clicked on Code View.
23:16:28.457 [TestNG-test=RetryMultipleFailedTestcases-2] INFO  sprint5_TestCases.A_ToolBarOptionsTC - Logged in, searched for a file, and clicked Edit.
23:16:28.458 [TestNG-test=RetryMultipleFailedTestcases-2] INFO  sprint5_TestCases.A_ToolBarOptionsTC - Created A_ToolBarOptions instance.
23:16:28.570 [TestNG-test=RetryMultipleFailedTestcases-2] INFO  sprint5_TestCases.A_ToolBarOptionsTC - Verified Source is displayed
23:16:28.663 [TestNG-test=RetryMultipleFailedTestcases-2] INFO  sprint5_TestCases.A_ToolBarOptionsTC - Verified Undo is displayed
23:16:28.812 [TestNG-test=RetryMultipleFailedTestcases-2] INFO  sprint5_TestCases.A_ToolBarOptionsTC - Verified Redo is displayed
23:16:28.993 [TestNG-test=RetryMultipleFailedTestcases-2] INFO  sprint5_TestCases.A_ToolBarOptionsTC - Verified Find is displayed
23:16:29.092 [TestNG-test=RetryMultipleFailedTestcases-2] INFO  sprint5_TestCases.A_ToolBarOptionsTC - Verified Replace is displayed
23:16:29.192 [TestNG-test=RetryMultipleFailedTestcases-2] INFO  sprint5_TestCases.A_ToolBarOptionsTC - Verified Spell check is displayed
23:16:29.277 [TestNG-test=RetryMultipleFailedTestcases-2] INFO  sprint5_TestCases.A_ToolBarOptionsTC - Verified Bold is displayed
23:16:29.352 [TestNG-test=RetryMultipleFailedTestcases-2] INFO  sprint5_TestCases.A_ToolBarOptionsTC - Verified Italic is displayed
23:16:29.428 [TestNG-test=RetryMultipleFailedTestcases-2] INFO  sprint5_TestCases.A_ToolBarOptionsTC - Verified Underline is displayed
23:16:29.505 [TestNG-test=RetryMultipleFailedTestcases-2] INFO  sprint5_TestCases.A_ToolBarOptionsTC - Verified Superscipt is displayed
23:16:29.590 [TestNG-test=RetryMultipleFailedTestcases-2] INFO  sprint5_TestCases.A_ToolBarOptionsTC - Verified Subscript is displayed
23:16:29.673 [TestNG-test=RetryMultipleFailedTestcases-2] INFO  sprint5_TestCases.A_ToolBarOptionsTC - Verified Strikethrough is displayed
23:16:29.759 [TestNG-test=RetryMultipleFailedTestcases-2] INFO  sprint5_TestCases.A_ToolBarOptionsTC - Verified Left Align is displayed
23:16:29.841 [TestNG-test=RetryMultipleFailedTestcases-2] INFO  sprint5_TestCases.A_ToolBarOptionsTC - Verified Right Align is displayed
23:16:29.930 [TestNG-test=RetryMultipleFailedTestcases-2] INFO  sprint5_TestCases.A_ToolBarOptionsTC - Verified Center Align is displayed
23:16:30.102 [TestNG-test=RetryMultipleFailedTestcases-2] INFO  sprint5_TestCases.A_ToolBarOptionsTC - Verified Justify Align is displayed
23:16:30.224 [TestNG-test=RetryMultipleFailedTestcases-2] INFO  sprint5_TestCases.A_ToolBarOptionsTC - Verified Number list is displayed
23:16:30.311 [TestNG-test=RetryMultipleFailedTestcases-2] INFO  sprint5_TestCases.A_ToolBarOptionsTC - Verified Bullet List is displayed
23:16:30.312 [TestNG-test=RetryMultipleFailedTestcases-2] INFO  sprint5_TestCases.A_ToolBarOptionsTC - Verified Entity is displayed
23:16:30.393 [TestNG-test=RetryMultipleFailedTestcases-2] INFO  sprint5_TestCases.A_ToolBarOptionsTC - Verified Crossrefrence is displayed
23:16:30.468 [TestNG-test=RetryMultipleFailedTestcases-2] INFO  sprint5_TestCases.A_ToolBarOptionsTC - Verified Footnote is displayed
23:16:30.561 [TestNG-test=RetryMultipleFailedTestcases-2] INFO  sprint5_TestCases.A_ToolBarOptionsTC - Verified ShowHide is displayed
23:16:30.672 [TestNG-test=RetryMultipleFailedTestcases-2] INFO  sprint5_TestCases.A_ToolBarOptionsTC - Verified Number Resequence is displayed
23:16:30.763 [TestNG-test=RetryMultipleFailedTestcases-2] INFO  sprint5_TestCases.A_ToolBarOptionsTC - Verified Revision Insert is displayed
23:16:30.845 [TestNG-test=RetryMultipleFailedTestcases-2] INFO  sprint5_TestCases.A_ToolBarOptionsTC - Verified Revision Deleted is displayed
23:16:30.958 [TestNG-test=RetryMultipleFailedTestcases-2] INFO  sprint5_TestCases.A_ToolBarOptionsTC - Verified Revision Changed is displayed
23:16:31.052 [TestNG-test=RetryMultipleFailedTestcases-2] INFO  sprint5_TestCases.A_ToolBarOptionsTC - Verified Revision not set is displayed
23:16:31.139 [TestNG-test=RetryMultipleFailedTestcases-2] INFO  sprint5_TestCases.A_ToolBarOptionsTC - Verified Next revision is displayed
23:16:31.234 [TestNG-test=RetryMultipleFailedTestcases-2] INFO  sprint5_TestCases.A_ToolBarOptionsTC - Verified Previous revison is displayed
23:16:31.308 [TestNG-test=RetryMultipleFailedTestcases-2] INFO  sprint5_TestCases.A_ToolBarOptionsTC - Verified Insert Plugin is displayed
23:16:31.309 [TestNG-test=RetryMultipleFailedTestcases-2] INFO  sprint5_TestCases.A_ToolBarOptionsTC - Finished verifyToolBarPlugins ..
23:16:33.933 [TestNG-test=RetryMultipleFailedTestcases-4] INFO  sprint6_TestCases.HL_CommonBugsTC - Starting the test TC584_verifyDeleteAllCodeViewCheckVE
23:16:40.255 [TestNG-test=RetryMultipleFailedTestcases-2] INFO  sprint5_TestCases.A_ToolBarOptionsTC - Starting verifyToolBarTooltips
23:16:44.552 [TestNG-test=RetryMultipleFailedTestcases-1] INFO  sprint5_TestCases.A_ToolBarOptionsTC - Logged in, searched for a file, and clicked Edit.
23:16:44.552 [TestNG-test=RetryMultipleFailedTestcases-1] INFO  sprint5_TestCases.A_ToolBarOptionsTC - Created A_ToolBarOptions instance.
23:16:52.480 [TestNG-test=RetryMultipleFailedTestcases-1] INFO  sprint5_TestCases.A_ToolBarOptionsTC - Page is Refreshed
23:16:54.257 [TestNG-test=RetryMultipleFailedTestcases-1] INFO  sprint5_TestCases.A_ToolBarOptionsTC - Verified Source is displayed
23:16:54.342 [TestNG-test=RetryMultipleFailedTestcases-1] INFO  sprint5_TestCases.A_ToolBarOptionsTC - Verified Undo is displayed
23:16:54.438 [TestNG-test=RetryMultipleFailedTestcases-1] INFO  sprint5_TestCases.A_ToolBarOptionsTC - Verified Redo is displayed
23:16:54.521 [TestNG-test=RetryMultipleFailedTestcases-1] INFO  sprint5_TestCases.A_ToolBarOptionsTC - Verified Find is displayed
23:16:54.606 [TestNG-test=RetryMultipleFailedTestcases-1] INFO  sprint5_TestCases.A_ToolBarOptionsTC - Verified Replace is displayed
23:16:54.705 [TestNG-test=RetryMultipleFailedTestcases-1] INFO  sprint5_TestCases.A_ToolBarOptionsTC - Verified Spell check is displayed
23:16:54.840 [TestNG-test=RetryMultipleFailedTestcases-1] INFO  sprint5_TestCases.A_ToolBarOptionsTC - Verified Bold is displayed
23:16:54.967 [TestNG-test=RetryMultipleFailedTestcases-1] INFO  sprint5_TestCases.A_ToolBarOptionsTC - Verified Italic is displayed
23:16:55.087 [TestNG-test=RetryMultipleFailedTestcases-1] INFO  sprint5_TestCases.A_ToolBarOptionsTC - Verified Underline is displayed
23:16:55.314 [TestNG-test=RetryMultipleFailedTestcases-1] INFO  sprint5_TestCases.A_ToolBarOptionsTC - Verified Superscipt is displayed
23:16:55.411 [TestNG-test=RetryMultipleFailedTestcases-1] INFO  sprint5_TestCases.A_ToolBarOptionsTC - Verified Subscript is displayed
23:16:55.520 [TestNG-test=RetryMultipleFailedTestcases-1] INFO  sprint5_TestCases.A_ToolBarOptionsTC - Verified Strikethrough is displayed
23:16:55.653 [TestNG-test=RetryMultipleFailedTestcases-1] INFO  sprint5_TestCases.A_ToolBarOptionsTC - Verified Left Align is displayed
23:16:55.871 [TestNG-test=RetryMultipleFailedTestcases-1] INFO  sprint5_TestCases.A_ToolBarOptionsTC - Verified Right Align is displayed
23:16:56.204 [TestNG-test=RetryMultipleFailedTestcases-1] INFO  sprint5_TestCases.A_ToolBarOptionsTC - Verified Center Align is displayed
23:16:56.340 [TestNG-test=RetryMultipleFailedTestcases-1] INFO  sprint5_TestCases.A_ToolBarOptionsTC - Verified Justify Align is displayed
23:16:56.440 [TestNG-test=RetryMultipleFailedTestcases-1] INFO  sprint5_TestCases.A_ToolBarOptionsTC - Verified Number list is displayed
23:16:56.566 [TestNG-test=RetryMultipleFailedTestcases-1] INFO  sprint5_TestCases.A_ToolBarOptionsTC - Verified Bullet List is displayed
23:16:56.566 [TestNG-test=RetryMultipleFailedTestcases-1] INFO  sprint5_TestCases.A_ToolBarOptionsTC - Verified Entity is displayed
23:16:56.701 [TestNG-test=RetryMultipleFailedTestcases-1] INFO  sprint5_TestCases.A_ToolBarOptionsTC - Verified Crossrefrence is displayed
23:16:56.801 [TestNG-test=RetryMultipleFailedTestcases-1] INFO  sprint5_TestCases.A_ToolBarOptionsTC - Verified Footnote is displayed
23:16:56.903 [TestNG-test=RetryMultipleFailedTestcases-1] INFO  sprint5_TestCases.A_ToolBarOptionsTC - Verified ShowHide is displayed
23:16:57.039 [TestNG-test=RetryMultipleFailedTestcases-1] INFO  sprint5_TestCases.A_ToolBarOptionsTC - Verified Number Resequence is displayed
23:16:57.151 [TestNG-test=RetryMultipleFailedTestcases-1] INFO  sprint5_TestCases.A_ToolBarOptionsTC - Verified Revision Insert is displayed
23:16:57.286 [TestNG-test=RetryMultipleFailedTestcases-1] INFO  sprint5_TestCases.A_ToolBarOptionsTC - Verified Revision Deleted is displayed
23:16:57.410 [TestNG-test=RetryMultipleFailedTestcases-1] INFO  sprint5_TestCases.A_ToolBarOptionsTC - Verified Revision Changed is displayed
23:16:57.519 [TestNG-test=RetryMultipleFailedTestcases-1] INFO  sprint5_TestCases.A_ToolBarOptionsTC - Verified Revision not set is displayed
23:16:57.655 [TestNG-test=RetryMultipleFailedTestcases-1] INFO  sprint5_TestCases.A_ToolBarOptionsTC - Verified Next revision is displayed
23:16:57.817 [TestNG-test=RetryMultipleFailedTestcases-1] INFO  sprint5_TestCases.A_ToolBarOptionsTC - Verified Previous revison is displayed
23:16:57.948 [TestNG-test=RetryMultipleFailedTestcases-1] INFO  sprint5_TestCases.A_ToolBarOptionsTC - Verified Insert Plugin is displayed
23:16:57.949 [TestNG-test=RetryMultipleFailedTestcases-1] INFO  sprint5_TestCases.A_ToolBarOptionsTC - Finished verifyToolBarAfterRefresh ..
23:17:05.731 [TestNG-test=RetryMultipleFailedTestcases-1] INFO  sprint5_TestCases.A_ToolBarOptionsTC - Starting verifyToolBarVisbility
23:17:23.815 [TestNG-test=RetryMultipleFailedTestcases-4] INFO  sprint6_TestCases.HL_CommonBugsTC - Logged in and searched for the file, then clicked on edit.
23:17:23.816 [TestNG-test=RetryMultipleFailedTestcases-4] INFO  sprint6_TestCases.HL_CommonBugsTC - Initialized HL_CommonBugs.
23:17:24.342 [TestNG-test=RetryMultipleFailedTestcases-4] INFO  sprint6_TestCases.HL_CommonBugsTC - Clicked on Code View.
23:17:26.662 [TestNG-test=RetryMultipleFailedTestcases-4] INFO  sprint6_TestCases.HL_CommonBugsTC - Clicked on Code View Section Number.
23:17:27.077 [TestNG-test=RetryMultipleFailedTestcases-4] INFO  sprint6_TestCases.HL_CommonBugsTC - Selected and deleted all content in Code View.
23:17:28.009 [TestNG-test=RetryMultipleFailedTestcases-4] INFO  sprint6_TestCases.HL_CommonBugsTC - Clicked on Visual Editor.
23:17:31.599 [TestNG-test=RetryMultipleFailedTestcases-2] INFO  sprint5_TestCases.A_ToolBarOptionsTC - Logged in, searched for a file, and clicked Edit.
23:17:31.600 [TestNG-test=RetryMultipleFailedTestcases-2] INFO  sprint5_TestCases.A_ToolBarOptionsTC - Created A_ToolBarOptions instance.
23:17:31.923 [TestNG-test=RetryMultipleFailedTestcases-2] INFO  sprint5_TestCases.A_ToolBarOptionsTC - Source Tooltip is correct
23:17:32.011 [TestNG-test=RetryMultipleFailedTestcases-2] INFO  sprint5_TestCases.A_ToolBarOptionsTC - Undo (Ctrl+Z) Tooltip is correct
23:17:32.323 [TestNG-test=RetryMultipleFailedTestcases-2] INFO  sprint5_TestCases.A_ToolBarOptionsTC - Redo (Ctrl+Y) Tooltip is correct
23:17:32.370 [TestNG-test=RetryMultipleFailedTestcases-2] INFO  sprint5_TestCases.A_ToolBarOptionsTC - Find Tooltip is correct
23:17:32.414 [TestNG-test=RetryMultipleFailedTestcases-2] INFO  sprint5_TestCases.A_ToolBarOptionsTC - Replace Tooltip is correct
23:17:32.455 [TestNG-test=RetryMultipleFailedTestcases-2] INFO  sprint5_TestCases.A_ToolBarOptionsTC - Spell Check As You Type Tooltip is correct
23:17:32.499 [TestNG-test=RetryMultipleFailedTestcases-2] INFO  sprint5_TestCases.A_ToolBarOptionsTC - Bold (Ctrl+B) Tooltip is correct
23:17:32.542 [TestNG-test=RetryMultipleFailedTestcases-2] INFO  sprint5_TestCases.A_ToolBarOptionsTC - Italic (Ctrl+I) Tooltip is correct
23:17:32.590 [TestNG-test=RetryMultipleFailedTestcases-2] INFO  sprint5_TestCases.A_ToolBarOptionsTC - Underline (Ctrl+U) Tooltip is correct
23:17:32.641 [TestNG-test=RetryMultipleFailedTestcases-2] INFO  sprint5_TestCases.A_ToolBarOptionsTC - Superscript Tooltip is correct
23:17:32.708 [TestNG-test=RetryMultipleFailedTestcases-2] INFO  sprint5_TestCases.A_ToolBarOptionsTC - Subscript Tooltip is correct
23:17:32.759 [TestNG-test=RetryMultipleFailedTestcases-2] INFO  sprint5_TestCases.A_ToolBarOptionsTC - Strikethrough Tooltip is correct
23:17:32.803 [TestNG-test=RetryMultipleFailedTestcases-2] INFO  sprint5_TestCases.A_ToolBarOptionsTC - Left Justify Tooltip is correct
23:17:32.843 [TestNG-test=RetryMultipleFailedTestcases-2] INFO  sprint5_TestCases.A_ToolBarOptionsTC - Right Justify Tooltip is correct
23:17:32.884 [TestNG-test=RetryMultipleFailedTestcases-2] INFO  sprint5_TestCases.A_ToolBarOptionsTC - Align Center Tooltip is correct
23:17:32.972 [TestNG-test=RetryMultipleFailedTestcases-2] INFO  sprint5_TestCases.A_ToolBarOptionsTC - Full Justify Tooltip is correct
23:17:33.044 [TestNG-test=RetryMultipleFailedTestcases-2] INFO  sprint5_TestCases.A_ToolBarOptionsTC - Numbered List Tooltip is correct
23:17:33.175 [TestNG-test=RetryMultipleFailedTestcases-2] INFO  sprint5_TestCases.A_ToolBarOptionsTC - Bulleted List" Tooltip is correct
23:17:33.175 [TestNG-test=RetryMultipleFailedTestcases-2] INFO  sprint5_TestCases.A_ToolBarOptionsTC - Insert Entity Reference Tooltip is correct
23:17:33.251 [TestNG-test=RetryMultipleFailedTestcases-2] INFO  sprint5_TestCases.A_ToolBarOptionsTC - Insert Cross Reference Tooltip is correct
23:17:33.308 [TestNG-test=RetryMultipleFailedTestcases-2] INFO  sprint5_TestCases.A_ToolBarOptionsTC - Insert Footnote Tooltip is correct
23:17:33.361 [TestNG-test=RetryMultipleFailedTestcases-2] INFO  sprint5_TestCases.A_ToolBarOptionsTC - Show/Hide Hidden Formatting Tooltip is correct
23:17:33.446 [TestNG-test=RetryMultipleFailedTestcases-2] INFO  sprint5_TestCases.A_ToolBarOptionsTC - Auto number sections Tooltip is correct
23:17:33.528 [TestNG-test=RetryMultipleFailedTestcases-2] INFO  sprint5_TestCases.A_ToolBarOptionsTC - Mark as New Tooltip is correct
23:17:33.579 [TestNG-test=RetryMultipleFailedTestcases-2] INFO  sprint5_TestCases.A_ToolBarOptionsTC - Mark as Deleted Tooltip is correct
23:17:33.632 [TestNG-test=RetryMultipleFailedTestcases-2] INFO  sprint5_TestCases.A_ToolBarOptionsTC - Mark as Changed Tooltip is correct
23:17:33.691 [TestNG-test=RetryMultipleFailedTestcases-2] INFO  sprint5_TestCases.A_ToolBarOptionsTC - Remove Revision Symbol Tooltip is correct
23:17:33.746 [TestNG-test=RetryMultipleFailedTestcases-2] INFO  sprint5_TestCases.A_ToolBarOptionsTC - Next revision Tooltip is correct
23:17:34.054 [TestNG-test=RetryMultipleFailedTestcases-2] INFO  sprint5_TestCases.A_ToolBarOptionsTC - Previous revision Tooltip is correct
23:17:34.128 [TestNG-test=RetryMultipleFailedTestcases-2] INFO  sprint5_TestCases.A_ToolBarOptionsTC - Insert Tooltip is correct
23:17:34.128 [TestNG-test=RetryMultipleFailedTestcases-2] INFO  sprint5_TestCases.A_ToolBarOptionsTC - Finished verifyToolBarTooltips ..
23:17:35.768 [TestNG-test=RetryMultipleFailedTestcases-1] INFO  sprint5_TestCases.A_ToolBarOptionsTC - Logged in, searched for a file, and clicked Edit.
23:17:35.768 [TestNG-test=RetryMultipleFailedTestcases-1] INFO  sprint5_TestCases.A_ToolBarOptionsTC - Created A_ToolBarOptions instance.
23:17:36.114 [TestNG-test=RetryMultipleFailedTestcases-1] INFO  sprint5_TestCases.A_ToolBarOptionsTC - Verified toolbar is displayed
23:17:36.380 [TestNG-test=RetryMultipleFailedTestcases-1] INFO  sprint5_TestCases.A_ToolBarOptionsTC - Verified Toolbar is displayed
23:17:36.577 [TestNG-test=RetryMultipleFailedTestcases-1] INFO  sprint5_TestCases.A_ToolBarOptionsTC - Verified Visual Editor is displayed
23:17:36.707 [TestNG-test=RetryMultipleFailedTestcases-1] INFO  sprint5_TestCases.A_ToolBarOptionsTC - Verified Content block is displayed
23:17:36.806 [TestNG-test=RetryMultipleFailedTestcases-1] INFO  sprint5_TestCases.A_ToolBarOptionsTC - Verified General attributes is displayed
23:17:36.806 [TestNG-test=RetryMultipleFailedTestcases-1] INFO  sprint5_TestCases.A_ToolBarOptionsTC - Finished verifyToolBarVisbility ..
23:17:39.093 [TestNG-test=RetryMultipleFailedTestcases-4] INFO  sprint6_TestCases.HL_CommonBugsTC - Starting the test TC584_verifyDeleteAllCodeViewCheckVE
23:17:44.385 [TestNG-test=RetryMultipleFailedTestcases-3] INFO  Elements_Testcases.Al_Commonp1TC - Starting VerifyDeleteSectionHeading ..
23:17:45.966 [TestNG-test=RetryMultipleFailedTestcases-2] INFO  sprint5_TestCases.C_CommonBugsTC - Starting test TC771_verifySelectMultipleElementsRemoveElementBlockDisable.
23:18:09.255 [TestNG-test=RetryMultipleFailedTestcases-4] INFO  sprint6_TestCases.HL_CommonBugsTC - Logged in and searched for the file, then clicked on edit.
23:18:09.257 [TestNG-test=RetryMultipleFailedTestcases-4] INFO  sprint6_TestCases.HL_CommonBugsTC - Initialized HL_CommonBugs.
23:18:10.558 [TestNG-test=RetryMultipleFailedTestcases-4] INFO  sprint6_TestCases.HL_CommonBugsTC - Clicked on Code View.
23:18:12.602 [TestNG-test=RetryMultipleFailedTestcases-4] INFO  sprint6_TestCases.HL_CommonBugsTC - Clicked on Code View Section Number.
23:18:13.107 [TestNG-test=RetryMultipleFailedTestcases-4] INFO  sprint6_TestCases.HL_CommonBugsTC - Selected and deleted all content in Code View.
23:18:15.146 [TestNG-test=RetryMultipleFailedTestcases-4] INFO  sprint6_TestCases.HL_CommonBugsTC - Clicked on Visual Editor.
23:18:20.674 [TestNG-test=RetryMultipleFailedTestcases-1] INFO  Elements_Testcases.Ck_RightClickOptionTC - Logged in and searched for the file, then clicked Edit.
23:18:22.110 [TestNG-test=RetryMultipleFailedTestcases-2] INFO  sprint5_TestCases.C_CommonBugsTC - Logged in and clicked on Edit.
23:18:23.063 [TestNG-test=RetryMultipleFailedTestcases-2] INFO  sprint5_TestCases.C_CommonBugsTC - Clicked on the first paragraph.
23:18:23.876 [TestNG-test=RetryMultipleFailedTestcases-2] INFO  sprint5_TestCases.C_CommonBugsTC - Selected multiple elements.
23:18:24.379 [TestNG-test=RetryMultipleFailedTestcases-2] INFO  sprint5_TestCases.C_CommonBugsTC - Performed a right-click on the selected elements.
23:18:31.904 [TestNG-test=RetryMultipleFailedTestcases-1] INFO  Elements_Testcases.Ck_RightClickOptionTC - Switched back to default content.
23:19:04.507 [TestNG-test=RetryMultipleFailedTestcases-2] INFO  sprint5_TestCases.C_CommonBugsTC - Verified that Remove Element Block is disabled.
23:19:04.507 [TestNG-test=RetryMultipleFailedTestcases-2] INFO  sprint5_TestCases.C_CommonBugsTC - Test TC771_verifySelectMultipleElementsRemoveElementBlockDisable completed.
23:22:17.976 [main] INFO  Elements_Testcases.Al_Commonp1TC - Starting VerifyDeleteSectionHeading ..
23:24:26.265 [main] INFO  Elements_Testcases.Al_Commonp1TC - Starting VerifyDeleteSectionHeading ..
23:24:49.998 [main] INFO  Elements_Testcases.Al_Commonp1TC - Right clicked section heading
23:24:51.013 [main] INFO  Elements_Testcases.Al_Commonp1TC - Clicked on Insert After from through right click
23:26:38.550 [TestNG-test=RetryMultipleFailedTestcases-4] INFO  Elements_Testcases.Ah_RevisionTC - Starting verifyInsertRevisionToList
23:26:38.550 [TestNG-test=RetryMultipleFailedTestcases-2] INFO  sprint3_TestCases.G_CommonBugsTC - Starting verify_Revision_Symbols_InBlockView test...
23:26:38.555 [TestNG-test=RetryMultipleFailedTestcases-2] INFO  sprint3_TestCases.G_CommonBugsTC - ReusableMethods.LoginAndSearchFile_ClickEdit()
23:27:16.862 [TestNG-test=RetryMultipleFailedTestcases-2] INFO  sprint3_TestCases.G_CommonBugsTC - Switching to frame
23:27:16.902 [TestNG-test=RetryMultipleFailedTestcases-2] INFO  sprint3_TestCases.G_CommonBugsTC - Clicking the first paragraph
23:27:17.368 [TestNG-test=RetryMultipleFailedTestcases-4] INFO  Elements_Testcases.Ah_RevisionTC - Logged in and searched for a file, then clicked Edit.
23:27:17.394 [TestNG-test=RetryMultipleFailedTestcases-4] INFO  Elements_Testcases.Ah_RevisionTC - Switched to frame 0.
23:27:17.777 [TestNG-test=RetryMultipleFailedTestcases-2] INFO  sprint3_TestCases.G_CommonBugsTC - Switching back to default content
23:27:17.918 [TestNG-test=RetryMultipleFailedTestcases-2] INFO  sprint3_TestCases.G_CommonBugsTC - Clicking Revision Inserted button
23:27:18.331 [TestNG-test=RetryMultipleFailedTestcases-4] INFO  Elements_Testcases.Ah_RevisionTC - Clicked on first para VE.
23:27:18.513 [TestNG-test=RetryMultipleFailedTestcases-4] INFO  Elements_Testcases.Ah_RevisionTC - Switched to default content.
23:27:18.587 [TestNG-test=RetryMultipleFailedTestcases-2] INFO  sprint3_TestCases.G_CommonBugsTC - Verifying if Revision Inserted button is not disabled in Block View
23:27:18.773 [TestNG-test=RetryMultipleFailedTestcases-3] INFO  Elements_Testcases.Ah_RevisionTC - Rightclicked on First para from VE
23:27:19.040 [TestNG-test=RetryMultipleFailedTestcases-2] INFO  sprint3_TestCases.G_CommonBugsTC - Switching to Block View
23:27:19.273 [TestNG-test=RetryMultipleFailedTestcases-4] INFO  Elements_Testcases.Ah_RevisionTC - clicked on Revision Changed 
23:27:19.674 [TestNG-test=RetryMultipleFailedTestcases-4] INFO  Elements_Testcases.Ah_RevisionTC - Switched to frame 0.
23:27:19.762 [TestNG-test=RetryMultipleFailedTestcases-4] INFO  Elements_Testcases.Ah_RevisionTC - Switched to default content.
23:27:20.149 [TestNG-test=RetryMultipleFailedTestcases-4] INFO  Elements_Testcases.Ah_RevisionTC - Switched to frame 0.
23:27:20.361 [TestNG-test=RetryMultipleFailedTestcases-3] INFO  Elements_Testcases.Ah_RevisionTC - clicked on Insert After button from VE
23:27:21.210 [TestNG-test=RetryMultipleFailedTestcases-3] INFO  Elements_Testcases.Ah_RevisionTC - clicked on Insert after simple para
23:27:23.342 [TestNG-test=RetryMultipleFailedTestcases-3] INFO  Elements_Testcases.Ah_RevisionTC - Verifying Notes present in VE
23:27:26.039 [TestNG-test=RetryMultipleFailedTestcases-3] INFO  Elements_Testcases.Ah_RevisionTC - clicked on Insert After button from VE
23:27:30.922 [TestNG-test=RetryMultipleFailedTestcases-3] INFO  Elements_Testcases.Ah_RevisionTC - Switched to frame 0.
23:27:31.424 [TestNG-test=RetryMultipleFailedTestcases-1] INFO  Elements_Testcases.Ah_RevisionTC - Starting TC357_verifyRevisionChangeInTable ..
23:27:42.110 [TestNG-test=RetryMultipleFailedTestcases-3] INFO  Elements_Testcases.Ah_RevisionTC - Starting verifyInsertRevisionToList
23:27:51.399 [TestNG-test=RetryMultipleFailedTestcases-2] INFO  sprint3_TestCases.G_CommonBugsTC - Starting verify_Revision_Symbols_InBlockView test...
23:27:51.399 [TestNG-test=RetryMultipleFailedTestcases-2] INFO  sprint3_TestCases.G_CommonBugsTC - ReusableMethods.LoginAndSearchFile_ClickEdit()
23:28:00.271 [TestNG-test=RetryMultipleFailedTestcases-4] INFO  Elements_Testcases.Ah_RevisionTC - Finished verifyInsertRevisionToList
23:28:01.292 [TestNG-test=RetryMultipleFailedTestcases-1] INFO  Elements_Testcases.Ah_RevisionTC - Logged in, searched for a file, and clicked Edit.
23:28:01.294 [TestNG-test=RetryMultipleFailedTestcases-1] INFO  Elements_Testcases.Ah_RevisionTC - Created As_Revision instance.
23:28:11.195 [TestNG-test=RetryMultipleFailedTestcases-4] INFO  Elements_Testcases.Ah_RevisionTC - Starting verifyInsertRevisionToList
23:28:12.763 [TestNG-test=RetryMultipleFailedTestcases-1] INFO  Elements_Testcases.Ah_RevisionTC - Switched to frame 0.
23:28:13.927 [TestNG-test=RetryMultipleFailedTestcases-1] INFO  Elements_Testcases.Ah_RevisionTC - Switched back to default content.
23:28:15.502 [TestNG-test=RetryMultipleFailedTestcases-1] INFO  Elements_Testcases.Ah_RevisionTC - clicked on Revision Changed 
23:28:16.351 [TestNG-test=RetryMultipleFailedTestcases-1] INFO  Elements_Testcases.Ah_RevisionTC - Switched to frame 0.
23:28:16.447 [TestNG-test=RetryMultipleFailedTestcases-1] INFO  Elements_Testcases.Ah_RevisionTC - Finished TC357_verifyRevisionChangeInTable ..
23:28:27.865 [TestNG-test=RetryMultipleFailedTestcases-1] INFO  Elements_Testcases.Ah_RevisionTC - Starting verifyInsertRevisionToList
23:28:31.855 [TestNG-test=RetryMultipleFailedTestcases-2] INFO  sprint3_TestCases.G_CommonBugsTC - Switching to frame
23:28:31.881 [TestNG-test=RetryMultipleFailedTestcases-2] INFO  sprint3_TestCases.G_CommonBugsTC - Clicking the first paragraph
23:28:32.825 [TestNG-test=RetryMultipleFailedTestcases-2] INFO  sprint3_TestCases.G_CommonBugsTC - Switching back to default content
23:28:32.983 [TestNG-test=RetryMultipleFailedTestcases-3] INFO  Elements_Testcases.Ah_RevisionTC - Logged in and searched for a file, then clicked Edit.
23:28:33.027 [TestNG-test=RetryMultipleFailedTestcases-2] INFO  sprint3_TestCases.G_CommonBugsTC - Clicking Revision Inserted button
23:28:33.036 [TestNG-test=RetryMultipleFailedTestcases-3] INFO  Elements_Testcases.Ah_RevisionTC - Switched to frame 0.
23:28:33.858 [TestNG-test=RetryMultipleFailedTestcases-2] INFO  sprint3_TestCases.G_CommonBugsTC - Verifying if Revision Inserted button is not disabled in Block View
23:28:34.064 [TestNG-test=RetryMultipleFailedTestcases-3] INFO  Elements_Testcases.Ah_RevisionTC - Clicked on first para VE.
23:28:34.411 [TestNG-test=RetryMultipleFailedTestcases-3] INFO  Elements_Testcases.Ah_RevisionTC - Switched to default content.
23:28:34.571 [TestNG-test=RetryMultipleFailedTestcases-2] INFO  sprint3_TestCases.G_CommonBugsTC - Switching to Block View
23:28:35.744 [TestNG-test=RetryMultipleFailedTestcases-3] INFO  Elements_Testcases.Ah_RevisionTC - Switched to frame 0.
23:28:48.619 [TestNG-test=RetryMultipleFailedTestcases-4] INFO  Elements_Testcases.Ah_RevisionTC - Logged in and searched for a file, then clicked Edit.
23:28:48.666 [TestNG-test=RetryMultipleFailedTestcases-4] INFO  Elements_Testcases.Ah_RevisionTC - Switched to frame 0.
23:28:49.514 [TestNG-test=RetryMultipleFailedTestcases-4] INFO  Elements_Testcases.Ah_RevisionTC - Clicked on first para VE.
23:28:49.775 [TestNG-test=RetryMultipleFailedTestcases-4] INFO  Elements_Testcases.Ah_RevisionTC - Switched to default content.
23:28:49.949 [TestNG-test=RetryMultipleFailedTestcases-3] INFO  Elements_Testcases.Ah_RevisionTC - Starting TC357_verifyRevisionChangeInTable ..
23:28:50.957 [TestNG-test=RetryMultipleFailedTestcases-4] INFO  Elements_Testcases.Ah_RevisionTC - Clicked on Number List Plugin.
23:28:53.443 [TestNG-test=RetryMultipleFailedTestcases-4] INFO  Elements_Testcases.Ah_RevisionTC - clicked on Revision Changed 
23:28:53.482 [TestNG-test=RetryMultipleFailedTestcases-4] INFO  Elements_Testcases.Ah_RevisionTC - Switched to frame 0.
23:28:53.719 [TestNG-test=RetryMultipleFailedTestcases-4] INFO  Elements_Testcases.Ah_RevisionTC - Finished verifyInsertRevisionToList
23:29:00.212 [TestNG-test=RetryMultipleFailedTestcases-4] INFO  Elements_Testcases.Ah_RevisionTC - Starting TC346_verifyRevisionInserted ..
23:29:05.317 [TestNG-test=RetryMultipleFailedTestcases-2] INFO  sprint3_TestCases.G_CommonBugsTC - Starting verify_Revision_Symbols_InBlockView test...
23:29:05.317 [TestNG-test=RetryMultipleFailedTestcases-2] INFO  sprint3_TestCases.G_CommonBugsTC - ReusableMethods.LoginAndSearchFile_ClickEdit()
23:29:05.681 [TestNG-test=RetryMultipleFailedTestcases-1] INFO  Elements_Testcases.Ah_RevisionTC - Logged in and searched for a file, then clicked Edit.
23:29:05.721 [TestNG-test=RetryMultipleFailedTestcases-1] INFO  Elements_Testcases.Ah_RevisionTC - Switched to frame 0.
23:29:07.253 [TestNG-test=RetryMultipleFailedTestcases-1] INFO  Elements_Testcases.Ah_RevisionTC - Clicked on first para VE.
23:29:07.474 [TestNG-test=RetryMultipleFailedTestcases-1] INFO  Elements_Testcases.Ah_RevisionTC - Switched to default content.
23:29:08.587 [TestNG-test=RetryMultipleFailedTestcases-1] INFO  Elements_Testcases.Ah_RevisionTC - Switched to frame 0.
23:29:08.633 [TestNG-test=RetryMultipleFailedTestcases-1] INFO  Elements_Testcases.Ah_RevisionTC - Switched to frame 0.
23:29:25.527 [TestNG-test=RetryMultipleFailedTestcases-3] INFO  Elements_Testcases.Ah_RevisionTC - Logged in, searched for a file, and clicked Edit.
23:29:25.531 [TestNG-test=RetryMultipleFailedTestcases-3] INFO  Elements_Testcases.Ah_RevisionTC - Created As_Revision instance.
23:29:27.654 [TestNG-test=RetryMultipleFailedTestcases-1] INFO  Elements_Testcases.Ah_RevisionTC - Starting verifyInsertRevisionToList
23:29:28.290 [TestNG-test=RetryMultipleFailedTestcases-3] INFO  Elements_Testcases.Ah_RevisionTC - clicked on Revision Changed 
23:29:28.748 [TestNG-test=RetryMultipleFailedTestcases-3] INFO  Elements_Testcases.Ah_RevisionTC - Switched to frame 0.
23:29:28.781 [TestNG-test=RetryMultipleFailedTestcases-3] INFO  Elements_Testcases.Ah_RevisionTC - Finished TC357_verifyRevisionChangeInTable ..
23:29:34.452 [TestNG-test=RetryMultipleFailedTestcases-4] INFO  Elements_Testcases.Ah_RevisionTC - Logged in, searched for a file, and clicked Edit.
23:29:34.453 [TestNG-test=RetryMultipleFailedTestcases-4] INFO  Elements_Testcases.Ah_RevisionTC - Created As_Revision instance.
23:29:34.497 [TestNG-test=RetryMultipleFailedTestcases-4] INFO  Elements_Testcases.Ah_RevisionTC - Switched to frame 0.
23:29:34.497 [TestNG-test=RetryMultipleFailedTestcases-4] INFO  Elements_Testcases.Ah_RevisionTC - Created Actions class instance.
23:29:36.808 [TestNG-test=RetryMultipleFailedTestcases-4] INFO  Elements_Testcases.Ah_RevisionTC - Switched back to default content.
23:29:39.727 [TestNG-test=RetryMultipleFailedTestcases-2] INFO  sprint3_TestCases.G_CommonBugsTC - Switching to frame
23:29:40.032 [TestNG-test=RetryMultipleFailedTestcases-2] INFO  sprint3_TestCases.G_CommonBugsTC - Clicking the first paragraph
23:29:40.794 [TestNG-test=RetryMultipleFailedTestcases-4] INFO  Elements_Testcases.Ah_RevisionTC - clicked on Revision Inserted
23:29:40.889 [TestNG-test=RetryMultipleFailedTestcases-4] INFO  Elements_Testcases.Ah_RevisionTC - Switched to frame 0.
23:29:40.945 [TestNG-test=RetryMultipleFailedTestcases-4] INFO  Elements_Testcases.Ah_RevisionTC - Switched back to default content.
23:29:41.868 [TestNG-test=RetryMultipleFailedTestcases-2] INFO  sprint3_TestCases.G_CommonBugsTC - Switching back to default content
23:29:42.119 [TestNG-test=RetryMultipleFailedTestcases-2] INFO  sprint3_TestCases.G_CommonBugsTC - Clicking Revision Inserted button
23:29:42.381 [TestNG-test=RetryMultipleFailedTestcases-4] INFO  Elements_Testcases.Ah_RevisionTC - Switched to frame 0.
23:29:42.472 [TestNG-test=RetryMultipleFailedTestcases-4] INFO  Elements_Testcases.Ah_RevisionTC - Finished TC346_verifyRevisionInserted ..
23:29:43.029 [TestNG-test=RetryMultipleFailedTestcases-2] INFO  sprint3_TestCases.G_CommonBugsTC - Verifying if Revision Inserted button is not disabled in Block View
23:29:43.420 [TestNG-test=RetryMultipleFailedTestcases-2] INFO  sprint3_TestCases.G_CommonBugsTC - Switching to Block View
23:29:44.750 [TestNG-test=RetryMultipleFailedTestcases-3] INFO  Elements_Testcases.Ah_RevisionTC - Starting verify_InsertCrossReferenceInPara ..
23:30:09.678 [TestNG-test=RetryMultipleFailedTestcases-1] INFO  Elements_Testcases.Ah_RevisionTC - Logged in and searched for a file, then clicked Edit.
23:30:09.709 [TestNG-test=RetryMultipleFailedTestcases-1] INFO  Elements_Testcases.Ah_RevisionTC - Switched to frame 0.
23:30:10.604 [TestNG-test=RetryMultipleFailedTestcases-1] INFO  Elements_Testcases.Ah_RevisionTC - Clicked on first para VE.
23:30:10.781 [TestNG-test=RetryMultipleFailedTestcases-1] INFO  Elements_Testcases.Ah_RevisionTC - Switched to default content.
23:30:12.149 [TestNG-test=RetryMultipleFailedTestcases-1] INFO  Elements_Testcases.Ah_RevisionTC - Switched to frame 0.
23:30:12.212 [TestNG-test=RetryMultipleFailedTestcases-1] INFO  Elements_Testcases.Ah_RevisionTC - Switched to frame 0.
23:30:21.154 [TestNG-test=RetryMultipleFailedTestcases-2] INFO  sprint3_TestCases.G_CommonBugsTC - Starting verify_Revision_Symbols_InBlockView test...
23:30:21.155 [TestNG-test=RetryMultipleFailedTestcases-2] INFO  sprint3_TestCases.G_CommonBugsTC - ReusableMethods.LoginAndSearchFile_ClickEdit()
23:30:24.423 [TestNG-test=RetryMultipleFailedTestcases-3] INFO  Elements_Testcases.Ah_RevisionTC - Double clicked on First para
23:30:25.680 [TestNG-test=RetryMultipleFailedTestcases-3] INFO  Elements_Testcases.Ah_RevisionTC - clicked on Cross Reference button 
23:30:26.164 [TestNG-test=RetryMultipleFailedTestcases-1] INFO  Elements_Testcases.Ah_RevisionTC - Starting verifyInsertRevisionToList
23:30:38.412 [TestNG-test=RetryMultipleFailedTestcases-4] INFO  Elements_Testcases.Ah_RevisionTC - clicked on Revision Combox
23:30:38.677 [TestNG-test=RetryMultipleFailedTestcases-4] INFO  Elements_Testcases.Ah_RevisionTC - clicked on Attribute Revision Inserted
23:30:47.794 [TestNG-test=RetryMultipleFailedTestcases-4] INFO  sprint4_TestCases.J_CommonTestcases - Starting verifyListitemRevisionSymbolsInTable
23:30:51.239 [TestNG-test=RetryMultipleFailedTestcases-2] INFO  sprint3_TestCases.G_CommonBugsTC - Switching to frame
23:30:51.267 [TestNG-test=RetryMultipleFailedTestcases-2] INFO  sprint3_TestCases.G_CommonBugsTC - Clicking the first paragraph
23:30:52.226 [TestNG-test=RetryMultipleFailedTestcases-2] INFO  sprint3_TestCases.G_CommonBugsTC - Switching back to default content
23:30:52.405 [TestNG-test=RetryMultipleFailedTestcases-2] INFO  sprint3_TestCases.G_CommonBugsTC - Clicking Revision Inserted button
23:30:53.204 [TestNG-test=RetryMultipleFailedTestcases-2] INFO  sprint3_TestCases.G_CommonBugsTC - Verifying if Revision Inserted button is not disabled in Block View
23:30:53.701 [TestNG-test=RetryMultipleFailedTestcases-2] INFO  sprint3_TestCases.G_CommonBugsTC - Switching to Block View
23:31:00.818 [TestNG-test=RetryMultipleFailedTestcases-1] INFO  Elements_Testcases.Ah_RevisionTC - Logged in and searched for a file, then clicked Edit.
23:31:00.849 [TestNG-test=RetryMultipleFailedTestcases-1] INFO  Elements_Testcases.Ah_RevisionTC - Switched to frame 0.
23:31:01.916 [TestNG-test=RetryMultipleFailedTestcases-1] INFO  Elements_Testcases.Ah_RevisionTC - Clicked on first para VE.
23:31:02.140 [TestNG-test=RetryMultipleFailedTestcases-1] INFO  Elements_Testcases.Ah_RevisionTC - Switched to default content.
23:31:03.808 [TestNG-test=RetryMultipleFailedTestcases-1] INFO  Elements_Testcases.Ah_RevisionTC - Switched to frame 0.
23:31:03.913 [TestNG-test=RetryMultipleFailedTestcases-1] INFO  Elements_Testcases.Ah_RevisionTC - Switched to frame 0.
23:31:06.234 [TestNG-test=RetryMultipleFailedTestcases-3] INFO  Elements_Testcases.Ah_RevisionTC - clicked on Code Cross Reference checkbox 
23:31:08.419 [TestNG-test=RetryMultipleFailedTestcases-3] INFO  Elements_Testcases.Ah_RevisionTC - clicked on Cross Reference popup ok button 
23:31:10.089 [TestNG-test=RetryMultipleFailedTestcases-3] INFO  Elements_Testcases.Ah_RevisionTC - Verifying Cross Reference is present in AP
23:31:10.168 [TestNG-test=RetryMultipleFailedTestcases-3] INFO  Elements_Testcases.Ah_RevisionTC - Verifying Cross Reference text is correct
23:31:10.224 [TestNG-test=RetryMultipleFailedTestcases-3] INFO  Elements_Testcases.Ah_RevisionTC - Finished verify_InsertCrossReferenceInPara ..
23:31:14.138 [TestNG-test=RetryMultipleFailedTestcases-1] INFO  Elements_Testcases.Ah_RevisionTC - Starting verifyInsertRevisionToList
23:31:19.854 [TestNG-test=RetryMultipleFailedTestcases-3] INFO  sprint5_TestCases.As_RevisionTC - Starting TC339_verifyRevision ..
23:31:25.058 [TestNG-test=RetryMultipleFailedTestcases-2] INFO  sprint5_TestCases.As_RevisionTC - Starting TC340_verifyRevisionInsertedHilighted ..
23:31:38.017 [TestNG-test=RetryMultipleFailedTestcases-4] INFO  sprint4_TestCases.J_CommonTestcases - Logged in and searched for a file, then clicked Edit.
23:31:57.066 [TestNG-test=RetryMultipleFailedTestcases-4] INFO  sprint4_TestCases.J_CommonTestcases - Inserted Table in DS
23:31:57.394 [TestNG-test=RetryMultipleFailedTestcases-4] INFO  sprint4_TestCases.J_CommonTestcases - Switched to frame 0.
23:31:58.510 [TestNG-test=RetryMultipleFailedTestcases-4] INFO  sprint4_TestCases.J_CommonTestcases - clicked on Inserted Table First Cell
23:31:58.581 [TestNG-test=RetryMultipleFailedTestcases-4] INFO  sprint4_TestCases.J_CommonTestcases - Switched back to default content.
23:31:59.818 [TestNG-test=RetryMultipleFailedTestcases-4] INFO  sprint4_TestCases.J_CommonTestcases - clicked on Number list from VE
23:32:01.208 [TestNG-test=RetryMultipleFailedTestcases-4] INFO  sprint4_TestCases.J_CommonTestcases - clicked on Revision plugin
23:32:05.260 [TestNG-test=RetryMultipleFailedTestcases-4] INFO  sprint4_TestCases.J_CommonTestcases - clicked on code view
23:32:07.085 [TestNG-test=RetryMultipleFailedTestcases-1] INFO  Elements_Testcases.Ah_RevisionTC - Logged in and searched for a file, then clicked Edit.
23:32:07.129 [TestNG-test=RetryMultipleFailedTestcases-1] INFO  Elements_Testcases.Ah_RevisionTC - Switched to frame 0.
23:32:08.319 [TestNG-test=RetryMultipleFailedTestcases-1] INFO  Elements_Testcases.Ah_RevisionTC - Clicked on first para VE.
23:32:08.619 [TestNG-test=RetryMultipleFailedTestcases-1] INFO  Elements_Testcases.Ah_RevisionTC - Switched to default content.
23:32:08.976 [TestNG-test=RetryMultipleFailedTestcases-2] INFO  sprint5_TestCases.As_RevisionTC - Logged in, searched for a file, and clicked Edit.
23:32:08.988 [TestNG-test=RetryMultipleFailedTestcases-2] INFO  sprint5_TestCases.As_RevisionTC - Created As_Revision instance.
23:32:08.988 [TestNG-test=RetryMultipleFailedTestcases-2] INFO  sprint5_TestCases.As_RevisionTC - Created Actions class instance.
23:32:10.323 [TestNG-test=RetryMultipleFailedTestcases-1] INFO  Elements_Testcases.Ah_RevisionTC - Switched to frame 0.
23:32:10.405 [TestNG-test=RetryMultipleFailedTestcases-1] INFO  Elements_Testcases.Ah_RevisionTC - Switched to frame 0.
23:32:15.610 [TestNG-test=RetryMultipleFailedTestcases-3] INFO  sprint5_TestCases.As_RevisionTC - Logged in, searched for a file, and clicked Edit.
23:32:15.610 [TestNG-test=RetryMultipleFailedTestcases-3] INFO  sprint5_TestCases.As_RevisionTC - Created As_Revision instance.
23:32:15.723 [TestNG-test=RetryMultipleFailedTestcases-3] INFO  sprint5_TestCases.As_RevisionTC - Verified Revision Inserted is displayed
23:32:15.819 [TestNG-test=RetryMultipleFailedTestcases-3] INFO  sprint5_TestCases.As_RevisionTC - Verified Deleted Inserted is displayed
23:32:16.166 [TestNG-test=RetryMultipleFailedTestcases-3] INFO  sprint5_TestCases.As_RevisionTC - Verified Revision Changed is displayed
23:32:16.444 [TestNG-test=RetryMultipleFailedTestcases-3] INFO  sprint5_TestCases.As_RevisionTC - Verified Revision Not Set is displayed
23:32:16.445 [TestNG-test=RetryMultipleFailedTestcases-3] INFO  sprint5_TestCases.As_RevisionTC - Finished TC339_verifyRevision ..
23:32:28.119 [TestNG-test=RetryMultipleFailedTestcases-1] INFO  sprint5_TestCases.As_RevisionTC - Starting TC341_verifyRevisionDeletedHilighted ..
23:32:31.057 [TestNG-test=RetryMultipleFailedTestcases-2] INFO  sprint5_TestCases.As_RevisionTC - Starting TC340_verifyRevisionInsertedHilighted ..
23:32:35.269 [TestNG-test=RetryMultipleFailedTestcases-3] INFO  sprint5_TestCases.As_RevisionTC - Starting TC342_verifyRevisionChangedHilighted ..
23:32:46.612 [TestNG-test=RetryMultipleFailedTestcases-4] INFO  sprint4_TestCases.J_CommonTestcases - Content validation Error is present in the code view
23:32:46.612 [TestNG-test=RetryMultipleFailedTestcases-4] INFO  sprint4_TestCases.J_CommonTestcases - Finished verifyListitemRevisionSymbolsInTable
23:33:00.409 [TestNG-test=RetryMultipleFailedTestcases-4] INFO  sprint5_TestCases.As_RevisionTC - Starting TC343_verifyRevisionNotSetHilighted ..
23:33:04.130 [TestNG-test=RetryMultipleFailedTestcases-1] INFO  sprint5_TestCases.As_RevisionTC - Logged in, searched for a file, and clicked Edit.
23:33:04.131 [TestNG-test=RetryMultipleFailedTestcases-1] INFO  sprint5_TestCases.As_RevisionTC - Created As_Revision instance.
23:33:04.131 [TestNG-test=RetryMultipleFailedTestcases-1] INFO  sprint5_TestCases.As_RevisionTC - Created Actions class instance.
23:33:04.382 [TestNG-test=RetryMultipleFailedTestcases-1] INFO  sprint5_TestCases.As_RevisionTC - Verified Revision Deleted is highlighted
23:33:04.382 [TestNG-test=RetryMultipleFailedTestcases-1] INFO  sprint5_TestCases.As_RevisionTC - Finished TC341_verifyRevisionDeletedHilighted ..
23:33:08.444 [TestNG-test=RetryMultipleFailedTestcases-2] INFO  sprint5_TestCases.As_RevisionTC - Logged in, searched for a file, and clicked Edit.
23:33:08.444 [TestNG-test=RetryMultipleFailedTestcases-2] INFO  sprint5_TestCases.As_RevisionTC - Created As_Revision instance.
23:33:08.444 [TestNG-test=RetryMultipleFailedTestcases-2] INFO  sprint5_TestCases.As_RevisionTC - Created Actions class instance.
23:33:08.642 [TestNG-test=RetryMultipleFailedTestcases-2] INFO  sprint5_TestCases.As_RevisionTC - Verified Revision Inserted is highlighted
23:33:08.643 [TestNG-test=RetryMultipleFailedTestcases-2] INFO  sprint5_TestCases.As_RevisionTC - Finished TC340_verifyRevisionInsertedHilighted ..
23:33:10.151 [TestNG-test=RetryMultipleFailedTestcases-3] INFO  sprint5_TestCases.As_RevisionTC - Logged in, searched for a file, and clicked Edit.
23:33:10.152 [TestNG-test=RetryMultipleFailedTestcases-3] INFO  sprint5_TestCases.As_RevisionTC - Created As_Revision instance.
23:33:10.152 [TestNG-test=RetryMultipleFailedTestcases-3] INFO  sprint5_TestCases.As_RevisionTC - Created Actions class instance.
23:33:10.363 [TestNG-test=RetryMultipleFailedTestcases-3] INFO  sprint5_TestCases.As_RevisionTC - Verified Revision Changed is highlighted
23:33:10.364 [TestNG-test=RetryMultipleFailedTestcases-3] INFO  sprint5_TestCases.As_RevisionTC - Finished TC342_verifyRevisionChangedHilighted ..
23:33:13.808 [TestNG-test=RetryMultipleFailedTestcases-1] INFO  sprint5_TestCases.As_RevisionTC - Starting TC244_verifyRevisionNotSetInPara ..
23:33:20.813 [TestNG-test=RetryMultipleFailedTestcases-2] INFO  sprint5_TestCases.As_RevisionTC - Starting TC345_verifyRevisionSymbolsDisableInSection ..
23:33:21.131 [TestNG-test=RetryMultipleFailedTestcases-3] INFO  sprint5_TestCases.As_RevisionTC - Starting TC346_verifyRevisionInserted ..
23:33:47.321 [TestNG-test=RetryMultipleFailedTestcases-4] INFO  sprint5_TestCases.As_RevisionTC - Logged in, searched for a file, and clicked Edit.
23:33:47.322 [TestNG-test=RetryMultipleFailedTestcases-4] INFO  sprint5_TestCases.As_RevisionTC - Created As_Revision instance.
23:33:47.322 [TestNG-test=RetryMultipleFailedTestcases-4] INFO  sprint5_TestCases.As_RevisionTC - Created Actions class instance.
23:33:47.668 [TestNG-test=RetryMultipleFailedTestcases-4] INFO  sprint5_TestCases.As_RevisionTC - Verified Revision Not Set is highlighted
23:33:47.669 [TestNG-test=RetryMultipleFailedTestcases-4] INFO  sprint5_TestCases.As_RevisionTC - Finished TC343_verifyRevisionNotSetHilighted ..
23:33:59.084 [TestNG-test=RetryMultipleFailedTestcases-1] INFO  sprint5_TestCases.As_RevisionTC - Logged in, searched for a file, and clicked Edit.
23:33:59.084 [TestNG-test=RetryMultipleFailedTestcases-1] INFO  sprint5_TestCases.As_RevisionTC - Created As_Revision instance.
23:33:59.121 [TestNG-test=RetryMultipleFailedTestcases-2] INFO  sprint5_TestCases.As_RevisionTC - Logged in, searched for a file, and clicked Edit.
23:33:59.121 [TestNG-test=RetryMultipleFailedTestcases-2] INFO  sprint5_TestCases.As_RevisionTC - Created As_Revision instance.
23:33:59.441 [TestNG-test=RetryMultipleFailedTestcases-1] INFO  sprint5_TestCases.As_RevisionTC - Verified Revision Inserted is displayed
23:33:59.579 [TestNG-test=RetryMultipleFailedTestcases-4] INFO  sprint5_TestCases.As_RevisionTC - Starting TC347_verifyRevisionDeleted ..
23:33:59.633 [TestNG-test=RetryMultipleFailedTestcases-1] INFO  sprint5_TestCases.As_RevisionTC - Verified Deleted Inserted is displayed
23:33:59.734 [TestNG-test=RetryMultipleFailedTestcases-1] INFO  sprint5_TestCases.As_RevisionTC - Verified Revision Changed is displayed
23:33:59.839 [TestNG-test=RetryMultipleFailedTestcases-1] INFO  sprint5_TestCases.As_RevisionTC - Verified Revision Not Set is displayed
23:33:59.871 [TestNG-test=RetryMultipleFailedTestcases-1] INFO  sprint5_TestCases.As_RevisionTC - Switched to frame 0.
23:34:00.460 [TestNG-test=RetryMultipleFailedTestcases-2] INFO  sprint5_TestCases.As_RevisionTC - clicked on Sectio Heading 
23:34:00.604 [TestNG-test=RetryMultipleFailedTestcases-2] INFO  sprint5_TestCases.As_RevisionTC - Verified Revision is disabled
23:34:00.604 [TestNG-test=RetryMultipleFailedTestcases-2] INFO  sprint5_TestCases.As_RevisionTC - Finished TC345_verifyRevisionSymbolsDisableInSection ..
23:34:00.914 [TestNG-test=RetryMultipleFailedTestcases-1] INFO  sprint5_TestCases.As_RevisionTC - clicked on VE First para 
23:34:01.145 [TestNG-test=RetryMultipleFailedTestcases-1] INFO  sprint5_TestCases.As_RevisionTC - Switched back to default content.
23:34:01.869 [TestNG-test=RetryMultipleFailedTestcases-1] INFO  sprint5_TestCases.As_RevisionTC - clicked on Revision Inserted 
23:34:02.322 [TestNG-test=RetryMultipleFailedTestcases-1] INFO  sprint5_TestCases.As_RevisionTC - Switched to frame 0.
23:34:02.372 [TestNG-test=RetryMultipleFailedTestcases-1] INFO  sprint5_TestCases.As_RevisionTC - Switched back to default content.
23:34:02.786 [TestNG-test=RetryMultipleFailedTestcases-1] INFO  sprint5_TestCases.As_RevisionTC - clicked on Revision Not Set 
23:34:03.040 [TestNG-test=RetryMultipleFailedTestcases-1] INFO  sprint5_TestCases.As_RevisionTC - Verified Revision Inserted not Enabled
23:34:03.066 [TestNG-test=RetryMultipleFailedTestcases-1] INFO  sprint5_TestCases.As_RevisionTC - Verified Revision Deleted not Enabled
23:34:03.101 [TestNG-test=RetryMultipleFailedTestcases-1] INFO  sprint5_TestCases.As_RevisionTC - Verified Revision Changed not Enabled
23:34:03.137 [TestNG-test=RetryMultipleFailedTestcases-1] INFO  sprint5_TestCases.As_RevisionTC - Verified Revision Not Set Enabled
23:34:03.137 [TestNG-test=RetryMultipleFailedTestcases-1] INFO  sprint5_TestCases.As_RevisionTC - Finished TC244_verifyRevisionNotSetInPara ..
23:34:07.999 [TestNG-test=RetryMultipleFailedTestcases-3] INFO  sprint5_TestCases.As_RevisionTC - Logged in, searched for a file, and clicked Edit.
23:34:07.999 [TestNG-test=RetryMultipleFailedTestcases-3] INFO  sprint5_TestCases.As_RevisionTC - Created As_Revision instance.
23:34:08.064 [TestNG-test=RetryMultipleFailedTestcases-3] INFO  sprint5_TestCases.As_RevisionTC - Switched to frame 0.
23:34:08.064 [TestNG-test=RetryMultipleFailedTestcases-3] INFO  sprint5_TestCases.As_RevisionTC - Created Actions class instance.
23:34:09.764 [TestNG-test=RetryMultipleFailedTestcases-3] INFO  sprint5_TestCases.As_RevisionTC - Switched back to default content.
23:34:10.220 [TestNG-test=RetryMultipleFailedTestcases-2] INFO  sprint5_TestCases.As_RevisionTC - Starting TC348_verifyRevisonChanged ..
23:34:10.968 [TestNG-test=RetryMultipleFailedTestcases-3] INFO  sprint5_TestCases.As_RevisionTC - clicked on Revision Inserted
23:34:11.201 [TestNG-test=RetryMultipleFailedTestcases-3] INFO  sprint5_TestCases.As_RevisionTC - Switched to frame 0.
23:34:11.227 [TestNG-test=RetryMultipleFailedTestcases-3] INFO  sprint5_TestCases.As_RevisionTC - Switched back to default content.
23:34:11.678 [TestNG-test=RetryMultipleFailedTestcases-3] INFO  sprint5_TestCases.As_RevisionTC - clicked on Quick Previews
23:34:11.967 [TestNG-test=RetryMultipleFailedTestcases-3] INFO  sprint5_TestCases.As_RevisionTC - Switched to frame 0.
23:34:13.035 [TestNG-test=RetryMultipleFailedTestcases-1] INFO  sprint5_TestCases.As_RevisionTC - Starting TC350_verifyRevisionInsertedcolor ..
23:34:20.531 [TestNG-test=RetryMultipleFailedTestcases-3] INFO  sprint5_TestCases.As_RevisionTC - Starting TC346_verifyRevisionInserted ..
23:34:33.991 [TestNG-test=RetryMultipleFailedTestcases-4] INFO  sprint5_TestCases.As_RevisionTC - Logged in, searched for a file, and clicked Edit.
23:34:33.991 [TestNG-test=RetryMultipleFailedTestcases-4] INFO  sprint5_TestCases.As_RevisionTC - Created As_Revision instance.
23:34:34.028 [TestNG-test=RetryMultipleFailedTestcases-4] INFO  sprint5_TestCases.As_RevisionTC - Switched to frame 0.
23:34:34.028 [TestNG-test=RetryMultipleFailedTestcases-4] INFO  sprint5_TestCases.As_RevisionTC - Created Actions class instance.
23:34:37.579 [TestNG-test=RetryMultipleFailedTestcases-4] INFO  sprint5_TestCases.As_RevisionTC - Switched back to default content.
23:34:38.929 [TestNG-test=RetryMultipleFailedTestcases-4] INFO  sprint5_TestCases.As_RevisionTC - Switched to frame 0.
23:34:39.141 [TestNG-test=RetryMultipleFailedTestcases-4] INFO  sprint5_TestCases.As_RevisionTC - Switched back to default content.
23:34:39.849 [TestNG-test=RetryMultipleFailedTestcases-4] INFO  sprint5_TestCases.As_RevisionTC - clicked on Quick Previews
23:34:40.249 [TestNG-test=RetryMultipleFailedTestcases-4] INFO  sprint5_TestCases.As_RevisionTC - Switched to frame 0.
23:34:40.320 [TestNG-test=RetryMultipleFailedTestcases-4] INFO  sprint5_TestCases.As_RevisionTC - Verified Revision Deleted in QP
23:34:40.320 [TestNG-test=RetryMultipleFailedTestcases-4] INFO  sprint5_TestCases.As_RevisionTC - Finished TC347_verifyRevisionDeleted ..
23:34:52.508 [TestNG-test=RetryMultipleFailedTestcases-2] INFO  sprint5_TestCases.As_RevisionTC - Logged in, searched for a file, and clicked Edit.
23:34:52.509 [TestNG-test=RetryMultipleFailedTestcases-2] INFO  sprint5_TestCases.As_RevisionTC - Created As_Revision instance.
23:34:52.577 [TestNG-test=RetryMultipleFailedTestcases-2] INFO  sprint5_TestCases.As_RevisionTC - Switched to frame 0.
