19:17:43.689 [TestNG-test=RetryMultipleFailedTestcases-3] INFO  sprint1_TestCases.B_Verify_TitleBarOptionsTC - clicked on simple-para selement
19:17:44.003 [TestNG-test=RetryMultipleFailedTestcases-2] INFO  sprint1_TestCases.B_Verify_TitleBarOptionsTC - clicked on change element and searched for Address
19:17:45.191 [TestNG-test=RetryMultipleFailedTestcases-4] INFO  sprint1_TestCases.B_Verify_TitleBarOptionsTC - Clicked on save button
19:17:45.265 [TestNG-test=RetryMultipleFailedTestcases-4] INFO  sprint1_TestCases.B_Verify_TitleBarOptionsTC - verified on Last Saved Time is displayed
19:17:45.406 [TestNG-test=RetryMultipleFailedTestcases-4] INFO  sprint1_TestCases.B_Verify_TitleBarOptionsTC - Clicked on reset button
19:17:45.461 [TestNG-test=RetryMultipleFailedTestcases-4] INFO  sprint1_TestCases.B_Verify_TitleBarOptionsTC - verified on alert text of reset button
19:17:45.523 [TestNG-test=RetryMultipleFailedTestcases-2] INFO  sprint1_TestCases.B_Verify_TitleBarOptionsTC - clicked on Address element
19:17:45.751 [TestNG-test=RetryMultipleFailedTestcases-3] INFO  sprint1_TestCases.B_Verify_TitleBarOptionsTC - Verifying Simple Para present into DS
19:17:45.768 [TestNG-test=RetryMultipleFailedTestcases-4] INFO  sprint1_TestCases.B_Verify_TitleBarOptionsTC - Clicked on reset confirm button
19:17:45.768 [TestNG-test=RetryMultipleFailedTestcases-4] INFO  sprint1_TestCases.B_Verify_TitleBarOptionsTC - Finished verify_ResetFile
19:17:46.658 [TestNG-test=RetryMultipleFailedTestcases-3] INFO  sprint1_TestCases.B_Verify_TitleBarOptionsTC - clicked on validate button
19:17:47.685 [TestNG-test=RetryMultipleFailedTestcases-2] INFO  sprint1_TestCases.B_Verify_TitleBarOptionsTC - Verifying Address present into DS
19:17:48.038 [TestNG-test=RetryMultipleFailedTestcases-2] INFO  sprint1_TestCases.B_Verify_TitleBarOptionsTC - clicked on validate button
19:17:48.294 [TestNG-test=RetryMultipleFailedTestcases-1] INFO  sprint1_TestCases.B_Verify_TitleBarOptionsTC - Logged in and searched for a file, then clicked Edit.
19:17:48.599 [TestNG-test=RetryMultipleFailedTestcases-1] INFO  sprint1_TestCases.B_Verify_TitleBarOptionsTC - clicked on validate button
19:17:49.753 [TestNG-test=RetryMultipleFailedTestcases-3] INFO  sprint1_TestCases.B_Verify_TitleBarOptionsTC - verified label validation success message is present
19:17:49.818 [TestNG-test=RetryMultipleFailedTestcases-3] INFO  sprint1_TestCases.B_Verify_TitleBarOptionsTC - clicked Validation success alert text is displayed
19:17:50.027 [TestNG-test=RetryMultipleFailedTestcases-3] INFO  sprint1_TestCases.B_Verify_TitleBarOptionsTC - clicked on validate ok button
19:17:50.027 [TestNG-test=RetryMultipleFailedTestcases-3] INFO  sprint1_TestCases.B_Verify_TitleBarOptionsTC - Finished ChangeElementSimpePara_ValidateFile
19:17:50.782 [TestNG-test=RetryMultipleFailedTestcases-2] INFO  sprint1_TestCases.B_Verify_TitleBarOptionsTC - verified label validation success message is present
19:17:50.891 [TestNG-test=RetryMultipleFailedTestcases-2] INFO  sprint1_TestCases.B_Verify_TitleBarOptionsTC - clicked Validation success alert text is displayed
19:17:51.118 [TestNG-test=RetryMultipleFailedTestcases-2] INFO  sprint1_TestCases.B_Verify_TitleBarOptionsTC - clicked on validate ok button
19:17:51.118 [TestNG-test=RetryMultipleFailedTestcases-2] INFO  sprint1_TestCases.B_Verify_TitleBarOptionsTC - Finished ChangeElementAddress_ValidateFile
19:17:51.784 [TestNG-test=RetryMultipleFailedTestcases-1] INFO  sprint1_TestCases.B_Verify_TitleBarOptionsTC - verified label validation success message is present
19:17:51.848 [TestNG-test=RetryMultipleFailedTestcases-1] INFO  sprint1_TestCases.B_Verify_TitleBarOptionsTC - clicked Validation success alert text is displayed
19:17:52.071 [TestNG-test=RetryMultipleFailedTestcases-1] INFO  sprint1_TestCases.B_Verify_TitleBarOptionsTC - clicked on validate ok button
19:17:52.071 [TestNG-test=RetryMultipleFailedTestcases-1] INFO  sprint1_TestCases.B_Verify_TitleBarOptionsTC - Finished verify_ValidateFile
19:17:54.107 [TestNG-test=RetryMultipleFailedTestcases-4] INFO  sprint1_TestCases.B_Verify_TitleBarOptionsTC - Starting verify_CheckIn
19:17:57.199 [TestNG-test=RetryMultipleFailedTestcases-3] INFO  sprint1_TestCases.B_Verify_TitleBarOptionsTC - Starting verify_CheckIn_CancelButton
19:17:58.588 [TestNG-test=RetryMultipleFailedTestcases-2] INFO  sprint1_TestCases.C_Verify_CMSMenu_FunctionalityTC - Starting verify_CMSMenu_Enabled
19:18:00.592 [TestNG-test=RetryMultipleFailedTestcases-1] INFO  sprint1_TestCases.C_Verify_CMSMenu_FunctionalityTC - Starting verify_CMSHambergerMenu
19:18:24.533 [TestNG-test=RetryMultipleFailedTestcases-4] INFO  sprint1_TestCases.B_Verify_TitleBarOptionsTC - Logged in and searched for a file, then clicked Edit.
19:18:24.856 [TestNG-test=RetryMultipleFailedTestcases-4] INFO  sprint1_TestCases.B_Verify_TitleBarOptionsTC - Click CheckIn button is displayed
19:18:24.984 [TestNG-test=RetryMultipleFailedTestcases-4] INFO  sprint1_TestCases.B_Verify_TitleBarOptionsTC - verified CheckIn button is displayed
19:18:25.038 [TestNG-test=RetryMultipleFailedTestcases-4] INFO  sprint1_TestCases.B_Verify_TitleBarOptionsTC - verified Do you want to check-in? is displayed
19:18:25.270 [TestNG-test=RetryMultipleFailedTestcases-4] INFO  sprint1_TestCases.B_Verify_TitleBarOptionsTC - verified CheckIn confirm button is displayed
19:18:26.458 [TestNG-test=RetryMultipleFailedTestcases-4] INFO  sprint1_TestCases.B_Verify_TitleBarOptionsTC - verified CheckIn cancel button is displayed
19:18:26.458 [TestNG-test=RetryMultipleFailedTestcases-4] INFO  sprint1_TestCases.B_Verify_TitleBarOptionsTC - Finished verify_CheckIn
19:18:28.963 [TestNG-test=RetryMultipleFailedTestcases-2] INFO  sprint1_TestCases.C_Verify_CMSMenu_FunctionalityTC - Logged in and searched for a file, then clicked Edit.
19:18:28.998 [TestNG-test=RetryMultipleFailedTestcases-3] INFO  sprint1_TestCases.B_Verify_TitleBarOptionsTC - Logged in and searched for a file, then clicked Edit.
19:18:29.244 [TestNG-test=RetryMultipleFailedTestcases-2] INFO  sprint1_TestCases.C_Verify_CMSMenu_FunctionalityTC - clicked on Handberger button
19:18:29.331 [TestNG-test=RetryMultipleFailedTestcases-3] INFO  sprint1_TestCases.B_Verify_TitleBarOptionsTC - Click CheckIn button is displayed
19:18:29.341 [TestNG-test=RetryMultipleFailedTestcases-2] INFO  sprint1_TestCases.C_Verify_CMSMenu_FunctionalityTC - verified Label CMS menu displayed
19:18:29.482 [TestNG-test=RetryMultipleFailedTestcases-2] INFO  sprint1_TestCases.C_Verify_CMSMenu_FunctionalityTC - verified Label CMS close is displayed
19:18:29.482 [TestNG-test=RetryMultipleFailedTestcases-2] INFO  sprint1_TestCases.C_Verify_CMSMenu_FunctionalityTC - Finished verify_CMSMenu_Enabled
19:18:29.531 [TestNG-test=RetryMultipleFailedTestcases-3] INFO  sprint1_TestCases.B_Verify_TitleBarOptionsTC - verified CheckIn button is displayed
19:18:29.600 [TestNG-test=RetryMultipleFailedTestcases-3] INFO  sprint1_TestCases.B_Verify_TitleBarOptionsTC - verified Do you want to check-in? is displayed
19:18:29.849 [TestNG-test=RetryMultipleFailedTestcases-3] INFO  sprint1_TestCases.B_Verify_TitleBarOptionsTC - Click CheckIn cancel button is displayed
19:18:29.965 [TestNG-test=RetryMultipleFailedTestcases-3] INFO  sprint1_TestCases.B_Verify_TitleBarOptionsTC - verified label content block is displayed
19:18:29.965 [TestNG-test=RetryMultipleFailedTestcases-3] INFO  sprint1_TestCases.B_Verify_TitleBarOptionsTC - Finished verify_CheckIn_CancelButton
19:18:33.176 [TestNG-test=RetryMultipleFailedTestcases-1] INFO  sprint1_TestCases.C_Verify_CMSMenu_FunctionalityTC - Logged in and searched for a file, then clicked Edit.
19:18:33.510 [TestNG-test=RetryMultipleFailedTestcases-1] INFO  sprint1_TestCases.C_Verify_CMSMenu_FunctionalityTC - clicked on Handberger button
19:18:34.382 [TestNG-test=RetryMultipleFailedTestcases-4] INFO  sprint1_TestCases.C_Verify_CMSMenu_FunctionalityTC - Starting verify_CMSMenu_CloseBtn
19:18:35.779 [TestNG-test=RetryMultipleFailedTestcases-1] INFO  sprint1_TestCases.C_Verify_CMSMenu_FunctionalityTC - clicked on hyperlinks and checked for response code-200
19:18:36.395 [TestNG-test=RetryMultipleFailedTestcases-1] INFO  sprint1_TestCases.C_Verify_CMSMenu_FunctionalityTC - clicked on CMS close button
19:18:37.937 [TestNG-test=RetryMultipleFailedTestcases-2] INFO  sprint1_TestCases.C_Verify_CMSMenu_FunctionalityTC - Starting verify_CMSHambergerMenu_Highlighted
19:18:39.253 [TestNG-test=RetryMultipleFailedTestcases-3] INFO  sprint1_TestCases.C_Verify_CMSMenu_FunctionalityTC - Starting verify_CMSMenu_ByResizing
19:19:03.363 [TestNG-test=RetryMultipleFailedTestcases-4] INFO  sprint1_TestCases.C_Verify_CMSMenu_FunctionalityTC - Logged in and searched for a file, then clicked Edit.
19:19:03.765 [TestNG-test=RetryMultipleFailedTestcases-4] INFO  sprint1_TestCases.C_Verify_CMSMenu_FunctionalityTC - clicked on Handberger button
19:19:03.850 [TestNG-test=RetryMultipleFailedTestcases-2] INFO  sprint1_TestCases.C_Verify_CMSMenu_FunctionalityTC - Logged in and searched for a file, then clicked Edit.
19:19:04.329 [TestNG-test=RetryMultipleFailedTestcases-4] INFO  sprint1_TestCases.C_Verify_CMSMenu_FunctionalityTC - verified Label CMS close is displayed
19:19:04.476 [TestNG-test=RetryMultipleFailedTestcases-2] INFO  sprint1_TestCases.C_Verify_CMSMenu_FunctionalityTC - clicked on Handberger button
19:19:04.747 [TestNG-test=RetryMultipleFailedTestcases-2] INFO  sprint1_TestCases.C_Verify_CMSMenu_FunctionalityTC - verified all the background colors of hyperlinks
19:19:04.849 [TestNG-test=RetryMultipleFailedTestcases-4] INFO  sprint1_TestCases.C_Verify_CMSMenu_FunctionalityTC - Finished verify_CMSMenu_Enabled
19:19:04.850 [TestNG-test=RetryMultipleFailedTestcases-4] INFO  sprint1_TestCases.C_Verify_CMSMenu_FunctionalityTC - Finished verify_CMSMenu_CloseBtn
19:19:05.010 [TestNG-test=RetryMultipleFailedTestcases-2] INFO  sprint1_TestCases.C_Verify_CMSMenu_FunctionalityTC - clicked on CMS close button
19:19:06.292 [TestNG-test=RetryMultipleFailedTestcases-3] INFO  sprint1_TestCases.C_Verify_CMSMenu_FunctionalityTC - Logged in and searched for a file, then clicked Edit.
19:19:06.442 [TestNG-test=RetryMultipleFailedTestcases-3] INFO  sprint1_TestCases.C_Verify_CMSMenu_FunctionalityTC - clicked on Handberger button
19:19:06.500 [TestNG-test=RetryMultipleFailedTestcases-3] INFO  sprint1_TestCases.C_Verify_CMSMenu_FunctionalityTC - verified Label CMS menu displayed
19:19:06.741 [TestNG-test=RetryMultipleFailedTestcases-3] INFO  sprint1_TestCases.C_Verify_CMSMenu_FunctionalityTC - Initiate driver to minimize the window size
19:19:06.864 [TestNG-test=RetryMultipleFailedTestcases-3] INFO  sprint1_TestCases.C_Verify_CMSMenu_FunctionalityTC - verified Label CMS menu displayed
19:19:06.865 [TestNG-test=RetryMultipleFailedTestcases-3] INFO  sprint1_TestCases.C_Verify_CMSMenu_FunctionalityTC - Finished verify_CMSMenu_ByResizing
19:19:13.689 [TestNG-test=RetryMultipleFailedTestcases-4] INFO  sprint1_TestCases.C_Verify_CMSMenu_FunctionalityTC - Starting verify_CMSMenu_Collapse
19:19:14.008 [TestNG-test=RetryMultipleFailedTestcases-3] INFO  sprint1_TestCases.C_Verify_CMSMenu_FunctionalityTC - Starting verify_CMSMenu_MediaLib_Section_Insert_Error
19:19:16.560 [TestNG-test=RetryMultipleFailedTestcases-1] INFO  sprint1_TestCases.C_Verify_CMSMenu_FunctionalityTC - verified Label CMS menu is not displayed
19:19:16.560 [TestNG-test=RetryMultipleFailedTestcases-1] INFO  sprint1_TestCases.C_Verify_CMSMenu_FunctionalityTC - Finished verify_CMSHambergerMenu
19:19:22.830 [TestNG-test=RetryMultipleFailedTestcases-1] INFO  sprint1_TestCases.C_Verify_CMSMenu_FunctionalityTC - Starting verify_MediaObject_InCMSMenu
19:19:39.286 [TestNG-test=RetryMultipleFailedTestcases-4] INFO  sprint1_TestCases.C_Verify_CMSMenu_FunctionalityTC - Logged in and searched for a file, then clicked Edit.
19:19:39.350 [TestNG-test=RetryMultipleFailedTestcases-3] INFO  sprint1_TestCases.C_Verify_CMSMenu_FunctionalityTC - Logged in and searched for a file, then clicked Edit.
19:19:39.369 [TestNG-test=RetryMultipleFailedTestcases-3] INFO  sprint1_TestCases.C_Verify_CMSMenu_FunctionalityTC - Switched to frame 0.
19:19:39.597 [TestNG-test=RetryMultipleFailedTestcases-4] INFO  sprint1_TestCases.C_Verify_CMSMenu_FunctionalityTC - clicked on Handberger button
19:19:39.833 [TestNG-test=RetryMultipleFailedTestcases-4] INFO  sprint1_TestCases.C_Verify_CMSMenu_FunctionalityTC - verified Label CMS menu displayed
19:19:40.096 [TestNG-test=RetryMultipleFailedTestcases-4] INFO  sprint1_TestCases.C_Verify_CMSMenu_FunctionalityTC - clicked on Handberger button
19:19:40.099 [TestNG-test=RetryMultipleFailedTestcases-3] INFO  sprint1_TestCases.C_Verify_CMSMenu_FunctionalityTC - Switched back to default content.
19:19:40.197 [TestNG-test=RetryMultipleFailedTestcases-4] INFO  sprint1_TestCases.C_Verify_CMSMenu_FunctionalityTC - verified Label CMS menu displayed
19:19:40.197 [TestNG-test=RetryMultipleFailedTestcases-4] INFO  sprint1_TestCases.C_Verify_CMSMenu_FunctionalityTC - Finished verify_CMSMenu_Collapse
19:19:40.442 [TestNG-test=RetryMultipleFailedTestcases-3] INFO  sprint1_TestCases.C_Verify_CMSMenu_FunctionalityTC - clicked on Handberger button
19:19:40.771 [TestNG-test=RetryMultipleFailedTestcases-3] INFO  sprint1_TestCases.C_Verify_CMSMenu_FunctionalityTC - clicked on Media object link in CMS menu
19:19:41.645 [TestNG-test=RetryMultipleFailedTestcases-3] INFO  sprint1_TestCases.C_Verify_CMSMenu_FunctionalityTC - clicked on image insert button
19:19:41.827 [TestNG-test=RetryMultipleFailedTestcases-3] INFO  sprint1_TestCases.C_Verify_CMSMenu_FunctionalityTC - verified error popup message is displayed
19:19:41.827 [TestNG-test=RetryMultipleFailedTestcases-3] INFO  sprint1_TestCases.C_Verify_CMSMenu_FunctionalityTC - Finished verify_CMSMenu_MediaLib_Section_Insert_Error
19:19:45.145 [TestNG-test=RetryMultipleFailedTestcases-2] INFO  sprint1_TestCases.C_Verify_CMSMenu_FunctionalityTC - verified Label CMS menu is not displayed
19:19:45.145 [TestNG-test=RetryMultipleFailedTestcases-2] INFO  sprint1_TestCases.C_Verify_CMSMenu_FunctionalityTC - Finished verify_CMSHambergerMenu_Highlighted
19:19:47.743 [TestNG-test=RetryMultipleFailedTestcases-4] INFO  sprint1_TestCases.C_Verify_CMSMenu_FunctionalityTC - Starting verify_CMSCollapse_ByClickingEditorView
19:19:49.800 [TestNG-test=RetryMultipleFailedTestcases-1] INFO  sprint1_TestCases.C_Verify_CMSMenu_FunctionalityTC - Logged in and searched for a file, then clicked Edit.
19:19:50.023 [TestNG-test=RetryMultipleFailedTestcases-1] INFO  sprint1_TestCases.C_Verify_CMSMenu_FunctionalityTC - Switched to frame 0.
19:19:50.680 [TestNG-test=RetryMultipleFailedTestcases-3] INFO  sprint1_TestCases.C_Verify_CMSMenu_FunctionalityTC - Starting verify_CMSCollapse_ByClickinCodeVeiw
19:19:51.734 [TestNG-test=RetryMultipleFailedTestcases-1] INFO  sprint1_TestCases.C_Verify_CMSMenu_FunctionalityTC - clicked on First para from VE
19:19:51.873 [TestNG-test=RetryMultipleFailedTestcases-1] INFO  sprint1_TestCases.C_Verify_CMSMenu_FunctionalityTC - Switched back to default content.
19:19:52.106 [TestNG-test=RetryMultipleFailedTestcases-1] INFO  sprint1_TestCases.C_Verify_CMSMenu_FunctionalityTC - clicked on Handberger button
19:19:52.484 [TestNG-test=RetryMultipleFailedTestcases-1] INFO  sprint1_TestCases.C_Verify_CMSMenu_FunctionalityTC - clicked on Media object link in CMS menu
19:19:53.261 [TestNG-test=RetryMultipleFailedTestcases-2] INFO  sprint1_TestCases.C_Verify_CMSMenu_FunctionalityTC - Starting verify_CMSCollapse_ByClickingAttributePanel
19:19:54.113 [TestNG-test=RetryMultipleFailedTestcases-1] INFO  sprint1_TestCases.C_Verify_CMSMenu_FunctionalityTC - clicked on image insert button
19:19:55.026 [TestNG-test=RetryMultipleFailedTestcases-1] INFO  sprint1_TestCases.C_Verify_CMSMenu_FunctionalityTC - vefied image is not present in DS
19:19:55.026 [TestNG-test=RetryMultipleFailedTestcases-1] INFO  sprint1_TestCases.C_Verify_CMSMenu_FunctionalityTC - Finished verify_MediaObject_InCMSMenu
19:20:01.275 [TestNG-test=RetryMultipleFailedTestcases-1] INFO  sprint1_TestCases.C_Verify_CMSMenu_FunctionalityTC - Starting verify_CMSCollapse_ByClickingValidateButton
19:20:15.066 [TestNG-test=RetryMultipleFailedTestcases-4] INFO  sprint1_TestCases.C_Verify_CMSMenu_FunctionalityTC - Logged in and searched for a file, then clicked Edit.
19:20:15.309 [TestNG-test=RetryMultipleFailedTestcases-4] INFO  sprint1_TestCases.C_Verify_CMSMenu_FunctionalityTC - clicked on Handberger button
19:20:15.421 [TestNG-test=RetryMultipleFailedTestcases-4] INFO  sprint1_TestCases.C_Verify_CMSMenu_FunctionalityTC - verified Label CMS menu displayed
19:20:15.473 [TestNG-test=RetryMultipleFailedTestcases-4] INFO  sprint1_TestCases.C_Verify_CMSMenu_FunctionalityTC - Switched to frame 0.
19:20:16.033 [TestNG-test=RetryMultipleFailedTestcases-4] INFO  sprint1_TestCases.C_Verify_CMSMenu_FunctionalityTC - clicked on First para from VE
19:20:16.212 [TestNG-test=RetryMultipleFailedTestcases-4] INFO  sprint1_TestCases.C_Verify_CMSMenu_FunctionalityTC - Switched back to default content.
19:20:16.346 [TestNG-test=RetryMultipleFailedTestcases-3] INFO  sprint1_TestCases.C_Verify_CMSMenu_FunctionalityTC - Logged in and searched for a file, then clicked Edit.
19:20:16.525 [TestNG-test=RetryMultipleFailedTestcases-3] INFO  sprint1_TestCases.C_Verify_CMSMenu_FunctionalityTC - clicked on Handberger button
19:20:16.623 [TestNG-test=RetryMultipleFailedTestcases-3] INFO  sprint1_TestCases.C_Verify_CMSMenu_FunctionalityTC - verified Label CMS menu displayed
19:20:16.637 [TestNG-test=RetryMultipleFailedTestcases-4] INFO  sprint1_TestCases.C_Verify_CMSMenu_FunctionalityTC - clicked on Handberger button
19:20:16.887 [TestNG-test=RetryMultipleFailedTestcases-3] INFO  sprint1_TestCases.C_Verify_CMSMenu_FunctionalityTC - clicked on code view
19:20:19.334 [TestNG-test=RetryMultipleFailedTestcases-2] INFO  sprint1_TestCases.C_Verify_CMSMenu_FunctionalityTC - Logged in and searched for a file, then clicked Edit.
19:20:19.501 [TestNG-test=RetryMultipleFailedTestcases-2] INFO  sprint1_TestCases.C_Verify_CMSMenu_FunctionalityTC - clicked on Handberger button
19:20:19.656 [TestNG-test=RetryMultipleFailedTestcases-2] INFO  sprint1_TestCases.C_Verify_CMSMenu_FunctionalityTC - verified Label CMS menu displayed
19:20:19.835 [TestNG-test=RetryMultipleFailedTestcases-2] INFO  sprint1_TestCases.C_Verify_CMSMenu_FunctionalityTC - clicked on general attribute text
19:20:27.453 [TestNG-test=RetryMultipleFailedTestcases-1] INFO  sprint1_TestCases.C_Verify_CMSMenu_FunctionalityTC - Logged in and searched for a file, then clicked Edit.
19:20:27.766 [TestNG-test=RetryMultipleFailedTestcases-1] INFO  sprint1_TestCases.C_Verify_CMSMenu_FunctionalityTC - clicked on Handberger button
19:20:27.843 [TestNG-test=RetryMultipleFailedTestcases-1] INFO  sprint1_TestCases.C_Verify_CMSMenu_FunctionalityTC - verified Label CMS menu displayed
19:20:28.780 [TestNG-test=RetryMultipleFailedTestcases-1] INFO  sprint1_TestCases.C_Verify_CMSMenu_FunctionalityTC - clicked on validate button
19:20:39.245 [TestNG-test=RetryMultipleFailedTestcases-1] INFO  sprint1_TestCases.C_Verify_CMSMenu_FunctionalityTC - verified Label CMS menu is not displayed
19:20:39.246 [TestNG-test=RetryMultipleFailedTestcases-1] INFO  sprint1_TestCases.C_Verify_CMSMenu_FunctionalityTC - Finished verify_CMSCollapse_ByClickingValidateButton
19:20:44.626 [TestNG-test=RetryMultipleFailedTestcases-1] INFO  sprint1_TestCases.C_Verify_CMSMenu_FunctionalityTC - Starting verify_CMSMenu_UserProfile
19:20:56.677 [TestNG-test=RetryMultipleFailedTestcases-4] INFO  sprint1_TestCases.C_Verify_CMSMenu_FunctionalityTC - verified Label CMS menu is not displayed
19:20:56.677 [TestNG-test=RetryMultipleFailedTestcases-4] INFO  sprint1_TestCases.C_Verify_CMSMenu_FunctionalityTC - Finished verify_CMSCollapse_ByClickingEditorView
19:20:57.041 [TestNG-test=RetryMultipleFailedTestcases-3] INFO  sprint1_TestCases.C_Verify_CMSMenu_FunctionalityTC - verified Label CMS menu is not displayed
19:20:57.041 [TestNG-test=RetryMultipleFailedTestcases-3] INFO  sprint1_TestCases.C_Verify_CMSMenu_FunctionalityTC - Finished verify_CMSCollapse_ByClickinCodeVeiw
19:20:59.919 [TestNG-test=RetryMultipleFailedTestcases-2] INFO  sprint1_TestCases.C_Verify_CMSMenu_FunctionalityTC - verified Label CMS menu is not displayed
19:20:59.920 [TestNG-test=RetryMultipleFailedTestcases-2] INFO  sprint1_TestCases.C_Verify_CMSMenu_FunctionalityTC - Finished verify_CMSCollapse_ByClickingAttributePanel
19:21:05.089 [TestNG-test=RetryMultipleFailedTestcases-4] INFO  sprint1_TestCases.C_Verify_CMSMenu_FunctionalityTC - Starting verify_CMSMenu_LogoutManage_Profile
19:21:06.033 [TestNG-test=RetryMultipleFailedTestcases-3] INFO  sprint1_TestCases.C_Verify_CMSMenu_FunctionalityTC - Starting verify_CMS_RejectLogout
19:21:07.797 [TestNG-test=RetryMultipleFailedTestcases-2] INFO  sprint1_TestCases.C_Verify_CMSMenu_FunctionalityTC - Starting verify_CMSMenu_Manage_Logout
19:21:10.107 [TestNG-test=RetryMultipleFailedTestcases-1] INFO  sprint1_TestCases.C_Verify_CMSMenu_FunctionalityTC - Logged in and searched for a file, then clicked Edit.
19:21:10.271 [TestNG-test=RetryMultipleFailedTestcases-1] INFO  sprint1_TestCases.C_Verify_CMSMenu_FunctionalityTC - clicked on Handberger button
19:21:10.306 [TestNG-test=RetryMultipleFailedTestcases-1] INFO  sprint1_TestCases.C_Verify_CMSMenu_FunctionalityTC - clicked on Handberger button
19:21:11.130 [TestNG-test=RetryMultipleFailedTestcases-1] INFO  sprint1_TestCases.C_Verify_CMSMenu_FunctionalityTC - clicked on user profile button
19:21:11.216 [TestNG-test=RetryMultipleFailedTestcases-1] INFO  sprint1_TestCases.C_Verify_CMSMenu_FunctionalityTC - verified Label manage profile is displayed
19:21:11.216 [TestNG-test=RetryMultipleFailedTestcases-1] INFO  sprint1_TestCases.C_Verify_CMSMenu_FunctionalityTC - Finished verify_CMSMenu_UserProfile
19:21:16.107 [TestNG-test=RetryMultipleFailedTestcases-1] INFO  sprint1_TestCases.C_Verify_CMSMenu_FunctionalityTC - Starting verify_CMSMenu_Manage
19:21:32.951 [TestNG-test=RetryMultipleFailedTestcases-4] INFO  sprint1_TestCases.C_Verify_CMSMenu_FunctionalityTC - Logged in and searched for a file, then clicked Edit.
19:21:33.497 [TestNG-test=RetryMultipleFailedTestcases-4] INFO  sprint1_TestCases.C_Verify_CMSMenu_FunctionalityTC - clicked on Handberger button
19:21:33.862 [TestNG-test=RetryMultipleFailedTestcases-4] INFO  sprint1_TestCases.C_Verify_CMSMenu_FunctionalityTC - clicked on user profile button
19:21:33.955 [TestNG-test=RetryMultipleFailedTestcases-4] INFO  sprint1_TestCases.C_Verify_CMSMenu_FunctionalityTC - verified Label Logout is displayed
19:21:34.037 [TestNG-test=RetryMultipleFailedTestcases-4] INFO  sprint1_TestCases.C_Verify_CMSMenu_FunctionalityTC - verified Label Manage Profile is displayed
19:21:34.038 [TestNG-test=RetryMultipleFailedTestcases-4] INFO  sprint1_TestCases.C_Verify_CMSMenu_FunctionalityTC - Finished verify_CMSMenu_LogoutManage_Profile
19:21:34.378 [TestNG-test=RetryMultipleFailedTestcases-3] INFO  sprint1_TestCases.C_Verify_CMSMenu_FunctionalityTC - Logged in and searched for a file, then clicked Edit.
19:21:34.650 [TestNG-test=RetryMultipleFailedTestcases-3] INFO  sprint1_TestCases.C_Verify_CMSMenu_FunctionalityTC - clicked on Handberger button
19:21:36.122 [TestNG-test=RetryMultipleFailedTestcases-3] INFO  sprint1_TestCases.C_Verify_CMSMenu_FunctionalityTC - clicked on user profile button
19:21:36.396 [TestNG-test=RetryMultipleFailedTestcases-3] INFO  sprint1_TestCases.C_Verify_CMSMenu_FunctionalityTC - clicked on logout button
19:21:36.401 [TestNG-test=RetryMultipleFailedTestcases-3] INFO  sprint1_TestCases.C_Verify_CMSMenu_FunctionalityTC - verified login button is not visible
19:21:36.401 [TestNG-test=RetryMultipleFailedTestcases-3] INFO  sprint1_TestCases.C_Verify_CMSMenu_FunctionalityTC - Finished verify_CMS_RejectLogout
19:21:38.218 [TestNG-test=RetryMultipleFailedTestcases-2] INFO  sprint1_TestCases.C_Verify_CMSMenu_FunctionalityTC - Logged in and searched for a file, then clicked Edit.
19:21:38.388 [TestNG-test=RetryMultipleFailedTestcases-2] INFO  sprint1_TestCases.C_Verify_CMSMenu_FunctionalityTC - clicked on Handberger button
19:21:39.833 [TestNG-test=RetryMultipleFailedTestcases-2] INFO  sprint1_TestCases.C_Verify_CMSMenu_FunctionalityTC - clicked on user profile button
19:21:40.186 [TestNG-test=RetryMultipleFailedTestcases-2] INFO  sprint1_TestCases.C_Verify_CMSMenu_FunctionalityTC - clicked on logout button
19:21:40.194 [TestNG-test=RetryMultipleFailedTestcases-2] INFO  sprint1_TestCases.C_Verify_CMSMenu_FunctionalityTC - clicked on accept alert
19:21:42.805 [TestNG-test=RetryMultipleFailedTestcases-4] INFO  sprint1_TestCases.C_Verify_CMSMenu_FunctionalityTC - Starting verify_CMSMenu_RejectChange
19:21:44.639 [TestNG-test=RetryMultipleFailedTestcases-3] INFO  sprint2_TestCases.C_Verify_GeneralAttributes_PanalTC - Starting verify_GeneralAttributes ..
19:21:47.610 [TestNG-test=RetryMultipleFailedTestcases-1] INFO  sprint1_TestCases.C_Verify_CMSMenu_FunctionalityTC - Logged in and searched for a file, then clicked Edit.
19:21:47.834 [TestNG-test=RetryMultipleFailedTestcases-2] INFO  sprint1_TestCases.C_Verify_CMSMenu_FunctionalityTC - Starting verify_CMSMenu_Manage_Logout
19:21:47.864 [TestNG-test=RetryMultipleFailedTestcases-1] INFO  sprint1_TestCases.C_Verify_CMSMenu_FunctionalityTC - clicked on Handberger button
19:21:48.873 [TestNG-test=RetryMultipleFailedTestcases-1] INFO  sprint1_TestCases.C_Verify_CMSMenu_FunctionalityTC - clicked on user profile button
19:21:49.709 [TestNG-test=RetryMultipleFailedTestcases-1] INFO  sprint1_TestCases.C_Verify_CMSMenu_FunctionalityTC - clicked on Manage profile button
19:21:56.055 [TestNG-test=RetryMultipleFailedTestcases-1] INFO  sprint1_TestCases.C_Verify_CMSMenu_FunctionalityTC - Starting verify_CMSMenu_Manage
19:22:10.399 [TestNG-test=RetryMultipleFailedTestcases-4] INFO  sprint1_TestCases.C_Verify_CMSMenu_FunctionalityTC - Logged in and searched for a file, then clicked Edit.
19:22:10.949 [TestNG-test=RetryMultipleFailedTestcases-4] INFO  sprint1_TestCases.C_Verify_CMSMenu_FunctionalityTC - clicked on Handberger button
19:22:11.390 [TestNG-test=RetryMultipleFailedTestcases-4] INFO  sprint1_TestCases.C_Verify_CMSMenu_FunctionalityTC - clicked on user profile button
19:22:11.622 [TestNG-test=RetryMultipleFailedTestcases-3] INFO  sprint2_TestCases.C_Verify_GeneralAttributes_PanalTC - Logged in, searched for a file, and clicked Edit.
19:22:11.634 [TestNG-test=RetryMultipleFailedTestcases-3] INFO  sprint2_TestCases.C_Verify_GeneralAttributes_PanalTC - Created C_Verify_GeneralAttributes_Panal instance.
19:22:11.771 [TestNG-test=RetryMultipleFailedTestcases-4] INFO  sprint1_TestCases.C_Verify_CMSMenu_FunctionalityTC - clicked on Manage profile button
19:22:11.805 [TestNG-test=RetryMultipleFailedTestcases-4] INFO  sprint1_TestCases.C_Verify_CMSMenu_FunctionalityTC - Verified change password is not displayed
19:22:11.866 [TestNG-test=RetryMultipleFailedTestcases-3] INFO  sprint2_TestCases.C_Verify_GeneralAttributes_PanalTC - RHS General Attribute is present.
19:22:11.954 [TestNG-test=RetryMultipleFailedTestcases-3] INFO  sprint2_TestCases.C_Verify_GeneralAttributes_PanalTC - Inner Text is correct.
19:22:11.954 [TestNG-test=RetryMultipleFailedTestcases-3] INFO  sprint2_TestCases.C_Verify_GeneralAttributes_PanalTC - Finished verify_GeneralAttributes ..
19:22:17.199 [TestNG-test=RetryMultipleFailedTestcases-2] INFO  sprint1_TestCases.C_Verify_CMSMenu_FunctionalityTC - Logged in and searched for a file, then clicked Edit.
19:22:17.865 [TestNG-test=RetryMultipleFailedTestcases-2] INFO  sprint1_TestCases.C_Verify_CMSMenu_FunctionalityTC - clicked on Handberger button
19:22:18.683 [TestNG-test=RetryMultipleFailedTestcases-2] INFO  sprint1_TestCases.C_Verify_CMSMenu_FunctionalityTC - clicked on user profile button
19:22:18.869 [TestNG-test=RetryMultipleFailedTestcases-2] INFO  sprint1_TestCases.C_Verify_CMSMenu_FunctionalityTC - clicked on logout button
19:22:18.876 [TestNG-test=RetryMultipleFailedTestcases-2] INFO  sprint1_TestCases.C_Verify_CMSMenu_FunctionalityTC - clicked on accept alert
19:22:20.415 [TestNG-test=RetryMultipleFailedTestcases-3] INFO  sprint2_TestCases.C_Verify_GeneralAttributes_PanalTC - Starting verify_GeneralAttributes_AfterRefresh ..
19:22:23.083 [TestNG-test=RetryMultipleFailedTestcases-1] INFO  sprint1_TestCases.C_Verify_CMSMenu_FunctionalityTC - Logged in and searched for a file, then clicked Edit.
19:22:23.317 [TestNG-test=RetryMultipleFailedTestcases-1] INFO  sprint1_TestCases.C_Verify_CMSMenu_FunctionalityTC - clicked on Handberger button
19:22:24.913 [TestNG-test=RetryMultipleFailedTestcases-1] INFO  sprint1_TestCases.C_Verify_CMSMenu_FunctionalityTC - clicked on user profile button
19:22:26.082 [TestNG-test=RetryMultipleFailedTestcases-1] INFO  sprint1_TestCases.C_Verify_CMSMenu_FunctionalityTC - clicked on Manage profile button
19:22:27.378 [TestNG-test=RetryMultipleFailedTestcases-2] INFO  sprint1_TestCases.C_Verify_CMSMenu_FunctionalityTC - Starting verify_CMSMenu_Manage_Logout
19:22:30.900 [TestNG-test=RetryMultipleFailedTestcases-1] INFO  sprint1_TestCases.C_Verify_CMSMenu_FunctionalityTC - Starting verify_CMSMenu_Manage
19:22:48.070 [TestNG-test=RetryMultipleFailedTestcases-3] INFO  sprint2_TestCases.C_Verify_GeneralAttributes_PanalTC - Logged in, searched for a file, and clicked Edit.
19:22:48.071 [TestNG-test=RetryMultipleFailedTestcases-3] INFO  sprint2_TestCases.C_Verify_GeneralAttributes_PanalTC - Created C_Verify_GeneralAttributes_Panal instance.
19:22:48.213 [TestNG-test=RetryMultipleFailedTestcases-3] INFO  sprint2_TestCases.C_Verify_GeneralAttributes_PanalTC - RHS General Attribute leble is present.
19:22:48.276 [TestNG-test=RetryMultipleFailedTestcases-3] INFO  sprint2_TestCases.C_Verify_GeneralAttributes_PanalTC - RHS General Attribute leble is Correct.
19:22:50.672 [TestNG-test=RetryMultipleFailedTestcases-3] INFO  sprint2_TestCases.C_Verify_GeneralAttributes_PanalTC - Page is Refreshed.
19:22:50.673 [TestNG-test=RetryMultipleFailedTestcases-3] INFO  sprint2_TestCases.C_Verify_GeneralAttributes_PanalTC - Created BasePage instance.
19:22:50.674 [TestNG-test=RetryMultipleFailedTestcases-3] INFO  sprint2_TestCases.C_Verify_GeneralAttributes_PanalTC - Page is Loaded.
19:22:51.871 [TestNG-test=RetryMultipleFailedTestcases-4] INFO  sprint1_TestCases.C_Verify_CMSMenu_FunctionalityTC - Verified Change picture is not displayed
19:22:51.871 [TestNG-test=RetryMultipleFailedTestcases-4] INFO  sprint1_TestCases.C_Verify_CMSMenu_FunctionalityTC - Finished verify_CMSMenu_RejectChange
19:22:52.475 [TestNG-test=RetryMultipleFailedTestcases-3] INFO  sprint2_TestCases.C_Verify_GeneralAttributes_PanalTC - RHS General Attribute leble is present.
19:22:52.520 [TestNG-test=RetryMultipleFailedTestcases-3] INFO  sprint2_TestCases.C_Verify_GeneralAttributes_PanalTC - RHS General Attribute leble is Correct.
19:22:52.520 [TestNG-test=RetryMultipleFailedTestcases-3] INFO  sprint2_TestCases.C_Verify_GeneralAttributes_PanalTC - Finished verify_GeneralAttributes_AfterRefresh ..
19:22:59.721 [TestNG-test=RetryMultipleFailedTestcases-2] INFO  sprint1_TestCases.C_Verify_CMSMenu_FunctionalityTC - Logged in and searched for a file, then clicked Edit.
19:23:00.086 [TestNG-test=RetryMultipleFailedTestcases-2] INFO  sprint1_TestCases.C_Verify_CMSMenu_FunctionalityTC - clicked on Handberger button
19:23:01.107 [TestNG-test=RetryMultipleFailedTestcases-2] INFO  sprint1_TestCases.C_Verify_CMSMenu_FunctionalityTC - clicked on user profile button
19:23:01.625 [TestNG-test=RetryMultipleFailedTestcases-2] INFO  sprint1_TestCases.C_Verify_CMSMenu_FunctionalityTC - clicked on logout button
19:23:01.662 [TestNG-test=RetryMultipleFailedTestcases-2] INFO  sprint1_TestCases.C_Verify_CMSMenu_FunctionalityTC - clicked on accept alert
19:23:02.320 [TestNG-test=RetryMultipleFailedTestcases-4] INFO  sprint2_TestCases.C_Verify_GeneralAttributes_PanalTC - Starting verify_Section_Attributes ..
19:23:02.962 [TestNG-test=RetryMultipleFailedTestcases-3] INFO  sprint2_TestCases.C_Verify_GeneralAttributes_PanalTC - Starting verify_ParaElement_Attributes ..
19:23:03.821 [TestNG-test=RetryMultipleFailedTestcases-1] INFO  sprint1_TestCases.C_Verify_CMSMenu_FunctionalityTC - Logged in and searched for a file, then clicked Edit.
19:23:04.018 [TestNG-test=RetryMultipleFailedTestcases-1] INFO  sprint1_TestCases.C_Verify_CMSMenu_FunctionalityTC - clicked on Handberger button
19:23:04.846 [TestNG-test=RetryMultipleFailedTestcases-1] INFO  sprint1_TestCases.C_Verify_CMSMenu_FunctionalityTC - clicked on user profile button
19:23:05.721 [TestNG-test=RetryMultipleFailedTestcases-1] INFO  sprint1_TestCases.C_Verify_CMSMenu_FunctionalityTC - clicked on Manage profile button
19:23:11.126 [TestNG-test=RetryMultipleFailedTestcases-2] INFO  sprint1_TestCases.C_Verify_CMSMenu_FunctionalityTC - Starting verify_CMSMenu_Manage_Logout
19:23:13.154 [TestNG-test=RetryMultipleFailedTestcases-1] INFO  sprint1_TestCases.C_Verify_CMSMenu_FunctionalityTC - Starting verify_CMSMenu_Manage
19:23:28.414 [TestNG-test=RetryMultipleFailedTestcases-3] INFO  sprint2_TestCases.C_Verify_GeneralAttributes_PanalTC - Logged in, searched for a file, and clicked Edit.
19:23:28.415 [TestNG-test=RetryMultipleFailedTestcases-3] INFO  sprint2_TestCases.C_Verify_GeneralAttributes_PanalTC - Created C_Verify_GeneralAttributes_Panal instance.
19:23:29.133 [TestNG-test=RetryMultipleFailedTestcases-3] INFO  sprint2_TestCases.C_Verify_GeneralAttributes_PanalTC - Clicked on section 2.
19:23:29.259 [TestNG-test=RetryMultipleFailedTestcases-4] INFO  sprint2_TestCases.C_Verify_GeneralAttributes_PanalTC - Logged in, searched for a file, and clicked Edit.
19:23:29.261 [TestNG-test=RetryMultipleFailedTestcases-4] INFO  sprint2_TestCases.C_Verify_GeneralAttributes_PanalTC - Created C_Verify_GeneralAttributes_Panal instance.
19:23:29.899 [TestNG-test=RetryMultipleFailedTestcases-4] INFO  sprint2_TestCases.C_Verify_GeneralAttributes_PanalTC - Clicked on Section.
19:23:29.899 [TestNG-test=RetryMultipleFailedTestcases-4] INFO  sprint2_TestCases.C_Verify_GeneralAttributes_PanalTC - Created BasePage instance.
19:23:29.900 [TestNG-test=RetryMultipleFailedTestcases-4] INFO  sprint2_TestCases.C_Verify_GeneralAttributes_PanalTC - Page is Loaded.
19:23:30.184 [TestNG-test=RetryMultipleFailedTestcases-4] INFO  sprint2_TestCases.C_Verify_GeneralAttributes_PanalTC - Section element All attributrs are present and correct.
19:23:30.213 [TestNG-test=RetryMultipleFailedTestcases-4] INFO  sprint2_TestCases.C_Verify_GeneralAttributes_PanalTC - Section element All attributrs are present and correct.
19:23:30.236 [TestNG-test=RetryMultipleFailedTestcases-4] INFO  sprint2_TestCases.C_Verify_GeneralAttributes_PanalTC - Section element All attributrs are present and correct.
19:23:30.258 [TestNG-test=RetryMultipleFailedTestcases-4] INFO  sprint2_TestCases.C_Verify_GeneralAttributes_PanalTC - Section element All attributrs are present and correct.
19:23:30.282 [TestNG-test=RetryMultipleFailedTestcases-4] INFO  sprint2_TestCases.C_Verify_GeneralAttributes_PanalTC - Section element All attributrs are present and correct.
19:23:30.306 [TestNG-test=RetryMultipleFailedTestcases-4] INFO  sprint2_TestCases.C_Verify_GeneralAttributes_PanalTC - Section element All attributrs are present and correct.
19:23:30.350 [TestNG-test=RetryMultipleFailedTestcases-4] INFO  sprint2_TestCases.C_Verify_GeneralAttributes_PanalTC - Section element All attributrs are present and correct.
19:23:30.376 [TestNG-test=RetryMultipleFailedTestcases-4] INFO  sprint2_TestCases.C_Verify_GeneralAttributes_PanalTC - Section element All attributrs are present and correct.
19:23:30.399 [TestNG-test=RetryMultipleFailedTestcases-4] INFO  sprint2_TestCases.C_Verify_GeneralAttributes_PanalTC - Section element All attributrs are present and correct.
19:23:30.424 [TestNG-test=RetryMultipleFailedTestcases-4] INFO  sprint2_TestCases.C_Verify_GeneralAttributes_PanalTC - Section element All attributrs are present and correct.
19:23:30.482 [TestNG-test=RetryMultipleFailedTestcases-4] INFO  sprint2_TestCases.C_Verify_GeneralAttributes_PanalTC - Section element All attributrs are present and correct.
19:23:30.519 [TestNG-test=RetryMultipleFailedTestcases-4] INFO  sprint2_TestCases.C_Verify_GeneralAttributes_PanalTC - Section element All attributrs are present and correct.
19:23:30.564 [TestNG-test=RetryMultipleFailedTestcases-4] INFO  sprint2_TestCases.C_Verify_GeneralAttributes_PanalTC - Section element All attributrs are present and correct.
19:23:30.593 [TestNG-test=RetryMultipleFailedTestcases-4] INFO  sprint2_TestCases.C_Verify_GeneralAttributes_PanalTC - Section element All attributrs are present and correct.
19:23:30.623 [TestNG-test=RetryMultipleFailedTestcases-4] INFO  sprint2_TestCases.C_Verify_GeneralAttributes_PanalTC - Section element All attributrs are present and correct.
19:23:30.655 [TestNG-test=RetryMultipleFailedTestcases-4] INFO  sprint2_TestCases.C_Verify_GeneralAttributes_PanalTC - Section element All attributrs are present and correct.
19:23:30.678 [TestNG-test=RetryMultipleFailedTestcases-3] INFO  sprint2_TestCases.C_Verify_GeneralAttributes_PanalTC - Clicked on para element.
19:23:30.679 [TestNG-test=RetryMultipleFailedTestcases-3] INFO  sprint2_TestCases.C_Verify_GeneralAttributes_PanalTC - Created BasePage instance.
19:23:30.681 [TestNG-test=RetryMultipleFailedTestcases-3] INFO  sprint2_TestCases.C_Verify_GeneralAttributes_PanalTC - Page is Loaded.
19:23:30.688 [TestNG-test=RetryMultipleFailedTestcases-4] INFO  sprint2_TestCases.C_Verify_GeneralAttributes_PanalTC - Section element All attributrs are present and correct.
19:23:30.719 [TestNG-test=RetryMultipleFailedTestcases-4] INFO  sprint2_TestCases.C_Verify_GeneralAttributes_PanalTC - Section element All attributrs are present and correct.
19:23:30.757 [TestNG-test=RetryMultipleFailedTestcases-4] INFO  sprint2_TestCases.C_Verify_GeneralAttributes_PanalTC - Section element All attributrs are present and correct.
19:23:30.790 [TestNG-test=RetryMultipleFailedTestcases-4] INFO  sprint2_TestCases.C_Verify_GeneralAttributes_PanalTC - Section element All attributrs are present and correct.
19:23:30.856 [TestNG-test=RetryMultipleFailedTestcases-4] INFO  sprint2_TestCases.C_Verify_GeneralAttributes_PanalTC - Section element All attributrs are present and correct.
19:23:30.889 [TestNG-test=RetryMultipleFailedTestcases-4] INFO  sprint2_TestCases.C_Verify_GeneralAttributes_PanalTC - Section element All attributrs are present and correct.
19:23:30.946 [TestNG-test=RetryMultipleFailedTestcases-4] INFO  sprint2_TestCases.C_Verify_GeneralAttributes_PanalTC - Section element All attributrs are present and correct.
19:23:30.984 [TestNG-test=RetryMultipleFailedTestcases-4] INFO  sprint2_TestCases.C_Verify_GeneralAttributes_PanalTC - Section element All attributrs are present and correct.
19:23:31.031 [TestNG-test=RetryMultipleFailedTestcases-4] INFO  sprint2_TestCases.C_Verify_GeneralAttributes_PanalTC - Section element All attributrs are present and correct.
19:23:31.072 [TestNG-test=RetryMultipleFailedTestcases-4] INFO  sprint2_TestCases.C_Verify_GeneralAttributes_PanalTC - Section element All attributrs are present and correct.
19:23:31.142 [TestNG-test=RetryMultipleFailedTestcases-4] INFO  sprint2_TestCases.C_Verify_GeneralAttributes_PanalTC - Section element All attributrs are present and correct.
19:23:31.142 [TestNG-test=RetryMultipleFailedTestcases-4] INFO  sprint2_TestCases.C_Verify_GeneralAttributes_PanalTC - Finished verify_Section_Attributes ..
19:23:38.343 [TestNG-test=RetryMultipleFailedTestcases-2] INFO  sprint1_TestCases.C_Verify_CMSMenu_FunctionalityTC - Logged in and searched for a file, then clicked Edit.
19:23:38.736 [TestNG-test=RetryMultipleFailedTestcases-2] INFO  sprint1_TestCases.C_Verify_CMSMenu_FunctionalityTC - clicked on Handberger button
19:23:39.411 [TestNG-test=RetryMultipleFailedTestcases-2] INFO  sprint1_TestCases.C_Verify_CMSMenu_FunctionalityTC - clicked on user profile button
19:23:39.678 [TestNG-test=RetryMultipleFailedTestcases-2] INFO  sprint1_TestCases.C_Verify_CMSMenu_FunctionalityTC - clicked on logout button
19:23:39.684 [TestNG-test=RetryMultipleFailedTestcases-2] INFO  sprint1_TestCases.C_Verify_CMSMenu_FunctionalityTC - clicked on accept alert
19:23:40.614 [TestNG-test=RetryMultipleFailedTestcases-1] INFO  sprint1_TestCases.C_Verify_CMSMenu_FunctionalityTC - Logged in and searched for a file, then clicked Edit.
19:23:40.811 [TestNG-test=RetryMultipleFailedTestcases-1] INFO  sprint1_TestCases.C_Verify_CMSMenu_FunctionalityTC - clicked on Handberger button
19:23:41.863 [TestNG-test=RetryMultipleFailedTestcases-1] INFO  sprint1_TestCases.C_Verify_CMSMenu_FunctionalityTC - clicked on user profile button
19:23:41.864 [TestNG-test=RetryMultipleFailedTestcases-4] INFO  sprint2_TestCases.C_Verify_GeneralAttributes_PanalTC - Starting verify_SectionNumber_Attributes ..
19:23:42.369 [TestNG-test=RetryMultipleFailedTestcases-3] INFO  sprint2_TestCases.C_Verify_GeneralAttributes_PanalTC - Starting verify_ParaElement_Attributes ..
19:23:42.765 [TestNG-test=RetryMultipleFailedTestcases-1] INFO  sprint1_TestCases.C_Verify_CMSMenu_FunctionalityTC - clicked on Manage profile button
19:23:48.067 [TestNG-test=RetryMultipleFailedTestcases-2] INFO  sprint2_TestCases.C_Verify_GeneralAttributes_PanalTC - Starting verify_LinkElement_Attributes ..
19:23:50.929 [TestNG-test=RetryMultipleFailedTestcases-1] INFO  sprint2_TestCases.C_Verify_GeneralAttributes_PanalTC - Starting verify_EmphasisStyle_Attribute ..
19:24:10.815 [TestNG-test=RetryMultipleFailedTestcases-4] INFO  sprint2_TestCases.C_Verify_GeneralAttributes_PanalTC - Logged in, searched for a file, and clicked Edit.
19:24:10.816 [TestNG-test=RetryMultipleFailedTestcases-4] INFO  sprint2_TestCases.C_Verify_GeneralAttributes_PanalTC - Created C_Verify_GeneralAttributes_Panal instance.
19:24:10.816 [TestNG-test=RetryMultipleFailedTestcases-4] INFO  sprint2_TestCases.C_Verify_GeneralAttributes_PanalTC - Created BasePage instance.
19:24:10.818 [TestNG-test=RetryMultipleFailedTestcases-4] INFO  sprint2_TestCases.C_Verify_GeneralAttributes_PanalTC - Page is Loaded.
19:24:11.026 [TestNG-test=RetryMultipleFailedTestcases-4] INFO  sprint2_TestCases.C_Verify_GeneralAttributes_PanalTC - Section Number All attributrs are present and correct.
19:24:11.027 [TestNG-test=RetryMultipleFailedTestcases-4] INFO  sprint2_TestCases.C_Verify_GeneralAttributes_PanalTC - Finished verify_SectionNumber_Attributes ..
19:24:11.740 [TestNG-test=RetryMultipleFailedTestcases-3] INFO  sprint2_TestCases.C_Verify_GeneralAttributes_PanalTC - Logged in, searched for a file, and clicked Edit.
19:24:11.740 [TestNG-test=RetryMultipleFailedTestcases-3] INFO  sprint2_TestCases.C_Verify_GeneralAttributes_PanalTC - Created C_Verify_GeneralAttributes_Panal instance.
19:24:12.945 [TestNG-test=RetryMultipleFailedTestcases-3] INFO  sprint2_TestCases.C_Verify_GeneralAttributes_PanalTC - Clicked on section 2.
19:24:13.868 [TestNG-test=RetryMultipleFailedTestcases-3] INFO  sprint2_TestCases.C_Verify_GeneralAttributes_PanalTC - Clicked on para element.
19:24:13.869 [TestNG-test=RetryMultipleFailedTestcases-3] INFO  sprint2_TestCases.C_Verify_GeneralAttributes_PanalTC - Created BasePage instance.
19:24:13.871 [TestNG-test=RetryMultipleFailedTestcases-3] INFO  sprint2_TestCases.C_Verify_GeneralAttributes_PanalTC - Page is Loaded.
19:24:17.124 [TestNG-test=RetryMultipleFailedTestcases-4] INFO  sprint2_TestCases.C_Verify_GeneralAttributes_PanalTC - Starting verify_Attribute_AstrictMark ..
19:24:18.825 [TestNG-test=RetryMultipleFailedTestcases-2] INFO  sprint2_TestCases.C_Verify_GeneralAttributes_PanalTC - Logged in, searched for a file, and clicked Edit.
19:24:18.826 [TestNG-test=RetryMultipleFailedTestcases-2] INFO  sprint2_TestCases.C_Verify_GeneralAttributes_PanalTC - Created C_Verify_GeneralAttributes_Panal instance.
19:24:18.826 [TestNG-test=RetryMultipleFailedTestcases-2] INFO  sprint2_TestCases.C_Verify_GeneralAttributes_PanalTC - All CrossRef element attributes collected.
19:24:18.873 [TestNG-test=RetryMultipleFailedTestcases-2] INFO  sprint2_TestCases.C_Verify_GeneralAttributes_PanalTC - Switched to frame 0.
19:24:19.538 [TestNG-test=RetryMultipleFailedTestcases-2] INFO  sprint2_TestCases.C_Verify_GeneralAttributes_PanalTC - Clicked on Existing Xref.
19:24:19.776 [TestNG-test=RetryMultipleFailedTestcases-1] INFO  sprint2_TestCases.C_Verify_GeneralAttributes_PanalTC - Logged in, searched for a file, and clicked Edit.
19:24:19.776 [TestNG-test=RetryMultipleFailedTestcases-1] INFO  sprint2_TestCases.C_Verify_GeneralAttributes_PanalTC - Created C_Verify_GeneralAttributes_Panal instance.
19:24:19.847 [TestNG-test=RetryMultipleFailedTestcases-2] INFO  sprint2_TestCases.C_Verify_GeneralAttributes_PanalTC - Switched back to default content.
19:24:20.102 [TestNG-test=RetryMultipleFailedTestcases-1] INFO  sprint2_TestCases.C_Verify_GeneralAttributes_PanalTC - Switched to frame 0.
19:24:20.449 [TestNG-test=RetryMultipleFailedTestcases-2] INFO  sprint2_TestCases.C_Verify_GeneralAttributes_PanalTC - All CrossRef element attributes are present and Correct  .
19:24:20.490 [TestNG-test=RetryMultipleFailedTestcases-2] INFO  sprint2_TestCases.C_Verify_GeneralAttributes_PanalTC - All CrossRef element attributes are present and Correct  .
19:24:20.532 [TestNG-test=RetryMultipleFailedTestcases-2] INFO  sprint2_TestCases.C_Verify_GeneralAttributes_PanalTC - All CrossRef element attributes are present and Correct  .
19:24:20.578 [TestNG-test=RetryMultipleFailedTestcases-2] INFO  sprint2_TestCases.C_Verify_GeneralAttributes_PanalTC - All CrossRef element attributes are present and Correct  .
19:24:20.633 [TestNG-test=RetryMultipleFailedTestcases-2] INFO  sprint2_TestCases.C_Verify_GeneralAttributes_PanalTC - All CrossRef element attributes are present and Correct  .
19:24:20.671 [TestNG-test=RetryMultipleFailedTestcases-2] INFO  sprint2_TestCases.C_Verify_GeneralAttributes_PanalTC - All CrossRef element attributes are present and Correct  .
19:24:20.703 [TestNG-test=RetryMultipleFailedTestcases-2] INFO  sprint2_TestCases.C_Verify_GeneralAttributes_PanalTC - All CrossRef element attributes are present and Correct  .
19:24:20.746 [TestNG-test=RetryMultipleFailedTestcases-2] INFO  sprint2_TestCases.C_Verify_GeneralAttributes_PanalTC - All CrossRef element attributes are present and Correct  .
19:24:20.805 [TestNG-test=RetryMultipleFailedTestcases-2] INFO  sprint2_TestCases.C_Verify_GeneralAttributes_PanalTC - All CrossRef element attributes are present and Correct  .
19:24:20.874 [TestNG-test=RetryMultipleFailedTestcases-2] INFO  sprint2_TestCases.C_Verify_GeneralAttributes_PanalTC - All CrossRef element attributes are present and Correct  .
19:24:20.955 [TestNG-test=RetryMultipleFailedTestcases-2] INFO  sprint2_TestCases.C_Verify_GeneralAttributes_PanalTC - All CrossRef element attributes are present and Correct  .
19:24:21.021 [TestNG-test=RetryMultipleFailedTestcases-2] INFO  sprint2_TestCases.C_Verify_GeneralAttributes_PanalTC - All CrossRef element attributes are present and Correct  .
19:24:21.065 [TestNG-test=RetryMultipleFailedTestcases-2] INFO  sprint2_TestCases.C_Verify_GeneralAttributes_PanalTC - All CrossRef element attributes are present and Correct  .
19:24:21.124 [TestNG-test=RetryMultipleFailedTestcases-2] INFO  sprint2_TestCases.C_Verify_GeneralAttributes_PanalTC - All CrossRef element attributes are present and Correct  .
19:24:21.156 [TestNG-test=RetryMultipleFailedTestcases-2] INFO  sprint2_TestCases.C_Verify_GeneralAttributes_PanalTC - All CrossRef element attributes are present and Correct  .
19:24:21.192 [TestNG-test=RetryMultipleFailedTestcases-2] INFO  sprint2_TestCases.C_Verify_GeneralAttributes_PanalTC - All CrossRef element attributes are present and Correct  .
19:24:21.221 [TestNG-test=RetryMultipleFailedTestcases-2] INFO  sprint2_TestCases.C_Verify_GeneralAttributes_PanalTC - All CrossRef element attributes are present and Correct  .
19:24:21.252 [TestNG-test=RetryMultipleFailedTestcases-2] INFO  sprint2_TestCases.C_Verify_GeneralAttributes_PanalTC - All CrossRef element attributes are present and Correct  .
19:24:21.282 [TestNG-test=RetryMultipleFailedTestcases-2] INFO  sprint2_TestCases.C_Verify_GeneralAttributes_PanalTC - All CrossRef element attributes are present and Correct  .
19:24:21.313 [TestNG-test=RetryMultipleFailedTestcases-2] INFO  sprint2_TestCases.C_Verify_GeneralAttributes_PanalTC - All CrossRef element attributes are present and Correct  .
19:24:21.347 [TestNG-test=RetryMultipleFailedTestcases-2] INFO  sprint2_TestCases.C_Verify_GeneralAttributes_PanalTC - All CrossRef element attributes are present and Correct  .
19:24:21.378 [TestNG-test=RetryMultipleFailedTestcases-2] INFO  sprint2_TestCases.C_Verify_GeneralAttributes_PanalTC - All CrossRef element attributes are present and Correct  .
19:24:21.419 [TestNG-test=RetryMultipleFailedTestcases-2] INFO  sprint2_TestCases.C_Verify_GeneralAttributes_PanalTC - All CrossRef element attributes are present and Correct  .
19:24:21.482 [TestNG-test=RetryMultipleFailedTestcases-2] INFO  sprint2_TestCases.C_Verify_GeneralAttributes_PanalTC - All CrossRef element attributes are present and Correct  .
19:24:21.510 [TestNG-test=RetryMultipleFailedTestcases-2] INFO  sprint2_TestCases.C_Verify_GeneralAttributes_PanalTC - All CrossRef element attributes are present and Correct  .
19:24:21.510 [TestNG-test=RetryMultipleFailedTestcases-2] INFO  sprint2_TestCases.C_Verify_GeneralAttributes_PanalTC - Finished verify_LinkElement_Attributes ..
