23:57:32.319 [TestNG-test=RetryMultipleFailedTestcases-4] INFO  BasicEditingTC.F1_SectionTC - Finished Verify_DeleteSectionfromDS_usingDeleteKey ..
23:57:38.645 [TestNG-test=RetryMultipleFailedTestcases-3] INFO  BasicEditingTC.F1_SectionTC - Double Clicked on Section Number....
23:57:39.396 [TestNG-test=RetryMultipleFailedTestcases-3] INFO  BasicEditingTC.F1_SectionTC -  Clicked on deleted Section Number from VE....
23:57:39.796 [TestNG-test=RetryMultipleFailedTestcases-4] INFO  BasicEditingTC.F1_SectionTC - Starting Verify_NewSectionNumberIsNotDeleted ..
23:57:39.873 [TestNG-test=RetryMultipleFailedTestcases-3] INFO  BasicEditingTC.F1_SectionTC - Clicked on Accept changes Button....
23:57:56.721 [TestNG-test=RetryMultipleFailedTestcases-2] INFO  BasicEditingTC.F1_SectionTC - Verifying section Number is not present in Quick Preview...
23:57:56.721 [TestNG-test=RetryMultipleFailedTestcases-2] INFO  BasicEditingTC.F1_SectionTC - Finished VerifyDeleteSectionNumber ..
23:58:04.230 [TestNG-test=RetryMultipleFailedTestcases-1] INFO  BasicEditingTC.F1_SectionTC - Cliked on First section heading from VE
23:58:04.617 [TestNG-test=RetryMultipleFailedTestcases-2] INFO  BasicEditingTC.F1_SectionTC - Starting Verify_AddcontentSpaceHitEnter ..
23:58:05.432 [TestNG-test=RetryMultipleFailedTestcases-1] INFO  BasicEditingTC.F1_SectionTC - Right Cliked on First section heading from VE
23:58:06.104 [TestNG-test=RetryMultipleFailedTestcases-1] INFO  BasicEditingTC.F1_SectionTC - Cliked on Insert after
23:58:06.355 [TestNG-test=RetryMultipleFailedTestcases-1] INFO  BasicEditingTC.F1_SectionTC - Section is searched
23:58:06.843 [TestNG-test=RetryMultipleFailedTestcases-1] INFO  BasicEditingTC.F1_SectionTC - Cliked on Section is selected
23:58:07.194 [TestNG-test=RetryMultipleFailedTestcases-1] INFO  BasicEditingTC.F1_SectionTC - Cliked on insert element button
23:58:20.526 [TestNG-test=RetryMultipleFailedTestcases-4] INFO  BasicEditingTC.F1_SectionTC - Cliked on First section heading from VE
23:58:21.495 [TestNG-test=RetryMultipleFailedTestcases-4] INFO  BasicEditingTC.F1_SectionTC - Right Clicked on First section heading
23:58:22.472 [TestNG-test=RetryMultipleFailedTestcases-4] INFO  BasicEditingTC.F1_SectionTC - Clicked on Insert After from through right click
23:58:24.182 [TestNG-test=RetryMultipleFailedTestcases-4] INFO  BasicEditingTC.F1_SectionTC - Clicked on insert element button
23:58:26.861 [TestNG-test=RetryMultipleFailedTestcases-3] INFO  BasicEditingTC.F1_SectionTC - Starting Verify_DeleteSectionNumberBackSpacekey ..
23:58:36.749 [TestNG-test=RetryMultipleFailedTestcases-2] INFO  BasicEditingTC.F1_SectionTC - clicked On firt section From DS
23:58:37.483 [TestNG-test=RetryMultipleFailedTestcases-2] INFO  BasicEditingTC.F1_SectionTC - clicked On First Para From DS
23:58:38.239 [TestNG-test=RetryMultipleFailedTestcases-2] INFO  BasicEditingTC.F1_SectionTC - Pressed Enter key
23:58:38.647 [TestNG-test=RetryMultipleFailedTestcases-2] INFO  BasicEditingTC.F1_SectionTC - New Para is Added inserted into VE
23:58:38.685 [TestNG-test=RetryMultipleFailedTestcases-2] INFO  BasicEditingTC.F1_SectionTC - New Para is Highlighted into DS
23:58:38.685 [TestNG-test=RetryMultipleFailedTestcases-2] INFO  BasicEditingTC.F1_SectionTC - Finished Verify_AddcontentSpaceHitEnter ..
23:58:57.249 [TestNG-test=RetryMultipleFailedTestcases-1] INFO  BasicEditingTC.F1_SectionTC - Starting Verify_InsertNewParaCheckDShighlighted ..
23:59:16.441 [TestNG-test=RetryMultipleFailedTestcases-4] INFO  BasicEditingTC.F1_SectionTC - Starting Verify_NewSectionNumberIsNotDeleted ..
23:59:27.337 [TestNG-test=RetryMultipleFailedTestcases-3] INFO  BasicEditingTC.F1_SectionTC - Double Clicked on Section Number....
23:59:27.965 [TestNG-test=RetryMultipleFailedTestcases-3] INFO  BasicEditingTC.F1_SectionTC -  Clicked on deleted Section Number from VE....
23:59:28.308 [TestNG-test=RetryMultipleFailedTestcases-3] INFO  BasicEditingTC.F1_SectionTC - Clicked on Accept changes Button....
23:59:46.036 [TestNG-test=RetryMultipleFailedTestcases-1] INFO  BasicEditingTC.F1_SectionTC - Cliked on First section heading from VE
23:59:47.298 [TestNG-test=RetryMultipleFailedTestcases-1] INFO  BasicEditingTC.F1_SectionTC - Right Cliked on First section heading from VE
23:59:48.097 [TestNG-test=RetryMultipleFailedTestcases-1] INFO  BasicEditingTC.F1_SectionTC - Cliked on Insert after
23:59:48.388 [TestNG-test=RetryMultipleFailedTestcases-1] INFO  BasicEditingTC.F1_SectionTC - Section is searched
23:59:48.893 [TestNG-test=RetryMultipleFailedTestcases-1] INFO  BasicEditingTC.F1_SectionTC - Cliked on Section is selected
23:59:49.324 [TestNG-test=RetryMultipleFailedTestcases-1] INFO  BasicEditingTC.F1_SectionTC - Cliked on insert element button
00:00:00.627 [TestNG-test=RetryMultipleFailedTestcases-4] INFO  BasicEditingTC.F1_SectionTC - Cliked on First section heading from VE
00:00:01.681 [TestNG-test=RetryMultipleFailedTestcases-4] INFO  BasicEditingTC.F1_SectionTC - Right Clicked on First section heading
00:00:02.434 [TestNG-test=RetryMultipleFailedTestcases-4] INFO  BasicEditingTC.F1_SectionTC - Clicked on Insert After from through right click
00:00:03.586 [TestNG-test=RetryMultipleFailedTestcases-4] INFO  BasicEditingTC.F1_SectionTC - Clicked on insert element button
00:00:14.931 [TestNG-test=RetryMultipleFailedTestcases-3] INFO  BasicEditingTC.F1_SectionTC - Starting Verify_DeleteSectionNumberBackSpacekey ..
00:00:39.789 [TestNG-test=RetryMultipleFailedTestcases-1] INFO  BasicEditingTC.F1_SectionTC - Starting Verify_InsertNewParaCheckDShighlighted ..
00:00:52.996 [TestNG-test=RetryMultipleFailedTestcases-4] INFO  BasicEditingTC.F1_SectionTC - Starting Verify_NewSectionNumberIsNotDeleted ..
00:00:56.487 [TestNG-test=RetryMultipleFailedTestcases-3] INFO  BasicEditingTC.F1_SectionTC - Double Clicked on Section Number....
00:00:57.391 [TestNG-test=RetryMultipleFailedTestcases-3] INFO  BasicEditingTC.F1_SectionTC -  Clicked on deleted Section Number from VE....
00:00:57.710 [TestNG-test=RetryMultipleFailedTestcases-3] INFO  BasicEditingTC.F1_SectionTC - Clicked on Accept changes Button....
00:01:19.915 [TestNG-test=RetryMultipleFailedTestcases-1] INFO  BasicEditingTC.F1_SectionTC - Cliked on First section heading from VE
00:01:20.972 [TestNG-test=RetryMultipleFailedTestcases-1] INFO  BasicEditingTC.F1_SectionTC - Right Cliked on First section heading from VE
00:01:21.685 [TestNG-test=RetryMultipleFailedTestcases-1] INFO  BasicEditingTC.F1_SectionTC - Cliked on Insert after
00:01:21.988 [TestNG-test=RetryMultipleFailedTestcases-1] INFO  BasicEditingTC.F1_SectionTC - Section is searched
00:01:22.499 [TestNG-test=RetryMultipleFailedTestcases-1] INFO  BasicEditingTC.F1_SectionTC - Cliked on Section is selected
00:01:23.009 [TestNG-test=RetryMultipleFailedTestcases-1] INFO  BasicEditingTC.F1_SectionTC - Cliked on insert element button
00:01:32.755 [TestNG-test=RetryMultipleFailedTestcases-4] INFO  BasicEditingTC.F1_SectionTC - Cliked on First section heading from VE
00:01:33.810 [TestNG-test=RetryMultipleFailedTestcases-4] INFO  BasicEditingTC.F1_SectionTC - Right Clicked on First section heading
00:01:34.593 [TestNG-test=RetryMultipleFailedTestcases-4] INFO  BasicEditingTC.F1_SectionTC - Clicked on Insert After from through right click
00:01:35.924 [TestNG-test=RetryMultipleFailedTestcases-4] INFO  BasicEditingTC.F1_SectionTC - Clicked on insert element button
00:02:15.085 [TestNG-test=RetryMultipleFailedTestcases-1] INFO  BasicEditingTC.F1_SectionTC - Starting Verify_InsertNewParaCheckDShighlighted ..
00:02:27.337 [TestNG-test=RetryMultipleFailedTestcases-4] INFO  BasicEditingTC.F1_SectionTC - Starting Verify_NewSectionNumberIsNotDeleted ..
00:02:58.739 [TestNG-test=RetryMultipleFailedTestcases-1] INFO  BasicEditingTC.F1_SectionTC - Cliked on First section heading from VE
00:03:00.147 [TestNG-test=RetryMultipleFailedTestcases-1] INFO  BasicEditingTC.F1_SectionTC - Right Cliked on First section heading from VE
00:03:00.967 [TestNG-test=RetryMultipleFailedTestcases-1] INFO  BasicEditingTC.F1_SectionTC - Cliked on Insert after
00:03:01.269 [TestNG-test=RetryMultipleFailedTestcases-1] INFO  BasicEditingTC.F1_SectionTC - Section is searched
00:03:01.851 [TestNG-test=RetryMultipleFailedTestcases-1] INFO  BasicEditingTC.F1_SectionTC - Cliked on Section is selected
00:03:02.422 [TestNG-test=RetryMultipleFailedTestcases-1] INFO  BasicEditingTC.F1_SectionTC - Cliked on insert element button
00:03:13.454 [TestNG-test=RetryMultipleFailedTestcases-4] INFO  BasicEditingTC.F1_SectionTC - Cliked on First section heading from VE
00:03:15.115 [TestNG-test=RetryMultipleFailedTestcases-4] INFO  BasicEditingTC.F1_SectionTC - Right Clicked on First section heading
00:03:15.958 [TestNG-test=RetryMultipleFailedTestcases-4] INFO  BasicEditingTC.F1_SectionTC - Clicked on Insert After from through right click
00:03:17.251 [TestNG-test=RetryMultipleFailedTestcases-4] INFO  BasicEditingTC.F1_SectionTC - Clicked on insert element button
00:03:42.359 [TestNG-test=RetryMultipleFailedTestcases-3] INFO  Elements_Testcases.Ba_SectionTC - Switched to frame 0.
00:03:42.853 [TestNG-test=RetryMultipleFailedTestcases-3] INFO  Elements_Testcases.Ba_SectionTC - Clicked on the first paragraph in VE and switched back to default content.
00:03:43.134 [TestNG-test=RetryMultipleFailedTestcases-3] INFO  Elements_Testcases.Ba_SectionTC - Clicked on the footnote plugin.
00:03:47.034 [TestNG-test=RetryMultipleFailedTestcases-3] INFO  Elements_Testcases.Ba_SectionTC - Clicked on the new footnote box.
00:03:47.094 [TestNG-test=RetryMultipleFailedTestcases-3] INFO  Elements_Testcases.Ba_SectionTC - Entered 'This is footnote' using Actions.
00:03:48.006 [TestNG-test=RetryMultipleFailedTestcases-3] INFO  Elements_Testcases.Ba_SectionTC - Clicked on the footnote OK button.
00:04:25.002 [TestNG-test=RetryMultipleFailedTestcases-1] INFO  Elements_Testcases.Ba_SectionTC - Clicked change Element
00:04:41.733 [TestNG-test=RetryMultipleFailedTestcases-4] INFO  Elements_Testcases.Ba_SectionTC - Switched to frame 0.
00:04:43.260 [TestNG-test=RetryMultipleFailedTestcases-4] INFO  Elements_Testcases.Ba_SectionTC - Switched back to default content.
00:04:45.195 [TestNG-test=RetryMultipleFailedTestcases-4] INFO  Elements_Testcases.Ba_SectionTC - Switched back to default content.
00:04:46.030 [TestNG-test=RetryMultipleFailedTestcases-4] INFO  Elements_Testcases.Ba_SectionTC - Clicked insert img button
00:04:46.453 [TestNG-test=RetryMultipleFailedTestcases-4] INFO  Elements_Testcases.Ba_SectionTC - Clicked RHS insert Button
00:04:50.578 [TestNG-test=RetryMultipleFailedTestcases-4] INFO  Elements_Testcases.Ba_SectionTC - Clicked img insert button
00:04:52.611 [TestNG-test=RetryMultipleFailedTestcases-4] INFO  Elements_Testcases.Ba_SectionTC - Clicked change Element
00:06:05.057 [TestNG-test=RetryMultipleFailedTestcases-1] INFO  Elements_Testcases.Ba_SectionTC - Logged in and searched for the file, then clicked on edit.
00:06:05.844 [TestNG-test=RetryMultipleFailedTestcases-1] INFO  Elements_Testcases.Ba_SectionTC - Clicked on the Hyperlink element in Visual Editor.
00:07:35.093 [TestNG-test=RetryMultipleFailedTestcases-1] INFO  Elements_Testcases.Ba_SectionTC - Clicked on the first paragraph and switched back to default content.
00:07:36.159 [TestNG-test=RetryMultipleFailedTestcases-1] INFO  Elements_Testcases.Ba_SectionTC - Clicked on the 'Symbols' tab.
00:07:36.496 [TestNG-test=RetryMultipleFailedTestcases-1] INFO  Elements_Testcases.Ba_SectionTC - Clicked on Symbol 'A'.
00:07:37.403 [TestNG-test=RetryMultipleFailedTestcases-1] INFO  Elements_Testcases.Ba_SectionTC - Clicked on the 'Insert' button.
00:08:52.529 [TestNG-test=RetryMultipleFailedTestcases-1] INFO  Elements_Testcases.Ba_SectionTC - Clicked on the first paragraph and switched back to default content.
00:08:53.454 [TestNG-test=RetryMultipleFailedTestcases-1] INFO  Elements_Testcases.Ba_SectionTC - Clicked on the 'Symbols' tab.
00:08:53.727 [TestNG-test=RetryMultipleFailedTestcases-1] INFO  Elements_Testcases.Ba_SectionTC - Clicked on Symbol 'A'.
00:08:54.282 [TestNG-test=RetryMultipleFailedTestcases-1] INFO  Elements_Testcases.Ba_SectionTC - Clicked on the 'Insert' button.
00:09:41.718 [TestNG-test=RetryMultipleFailedTestcases-1] INFO  Elements_Testcases.Ba_SectionTC - Clicked on the first paragraph and switched back to default content.
00:09:42.801 [TestNG-test=RetryMultipleFailedTestcases-1] INFO  Elements_Testcases.Ba_SectionTC - Clicked on the 'Symbols' tab.
00:09:43.112 [TestNG-test=RetryMultipleFailedTestcases-1] INFO  Elements_Testcases.Ba_SectionTC - Clicked on Symbol 'A'.
00:09:43.707 [TestNG-test=RetryMultipleFailedTestcases-1] INFO  Elements_Testcases.Ba_SectionTC - Clicked on the 'Insert' button.
00:10:22.741 [TestNG-test=RetryMultipleFailedTestcases-1] INFO  Elements_Testcases.Ba_SectionTC - Clicked on the first paragraph and switched back to default content.
00:10:24.497 [TestNG-test=RetryMultipleFailedTestcases-1] INFO  Elements_Testcases.Ba_SectionTC - Clicked on the 'Symbols' tab.
00:10:24.894 [TestNG-test=RetryMultipleFailedTestcases-1] INFO  Elements_Testcases.Ba_SectionTC - Clicked on Symbol 'A'.
00:10:25.484 [TestNG-test=RetryMultipleFailedTestcases-1] INFO  Elements_Testcases.Ba_SectionTC - Clicked on the 'Insert' button.
00:13:59.132 [TestNG-test=RetryMultipleFailedTestcases-4] INFO  sprint5_TestCases.Ar_NumberResequencingTC - Starting TC721_verifyNumberSequenceBreakingBetween ..
00:14:36.758 [TestNG-test=RetryMultipleFailedTestcases-4] INFO  sprint5_TestCases.Ar_NumberResequencingTC - Logged in, searched for a file, and clicked Edit.
00:14:36.765 [TestNG-test=RetryMultipleFailedTestcases-4] INFO  sprint5_TestCases.Ar_NumberResequencingTC - Created Ar_NumberResequencing instance.
00:14:36.895 [TestNG-test=RetryMultipleFailedTestcases-4] INFO  sprint5_TestCases.Ar_NumberResequencingTC - Switched to frame 0.
00:14:36.896 [TestNG-test=RetryMultipleFailedTestcases-4] INFO  sprint5_TestCases.Ar_NumberResequencingTC - Created Actions class instance.
00:14:38.435 [TestNG-test=RetryMultipleFailedTestcases-4] INFO  sprint5_TestCases.Ar_NumberResequencingTC - clicked on LEFT key
00:14:38.923 [TestNG-test=RetryMultipleFailedTestcases-4] INFO  sprint5_TestCases.Ar_NumberResequencingTC - clicked on BACKSPACE key
00:14:39.468 [TestNG-test=RetryMultipleFailedTestcases-4] INFO  sprint5_TestCases.Ar_NumberResequencingTC - Switched back to default content.
00:14:39.981 [TestNG-test=RetryMultipleFailedTestcases-4] INFO  sprint5_TestCases.Ar_NumberResequencingTC - clicked on Accept Change
00:14:42.100 [TestNG-test=RetryMultipleFailedTestcases-3] INFO  sprint5_TestCases.C_CommonBugsTC - Starting test TC763_verifyInsertSection.
00:14:42.687 [TestNG-test=RetryMultipleFailedTestcases-2] INFO  sprint5_TestCases.C_CommonBugsTC - Starting test TC774_verifyChangingSectionNumber.
00:15:00.229 [TestNG-test=RetryMultipleFailedTestcases-4] INFO  sprint5_TestCases.Ar_NumberResequencingTC - Switched back to default content.
00:15:00.229 [TestNG-test=RetryMultipleFailedTestcases-4] INFO  sprint5_TestCases.Ar_NumberResequencingTC - Verified Number Resquencing is Happened
00:15:00.229 [TestNG-test=RetryMultipleFailedTestcases-4] INFO  sprint5_TestCases.Ar_NumberResequencingTC - Finished TC721_verifyNumberSequenceBreakingBetween ..
00:15:12.322 [TestNG-test=RetryMultipleFailedTestcases-4] INFO  sprint5_TestCases.E_CommonTC - Starting verifyChangingSectionNumberTrackChange
00:15:16.212 [TestNG-test=RetryMultipleFailedTestcases-3] INFO  sprint5_TestCases.C_CommonBugsTC - Logged in and clicked on Edit.
00:15:16.223 [TestNG-test=RetryMultipleFailedTestcases-3] INFO  sprint5_TestCases.C_CommonBugsTC - Initialized the CommonBugs page object.
00:15:16.806 [TestNG-test=RetryMultipleFailedTestcases-3] INFO  sprint5_TestCases.C_CommonBugsTC - Clicked on the first paragraph.
00:15:17.558 [TestNG-test=RetryMultipleFailedTestcases-3] INFO  sprint5_TestCases.C_CommonBugsTC - Clicked on the 'Insert Plugin' button.
00:15:18.252 [TestNG-test=RetryMultipleFailedTestcases-3] INFO  sprint5_TestCases.C_CommonBugsTC - Clicked on the 'section' element in Elements.
00:15:18.493 [TestNG-test=RetryMultipleFailedTestcases-3] INFO  sprint5_TestCases.C_CommonBugsTC - Clicked on 'Insert Before' element.
00:15:19.708 [TestNG-test=RetryMultipleFailedTestcases-3] INFO  sprint5_TestCases.C_CommonBugsTC - Clicked on the 'Insert' button.
00:15:21.349 [TestNG-test=RetryMultipleFailedTestcases-3] INFO  sprint5_TestCases.C_CommonBugsTC - Test TC763_verifyInsertSection completed.
00:15:25.758 [TestNG-test=RetryMultipleFailedTestcases-2] INFO  sprint5_TestCases.C_CommonBugsTC - Logged in and clicked on Edit.
00:15:25.759 [TestNG-test=RetryMultipleFailedTestcases-2] INFO  sprint5_TestCases.C_CommonBugsTC - Initialized the CommonBugs page object.
00:15:26.227 [TestNG-test=RetryMultipleFailedTestcases-2] INFO  sprint5_TestCases.C_CommonBugsTC - Clicked on the section number.
00:15:27.767 [TestNG-test=RetryMultipleFailedTestcases-2] INFO  sprint5_TestCases.C_CommonBugsTC - Modified the section number.
00:15:28.994 [TestNG-test=RetryMultipleFailedTestcases-2] INFO  sprint5_TestCases.C_CommonBugsTC - Clicked 'Accept Change'.
00:15:29.631 [TestNG-test=RetryMultipleFailedTestcases-2] INFO  sprint5_TestCases.C_CommonBugsTC - Clicked on section 721.
00:15:30.224 [TestNG-test=RetryMultipleFailedTestcases-2] INFO  sprint5_TestCases.C_CommonBugsTC - Clicked 'Accept Change'.
00:15:30.563 [TestNG-test=RetryMultipleFailedTestcases-2] INFO  sprint5_TestCases.C_CommonBugsTC - Extracted the modified section number.
00:15:30.563 [TestNG-test=RetryMultipleFailedTestcases-2] INFO  sprint5_TestCases.C_CommonBugsTC - Verified the modified section number.
00:15:30.563 [TestNG-test=RetryMultipleFailedTestcases-2] INFO  sprint5_TestCases.C_CommonBugsTC - Test TC774_verifyChangingSectionNumber completed.
00:15:43.909 [TestNG-test=RetryMultipleFailedTestcases-4] INFO  sprint5_TestCases.E_CommonTC - Logged in, searched for a file, and clicked Edit.
00:15:43.935 [TestNG-test=RetryMultipleFailedTestcases-4] INFO  sprint5_TestCases.E_CommonTC - Switched to frame 0.
00:15:43.935 [TestNG-test=RetryMultipleFailedTestcases-4] INFO  sprint5_TestCases.E_CommonTC - Created Actions class instance.
00:15:44.586 [TestNG-test=RetryMultipleFailedTestcases-4] INFO  sprint5_TestCases.E_CommonTC - Switched back to default content.
00:15:44.695 [TestNG-test=RetryMultipleFailedTestcases-4] INFO  sprint5_TestCases.E_CommonTC - Finished verifyChangingSectionNumberTrackChange ..
00:19:34.110 [main] INFO  BasicEditingTC.F1_SectionTC - Starting Verify_InsertsectionAtMiddle ..
00:20:05.712 [main] INFO  BasicEditingTC.F1_SectionTC - Cliked on Middle section heading
00:20:06.664 [main] INFO  BasicEditingTC.F1_SectionTC - Right Clicked on Middle section heading
00:20:07.427 [main] INFO  BasicEditingTC.F1_SectionTC - Clicked on Insert After from through right click
00:20:08.492 [main] INFO  BasicEditingTC.F1_SectionTC - Clicked on insert element button
00:22:14.721 [main] INFO  BasicEditingTC.F1_SectionTC - Starting Verify_InsertsectionAtMiddle ..
00:22:39.923 [main] INFO  BasicEditingTC.F1_SectionTC - Cliked on Middle section heading
00:22:40.887 [main] INFO  BasicEditingTC.F1_SectionTC - Right Clicked on Middle section heading
00:22:41.574 [main] INFO  BasicEditingTC.F1_SectionTC - Clicked on Insert After from through right click
00:22:42.504 [main] INFO  BasicEditingTC.F1_SectionTC - Clicked on insert element button
00:22:43.507 [main] INFO  BasicEditingTC.F1_SectionTC - In the Ds new section is added
00:23:31.016 [main] INFO  BasicEditingTC.F1_SectionTC - Starting Verify_InsertsectionAtMiddle ..
00:23:59.332 [main] INFO  BasicEditingTC.F1_SectionTC - Cliked on Middle section heading
00:24:00.524 [main] INFO  BasicEditingTC.F1_SectionTC - Right Clicked on Middle section heading
00:24:01.204 [main] INFO  BasicEditingTC.F1_SectionTC - Clicked on Insert After from through right click
00:24:02.112 [main] INFO  BasicEditingTC.F1_SectionTC - Clicked on insert element button
00:24:03.133 [main] INFO  BasicEditingTC.F1_SectionTC - In the Ds new section is added
00:24:03.189 [main] INFO  BasicEditingTC.F1_SectionTC - In the VE new section is added at middle
00:24:03.189 [main] INFO  BasicEditingTC.F1_SectionTC - Finished Verify_InsertsectionAtMiddle ..
00:24:22.673 [main] INFO  BasicEditingTC.F1_SectionTC - Starting Verify_InsertSectionAtBeginning ..
00:24:47.782 [main] INFO  BasicEditingTC.F1_SectionTC - Cliked on First section heading
00:24:48.676 [main] INFO  BasicEditingTC.F1_SectionTC - Right Clicked on First section heading
00:24:49.309 [main] INFO  BasicEditingTC.F1_SectionTC - Clicked on Insert After from through right click
00:24:49.519 [main] INFO  BasicEditingTC.F1_SectionTC - Search for Section 
00:24:49.972 [main] INFO  BasicEditingTC.F1_SectionTC - Section is selected 
00:24:50.306 [main] INFO  BasicEditingTC.F1_SectionTC - Clicked on insert element button
00:24:51.828 [main] INFO  BasicEditingTC.F1_SectionTC - In the Ds new section is added
00:24:51.910 [main] INFO  BasicEditingTC.F1_SectionTC - In the VE new section is added
00:24:51.910 [main] INFO  BasicEditingTC.F1_SectionTC - Finished Verify_InsertSectionAtBeginning ..
00:28:49.517 [TestNG-test=RetryMultipleFailedTestcases-2] INFO  sprint1_TestCases.C_Verify_CMSMenu_FunctionalityTC - Starting verify_MediaObject_SearchValidImage
00:28:51.181 [TestNG-test=RetryMultipleFailedTestcases-4] INFO  sprint4_TestCases.J_CommonTestcases - Starting verify_MediaObject_Insertinto_In_Para
00:28:51.510 [TestNG-test=RetryMultipleFailedTestcases-1] INFO  sprint1_TestCases.C_Verify_CMSMenu_FunctionalityTC - Starting verify_MediaObject_Close
00:28:51.758 [TestNG-test=RetryMultipleFailedTestcases-3] INFO  sprint1_TestCases.C_Verify_CMSMenu_FunctionalityTC - Starting verify_TitleBar
00:29:23.028 [TestNG-test=RetryMultipleFailedTestcases-1] INFO  sprint1_TestCases.C_Verify_CMSMenu_FunctionalityTC - Logged in and searched for a file, then clicked Edit.
00:29:23.060 [TestNG-test=RetryMultipleFailedTestcases-1] INFO  sprint1_TestCases.C_Verify_CMSMenu_FunctionalityTC - Switched to frame 0.
00:29:23.654 [TestNG-test=RetryMultipleFailedTestcases-1] INFO  sprint1_TestCases.C_Verify_CMSMenu_FunctionalityTC - clicked on First para from VE
00:29:23.748 [TestNG-test=RetryMultipleFailedTestcases-1] INFO  sprint1_TestCases.C_Verify_CMSMenu_FunctionalityTC - Switched back to default content.
00:29:23.945 [TestNG-test=RetryMultipleFailedTestcases-1] INFO  sprint1_TestCases.C_Verify_CMSMenu_FunctionalityTC - clicked on Handberger button
00:29:24.204 [TestNG-test=RetryMultipleFailedTestcases-1] INFO  sprint1_TestCases.C_Verify_CMSMenu_FunctionalityTC - clicked on media object button
00:29:28.475 [TestNG-test=RetryMultipleFailedTestcases-2] INFO  sprint1_TestCases.C_Verify_CMSMenu_FunctionalityTC - Logged in and searched for a file, then clicked Edit.
00:29:28.494 [TestNG-test=RetryMultipleFailedTestcases-4] INFO  sprint4_TestCases.J_CommonTestcases - Logged in and searched for a file, then clicked Edit.
00:29:28.521 [TestNG-test=RetryMultipleFailedTestcases-2] INFO  sprint1_TestCases.C_Verify_CMSMenu_FunctionalityTC - Switched to frame 0.
00:29:28.546 [TestNG-test=RetryMultipleFailedTestcases-4] INFO  sprint4_TestCases.J_CommonTestcases - Switched to frame 0.
00:29:28.553 [TestNG-test=RetryMultipleFailedTestcases-3] INFO  sprint1_TestCases.C_Verify_CMSMenu_FunctionalityTC - Logged in and searched for a file, then clicked Edit.
00:29:28.580 [TestNG-test=RetryMultipleFailedTestcases-3] INFO  sprint1_TestCases.C_Verify_CMSMenu_FunctionalityTC - Switched to frame 0.
00:29:29.158 [TestNG-test=RetryMultipleFailedTestcases-2] INFO  sprint1_TestCases.C_Verify_CMSMenu_FunctionalityTC - clicked on First para from VE
00:29:29.214 [TestNG-test=RetryMultipleFailedTestcases-2] INFO  sprint1_TestCases.C_Verify_CMSMenu_FunctionalityTC - Switched back to default content.
00:29:29.239 [TestNG-test=RetryMultipleFailedTestcases-3] INFO  sprint1_TestCases.C_Verify_CMSMenu_FunctionalityTC - clicked on First para from VE
00:29:29.276 [TestNG-test=RetryMultipleFailedTestcases-3] INFO  sprint1_TestCases.C_Verify_CMSMenu_FunctionalityTC - Switched back to default content.
00:29:29.479 [TestNG-test=RetryMultipleFailedTestcases-2] INFO  sprint1_TestCases.C_Verify_CMSMenu_FunctionalityTC - clicked on Handberger button
00:29:29.555 [TestNG-test=RetryMultipleFailedTestcases-3] INFO  sprint1_TestCases.C_Verify_CMSMenu_FunctionalityTC - clicked on Handberger button
00:29:29.705 [TestNG-test=RetryMultipleFailedTestcases-4] INFO  sprint4_TestCases.J_CommonTestcases - Right click on first para
00:29:29.809 [TestNG-test=RetryMultipleFailedTestcases-2] INFO  sprint1_TestCases.C_Verify_CMSMenu_FunctionalityTC - clicked on media object button
00:29:29.893 [TestNG-test=RetryMultipleFailedTestcases-3] INFO  sprint1_TestCases.C_Verify_CMSMenu_FunctionalityTC - clicked on media object button
00:29:29.910 [TestNG-test=RetryMultipleFailedTestcases-4] INFO  sprint4_TestCases.J_CommonTestcases - Switched back to default content.
00:29:29.967 [TestNG-test=RetryMultipleFailedTestcases-4] INFO  sprint4_TestCases.J_CommonTestcases - Switched to frame 1.
00:29:31.181 [TestNG-test=RetryMultipleFailedTestcases-4] INFO  sprint4_TestCases.J_CommonTestcases - clicked on insert into From VE
00:29:31.218 [TestNG-test=RetryMultipleFailedTestcases-4] INFO  sprint4_TestCases.J_CommonTestcases - Switched back to default content.
00:29:31.311 [TestNG-test=RetryMultipleFailedTestcases-2] INFO  sprint1_TestCases.C_Verify_CMSMenu_FunctionalityTC - verified on media object search label is diaplayed
00:29:31.433 [TestNG-test=RetryMultipleFailedTestcases-4] INFO  sprint4_TestCases.J_CommonTestcases - clicked on insert into search field from VE
00:29:31.509 [TestNG-test=RetryMultipleFailedTestcases-4] INFO  sprint4_TestCases.J_CommonTestcases - sending the keys img
00:29:31.547 [TestNG-test=RetryMultipleFailedTestcases-2] INFO  sprint1_TestCases.C_Verify_CMSMenu_FunctionalityTC - clicked on Handberger button
00:29:31.722 [TestNG-test=RetryMultipleFailedTestcases-2] INFO  sprint1_TestCases.C_Verify_CMSMenu_FunctionalityTC - verified on image name is typed
00:29:31.780 [TestNG-test=RetryMultipleFailedTestcases-2] INFO  sprint1_TestCases.C_Verify_CMSMenu_FunctionalityTC - verified on image is diaplayed
00:29:31.780 [TestNG-test=RetryMultipleFailedTestcases-2] INFO  sprint1_TestCases.C_Verify_CMSMenu_FunctionalityTC - Finished verify_MediaObject_SearchValidImage
00:29:31.876 [TestNG-test=RetryMultipleFailedTestcases-4] INFO  sprint4_TestCases.J_CommonTestcases - sending the enter key
00:29:33.490 [TestNG-test=RetryMultipleFailedTestcases-3] INFO  sprint1_TestCases.C_Verify_CMSMenu_FunctionalityTC - verified on media object search label is diaplayed
00:29:33.664 [TestNG-test=RetryMultipleFailedTestcases-3] INFO  sprint1_TestCases.C_Verify_CMSMenu_FunctionalityTC - clicked on Handberger button
00:29:33.738 [TestNG-test=RetryMultipleFailedTestcases-3] INFO  sprint1_TestCases.C_Verify_CMSMenu_FunctionalityTC - hello text is typed in search label
00:29:33.910 [TestNG-test=RetryMultipleFailedTestcases-3] INFO  sprint1_TestCases.C_Verify_CMSMenu_FunctionalityTC - clicked on Search button
00:29:33.993 [TestNG-test=RetryMultipleFailedTestcases-3] INFO  sprint1_TestCases.C_Verify_CMSMenu_FunctionalityTC - verified on image is not diaplayed
00:29:33.993 [TestNG-test=RetryMultipleFailedTestcases-3] INFO  sprint1_TestCases.C_Verify_CMSMenu_FunctionalityTC - Finished verify_MediaObject_SearchInvalidImage
00:29:40.910 [TestNG-test=RetryMultipleFailedTestcases-4] INFO  sprint4_TestCases.J_CommonTestcases - clicked on img insert btn
00:29:44.052 [TestNG-test=RetryMultipleFailedTestcases-1] INFO  sprint1_TestCases.C_Verify_CMSMenu_FunctionalityTC - Starting verify_MediaObject_Close
00:29:51.654 [TestNG-test=RetryMultipleFailedTestcases-4] INFO  sprint4_TestCases.J_CommonTestcases - Starting verify_MediaObject_Insertinto_In_Para
00:30:17.738 [TestNG-test=RetryMultipleFailedTestcases-2] INFO  Elements_Testcases.Bb_ImagesTC - Logged in and searched for the file, then clicked on edit.
00:30:20.095 [TestNG-test=RetryMultipleFailedTestcases-2] INFO  Elements_Testcases.Bb_ImagesTC - Clicked on the Insert plugin.
00:30:21.655 [TestNG-test=RetryMultipleFailedTestcases-2] INFO  Elements_Testcases.Bb_ImagesTC - Searched for 'figure' element.
00:30:21.850 [TestNG-test=RetryMultipleFailedTestcases-2] INFO  Elements_Testcases.Bb_ImagesTC - Clicked on 'Figure' element.
00:30:22.877 [TestNG-test=RetryMultipleFailedTestcases-2] INFO  Elements_Testcases.Bb_ImagesTC - Clicked on the Insert Button.
00:30:29.107 [TestNG-test=RetryMultipleFailedTestcases-1] INFO  sprint1_TestCases.C_Verify_CMSMenu_FunctionalityTC - Logged in and searched for a file, then clicked Edit.
00:30:29.125 [TestNG-test=RetryMultipleFailedTestcases-1] INFO  sprint1_TestCases.C_Verify_CMSMenu_FunctionalityTC - Switched to frame 0.
00:30:29.675 [TestNG-test=RetryMultipleFailedTestcases-1] INFO  sprint1_TestCases.C_Verify_CMSMenu_FunctionalityTC - clicked on First para from VE
00:30:29.714 [TestNG-test=RetryMultipleFailedTestcases-1] INFO  sprint1_TestCases.C_Verify_CMSMenu_FunctionalityTC - Switched back to default content.
00:30:30.004 [TestNG-test=RetryMultipleFailedTestcases-1] INFO  sprint1_TestCases.C_Verify_CMSMenu_FunctionalityTC - clicked on Handberger button
00:30:30.300 [TestNG-test=RetryMultipleFailedTestcases-1] INFO  sprint1_TestCases.C_Verify_CMSMenu_FunctionalityTC - clicked on media object button
00:30:30.916 [TestNG-test=RetryMultipleFailedTestcases-4] INFO  sprint4_TestCases.J_CommonTestcases - Logged in and searched for a file, then clicked Edit.
00:30:30.947 [TestNG-test=RetryMultipleFailedTestcases-4] INFO  sprint4_TestCases.J_CommonTestcases - Switched to frame 0.
00:30:32.055 [TestNG-test=RetryMultipleFailedTestcases-4] INFO  sprint4_TestCases.J_CommonTestcases - Right click on first para
00:30:32.135 [TestNG-test=RetryMultipleFailedTestcases-4] INFO  sprint4_TestCases.J_CommonTestcases - Switched back to default content.
00:30:32.167 [TestNG-test=RetryMultipleFailedTestcases-4] INFO  sprint4_TestCases.J_CommonTestcases - Switched to frame 1.
00:30:33.333 [TestNG-test=RetryMultipleFailedTestcases-4] INFO  sprint4_TestCases.J_CommonTestcases - clicked on insert into From VE
00:30:33.513 [TestNG-test=RetryMultipleFailedTestcases-4] INFO  sprint4_TestCases.J_CommonTestcases - Switched back to default content.
00:30:33.796 [TestNG-test=RetryMultipleFailedTestcases-4] INFO  sprint4_TestCases.J_CommonTestcases - clicked on insert into search field from VE
00:30:33.876 [TestNG-test=RetryMultipleFailedTestcases-4] INFO  sprint4_TestCases.J_CommonTestcases - sending the keys img
00:30:33.928 [TestNG-test=RetryMultipleFailedTestcases-1] INFO  sprint1_TestCases.C_Verify_CMSMenu_FunctionalityTC - clicked on media object close button
00:30:34.245 [TestNG-test=RetryMultipleFailedTestcases-4] INFO  sprint4_TestCases.J_CommonTestcases - sending the enter key
00:30:36.141 [TestNG-test=RetryMultipleFailedTestcases-2] INFO  Elements_Testcases.Bb_ImagesTC - Clicked on 'Figure Image'.
00:30:36.386 [TestNG-test=RetryMultipleFailedTestcases-2] INFO  Elements_Testcases.Bb_ImagesTC - Entered 'Hello' in the Figure TextBox.
00:30:37.496 [TestNG-test=RetryMultipleFailedTestcases-2] INFO  Elements_Testcases.Bb_ImagesTC - Clicked on 'Insert' button for Figure.
00:30:39.280 [TestNG-test=RetryMultipleFailedTestcases-2] INFO  Elements_Testcases.Bb_ImagesTC - clicked on Code View
00:31:10.205 [TestNG-test=RetryMultipleFailedTestcases-4] INFO  sprint4_TestCases.J_CommonTestcases - Starting verify_MediaObject_Insertinto_In_Para
00:31:14.076 [TestNG-test=RetryMultipleFailedTestcases-1] INFO  sprint1_TestCases.C_Verify_CMSMenu_FunctionalityTC - Verified img is not displayed in document structure
00:31:14.076 [TestNG-test=RetryMultipleFailedTestcases-1] INFO  sprint1_TestCases.C_Verify_CMSMenu_FunctionalityTC - Finished verify_MediaObject_Close
00:31:40.043 [TestNG-test=RetryMultipleFailedTestcases-4] INFO  sprint4_TestCases.J_CommonTestcases - Logged in and searched for a file, then clicked Edit.
00:31:40.072 [TestNG-test=RetryMultipleFailedTestcases-4] INFO  sprint4_TestCases.J_CommonTestcases - Switched to frame 0.
00:31:41.392 [TestNG-test=RetryMultipleFailedTestcases-4] INFO  sprint4_TestCases.J_CommonTestcases - Right click on first para
00:31:41.611 [TestNG-test=RetryMultipleFailedTestcases-4] INFO  sprint4_TestCases.J_CommonTestcases - Switched back to default content.
00:31:41.674 [TestNG-test=RetryMultipleFailedTestcases-4] INFO  sprint4_TestCases.J_CommonTestcases - Switched to frame 1.
00:31:42.962 [TestNG-test=RetryMultipleFailedTestcases-4] INFO  sprint4_TestCases.J_CommonTestcases - clicked on insert into From VE
00:31:43.059 [TestNG-test=RetryMultipleFailedTestcases-4] INFO  sprint4_TestCases.J_CommonTestcases - Switched back to default content.
00:31:43.340 [TestNG-test=RetryMultipleFailedTestcases-4] INFO  sprint4_TestCases.J_CommonTestcases - clicked on insert into search field from VE
00:31:43.414 [TestNG-test=RetryMultipleFailedTestcases-4] INFO  sprint4_TestCases.J_CommonTestcases - sending the keys img
00:31:43.784 [TestNG-test=RetryMultipleFailedTestcases-4] INFO  sprint4_TestCases.J_CommonTestcases - sending the enter key
00:31:45.876 [TestNG-test=RetryMultipleFailedTestcases-4] INFO  sprint4_TestCases.J_CommonTestcases - clicked on img insert btn
00:31:56.586 [TestNG-test=RetryMultipleFailedTestcases-4] INFO  sprint4_TestCases.J_CommonTestcases - Starting verify_MediaObject_Insertinto_In_Para
00:32:32.710 [TestNG-test=RetryMultipleFailedTestcases-4] INFO  sprint4_TestCases.J_CommonTestcases - Logged in and searched for a file, then clicked Edit.
00:32:32.732 [TestNG-test=RetryMultipleFailedTestcases-4] INFO  sprint4_TestCases.J_CommonTestcases - Switched to frame 0.
00:32:33.704 [TestNG-test=RetryMultipleFailedTestcases-4] INFO  sprint4_TestCases.J_CommonTestcases - Right click on first para
00:32:33.836 [TestNG-test=RetryMultipleFailedTestcases-4] INFO  sprint4_TestCases.J_CommonTestcases - Switched back to default content.
00:32:33.873 [TestNG-test=RetryMultipleFailedTestcases-4] INFO  sprint4_TestCases.J_CommonTestcases - Switched to frame 1.
00:32:35.230 [TestNG-test=RetryMultipleFailedTestcases-4] INFO  sprint4_TestCases.J_CommonTestcases - clicked on insert into From VE
00:32:35.311 [TestNG-test=RetryMultipleFailedTestcases-4] INFO  sprint4_TestCases.J_CommonTestcases - Switched back to default content.
00:32:35.582 [TestNG-test=RetryMultipleFailedTestcases-4] INFO  sprint4_TestCases.J_CommonTestcases - clicked on insert into search field from VE
00:32:35.672 [TestNG-test=RetryMultipleFailedTestcases-4] INFO  sprint4_TestCases.J_CommonTestcases - sending the keys img
00:32:36.025 [TestNG-test=RetryMultipleFailedTestcases-4] INFO  sprint4_TestCases.J_CommonTestcases - sending the enter key
00:32:41.709 [TestNG-test=RetryMultipleFailedTestcases-4] INFO  sprint4_TestCases.J_CommonTestcases - clicked on img insert btn
00:41:32.935 [TestNG-test=RetryMultipleFailedTestcases-1] INFO  Elements_Testcases.Bb_ImagesTC - Logged in and searched for the file, then clicked Edit.
00:41:34.023 [TestNG-test=RetryMultipleFailedTestcases-1] INFO  Elements_Testcases.Bb_ImagesTC - Clicked on the first paragraph and switched back to default content.
00:41:38.221 [TestNG-test=RetryMultipleFailedTestcases-2] INFO  Elements_Testcases.Bb_ImagesTC - Logged in and searched for the file, then clicked Edit.
00:41:39.496 [TestNG-test=RetryMultipleFailedTestcases-2] INFO  Elements_Testcases.Bb_ImagesTC - Clicked on the first paragraph and switched back to default content.
00:42:18.833 [TestNG-test=RetryMultipleFailedTestcases-1] INFO  Elements_Testcases.Bb_ImagesTC - Clicked on the first image inside the Insert popup.
00:42:23.951 [TestNG-test=RetryMultipleFailedTestcases-2] INFO  Elements_Testcases.Bb_ImagesTC - Clicked on the first image inside the Insert popup.
00:42:30.451 [TestNG-test=RetryMultipleFailedTestcases-2] INFO  Elements_Testcases.Bb_ImagesTC - Clicked on the 'Symbols' tab.
00:42:30.753 [TestNG-test=RetryMultipleFailedTestcases-2] INFO  Elements_Testcases.Bb_ImagesTC - Clicked on Symbol 'A'.
00:43:14.797 [TestNG-test=RetryMultipleFailedTestcases-2] INFO  Elements_Testcases.Bb_ImagesTC - Logged in and searched for the file, then clicked Edit.
00:43:15.443 [TestNG-test=RetryMultipleFailedTestcases-2] INFO  Elements_Testcases.Bb_ImagesTC - Clicked on the first paragraph and switched back to default content.
00:43:38.946 [TestNG-test=RetryMultipleFailedTestcases-4] INFO  Elements_Testcases.Bb_ImagesTC - Logged in, searched for a file, and clicked Edit.
00:43:39.089 [TestNG-test=RetryMultipleFailedTestcases-4] INFO  Elements_Testcases.Bb_ImagesTC - Switched to frame 0.
00:43:39.761 [TestNG-test=RetryMultipleFailedTestcases-4] INFO  Elements_Testcases.Bb_ImagesTC - clicked on VE First para 
00:43:39.808 [TestNG-test=RetryMultipleFailedTestcases-4] INFO  Elements_Testcases.Bb_ImagesTC - Switched back to default content.
00:43:40.563 [TestNG-test=RetryMultipleFailedTestcases-1] INFO  Elements_Testcases.Bb_ImagesTC - Logged in, searched for a file, and clicked Edit.
00:43:40.589 [TestNG-test=RetryMultipleFailedTestcases-1] INFO  Elements_Testcases.Bb_ImagesTC - Switched to frame 0.
00:43:41.070 [TestNG-test=RetryMultipleFailedTestcases-1] INFO  Elements_Testcases.Bb_ImagesTC - clicked on VE Section Heading 
00:43:41.104 [TestNG-test=RetryMultipleFailedTestcases-1] INFO  Elements_Testcases.Bb_ImagesTC - Switched back to default content.
00:43:56.826 [TestNG-test=RetryMultipleFailedTestcases-4] INFO  Elements_Testcases.Bb_ImagesTC - clicked On Insert Element button
00:43:56.826 [TestNG-test=RetryMultipleFailedTestcases-4] INFO  Elements_Testcases.Bb_ImagesTC - Created Actions class instance.
00:44:00.547 [TestNG-test=RetryMultipleFailedTestcases-2] INFO  Elements_Testcases.Bb_ImagesTC - Clicked on the first image inside the Insert popup.
00:44:42.680 [TestNG-test=RetryMultipleFailedTestcases-1] INFO  Elements_Testcases.Bb_ImagesTC - Logged in, searched for a file, and clicked Edit.
00:44:42.720 [TestNG-test=RetryMultipleFailedTestcases-1] INFO  Elements_Testcases.Bb_ImagesTC - Switched to frame 0.
00:44:43.086 [TestNG-test=RetryMultipleFailedTestcases-1] INFO  Elements_Testcases.Bb_ImagesTC - clicked on VE Section Heading 
00:44:43.163 [TestNG-test=RetryMultipleFailedTestcases-1] INFO  Elements_Testcases.Bb_ImagesTC - Switched back to default content.
00:45:42.709 [TestNG-test=RetryMultipleFailedTestcases-2] INFO  Elements_Testcases.Bb_ImagesTC - Logged in and searched for a file, then clicked Edit.
00:45:42.791 [TestNG-test=RetryMultipleFailedTestcases-2] INFO  Elements_Testcases.Bb_ImagesTC - Switched to frame 0.
00:45:43.330 [TestNG-test=RetryMultipleFailedTestcases-2] INFO  Elements_Testcases.Bb_ImagesTC - clicked on First para from VE
00:45:43.365 [TestNG-test=RetryMultipleFailedTestcases-2] INFO  Elements_Testcases.Bb_ImagesTC - Switched back to default content.
00:45:43.615 [TestNG-test=RetryMultipleFailedTestcases-2] INFO  Elements_Testcases.Bb_ImagesTC - clicked on Handberger button
00:45:43.884 [TestNG-test=RetryMultipleFailedTestcases-2] INFO  Elements_Testcases.Bb_ImagesTC - clicked on media object button
00:45:50.875 [TestNG-test=RetryMultipleFailedTestcases-2] INFO  Elements_Testcases.Bb_ImagesTC - clicked on Code View
00:46:06.197 [TestNG-test=RetryMultipleFailedTestcases-1] INFO  Elements_Testcases.Bb_ImagesTC - Logged in, searched for a file, and clicked Edit.
00:46:06.213 [TestNG-test=RetryMultipleFailedTestcases-1] INFO  Elements_Testcases.Bb_ImagesTC - Switched to frame 0.
00:46:06.584 [TestNG-test=RetryMultipleFailedTestcases-1] INFO  Elements_Testcases.Bb_ImagesTC - clicked on VE Section Heading 
00:46:06.604 [TestNG-test=RetryMultipleFailedTestcases-1] INFO  Elements_Testcases.Bb_ImagesTC - Switched back to default content.
00:46:19.592 [TestNG-test=RetryMultipleFailedTestcases-4] INFO  Elements_Testcases.Bb_ImagesTC - Logged in and searched for a file, then clicked Edit.
00:46:19.614 [TestNG-test=RetryMultipleFailedTestcases-4] INFO  Elements_Testcases.Bb_ImagesTC - Switched to frame 0.
00:46:20.393 [TestNG-test=RetryMultipleFailedTestcases-4] INFO  Elements_Testcases.Bb_ImagesTC - clicked on First para from VE
00:46:20.460 [TestNG-test=RetryMultipleFailedTestcases-4] INFO  Elements_Testcases.Bb_ImagesTC - Switched back to default content.
00:46:20.689 [TestNG-test=RetryMultipleFailedTestcases-4] INFO  Elements_Testcases.Bb_ImagesTC - clicked on Handberger button
00:46:20.932 [TestNG-test=RetryMultipleFailedTestcases-4] INFO  Elements_Testcases.Bb_ImagesTC - clicked on media object button
00:47:21.726 [TestNG-test=RetryMultipleFailedTestcases-4] INFO  Elements_Testcases.Bb_ImagesTC - Logged in and searched for a file, then clicked Edit.
00:47:21.755 [TestNG-test=RetryMultipleFailedTestcases-4] INFO  Elements_Testcases.Bb_ImagesTC - Switched to frame 0.
00:47:23.055 [TestNG-test=RetryMultipleFailedTestcases-4] INFO  Elements_Testcases.Bb_ImagesTC - clicked on First para from VE
00:47:23.229 [TestNG-test=RetryMultipleFailedTestcases-4] INFO  Elements_Testcases.Bb_ImagesTC - Switched back to default content.
00:47:23.697 [TestNG-test=RetryMultipleFailedTestcases-4] INFO  Elements_Testcases.Bb_ImagesTC - clicked on Handberger button
00:47:24.073 [TestNG-test=RetryMultipleFailedTestcases-4] INFO  Elements_Testcases.Bb_ImagesTC - clicked on media object button
00:47:34.473 [TestNG-test=RetryMultipleFailedTestcases-3] INFO  sprint5_TestCases.C_CommonBugsTC - Starting test TC759_verifyFigureElement.
00:47:44.757 [TestNG-test=RetryMultipleFailedTestcases-1] INFO  Elements_Testcases.Bb_ImagesTC - Logged in, searched for a file, and clicked Edit.
00:47:44.778 [TestNG-test=RetryMultipleFailedTestcases-1] INFO  Elements_Testcases.Bb_ImagesTC - Switched to frame 0.
00:47:45.440 [TestNG-test=RetryMultipleFailedTestcases-1] INFO  Elements_Testcases.Bb_ImagesTC - clicked on VE Section Heading 
00:47:45.483 [TestNG-test=RetryMultipleFailedTestcases-1] INFO  Elements_Testcases.Bb_ImagesTC - Switched back to default content.
00:48:31.154 [TestNG-test=RetryMultipleFailedTestcases-3] INFO  sprint5_TestCases.C_CommonBugsTC - Logged in and clicked on Edit.
00:48:39.333 [TestNG-test=RetryMultipleFailedTestcases-4] INFO  Elements_Testcases.Bb_ImagesTC - Logged in and searched for a file, then clicked Edit.
00:48:39.352 [TestNG-test=RetryMultipleFailedTestcases-4] INFO  Elements_Testcases.Bb_ImagesTC - Switched to frame 0.
00:48:40.189 [TestNG-test=RetryMultipleFailedTestcases-4] INFO  Elements_Testcases.Bb_ImagesTC - clicked on First para from VE
00:48:40.238 [TestNG-test=RetryMultipleFailedTestcases-4] INFO  Elements_Testcases.Bb_ImagesTC - Switched back to default content.
00:48:40.629 [TestNG-test=RetryMultipleFailedTestcases-4] INFO  Elements_Testcases.Bb_ImagesTC - clicked on Handberger button
00:48:40.942 [TestNG-test=RetryMultipleFailedTestcases-4] INFO  Elements_Testcases.Bb_ImagesTC - clicked on media object button
00:48:46.893 [TestNG-test=RetryMultipleFailedTestcases-3] INFO  sprint5_TestCases.C_CommonBugsTC - Entered 'figure', provided a heading, and clicked Insert.
00:48:47.580 [TestNG-test=RetryMultipleFailedTestcases-3] INFO  sprint5_TestCases.C_CommonBugsTC - Verified that the 'figure' element is in the document structure.
00:48:47.638 [TestNG-test=RetryMultipleFailedTestcases-3] INFO  sprint5_TestCases.C_CommonBugsTC - Verified that the Figure name is present in the Visual Editor.
00:48:47.638 [TestNG-test=RetryMultipleFailedTestcases-3] INFO  sprint5_TestCases.C_CommonBugsTC - Test TC759_verifyFigureElement completed.
00:48:49.423 [TestNG-test=RetryMultipleFailedTestcases-1] INFO  sprint5_TestCases.C_CommonBugsTC - Starting test TC781_verifyInsertMediaObjectInTable.
00:48:54.378 [TestNG-test=RetryMultipleFailedTestcases-3] INFO  sprint5_TestCases.C_CommonBugsTC - Starting test TC783_verifyMOInsertAfterToAddress.
00:49:21.070 [TestNG-test=RetryMultipleFailedTestcases-2] INFO  sprint5_TestCases.C_CommonBugsTC - Starting test TC786_verifySelectedMOToSymbol.
00:49:31.226 [TestNG-test=RetryMultipleFailedTestcases-1] INFO  sprint5_TestCases.C_CommonBugsTC - Logged in and clicked on Edit.
00:49:32.175 [TestNG-test=RetryMultipleFailedTestcases-1] INFO  sprint5_TestCases.C_CommonBugsTC - Clicked on an existing table.
00:49:32.808 [TestNG-test=RetryMultipleFailedTestcases-1] INFO  sprint5_TestCases.C_CommonBugsTC - Clicked on 'Insert Plugin'.
00:49:33.597 [TestNG-test=RetryMultipleFailedTestcases-1] INFO  sprint5_TestCases.C_CommonBugsTC - Clicked on 'Image for Table' in the Insert Plugin popup.
00:49:47.744 [TestNG-test=RetryMultipleFailedTestcases-3] INFO  sprint5_TestCases.C_CommonBugsTC - Logged in and clicked on Edit.
00:49:49.102 [TestNG-test=RetryMultipleFailedTestcases-3] INFO  sprint5_TestCases.C_CommonBugsTC - Performed a right-click on the first paragraph.
00:49:50.460 [TestNG-test=RetryMultipleFailedTestcases-3] INFO  sprint5_TestCases.C_CommonBugsTC - Clicked 'Insert After' in the context menu.
00:49:51.148 [TestNG-test=RetryMultipleFailedTestcases-3] INFO  sprint5_TestCases.C_CommonBugsTC - Typed 'img' and pressed Enter.
00:49:51.535 [TestNG-test=RetryMultipleFailedTestcases-4] INFO  Elements_Testcases.Bb_ImagesTC - Logged in and searched for a file, then clicked Edit.
00:49:51.555 [TestNG-test=RetryMultipleFailedTestcases-4] INFO  Elements_Testcases.Bb_ImagesTC - Switched to frame 0.
00:49:51.647 [TestNG-test=RetryMultipleFailedTestcases-3] INFO  sprint5_TestCases.C_CommonBugsTC - Clicked 'Insert' button.
00:49:52.099 [TestNG-test=RetryMultipleFailedTestcases-4] INFO  Elements_Testcases.Bb_ImagesTC - clicked on First para from VE
00:49:52.223 [TestNG-test=RetryMultipleFailedTestcases-4] INFO  Elements_Testcases.Bb_ImagesTC - Switched back to default content.
00:49:52.594 [TestNG-test=RetryMultipleFailedTestcases-4] INFO  Elements_Testcases.Bb_ImagesTC - clicked on Handberger button
00:49:53.031 [TestNG-test=RetryMultipleFailedTestcases-4] INFO  Elements_Testcases.Bb_ImagesTC - clicked on media object button
00:49:53.995 [TestNG-test=RetryMultipleFailedTestcases-3] INFO  sprint5_TestCases.C_CommonBugsTC - Clicked 'Insert Image' button.
00:49:55.339 [TestNG-test=RetryMultipleFailedTestcases-3] INFO  sprint5_TestCases.C_CommonBugsTC - Clicked 'Accept Change'.
00:49:57.067 [TestNG-test=RetryMultipleFailedTestcases-3] INFO  sprint5_TestCases.C_CommonBugsTC - Performed a right-click on the inserted image.
00:49:57.857 [TestNG-test=RetryMultipleFailedTestcases-3] INFO  sprint5_TestCases.C_CommonBugsTC - Clicked 'Insert After' in the context menu.
00:49:58.695 [TestNG-test=RetryMultipleFailedTestcases-3] INFO  sprint5_TestCases.C_CommonBugsTC - Clicked on 'Address' in the context menu.
00:49:58.799 [TestNG-test=RetryMultipleFailedTestcases-3] INFO  sprint5_TestCases.C_CommonBugsTC - Verified that the 'Insert Element' button is displayed.
00:49:58.799 [TestNG-test=RetryMultipleFailedTestcases-3] INFO  sprint5_TestCases.C_CommonBugsTC - Test TC783_verifyMOInsertAfterToAddress completed.
00:50:05.402 [TestNG-test=RetryMultipleFailedTestcases-3] INFO  sprint5_TestCases.E_CommonTC - Starting verifyInsertMOSectionHeading
00:50:11.418 [TestNG-test=RetryMultipleFailedTestcases-2] INFO  sprint5_TestCases.C_CommonBugsTC - Logged in and clicked on Edit.
00:50:12.666 [TestNG-test=RetryMultipleFailedTestcases-2] INFO  sprint5_TestCases.C_CommonBugsTC - Performed a right-click on the first paragraph.
00:50:13.825 [TestNG-test=RetryMultipleFailedTestcases-2] INFO  sprint5_TestCases.C_CommonBugsTC - Clicked 'Insert After' in the context menu.
00:50:14.562 [TestNG-test=RetryMultipleFailedTestcases-2] INFO  sprint5_TestCases.C_CommonBugsTC - Typed 'img' and pressed Enter.
00:50:14.928 [TestNG-test=RetryMultipleFailedTestcases-2] INFO  sprint5_TestCases.C_CommonBugsTC - Clicked 'Insert' button.
00:50:15.755 [TestNG-test=RetryMultipleFailedTestcases-1] INFO  sprint5_TestCases.C_CommonBugsTC - Clicked on the first image in the popup.
00:50:15.913 [TestNG-test=RetryMultipleFailedTestcases-1] INFO  sprint5_TestCases.C_CommonBugsTC - Clicked on 'Insert Into Element'.
00:50:16.811 [TestNG-test=RetryMultipleFailedTestcases-1] INFO  sprint5_TestCases.C_CommonBugsTC - Clicked on 'Insert' button.
00:50:17.024 [TestNG-test=RetryMultipleFailedTestcases-1] INFO  sprint5_TestCases.C_CommonBugsTC - Checked if Media Object is inserted inside the table.
00:50:17.025 [TestNG-test=RetryMultipleFailedTestcases-1] INFO  sprint5_TestCases.C_CommonBugsTC - Test TC781_verifyInsertMediaObjectInTable completed.
00:50:20.691 [TestNG-test=RetryMultipleFailedTestcases-2] INFO  sprint5_TestCases.C_CommonBugsTC - Clicked 'Insert Image' button.
00:50:23.054 [TestNG-test=RetryMultipleFailedTestcases-2] INFO  sprint5_TestCases.C_CommonBugsTC - Clicked 'Accept Change'.
00:50:23.976 [TestNG-test=RetryMultipleFailedTestcases-2] INFO  sprint5_TestCases.C_CommonBugsTC - Clicked on the inserted image.
00:50:24.336 [TestNG-test=RetryMultipleFailedTestcases-1] INFO  sprint5_TestCases.E_CommonTC - Starting verifyChangeParaToMOQPAndVE
00:50:25.006 [TestNG-test=RetryMultipleFailedTestcases-2] INFO  sprint5_TestCases.C_CommonBugsTC - Navigated to the Symbols tab.
00:50:25.308 [TestNG-test=RetryMultipleFailedTestcases-2] INFO  sprint5_TestCases.C_CommonBugsTC - Clicked on the label symbol.
00:50:25.535 [TestNG-test=RetryMultipleFailedTestcases-2] INFO  sprint5_TestCases.C_CommonBugsTC - Clicked 'Insert' button.
00:50:25.610 [TestNG-test=RetryMultipleFailedTestcases-2] INFO  sprint5_TestCases.C_CommonBugsTC - Verified that the 'Info' message is displayed.
