23:38:28.852 [TestNG-test=RetryMultipleFailedTestcases-2] INFO  sprint3_TestCases.C_Verify_FocusMode - Creating A_Verify_BottomRibbon instance
23:38:28.887 [TestNG-test=RetryMultipleFailedTestcases-2] INFO  sprint3_TestCases.C_Verify_FocusMode - Clicking Focus Mode
23:38:29.319 [TestNG-test=RetryMultipleFailedTestcases-2] INFO  sprint3_TestCases.C_Verify_FocusMode - Clicking Left Panel Open
23:38:29.905 [TestNG-test=RetryMultipleFailedTestcases-2] INFO  sprint3_TestCases.C_Verify_FocusMode - Verifying Left Side Content Block Panal is displayed
23:38:30.410 [TestNG-test=RetryMultipleFailedTestcases-2] INFO  sprint3_TestCases.C_Verify_FocusMode - Verifying Left Side Content Block Panal is displayed
23:38:30.410 [TestNG-test=RetryMultipleFailedTestcases-2] INFO  sprint3_TestCases.C_Verify_FocusMode - Clicking Left Panel Close
23:38:30.631 [TestNG-test=RetryMultipleFailedTestcases-2] INFO  sprint3_TestCases.C_Verify_FocusMode - verify_FocusMode_LeftPanal_Open test completed successfully.
23:38:39.267 [TestNG-test=RetryMultipleFailedTestcases-2] INFO  sprint3_TestCases.C_Verify_FocusMode - Starting verify_FocusMode_LeftPanal_Close test...
23:38:39.267 [TestNG-test=RetryMultipleFailedTestcases-2] INFO  sprint3_TestCases.C_Verify_FocusMode - ReusableMethods.LoginAndSearchFile_ClickEdit()
23:38:46.209 [TestNG-test=RetryMultipleFailedTestcases-3] INFO  sprint3_TestCases.C_Verify_FocusMode - Creating A_Verify_BottomRibbon instance
23:38:46.211 [TestNG-test=RetryMultipleFailedTestcases-3] INFO  sprint3_TestCases.C_Verify_FocusMode - Clicking Focus Mode
23:38:46.491 [TestNG-test=RetryMultipleFailedTestcases-3] INFO  sprint3_TestCases.C_Verify_FocusMode - Clicking Right Panel Open
23:38:47.193 [TestNG-test=RetryMultipleFailedTestcases-3] INFO  sprint3_TestCases.C_Verify_FocusMode - Verifying Right Side Element Panal is displayed
23:38:47.377 [TestNG-test=RetryMultipleFailedTestcases-3] INFO  sprint3_TestCases.C_Verify_FocusMode - Verifying Right Side Element Panal is displayed
23:38:47.377 [TestNG-test=RetryMultipleFailedTestcases-3] INFO  sprint3_TestCases.C_Verify_FocusMode - Clicking Right Panel Close
23:38:48.174 [TestNG-test=RetryMultipleFailedTestcases-3] INFO  sprint3_TestCases.C_Verify_FocusMode - verify_FocusMode_RightPanal_Open test completed successfully.
23:38:50.305 [TestNG-test=RetryMultipleFailedTestcases-1] INFO  sprint3_TestCases.C_Verify_FocusMode - Creating A_Verify_BottomRibbon instance
23:38:50.305 [TestNG-test=RetryMultipleFailedTestcases-1] INFO  sprint3_TestCases.C_Verify_FocusMode - Clicking Focus Mode
23:38:50.568 [TestNG-test=RetryMultipleFailedTestcases-1] INFO  sprint3_TestCases.C_Verify_FocusMode - Clicking Right Panel Open
23:38:51.141 [TestNG-test=RetryMultipleFailedTestcases-1] INFO  sprint3_TestCases.C_Verify_FocusMode - Verifying Right Side Element Panal is displayed
23:38:52.623 [TestNG-test=RetryMultipleFailedTestcases-1] INFO  sprint3_TestCases.C_Verify_FocusMode - Clicking Left Panel Open
23:38:52.823 [TestNG-test=RetryMultipleFailedTestcases-1] INFO  sprint3_TestCases.C_Verify_FocusMode - Verifying Left Side Content Block Panal is displayed
23:38:53.503 [TestNG-test=RetryMultipleFailedTestcases-1] INFO  sprint3_TestCases.C_Verify_FocusMode - verify_FocusMode_LeftPanal_RightPanal test completed successfully.
23:38:56.503 [TestNG-test=RetryMultipleFailedTestcases-3] INFO  sprint3_TestCases.C_Verify_FocusMode - Starting verify_FocusMode_RightPanal_Close test...
23:38:56.503 [TestNG-test=RetryMultipleFailedTestcases-3] INFO  sprint3_TestCases.C_Verify_FocusMode - ReusableMethods.LoginAndSearchFile_ClickEdit()
23:39:01.775 [TestNG-test=RetryMultipleFailedTestcases-1] INFO  sprint3_TestCases.C_Verify_FocusMode - Starting verify_FocusMode_LeftPanel_Tooltip test...
23:39:01.776 [TestNG-test=RetryMultipleFailedTestcases-1] INFO  sprint3_TestCases.C_Verify_FocusMode - ReusableMethods.LoginAndSearchFile_ClickEdit()
23:39:11.624 [TestNG-test=RetryMultipleFailedTestcases-2] INFO  sprint3_TestCases.C_Verify_FocusMode - Creating A_Verify_BottomRibbon instance
23:39:11.625 [TestNG-test=RetryMultipleFailedTestcases-2] INFO  sprint3_TestCases.C_Verify_FocusMode - Clicking Focus Mode
23:39:11.897 [TestNG-test=RetryMultipleFailedTestcases-2] INFO  sprint3_TestCases.C_Verify_FocusMode - Clicking Left Panel Open
23:39:15.461 [TestNG-test=RetryMultipleFailedTestcases-2] INFO  sprint3_TestCases.C_Verify_FocusMode - Clicking Left Panel Close
23:39:15.814 [TestNG-test=RetryMultipleFailedTestcases-4] INFO  sprint3_TestCases.C_Verify_FocusMode - verify_FocusMode_Enabled test completed successfully.
23:39:24.845 [TestNG-test=RetryMultipleFailedTestcases-4] INFO  sprint3_TestCases.C_Verify_FocusMode - Starting verify_FocusMode_RightPanel_Tooltip test...
23:39:24.845 [TestNG-test=RetryMultipleFailedTestcases-4] INFO  sprint3_TestCases.C_Verify_FocusMode - ReusableMethods.LoginAndSearchFile_ClickEdit()
23:39:25.397 [TestNG-test=RetryMultipleFailedTestcases-3] INFO  sprint3_TestCases.C_Verify_FocusMode - Creating A_Verify_BottomRibbon instance
23:39:25.398 [TestNG-test=RetryMultipleFailedTestcases-3] INFO  sprint3_TestCases.C_Verify_FocusMode - Clicking Focus Mode
23:39:25.919 [TestNG-test=RetryMultipleFailedTestcases-3] INFO  sprint3_TestCases.C_Verify_FocusMode - Clicking Right Panel Open
23:39:26.910 [TestNG-test=RetryMultipleFailedTestcases-3] INFO  sprint3_TestCases.C_Verify_FocusMode - Clicking Right Panel Close
23:39:29.527 [TestNG-test=RetryMultipleFailedTestcases-2] INFO  sprint3_TestCases.C_Verify_FocusMode - Verifying Left Side Content Block Panal is not displayed
23:39:29.528 [TestNG-test=RetryMultipleFailedTestcases-2] INFO  sprint3_TestCases.C_Verify_FocusMode - verify_FocusMode_LeftPanal_Close test completed successfully.
23:39:31.252 [TestNG-test=RetryMultipleFailedTestcases-1] INFO  sprint3_TestCases.C_Verify_FocusMode - Creating A_Verify_BottomRibbon instance
23:39:31.253 [TestNG-test=RetryMultipleFailedTestcases-1] INFO  sprint3_TestCases.C_Verify_FocusMode - Clicking Focus Mode
23:39:34.702 [TestNG-test=RetryMultipleFailedTestcases-1] INFO  sprint3_TestCases.C_Verify_FocusMode - Clicking Right Panel Open
23:39:35.044 [TestNG-test=RetryMultipleFailedTestcases-1] INFO  sprint3_TestCases.C_Verify_FocusMode - Verifying Left Panel Close Tooltip
23:39:35.377 [TestNG-test=RetryMultipleFailedTestcases-1] INFO  sprint3_TestCases.C_Verify_FocusMode - verify_FocusMode_LeftPanel_Tooltip test completed successfully.
23:39:37.614 [TestNG-test=RetryMultipleFailedTestcases-2] INFO  sprint3_TestCases.C_Verify_FocusMode - Starting verify_FocusMode_ZoomOptions test...
23:39:37.614 [TestNG-test=RetryMultipleFailedTestcases-2] INFO  sprint3_TestCases.C_Verify_FocusMode - ReusableMethods.LoginAndSearchFile_ClickEdit()
23:39:39.881 [TestNG-test=RetryMultipleFailedTestcases-3] INFO  sprint3_TestCases.C_Verify_FocusMode - Verifying Right Side Element Panal is not displayed
23:39:39.881 [TestNG-test=RetryMultipleFailedTestcases-3] INFO  sprint3_TestCases.C_Verify_FocusMode - verify_FocusMode_RightPanal_Close test completed successfully.
23:39:43.210 [TestNG-test=RetryMultipleFailedTestcases-1] INFO  sprint3_TestCases.C_Verify_FocusMode - Starting verify_FocusMode_OnBrowserMinimizeAndMaximize test...
23:39:43.210 [TestNG-test=RetryMultipleFailedTestcases-1] INFO  sprint3_TestCases.C_Verify_FocusMode - ReusableMethods.LoginAndSearchFile_ClickEdit()
23:39:47.867 [TestNG-test=RetryMultipleFailedTestcases-3] INFO  sprint3_TestCases.C_Verify_FocusMode - Starting verify_FocusModeHighlightd_OnBrowserMinimizeAndMaximize test...
23:39:47.867 [TestNG-test=RetryMultipleFailedTestcases-3] INFO  sprint3_TestCases.C_Verify_FocusMode - ReusableMethods.LoginAndSearchFile_ClickEdit()
23:39:53.221 [TestNG-test=RetryMultipleFailedTestcases-4] INFO  sprint3_TestCases.C_Verify_FocusMode - Creating A_Verify_BottomRibbon instance
23:39:53.222 [TestNG-test=RetryMultipleFailedTestcases-4] INFO  sprint3_TestCases.C_Verify_FocusMode - Clicking Focus Mode
23:39:56.697 [TestNG-test=RetryMultipleFailedTestcases-4] INFO  sprint3_TestCases.C_Verify_FocusMode - Verifying General attribute label is not displayed
23:40:06.227 [TestNG-test=RetryMultipleFailedTestcases-2] INFO  sprint3_TestCases.C_Verify_FocusMode - Creating A_Verify_BottomRibbon instance
23:40:06.229 [TestNG-test=RetryMultipleFailedTestcases-2] INFO  sprint3_TestCases.C_Verify_FocusMode - Clicking Focus Mode
23:40:06.683 [TestNG-test=RetryMultipleFailedTestcases-2] INFO  sprint3_TestCases.C_Verify_FocusMode - Clicking Zoom Out
23:40:07.121 [TestNG-test=RetryMultipleFailedTestcases-4] INFO  sprint3_TestCases.C_Verify_FocusMode - Verifying Right Panel Open Tooltip
23:40:07.184 [TestNG-test=RetryMultipleFailedTestcases-4] INFO  sprint3_TestCases.C_Verify_FocusMode - Clicking Right Panel Open
23:40:07.442 [TestNG-test=RetryMultipleFailedTestcases-4] INFO  sprint3_TestCases.C_Verify_FocusMode - Verifying Right Panel Close Tooltip
23:40:08.556 [TestNG-test=RetryMultipleFailedTestcases-4] INFO  sprint3_TestCases.C_Verify_FocusMode - verify_FocusMode_RightPanel_Tooltip test completed successfully.
23:40:10.755 [TestNG-test=RetryMultipleFailedTestcases-2] INFO  sprint3_TestCases.C_Verify_FocusMode - Clicking Zoom In
23:40:13.292 [TestNG-test=RetryMultipleFailedTestcases-2] INFO  sprint3_TestCases.C_Verify_FocusMode - verify_FocusMode_ZoomOptions test completed successfully.
23:40:17.824 [TestNG-test=RetryMultipleFailedTestcases-4] INFO  Elements_Testcases.Ad_BottomToolbarTC - Starting verify_BlockView_Enabled test...
23:40:17.824 [TestNG-test=RetryMultipleFailedTestcases-4] INFO  Elements_Testcases.Ad_BottomToolbarTC - ReusableMethods.LoginAndSearchFile_ClickEdit()
23:40:18.219 [TestNG-test=RetryMultipleFailedTestcases-1] INFO  sprint3_TestCases.C_Verify_FocusMode - Creating A_Verify_BottomRibbon instance
23:40:18.220 [TestNG-test=RetryMultipleFailedTestcases-1] INFO  sprint3_TestCases.C_Verify_FocusMode - Verifying that Focus Mode is displayed
23:40:18.390 [TestNG-test=RetryMultipleFailedTestcases-1] INFO  sprint3_TestCases.C_Verify_FocusMode - Changing the browser window size
23:40:18.825 [TestNG-test=RetryMultipleFailedTestcases-1] INFO  sprint3_TestCases.C_Verify_FocusMode - Verifying that Focus Mode is not displayed after minimizing
23:40:22.715 [TestNG-test=RetryMultipleFailedTestcases-2] INFO  Elements_Testcases.Ad_BottomToolbarTC - Starting TC_021_verify_SaveFunctionality
23:40:28.667 [TestNG-test=RetryMultipleFailedTestcases-3] INFO  sprint3_TestCases.C_Verify_FocusMode - Creating A_Verify_BottomRibbon instance
23:40:28.668 [TestNG-test=RetryMultipleFailedTestcases-3] INFO  sprint3_TestCases.C_Verify_FocusMode - Clicking Focus Mode
23:40:29.199 [TestNG-test=RetryMultipleFailedTestcases-3] INFO  sprint3_TestCases.C_Verify_FocusMode - Getting style attribute of Focus Mode Highlighted element
23:40:29.490 [TestNG-test=RetryMultipleFailedTestcases-3] INFO  sprint3_TestCases.C_Verify_FocusMode - Verifying Focus Mode is highlighted
23:40:29.491 [TestNG-test=RetryMultipleFailedTestcases-3] INFO  sprint3_TestCases.C_Verify_FocusMode - Changing the browser window size
23:40:30.248 [TestNG-test=RetryMultipleFailedTestcases-3] INFO  sprint3_TestCases.C_Verify_FocusMode - Getting style attribute of Focus Mode Highlighted element after maximizing
23:40:45.206 [TestNG-test=RetryMultipleFailedTestcases-4] INFO  Elements_Testcases.Ad_BottomToolbarTC - Creating A_Verify_BottomRibbon instance
23:40:45.216 [TestNG-test=RetryMultipleFailedTestcases-4] INFO  Elements_Testcases.Ad_BottomToolbarTC - Switching to iframe
23:40:45.294 [TestNG-test=RetryMultipleFailedTestcases-4] INFO  Elements_Testcases.Ad_BottomToolbarTC - Verifying section element border is not separated
23:40:45.431 [TestNG-test=RetryMultipleFailedTestcases-4] INFO  Elements_Testcases.Ad_BottomToolbarTC - verify_BlockView_Enabled test completed successfully.
23:40:49.687 [TestNG-test=RetryMultipleFailedTestcases-2] INFO  Elements_Testcases.Ad_BottomToolbarTC - Logged in and searched for a file, then clicked Edit.
23:40:49.688 [TestNG-test=RetryMultipleFailedTestcases-2] INFO  Elements_Testcases.Ad_BottomToolbarTC - Splitting word count text
23:40:49.898 [TestNG-test=RetryMultipleFailedTestcases-2] INFO  Elements_Testcases.Ad_BottomToolbarTC - Switched to frame 0.
23:40:50.849 [TestNG-test=RetryMultipleFailedTestcases-2] INFO  Elements_Testcases.Ad_BottomToolbarTC - Performing actions to increase word count
23:40:51.371 [TestNG-test=RetryMultipleFailedTestcases-2] INFO  Elements_Testcases.Ad_BottomToolbarTC - Switched back to default content.
23:40:51.371 [TestNG-test=RetryMultipleFailedTestcases-2] INFO  Elements_Testcases.Ad_BottomToolbarTC - Splitting word count text
23:40:53.692 [TestNG-test=RetryMultipleFailedTestcases-2] INFO  Elements_Testcases.Ad_BottomToolbarTC - clicked on Entity plugin
23:40:55.015 [TestNG-test=RetryMultipleFailedTestcases-4] INFO  sprint3_TestCases.E_Verify_Zoom_OptionsTC - Starting verify_Zoom_Options_Highlighted test...
23:40:55.015 [TestNG-test=RetryMultipleFailedTestcases-4] INFO  sprint3_TestCases.E_Verify_Zoom_OptionsTC - ReusableMethods.LoginAndSearchFile_ClickEdit()
23:40:59.020 [TestNG-test=RetryMultipleFailedTestcases-1] INFO  sprint3_TestCases.C_Verify_FocusMode - verify_FocusMode_OnBrowserMinimizeAndMaximize test completed successfully.
23:40:59.119 [TestNG-test=RetryMultipleFailedTestcases-3] INFO  sprint3_TestCases.C_Verify_FocusMode - Starting verify_FocusModeHighlightd_OnBrowserMinimizeAndMaximize test...
23:40:59.119 [TestNG-test=RetryMultipleFailedTestcases-3] INFO  sprint3_TestCases.C_Verify_FocusMode - ReusableMethods.LoginAndSearchFile_ClickEdit()
23:40:59.685 [TestNG-test=RetryMultipleFailedTestcases-2] INFO  Elements_Testcases.Ad_BottomToolbarTC - clicked on Entity Expander
23:41:00.008 [TestNG-test=RetryMultipleFailedTestcases-2] INFO  Elements_Testcases.Ad_BottomToolbarTC - clicked on Entity Check box
23:41:00.818 [TestNG-test=RetryMultipleFailedTestcases-2] INFO  Elements_Testcases.Ad_BottomToolbarTC - clicked on Entity Insert button
23:41:00.818 [TestNG-test=RetryMultipleFailedTestcases-2] INFO  Elements_Testcases.Ad_BottomToolbarTC - Splitting word count text
23:41:07.954 [TestNG-test=RetryMultipleFailedTestcases-1] INFO  sprint3_TestCases.E_Verify_Zoom_OptionsTC - Starting verify_Zoom_Default_Options test...
23:41:07.954 [TestNG-test=RetryMultipleFailedTestcases-1] INFO  sprint3_TestCases.E_Verify_Zoom_OptionsTC - ReusableMethods.LoginAndSearchFile_ClickEdit()
23:41:10.029 [TestNG-test=RetryMultipleFailedTestcases-2] INFO  sprint3_TestCases.E_Verify_Zoom_OptionsTC - Starting verify_ZoomOptions_AfterRefresh test...
23:41:10.029 [TestNG-test=RetryMultipleFailedTestcases-2] INFO  sprint3_TestCases.E_Verify_Zoom_OptionsTC - ReusableMethods.LoginAndSearchFile_ClickEdit()
23:41:44.091 [TestNG-test=RetryMultipleFailedTestcases-4] INFO  sprint3_TestCases.E_Verify_Zoom_OptionsTC - Creating A_Verify_BottomRibbon instance
23:41:44.092 [TestNG-test=RetryMultipleFailedTestcases-4] INFO  sprint3_TestCases.E_Verify_Zoom_OptionsTC - Verifying Zoom options displayed
23:41:44.184 [TestNG-test=RetryMultipleFailedTestcases-4] INFO  sprint3_TestCases.E_Verify_Zoom_OptionsTC - Getting color of Zoomer element
23:41:44.235 [TestNG-test=RetryMultipleFailedTestcases-4] INFO  sprint3_TestCases.E_Verify_Zoom_OptionsTC - Verifying Zoomer color
23:41:44.236 [TestNG-test=RetryMultipleFailedTestcases-4] INFO  sprint3_TestCases.E_Verify_Zoom_OptionsTC - verify_Zoom_Options_Highlighted test completed successfully.
23:41:53.279 [TestNG-test=RetryMultipleFailedTestcases-4] INFO  sprint3_TestCases.E_Verify_Zoom_OptionsTC - Starting verify_ZoomIn_Options test...
23:41:53.279 [TestNG-test=RetryMultipleFailedTestcases-4] INFO  sprint3_TestCases.E_Verify_Zoom_OptionsTC - ReusableMethods.LoginAndSearchFile_ClickEdit()
23:41:56.198 [TestNG-test=RetryMultipleFailedTestcases-1] INFO  sprint3_TestCases.E_Verify_Zoom_OptionsTC - Creating A_Verify_BottomRibbon instance
23:41:56.199 [TestNG-test=RetryMultipleFailedTestcases-1] INFO  sprint3_TestCases.E_Verify_Zoom_OptionsTC - Verifying Zoom options displayed
23:41:56.330 [TestNG-test=RetryMultipleFailedTestcases-1] INFO  sprint3_TestCases.E_Verify_Zoom_OptionsTC - Waiting for page to load
23:41:56.343 [TestNG-test=RetryMultipleFailedTestcases-1] INFO  sprint3_TestCases.E_Verify_Zoom_OptionsTC - Verifying Zoom Option Default is displayed
23:41:56.421 [TestNG-test=RetryMultipleFailedTestcases-1] INFO  sprint3_TestCases.E_Verify_Zoom_OptionsTC - verify_Zoom_Default_Options test completed successfully.
23:42:03.929 [TestNG-test=RetryMultipleFailedTestcases-2] INFO  sprint3_TestCases.E_Verify_Zoom_OptionsTC - Creating A_Verify_BottomRibbon instance
23:42:03.930 [TestNG-test=RetryMultipleFailedTestcases-2] INFO  sprint3_TestCases.E_Verify_Zoom_OptionsTC - Verifying Zoom options before refresh
23:42:04.229 [TestNG-test=RetryMultipleFailedTestcases-2] INFO  sprint3_TestCases.E_Verify_Zoom_OptionsTC - Refreshing the page
23:42:05.327 [TestNG-test=RetryMultipleFailedTestcases-3] INFO  sprint3_TestCases.C_Verify_FocusMode - Creating A_Verify_BottomRibbon instance
23:42:05.329 [TestNG-test=RetryMultipleFailedTestcases-3] INFO  sprint3_TestCases.C_Verify_FocusMode - Clicking Focus Mode
23:42:05.545 [TestNG-test=RetryMultipleFailedTestcases-1] INFO  sprint3_TestCases.E_Verify_Zoom_OptionsTC - Starting verify_ZoomOut_Options test...
23:42:05.545 [TestNG-test=RetryMultipleFailedTestcases-1] INFO  sprint3_TestCases.E_Verify_Zoom_OptionsTC - ReusableMethods.LoginAndSearchFile_ClickEdit()
23:42:05.734 [TestNG-test=RetryMultipleFailedTestcases-3] INFO  sprint3_TestCases.C_Verify_FocusMode - Getting style attribute of Focus Mode Highlighted element
23:42:06.062 [TestNG-test=RetryMultipleFailedTestcases-3] INFO  sprint3_TestCases.C_Verify_FocusMode - Verifying Focus Mode is highlighted
23:42:06.063 [TestNG-test=RetryMultipleFailedTestcases-3] INFO  sprint3_TestCases.C_Verify_FocusMode - Changing the browser window size
23:42:06.994 [TestNG-test=RetryMultipleFailedTestcases-3] INFO  sprint3_TestCases.C_Verify_FocusMode - Getting style attribute of Focus Mode Highlighted element after maximizing
23:42:07.698 [TestNG-test=RetryMultipleFailedTestcases-3] INFO  sprint3_TestCases.C_Verify_FocusMode - Verifying Focus Mode is not highlighted after maximizing
23:42:07.698 [TestNG-test=RetryMultipleFailedTestcases-3] INFO  sprint3_TestCases.C_Verify_FocusMode - Verifying that Focus Mode style changed after maximizing
23:42:07.699 [TestNG-test=RetryMultipleFailedTestcases-3] INFO  sprint3_TestCases.C_Verify_FocusMode - verify_FocusModeHighlightd_OnBrowserMinimizeAndMaximize test completed successfully.
23:42:07.954 [TestNG-test=RetryMultipleFailedTestcases-2] INFO  sprint3_TestCases.E_Verify_Zoom_OptionsTC - Verifying Zoom options after refresh
23:42:08.348 [TestNG-test=RetryMultipleFailedTestcases-2] INFO  sprint3_TestCases.E_Verify_Zoom_OptionsTC - verify_ZoomOptions_AfterRefresh test completed successfully.
23:42:15.116 [TestNG-test=RetryMultipleFailedTestcases-2] INFO  sprint3_TestCases.G_CommonBugsTC - Starting verify_PrintPreviewVisibility_FocusMode test...
23:42:15.116 [TestNG-test=RetryMultipleFailedTestcases-2] INFO  sprint3_TestCases.G_CommonBugsTC - ReusableMethods.LoginAndSearchFile_ClickEdit()
23:42:15.196 [TestNG-test=RetryMultipleFailedTestcases-3] INFO  sprint3_TestCases.E_Verify_Zoom_OptionsTC - Starting verify_ZoomOptions_100Percentage test...
23:42:15.196 [TestNG-test=RetryMultipleFailedTestcases-3] INFO  sprint3_TestCases.E_Verify_Zoom_OptionsTC - ReusableMethods.LoginAndSearchFile_ClickEdit()
23:42:24.758 [TestNG-test=RetryMultipleFailedTestcases-4] INFO  sprint3_TestCases.E_Verify_Zoom_OptionsTC - Creating A_Verify_BottomRibbon instance
23:42:24.759 [TestNG-test=RetryMultipleFailedTestcases-4] INFO  sprint3_TestCases.E_Verify_Zoom_OptionsTC - Verifying Zoom In and Zoom Out options
23:42:24.909 [TestNG-test=RetryMultipleFailedTestcases-4] INFO  sprint3_TestCases.E_Verify_Zoom_OptionsTC - Clicking Zoom In multiple times
23:42:29.379 [TestNG-test=RetryMultipleFailedTestcases-4] INFO  sprint3_TestCases.E_Verify_Zoom_OptionsTC - Getting Zoom Option Default text
23:42:29.444 [TestNG-test=RetryMultipleFailedTestcases-4] INFO  sprint3_TestCases.E_Verify_Zoom_OptionsTC - Verifying Zoom In functionality
23:42:29.444 [TestNG-test=RetryMultipleFailedTestcases-4] INFO  sprint3_TestCases.E_Verify_Zoom_OptionsTC - verify_ZoomIn_Options test completed successfully.
23:42:35.420 [TestNG-test=RetryMultipleFailedTestcases-4] INFO  sprint3_TestCases.G_CommonBugsTC - Starting verify_WordCount_AfterTrackChanges test...
23:42:35.421 [TestNG-test=RetryMultipleFailedTestcases-4] INFO  sprint3_TestCases.G_CommonBugsTC - ReusableMethods.LoginAndSearchFile_ClickEdit()
23:42:52.996 [TestNG-test=RetryMultipleFailedTestcases-1] INFO  sprint3_TestCases.E_Verify_Zoom_OptionsTC - Creating A_Verify_BottomRibbon instance
23:42:52.998 [TestNG-test=RetryMultipleFailedTestcases-1] INFO  sprint3_TestCases.E_Verify_Zoom_OptionsTC - Verifying Zoom In and Zoom Out options
23:42:53.175 [TestNG-test=RetryMultipleFailedTestcases-1] INFO  sprint3_TestCases.E_Verify_Zoom_OptionsTC - Clicking Zoom Out multiple times
23:42:57.041 [TestNG-test=RetryMultipleFailedTestcases-1] INFO  sprint3_TestCases.E_Verify_Zoom_OptionsTC - Verifying Zoom Out options after clicking
23:42:57.136 [TestNG-test=RetryMultipleFailedTestcases-1] INFO  sprint3_TestCases.E_Verify_Zoom_OptionsTC - Getting Zoom Option Default text
23:42:57.182 [TestNG-test=RetryMultipleFailedTestcases-1] INFO  sprint3_TestCases.E_Verify_Zoom_OptionsTC - Verifying Zoom Out functionality
23:42:57.182 [TestNG-test=RetryMultipleFailedTestcases-1] INFO  sprint3_TestCases.E_Verify_Zoom_OptionsTC - verify_ZoomOut_Options test completed successfully.
23:42:58.117 [TestNG-test=RetryMultipleFailedTestcases-2] INFO  sprint3_TestCases.G_CommonBugsTC - Clicking Focus Mode
23:42:58.265 [TestNG-test=RetryMultipleFailedTestcases-3] INFO  sprint3_TestCases.E_Verify_Zoom_OptionsTC - Creating A_Verify_BottomRibbon instance
23:42:58.266 [TestNG-test=RetryMultipleFailedTestcases-3] INFO  sprint3_TestCases.E_Verify_Zoom_OptionsTC - Getting 100% text
23:42:58.315 [TestNG-test=RetryMultipleFailedTestcases-3] INFO  sprint3_TestCases.E_Verify_Zoom_OptionsTC - Verifying 100% text
23:42:58.316 [TestNG-test=RetryMultipleFailedTestcases-3] INFO  sprint3_TestCases.E_Verify_Zoom_OptionsTC - verify_ZoomOptions_100Percentage test completed successfully.
23:42:58.495 [TestNG-test=RetryMultipleFailedTestcases-2] INFO  sprint3_TestCases.G_CommonBugsTC - Checking if Print Preview is visible
23:43:08.728 [TestNG-test=RetryMultipleFailedTestcases-2] INFO  sprint3_TestCases.G_CommonBugsTC - Exiting Focus Mode
23:43:08.888 [TestNG-test=RetryMultipleFailedTestcases-2] INFO  sprint3_TestCases.G_CommonBugsTC - Checking if Print Preview is visible after exiting Focus Mode
23:43:09.247 [TestNG-test=RetryMultipleFailedTestcases-2] INFO  sprint3_TestCases.G_CommonBugsTC - verify_PrintPreviewVisibility_FocusMode test completed successfully.
23:43:09.908 [TestNG-test=RetryMultipleFailedTestcases-4] INFO  sprint3_TestCases.G_CommonBugsTC - Creating CommonBugs instance
23:43:09.908 [TestNG-test=RetryMultipleFailedTestcases-4] INFO  sprint3_TestCases.G_CommonBugsTC - Getting initial word count
23:43:09.968 [TestNG-test=RetryMultipleFailedTestcases-4] INFO  sprint3_TestCases.G_CommonBugsTC - Word Count: 8701
23:43:09.968 [TestNG-test=RetryMultipleFailedTestcases-4] INFO  sprint3_TestCases.G_CommonBugsTC - Switching to frame
23:43:09.982 [TestNG-test=RetryMultipleFailedTestcases-4] INFO  sprint3_TestCases.G_CommonBugsTC - Modifying content and accepting change
23:43:13.364 [TestNG-test=RetryMultipleFailedTestcases-4] INFO  sprint3_TestCases.G_CommonBugsTC - Getting word count after changes
23:43:13.416 [TestNG-test=RetryMultipleFailedTestcases-4] INFO  sprint3_TestCases.G_CommonBugsTC - verify_WordCount_AfterTrackChanges test completed successfully.
23:44:10.375 [TestNG-test=RetryMultipleFailedTestcases-1] INFO  sprint5_TestCases.Ab_UndoTC - Starting the test TC018_verifyUndoEnabled
23:44:12.493 [TestNG-test=RetryMultipleFailedTestcases-3] INFO  sprint5_TestCases.Ab_UndoTC - Starting the test TC020_verifyUndo
23:44:12.547 [TestNG-test=RetryMultipleFailedTestcases-2] INFO  sprint5_TestCases.Ab_UndoTC - Starting the test TC019_verifyUndoHilighted
23:44:47.853 [TestNG-test=RetryMultipleFailedTestcases-2] INFO  sprint5_TestCases.Ab_UndoTC - Logged in and searched for the file, then clicked on edit.
23:44:47.878 [TestNG-test=RetryMultipleFailedTestcases-2] INFO  sprint5_TestCases.Ab_UndoTC - Initialized Ab_Verify_Undo.
23:44:48.530 [TestNG-test=RetryMultipleFailedTestcases-2] INFO  sprint5_TestCases.Ab_UndoTC - Undo is highlighted as expected.
23:44:48.530 [TestNG-test=RetryMultipleFailedTestcases-2] INFO  sprint5_TestCases.Ab_UndoTC - Test TC019_verifyUndoHilighted completed.
23:44:50.277 [TestNG-test=RetryMultipleFailedTestcases-3] INFO  sprint5_TestCases.Ab_UndoTC - Logged in and searched for the file, then clicked on edit.
23:44:50.279 [TestNG-test=RetryMultipleFailedTestcases-4] INFO  sprint5_TestCases.Ab_UndoTC - Switching to frame 0.
23:44:50.279 [TestNG-test=RetryMultipleFailedTestcases-3] INFO  sprint5_TestCases.Ab_UndoTC - Initialized Ab_Verify_Undo.
23:44:50.379 [TestNG-test=RetryMultipleFailedTestcases-4] INFO  sprint5_TestCases.Ab_UndoTC - Performing a double click action on the first paragraph.
23:44:50.514 [TestNG-test=RetryMultipleFailedTestcases-3] INFO  sprint5_TestCases.Ab_UndoTC - Undo is displayed in the toolbar.
23:44:50.585 [TestNG-test=RetryMultipleFailedTestcases-3] INFO  sprint5_TestCases.Ab_UndoTC - Undo is disabled after resetting file.
23:44:51.619 [TestNG-test=RetryMultipleFailedTestcases-4] INFO  sprint5_TestCases.Ab_UndoTC - Switching back to default content.
23:44:51.761 [TestNG-test=RetryMultipleFailedTestcases-4] INFO  sprint5_TestCases.Ab_UndoTC - Clicking on the Bold option.
23:44:52.175 [TestNG-test=RetryMultipleFailedTestcases-3] INFO  sprint5_TestCases.Ab_UndoTC - Bold is enabled.
23:44:52.809 [TestNG-test=RetryMultipleFailedTestcases-4] INFO  sprint5_TestCases.Ab_UndoTC - Asserting that Bold emphasis is displayed.
23:44:54.786 [TestNG-test=RetryMultipleFailedTestcases-4] INFO  sprint5_TestCases.Ab_UndoTC - Switching to frame 0.
23:44:54.816 [TestNG-test=RetryMultipleFailedTestcases-4] INFO  sprint5_TestCases.Ab_UndoTC - Checking if Emphasis is present in Visual Editor before clicking undo.
23:44:54.911 [TestNG-test=RetryMultipleFailedTestcases-1] INFO  sprint5_TestCases.Ab_UndoTC - Logged in and searched for the file, then clicked on edit.
23:44:54.913 [TestNG-test=RetryMultipleFailedTestcases-1] INFO  sprint5_TestCases.Ab_UndoTC - Initialized Ab_Verify_Undo.
23:44:54.915 [TestNG-test=RetryMultipleFailedTestcases-4] INFO  sprint5_TestCases.Ab_UndoTC - Switching back to default content.
23:44:54.921 [TestNG-test=RetryMultipleFailedTestcases-4] INFO  sprint5_TestCases.Ab_UndoTC - Clicking on Undo.
23:44:55.049 [TestNG-test=RetryMultipleFailedTestcases-1] INFO  sprint5_TestCases.Ab_UndoTC - Undo plugin is present.
23:44:55.109 [TestNG-test=RetryMultipleFailedTestcases-1] INFO  sprint5_TestCases.Ab_UndoTC - Undo is disabled initially.
23:44:56.076 [TestNG-test=RetryMultipleFailedTestcases-4] INFO  sprint5_TestCases.Ab_UndoTC - Asserting that Bold emphasis is not displayed after Undo.
23:44:57.515 [TestNG-test=RetryMultipleFailedTestcases-3] INFO  sprint5_TestCases.Ab_UndoTC - Undo is working as expected.
23:44:57.515 [TestNG-test=RetryMultipleFailedTestcases-3] INFO  sprint5_TestCases.Ab_UndoTC - Test TC020_verifyUndo completed.
23:44:57.671 [TestNG-test=RetryMultipleFailedTestcases-4] INFO  sprint5_TestCases.Ab_UndoTC - Switching to frame 0.
23:44:57.929 [TestNG-test=RetryMultipleFailedTestcases-4] INFO  sprint5_TestCases.Ab_UndoTC - Checking if Emphasis is not present in Visual Editor after clicking Undo.
23:44:59.432 [TestNG-test=RetryMultipleFailedTestcases-1] INFO  sprint5_TestCases.Ab_UndoTC - Undo is enabled after an action.
23:45:02.179 [TestNG-test=RetryMultipleFailedTestcases-1] INFO  sprint5_TestCases.Ab_UndoTC - Undo is disabled after an undo action.
23:45:02.179 [TestNG-test=RetryMultipleFailedTestcases-1] INFO  sprint5_TestCases.Ab_UndoTC - Test TC018_verifyUndoEnabled completed.
23:45:38.027 [TestNG-test=RetryMultipleFailedTestcases-4] INFO  sprint5_TestCases.Ab_UndoTC - Switching back to default content.
23:45:38.034 [TestNG-test=RetryMultipleFailedTestcases-4] INFO  sprint5_TestCases.Ab_UndoTC - Clicking on Quick Preview.
23:45:38.514 [TestNG-test=RetryMultipleFailedTestcases-4] INFO  sprint5_TestCases.Ab_UndoTC - Switching to frame 0.
23:45:38.546 [TestNG-test=RetryMultipleFailedTestcases-4] INFO  sprint5_TestCases.Ab_UndoTC - Checking if Emphasis is not present in Quick Preview after clicking Undo.
23:45:46.288 [TestNG-test=RetryMultipleFailedTestcases-2] INFO  sprint5_TestCases.Ab_UndoTC - Switching to frame 0.
23:45:46.308 [TestNG-test=RetryMultipleFailedTestcases-2] INFO  sprint5_TestCases.Ab_UndoTC - Creating Actions object.
23:45:46.308 [TestNG-test=RetryMultipleFailedTestcases-2] INFO  sprint5_TestCases.Ab_UndoTC - Clicking on the first paragraph.
23:45:46.882 [TestNG-test=RetryMultipleFailedTestcases-2] INFO  sprint5_TestCases.Ab_UndoTC - Typing 'Hi' after hitting ENTER.
23:45:47.887 [TestNG-test=RetryMultipleFailedTestcases-2] INFO  sprint5_TestCases.Ab_UndoTC - Asserting that new content 'Hi' is displayed.
23:45:49.469 [TestNG-test=RetryMultipleFailedTestcases-2] INFO  sprint5_TestCases.Ab_UndoTC - Switching back to default content.
23:45:49.471 [TestNG-test=RetryMultipleFailedTestcases-2] INFO  sprint5_TestCases.Ab_UndoTC - Clicking on Undo.
23:45:50.194 [TestNG-test=RetryMultipleFailedTestcases-2] INFO  sprint5_TestCases.Ab_UndoTC - Switching to frame 0.
23:45:50.509 [TestNG-test=RetryMultipleFailedTestcases-1] INFO  sprint5_TestCases.Ab_UndoTC - Right-clicking on the liValueone element.
23:45:51.024 [TestNG-test=RetryMultipleFailedTestcases-2] INFO  sprint5_TestCases.Ab_UndoTC - Asserting that new content 'Hi' is not present in Visual Editor after clicking on undo.
23:45:51.532 [TestNG-test=RetryMultipleFailedTestcases-1] INFO  sprint5_TestCases.Ab_UndoTC - Clicking on Remove Element Block.
23:45:52.380 [TestNG-test=RetryMultipleFailedTestcases-1] INFO  sprint5_TestCases.Ab_UndoTC - Switching to frame 0.
23:45:52.675 [TestNG-test=RetryMultipleFailedTestcases-1] INFO  sprint5_TestCases.Ab_UndoTC - Clicking the Spantext72 element.
23:45:53.183 [TestNG-test=RetryMultipleFailedTestcases-3] INFO  sprint5_TestCases.Ab_UndoTC - Clicking the First Paragraph.
23:45:53.584 [TestNG-test=RetryMultipleFailedTestcases-3] INFO  sprint5_TestCases.Ab_UndoTC - Pressing Enter and typing 'Hi'.
23:45:55.654 [TestNG-test=RetryMultipleFailedTestcases-3] INFO  sprint5_TestCases.Ab_UndoTC - Asserting that new content 'Hi' is displayed.
23:45:56.077 [TestNG-test=RetryMultipleFailedTestcases-3] INFO  sprint5_TestCases.Ab_UndoTC - Holding Shift key and selecting text.
23:45:56.224 [TestNG-test=RetryMultipleFailedTestcases-3] INFO  sprint5_TestCases.Ab_UndoTC - Switching back to default content.
23:45:56.252 [TestNG-test=RetryMultipleFailedTestcases-3] INFO  sprint5_TestCases.Ab_UndoTC - Clicking Undo.
23:45:57.089 [TestNG-test=RetryMultipleFailedTestcases-3] INFO  sprint5_TestCases.Ab_UndoTC - Switching to frame 0.
23:45:57.269 [TestNG-test=RetryMultipleFailedTestcases-3] INFO  sprint5_TestCases.Ab_UndoTC - Asserting that new content 'Hi' is still present in Visual Editor after clicking on undo.
23:45:57.321 [TestNG-test=RetryMultipleFailedTestcases-3] INFO  sprint5_TestCases.Ab_UndoTC - Switching back to default content.
23:45:57.323 [TestNG-test=RetryMultipleFailedTestcases-3] INFO  sprint5_TestCases.Ab_UndoTC - Clicking Quick Preview.
23:45:57.783 [TestNG-test=RetryMultipleFailedTestcases-3] INFO  sprint5_TestCases.Ab_UndoTC - Switching to frame 0.
23:45:57.967 [TestNG-test=RetryMultipleFailedTestcases-3] INFO  sprint5_TestCases.Ab_UndoTC - Asserting that new content 'Hi' is still in Quick preview after clicking on undo.
23:45:58.118 [TestNG-test=RetryMultipleFailedTestcases-3] INFO  sprint5_TestCases.Ab_UndoTC - Switching back to default content.
23:45:58.121 [TestNG-test=RetryMultipleFailedTestcases-3] INFO  sprint5_TestCases.Ab_UndoTC - Clicking Code View.
23:45:58.532 [TestNG-test=RetryMultipleFailedTestcases-3] INFO  sprint5_TestCases.Ab_UndoTC - Asserting that Content Validation is not present.
23:46:31.171 [TestNG-test=RetryMultipleFailedTestcases-2] INFO  sprint5_TestCases.Ab_UndoTC - Switching back to default content.
23:46:31.174 [TestNG-test=RetryMultipleFailedTestcases-2] INFO  sprint5_TestCases.Ab_UndoTC - Clicking on Quick Preview.
23:46:31.811 [TestNG-test=RetryMultipleFailedTestcases-2] INFO  sprint5_TestCases.Ab_UndoTC - Switching to frame 0.
23:46:32.109 [TestNG-test=RetryMultipleFailedTestcases-2] INFO  sprint5_TestCases.Ab_UndoTC - Asserting that new content 'Hi' is not present in Quick Preview after clicking on undo.
23:46:46.075 [TestNG-test=RetryMultipleFailedTestcases-1] INFO  sprint5_TestCases.Ab_UndoTC - Right-clicking on the liValueone element.
23:46:47.142 [TestNG-test=RetryMultipleFailedTestcases-1] INFO  sprint5_TestCases.Ab_UndoTC - Clicking on Remove Element Block.
23:46:47.768 [TestNG-test=RetryMultipleFailedTestcases-1] INFO  sprint5_TestCases.Ab_UndoTC - Switching to frame 0.
23:46:47.983 [TestNG-test=RetryMultipleFailedTestcases-1] INFO  sprint5_TestCases.Ab_UndoTC - Clicking the Spantext72 element.
23:46:54.717 [TestNG-test=RetryMultipleFailedTestcases-4] INFO  sprint5_TestCases.Ab_UndoTC - Asserting that the paragraph is changed to Address from General Attribute.
23:46:54.991 [TestNG-test=RetryMultipleFailedTestcases-4] INFO  sprint5_TestCases.Ab_UndoTC - Clicking Undo.
23:46:55.646 [TestNG-test=RetryMultipleFailedTestcases-4] INFO  sprint5_TestCases.Ab_UndoTC - Asserting that the changes are undone.
23:46:56.158 [TestNG-test=RetryMultipleFailedTestcases-4] INFO  sprint5_TestCases.Ab_UndoTC - Switching to frame 0.
23:46:56.178 [TestNG-test=RetryMultipleFailedTestcases-4] INFO  sprint5_TestCases.Ab_UndoTC - Asserting that the changes are undone in Visual Editor.
23:47:11.289 [TestNG-test=RetryMultipleFailedTestcases-3] INFO  sprint5_TestCases.Ab_UndoTC - Switching to frame 0.
23:47:11.338 [TestNG-test=RetryMultipleFailedTestcases-3] INFO  sprint5_TestCases.Ab_UndoTC - Clicking on the first paragraph.
23:47:12.067 [TestNG-test=RetryMultipleFailedTestcases-3] INFO  sprint5_TestCases.Ab_UndoTC - Switching back to default content.
23:47:12.108 [TestNG-test=RetryMultipleFailedTestcases-3] INFO  sprint5_TestCases.Ab_UndoTC - Clicking on the Footnote plugin.
23:47:12.680 [TestNG-test=RetryMultipleFailedTestcases-3] INFO  sprint5_TestCases.Ab_UndoTC - Clicking on New Footnote Box.
23:47:23.759 [TestNG-test=RetryMultipleFailedTestcases-3] INFO  sprint5_TestCases.Ab_UndoTC - Getting the new Footnote box element.
23:47:23.759 [TestNG-test=RetryMultipleFailedTestcases-3] INFO  sprint5_TestCases.Ab_UndoTC - Creating Actions object.
23:47:23.760 [TestNG-test=RetryMultipleFailedTestcases-3] INFO  sprint5_TestCases.Ab_UndoTC - Typing 'This is FootNote' in the Footnote.
23:47:24.068 [TestNG-test=RetryMultipleFailedTestcases-3] INFO  sprint5_TestCases.Ab_UndoTC - Clicking on Footnote OK button.
23:47:25.095 [TestNG-test=RetryMultipleFailedTestcases-3] INFO  sprint5_TestCases.Ab_UndoTC - Clicking on Accept Change.
23:47:26.332 [TestNG-test=RetryMultipleFailedTestcases-3] INFO  sprint5_TestCases.Ab_UndoTC - Performing Undo 3 times.
23:47:30.293 [TestNG-test=RetryMultipleFailedTestcases-3] INFO  sprint5_TestCases.Ab_UndoTC - Asserting that the Footnote is not present.
23:47:36.328 [TestNG-test=RetryMultipleFailedTestcases-4] INFO  sprint5_TestCases.Ab_UndoTC - Switching back to default content.
23:47:36.338 [TestNG-test=RetryMultipleFailedTestcases-4] INFO  sprint5_TestCases.Ab_UndoTC - Clicking Quick Preview.
23:47:36.996 [TestNG-test=RetryMultipleFailedTestcases-4] INFO  sprint5_TestCases.Ab_UndoTC - Switching to frame 0.
23:47:37.306 [TestNG-test=RetryMultipleFailedTestcases-4] INFO  sprint5_TestCases.Ab_UndoTC - Asserting that the changes are undone in Quick Preview.
23:47:44.131 [TestNG-test=RetryMultipleFailedTestcases-1] INFO  sprint5_TestCases.Ab_UndoTC - Right-clicking on the liValueone element.
23:47:44.947 [TestNG-test=RetryMultipleFailedTestcases-1] INFO  sprint5_TestCases.Ab_UndoTC - Clicking on Remove Element Block.
23:47:45.382 [TestNG-test=RetryMultipleFailedTestcases-1] INFO  sprint5_TestCases.Ab_UndoTC - Switching to frame 0.
23:47:45.596 [TestNG-test=RetryMultipleFailedTestcases-1] INFO  sprint5_TestCases.Ab_UndoTC - Clicking the Spantext72 element.
23:48:17.377 [TestNG-test=RetryMultipleFailedTestcases-4] INFO  sprint5_TestCases.Ab_UndoTC - Switching back to default content.
23:48:17.383 [TestNG-test=RetryMultipleFailedTestcases-4] INFO  sprint5_TestCases.Ab_UndoTC - Clicking Code View.
23:48:17.910 [TestNG-test=RetryMultipleFailedTestcases-4] INFO  sprint5_TestCases.Ab_UndoTC - Switching to frame 0.
23:48:17.992 [TestNG-test=RetryMultipleFailedTestcases-4] INFO  sprint5_TestCases.Ab_UndoTC - Asserting that the changes are undone in Code View.
23:48:51.793 [TestNG-test=RetryMultipleFailedTestcases-1] INFO  sprint5_TestCases.Ab_UndoTC - Right-clicking on the liValueone element.
23:48:52.918 [TestNG-test=RetryMultipleFailedTestcases-1] INFO  sprint5_TestCases.Ab_UndoTC - Clicking on Remove Element Block.
23:48:53.305 [TestNG-test=RetryMultipleFailedTestcases-1] INFO  sprint5_TestCases.Ab_UndoTC - Switching to frame 0.
23:48:53.510 [TestNG-test=RetryMultipleFailedTestcases-1] INFO  sprint5_TestCases.Ab_UndoTC - Clicking the Spantext72 element.
23:49:07.723 [TestNG-test=RetryMultipleFailedTestcases-3] INFO  sprint5_TestCases.Ab_UndoTC - Clicking on Entity.
23:49:08.029 [TestNG-test=RetryMultipleFailedTestcases-3] INFO  sprint5_TestCases.Ab_UndoTC - Clicking Entity button.
23:49:09.147 [TestNG-test=RetryMultipleFailedTestcases-3] INFO  sprint5_TestCases.Ab_UndoTC - Clicking the checkbox.
23:49:09.380 [TestNG-test=RetryMultipleFailedTestcases-3] INFO  sprint5_TestCases.Ab_UndoTC - Clicking Entity Insert button.
23:49:09.859 [TestNG-test=RetryMultipleFailedTestcases-3] INFO  sprint5_TestCases.Ab_UndoTC - Switching to frame 0.
23:49:09.921 [TestNG-test=RetryMultipleFailedTestcases-3] INFO  sprint5_TestCases.Ab_UndoTC - Asserting that the Entity is inserted.
23:49:10.230 [TestNG-test=RetryMultipleFailedTestcases-3] INFO  sprint5_TestCases.Ab_UndoTC - Switching back to default content.
23:49:10.246 [TestNG-test=RetryMultipleFailedTestcases-3] INFO  sprint5_TestCases.Ab_UndoTC - Clicking Undo.
23:49:10.960 [TestNG-test=RetryMultipleFailedTestcases-3] INFO  sprint5_TestCases.Ab_UndoTC - Switching to frame 0.
23:49:11.174 [TestNG-test=RetryMultipleFailedTestcases-3] INFO  sprint5_TestCases.Ab_UndoTC - Asserting that the Entity is not inserted after Undo.
23:49:32.980 [TestNG-test=RetryMultipleFailedTestcases-4] INFO  sprint5_TestCases.Ab_UndoTC - Inserting a table using ReusableMethods.insertTableCB()
23:49:38.763 [TestNG-test=RetryMultipleFailedTestcases-1] INFO  sprint5_TestCases.Ab_UndoTC - Inserting a table using ReusableMethods.
23:49:40.881 [TestNG-test=RetryMultipleFailedTestcases-4] INFO  sprint5_TestCases.Ab_UndoTC - Deleting columns in the table.
23:49:41.785 [TestNG-test=RetryMultipleFailedTestcases-4] INFO  sprint5_TestCases.Ab_UndoTC - Clicking Undo.
23:49:42.775 [TestNG-test=RetryMultipleFailedTestcases-4] INFO  sprint5_TestCases.Ab_UndoTC - Asserting that the content block is selected after Undo.
23:49:50.265 [TestNG-test=RetryMultipleFailedTestcases-1] INFO  sprint5_TestCases.Ab_UndoTC - Entering 'Hello' into the caption.
23:49:50.575 [TestNG-test=RetryMultipleFailedTestcases-1] INFO  sprint5_TestCases.Ab_UndoTC - Clicking Reject Change.
23:49:51.644 [TestNG-test=RetryMultipleFailedTestcases-1] INFO  sprint5_TestCases.Ab_UndoTC - Asserting that the caption is no longer visible after Reject Change.
23:50:08.418 [TestNG-test=RetryMultipleFailedTestcases-2] INFO  sprint5_TestCases.Ab_UndoTC - Switching to frame 0.
23:50:08.440 [TestNG-test=RetryMultipleFailedTestcases-2] INFO  sprint5_TestCases.Ab_UndoTC - Double-clicking the first paragraph.
23:50:09.186 [TestNG-test=RetryMultipleFailedTestcases-2] INFO  sprint5_TestCases.Ab_UndoTC - Context-clicking the first paragraph.
23:50:10.081 [TestNG-test=RetryMultipleFailedTestcases-2] INFO  sprint5_TestCases.Ab_UndoTC - Switching to default content.
23:50:10.142 [TestNG-test=RetryMultipleFailedTestcases-2] INFO  sprint5_TestCases.Ab_UndoTC - Switching to frame 1.
23:50:10.160 [TestNG-test=RetryMultipleFailedTestcases-2] INFO  sprint5_TestCases.Ab_UndoTC - Clicking right-click Insert Into.
23:50:11.381 [TestNG-test=RetryMultipleFailedTestcases-2] INFO  sprint5_TestCases.Ab_UndoTC - Switching to default content.
23:50:11.468 [TestNG-test=RetryMultipleFailedTestcases-2] INFO  sprint5_TestCases.Ab_UndoTC - Clicking Textbox role.
23:50:11.637 [TestNG-test=RetryMultipleFailedTestcases-2] INFO  sprint5_TestCases.Ab_UndoTC - Typing 'b' in Textbox role.
23:50:11.696 [TestNG-test=RetryMultipleFailedTestcases-2] INFO  sprint5_TestCases.Ab_UndoTC - Clicking Textb.
23:50:12.221 [TestNG-test=RetryMultipleFailedTestcases-2] INFO  sprint5_TestCases.Ab_UndoTC - Clicking Modal Show.
23:50:12.912 [TestNG-test=RetryMultipleFailedTestcases-2] INFO  sprint5_TestCases.Ab_UndoTC - Asserting that Bold is inserted into a paragraph.
23:50:13.572 [TestNG-test=RetryMultipleFailedTestcases-2] INFO  sprint5_TestCases.Ab_UndoTC - Clicking Undo twice.
23:50:14.704 [TestNG-test=RetryMultipleFailedTestcases-2] INFO  sprint5_TestCases.Ab_UndoTC - Asserting that Undo is working fine in Document Structure.
23:50:15.199 [TestNG-test=RetryMultipleFailedTestcases-2] INFO  sprint5_TestCases.Ab_UndoTC - Asserting that Undo is working fine in Attribute Panel.
23:50:15.229 [TestNG-test=RetryMultipleFailedTestcases-2] INFO  sprint5_TestCases.Ab_UndoTC - Switching to frame 0.
23:50:15.263 [TestNG-test=RetryMultipleFailedTestcases-2] INFO  sprint5_TestCases.Ab_UndoTC - Asserting that Undo is working fine in Visual Editor.
23:50:15.336 [TestNG-test=RetryMultipleFailedTestcases-2] INFO  sprint5_TestCases.Ab_UndoTC - Switching to default content.
23:50:15.339 [TestNG-test=RetryMultipleFailedTestcases-2] INFO  sprint5_TestCases.Ab_UndoTC - Clicking Quick Preview.
23:50:15.677 [TestNG-test=RetryMultipleFailedTestcases-2] INFO  sprint5_TestCases.Ab_UndoTC - Switching to frame 0.
23:50:15.690 [TestNG-test=RetryMultipleFailedTestcases-2] INFO  sprint5_TestCases.Ab_UndoTC - Asserting that Undo is working fine in Quick Preview.
23:50:15.756 [TestNG-test=RetryMultipleFailedTestcases-2] INFO  sprint5_TestCases.Ab_UndoTC - Switching to default content.
23:50:15.770 [TestNG-test=RetryMultipleFailedTestcases-2] INFO  sprint5_TestCases.Ab_UndoTC - Clicking Code View.
23:50:16.255 [TestNG-test=RetryMultipleFailedTestcases-2] INFO  sprint5_TestCases.Ab_UndoTC - Switching to frame 0.
23:50:16.322 [TestNG-test=RetryMultipleFailedTestcases-2] INFO  sprint5_TestCases.Ab_UndoTC - Asserting that Undo is working fine in Code View.
23:50:20.533 [TestNG-test=RetryMultipleFailedTestcases-4] INFO  BasicEditingTC.F12_UndoRedoTC - Logged in and searched for a file, then clicked Edit.
23:50:32.140 [TestNG-test=RetryMultipleFailedTestcases-1] INFO  sprint5_TestCases.Ab_UndoTC - Clicking Undo.
23:50:33.510 [TestNG-test=RetryMultipleFailedTestcases-1] INFO  sprint5_TestCases.Ab_UndoTC - Asserting that the newly added caption is visible after clicking Undo.
23:50:41.482 [TestNG-test=RetryMultipleFailedTestcases-3] INFO  BasicEditingTC.F12_UndoRedoTC - Logged in and searched for a file, then clicked Edit.
23:50:45.041 [TestNG-test=RetryMultipleFailedTestcases-3] INFO  BasicEditingTC.F12_UndoRedoTC - Clicked on track changes.
23:51:26.805 [TestNG-test=RetryMultipleFailedTestcases-2] INFO  BasicEditingTC.F12_UndoRedoTC - Logged in and searched for a file, then clicked Edit.
23:51:30.956 [TestNG-test=RetryMultipleFailedTestcases-2] INFO  BasicEditingTC.F12_UndoRedoTC - Clicked on track changes.
23:51:39.882 [TestNG-test=RetryMultipleFailedTestcases-1] INFO  sprint5_TestCases.Ab_UndoTC - Inserting a table using ReusableMethods.
23:51:46.041 [TestNG-test=RetryMultipleFailedTestcases-4] INFO  BasicEditingTC.F12_UndoRedoTC - Logged in and searched for a file, then clicked Edit.
23:51:46.064 [TestNG-test=RetryMultipleFailedTestcases-4] INFO  BasicEditingTC.F12_UndoRedoTC - Switched to frame 0.
23:51:46.618 [TestNG-test=RetryMultipleFailedTestcases-4] INFO  BasicEditingTC.F12_UndoRedoTC - Switched to default content.
23:51:47.136 [TestNG-test=RetryMultipleFailedTestcases-4] INFO  BasicEditingTC.F12_UndoRedoTC - Switched to frame 0.
23:51:47.718 [TestNG-test=RetryMultipleFailedTestcases-4] INFO  BasicEditingTC.F12_UndoRedoTC - Switched to default content.
23:51:47.857 [TestNG-test=RetryMultipleFailedTestcases-4] INFO  BasicEditingTC.F12_UndoRedoTC - Clicked on track changes.
23:51:48.737 [TestNG-test=RetryMultipleFailedTestcases-4] INFO  BasicEditingTC.F12_UndoRedoTC - Switched to frame 0.
23:51:48.987 [TestNG-test=RetryMultipleFailedTestcases-1] INFO  sprint5_TestCases.Ab_UndoTC - Entering 'Hello' into the caption.
23:51:49.305 [TestNG-test=RetryMultipleFailedTestcases-1] INFO  sprint5_TestCases.Ab_UndoTC - Clicking Reject Change.
23:51:50.071 [TestNG-test=RetryMultipleFailedTestcases-1] INFO  sprint5_TestCases.Ab_UndoTC - Asserting that the caption is no longer visible after Reject Change.
23:52:21.223 [TestNG-test=RetryMultipleFailedTestcases-3] INFO  BasicEditingTC.F12_UndoRedoTC - Logged in and searched for a file, then clicked Edit.
23:52:21.243 [TestNG-test=RetryMultipleFailedTestcases-3] INFO  BasicEditingTC.F12_UndoRedoTC - Switched to frame 0.
23:52:22.188 [TestNG-test=RetryMultipleFailedTestcases-3] INFO  BasicEditingTC.F12_UndoRedoTC - Switched to default content.
23:52:23.057 [TestNG-test=RetryMultipleFailedTestcases-3] INFO  BasicEditingTC.F12_UndoRedoTC - Switched to default content.
23:52:25.022 [TestNG-test=RetryMultipleFailedTestcases-3] INFO  BasicEditingTC.F12_UndoRedoTC - Clicked on track changes.
23:52:30.433 [TestNG-test=RetryMultipleFailedTestcases-1] INFO  sprint5_TestCases.Ab_UndoTC - Clicking Undo.
23:52:31.774 [TestNG-test=RetryMultipleFailedTestcases-1] INFO  sprint5_TestCases.Ab_UndoTC - Asserting that the newly added caption is visible after clicking Undo.
23:52:33.996 [TestNG-test=RetryMultipleFailedTestcases-4] INFO  BasicEditingTC.F12_UndoRedoTC - Logged in and searched for a file, then clicked Edit.
23:52:34.024 [TestNG-test=RetryMultipleFailedTestcases-4] INFO  BasicEditingTC.F12_UndoRedoTC - Switched to frame 0.
23:52:34.592 [TestNG-test=RetryMultipleFailedTestcases-4] INFO  BasicEditingTC.F12_UndoRedoTC - Switched to default content.
23:52:35.277 [TestNG-test=RetryMultipleFailedTestcases-4] INFO  BasicEditingTC.F12_UndoRedoTC - Switched to frame 0.
23:52:35.750 [TestNG-test=RetryMultipleFailedTestcases-4] INFO  BasicEditingTC.F12_UndoRedoTC - Switched to default content.
23:52:35.897 [TestNG-test=RetryMultipleFailedTestcases-4] INFO  BasicEditingTC.F12_UndoRedoTC - Clicked on track changes.
23:52:36.812 [TestNG-test=RetryMultipleFailedTestcases-4] INFO  BasicEditingTC.F12_UndoRedoTC - Switched to frame 0.
23:52:55.071 [TestNG-test=RetryMultipleFailedTestcases-2] INFO  BasicEditingTC.F12_UndoRedoTC - Logged in and searched for a file, then clicked Edit.
23:52:55.089 [TestNG-test=RetryMultipleFailedTestcases-2] INFO  BasicEditingTC.F12_UndoRedoTC - Switched to frame 0.
23:52:55.610 [TestNG-test=RetryMultipleFailedTestcases-2] INFO  BasicEditingTC.F12_UndoRedoTC - Switched to default content.
23:52:58.416 [TestNG-test=RetryMultipleFailedTestcases-2] INFO  BasicEditingTC.F12_UndoRedoTC - Clicked on track changes.
23:52:58.600 [TestNG-test=RetryMultipleFailedTestcases-2] INFO  BasicEditingTC.F12_UndoRedoTC - Switched to frame 0.
23:52:58.664 [TestNG-test=RetryMultipleFailedTestcases-2] INFO  BasicEditingTC.F12_UndoRedoTC - Switched to default content.
23:52:59.382 [TestNG-test=RetryMultipleFailedTestcases-2] INFO  BasicEditingTC.F12_UndoRedoTC - Switched to frame 0.
23:53:33.092 [TestNG-test=RetryMultipleFailedTestcases-1] INFO  sprint5_TestCases.Ab_UndoTC - Inserting a table using ReusableMethods.
23:53:34.689 [TestNG-test=RetryMultipleFailedTestcases-4] INFO  BasicEditingTC.F12_UndoRedoTC - Logged in and searched for a file, then clicked Edit.
23:53:34.707 [TestNG-test=RetryMultipleFailedTestcases-4] INFO  BasicEditingTC.F12_UndoRedoTC - Switched to frame 0.
23:53:35.226 [TestNG-test=RetryMultipleFailedTestcases-4] INFO  BasicEditingTC.F12_UndoRedoTC - Switched to default content.
23:53:35.802 [TestNG-test=RetryMultipleFailedTestcases-4] INFO  BasicEditingTC.F12_UndoRedoTC - Switched to frame 0.
23:53:36.314 [TestNG-test=RetryMultipleFailedTestcases-4] INFO  BasicEditingTC.F12_UndoRedoTC - Switched to default content.
23:53:36.439 [TestNG-test=RetryMultipleFailedTestcases-4] INFO  BasicEditingTC.F12_UndoRedoTC - Clicked on track changes.
23:53:37.082 [TestNG-test=RetryMultipleFailedTestcases-4] INFO  BasicEditingTC.F12_UndoRedoTC - Switched to frame 0.
23:53:42.086 [TestNG-test=RetryMultipleFailedTestcases-1] INFO  sprint5_TestCases.Ab_UndoTC - Entering 'Hello' into the caption.
23:53:42.738 [TestNG-test=RetryMultipleFailedTestcases-1] INFO  sprint5_TestCases.Ab_UndoTC - Clicking Reject Change.
23:53:43.686 [TestNG-test=RetryMultipleFailedTestcases-1] INFO  sprint5_TestCases.Ab_UndoTC - Asserting that the caption is no longer visible after Reject Change.
