23:36:31.551 [TestNG-test=RetryMultipleFailedTestcases-1] INFO  BasicEditingTC.F12_UndoRedoTC - Starting verify_Insert_Table
23:36:45.408 [TestNG-test=RetryMultipleFailedTestcases-4] INFO  BasicEditingTC.F12_UndoRedoTC - Logged in and searched for a file, then clicked Edit.
23:36:45.429 [TestNG-test=RetryMultipleFailedTestcases-4] INFO  BasicEditingTC.F12_UndoRedoTC - Switched to frame 0.
23:36:46.110 [TestNG-test=RetryMultipleFailedTestcases-4] INFO  BasicEditingTC.F12_UndoRedoTC - Switched to default content.
23:36:46.535 [TestNG-test=RetryMultipleFailedTestcases-4] INFO  BasicEditingTC.F12_UndoRedoTC - Switched to default content.
23:36:47.891 [TestNG-test=RetryMultipleFailedTestcases-4] INFO  BasicEditingTC.F12_UndoRedoTC - Clicked on track changes.
23:36:59.315 [TestNG-test=RetryMultipleFailedTestcases-2] INFO  BasicEditingTC.F12_UndoRedoTC - Starting verify_Insert_Table
23:37:02.430 [TestNG-test=RetryMultipleFailedTestcases-1] INFO  BasicEditingTC.F12_UndoRedoTC - Logged in, searched for a file, and clicked Edit.
23:37:02.431 [TestNG-test=RetryMultipleFailedTestcases-1] INFO  BasicEditingTC.F12_UndoRedoTC - Created F4_Table instance.
23:37:09.184 [TestNG-test=RetryMultipleFailedTestcases-1] INFO  BasicEditingTC.F12_UndoRedoTC - Inserted table using ReusableMethods.
23:37:09.247 [TestNG-test=RetryMultipleFailedTestcases-1] INFO  BasicEditingTC.F12_UndoRedoTC - Switched to frame 0.
23:37:09.302 [TestNG-test=RetryMultipleFailedTestcases-1] INFO  BasicEditingTC.F12_UndoRedoTC - Table is inserted in the Visual Editor.
23:37:09.306 [TestNG-test=RetryMultipleFailedTestcases-1] INFO  BasicEditingTC.F12_UndoRedoTC - Switched back to default content.
23:37:09.376 [TestNG-test=RetryMultipleFailedTestcases-1] INFO  BasicEditingTC.F12_UndoRedoTC - Document Structure is updated with the table.
23:37:11.491 [TestNG-test=RetryMultipleFailedTestcases-3] INFO  BasicEditingTC.F12_UndoRedoTC - Logged in and searched for a file, then clicked Edit.
23:37:11.518 [TestNG-test=RetryMultipleFailedTestcases-3] INFO  BasicEditingTC.F12_UndoRedoTC - Switched to frame 0.
23:37:12.071 [TestNG-test=RetryMultipleFailedTestcases-3] INFO  BasicEditingTC.F12_UndoRedoTC - Switched to default content.
23:37:12.448 [TestNG-test=RetryMultipleFailedTestcases-3] INFO  BasicEditingTC.F12_UndoRedoTC - Switched to frame 0.
23:37:12.476 [TestNG-test=RetryMultipleFailedTestcases-3] INFO  BasicEditingTC.F12_UndoRedoTC - Switched to default content.
23:37:12.672 [TestNG-test=RetryMultipleFailedTestcases-3] INFO  BasicEditingTC.F12_UndoRedoTC - Clicked on track changes.
23:37:13.180 [TestNG-test=RetryMultipleFailedTestcases-3] INFO  BasicEditingTC.F12_UndoRedoTC - Switched to frame 0.
23:37:37.002 [TestNG-test=RetryMultipleFailedTestcases-2] INFO  BasicEditingTC.F12_UndoRedoTC - Logged in, searched for a file, and clicked Edit.
23:37:37.002 [TestNG-test=RetryMultipleFailedTestcases-2] INFO  BasicEditingTC.F12_UndoRedoTC - Created F4_Table instance.
23:37:43.963 [TestNG-test=RetryMultipleFailedTestcases-2] INFO  BasicEditingTC.F12_UndoRedoTC - Inserted table using ReusableMethods.
23:37:44.010 [TestNG-test=RetryMultipleFailedTestcases-2] INFO  BasicEditingTC.F12_UndoRedoTC - Switched to frame 0.
23:37:44.114 [TestNG-test=RetryMultipleFailedTestcases-2] INFO  BasicEditingTC.F12_UndoRedoTC - Table is inserted in the Visual Editor.
23:37:44.118 [TestNG-test=RetryMultipleFailedTestcases-2] INFO  BasicEditingTC.F12_UndoRedoTC - Switched back to default content.
23:37:44.316 [TestNG-test=RetryMultipleFailedTestcases-2] INFO  BasicEditingTC.F12_UndoRedoTC - Document Structure is updated with the table.
23:37:49.758 [TestNG-test=RetryMultipleFailedTestcases-4] INFO  BasicEditingTC.F12_UndoRedoTC - ****    Starting --> paraTC    ****
23:37:55.912 [TestNG-test=RetryMultipleFailedTestcases-3] INFO  BasicEditingTC.F12_UndoRedoTC - Logged in and searched for a file, then clicked Edit.
23:37:55.926 [TestNG-test=RetryMultipleFailedTestcases-3] INFO  BasicEditingTC.F12_UndoRedoTC - Switched to frame 0.
23:37:56.441 [TestNG-test=RetryMultipleFailedTestcases-3] INFO  BasicEditingTC.F12_UndoRedoTC - Switched to default content.
23:37:56.834 [TestNG-test=RetryMultipleFailedTestcases-3] INFO  BasicEditingTC.F12_UndoRedoTC - Switched to frame 0.
23:37:56.866 [TestNG-test=RetryMultipleFailedTestcases-3] INFO  BasicEditingTC.F12_UndoRedoTC - Switched to default content.
23:37:57.063 [TestNG-test=RetryMultipleFailedTestcases-3] INFO  BasicEditingTC.F12_UndoRedoTC - Clicked on track changes.
23:37:57.187 [TestNG-test=RetryMultipleFailedTestcases-1] INFO  BasicEditingTC.F12_UndoRedoTC - Starting verify_Insert_Table
23:37:57.798 [TestNG-test=RetryMultipleFailedTestcases-3] INFO  BasicEditingTC.F12_UndoRedoTC - Switched to frame 0.
23:37:57.811 [TestNG-test=RetryMultipleFailedTestcases-3] INFO  BasicEditingTC.F12_UndoRedoTC - Switched to default content.
23:37:58.266 [TestNG-test=RetryMultipleFailedTestcases-3] INFO  BasicEditingTC.F12_UndoRedoTC - Switched to frame 0.
23:38:05.317 [TestNG-test=RetryMultipleFailedTestcases-3] INFO  BasicEditingTC.F12_UndoRedoTC - ****    Starting --> paraTC    ****
23:38:22.509 [TestNG-test=RetryMultipleFailedTestcases-4] INFO  BasicEditingTC.F12_UndoRedoTC - clicked on second section from DS
23:38:23.495 [TestNG-test=RetryMultipleFailedTestcases-4] INFO  BasicEditingTC.F12_UndoRedoTC - clicked on second sections 2nd para from DS
23:38:23.756 [TestNG-test=RetryMultipleFailedTestcases-4] INFO  BasicEditingTC.F12_UndoRedoTC - clicked on Enter key
23:38:24.461 [TestNG-test=RetryMultipleFailedTestcases-4] INFO  BasicEditingTC.F12_UndoRedoTC - Verifying new para present in VE
23:38:29.277 [TestNG-test=RetryMultipleFailedTestcases-1] INFO  BasicEditingTC.F12_UndoRedoTC - Logged in, searched for a file, and clicked Edit.
23:38:29.278 [TestNG-test=RetryMultipleFailedTestcases-1] INFO  BasicEditingTC.F12_UndoRedoTC - Created F4_Table instance.
23:38:35.071 [TestNG-test=RetryMultipleFailedTestcases-2] INFO  BasicEditingTC.F12_UndoRedoTC - Starting verify_Insert_Table
23:38:35.746 [TestNG-test=RetryMultipleFailedTestcases-4] INFO  BasicEditingTC.F12_UndoRedoTC - Starting verify_ExistingList_PropertiesPopup
23:38:36.942 [TestNG-test=RetryMultipleFailedTestcases-1] INFO  BasicEditingTC.F12_UndoRedoTC - Inserted table using ReusableMethods.
23:38:36.984 [TestNG-test=RetryMultipleFailedTestcases-1] INFO  BasicEditingTC.F12_UndoRedoTC - Switched to frame 0.
23:38:37.030 [TestNG-test=RetryMultipleFailedTestcases-1] INFO  BasicEditingTC.F12_UndoRedoTC - Table is inserted in the Visual Editor.
23:38:37.031 [TestNG-test=RetryMultipleFailedTestcases-1] INFO  BasicEditingTC.F12_UndoRedoTC - Switched back to default content.
23:38:37.080 [TestNG-test=RetryMultipleFailedTestcases-1] INFO  BasicEditingTC.F12_UndoRedoTC - Document Structure is updated with the table.
23:38:43.177 [TestNG-test=RetryMultipleFailedTestcases-3] INFO  BasicEditingTC.F12_UndoRedoTC - clicked on second section from DS
23:38:44.214 [TestNG-test=RetryMultipleFailedTestcases-3] INFO  BasicEditingTC.F12_UndoRedoTC - clicked on second sections 2nd para from DS
23:38:44.459 [TestNG-test=RetryMultipleFailedTestcases-3] INFO  BasicEditingTC.F12_UndoRedoTC - clicked on Enter key
23:38:45.419 [TestNG-test=RetryMultipleFailedTestcases-3] INFO  BasicEditingTC.F12_UndoRedoTC - Verifying new para present in VE
23:38:54.059 [TestNG-test=RetryMultipleFailedTestcases-3] INFO  BasicEditingTC.F12_UndoRedoTC - Starting verify_ExistingList_PropertiesPopup
23:39:10.542 [TestNG-test=RetryMultipleFailedTestcases-2] INFO  BasicEditingTC.F12_UndoRedoTC - Logged in, searched for a file, and clicked Edit.
23:39:10.543 [TestNG-test=RetryMultipleFailedTestcases-2] INFO  BasicEditingTC.F12_UndoRedoTC - Created F4_Table instance.
23:39:10.731 [TestNG-test=RetryMultipleFailedTestcases-4] INFO  BasicEditingTC.F12_UndoRedoTC - Logged in, searched for a file, and clicked Edit.
23:39:10.886 [TestNG-test=RetryMultipleFailedTestcases-4] INFO  BasicEditingTC.F12_UndoRedoTC - Switched to frame 0.
23:39:11.334 [TestNG-test=RetryMultipleFailedTestcases-4] INFO  BasicEditingTC.F12_UndoRedoTC - Performed right-click on the existing list item.
23:39:11.411 [TestNG-test=RetryMultipleFailedTestcases-4] INFO  BasicEditingTC.F12_UndoRedoTC - Switched back to default content.
23:39:11.475 [TestNG-test=RetryMultipleFailedTestcases-4] INFO  BasicEditingTC.F12_UndoRedoTC - Switched to frame 1.
23:39:11.882 [TestNG-test=RetryMultipleFailedTestcases-4] INFO  BasicEditingTC.F12_UndoRedoTC - Clicked on Remove Element Block.
23:39:11.931 [TestNG-test=RetryMultipleFailedTestcases-4] INFO  BasicEditingTC.F12_UndoRedoTC - Switched back to default content.
23:39:11.956 [TestNG-test=RetryMultipleFailedTestcases-4] INFO  BasicEditingTC.F12_UndoRedoTC - Switched back to frame 0.
23:39:11.990 [TestNG-test=RetryMultipleFailedTestcases-4] INFO  BasicEditingTC.F12_UndoRedoTC - Verified that the list is deleted in VE.
23:39:12.767 [TestNG-test=RetryMultipleFailedTestcases-4] INFO  BasicEditingTC.F12_UndoRedoTC - Switched back to frame 0.
23:39:12.787 [TestNG-test=RetryMultipleFailedTestcases-4] INFO  BasicEditingTC.F12_UndoRedoTC - Verified that the list is deleted in VE.
23:39:17.596 [TestNG-test=RetryMultipleFailedTestcases-2] INFO  BasicEditingTC.F12_UndoRedoTC - Inserted table using ReusableMethods.
23:39:17.628 [TestNG-test=RetryMultipleFailedTestcases-2] INFO  BasicEditingTC.F12_UndoRedoTC - Switched to frame 0.
23:39:17.663 [TestNG-test=RetryMultipleFailedTestcases-2] INFO  BasicEditingTC.F12_UndoRedoTC - Table is inserted in the Visual Editor.
23:39:17.664 [TestNG-test=RetryMultipleFailedTestcases-2] INFO  BasicEditingTC.F12_UndoRedoTC - Switched back to default content.
23:39:17.707 [TestNG-test=RetryMultipleFailedTestcases-2] INFO  BasicEditingTC.F12_UndoRedoTC - Document Structure is updated with the table.
23:39:22.840 [TestNG-test=RetryMultipleFailedTestcases-4] INFO  BasicEditingTC.F12_UndoRedoTC - ****    Starting --> paraTC    ****
23:39:25.006 [TestNG-test=RetryMultipleFailedTestcases-1] INFO  BasicEditingTC.F12_UndoRedoTC - Starting verify_Insert_Table
23:39:32.167 [TestNG-test=RetryMultipleFailedTestcases-3] INFO  BasicEditingTC.F12_UndoRedoTC - Logged in, searched for a file, and clicked Edit.
23:39:32.192 [TestNG-test=RetryMultipleFailedTestcases-3] INFO  BasicEditingTC.F12_UndoRedoTC - Switched to frame 0.
23:39:32.650 [TestNG-test=RetryMultipleFailedTestcases-3] INFO  BasicEditingTC.F12_UndoRedoTC - Performed right-click on the existing list item.
23:39:32.726 [TestNG-test=RetryMultipleFailedTestcases-3] INFO  BasicEditingTC.F12_UndoRedoTC - Switched back to default content.
23:39:32.780 [TestNG-test=RetryMultipleFailedTestcases-3] INFO  BasicEditingTC.F12_UndoRedoTC - Switched to frame 1.
23:39:33.075 [TestNG-test=RetryMultipleFailedTestcases-3] INFO  BasicEditingTC.F12_UndoRedoTC - Clicked on Remove Element Block.
23:39:33.112 [TestNG-test=RetryMultipleFailedTestcases-3] INFO  BasicEditingTC.F12_UndoRedoTC - Switched back to default content.
23:39:33.145 [TestNG-test=RetryMultipleFailedTestcases-3] INFO  BasicEditingTC.F12_UndoRedoTC - Switched back to frame 0.
23:39:33.178 [TestNG-test=RetryMultipleFailedTestcases-3] INFO  BasicEditingTC.F12_UndoRedoTC - Verified that the list is deleted in VE.
23:39:33.876 [TestNG-test=RetryMultipleFailedTestcases-3] INFO  BasicEditingTC.F12_UndoRedoTC - Switched back to frame 0.
23:39:33.894 [TestNG-test=RetryMultipleFailedTestcases-3] INFO  BasicEditingTC.F12_UndoRedoTC - Verified that the list is deleted in VE.
23:39:34.406 [TestNG-test=RetryMultipleFailedTestcases-3] INFO  BasicEditingTC.F12_UndoRedoTC - Switched back to frame 0.
23:39:34.425 [TestNG-test=RetryMultipleFailedTestcases-3] INFO  BasicEditingTC.F12_UndoRedoTC - Verified that the list is deleted in VE.
23:39:40.400 [TestNG-test=RetryMultipleFailedTestcases-3] INFO  BasicEditingTC.F12_UndoRedoTC - ****    Starting --> paraTC    ****
23:39:52.673 [TestNG-test=RetryMultipleFailedTestcases-1] INFO  BasicEditingTC.F12_UndoRedoTC - Logged in, searched for a file, and clicked Edit.
23:39:52.673 [TestNG-test=RetryMultipleFailedTestcases-1] INFO  BasicEditingTC.F12_UndoRedoTC - Created F4_Table instance.
23:39:57.446 [TestNG-test=RetryMultipleFailedTestcases-4] INFO  BasicEditingTC.F12_UndoRedoTC - clicked on First para from VE
23:39:58.840 [TestNG-test=RetryMultipleFailedTestcases-4] INFO  BasicEditingTC.F12_UndoRedoTC - clicked on simple-para selement
23:39:59.313 [TestNG-test=RetryMultipleFailedTestcases-4] INFO  BasicEditingTC.F12_UndoRedoTC - Verifying Simple Para present in VE
23:39:59.382 [TestNG-test=RetryMultipleFailedTestcases-4] INFO  BasicEditingTC.F12_UndoRedoTC - Verifying Simple Para present into DS
23:40:02.747 [TestNG-test=RetryMultipleFailedTestcases-1] INFO  BasicEditingTC.F12_UndoRedoTC - ****    Starting --> UndoTC    ****
23:40:05.533 [TestNG-test=RetryMultipleFailedTestcases-2] INFO  BasicEditingTC.F12_UndoRedoTC - Starting verify_Insert_Table
23:40:06.792 [TestNG-test=RetryMultipleFailedTestcases-4] INFO  BasicEditingTC.F12_UndoRedoTC - ****    Starting --> UndoTC    ****
23:40:18.362 [TestNG-test=RetryMultipleFailedTestcases-3] INFO  BasicEditingTC.F12_UndoRedoTC - clicked on First para from VE
23:40:19.857 [TestNG-test=RetryMultipleFailedTestcases-3] INFO  BasicEditingTC.F12_UndoRedoTC - clicked on simple-para selement
23:40:20.010 [TestNG-test=RetryMultipleFailedTestcases-3] INFO  BasicEditingTC.F12_UndoRedoTC - Verifying Simple Para present in VE
23:40:20.054 [TestNG-test=RetryMultipleFailedTestcases-3] INFO  BasicEditingTC.F12_UndoRedoTC - Verifying Simple Para present into DS
23:40:36.377 [TestNG-test=RetryMultipleFailedTestcases-1] INFO  BasicEditingTC.F12_UndoRedoTC - clicked on First para from VE
23:40:38.769 [TestNG-test=RetryMultipleFailedTestcases-1] INFO  BasicEditingTC.F12_UndoRedoTC - Verifying Address present in VE
23:40:39.182 [TestNG-test=RetryMultipleFailedTestcases-2] INFO  BasicEditingTC.F12_UndoRedoTC - Logged in, searched for a file, and clicked Edit.
23:40:39.182 [TestNG-test=RetryMultipleFailedTestcases-2] INFO  BasicEditingTC.F12_UndoRedoTC - Created F4_Table instance.
23:40:46.389 [TestNG-test=RetryMultipleFailedTestcases-4] INFO  BasicEditingTC.F12_UndoRedoTC - clicked on First para from VE
23:40:47.564 [TestNG-test=RetryMultipleFailedTestcases-2] INFO  BasicEditingTC.F12_UndoRedoTC - Inserted table using ReusableMethods.
23:40:47.602 [TestNG-test=RetryMultipleFailedTestcases-2] INFO  BasicEditingTC.F12_UndoRedoTC - Switched to frame 0.
23:40:47.650 [TestNG-test=RetryMultipleFailedTestcases-2] INFO  BasicEditingTC.F12_UndoRedoTC - Table is inserted in the Visual Editor.
23:40:47.652 [TestNG-test=RetryMultipleFailedTestcases-2] INFO  BasicEditingTC.F12_UndoRedoTC - Switched back to default content.
23:40:47.711 [TestNG-test=RetryMultipleFailedTestcases-2] INFO  BasicEditingTC.F12_UndoRedoTC - Document Structure is updated with the table.
23:40:48.336 [TestNG-test=RetryMultipleFailedTestcases-4] INFO  BasicEditingTC.F12_UndoRedoTC - Verifying Address present in VE
23:41:03.351 [TestNG-test=RetryMultipleFailedTestcases-3] INFO  BasicEditingTC.F9_FootnoteTC - Logged in and searched for a file, then clicked Edit.
23:41:03.372 [TestNG-test=RetryMultipleFailedTestcases-3] INFO  BasicEditingTC.F9_FootnoteTC - Switched to frame 0.
23:41:03.746 [TestNG-test=RetryMultipleFailedTestcases-3] INFO  BasicEditingTC.F9_FootnoteTC - Switched to default content.
23:41:15.142 [TestNG-test=RetryMultipleFailedTestcases-1] INFO  BasicEditingTC.F9_FootnoteTC - Logged in and searched for a file, then clicked Edit.
23:41:15.155 [TestNG-test=RetryMultipleFailedTestcases-1] INFO  BasicEditingTC.F9_FootnoteTC - Switched to frame 0.
23:41:15.771 [TestNG-test=RetryMultipleFailedTestcases-1] INFO  BasicEditingTC.F9_FootnoteTC - Switched to default content.
23:41:28.132 [TestNG-test=RetryMultipleFailedTestcases-1] INFO  BasicEditingTC.F9_FootnoteTC - Switched to frame 0.
23:41:28.568 [TestNG-test=RetryMultipleFailedTestcases-1] INFO  BasicEditingTC.F9_FootnoteTC - Switched to default content.
23:41:29.062 [TestNG-test=RetryMultipleFailedTestcases-4] INFO  BasicEditingTC.F9_FootnoteTC - Logged in and searched for a file, then clicked Edit.
23:41:29.093 [TestNG-test=RetryMultipleFailedTestcases-4] INFO  BasicEditingTC.F9_FootnoteTC - Switched to frame 0.
23:41:29.512 [TestNG-test=RetryMultipleFailedTestcases-4] INFO  BasicEditingTC.F9_FootnoteTC - Switched to default content.
23:42:07.939 [TestNG-test=RetryMultipleFailedTestcases-1] INFO  BasicEditingTC.F9_FootnoteTC - Logged in and searched for a file, then clicked Edit.
23:42:07.963 [TestNG-test=RetryMultipleFailedTestcases-1] INFO  BasicEditingTC.F9_FootnoteTC - Switched to frame 0.
23:42:08.040 [TestNG-test=RetryMultipleFailedTestcases-2] INFO  BasicEditingTC.F9_FootnoteTC - Logged in and searched for a file, then clicked Edit.
23:42:08.064 [TestNG-test=RetryMultipleFailedTestcases-2] INFO  BasicEditingTC.F9_FootnoteTC - Switched to frame 0.
23:42:08.491 [TestNG-test=RetryMultipleFailedTestcases-1] INFO  BasicEditingTC.F9_FootnoteTC - Switched to default content.
23:42:08.510 [TestNG-test=RetryMultipleFailedTestcases-2] INFO  BasicEditingTC.F9_FootnoteTC - Switched to default content.
23:42:27.008 [TestNG-test=RetryMultipleFailedTestcases-1] INFO  BasicEditingTC.F9_FootnoteTC - Switched to frame 0.
23:42:27.467 [TestNG-test=RetryMultipleFailedTestcases-4] INFO  BasicEditingTC.F9_FootnoteTC - Logged in and searched for a file, then clicked Edit.
23:42:27.586 [TestNG-test=RetryMultipleFailedTestcases-4] INFO  BasicEditingTC.F9_FootnoteTC - Switched to frame 0.
23:42:27.750 [TestNG-test=RetryMultipleFailedTestcases-1] INFO  BasicEditingTC.F9_FootnoteTC - Switched to default content.
23:42:28.198 [TestNG-test=RetryMultipleFailedTestcases-4] INFO  BasicEditingTC.F9_FootnoteTC - Switched to default content.
23:43:05.356 [TestNG-test=RetryMultipleFailedTestcases-3] INFO  BasicEditingTC.F9_FootnoteTC - Logged in and searched for a file, then clicked Edit.
23:43:05.372 [TestNG-test=RetryMultipleFailedTestcases-3] INFO  BasicEditingTC.F9_FootnoteTC - Switched to frame 0.
23:43:05.715 [TestNG-test=RetryMultipleFailedTestcases-3] INFO  BasicEditingTC.F9_FootnoteTC - Switched to default content.
23:43:08.650 [TestNG-test=RetryMultipleFailedTestcases-2] INFO  BasicEditingTC.F9_FootnoteTC - Logged in and searched for a file, then clicked Edit.
23:43:08.662 [TestNG-test=RetryMultipleFailedTestcases-2] INFO  BasicEditingTC.F9_FootnoteTC - Switched to frame 0.
23:43:09.161 [TestNG-test=RetryMultipleFailedTestcases-2] INFO  BasicEditingTC.F9_FootnoteTC - Switched to default content.
23:43:20.307 [TestNG-test=RetryMultipleFailedTestcases-1] INFO  BasicEditingTC.F9_FootnoteTC - Logged in and searched for a file, then clicked Edit.
23:43:20.336 [TestNG-test=RetryMultipleFailedTestcases-1] INFO  BasicEditingTC.F9_FootnoteTC - Switched to frame 0.
23:43:21.243 [TestNG-test=RetryMultipleFailedTestcases-1] INFO  BasicEditingTC.F9_FootnoteTC - Switched to default content.
23:43:23.923 [TestNG-test=RetryMultipleFailedTestcases-4] INFO  BasicEditingTC.F9_FootnoteTC - Logged in and searched for a file, then clicked Edit.
23:43:23.951 [TestNG-test=RetryMultipleFailedTestcases-4] INFO  BasicEditingTC.F9_FootnoteTC - Switched to frame 0.
23:43:24.553 [TestNG-test=RetryMultipleFailedTestcases-4] INFO  BasicEditingTC.F9_FootnoteTC - Switched to default content.
23:43:31.492 [TestNG-test=RetryMultipleFailedTestcases-1] INFO  BasicEditingTC.F9_FootnoteTC - Switched to frame 0.
23:43:31.995 [TestNG-test=RetryMultipleFailedTestcases-1] INFO  BasicEditingTC.F9_FootnoteTC - Switched to default content.
23:44:04.039 [TestNG-test=RetryMultipleFailedTestcases-2] INFO  BasicEditingTC.F9_FootnoteTC - Logged in and searched for a file, then clicked Edit.
23:44:04.084 [TestNG-test=RetryMultipleFailedTestcases-2] INFO  BasicEditingTC.F9_FootnoteTC - Switched to frame 0.
23:44:04.538 [TestNG-test=RetryMultipleFailedTestcases-2] INFO  BasicEditingTC.F9_FootnoteTC - Switched to default content.
23:44:25.108 [TestNG-test=RetryMultipleFailedTestcases-3] INFO  BasicEditingTC.F1_SectionTC - Starting Verify_InsertSectionAtBeginning ..
23:44:29.570 [TestNG-test=RetryMultipleFailedTestcases-2] INFO  BasicEditingTC.F1_SectionTC - Starting Verify_InsertsectionAtMiddle ..
23:44:41.092 [TestNG-test=RetryMultipleFailedTestcases-1] INFO  BasicEditingTC.F1_SectionTC - Starting Verify_InsertsectionAtEnd ..
23:44:53.474 [TestNG-test=RetryMultipleFailedTestcases-4] INFO  BasicEditingTC.F1_SectionTC - Starting VerifyDeleteSection ..
23:45:02.187 [TestNG-test=RetryMultipleFailedTestcases-3] INFO  BasicEditingTC.F1_SectionTC - Cliked on First section heading
23:45:03.054 [TestNG-test=RetryMultipleFailedTestcases-3] INFO  BasicEditingTC.F1_SectionTC - Right Clicked on First section heading
23:45:03.353 [TestNG-test=RetryMultipleFailedTestcases-3] INFO  BasicEditingTC.F1_SectionTC - Clicked on Insert After from through right click
23:45:03.615 [TestNG-test=RetryMultipleFailedTestcases-3] INFO  BasicEditingTC.F1_SectionTC - Search for Section 
23:45:03.796 [TestNG-test=RetryMultipleFailedTestcases-3] INFO  BasicEditingTC.F1_SectionTC - Section is selected 
23:45:04.323 [TestNG-test=RetryMultipleFailedTestcases-3] INFO  BasicEditingTC.F1_SectionTC - Clicked on insert element button
23:45:05.765 [TestNG-test=RetryMultipleFailedTestcases-2] INFO  BasicEditingTC.F1_SectionTC - Cliked on Middle section heading
23:45:06.608 [TestNG-test=RetryMultipleFailedTestcases-3] INFO  BasicEditingTC.F1_SectionTC - In the Ds new section is added
23:45:06.617 [TestNG-test=RetryMultipleFailedTestcases-2] INFO  BasicEditingTC.F1_SectionTC - Right Clicked on Middle section heading
23:45:06.697 [TestNG-test=RetryMultipleFailedTestcases-3] INFO  BasicEditingTC.F1_SectionTC - In the VE new section is added
23:45:06.698 [TestNG-test=RetryMultipleFailedTestcases-3] INFO  BasicEditingTC.F1_SectionTC - Finished Verify_InsertSectionAtBeginning ..
23:45:07.213 [TestNG-test=RetryMultipleFailedTestcases-2] INFO  BasicEditingTC.F1_SectionTC - Clicked on Insert After from through right click
23:45:08.535 [TestNG-test=RetryMultipleFailedTestcases-2] INFO  BasicEditingTC.F1_SectionTC - Clicked on insert element button
23:45:09.949 [TestNG-test=RetryMultipleFailedTestcases-2] INFO  BasicEditingTC.F1_SectionTC - In the Ds new section is added
23:45:10.052 [TestNG-test=RetryMultipleFailedTestcases-2] INFO  BasicEditingTC.F1_SectionTC - In the VE new section is added at middle
23:45:10.052 [TestNG-test=RetryMultipleFailedTestcases-2] INFO  BasicEditingTC.F1_SectionTC - Finished Verify_InsertsectionAtMiddle ..
23:45:17.025 [TestNG-test=RetryMultipleFailedTestcases-2] INFO  BasicEditingTC.F1_SectionTC - Starting Verify_insertAfterSection ..
23:45:17.624 [TestNG-test=RetryMultipleFailedTestcases-3] INFO  BasicEditingTC.F1_SectionTC - Starting Verify_PressEnterInToSectionNumber ..
23:45:20.164 [TestNG-test=RetryMultipleFailedTestcases-1] INFO  BasicEditingTC.F1_SectionTC - Starting Verify_InsertsectionAtEnd ..
23:45:37.563 [TestNG-test=RetryMultipleFailedTestcases-4] INFO  BasicEditingTC.F1_SectionTC - Verifying section presence in Visual Editor...
23:45:37.803 [TestNG-test=RetryMultipleFailedTestcases-4] INFO  BasicEditingTC.F1_SectionTC - Clicked on Quick Preview Button....
23:45:37.905 [TestNG-test=RetryMultipleFailedTestcases-4] INFO  BasicEditingTC.F1_SectionTC - Verifying section presence in Quick Preview...
23:45:38.373 [TestNG-test=RetryMultipleFailedTestcases-4] INFO  BasicEditingTC.F1_SectionTC - Clicked on visual Editor Button....
23:45:39.618 [TestNG-test=RetryMultipleFailedTestcases-4] INFO  BasicEditingTC.F1_SectionTC - Right clicked and click on Remove element....
23:45:40.583 [TestNG-test=RetryMultipleFailedTestcases-4] INFO  BasicEditingTC.F1_SectionTC - Clicked on Accept changes Button....
23:45:58.084 [TestNG-test=RetryMultipleFailedTestcases-3] INFO  BasicEditingTC.F1_SectionTC - Clicked on Section Number
23:45:58.144 [TestNG-test=RetryMultipleFailedTestcases-3] INFO  BasicEditingTC.F1_SectionTC - Before Pressed Enter key the section number is :7.2
23:45:58.312 [TestNG-test=RetryMultipleFailedTestcases-3] INFO  BasicEditingTC.F1_SectionTC - Pressed Enter key
23:45:59.927 [TestNG-test=RetryMultipleFailedTestcases-3] INFO  BasicEditingTC.F1_SectionTC - After pressed Enter key section number is :7
23:45:59.927 [TestNG-test=RetryMultipleFailedTestcases-3] INFO  BasicEditingTC.F1_SectionTC - New section Number is Added in VE
23:45:59.994 [TestNG-test=RetryMultipleFailedTestcases-3] INFO  BasicEditingTC.F1_SectionTC - New section Number is Added in DS
23:46:00.585 [TestNG-test=RetryMultipleFailedTestcases-3] INFO  BasicEditingTC.F1_SectionTC - Clicked on Code View button
23:46:01.599 [TestNG-test=RetryMultipleFailedTestcases-1] INFO  BasicEditingTC.F1_SectionTC - Cliked on Last section heading
23:46:02.214 [TestNG-test=RetryMultipleFailedTestcases-1] INFO  BasicEditingTC.F1_SectionTC - Right Clicked on Last section heading
23:46:02.299 [TestNG-test=RetryMultipleFailedTestcases-2] INFO  BasicEditingTC.F1_SectionTC - Cliked on First section heading from VE
23:46:02.377 [TestNG-test=RetryMultipleFailedTestcases-2] INFO  BasicEditingTC.F1_SectionTC - Before Adding New Section the section number is :7.2.1
23:46:02.702 [TestNG-test=RetryMultipleFailedTestcases-1] INFO  BasicEditingTC.F1_SectionTC - Clicked on Insert After from through right click
23:46:02.868 [TestNG-test=RetryMultipleFailedTestcases-2] INFO  BasicEditingTC.F1_SectionTC - Right Clicked on First section heading
23:46:03.222 [TestNG-test=RetryMultipleFailedTestcases-2] INFO  BasicEditingTC.F1_SectionTC - Clicked on Insert After from through right click
23:46:03.470 [TestNG-test=RetryMultipleFailedTestcases-1] INFO  BasicEditingTC.F1_SectionTC - Clicked on insert element button
23:46:03.929 [TestNG-test=RetryMultipleFailedTestcases-2] INFO  BasicEditingTC.F1_SectionTC - Clicked on insert element button
23:46:04.582 [TestNG-test=RetryMultipleFailedTestcases-1] INFO  BasicEditingTC.F1_SectionTC - In the Ds new section is added
23:46:04.632 [TestNG-test=RetryMultipleFailedTestcases-1] INFO  BasicEditingTC.F1_SectionTC - In the VE new section is added at end
23:46:04.632 [TestNG-test=RetryMultipleFailedTestcases-1] INFO  BasicEditingTC.F1_SectionTC - Finished Verify_InsertsectionAtEnd ..
23:46:06.091 [TestNG-test=RetryMultipleFailedTestcases-2] INFO  BasicEditingTC.F1_SectionTC - In the Ds new section is added
23:46:06.143 [TestNG-test=RetryMultipleFailedTestcases-2] INFO  BasicEditingTC.F1_SectionTC - AfterAdding New Section the section number is :7.2.17.2.2
23:46:06.143 [TestNG-test=RetryMultipleFailedTestcases-2] INFO  BasicEditingTC.F1_SectionTC - After Adding New Section there is Resequancing happend in VE
23:46:06.373 [TestNG-test=RetryMultipleFailedTestcases-2] INFO  BasicEditingTC.F1_SectionTC - Clicked on Code View button
23:46:10.351 [TestNG-test=RetryMultipleFailedTestcases-1] INFO  BasicEditingTC.F1_SectionTC - Starting Verify_insertAfterSectionNumber ..
23:46:21.763 [TestNG-test=RetryMultipleFailedTestcases-4] INFO  BasicEditingTC.F1_SectionTC - Verifying section is not present in Visual Editor...
23:46:21.931 [TestNG-test=RetryMultipleFailedTestcases-4] INFO  BasicEditingTC.F1_SectionTC - Clicked on Code View Button....
23:46:40.693 [TestNG-test=RetryMultipleFailedTestcases-3] INFO  BasicEditingTC.F1_SectionTC - No Content Validation error is present in CodeView.
23:46:41.003 [TestNG-test=RetryMultipleFailedTestcases-3] INFO  BasicEditingTC.F1_SectionTC - Clicked on Quick Preview button
23:46:45.731 [TestNG-test=RetryMultipleFailedTestcases-3] INFO  BasicEditingTC.F1_SectionTC - Starting Verify_PressEnterInToSectionNumber ..
23:46:46.529 [TestNG-test=RetryMultipleFailedTestcases-2] INFO  BasicEditingTC.F1_SectionTC - No Content Validation error is present in CodeView.
23:46:46.779 [TestNG-test=RetryMultipleFailedTestcases-2] INFO  BasicEditingTC.F1_SectionTC - Clicked on Quick Preview button
23:46:46.827 [TestNG-test=RetryMultipleFailedTestcases-2] INFO  BasicEditingTC.F1_SectionTC - After Adding New Section there is Resequancing happend in QP
23:46:46.827 [TestNG-test=RetryMultipleFailedTestcases-2] INFO  BasicEditingTC.F1_SectionTC - Finished Verify_insertAfterSection ..
23:46:52.496 [TestNG-test=RetryMultipleFailedTestcases-2] INFO  BasicEditingTC.F1_SectionTC - Starting Verify_insertAfterSectionheading ..
23:47:02.007 [TestNG-test=RetryMultipleFailedTestcases-4] INFO  BasicEditingTC.F1_SectionTC - Verifying content validation is not Occured...
23:47:02.247 [TestNG-test=RetryMultipleFailedTestcases-4] INFO  BasicEditingTC.F1_SectionTC - Clicked on Quick Preview Button....
23:47:08.051 [TestNG-test=RetryMultipleFailedTestcases-1] INFO  BasicEditingTC.F1_SectionTC - Cliked on First section heading from VE
23:47:08.115 [TestNG-test=RetryMultipleFailedTestcases-1] INFO  BasicEditingTC.F1_SectionTC - Before Adding New Section Number the section number is :7.2.1
23:47:08.545 [TestNG-test=RetryMultipleFailedTestcases-1] INFO  BasicEditingTC.F1_SectionTC - Right Clicked on First section heading
23:47:08.862 [TestNG-test=RetryMultipleFailedTestcases-1] INFO  BasicEditingTC.F1_SectionTC - Clicked on insert element button
23:47:10.860 [TestNG-test=RetryMultipleFailedTestcases-1] INFO  BasicEditingTC.F1_SectionTC - In the Ds new section number is added
23:47:10.910 [TestNG-test=RetryMultipleFailedTestcases-1] INFO  BasicEditingTC.F1_SectionTC - Afterc Adding New Number Section the section number is :7.2.1
23:47:10.910 [TestNG-test=RetryMultipleFailedTestcases-1] INFO  BasicEditingTC.F1_SectionTC - After Adding New Section Number Resequencing is not happend VE
23:47:11.177 [TestNG-test=RetryMultipleFailedTestcases-1] INFO  BasicEditingTC.F1_SectionTC - Clicked on Code View button
23:47:25.886 [TestNG-test=RetryMultipleFailedTestcases-2] INFO  BasicEditingTC.F1_SectionTC - Cliked on First section heading from VE
23:47:25.952 [TestNG-test=RetryMultipleFailedTestcases-2] INFO  BasicEditingTC.F1_SectionTC - Before Adding New Section Heading the section number is :7.2.1
23:47:26.418 [TestNG-test=RetryMultipleFailedTestcases-2] INFO  BasicEditingTC.F1_SectionTC - Right Clicked on First section heading
23:47:26.567 [TestNG-test=RetryMultipleFailedTestcases-3] INFO  BasicEditingTC.F1_SectionTC - Clicked on Section Number
23:47:26.618 [TestNG-test=RetryMultipleFailedTestcases-3] INFO  BasicEditingTC.F1_SectionTC - Before Pressed Enter key the section number is :7.2
23:47:26.799 [TestNG-test=RetryMultipleFailedTestcases-3] INFO  BasicEditingTC.F1_SectionTC - Pressed Enter key
23:47:27.658 [TestNG-test=RetryMultipleFailedTestcases-2] INFO  BasicEditingTC.F1_SectionTC - Clicked on insert element button
23:47:28.138 [TestNG-test=RetryMultipleFailedTestcases-3] INFO  BasicEditingTC.F1_SectionTC - After pressed Enter key section number is :7
23:47:28.138 [TestNG-test=RetryMultipleFailedTestcases-3] INFO  BasicEditingTC.F1_SectionTC - New section Number is Added in VE
23:47:28.197 [TestNG-test=RetryMultipleFailedTestcases-3] INFO  BasicEditingTC.F1_SectionTC - New section Number is Added in DS
23:47:28.249 [TestNG-test=RetryMultipleFailedTestcases-2] INFO  BasicEditingTC.F1_SectionTC - In the Ds new section Heading is added
23:47:28.285 [TestNG-test=RetryMultipleFailedTestcases-2] INFO  BasicEditingTC.F1_SectionTC - Afterc Adding New Section heading the section number is :7.2.1
23:47:28.285 [TestNG-test=RetryMultipleFailedTestcases-2] INFO  BasicEditingTC.F1_SectionTC - After Adding New Section heading Resequencing is not happend VE
23:47:28.412 [TestNG-test=RetryMultipleFailedTestcases-3] INFO  BasicEditingTC.F1_SectionTC - Clicked on Code View button
23:47:28.510 [TestNG-test=RetryMultipleFailedTestcases-2] INFO  BasicEditingTC.F1_SectionTC - Clicked on Code View button
23:47:42.403 [TestNG-test=RetryMultipleFailedTestcases-4] INFO  BasicEditingTC.F1_SectionTC - Verifying section is not present in Quick Preview...
23:47:42.403 [TestNG-test=RetryMultipleFailedTestcases-4] INFO  BasicEditingTC.F1_SectionTC - Finished VerifyDeleteSection ..
23:47:47.491 [TestNG-test=RetryMultipleFailedTestcases-4] INFO  BasicEditingTC.F1_SectionTC - Starting Verify_PressEnterInToSectionheading ..
23:47:51.380 [TestNG-test=RetryMultipleFailedTestcases-1] INFO  BasicEditingTC.F1_SectionTC - No Content Validation error is present in CodeView.
23:47:51.635 [TestNG-test=RetryMultipleFailedTestcases-1] INFO  BasicEditingTC.F1_SectionTC - Clicked on Quick Preview button
23:47:51.661 [TestNG-test=RetryMultipleFailedTestcases-1] INFO  BasicEditingTC.F1_SectionTC - After Adding New Section Number Resequencing is not happend QP
23:47:51.661 [TestNG-test=RetryMultipleFailedTestcases-1] INFO  BasicEditingTC.F1_SectionTC - Finished Verify_insertAfterSectionNumber ..
23:47:56.404 [TestNG-test=RetryMultipleFailedTestcases-1] INFO  BasicEditingTC.F1_SectionTC - Starting VerifyDeleteSectionHeading ..
23:48:08.479 [TestNG-test=RetryMultipleFailedTestcases-3] INFO  BasicEditingTC.F1_SectionTC - No Content Validation error is present in CodeView.
23:48:08.628 [TestNG-test=RetryMultipleFailedTestcases-2] INFO  BasicEditingTC.F1_SectionTC - No Content Validation error is present in CodeView.
23:48:08.830 [TestNG-test=RetryMultipleFailedTestcases-3] INFO  BasicEditingTC.F1_SectionTC - Clicked on Quick Preview button
23:48:08.956 [TestNG-test=RetryMultipleFailedTestcases-2] INFO  BasicEditingTC.F1_SectionTC - Clicked on Quick Preview button
23:48:08.999 [TestNG-test=RetryMultipleFailedTestcases-2] INFO  BasicEditingTC.F1_SectionTC - After Adding New Section Heading Resequencing is not happend QP
23:48:09.000 [TestNG-test=RetryMultipleFailedTestcases-2] INFO  BasicEditingTC.F1_SectionTC - Finished Verify_insertAfterSectionheading ..
23:48:16.831 [TestNG-test=RetryMultipleFailedTestcases-2] INFO  BasicEditingTC.F1_SectionTC - Starting VerifyDeleteSectionNumber ..
23:48:16.833 [TestNG-test=RetryMultipleFailedTestcases-3] INFO  BasicEditingTC.F1_SectionTC - Starting Verify_PressEnterInToSectionNumber ..
23:48:19.295 [TestNG-test=RetryMultipleFailedTestcases-4] INFO  BasicEditingTC.F1_SectionTC - Clicked on Section Heading
23:48:19.343 [TestNG-test=RetryMultipleFailedTestcases-4] INFO  BasicEditingTC.F1_SectionTC - Before Pressed Enter key the section Heading Text is :Reported Court Cases
23:48:19.488 [TestNG-test=RetryMultipleFailedTestcases-4] INFO  BasicEditingTC.F1_SectionTC - Pressed Enter key
23:48:20.305 [TestNG-test=RetryMultipleFailedTestcases-4] INFO  BasicEditingTC.F1_SectionTC - After pressed Enter key section Section heading text is :Reported C
23:48:20.305 [TestNG-test=RetryMultipleFailedTestcases-4] INFO  BasicEditingTC.F1_SectionTC - New section Heading is Added in VE
23:48:20.347 [TestNG-test=RetryMultipleFailedTestcases-4] INFO  BasicEditingTC.F1_SectionTC - New section Heading is Added in DS
23:48:20.578 [TestNG-test=RetryMultipleFailedTestcases-4] INFO  BasicEditingTC.F1_SectionTC - Clicked on Code View button
23:48:31.456 [TestNG-test=RetryMultipleFailedTestcases-1] INFO  BasicEditingTC.F1_SectionTC - Clicked on Document structure First section....
23:48:32.333 [TestNG-test=RetryMultipleFailedTestcases-1] INFO  BasicEditingTC.F1_SectionTC - Right clicked and removerd section heading
23:48:32.628 [TestNG-test=RetryMultipleFailedTestcases-1] INFO  BasicEditingTC.F1_SectionTC - Clicked on Accept changes Button....
23:49:00.643 [TestNG-test=RetryMultipleFailedTestcases-4] INFO  BasicEditingTC.F1_SectionTC - No Content Validation error is present in CodeView.
23:49:01.094 [TestNG-test=RetryMultipleFailedTestcases-4] INFO  BasicEditingTC.F1_SectionTC - Clicked on Quick Preview button
23:49:01.413 [TestNG-test=RetryMultipleFailedTestcases-2] INFO  BasicEditingTC.F1_SectionTC - Clicked on Document structure First section....
23:49:03.063 [TestNG-test=RetryMultipleFailedTestcases-2] INFO  BasicEditingTC.F1_SectionTC - Right clicked and removerd section Number
23:49:04.644 [TestNG-test=RetryMultipleFailedTestcases-2] INFO  BasicEditingTC.F1_SectionTC - Clicked on Accept changes Button....
23:49:05.363 [TestNG-test=RetryMultipleFailedTestcases-3] INFO  BasicEditingTC.F1_SectionTC - Clicked on Section Number
23:49:05.422 [TestNG-test=RetryMultipleFailedTestcases-3] INFO  BasicEditingTC.F1_SectionTC - Before Pressed Enter key the section number is :7.2
23:49:05.634 [TestNG-test=RetryMultipleFailedTestcases-3] INFO  BasicEditingTC.F1_SectionTC - Pressed Enter key
23:49:06.847 [TestNG-test=RetryMultipleFailedTestcases-3] INFO  BasicEditingTC.F1_SectionTC - After pressed Enter key section number is :7
23:49:06.847 [TestNG-test=RetryMultipleFailedTestcases-3] INFO  BasicEditingTC.F1_SectionTC - New section Number is Added in VE
23:49:06.900 [TestNG-test=RetryMultipleFailedTestcases-3] INFO  BasicEditingTC.F1_SectionTC - New section Number is Added in DS
23:49:07.133 [TestNG-test=RetryMultipleFailedTestcases-3] INFO  BasicEditingTC.F1_SectionTC - Clicked on Code View button
23:49:07.783 [TestNG-test=RetryMultipleFailedTestcases-4] INFO  BasicEditingTC.F1_SectionTC - Starting Verify_PressEnterInToSectionheading ..
23:49:13.660 [TestNG-test=RetryMultipleFailedTestcases-1] INFO  BasicEditingTC.F1_SectionTC - Verifying section Heading is not present in Visual Editor...
23:49:14.007 [TestNG-test=RetryMultipleFailedTestcases-1] INFO  BasicEditingTC.F1_SectionTC - Clicked on Code View Button....
23:49:40.800 [TestNG-test=RetryMultipleFailedTestcases-4] INFO  BasicEditingTC.F1_SectionTC - Clicked on Section Heading
23:49:40.885 [TestNG-test=RetryMultipleFailedTestcases-4] INFO  BasicEditingTC.F1_SectionTC - Before Pressed Enter key the section Heading Text is :Reported Court Cases
23:49:40.995 [TestNG-test=RetryMultipleFailedTestcases-4] INFO  BasicEditingTC.F1_SectionTC - Pressed Enter key
23:49:41.596 [TestNG-test=RetryMultipleFailedTestcases-4] INFO  BasicEditingTC.F1_SectionTC - After pressed Enter key section Section heading text is :Reported C
23:49:41.596 [TestNG-test=RetryMultipleFailedTestcases-4] INFO  BasicEditingTC.F1_SectionTC - New section Heading is Added in VE
23:49:41.631 [TestNG-test=RetryMultipleFailedTestcases-4] INFO  BasicEditingTC.F1_SectionTC - New section Heading is Added in DS
23:49:41.793 [TestNG-test=RetryMultipleFailedTestcases-4] INFO  BasicEditingTC.F1_SectionTC - Clicked on Code View button
23:49:46.799 [TestNG-test=RetryMultipleFailedTestcases-2] INFO  BasicEditingTC.F1_SectionTC - Verifying section Number is not present in Visual Editor...
23:49:47.228 [TestNG-test=RetryMultipleFailedTestcases-3] INFO  BasicEditingTC.F1_SectionTC - No Content Validation error is present in CodeView.
23:49:47.240 [TestNG-test=RetryMultipleFailedTestcases-2] INFO  BasicEditingTC.F1_SectionTC - Clicked on Code View Button....
23:49:47.427 [TestNG-test=RetryMultipleFailedTestcases-3] INFO  BasicEditingTC.F1_SectionTC - Clicked on Quick Preview button
23:49:52.507 [TestNG-test=RetryMultipleFailedTestcases-3] INFO  BasicEditingTC.F1_SectionTC - Starting Verify_DeleteSectionNumberBackSpacekey ..
23:49:54.126 [TestNG-test=RetryMultipleFailedTestcases-1] INFO  BasicEditingTC.F1_SectionTC - Verifying content validation is not Occured...
23:49:54.328 [TestNG-test=RetryMultipleFailedTestcases-1] INFO  BasicEditingTC.F1_SectionTC - Clicked on Quick Preview Button....
23:49:55.888 [TestNG-test=RetryMultipleFailedTestcases-2] INFO  BasicEditingTC.F1_SectionTC - Starting VerifyDeleteSectionNumber ..
23:50:21.915 [TestNG-test=RetryMultipleFailedTestcases-4] INFO  BasicEditingTC.F1_SectionTC - No Content Validation error is present in CodeView.
23:50:22.218 [TestNG-test=RetryMultipleFailedTestcases-4] INFO  BasicEditingTC.F1_SectionTC - Clicked on Quick Preview button
23:50:28.076 [TestNG-test=RetryMultipleFailedTestcases-3] INFO  BasicEditingTC.F1_SectionTC - Double Clicked on Section Number....
23:50:28.363 [TestNG-test=RetryMultipleFailedTestcases-3] INFO  BasicEditingTC.F1_SectionTC -  Clicked on deleted Section Number from VE....
23:50:29.347 [TestNG-test=RetryMultipleFailedTestcases-3] INFO  BasicEditingTC.F1_SectionTC - Clicked on Accept changes Button....
23:50:30.616 [TestNG-test=RetryMultipleFailedTestcases-3] INFO  BasicEditingTC.F1_SectionTC - New Section Number is Inserted In VE
23:50:30.655 [TestNG-test=RetryMultipleFailedTestcases-4] INFO  BasicEditingTC.F1_SectionTC - Starting Verify_PressEnterInToSectionheading ..
23:50:31.177 [TestNG-test=RetryMultipleFailedTestcases-3] INFO  BasicEditingTC.F1_SectionTC - Clicked on Accept changes Button....
23:50:31.631 [TestNG-test=RetryMultipleFailedTestcases-3] INFO  BasicEditingTC.F1_SectionTC - Clicked on Code View Button....
23:50:34.458 [TestNG-test=RetryMultipleFailedTestcases-1] INFO  BasicEditingTC.F1_SectionTC - Verifying section heading is not present in Quick Preview...
23:50:34.458 [TestNG-test=RetryMultipleFailedTestcases-1] INFO  BasicEditingTC.F1_SectionTC - Finished VerifyDeleteSectionHeading ..
23:50:40.733 [TestNG-test=RetryMultipleFailedTestcases-2] INFO  BasicEditingTC.F1_SectionTC - Clicked on Document structure First section....
23:50:40.906 [TestNG-test=RetryMultipleFailedTestcases-1] INFO  BasicEditingTC.F1_SectionTC - Starting Verify_DeleteSectionfromDS_usingDeleteKey ..
23:50:42.061 [TestNG-test=RetryMultipleFailedTestcases-2] INFO  BasicEditingTC.F1_SectionTC - Right clicked and removerd section Number
23:50:42.905 [TestNG-test=RetryMultipleFailedTestcases-2] INFO  BasicEditingTC.F1_SectionTC - Clicked on Accept changes Button....
23:51:06.357 [TestNG-test=RetryMultipleFailedTestcases-4] INFO  BasicEditingTC.F1_SectionTC - Clicked on Section Heading
23:51:06.442 [TestNG-test=RetryMultipleFailedTestcases-4] INFO  BasicEditingTC.F1_SectionTC - Before Pressed Enter key the section Heading Text is :Reported Court Cases
23:51:06.746 [TestNG-test=RetryMultipleFailedTestcases-4] INFO  BasicEditingTC.F1_SectionTC - Pressed Enter key
23:51:08.817 [TestNG-test=RetryMultipleFailedTestcases-4] INFO  BasicEditingTC.F1_SectionTC - After pressed Enter key section Section heading text is :Reported C
23:51:08.817 [TestNG-test=RetryMultipleFailedTestcases-4] INFO  BasicEditingTC.F1_SectionTC - New section Heading is Added in VE
23:51:08.870 [TestNG-test=RetryMultipleFailedTestcases-4] INFO  BasicEditingTC.F1_SectionTC - New section Heading is Added in DS
23:51:09.092 [TestNG-test=RetryMultipleFailedTestcases-4] INFO  BasicEditingTC.F1_SectionTC - Clicked on Code View button
23:51:11.739 [TestNG-test=RetryMultipleFailedTestcases-3] INFO  BasicEditingTC.F1_SectionTC - Verifying content validation is not Occured...
23:51:12.040 [TestNG-test=RetryMultipleFailedTestcases-3] INFO  BasicEditingTC.F1_SectionTC - Clicked on Quick Preview Button....
23:51:17.137 [TestNG-test=RetryMultipleFailedTestcases-1] INFO  BasicEditingTC.F1_SectionTC - Clicked on Delete button
23:51:17.205 [TestNG-test=RetryMultipleFailedTestcases-1] INFO  BasicEditingTC.F1_SectionTC - Next Section element is Highlighted In DS
23:51:17.302 [TestNG-test=RetryMultipleFailedTestcases-1] INFO  BasicEditingTC.F1_SectionTC - Next Section element is Highlighted In VE
23:51:17.554 [TestNG-test=RetryMultipleFailedTestcases-1] INFO  BasicEditingTC.F1_SectionTC - Clicked on Code View button
23:51:23.995 [TestNG-test=RetryMultipleFailedTestcases-2] INFO  BasicEditingTC.F1_SectionTC - Verifying section Number is not present in Visual Editor...
23:51:24.293 [TestNG-test=RetryMultipleFailedTestcases-2] INFO  BasicEditingTC.F1_SectionTC - Clicked on Code View Button....
23:51:49.200 [TestNG-test=RetryMultipleFailedTestcases-4] INFO  BasicEditingTC.F1_SectionTC - No Content Validation error is present in CodeView.
23:51:49.466 [TestNG-test=RetryMultipleFailedTestcases-4] INFO  BasicEditingTC.F1_SectionTC - Clicked on Quick Preview button
23:51:52.121 [TestNG-test=RetryMultipleFailedTestcases-3] INFO  BasicEditingTC.F1_SectionTC - Verifying section Number is not present in Quick Preview...
23:51:52.121 [TestNG-test=RetryMultipleFailedTestcases-3] INFO  BasicEditingTC.F1_SectionTC - Finished Verify_DeleteSectionNumberBackSpacekey ..
23:51:54.423 [TestNG-test=RetryMultipleFailedTestcases-4] INFO  BasicEditingTC.F1_SectionTC - Starting Verify_InsertNewParaCheckDShighlighted ..
23:51:56.897 [TestNG-test=RetryMultipleFailedTestcases-3] INFO  BasicEditingTC.F1_SectionTC - Starting Verify_NewSectionNumberIsNotDeleted ..
23:51:57.663 [TestNG-test=RetryMultipleFailedTestcases-1] INFO  BasicEditingTC.F1_SectionTC - No Content Validation error is present in CodeView.
23:51:57.663 [TestNG-test=RetryMultipleFailedTestcases-1] INFO  BasicEditingTC.F1_SectionTC - Finished Verify_DeleteSectionfromDS_usingDeleteKey ..
23:52:02.407 [TestNG-test=RetryMultipleFailedTestcases-1] INFO  BasicEditingTC.F1_SectionTC - Starting Verify_AddcontentSpaceHitEnter ..
23:52:04.406 [TestNG-test=RetryMultipleFailedTestcases-2] INFO  BasicEditingTC.F1_SectionTC - Verifying content validation is not Occured...
23:52:04.607 [TestNG-test=RetryMultipleFailedTestcases-2] INFO  BasicEditingTC.F1_SectionTC - Clicked on Quick Preview Button....
23:52:22.270 [TestNG-test=RetryMultipleFailedTestcases-4] INFO  BasicEditingTC.F1_SectionTC - Cliked on First section heading from VE
23:52:22.904 [TestNG-test=RetryMultipleFailedTestcases-4] INFO  BasicEditingTC.F1_SectionTC - Right Cliked on First section heading from VE
23:52:23.121 [TestNG-test=RetryMultipleFailedTestcases-4] INFO  BasicEditingTC.F1_SectionTC - Cliked on Insert after
23:52:23.369 [TestNG-test=RetryMultipleFailedTestcases-4] INFO  BasicEditingTC.F1_SectionTC - Section is searched
23:52:23.510 [TestNG-test=RetryMultipleFailedTestcases-4] INFO  BasicEditingTC.F1_SectionTC - Cliked on Section is selected
23:52:24.105 [TestNG-test=RetryMultipleFailedTestcases-4] INFO  BasicEditingTC.F1_SectionTC - Cliked on insert element button
23:52:26.483 [TestNG-test=RetryMultipleFailedTestcases-4] INFO  BasicEditingTC.F1_SectionTC - New section is added into DS
23:52:26.541 [TestNG-test=RetryMultipleFailedTestcases-4] INFO  BasicEditingTC.F1_SectionTC - New section is added into VE
23:52:26.799 [TestNG-test=RetryMultipleFailedTestcases-4] INFO  BasicEditingTC.F1_SectionTC - Cliked on Enter key
23:52:27.624 [TestNG-test=RetryMultipleFailedTestcases-4] INFO  BasicEditingTC.F1_SectionTC - New para is added into VE
23:52:27.692 [TestNG-test=RetryMultipleFailedTestcases-4] INFO  BasicEditingTC.F1_SectionTC - New para is Highlighted in DS
23:52:27.996 [TestNG-test=RetryMultipleFailedTestcases-4] INFO  BasicEditingTC.F1_SectionTC - Cliked on Enter key
23:52:28.626 [TestNG-test=RetryMultipleFailedTestcases-4] INFO  BasicEditingTC.F1_SectionTC - New 2 para is Highlighted in DS
23:52:28.626 [TestNG-test=RetryMultipleFailedTestcases-4] INFO  BasicEditingTC.F1_SectionTC - Finished Verify_InsertNewParaCheckDShighlighted ..
23:52:29.406 [TestNG-test=RetryMultipleFailedTestcases-3] INFO  BasicEditingTC.F1_SectionTC - Cliked on First section heading from VE
23:52:29.905 [TestNG-test=RetryMultipleFailedTestcases-3] INFO  BasicEditingTC.F1_SectionTC - Right Clicked on First section heading
23:52:30.250 [TestNG-test=RetryMultipleFailedTestcases-3] INFO  BasicEditingTC.F1_SectionTC - Clicked on Insert After from through right click
23:52:30.882 [TestNG-test=RetryMultipleFailedTestcases-3] INFO  BasicEditingTC.F1_SectionTC - Clicked on insert element button
23:52:33.689 [TestNG-test=RetryMultipleFailedTestcases-3] INFO  BasicEditingTC.F1_SectionTC - In the Ds new section is added
23:52:35.148 [TestNG-test=RetryMultipleFailedTestcases-3] INFO  BasicEditingTC.F1_SectionTC - Clicked on insert element button
23:52:36.574 [TestNG-test=RetryMultipleFailedTestcases-3] INFO  BasicEditingTC.F1_SectionTC - Finished Verify_NewSectionNumberIsNotDeleted ..
23:52:37.875 [TestNG-test=RetryMultipleFailedTestcases-4] INFO  BasicEditingTC.F11_CommnetsTC - Starting Verify_CommentInPara ..
23:52:43.161 [TestNG-test=RetryMultipleFailedTestcases-3] INFO  BasicEditingTC.F11_CommnetsTC - Starting Verify_CommentInSectionNumber ..
23:52:44.679 [TestNG-test=RetryMultipleFailedTestcases-2] INFO  BasicEditingTC.F1_SectionTC - Verifying section Number is not present in Quick Preview...
23:52:44.679 [TestNG-test=RetryMultipleFailedTestcases-2] INFO  BasicEditingTC.F1_SectionTC - Finished VerifyDeleteSectionNumber ..
23:52:47.390 [TestNG-test=RetryMultipleFailedTestcases-1] INFO  BasicEditingTC.F1_SectionTC - clicked On firt section From DS
23:52:48.640 [TestNG-test=RetryMultipleFailedTestcases-1] INFO  BasicEditingTC.F1_SectionTC - clicked On First Para From DS
23:52:49.240 [TestNG-test=RetryMultipleFailedTestcases-1] INFO  BasicEditingTC.F1_SectionTC - Pressed Enter key
23:52:49.904 [TestNG-test=RetryMultipleFailedTestcases-1] INFO  BasicEditingTC.F1_SectionTC - New Para is Added inserted into VE
23:52:49.940 [TestNG-test=RetryMultipleFailedTestcases-1] INFO  BasicEditingTC.F1_SectionTC - New Para is Highlighted into DS
23:52:49.940 [TestNG-test=RetryMultipleFailedTestcases-1] INFO  BasicEditingTC.F1_SectionTC - Finished Verify_AddcontentSpaceHitEnter ..
23:52:51.774 [TestNG-test=RetryMultipleFailedTestcases-2] INFO  BasicEditingTC.F11_CommnetsTC - Starting Verify_CommentInSectionHeading ..
23:52:56.870 [TestNG-test=RetryMultipleFailedTestcases-1] INFO  BasicEditingTC.F11_CommnetsTC - Starting Verify_CommentToExistingTable ..
23:53:06.544 [TestNG-test=RetryMultipleFailedTestcases-4] INFO  BasicEditingTC.F11_CommnetsTC - Double clicked on First para
23:53:06.796 [TestNG-test=RetryMultipleFailedTestcases-4] INFO  BasicEditingTC.F11_CommnetsTC -  clicked on Add comment plugin
23:53:06.856 [TestNG-test=RetryMultipleFailedTestcases-4] INFO  BasicEditingTC.F11_CommnetsTC -  Add comment popup is opened
