17:29:10.849 [TestNG-test=RetryMultipleFailedTestcases-2] INFO  Elements_Testcases.Ae_UndoRedoTC - Right-clicked on the first paragraph in Visual Editor.
17:29:11.636 [TestNG-test=RetryMultipleFailedTestcases-1] INFO  Elements_Testcases.Ae_UndoRedoTC - Inserted table using ReusableMethods.
17:29:12.159 [TestNG-test=RetryMultipleFailedTestcases-2] INFO  Elements_Testcases.Ae_UndoRedoTC - Clicked on 'VE Insert After' in Visual Editor.
17:29:12.531 [TestNG-test=RetryMultipleFailedTestcases-2] INFO  Elements_Testcases.Ae_UndoRedoTC - Entered 'figure' text.
17:29:13.056 [TestNG-test=RetryMultipleFailedTestcases-1] INFO  Elements_Testcases.Ae_UndoRedoTC - Switched to frame 0.
17:29:13.132 [TestNG-test=RetryMultipleFailedTestcases-1] INFO  Elements_Testcases.Ae_UndoRedoTC - Switched to default content.
17:29:19.744 [TestNG-test=RetryMultipleFailedTestcases-2] INFO  Elements_Testcases.Ae_UndoRedoTC - Clicked on 'Image Insert' button.
17:29:19.990 [TestNG-test=RetryMultipleFailedTestcases-2] INFO  Elements_Testcases.Ae_UndoRedoTC - Entered 'Hello' in the Figure Heading text box.
17:29:21.189 [TestNG-test=RetryMultipleFailedTestcases-2] INFO  Elements_Testcases.Ae_UndoRedoTC - Clicked on 'Figure Insert' button.
17:29:22.053 [TestNG-test=RetryMultipleFailedTestcases-4] INFO  Elements_Testcases.Ae_UndoRedoTC - Logged in and searched for a file, then clicked Edit.
17:29:22.093 [TestNG-test=RetryMultipleFailedTestcases-4] INFO  Elements_Testcases.Ae_UndoRedoTC - Switched to frame 0.
17:29:22.794 [TestNG-test=RetryMultipleFailedTestcases-4] INFO  Elements_Testcases.Ae_UndoRedoTC - Switched to default content.
17:29:24.243 [TestNG-test=RetryMultipleFailedTestcases-4] INFO  Elements_Testcases.Ae_UndoRedoTC - Clicked on Number List Plugin.
17:29:24.792 [TestNG-test=RetryMultipleFailedTestcases-1] INFO  Elements_Testcases.Ae_UndoRedoTC - Starting verifyChangeElementParaToSection
17:29:33.717 [TestNG-test=RetryMultipleFailedTestcases-2] INFO  Elements_Testcases.Ae_UndoRedoTC - Test verify_AddFigure_CheckTC completed.
17:29:43.475 [TestNG-test=RetryMultipleFailedTestcases-2] INFO  Elements_Testcases.Ae_UndoRedoTC - Starting verifyChangeElementParaToSection
17:29:49.490 [TestNG-test=RetryMultipleFailedTestcases-1] INFO  Elements_Testcases.Ae_UndoRedoTC - Logged in, searched for a file, and clicked Edit.
17:29:57.572 [TestNG-test=RetryMultipleFailedTestcases-4] INFO  Elements_Testcases.Ae_UndoRedoTC - Logged in and searched for a file, then clicked Edit.
17:29:57.645 [TestNG-test=RetryMultipleFailedTestcases-4] INFO  Elements_Testcases.Ae_UndoRedoTC - Switched to frame 0.
17:29:58.801 [TestNG-test=RetryMultipleFailedTestcases-4] INFO  Elements_Testcases.Ae_UndoRedoTC - Switched to default content.
17:30:00.912 [TestNG-test=RetryMultipleFailedTestcases-4] INFO  Elements_Testcases.Ae_UndoRedoTC - Clicked on Number List Plugin.
17:30:02.145 [TestNG-test=RetryMultipleFailedTestcases-1] INFO  Elements_Testcases.Ae_UndoRedoTC - Starting verifyChangeElementParaToSection
17:30:12.425 [TestNG-test=RetryMultipleFailedTestcases-2] INFO  Elements_Testcases.Ae_UndoRedoTC - Logged in, searched for a file, and clicked Edit.
17:30:30.383 [TestNG-test=RetryMultipleFailedTestcases-1] INFO  Elements_Testcases.Ae_UndoRedoTC - Logged in, searched for a file, and clicked Edit.
17:30:38.238 [TestNG-test=RetryMultipleFailedTestcases-3] INFO  Elements_Testcases.Ae_UndoRedoTC - Logged in and searched for a file, then clicked Edit.
17:30:38.434 [TestNG-test=RetryMultipleFailedTestcases-3] INFO  Elements_Testcases.Ae_UndoRedoTC - Switched to frame 0.
17:30:39.230 [TestNG-test=RetryMultipleFailedTestcases-3] INFO  Elements_Testcases.Ae_UndoRedoTC - Switched to default content.
17:30:43.604 [TestNG-test=RetryMultipleFailedTestcases-4] INFO  Elements_Testcases.Ae_UndoRedoTC - clicked on simple-para selement
17:30:43.753 [TestNG-test=RetryMultipleFailedTestcases-4] INFO  Elements_Testcases.Ae_UndoRedoTC - Verifying Simple Para present in VE
17:31:05.634 [TestNG-test=RetryMultipleFailedTestcases-1] INFO  Elements_Testcases.Ae_UndoRedoTC - clicked on simple-para selement
17:31:05.639 [TestNG-test=RetryMultipleFailedTestcases-2] INFO  Elements_Testcases.Ae_UndoRedoTC - Starting verifyChangeParaToTableCheckInCB
17:31:05.795 [TestNG-test=RetryMultipleFailedTestcases-1] INFO  Elements_Testcases.Ae_UndoRedoTC - Verifying Simple Para present in VE
17:31:27.369 [TestNG-test=RetryMultipleFailedTestcases-4] INFO  Elements_Testcases.Ae_UndoRedoTC - Verifying Simple Para present in VE
17:31:28.998 [TestNG-test=RetryMultipleFailedTestcases-2] INFO  Elements_Testcases.Ae_UndoRedoTC - Logged in, searched for a file, and clicked Edit.
17:31:34.417 [TestNG-test=RetryMultipleFailedTestcases-4] INFO  Elements_Testcases.Ae_UndoRedoTC - Starting verifyChangeSectionNumberToList
17:31:49.086 [TestNG-test=RetryMultipleFailedTestcases-1] INFO  Elements_Testcases.Ae_UndoRedoTC - Verifying Simple Para present in VE
17:31:55.900 [TestNG-test=RetryMultipleFailedTestcases-1] INFO  Elements_Testcases.Ae_UndoRedoTC - ****    Starting --> paraTC    ****
17:31:59.225 [TestNG-test=RetryMultipleFailedTestcases-4] INFO  Elements_Testcases.Ae_UndoRedoTC - Logged in and searched for a file, then clicked Edit.
17:31:59.245 [TestNG-test=RetryMultipleFailedTestcases-4] INFO  Elements_Testcases.Ae_UndoRedoTC - Created List instance.
17:32:01.428 [TestNG-test=RetryMultipleFailedTestcases-4] INFO  Elements_Testcases.Ae_UndoRedoTC - Clicked change Element
17:32:01.593 [TestNG-test=RetryMultipleFailedTestcases-4] INFO  Elements_Testcases.Ae_UndoRedoTC - Finished verifyChangeSectionNumberToList ..
17:32:22.493 [TestNG-test=RetryMultipleFailedTestcases-2] INFO  Elements_Testcases.Ae_UndoRedoTC - Starting verifyChangeParaToTableCheckInCB
17:32:27.974 [TestNG-test=RetryMultipleFailedTestcases-1] INFO  Elements_Testcases.Ae_UndoRedoTC - clicked on Enter key
17:32:28.264 [TestNG-test=RetryMultipleFailedTestcases-1] INFO  Elements_Testcases.Ae_UndoRedoTC - Verifying new para present in VE
17:32:48.887 [TestNG-test=RetryMultipleFailedTestcases-3] INFO  Elements_Testcases.Ae_UndoRedoTC - clicked on Enter key
17:32:49.698 [TestNG-test=RetryMultipleFailedTestcases-4] INFO  Elements_Testcases.Ae_UndoRedoTC - clicked on Enter key
17:32:52.913 [TestNG-test=RetryMultipleFailedTestcases-2] INFO  Elements_Testcases.Ae_UndoRedoTC - Logged in, searched for a file, and clicked Edit.
17:33:01.360 [TestNG-test=RetryMultipleFailedTestcases-4] INFO  Elements_Testcases.Ae_UndoRedoTC - Starting the test verify_AddFigure_CheckTC
17:33:08.807 [TestNG-test=RetryMultipleFailedTestcases-1] INFO  Elements_Testcases.Ae_UndoRedoTC - Verifying new para present in VE
17:33:09.697 [TestNG-test=RetryMultipleFailedTestcases-1] INFO  Elements_Testcases.Ae_UndoRedoTC - Verifying new para present in VE
17:33:25.195 [TestNG-test=RetryMultipleFailedTestcases-4] INFO  Elements_Testcases.Ae_UndoRedoTC - Logged in and searched for the file, then clicked on edit.
17:33:25.948 [TestNG-test=RetryMultipleFailedTestcases-3] INFO  Elements_Testcases.Ae_UndoRedoTC - Double clicked on First para
17:33:26.150 [TestNG-test=RetryMultipleFailedTestcases-3] INFO  Elements_Testcases.Ae_UndoRedoTC - clicked on Cross Reference button 
17:33:43.056 [TestNG-test=RetryMultipleFailedTestcases-1] INFO  Elements_Testcases.Ae_UndoRedoTC - Logged in and searched for a file, then clicked Edit.
17:34:06.187 [TestNG-test=RetryMultipleFailedTestcases-4] INFO  Elements_Testcases.Ae_UndoRedoTC - Right-clicked on the first paragraph in Visual Editor.
17:34:07.058 [TestNG-test=RetryMultipleFailedTestcases-2] INFO  Elements_Testcases.Ae_UndoRedoTC - Logged in and searched for a file, then clicked Edit.
17:34:07.589 [TestNG-test=RetryMultipleFailedTestcases-4] INFO  Elements_Testcases.Ae_UndoRedoTC - Clicked on 'VE Insert After' in Visual Editor.
17:34:07.937 [TestNG-test=RetryMultipleFailedTestcases-4] INFO  Elements_Testcases.Ae_UndoRedoTC - Entered 'figure' text.
17:34:15.075 [TestNG-test=RetryMultipleFailedTestcases-1] INFO  Elements_Testcases.Ae_UndoRedoTC - Logged in and searched for a file, then clicked Edit.
17:34:15.617 [TestNG-test=RetryMultipleFailedTestcases-4] INFO  Elements_Testcases.Ae_UndoRedoTC - Clicked on 'Image Insert' button.
17:34:15.797 [TestNG-test=RetryMultipleFailedTestcases-4] INFO  Elements_Testcases.Ae_UndoRedoTC - Entered 'Hello' in the Figure Heading text box.
17:34:16.936 [TestNG-test=RetryMultipleFailedTestcases-4] INFO  Elements_Testcases.Ae_UndoRedoTC - Clicked on 'Figure Insert' button.
17:34:26.333 [TestNG-test=RetryMultipleFailedTestcases-1] INFO  Elements_Testcases.Ae_UndoRedoTC - Starting verifyChangeElementParaToSection
17:34:29.406 [TestNG-test=RetryMultipleFailedTestcases-4] INFO  Elements_Testcases.Ae_UndoRedoTC - Starting the test verify_AddFigure_CheckTC
17:34:47.776 [TestNG-test=RetryMultipleFailedTestcases-3] INFO  Elements_Testcases.Ae_UndoRedoTC - Double clicked on First para
17:34:47.902 [TestNG-test=RetryMultipleFailedTestcases-2] INFO  Elements_Testcases.Ae_UndoRedoTC - Logged in and searched for a file, then clicked Edit.
17:34:48.395 [TestNG-test=RetryMultipleFailedTestcases-3] INFO  Elements_Testcases.Ae_UndoRedoTC - clicked on Cross Reference button 
17:34:55.286 [TestNG-test=RetryMultipleFailedTestcases-1] INFO  Elements_Testcases.Ae_UndoRedoTC - Logged in, searched for a file, and clicked Edit.
17:34:56.158 [TestNG-test=RetryMultipleFailedTestcases-1] INFO  Elements_Testcases.Ae_UndoRedoTC - Clicked on Document structure First section....
17:34:58.228 [TestNG-test=RetryMultipleFailedTestcases-1] INFO  Elements_Testcases.Ae_UndoRedoTC - Right clicked and removerd section Number
17:34:58.576 [TestNG-test=RetryMultipleFailedTestcases-4] INFO  Elements_Testcases.Ae_UndoRedoTC - Logged in and searched for the file, then clicked on edit.
17:34:58.608 [TestNG-test=RetryMultipleFailedTestcases-1] INFO  Elements_Testcases.Ae_UndoRedoTC - Clicked on Accept changes Button....
17:34:59.946 [TestNG-test=RetryMultipleFailedTestcases-2] INFO  Elements_Testcases.Ae_UndoRedoTC - Starting verifyChangeElementParaToSection
17:35:30.804 [TestNG-test=RetryMultipleFailedTestcases-2] INFO  Elements_Testcases.Ae_UndoRedoTC - Logged in, searched for a file, and clicked Edit.
17:35:31.157 [TestNG-test=RetryMultipleFailedTestcases-2] INFO  Elements_Testcases.Ae_UndoRedoTC - Clicked on Document structure First section....
17:35:33.329 [TestNG-test=RetryMultipleFailedTestcases-2] INFO  Elements_Testcases.Ae_UndoRedoTC - Right clicked and removerd section Number
17:35:33.454 [TestNG-test=RetryMultipleFailedTestcases-2] INFO  Elements_Testcases.Ae_UndoRedoTC - Clicked on Accept changes Button....
17:35:36.871 [TestNG-test=RetryMultipleFailedTestcases-3] INFO  Elements_Testcases.Ae_UndoRedoTC - Starting verifyChangeElementParaToSection
17:35:38.773 [TestNG-test=RetryMultipleFailedTestcases-1] INFO  Elements_Testcases.Ae_UndoRedoTC - Verifying section Heading is not present in Visual Editor...
17:35:39.455 [TestNG-test=RetryMultipleFailedTestcases-1] INFO  Elements_Testcases.Ae_UndoRedoTC - Verifying section Number is not present in Visual Editor...
17:35:39.869 [TestNG-test=RetryMultipleFailedTestcases-4] INFO  Elements_Testcases.Ae_UndoRedoTC - Right-clicked on the first paragraph in Visual Editor.
17:35:40.216 [TestNG-test=RetryMultipleFailedTestcases-2] INFO  Elements_Testcases.Ae_UndoRedoTC - Starting verifyChangeElementParaToSection
17:35:41.000 [TestNG-test=RetryMultipleFailedTestcases-4] INFO  Elements_Testcases.Ae_UndoRedoTC - Clicked on 'VE Insert After' in Visual Editor.
17:35:41.230 [TestNG-test=RetryMultipleFailedTestcases-4] INFO  Elements_Testcases.Ae_UndoRedoTC - Entered 'figure' text.
17:35:48.573 [TestNG-test=RetryMultipleFailedTestcases-4] INFO  Elements_Testcases.Ae_UndoRedoTC - Clicked on 'Image Insert' button.
17:35:48.746 [TestNG-test=RetryMultipleFailedTestcases-4] INFO  Elements_Testcases.Ae_UndoRedoTC - Entered 'Hello' in the Figure Heading text box.
17:35:49.180 [TestNG-test=RetryMultipleFailedTestcases-4] INFO  Elements_Testcases.Ae_UndoRedoTC - Clicked on 'Figure Insert' button.
17:36:03.448 [TestNG-test=RetryMultipleFailedTestcases-3] INFO  Elements_Testcases.Ae_UndoRedoTC - Logged in, searched for a file, and clicked Edit.
17:36:04.106 [TestNG-test=RetryMultipleFailedTestcases-2] INFO  Elements_Testcases.Ae_UndoRedoTC - Logged in, searched for a file, and clicked Edit.
17:36:04.710 [TestNG-test=RetryMultipleFailedTestcases-2] INFO  Elements_Testcases.Ae_UndoRedoTC - Clicked on Document structure First section....
17:36:06.772 [TestNG-test=RetryMultipleFailedTestcases-2] INFO  Elements_Testcases.Ae_UndoRedoTC - Right clicked and removerd section Number
17:36:07.270 [TestNG-test=RetryMultipleFailedTestcases-2] INFO  Elements_Testcases.Ae_UndoRedoTC - Clicked on Accept changes Button....
17:36:12.182 [TestNG-test=RetryMultipleFailedTestcases-4] INFO  Elements_Testcases.Ae_UndoRedoTC - Starting verifyChangeElementParaToSection
17:36:13.381 [TestNG-test=RetryMultipleFailedTestcases-3] INFO  Elements_Testcases.Ae_UndoRedoTC - Starting verifyChangeElementParaToSection
17:36:15.906 [TestNG-test=RetryMultipleFailedTestcases-2] INFO  Elements_Testcases.Ae_UndoRedoTC - Starting verifyChangeElementParaToSection
17:36:19.891 [TestNG-test=RetryMultipleFailedTestcases-1] INFO  Elements_Testcases.Ae_UndoRedoTC - Verifying section Heading is not present in Visual Editor...
17:36:29.541 [TestNG-test=RetryMultipleFailedTestcases-1] INFO  Elements_Testcases.Ae_UndoRedoTC - Starting verify_InsertMediaObject_ExistingTable
17:36:42.106 [TestNG-test=RetryMultipleFailedTestcases-3] INFO  Elements_Testcases.Ae_UndoRedoTC - Logged in, searched for a file, and clicked Edit.
17:36:43.167 [TestNG-test=RetryMultipleFailedTestcases-4] INFO  Elements_Testcases.Ae_UndoRedoTC - Logged in, searched for a file, and clicked Edit.
17:36:43.538 [TestNG-test=RetryMultipleFailedTestcases-2] INFO  Elements_Testcases.Ae_UndoRedoTC - Logged in, searched for a file, and clicked Edit.
17:36:52.332 [TestNG-test=RetryMultipleFailedTestcases-3] INFO  Elements_Testcases.Ae_UndoRedoTC - Starting InsertList_ToExistingList_DS
17:37:00.142 [TestNG-test=RetryMultipleFailedTestcases-1] INFO  Elements_Testcases.Ae_UndoRedoTC - Logged in, searched for a file, and clicked Edit.
17:37:00.157 [TestNG-test=RetryMultipleFailedTestcases-1] INFO  Elements_Testcases.Ae_UndoRedoTC - Created F4_Table instance.
17:37:00.376 [TestNG-test=RetryMultipleFailedTestcases-1] INFO  Elements_Testcases.Ae_UndoRedoTC - Switched to frame 0.
17:37:17.847 [TestNG-test=RetryMultipleFailedTestcases-3] INFO  Elements_Testcases.Ae_UndoRedoTC - Logged in, searched for a file, and clicked Edit.
17:37:48.639 [TestNG-test=RetryMultipleFailedTestcases-4] INFO  Elements_Testcases.Ae_UndoRedoTC - Starting verifyChangeElementParaToSection
17:37:51.492 [TestNG-test=RetryMultipleFailedTestcases-2] INFO  Elements_Testcases.Ae_UndoRedoTC - Starting verifyChangeElementParaToSection
17:37:51.507 [TestNG-test=RetryMultipleFailedTestcases-1] INFO  Elements_Testcases.Ae_UndoRedoTC - Starting verify_InsertMediaObject_ExistingTable
17:37:59.075 [TestNG-test=RetryMultipleFailedTestcases-3] INFO  Elements_Testcases.Ae_UndoRedoTC - Right-clicked on the first paragraph in Visual Editor.
17:38:01.225 [TestNG-test=RetryMultipleFailedTestcases-3] INFO  Elements_Testcases.Ae_UndoRedoTC - clicked on Enter key
17:38:13.402 [TestNG-test=RetryMultipleFailedTestcases-4] INFO  Elements_Testcases.Ae_UndoRedoTC - Logged in, searched for a file, and clicked Edit.
17:38:14.053 [TestNG-test=RetryMultipleFailedTestcases-4] INFO  Elements_Testcases.Ae_UndoRedoTC - Cliked on First section heading
17:38:15.830 [TestNG-test=RetryMultipleFailedTestcases-4] INFO  Elements_Testcases.Ae_UndoRedoTC - Right Clicked on First section heading
17:38:16.729 [TestNG-test=RetryMultipleFailedTestcases-4] INFO  Elements_Testcases.Ae_UndoRedoTC - Clicked on Insert After from through right click
17:38:17.186 [TestNG-test=RetryMultipleFailedTestcases-4] INFO  Elements_Testcases.Ae_UndoRedoTC - Search for Section 
17:38:17.233 [TestNG-test=RetryMultipleFailedTestcases-1] INFO  Elements_Testcases.Ae_UndoRedoTC - Logged in, searched for a file, and clicked Edit.
17:38:17.234 [TestNG-test=RetryMultipleFailedTestcases-1] INFO  Elements_Testcases.Ae_UndoRedoTC - Created F4_Table instance.
17:38:17.261 [TestNG-test=RetryMultipleFailedTestcases-1] INFO  Elements_Testcases.Ae_UndoRedoTC - Switched to frame 0.
17:38:17.646 [TestNG-test=RetryMultipleFailedTestcases-2] INFO  Elements_Testcases.Ae_UndoRedoTC - Logged in, searched for a file, and clicked Edit.
17:38:17.672 [TestNG-test=RetryMultipleFailedTestcases-4] INFO  Elements_Testcases.Ae_UndoRedoTC - Section is selected 
17:38:18.055 [TestNG-test=RetryMultipleFailedTestcases-4] INFO  Elements_Testcases.Ae_UndoRedoTC - Clicked on insert element button
17:39:06.526 [TestNG-test=RetryMultipleFailedTestcases-1] INFO  Elements_Testcases.Ae_UndoRedoTC - Starting verifyUndoByShortcutKeys
17:39:07.741 [TestNG-test=RetryMultipleFailedTestcases-4] INFO  Elements_Testcases.Ae_UndoRedoTC - Starting verifyChangeElementParaToSection
17:39:22.559 [TestNG-test=RetryMultipleFailedTestcases-2] INFO  Elements_Testcases.Ae_UndoRedoTC - Starting verifyChangeElementParaToSection
17:39:32.925 [TestNG-test=RetryMultipleFailedTestcases-1] INFO  Elements_Testcases.Ae_UndoRedoTC - Logged in, searched for a file, and clicked Edit.
17:39:33.628 [TestNG-test=RetryMultipleFailedTestcases-3] INFO  Elements_Testcases.Ae_UndoRedoTC - Starting verifySelectParaContentApplyEmphasis ..
17:39:34.530 [TestNG-test=RetryMultipleFailedTestcases-1] INFO  Elements_Testcases.Ae_UndoRedoTC - Verifying Info msg is present 
17:39:35.218 [TestNG-test=RetryMultipleFailedTestcases-4] INFO  Elements_Testcases.Ae_UndoRedoTC - Logged in, searched for a file, and clicked Edit.
17:39:35.936 [TestNG-test=RetryMultipleFailedTestcases-4] INFO  Elements_Testcases.Ae_UndoRedoTC - Cliked on First section heading
17:39:37.218 [TestNG-test=RetryMultipleFailedTestcases-4] INFO  Elements_Testcases.Ae_UndoRedoTC - Right Clicked on First section heading
17:39:38.064 [TestNG-test=RetryMultipleFailedTestcases-4] INFO  Elements_Testcases.Ae_UndoRedoTC - Clicked on Insert After from through right click
17:39:38.832 [TestNG-test=RetryMultipleFailedTestcases-4] INFO  Elements_Testcases.Ae_UndoRedoTC - Search for Section 
17:39:39.680 [TestNG-test=RetryMultipleFailedTestcases-4] INFO  Elements_Testcases.Ae_UndoRedoTC - Section is selected 
17:39:40.014 [TestNG-test=RetryMultipleFailedTestcases-4] INFO  Elements_Testcases.Ae_UndoRedoTC - Clicked on insert element button
17:39:43.064 [TestNG-test=RetryMultipleFailedTestcases-1] INFO  Elements_Testcases.Ae_UndoRedoTC - Starting verifyUndoByShortcutKeys
17:39:49.916 [TestNG-test=RetryMultipleFailedTestcases-2] INFO  Elements_Testcases.Ae_UndoRedoTC - Logged in, searched for a file, and clicked Edit.
17:39:50.595 [TestNG-test=RetryMultipleFailedTestcases-2] INFO  Elements_Testcases.Ae_UndoRedoTC - Clicked on Document structure First section....
17:39:52.597 [TestNG-test=RetryMultipleFailedTestcases-2] INFO  Elements_Testcases.Ae_UndoRedoTC - Right clicked and removerd section Number
17:39:52.951 [TestNG-test=RetryMultipleFailedTestcases-2] INFO  Elements_Testcases.Ae_UndoRedoTC - Clicked on Accept changes Button....
17:39:58.352 [TestNG-test=RetryMultipleFailedTestcases-3] INFO  Elements_Testcases.Ae_UndoRedoTC - Starting verify_insertBoldDoulbeClick ..
17:39:59.144 [TestNG-test=RetryMultipleFailedTestcases-3] INFO  Elements_Testcases.Ae_UndoRedoTC - clicked on First para
17:39:59.514 [TestNG-test=RetryMultipleFailedTestcases-3] INFO  Elements_Testcases.Ae_UndoRedoTC - clicked on bold button from toolbar
17:40:00.170 [TestNG-test=RetryMultipleFailedTestcases-3] INFO  Elements_Testcases.Ae_UndoRedoTC - Verifying bold is present in DS 
17:40:00.202 [TestNG-test=RetryMultipleFailedTestcases-3] INFO  Elements_Testcases.Ae_UndoRedoTC -  bold is present in CE 
17:40:07.749 [TestNG-test=RetryMultipleFailedTestcases-1] INFO  Elements_Testcases.Ae_UndoRedoTC - Logged in, searched for a file, and clicked Edit.
17:40:08.481 [TestNG-test=RetryMultipleFailedTestcases-1] INFO  Elements_Testcases.Ae_UndoRedoTC - Verifying Info msg is present 
17:40:16.667 [TestNG-test=RetryMultipleFailedTestcases-1] INFO  sprint4_TestCases.J_CommonTestcases - Starting deleteColumnUndoVerify
17:40:27.666 [TestNG-test=RetryMultipleFailedTestcases-4] INFO  sprint4_TestCases.J_CommonTestcases - Starting mergeCellsRightUndoAndVerify
17:40:33.423 [TestNG-test=RetryMultipleFailedTestcases-2] INFO  Elements_Testcases.Ae_UndoRedoTC - Verifying section Number is not present in Visual Editor...
17:40:34.939 [TestNG-test=RetryMultipleFailedTestcases-2] INFO  Elements_Testcases.Ae_UndoRedoTC - Verifying section Number is not present in Visual Editor...
17:40:40.695 [TestNG-test=RetryMultipleFailedTestcases-3] INFO  Elements_Testcases.Ae_UndoRedoTC - Verifying bold is present in DS 
17:40:40.695 [TestNG-test=RetryMultipleFailedTestcases-3] INFO  Elements_Testcases.Ae_UndoRedoTC - Finished verifySelectParaContentApplyEmphasis ..
17:40:41.331 [TestNG-test=RetryMultipleFailedTestcases-1] INFO  sprint4_TestCases.J_CommonTestcases - Logged in and searched for a file, then clicked Edit.
17:40:44.670 [TestNG-test=RetryMultipleFailedTestcases-2] INFO  sprint4_TestCases.J_CommonTestcases - Starting verifyingCaptionInNewTableRejectChangeUndo
17:40:49.896 [TestNG-test=RetryMultipleFailedTestcases-1] INFO  sprint4_TestCases.J_CommonTestcases - Inserted Table in DS
17:40:50.030 [TestNG-test=RetryMultipleFailedTestcases-1] INFO  sprint4_TestCases.J_CommonTestcases - Switched to frame 0.
17:40:50.058 [TestNG-test=RetryMultipleFailedTestcases-1] INFO  sprint4_TestCases.J_CommonTestcases - Switched back to default content.
17:40:50.783 [TestNG-test=RetryMultipleFailedTestcases-1] INFO  sprint4_TestCases.J_CommonTestcases - clicked on delete coloum from tp
17:40:50.864 [TestNG-test=RetryMultipleFailedTestcases-1] INFO  sprint4_TestCases.J_CommonTestcases - Switched to frame 0.
17:40:52.126 [TestNG-test=RetryMultipleFailedTestcases-4] INFO  sprint4_TestCases.J_CommonTestcases - Logged in and searched for a file, then clicked Edit.
17:40:53.520 [TestNG-test=RetryMultipleFailedTestcases-3] INFO  sprint4_TestCases.J_CommonTestcases - Starting verifyDeleteColumn
17:40:58.913 [TestNG-test=RetryMultipleFailedTestcases-4] INFO  sprint4_TestCases.J_CommonTestcases - Inserted Table in DS
17:40:59.825 [TestNG-test=RetryMultipleFailedTestcases-4] INFO  sprint4_TestCases.J_CommonTestcases - clicked on merge right
17:40:59.899 [TestNG-test=RetryMultipleFailedTestcases-4] INFO  sprint4_TestCases.J_CommonTestcases - Switched to frame 0.
17:40:59.947 [TestNG-test=RetryMultipleFailedTestcases-4] INFO  sprint4_TestCases.J_CommonTestcases - Switched back to default content.
17:41:01.880 [TestNG-test=RetryMultipleFailedTestcases-4] INFO  sprint4_TestCases.J_CommonTestcases - clicked on Undo plugin
17:41:01.962 [TestNG-test=RetryMultipleFailedTestcases-4] INFO  sprint4_TestCases.J_CommonTestcases - Switched to frame 0.
17:41:01.997 [TestNG-test=RetryMultipleFailedTestcases-4] INFO  sprint4_TestCases.J_CommonTestcases - Finished mergeCellsRightUndoAndVerify
17:41:08.581 [TestNG-test=RetryMultipleFailedTestcases-2] INFO  sprint4_TestCases.J_CommonTestcases - Logged in and searched for a file, then clicked Edit.
17:41:09.595 [TestNG-test=RetryMultipleFailedTestcases-4] INFO  sprint4_TestCases.J_CommonTestcases - Starting verify_Cell_BackgroundColor_InsertAbove
17:41:10.920 [TestNG-test=RetryMultipleFailedTestcases-1] INFO  sprint4_TestCases.J_CommonTestcases - Switched back to default content.
17:41:13.209 [TestNG-test=RetryMultipleFailedTestcases-1] INFO  sprint4_TestCases.J_CommonTestcases - clicked on Undo plugin
17:41:13.518 [TestNG-test=RetryMultipleFailedTestcases-1] INFO  sprint4_TestCases.J_CommonTestcases - Switched to frame 0.
17:41:15.836 [TestNG-test=RetryMultipleFailedTestcases-2] INFO  sprint4_TestCases.J_CommonTestcases - Inserted Table in DS
17:41:17.670 [TestNG-test=RetryMultipleFailedTestcases-3] INFO  sprint4_TestCases.J_CommonTestcases - Logged in and searched for a file, then clicked Edit.
17:41:24.203 [TestNG-test=RetryMultipleFailedTestcases-3] INFO  sprint4_TestCases.J_CommonTestcases - Inserted a new table.
17:41:24.278 [TestNG-test=RetryMultipleFailedTestcases-3] INFO  sprint4_TestCases.J_CommonTestcases - Switched to frame 0.
17:41:24.703 [TestNG-test=RetryMultipleFailedTestcases-3] INFO  sprint4_TestCases.J_CommonTestcases - Clicked new table first cell.
17:41:24.712 [TestNG-test=RetryMultipleFailedTestcases-3] INFO  sprint4_TestCases.J_CommonTestcases - Switched back to default content.
17:41:25.094 [TestNG-test=RetryMultipleFailedTestcases-3] INFO  sprint4_TestCases.J_CommonTestcases - Clicked delete Column from table properties
17:41:25.130 [TestNG-test=RetryMultipleFailedTestcases-3] INFO  sprint4_TestCases.J_CommonTestcases - Switched to frame 0.
17:41:33.533 [TestNG-test=RetryMultipleFailedTestcases-1] INFO  sprint4_TestCases.J_CommonTestcases - Finished deleteColumnUndoVerify
17:41:35.972 [TestNG-test=RetryMultipleFailedTestcases-4] INFO  sprint4_TestCases.J_CommonTestcases - Logged in and searched for a file, then clicked Edit.
17:41:42.740 [TestNG-test=RetryMultipleFailedTestcases-4] INFO  sprint4_TestCases.J_CommonTestcases - Inserted Table in DS
17:41:43.208 [TestNG-test=RetryMultipleFailedTestcases-4] INFO  sprint4_TestCases.J_CommonTestcases - clicked on Accept change
17:41:43.415 [TestNG-test=RetryMultipleFailedTestcases-4] INFO  sprint4_TestCases.J_CommonTestcases - clicked on cell padding
17:41:43.510 [TestNG-test=RetryMultipleFailedTestcases-4] INFO  sprint4_TestCases.J_CommonTestcases - clicked on background color
17:41:43.944 [TestNG-test=RetryMultipleFailedTestcases-4] INFO  sprint4_TestCases.J_CommonTestcases - clicked on background color search field
17:41:44.138 [TestNG-test=RetryMultipleFailedTestcases-4] INFO  sprint4_TestCases.J_CommonTestcases - Sending on background color
17:41:44.309 [TestNG-test=RetryMultipleFailedTestcases-4] INFO  sprint4_TestCases.J_CommonTestcases - clicked on background color save btn
17:41:44.339 [TestNG-test=RetryMultipleFailedTestcases-4] INFO  sprint4_TestCases.J_CommonTestcases - Switched to frame 0.
17:41:45.097 [TestNG-test=RetryMultipleFailedTestcases-4] INFO  sprint4_TestCases.J_CommonTestcases - clicked on Inserted Table First Cell
17:41:45.179 [TestNG-test=RetryMultipleFailedTestcases-4] INFO  sprint4_TestCases.J_CommonTestcases - Switched back to default content.
17:41:45.241 [TestNG-test=RetryMultipleFailedTestcases-3] INFO  sprint4_TestCases.J_CommonTestcases - Column is deleted
17:41:45.244 [TestNG-test=RetryMultipleFailedTestcases-3] INFO  sprint4_TestCases.J_CommonTestcases - Switched back to default content.
17:41:46.555 [TestNG-test=RetryMultipleFailedTestcases-4] INFO  sprint4_TestCases.J_CommonTestcases - clicked on insert above
17:41:46.929 [TestNG-test=RetryMultipleFailedTestcases-4] INFO  sprint4_TestCases.J_CommonTestcases - Switched to frame 0.
17:41:47.711 [TestNG-test=RetryMultipleFailedTestcases-3] INFO  sprint4_TestCases.J_CommonTestcases - clicked on Undo plugin
17:41:47.727 [TestNG-test=RetryMultipleFailedTestcases-4] INFO  sprint4_TestCases.J_CommonTestcases - clicked on inserted cell above
17:41:47.818 [TestNG-test=RetryMultipleFailedTestcases-3] INFO  sprint4_TestCases.J_CommonTestcases - Switched to frame 0.
17:41:47.828 [TestNG-test=RetryMultipleFailedTestcases-4] INFO  sprint4_TestCases.J_CommonTestcases - Background color is inserted
17:41:47.828 [TestNG-test=RetryMultipleFailedTestcases-4] INFO  sprint4_TestCases.J_CommonTestcases - Finished verify_Cell_BackgroundColor_InsertAbove
17:41:55.951 [TestNG-test=RetryMultipleFailedTestcases-2] INFO  sprint4_TestCases.J_CommonTestcases - Verifying Caption is present in the visual editor after clicking on undo
17:41:55.951 [TestNG-test=RetryMultipleFailedTestcases-2] INFO  sprint4_TestCases.J_CommonTestcases - Starting verifyingCaptionInNewTableRejectChangeUndo
17:42:04.276 [TestNG-test=RetryMultipleFailedTestcases-2] INFO  sprint6_TestCases.HL_CommonBugsTC - Starting the test TC614_verifyChangeParaToSectionUndo
17:42:07.866 [TestNG-test=RetryMultipleFailedTestcases-3] INFO  sprint4_TestCases.J_CommonTestcases - Column is deleted
17:42:07.866 [TestNG-test=RetryMultipleFailedTestcases-3] INFO  sprint4_TestCases.J_CommonTestcases - Finished verifyDeleteColumn
17:42:17.723 [TestNG-test=RetryMultipleFailedTestcases-3] INFO  sprint5_TestCases.C_CommonBugsTC - Starting test TC775_verifyDeleteColumnExisting.
17:42:20.437 [TestNG-test=RetryMultipleFailedTestcases-4] INFO  Elements_Testcases.Bc_FootnoteTC - Logged in and searched for a file, then clicked Edit.
17:42:20.651 [TestNG-test=RetryMultipleFailedTestcases-4] INFO  Elements_Testcases.Bc_FootnoteTC - Switched to frame 0.
17:42:21.500 [TestNG-test=RetryMultipleFailedTestcases-4] INFO  Elements_Testcases.Bc_FootnoteTC - Clicked on first para VE.
17:42:21.601 [TestNG-test=RetryMultipleFailedTestcases-4] INFO  Elements_Testcases.Bc_FootnoteTC - Switched to default content.
17:42:22.073 [TestNG-test=RetryMultipleFailedTestcases-4] INFO  Elements_Testcases.Bc_FootnoteTC - clicked on footnote plugin
17:42:25.452 [TestNG-test=RetryMultipleFailedTestcases-4] INFO  Elements_Testcases.Bc_FootnoteTC - clicked on new footnote box
17:42:26.569 [TestNG-test=RetryMultipleFailedTestcases-4] INFO  Elements_Testcases.Bc_FootnoteTC - clicked on footnote ok button
17:42:30.633 [TestNG-test=RetryMultipleFailedTestcases-1] INFO  sprint5_TestCases.E_CommonTC - Starting verifyUndoInCB
17:42:38.537 [TestNG-test=RetryMultipleFailedTestcases-2] INFO  sprint6_TestCases.HL_CommonBugsTC - Logged in and searched for the file, then clicked on edit.
17:42:38.584 [TestNG-test=RetryMultipleFailedTestcases-2] INFO  sprint6_TestCases.HL_CommonBugsTC - Initialized HL_CommonBugs.
17:42:38.584 [TestNG-test=RetryMultipleFailedTestcases-2] INFO  sprint6_TestCases.HL_CommonBugsTC - UIUX-1760
17:42:41.374 [TestNG-test=RetryMultipleFailedTestcases-2] INFO  sprint6_TestCases.HL_CommonBugsTC - Clicked on 'Change Element' option.
17:42:42.161 [TestNG-test=RetryMultipleFailedTestcases-2] INFO  sprint6_TestCases.HL_CommonBugsTC - Changed the element to 'Section'.
17:42:42.786 [TestNG-test=RetryMultipleFailedTestcases-2] INFO  sprint6_TestCases.HL_CommonBugsTC - Clicked on 'Track Change'.
17:42:46.301 [TestNG-test=RetryMultipleFailedTestcases-3] INFO  sprint5_TestCases.C_CommonBugsTC - Logged in and clicked on Edit.
17:42:59.408 [TestNG-test=RetryMultipleFailedTestcases-1] INFO  sprint5_TestCases.E_CommonTC - Logged in, searched for a file, and clicked Edit.
17:42:59.459 [TestNG-test=RetryMultipleFailedTestcases-1] INFO  sprint5_TestCases.E_CommonTC - Switched to frame 0.
17:43:00.014 [TestNG-test=RetryMultipleFailedTestcases-1] INFO  sprint5_TestCases.E_CommonTC - clicked on VE First para 
17:43:00.014 [TestNG-test=RetryMultipleFailedTestcases-1] INFO  sprint5_TestCases.E_CommonTC - Created Actions class instance.
17:43:00.386 [TestNG-test=RetryMultipleFailedTestcases-1] INFO  sprint5_TestCases.E_CommonTC - Switched back to default content.
17:43:02.140 [TestNG-test=RetryMultipleFailedTestcases-4] INFO  Elements_Testcases.Bc_FootnoteTC - Logged in and searched for a file, then clicked Edit.
17:43:02.153 [TestNG-test=RetryMultipleFailedTestcases-4] INFO  Elements_Testcases.Bc_FootnoteTC - Switched to frame 0.
17:43:02.546 [TestNG-test=RetryMultipleFailedTestcases-4] INFO  Elements_Testcases.Bc_FootnoteTC - Clicked on first para VE.
17:43:02.584 [TestNG-test=RetryMultipleFailedTestcases-4] INFO  Elements_Testcases.Bc_FootnoteTC - Switched to default content.
17:43:02.769 [TestNG-test=RetryMultipleFailedTestcases-4] INFO  Elements_Testcases.Bc_FootnoteTC - clicked on footnote plugin
17:43:05.336 [TestNG-test=RetryMultipleFailedTestcases-4] INFO  Elements_Testcases.Bc_FootnoteTC - clicked on new footnote box
17:43:05.679 [TestNG-test=RetryMultipleFailedTestcases-4] INFO  Elements_Testcases.Bc_FootnoteTC - clicked on footnote ok button
17:43:13.987 [TestNG-test=RetryMultipleFailedTestcases-4] INFO  sprint5_TestCases.E_CommonTC - Starting verifyFindReplaceUndoRedo
17:43:30.640 [TestNG-test=RetryMultipleFailedTestcases-2] INFO  sprint6_TestCases.HL_CommonBugsTC - Starting the test TC614_verifyChangeParaToSectionUndo
17:43:34.488 [TestNG-test=RetryMultipleFailedTestcases-3] INFO  sprint5_TestCases.C_CommonBugsTC - Starting test TC775_verifyDeleteColumnExisting.
17:43:40.073 [TestNG-test=RetryMultipleFailedTestcases-4] INFO  sprint5_TestCases.E_CommonTC - Logged in, searched for a file, and clicked Edit.
17:43:40.075 [TestNG-test=RetryMultipleFailedTestcases-4] INFO  sprint5_TestCases.E_CommonTC - Created E_Common instance.
17:43:40.133 [TestNG-test=RetryMultipleFailedTestcases-4] INFO  sprint5_TestCases.E_CommonTC - Verified Find Replace Enabled
17:43:40.282 [TestNG-test=RetryMultipleFailedTestcases-4] INFO  sprint5_TestCases.E_CommonTC - Verified Find Replace is displayed
17:43:40.736 [TestNG-test=RetryMultipleFailedTestcases-4] INFO  sprint5_TestCases.E_CommonTC - Clicked on Replace plugin.
17:43:41.603 [TestNG-test=RetryMultipleFailedTestcases-4] INFO  sprint5_TestCases.E_CommonTC - Created Actions class instance.
17:43:41.773 [TestNG-test=RetryMultipleFailedTestcases-4] INFO  sprint5_TestCases.E_CommonTC - Clicked on Replace Button.
17:43:41.932 [TestNG-test=RetryMultipleFailedTestcases-4] INFO  sprint5_TestCases.E_CommonTC - Clicked on Replace Close button.
17:43:41.963 [TestNG-test=RetryMultipleFailedTestcases-4] INFO  sprint5_TestCases.E_CommonTC - Switched to frame 0.
17:43:49.133 [TestNG-test=RetryMultipleFailedTestcases-1] INFO  sprint5_TestCases.E_CommonTC - Starting verifyUndoInCB
17:43:55.405 [TestNG-test=RetryMultipleFailedTestcases-2] INFO  sprint6_TestCases.HL_CommonBugsTC - Logged in and searched for the file, then clicked on edit.
17:43:55.406 [TestNG-test=RetryMultipleFailedTestcases-2] INFO  sprint6_TestCases.HL_CommonBugsTC - Initialized HL_CommonBugs.
17:43:55.406 [TestNG-test=RetryMultipleFailedTestcases-2] INFO  sprint6_TestCases.HL_CommonBugsTC - UIUX-1760
17:43:58.566 [TestNG-test=RetryMultipleFailedTestcases-2] INFO  sprint6_TestCases.HL_CommonBugsTC - Clicked on 'Change Element' option.
17:43:58.897 [TestNG-test=RetryMultipleFailedTestcases-3] INFO  sprint5_TestCases.C_CommonBugsTC - Logged in and clicked on Edit.
17:43:59.106 [TestNG-test=RetryMultipleFailedTestcases-2] INFO  sprint6_TestCases.HL_CommonBugsTC - Changed the element to 'Section'.
17:43:59.454 [TestNG-test=RetryMultipleFailedTestcases-2] INFO  sprint6_TestCases.HL_CommonBugsTC - Clicked on 'Track Change'.
17:44:10.132 [TestNG-test=RetryMultipleFailedTestcases-4] INFO  sprint5_TestCases.E_CommonTC - Starting verifyFindReplaceUndoRedo
17:44:13.041 [TestNG-test=RetryMultipleFailedTestcases-1] INFO  sprint5_TestCases.E_CommonTC - Logged in, searched for a file, and clicked Edit.
17:44:13.092 [TestNG-test=RetryMultipleFailedTestcases-1] INFO  sprint5_TestCases.E_CommonTC - Switched to frame 0.
17:44:13.826 [TestNG-test=RetryMultipleFailedTestcases-1] INFO  sprint5_TestCases.E_CommonTC - clicked on VE First para 
17:44:13.826 [TestNG-test=RetryMultipleFailedTestcases-1] INFO  sprint5_TestCases.E_CommonTC - Created Actions class instance.
17:44:14.183 [TestNG-test=RetryMultipleFailedTestcases-1] INFO  sprint5_TestCases.E_CommonTC - Switched back to default content.
17:44:33.227 [TestNG-test=RetryMultipleFailedTestcases-4] INFO  sprint5_TestCases.E_CommonTC - Logged in, searched for a file, and clicked Edit.
17:44:33.228 [TestNG-test=RetryMultipleFailedTestcases-4] INFO  sprint5_TestCases.E_CommonTC - Created E_Common instance.
17:44:33.258 [TestNG-test=RetryMultipleFailedTestcases-4] INFO  sprint5_TestCases.E_CommonTC - Verified Find Replace Enabled
17:44:33.336 [TestNG-test=RetryMultipleFailedTestcases-4] INFO  sprint5_TestCases.E_CommonTC - Verified Find Replace is displayed
17:44:33.910 [TestNG-test=RetryMultipleFailedTestcases-4] INFO  sprint5_TestCases.E_CommonTC - Clicked on Replace plugin.
17:44:34.927 [TestNG-test=RetryMultipleFailedTestcases-4] INFO  sprint5_TestCases.E_CommonTC - Created Actions class instance.
17:44:35.156 [TestNG-test=RetryMultipleFailedTestcases-4] INFO  sprint5_TestCases.E_CommonTC - Clicked on Replace Button.
17:44:35.409 [TestNG-test=RetryMultipleFailedTestcases-4] INFO  sprint5_TestCases.E_CommonTC - Clicked on Replace Close button.
17:44:35.446 [TestNG-test=RetryMultipleFailedTestcases-4] INFO  sprint5_TestCases.E_CommonTC - Switched to frame 0.
17:44:48.658 [TestNG-test=RetryMultipleFailedTestcases-3] INFO  sprint5_TestCases.E_CommonTC - Starting verifyUndoRedoEmphasis
17:44:49.503 [TestNG-test=RetryMultipleFailedTestcases-2] INFO  Elements_Testcases.Cj_ChangeElementTC - Starting verifyDelecteElementUndoCheckInfopopup
17:45:04.649 [TestNG-test=RetryMultipleFailedTestcases-1] INFO  Elements_Testcases.Cl_CommentTC - Starting InsertList_NewTable
17:45:08.290 [TestNG-test=RetryMultipleFailedTestcases-4] INFO  Elements_Testcases.Cl_CommentTC - Starting InsertList_NewTable
17:45:14.271 [TestNG-test=RetryMultipleFailedTestcases-3] INFO  sprint5_TestCases.E_CommonTC - Logged in, searched for a file, and clicked Edit.
17:45:14.272 [TestNG-test=RetryMultipleFailedTestcases-3] INFO  sprint5_TestCases.E_CommonTC - Created E_Common instance.
17:45:14.291 [TestNG-test=RetryMultipleFailedTestcases-3] INFO  sprint5_TestCases.E_CommonTC - Switched to frame 0.
17:45:15.312 [TestNG-test=RetryMultipleFailedTestcases-3] INFO  sprint5_TestCases.E_CommonTC - Switched back to default content.
17:45:16.112 [TestNG-test=RetryMultipleFailedTestcases-3] INFO  sprint5_TestCases.E_CommonTC - Clicked on Bold Button
17:45:16.378 [TestNG-test=RetryMultipleFailedTestcases-2] INFO  Elements_Testcases.Cj_ChangeElementTC - Logged in, searched for a file, and clicked Edit.
17:45:16.391 [TestNG-test=RetryMultipleFailedTestcases-2] INFO  Elements_Testcases.Cj_ChangeElementTC - Created G_ChangeElement instance.
17:45:16.841 [TestNG-test=RetryMultipleFailedTestcases-3] INFO  sprint5_TestCases.E_CommonTC - Clicked on Undo Plugin
17:45:17.246 [TestNG-test=RetryMultipleFailedTestcases-3] INFO  sprint5_TestCases.E_CommonTC - Clicked on Italic Button
17:45:17.752 [TestNG-test=RetryMultipleFailedTestcases-3] INFO  sprint5_TestCases.E_CommonTC - Clicked on Undo Plugin
17:45:18.137 [TestNG-test=RetryMultipleFailedTestcases-3] INFO  sprint5_TestCases.E_CommonTC - Clicked on Unserline Button
17:45:18.659 [TestNG-test=RetryMultipleFailedTestcases-3] INFO  sprint5_TestCases.E_CommonTC - Clicked on Undo Plugin
17:45:18.745 [TestNG-test=RetryMultipleFailedTestcases-3] INFO  sprint5_TestCases.E_CommonTC - Finished verifyUndoRedoEmphasis ..
17:45:31.376 [TestNG-test=RetryMultipleFailedTestcases-1] INFO  Elements_Testcases.Cl_CommentTC - Logged in, searched for a file, and clicked Edit.
17:45:33.148 [TestNG-test=RetryMultipleFailedTestcases-4] INFO  Elements_Testcases.Cl_CommentTC - Logged in, searched for a file, and clicked Edit.
17:45:33.148 [TestNG-test=RetryMultipleFailedTestcases-4] INFO  Elements_Testcases.Cl_CommentTC - Created F4_Table instance.
17:45:39.349 [TestNG-test=RetryMultipleFailedTestcases-4] INFO  Elements_Testcases.Cl_CommentTC - Inserted a new table.
17:45:39.874 [TestNG-test=RetryMultipleFailedTestcases-4] INFO  Elements_Testcases.Cl_CommentTC - Clicked Accept Change.
17:45:39.951 [TestNG-test=RetryMultipleFailedTestcases-4] INFO  Elements_Testcases.Cl_CommentTC - Switched to frame 0.
17:45:40.583 [TestNG-test=RetryMultipleFailedTestcases-4] INFO  Elements_Testcases.Cl_CommentTC - Clicked on the first cell of the inserted table.
17:45:40.635 [TestNG-test=RetryMultipleFailedTestcases-4] INFO  Elements_Testcases.Cl_CommentTC - Switched back to default content.
17:45:40.662 [TestNG-test=RetryMultipleFailedTestcases-4] INFO  Elements_Testcases.Cl_CommentTC - Switched to frame 0 again.
17:45:43.747 [TestNG-test=RetryMultipleFailedTestcases-4] INFO  Elements_Testcases.Cl_CommentTC -  clicked on Add comment plugin
17:45:43.904 [TestNG-test=RetryMultipleFailedTestcases-4] INFO  Elements_Testcases.Cl_CommentTC -  Add comment popup is opened
17:45:44.178 [TestNG-test=RetryMultipleFailedTestcases-4] INFO  Elements_Testcases.Cl_CommentTC - Comment is entered into comment text field
17:45:53.626 [TestNG-test=RetryMultipleFailedTestcases-4] INFO  Elements_Testcases.Cl_CommentTC - Starting InsertList_NewTable
17:45:57.015 [TestNG-test=RetryMultipleFailedTestcases-1] INFO  Elements_Testcases.Cl_CommentTC - Starting InsertList_NewTable
17:46:05.113 [TestNG-test=RetryMultipleFailedTestcases-2] INFO  Elements_Testcases.Cj_ChangeElementTC - Starting verifyDelecteElementUndoCheckInfopopup
17:46:17.104 [TestNG-test=RetryMultipleFailedTestcases-4] INFO  Elements_Testcases.Cl_CommentTC - Logged in, searched for a file, and clicked Edit.
17:46:17.105 [TestNG-test=RetryMultipleFailedTestcases-4] INFO  Elements_Testcases.Cl_CommentTC - Created F4_Table instance.
17:46:23.250 [TestNG-test=RetryMultipleFailedTestcases-1] INFO  Elements_Testcases.Cl_CommentTC - Logged in, searched for a file, and clicked Edit.
17:46:23.826 [TestNG-test=RetryMultipleFailedTestcases-4] INFO  Elements_Testcases.Cl_CommentTC - Inserted a new table.
17:46:24.214 [TestNG-test=RetryMultipleFailedTestcases-4] INFO  Elements_Testcases.Cl_CommentTC - Clicked Accept Change.
17:46:24.264 [TestNG-test=RetryMultipleFailedTestcases-4] INFO  Elements_Testcases.Cl_CommentTC - Switched to frame 0.
17:46:24.718 [TestNG-test=RetryMultipleFailedTestcases-4] INFO  Elements_Testcases.Cl_CommentTC - Clicked on the first cell of the inserted table.
17:46:24.745 [TestNG-test=RetryMultipleFailedTestcases-4] INFO  Elements_Testcases.Cl_CommentTC - Switched back to default content.
17:46:24.768 [TestNG-test=RetryMultipleFailedTestcases-4] INFO  Elements_Testcases.Cl_CommentTC - Switched to frame 0 again.
17:46:27.360 [TestNG-test=RetryMultipleFailedTestcases-4] INFO  Elements_Testcases.Cl_CommentTC -  clicked on Add comment plugin
17:46:27.450 [TestNG-test=RetryMultipleFailedTestcases-4] INFO  Elements_Testcases.Cl_CommentTC -  Add comment popup is opened
17:46:27.777 [TestNG-test=RetryMultipleFailedTestcases-4] INFO  Elements_Testcases.Cl_CommentTC - Comment is entered into comment text field
17:46:33.738 [TestNG-test=RetryMultipleFailedTestcases-2] INFO  Elements_Testcases.Cj_ChangeElementTC - Logged in, searched for a file, and clicked Edit.
17:46:33.739 [TestNG-test=RetryMultipleFailedTestcases-2] INFO  Elements_Testcases.Cj_ChangeElementTC - Created G_ChangeElement instance.
17:50:56.220 [main] INFO  Elements_Testcases.Ae_UndoRedoTC - Logged in and searched for a file, then clicked Edit.
17:54:42.582 [main] INFO  Elements_Testcases.Ae_UndoRedoTC - Logged in and searched for a file, then clicked Edit.
18:00:46.033 [main] INFO  sprint5_TestCases.C_CommonBugsTC - Starting test TC775_verifyDeleteColumnExisting.
18:01:07.390 [main] INFO  sprint5_TestCases.C_CommonBugsTC - Logged in and clicked on Edit.
18:01:14.533 [main] INFO  sprint5_TestCases.C_CommonBugsTC - Clicked 'Delete Column'.
18:01:14.734 [main] INFO  sprint5_TestCases.C_CommonBugsTC - Verified the table column count before Undo.
18:02:10.306 [main] INFO  sprint5_TestCases.C_CommonBugsTC - Starting test TC775_verifyDeleteColumnExisting.
18:02:32.342 [main] INFO  sprint5_TestCases.C_CommonBugsTC - Logged in and clicked on Edit.
18:02:38.528 [main] INFO  sprint5_TestCases.C_CommonBugsTC - Clicked 'Delete Column'.
18:02:38.587 [main] INFO  sprint5_TestCases.C_CommonBugsTC - Verified the table column count before Undo.
18:02:40.328 [main] INFO  sprint5_TestCases.C_CommonBugsTC - Clicked 'Undo'.
18:02:40.378 [main] INFO  sprint5_TestCases.C_CommonBugsTC - Verified the table column count after Undo.
18:02:40.378 [main] INFO  sprint5_TestCases.C_CommonBugsTC - Test TC775_verifyDeleteColumnExisting completed.
18:07:38.772 [TestNG-test=RetryMultipleFailedTestcases-2] INFO  sprint5_TestCases.Aa_SourceTC - Starting verifySourceFileFormat
18:07:39.388 [TestNG-test=RetryMultipleFailedTestcases-1] INFO  sprint5_TestCases.Aa_SourceTC - Starting verifySource
18:08:16.360 [TestNG-test=RetryMultipleFailedTestcases-1] INFO  sprint5_TestCases.Aa_SourceTC - Logged in, searched for a file, and clicked Edit.
18:08:16.368 [TestNG-test=RetryMultipleFailedTestcases-1] INFO  sprint5_TestCases.Aa_SourceTC - Created Aa_Source instance.
18:08:17.389 [TestNG-test=RetryMultipleFailedTestcases-2] INFO  sprint5_TestCases.Aa_SourceTC - Logged in, searched for a file, and clicked Edit.
18:08:17.390 [TestNG-test=RetryMultipleFailedTestcases-2] INFO  sprint5_TestCases.Aa_SourceTC - Created Aa_Source instance.
18:08:17.465 [TestNG-test=RetryMultipleFailedTestcases-1] INFO  sprint5_TestCases.Aa_SourceTC - Verified Source is displayed
18:08:17.526 [TestNG-test=RetryMultipleFailedTestcases-2] INFO  sprint5_TestCases.Aa_SourceTC - Verified Source is displayed
18:08:18.234 [TestNG-test=RetryMultipleFailedTestcases-2] INFO  sprint5_TestCases.Aa_SourceTC - clicked on Source Plugin
18:08:18.469 [TestNG-test=RetryMultipleFailedTestcases-2] INFO  sprint5_TestCases.Aa_SourceTC - Verified Source code file present
18:08:18.469 [TestNG-test=RetryMultipleFailedTestcases-2] INFO  sprint5_TestCases.Aa_SourceTC - Finished verifySourceFileFormat ..
18:08:18.614 [TestNG-test=RetryMultipleFailedTestcases-1] INFO  sprint5_TestCases.Aa_SourceTC - clicked on Source Plugin
18:08:18.728 [TestNG-test=RetryMultipleFailedTestcases-1] INFO  sprint5_TestCases.Aa_SourceTC - Verified Source is Enable
18:08:18.728 [TestNG-test=RetryMultipleFailedTestcases-1] INFO  sprint5_TestCases.Aa_SourceTC - Finished verifySource ..
18:08:32.175 [TestNG-test=RetryMultipleFailedTestcases-2] INFO  Elements_Testcases.Al_Commonp1TC - Starting VerifyDeleteSectionHeading ..
18:08:57.773 [TestNG-test=RetryMultipleFailedTestcases-1] INFO  Elements_Testcases.Al_Commonp1TC - Verified toolbar is displayed
18:09:05.684 [TestNG-test=RetryMultipleFailedTestcases-2] INFO  Elements_Testcases.Al_Commonp1TC - Right clicked section heading
18:09:06.998 [TestNG-test=RetryMultipleFailedTestcases-2] INFO  Elements_Testcases.Al_Commonp1TC - Clicked on Insert After from through right click
18:09:07.294 [TestNG-test=RetryMultipleFailedTestcases-3] INFO  Elements_Testcases.Al_Commonp1TC - clicked on Insert After button from VE
18:09:08.233 [TestNG-test=RetryMultipleFailedTestcases-3] INFO  Elements_Testcases.Al_Commonp1TC - clicked on Insert after simple para
18:09:08.603 [TestNG-test=RetryMultipleFailedTestcases-3] INFO  Elements_Testcases.Al_Commonp1TC - clicked on insert element button from inseet after popup
18:09:14.070 [TestNG-test=RetryMultipleFailedTestcases-4] INFO  sprint6_TestCases.HL_CommonBugsTC - Starting the test TC584_verifyDeleteAllCodeViewCheckVE
18:09:39.772 [TestNG-test=RetryMultipleFailedTestcases-4] INFO  sprint6_TestCases.HL_CommonBugsTC - Logged in and searched for the file, then clicked on edit.
18:09:39.789 [TestNG-test=RetryMultipleFailedTestcases-4] INFO  sprint6_TestCases.HL_CommonBugsTC - Initialized HL_CommonBugs.
18:09:40.406 [TestNG-test=RetryMultipleFailedTestcases-4] INFO  sprint6_TestCases.HL_CommonBugsTC - Clicked on Code View.
18:09:41.002 [TestNG-test=RetryMultipleFailedTestcases-4] INFO  sprint6_TestCases.HL_CommonBugsTC - Clicked on Code View Section Number.
18:09:41.052 [TestNG-test=RetryMultipleFailedTestcases-4] INFO  sprint6_TestCases.HL_CommonBugsTC - Selected and deleted all content in Code View.
18:09:41.296 [TestNG-test=RetryMultipleFailedTestcases-4] INFO  sprint6_TestCases.HL_CommonBugsTC - Clicked on Visual Editor.
18:09:41.634 [TestNG-test=RetryMultipleFailedTestcases-4] INFO  sprint6_TestCases.HL_CommonBugsTC - Verified that Visual Editor content is deleted.
18:09:41.635 [TestNG-test=RetryMultipleFailedTestcases-4] INFO  sprint6_TestCases.HL_CommonBugsTC - Test TC584_verifyDeleteAllCodeViewCheckVE completed.
18:09:50.870 [TestNG-test=RetryMultipleFailedTestcases-4] INFO  sprint5_TestCases.A_ToolBarOptionsTC - Starting verifyToolBarInVisualEditorTab
18:09:58.353 [TestNG-test=RetryMultipleFailedTestcases-2] INFO  sprint5_TestCases.A_ToolBarOptionsTC - Starting verifyToolBarInQuickPreviewTab
18:10:21.904 [TestNG-test=RetryMultipleFailedTestcases-4] INFO  sprint5_TestCases.A_ToolBarOptionsTC - Logged in, searched for a file, and clicked Edit.
18:10:21.921 [TestNG-test=RetryMultipleFailedTestcases-4] INFO  sprint5_TestCases.A_ToolBarOptionsTC - Created A_ToolBarOptions instance.
18:10:22.574 [TestNG-test=RetryMultipleFailedTestcases-4] INFO  sprint5_TestCases.A_ToolBarOptionsTC - Verifying  Bold is present In DS
18:10:23.305 [TestNG-test=RetryMultipleFailedTestcases-4] INFO  sprint5_TestCases.A_ToolBarOptionsTC - clicked on Code View
18:10:24.167 [TestNG-test=RetryMultipleFailedTestcases-4] INFO  sprint5_TestCases.A_ToolBarOptionsTC - clicked on Visual Editor
18:10:24.677 [TestNG-test=RetryMultipleFailedTestcases-4] INFO  sprint5_TestCases.A_ToolBarOptionsTC - Verified toolbar is displayed
18:10:24.679 [TestNG-test=RetryMultipleFailedTestcases-4] INFO  sprint5_TestCases.A_ToolBarOptionsTC - Finished verifyToolBarInVisualEditorTab ..
18:10:32.493 [TestNG-test=RetryMultipleFailedTestcases-2] INFO  sprint5_TestCases.A_ToolBarOptionsTC - Logged in, searched for a file, and clicked Edit.
18:10:32.494 [TestNG-test=RetryMultipleFailedTestcases-2] INFO  sprint5_TestCases.A_ToolBarOptionsTC - Created A_ToolBarOptions instance.
18:10:33.118 [TestNG-test=RetryMultipleFailedTestcases-2] INFO  sprint5_TestCases.A_ToolBarOptionsTC - clicked on Quick Preview
