23:46:21.770 [TestNG-test=RetryMultipleFailedTestcases-2] INFO  sprint6_TestCases.A_TrackChangePanalTC - Verified TC button is displayed.
23:46:21.943 [TestNG-test=RetryMultipleFailedTestcases-2] INFO  sprint6_TestCases.A_TrackChangePanalTC - Verified that count zero lebel is displayed.
23:46:26.868 [TestNG-test=RetryMultipleFailedTestcases-2] INFO  sprint6_TestCases.A_TrackChangePanalTC - Verified TC button is displayed.
23:46:26.960 [TestNG-test=RetryMultipleFailedTestcases-2] INFO  sprint6_TestCases.A_TrackChangePanalTC - Verified that count zero lebel is displayed.
23:46:26.960 [TestNG-test=RetryMultipleFailedTestcases-2] INFO  sprint6_TestCases.A_TrackChangePanalTC - Finished TC006_verifyTrackChangesAfterRefesh
23:46:28.199 [TestNG-test=RetryMultipleFailedTestcases-1] INFO  sprint6_TestCases.A_TrackChangePanalTC - Logged in and searched for a file, then clicked Edit.
23:46:28.319 [TestNG-test=RetryMultipleFailedTestcases-1] INFO  sprint6_TestCases.A_TrackChangePanalTC - Verified TC button is displayed
23:46:28.432 [TestNG-test=RetryMultipleFailedTestcases-1] INFO  sprint6_TestCases.A_TrackChangePanalTC - Verified that count zero lebel is displayed.
23:46:28.432 [TestNG-test=RetryMultipleFailedTestcases-1] INFO  sprint6_TestCases.A_TrackChangePanalTC - Finished TC002_verifyTrackChanges
23:46:32.329 [TestNG-test=RetryMultipleFailedTestcases-4] INFO  sprint6_TestCases.A_TrackChangePanalTC - Starting TC012_verifyTrackChangesOptions
23:46:32.643 [TestNG-test=RetryMultipleFailedTestcases-3] INFO  sprint6_TestCases.A_TrackChangePanalTC - Logged in and searched for a file, then clicked Edit.
23:46:33.442 [TestNG-test=RetryMultipleFailedTestcases-3] INFO  sprint6_TestCases.A_TrackChangePanalTC - Clicked on Focus mode
23:46:34.931 [TestNG-test=RetryMultipleFailedTestcases-3] INFO  sprint6_TestCases.A_TrackChangePanalTC - Verified TC button is displayed.
23:46:35.005 [TestNG-test=RetryMultipleFailedTestcases-3] INFO  sprint6_TestCases.A_TrackChangePanalTC - Verified that count zero lebel is displayed.
23:46:35.695 [TestNG-test=RetryMultipleFailedTestcases-2] INFO  sprint6_TestCases.A_TrackChangePanalTC - Starting TC013_verifyTrackChangesHeaderOptions
23:46:37.492 [TestNG-test=RetryMultipleFailedTestcases-1] INFO  sprint6_TestCases.A_TrackChangePanalTC - Starting TC018_verifyTrackChangesFilterOptions
23:46:45.325 [TestNG-test=RetryMultipleFailedTestcases-3] INFO  sprint6_TestCases.A_TrackChangePanalTC - Verified that Tc is not present.
23:46:55.611 [TestNG-test=RetryMultipleFailedTestcases-3] INFO  sprint6_TestCases.A_TrackChangePanalTC - Verified that Count zero is not present.
23:46:55.611 [TestNG-test=RetryMultipleFailedTestcases-3] INFO  sprint6_TestCases.A_TrackChangePanalTC - Finished TC007_verifyTrackChangesOnBrowserMinimize
23:47:03.158 [TestNG-test=RetryMultipleFailedTestcases-3] INFO  sprint6_TestCases.B_AcceptRejectTrackChangesTC - Starting TC047_verifyAcceptRejectInTC
23:47:40.128 [TestNG-test=RetryMultipleFailedTestcases-2] INFO  sprint6_TestCases.A_TrackChangePanalTC - Starting TC006_verifyTrackChangesAfterRefesh
23:47:40.128 [TestNG-test=RetryMultipleFailedTestcases-4] INFO  sprint6_TestCases.A_TrackChangePanalTC - Starting TC008_verifyTrackChangesToolTip
23:47:40.543 [TestNG-test=RetryMultipleFailedTestcases-3] INFO  sprint6_TestCases.A_TrackChangePanalTC - Starting TC007_verifyTrackChangesOnBrowserMinimize
23:47:41.437 [TestNG-test=RetryMultipleFailedTestcases-1] INFO  sprint6_TestCases.A_TrackChangePanalTC - Starting TC002_verifyTrackChanges
23:48:14.611 [TestNG-test=RetryMultipleFailedTestcases-2] INFO  sprint6_TestCases.A_TrackChangePanalTC - Logged in and searched for a file, then clicked Edit.
23:48:14.703 [TestNG-test=RetryMultipleFailedTestcases-2] INFO  sprint6_TestCases.A_TrackChangePanalTC - Verified TC button is displayed.
23:48:14.787 [TestNG-test=RetryMultipleFailedTestcases-2] INFO  sprint6_TestCases.A_TrackChangePanalTC - Verified that count zero lebel is displayed.
23:48:25.263 [TestNG-test=RetryMultipleFailedTestcases-2] INFO  sprint6_TestCases.A_TrackChangePanalTC - Verified TC button is displayed.
23:48:25.347 [TestNG-test=RetryMultipleFailedTestcases-2] INFO  sprint6_TestCases.A_TrackChangePanalTC - Verified that count zero lebel is displayed.
23:48:25.348 [TestNG-test=RetryMultipleFailedTestcases-2] INFO  sprint6_TestCases.A_TrackChangePanalTC - Finished TC006_verifyTrackChangesAfterRefesh
23:48:25.843 [TestNG-test=RetryMultipleFailedTestcases-3] INFO  sprint6_TestCases.A_TrackChangePanalTC - Logged in and searched for a file, then clicked Edit.
23:48:26.327 [TestNG-test=RetryMultipleFailedTestcases-3] INFO  sprint6_TestCases.A_TrackChangePanalTC - Clicked on Focus mode
23:48:26.966 [TestNG-test=RetryMultipleFailedTestcases-3] INFO  sprint6_TestCases.A_TrackChangePanalTC - Verified TC button is displayed.
23:48:27.023 [TestNG-test=RetryMultipleFailedTestcases-3] INFO  sprint6_TestCases.A_TrackChangePanalTC - Verified that count zero lebel is displayed.
23:48:31.365 [TestNG-test=RetryMultipleFailedTestcases-1] INFO  sprint6_TestCases.A_TrackChangePanalTC - Logged in and searched for a file, then clicked Edit.
23:48:31.448 [TestNG-test=RetryMultipleFailedTestcases-1] INFO  sprint6_TestCases.A_TrackChangePanalTC - Verified TC button is displayed
23:48:31.536 [TestNG-test=RetryMultipleFailedTestcases-1] INFO  sprint6_TestCases.A_TrackChangePanalTC - Verified that count zero lebel is displayed.
23:48:31.537 [TestNG-test=RetryMultipleFailedTestcases-1] INFO  sprint6_TestCases.A_TrackChangePanalTC - Finished TC002_verifyTrackChanges
23:48:33.858 [TestNG-test=RetryMultipleFailedTestcases-2] INFO  sprint6_TestCases.A_TrackChangePanalTC - Starting TC012_verifyTrackChangesOptions
23:48:35.922 [TestNG-test=RetryMultipleFailedTestcases-4] INFO  sprint6_TestCases.A_TrackChangePanalTC - Logged in and searched for a file, then clicked Edit.
23:48:36.038 [TestNG-test=RetryMultipleFailedTestcases-4] INFO  sprint6_TestCases.A_TrackChangePanalTC - Verified that TC tooltip is correct.
23:48:36.038 [TestNG-test=RetryMultipleFailedTestcases-4] INFO  sprint6_TestCases.A_TrackChangePanalTC - Finished TC008_verifyTrackChangesToolTip
23:48:37.781 [TestNG-test=RetryMultipleFailedTestcases-3] INFO  sprint6_TestCases.A_TrackChangePanalTC - Verified that Tc is not present.
23:48:39.183 [TestNG-test=RetryMultipleFailedTestcases-1] INFO  sprint6_TestCases.A_TrackChangePanalTC - Starting TC013_verifyTrackChangesHeaderOptions
23:48:43.497 [TestNG-test=RetryMultipleFailedTestcases-4] INFO  sprint6_TestCases.A_TrackChangePanalTC - Starting TC018_verifyTrackChangesFilterOptions
23:48:48.353 [TestNG-test=RetryMultipleFailedTestcases-3] INFO  sprint6_TestCases.A_TrackChangePanalTC - Verified that Count zero is not present.
23:48:48.353 [TestNG-test=RetryMultipleFailedTestcases-3] INFO  sprint6_TestCases.A_TrackChangePanalTC - Finished TC007_verifyTrackChangesOnBrowserMinimize
23:48:59.173 [TestNG-test=RetryMultipleFailedTestcases-3] INFO  sprint6_TestCases.B_AcceptRejectTrackChangesTC - Starting TC047_verifyAcceptRejectInTC
23:49:11.910 [TestNG-test=RetryMultipleFailedTestcases-2] INFO  sprint6_TestCases.A_TrackChangePanalTC - Logged in and searched for a file, then clicked Edit.
23:49:12.155 [TestNG-test=RetryMultipleFailedTestcases-2] INFO  sprint6_TestCases.A_TrackChangePanalTC - Clicked on track changes.
23:49:12.266 [TestNG-test=RetryMultipleFailedTestcases-2] INFO  sprint6_TestCases.A_TrackChangePanalTC - Verified that TC headre is present.
23:49:12.364 [TestNG-test=RetryMultipleFailedTestcases-2] INFO  sprint6_TestCases.A_TrackChangePanalTC - Verified that TC filter options are present.
23:49:12.447 [TestNG-test=RetryMultipleFailedTestcases-2] INFO  sprint6_TestCases.A_TrackChangePanalTC - Verified that TC Data wrapper area is present.
23:49:12.447 [TestNG-test=RetryMultipleFailedTestcases-2] INFO  sprint6_TestCases.A_TrackChangePanalTC - Finished TC012_verifyTrackChangesOptions
23:49:20.239 [TestNG-test=RetryMultipleFailedTestcases-2] INFO  sprint6_TestCases.B_AcceptRejectTrackChangesTC - Starting TC048_verifyAcceptRejectTooltips
23:49:20.627 [TestNG-test=RetryMultipleFailedTestcases-4] INFO  sprint6_TestCases.A_TrackChangePanalTC - Logged in and searched for a file, then clicked Edit.
23:49:20.904 [TestNG-test=RetryMultipleFailedTestcases-4] INFO  sprint6_TestCases.A_TrackChangePanalTC - Clicked on track changes.
23:49:20.978 [TestNG-test=RetryMultipleFailedTestcases-4] INFO  sprint6_TestCases.A_TrackChangePanalTC - Verified that TC filter option is present.
23:49:21.069 [TestNG-test=RetryMultipleFailedTestcases-4] INFO  sprint6_TestCases.A_TrackChangePanalTC - Verified that Tc searche field is present.
23:49:21.151 [TestNG-test=RetryMultipleFailedTestcases-4] INFO  sprint6_TestCases.A_TrackChangePanalTC - Verified that TC Sort option is present.
23:49:21.151 [TestNG-test=RetryMultipleFailedTestcases-4] INFO  sprint6_TestCases.A_TrackChangePanalTC - Finished TC018_verifyTrackChangesFilterOptions
23:49:22.060 [TestNG-test=RetryMultipleFailedTestcases-1] INFO  sprint6_TestCases.A_TrackChangePanalTC - Logged in and searched for a file, then clicked Edit.
23:49:22.270 [TestNG-test=RetryMultipleFailedTestcases-1] INFO  sprint6_TestCases.A_TrackChangePanalTC - Clicked on track changes.
23:49:22.340 [TestNG-test=RetryMultipleFailedTestcases-1] INFO  sprint6_TestCases.A_TrackChangePanalTC - Verified that TC headre is present.
23:49:22.423 [TestNG-test=RetryMultipleFailedTestcases-1] INFO  sprint6_TestCases.A_TrackChangePanalTC - Verified that Tc text is prsent.
23:49:22.497 [TestNG-test=RetryMultipleFailedTestcases-1] INFO  sprint6_TestCases.A_TrackChangePanalTC - Verified that TC eanble Button is present.
23:49:22.587 [TestNG-test=RetryMultipleFailedTestcases-1] INFO  sprint6_TestCases.A_TrackChangePanalTC - Verified that TC Hide button is present
23:49:22.587 [TestNG-test=RetryMultipleFailedTestcases-1] INFO  sprint6_TestCases.A_TrackChangePanalTC - Finished TC013_verifyTrackChangesHeaderOptions
23:49:26.029 [TestNG-test=RetryMultipleFailedTestcases-4] INFO  sprint6_TestCases.B_AcceptRejectTrackChangesTC - Starting TC049_verifyAddContentAcceptChangeTB
23:49:29.843 [TestNG-test=RetryMultipleFailedTestcases-1] INFO  sprint6_TestCases.B_AcceptRejectTrackChangesTC - Starting TC050_verifyAddContentRejectChangeTB
23:49:38.396 [TestNG-test=RetryMultipleFailedTestcases-3] INFO  sprint6_TestCases.B_AcceptRejectTrackChangesTC - Logged in and searched for a file, then clicked Edit.
23:49:38.441 [TestNG-test=RetryMultipleFailedTestcases-3] INFO  sprint6_TestCases.B_AcceptRejectTrackChangesTC - Switched to frame 0.
23:49:39.191 [TestNG-test=RetryMultipleFailedTestcases-3] INFO  sprint6_TestCases.B_AcceptRejectTrackChangesTC - Clicked on first para VE.
23:49:39.236 [TestNG-test=RetryMultipleFailedTestcases-3] INFO  sprint6_TestCases.B_AcceptRejectTrackChangesTC - Switched to default content.
23:49:40.233 [TestNG-test=RetryMultipleFailedTestcases-3] INFO  sprint6_TestCases.B_AcceptRejectTrackChangesTC - Clicked on track changes.
23:49:40.328 [TestNG-test=RetryMultipleFailedTestcases-3] INFO  sprint6_TestCases.B_AcceptRejectTrackChangesTC - Verified that Track change Accept change are displayed
23:49:40.421 [TestNG-test=RetryMultipleFailedTestcases-3] INFO  sprint6_TestCases.B_AcceptRejectTrackChangesTC - Verified that Track change Reject change are displayed
23:49:40.421 [TestNG-test=RetryMultipleFailedTestcases-3] INFO  sprint6_TestCases.B_AcceptRejectTrackChangesTC - Finished TC047_verifyAcceptRejectInTC
23:49:47.136 [TestNG-test=RetryMultipleFailedTestcases-3] INFO  sprint6_TestCases.B_AcceptRejectTrackChangesTC - Starting TC051_verifyRemoveContentAcceptChangeTB
23:50:07.365 [TestNG-test=RetryMultipleFailedTestcases-1] INFO  sprint6_TestCases.B_AcceptRejectTrackChangesTC - Logged in and searched for a file, then clicked Edit.
23:50:07.421 [TestNG-test=RetryMultipleFailedTestcases-1] INFO  sprint6_TestCases.B_AcceptRejectTrackChangesTC - Switched to frame 0.
23:50:07.906 [TestNG-test=RetryMultipleFailedTestcases-2] INFO  sprint6_TestCases.B_AcceptRejectTrackChangesTC - Logged in and searched for a file, then clicked Edit.
23:50:07.952 [TestNG-test=RetryMultipleFailedTestcases-2] INFO  sprint6_TestCases.B_AcceptRejectTrackChangesTC - Switched to frame 0.
23:50:08.208 [TestNG-test=RetryMultipleFailedTestcases-1] INFO  sprint6_TestCases.B_AcceptRejectTrackChangesTC - Clicked on first para VE.
23:50:08.266 [TestNG-test=RetryMultipleFailedTestcases-1] INFO  sprint6_TestCases.B_AcceptRejectTrackChangesTC - Switched to default content.
23:50:08.723 [TestNG-test=RetryMultipleFailedTestcases-2] INFO  sprint6_TestCases.B_AcceptRejectTrackChangesTC - Clicked on first para VE.
23:50:08.784 [TestNG-test=RetryMultipleFailedTestcases-2] INFO  sprint6_TestCases.B_AcceptRejectTrackChangesTC - Switched to default content.
23:50:10.932 [TestNG-test=RetryMultipleFailedTestcases-1] INFO  sprint6_TestCases.B_AcceptRejectTrackChangesTC - Clicked on track changes.
23:50:11.556 [TestNG-test=RetryMultipleFailedTestcases-2] INFO  sprint6_TestCases.B_AcceptRejectTrackChangesTC - Clicked on track changes.
23:50:11.616 [TestNG-test=RetryMultipleFailedTestcases-2] INFO  sprint6_TestCases.B_AcceptRejectTrackChangesTC - Verified that Track change Accept change are displayed.
23:50:11.682 [TestNG-test=RetryMultipleFailedTestcases-2] INFO  sprint6_TestCases.B_AcceptRejectTrackChangesTC - Verified that Track change Reject change are displayed.
23:50:11.893 [TestNG-test=RetryMultipleFailedTestcases-2] INFO  sprint6_TestCases.B_AcceptRejectTrackChangesTC - Verified that Tooltip is correct for accept change.
23:50:12.079 [TestNG-test=RetryMultipleFailedTestcases-2] INFO  sprint6_TestCases.B_AcceptRejectTrackChangesTC - Verified that Tooltip is correct for Reject change.
23:50:12.079 [TestNG-test=RetryMultipleFailedTestcases-2] INFO  sprint6_TestCases.B_AcceptRejectTrackChangesTC - Finished TC048_verifyAcceptRejectTooltips
23:50:17.410 [TestNG-test=RetryMultipleFailedTestcases-2] INFO  sprint6_TestCases.B_AcceptRejectTrackChangesTC - Starting TC052_verifyRemoveContentRejectChangeTB
23:50:28.583 [TestNG-test=RetryMultipleFailedTestcases-4] INFO  sprint6_TestCases.B_AcceptRejectTrackChangesTC - Logged in and searched for a file, then clicked Edit.
23:50:28.603 [TestNG-test=RetryMultipleFailedTestcases-4] INFO  sprint6_TestCases.B_AcceptRejectTrackChangesTC - Switched to frame 0.
23:50:29.029 [TestNG-test=RetryMultipleFailedTestcases-4] INFO  sprint6_TestCases.B_AcceptRejectTrackChangesTC - Clicked on first para VE.
23:50:29.065 [TestNG-test=RetryMultipleFailedTestcases-4] INFO  sprint6_TestCases.B_AcceptRejectTrackChangesTC - Switched to default content.
23:50:31.445 [TestNG-test=RetryMultipleFailedTestcases-4] INFO  sprint6_TestCases.B_AcceptRejectTrackChangesTC - Clicked on track changes.
23:50:31.518 [TestNG-test=RetryMultipleFailedTestcases-4] INFO  sprint6_TestCases.B_AcceptRejectTrackChangesTC - Verified that Track change Header options are displayed.
23:50:32.431 [TestNG-test=RetryMultipleFailedTestcases-4] INFO  sprint6_TestCases.B_AcceptRejectTrackChangesTC - Verified that Track change Header options are displayed.
23:50:32.498 [TestNG-test=RetryMultipleFailedTestcases-4] INFO  sprint6_TestCases.B_AcceptRejectTrackChangesTC - Verified that new para is present.
23:50:32.498 [TestNG-test=RetryMultipleFailedTestcases-4] INFO  sprint6_TestCases.B_AcceptRejectTrackChangesTC - Finished TC049_verifyAddContentAcceptChangeTB
23:50:49.677 [TestNG-test=RetryMultipleFailedTestcases-4] INFO  sprint6_TestCases.B_AcceptRejectTrackChangesTC - Starting TC057_verifyAddMOAcceptChangeInTb
23:51:01.050 [TestNG-test=RetryMultipleFailedTestcases-1] INFO  sprint6_TestCases.B_AcceptRejectTrackChangesTC - Starting TC050_verifyAddContentRejectChangeTB
23:51:19.082 [TestNG-test=RetryMultipleFailedTestcases-2] INFO  sprint6_TestCases.B_AcceptRejectTrackChangesTC - Logged in and searched for a file, then clicked Edit.
23:51:19.103 [TestNG-test=RetryMultipleFailedTestcases-2] INFO  sprint6_TestCases.B_AcceptRejectTrackChangesTC - Switched to frame 0.
23:51:19.898 [TestNG-test=RetryMultipleFailedTestcases-2] INFO  sprint6_TestCases.B_AcceptRejectTrackChangesTC - Clicked on first para VE.
23:51:20.467 [TestNG-test=RetryMultipleFailedTestcases-2] INFO  sprint6_TestCases.B_AcceptRejectTrackChangesTC - Switched to default content.
23:51:20.699 [TestNG-test=RetryMultipleFailedTestcases-2] INFO  sprint6_TestCases.B_AcceptRejectTrackChangesTC - Clicked on track changes.
23:51:20.722 [TestNG-test=RetryMultipleFailedTestcases-2] INFO  sprint6_TestCases.B_AcceptRejectTrackChangesTC - Switched to frame 0.
23:51:21.126 [TestNG-test=RetryMultipleFailedTestcases-2] INFO  sprint6_TestCases.B_AcceptRejectTrackChangesTC - Clicked on deleted text.
23:51:21.153 [TestNG-test=RetryMultipleFailedTestcases-2] INFO  sprint6_TestCases.B_AcceptRejectTrackChangesTC - Switched to default content.
23:51:21.211 [TestNG-test=RetryMultipleFailedTestcases-2] INFO  sprint6_TestCases.B_AcceptRejectTrackChangesTC - Verified that Track change deleted info data card is present.
23:51:21.250 [TestNG-test=RetryMultipleFailedTestcases-2] INFO  sprint6_TestCases.B_AcceptRejectTrackChangesTC - Verified that List Number is present in DS.
23:51:21.617 [TestNG-test=RetryMultipleFailedTestcases-2] INFO  sprint6_TestCases.B_AcceptRejectTrackChangesTC - Clicked on TC Reject changes.
23:51:47.304 [TestNG-test=RetryMultipleFailedTestcases-4] INFO  sprint6_TestCases.B_AcceptRejectTrackChangesTC - Logged in and searched for a file, then clicked Edit.
23:51:47.324 [TestNG-test=RetryMultipleFailedTestcases-4] INFO  sprint6_TestCases.B_AcceptRejectTrackChangesTC - Switched to frame 0.
23:51:47.896 [TestNG-test=RetryMultipleFailedTestcases-3] INFO  sprint6_TestCases.B_AcceptRejectTrackChangesTC - Logged in and searched for a file, then clicked Edit.
23:51:47.911 [TestNG-test=RetryMultipleFailedTestcases-3] INFO  sprint6_TestCases.B_AcceptRejectTrackChangesTC - Switched to frame 0.
23:51:48.539 [TestNG-test=RetryMultipleFailedTestcases-3] INFO  sprint6_TestCases.B_AcceptRejectTrackChangesTC - Clicked on first para VE.
23:51:48.855 [TestNG-test=RetryMultipleFailedTestcases-3] INFO  sprint6_TestCases.B_AcceptRejectTrackChangesTC - Switched to default content.
23:51:49.139 [TestNG-test=RetryMultipleFailedTestcases-3] INFO  sprint6_TestCases.B_AcceptRejectTrackChangesTC - Clicked on track changes.
23:51:49.156 [TestNG-test=RetryMultipleFailedTestcases-3] INFO  sprint6_TestCases.B_AcceptRejectTrackChangesTC - Switched to frame 0.
23:51:49.335 [TestNG-test=RetryMultipleFailedTestcases-4] INFO  sprint6_TestCases.B_AcceptRejectTrackChangesTC - Right Clicked on first para VE.
23:51:49.542 [TestNG-test=RetryMultipleFailedTestcases-4] INFO  sprint6_TestCases.B_AcceptRejectTrackChangesTC - Switched to default content.
23:51:49.557 [TestNG-test=RetryMultipleFailedTestcases-3] INFO  sprint6_TestCases.B_AcceptRejectTrackChangesTC - Clicked on Deleted Text.
23:51:49.606 [TestNG-test=RetryMultipleFailedTestcases-3] INFO  sprint6_TestCases.B_AcceptRejectTrackChangesTC - Switched to default content.
23:51:49.726 [TestNG-test=RetryMultipleFailedTestcases-3] INFO  sprint6_TestCases.B_AcceptRejectTrackChangesTC - Verified that Track change deleted info data card ispresentr.
23:51:49.787 [TestNG-test=RetryMultipleFailedTestcases-3] INFO  sprint6_TestCases.B_AcceptRejectTrackChangesTC - Verified that Deleted data card info is correct.
23:51:50.275 [TestNG-test=RetryMultipleFailedTestcases-3] INFO  sprint6_TestCases.B_AcceptRejectTrackChangesTC - Clicked on Accept changes.
23:51:50.746 [TestNG-test=RetryMultipleFailedTestcases-4] INFO  sprint6_TestCases.B_AcceptRejectTrackChangesTC - Clicked on Right click insert after.
23:51:50.834 [TestNG-test=RetryMultipleFailedTestcases-4] INFO  sprint6_TestCases.B_AcceptRejectTrackChangesTC - Switched to default content.
23:51:51.638 [TestNG-test=RetryMultipleFailedTestcases-4] INFO  sprint6_TestCases.B_AcceptRejectTrackChangesTC - Clicked on img insert after element.
23:51:52.155 [TestNG-test=RetryMultipleFailedTestcases-4] INFO  sprint6_TestCases.B_AcceptRejectTrackChangesTC - Clicked on Insert Button.
23:51:53.456 [TestNG-test=RetryMultipleFailedTestcases-1] INFO  sprint6_TestCases.B_AcceptRejectTrackChangesTC - Logged in and searched for a file, then clicked Edit.
23:51:53.472 [TestNG-test=RetryMultipleFailedTestcases-1] INFO  sprint6_TestCases.B_AcceptRejectTrackChangesTC - Switched to frame 0.
23:51:53.836 [TestNG-test=RetryMultipleFailedTestcases-1] INFO  sprint6_TestCases.B_AcceptRejectTrackChangesTC - Clicked on first para VE.
23:51:53.875 [TestNG-test=RetryMultipleFailedTestcases-1] INFO  sprint6_TestCases.B_AcceptRejectTrackChangesTC - Switched to default content.
23:51:55.607 [TestNG-test=RetryMultipleFailedTestcases-1] INFO  sprint6_TestCases.B_AcceptRejectTrackChangesTC - Clicked on track changes.
23:51:55.668 [TestNG-test=RetryMultipleFailedTestcases-1] INFO  sprint6_TestCases.B_AcceptRejectTrackChangesTC - Verified that Track change Header options are displayed.
23:51:55.711 [TestNG-test=RetryMultipleFailedTestcases-1] INFO  sprint6_TestCases.B_AcceptRejectTrackChangesTC - Verified that hello text is present in tc card.
23:51:56.205 [TestNG-test=RetryMultipleFailedTestcases-1] INFO  sprint6_TestCases.B_AcceptRejectTrackChangesTC - Clicked on reject changes of TC.
23:51:56.475 [TestNG-test=RetryMultipleFailedTestcases-1] INFO  sprint6_TestCases.B_AcceptRejectTrackChangesTC - Switched to frame 0.
23:52:01.718 [TestNG-test=RetryMultipleFailedTestcases-2] INFO  sprint6_TestCases.B_AcceptRejectTrackChangesTC - Verified that deleted info data card is removed .
23:52:01.718 [TestNG-test=RetryMultipleFailedTestcases-2] INFO  sprint6_TestCases.B_AcceptRejectTrackChangesTC - Finished TC052_verifyRemoveContentRejectChangeTB
23:52:01.841 [TestNG-test=RetryMultipleFailedTestcases-4] INFO  sprint6_TestCases.B_AcceptRejectTrackChangesTC - Clicked on Click on img element.
23:52:03.027 [TestNG-test=RetryMultipleFailedTestcases-4] INFO  sprint6_TestCases.B_AcceptRejectTrackChangesTC - Clicked on track changes.
23:52:03.109 [TestNG-test=RetryMultipleFailedTestcases-4] INFO  sprint6_TestCases.B_AcceptRejectTrackChangesTC - Verified that Track change Data card is present.
23:52:03.160 [TestNG-test=RetryMultipleFailedTestcases-4] INFO  sprint6_TestCases.B_AcceptRejectTrackChangesTC - Verified that TC data card info is correct.
23:52:03.906 [TestNG-test=RetryMultipleFailedTestcases-4] INFO  sprint6_TestCases.B_AcceptRejectTrackChangesTC - Clicked on TC Accept changes.
23:52:09.915 [TestNG-test=RetryMultipleFailedTestcases-2] INFO  sprint6_TestCases.B_AcceptRejectTrackChangesTC - Starting TC058_verifyAddMORejectChangeInTC
23:52:30.360 [TestNG-test=RetryMultipleFailedTestcases-3] INFO  sprint6_TestCases.B_AcceptRejectTrackChangesTC - Verified that deleted info data card is removed .
23:52:30.360 [TestNG-test=RetryMultipleFailedTestcases-3] INFO  sprint6_TestCases.B_AcceptRejectTrackChangesTC - Finished TC051_verifyRemoveContentAcceptChangeTB
23:52:36.304 [TestNG-test=RetryMultipleFailedTestcases-3] INFO  sprint6_TestCases.B_AcceptRejectTrackChangesTC - Starting TC059_verifyDeleteMOAcceptChangeCheckTC
23:52:36.528 [TestNG-test=RetryMultipleFailedTestcases-1] INFO  sprint6_TestCases.B_AcceptRejectTrackChangesTC - Verified that hello text is present.
23:52:36.528 [TestNG-test=RetryMultipleFailedTestcases-1] INFO  sprint6_TestCases.B_AcceptRejectTrackChangesTC - Finished TC050_verifyAddContentRejectChangeTB
23:52:44.104 [TestNG-test=RetryMultipleFailedTestcases-4] INFO  sprint6_TestCases.B_AcceptRejectTrackChangesTC - Verified that Track change Data card is Removed.
23:52:44.176 [TestNG-test=RetryMultipleFailedTestcases-4] INFO  sprint6_TestCases.B_AcceptRejectTrackChangesTC - Verified that img element is present in DS.
23:52:44.176 [TestNG-test=RetryMultipleFailedTestcases-4] INFO  sprint6_TestCases.B_AcceptRejectTrackChangesTC - Finished TC057_verifyAddMOAcceptChangeInTb
23:52:46.387 [TestNG-test=RetryMultipleFailedTestcases-1] INFO  sprint6_TestCases.B_AcceptRejectTrackChangesTC - Starting TC060_verifyDeleteMORejectChangeCheckTC
23:52:48.384 [TestNG-test=RetryMultipleFailedTestcases-2] INFO  sprint6_TestCases.B_AcceptRejectTrackChangesTC - Logged in and searched for a file, then clicked Edit.
23:52:48.679 [TestNG-test=RetryMultipleFailedTestcases-2] INFO  sprint6_TestCases.B_AcceptRejectTrackChangesTC - Switched to frame 0.
23:52:50.358 [TestNG-test=RetryMultipleFailedTestcases-2] INFO  sprint6_TestCases.B_AcceptRejectTrackChangesTC - Right Clicked on first para VE.
23:52:50.441 [TestNG-test=RetryMultipleFailedTestcases-2] INFO  sprint6_TestCases.B_AcceptRejectTrackChangesTC - Switched to default content.
23:52:51.404 [TestNG-test=RetryMultipleFailedTestcases-2] INFO  sprint6_TestCases.B_AcceptRejectTrackChangesTC - Clicked on Right click insert after.
23:52:51.492 [TestNG-test=RetryMultipleFailedTestcases-2] INFO  sprint6_TestCases.B_AcceptRejectTrackChangesTC - Switched to default content.
23:52:52.185 [TestNG-test=RetryMultipleFailedTestcases-2] INFO  sprint6_TestCases.B_AcceptRejectTrackChangesTC - Clicked on img insert after element.
23:52:52.598 [TestNG-test=RetryMultipleFailedTestcases-2] INFO  sprint6_TestCases.B_AcceptRejectTrackChangesTC - Clicked on Insert Button.
23:52:54.345 [TestNG-test=RetryMultipleFailedTestcases-4] INFO  sprint6_TestCases.C_SearchFieldListItemsTC - Starting TC070_verifySearchField
23:53:02.643 [TestNG-test=RetryMultipleFailedTestcases-2] INFO  sprint6_TestCases.B_AcceptRejectTrackChangesTC - Clicked on Click on img element.
23:53:03.775 [TestNG-test=RetryMultipleFailedTestcases-2] INFO  sprint6_TestCases.B_AcceptRejectTrackChangesTC - Clicked on track changes.
23:53:03.881 [TestNG-test=RetryMultipleFailedTestcases-2] INFO  sprint6_TestCases.B_AcceptRejectTrackChangesTC - Verified that Track change Data card is present.
23:53:03.983 [TestNG-test=RetryMultipleFailedTestcases-2] INFO  sprint6_TestCases.B_AcceptRejectTrackChangesTC - Verified that TC data card info is correct.
23:53:04.502 [TestNG-test=RetryMultipleFailedTestcases-2] INFO  sprint6_TestCases.B_AcceptRejectTrackChangesTC - Clicked on TC Reject changes.
23:53:13.138 [TestNG-test=RetryMultipleFailedTestcases-3] INFO  sprint6_TestCases.B_AcceptRejectTrackChangesTC - Logged in and searched for a file, then clicked Edit.
23:53:13.200 [TestNG-test=RetryMultipleFailedTestcases-3] INFO  sprint6_TestCases.B_AcceptRejectTrackChangesTC - Switched to frame 0.
23:53:15.361 [TestNG-test=RetryMultipleFailedTestcases-3] INFO  sprint6_TestCases.B_AcceptRejectTrackChangesTC - Right Clicked on first para VE.
23:53:15.503 [TestNG-test=RetryMultipleFailedTestcases-3] INFO  sprint6_TestCases.B_AcceptRejectTrackChangesTC - Switched to default content.
23:53:17.448 [TestNG-test=RetryMultipleFailedTestcases-3] INFO  sprint6_TestCases.B_AcceptRejectTrackChangesTC - Clicked on Right click insert after.
23:53:17.594 [TestNG-test=RetryMultipleFailedTestcases-3] INFO  sprint6_TestCases.B_AcceptRejectTrackChangesTC - Switched to default content.
23:53:18.524 [TestNG-test=RetryMultipleFailedTestcases-3] INFO  sprint6_TestCases.B_AcceptRejectTrackChangesTC - Clicked on img insert after element.
23:53:19.016 [TestNG-test=RetryMultipleFailedTestcases-3] INFO  sprint6_TestCases.B_AcceptRejectTrackChangesTC - Clicked on Insert Button.
23:53:26.440 [TestNG-test=RetryMultipleFailedTestcases-1] INFO  sprint6_TestCases.B_AcceptRejectTrackChangesTC - Logged in and searched for a file, then clicked Edit.
23:53:26.477 [TestNG-test=RetryMultipleFailedTestcases-1] INFO  sprint6_TestCases.B_AcceptRejectTrackChangesTC - Switched to frame 0.
23:53:28.201 [TestNG-test=RetryMultipleFailedTestcases-1] INFO  sprint6_TestCases.B_AcceptRejectTrackChangesTC - Right Clicked on first para VE.
23:53:28.367 [TestNG-test=RetryMultipleFailedTestcases-1] INFO  sprint6_TestCases.B_AcceptRejectTrackChangesTC - Switched to default content.
23:53:29.656 [TestNG-test=RetryMultipleFailedTestcases-1] INFO  sprint6_TestCases.B_AcceptRejectTrackChangesTC - Clicked on Right click insert after.
23:53:29.755 [TestNG-test=RetryMultipleFailedTestcases-1] INFO  sprint6_TestCases.B_AcceptRejectTrackChangesTC - Switched to default content.
23:53:30.548 [TestNG-test=RetryMultipleFailedTestcases-1] INFO  sprint6_TestCases.B_AcceptRejectTrackChangesTC - Clicked on img insert after element.
23:53:30.893 [TestNG-test=RetryMultipleFailedTestcases-1] INFO  sprint6_TestCases.B_AcceptRejectTrackChangesTC - Clicked on Insert Button.
23:53:36.146 [TestNG-test=RetryMultipleFailedTestcases-4] INFO  sprint6_TestCases.C_SearchFieldListItemsTC - Logged in and searched for a file, then clicked Edit.
23:53:36.516 [TestNG-test=RetryMultipleFailedTestcases-4] INFO  sprint6_TestCases.C_SearchFieldListItemsTC - Clicked on track changes.
23:53:36.581 [TestNG-test=RetryMultipleFailedTestcases-4] INFO  sprint6_TestCases.C_SearchFieldListItemsTC - Verified that TC search box is present.
23:53:36.581 [TestNG-test=RetryMultipleFailedTestcases-4] INFO  sprint6_TestCases.C_SearchFieldListItemsTC - Finished TC070_verifySearchField
23:53:44.941 [TestNG-test=RetryMultipleFailedTestcases-2] INFO  sprint6_TestCases.B_AcceptRejectTrackChangesTC - Verified that Track change Data card is Removed.
23:53:48.459 [TestNG-test=RetryMultipleFailedTestcases-4] INFO  sprint6_TestCases.C_SearchFieldListItemsTC - Starting TC071_verifySearchBoxAccepts255Characters
23:53:57.647 [TestNG-test=RetryMultipleFailedTestcases-3] INFO  sprint6_TestCases.B_AcceptRejectTrackChangesTC - Starting TC059_verifyDeleteMOAcceptChangeCheckTC
23:54:02.263 [TestNG-test=RetryMultipleFailedTestcases-1] INFO  sprint6_TestCases.B_AcceptRejectTrackChangesTC - Starting TC060_verifyDeleteMORejectChangeCheckTC
23:54:19.966 [TestNG-test=RetryMultipleFailedTestcases-4] INFO  sprint6_TestCases.C_SearchFieldListItemsTC - Logged in and searched for a file, then clicked Edit.
23:54:20.208 [TestNG-test=RetryMultipleFailedTestcases-4] INFO  sprint6_TestCases.C_SearchFieldListItemsTC - Clicked on track changes.
23:54:20.470 [TestNG-test=RetryMultipleFailedTestcases-4] INFO  sprint6_TestCases.C_SearchFieldListItemsTC - Clicked on TC Search Box.
23:54:22.371 [TestNG-test=RetryMultipleFailedTestcases-4] INFO  sprint6_TestCases.C_SearchFieldListItemsTC - Verified that search box char count is 100
23:54:22.371 [TestNG-test=RetryMultipleFailedTestcases-4] INFO  sprint6_TestCases.C_SearchFieldListItemsTC - Finished TC071_verifySearchBoxAccepts255Characters
23:54:25.037 [TestNG-test=RetryMultipleFailedTestcases-2] INFO  sprint6_TestCases.B_AcceptRejectTrackChangesTC - Verified that img element is not present in DS.
23:54:25.037 [TestNG-test=RetryMultipleFailedTestcases-2] INFO  sprint6_TestCases.B_AcceptRejectTrackChangesTC - Finished TC058_verifyAddMORejectChangeInTC
23:54:30.979 [TestNG-test=RetryMultipleFailedTestcases-3] INFO  sprint6_TestCases.B_AcceptRejectTrackChangesTC - Logged in and searched for a file, then clicked Edit.
23:54:31.034 [TestNG-test=RetryMultipleFailedTestcases-3] INFO  sprint6_TestCases.B_AcceptRejectTrackChangesTC - Switched to frame 0.
23:54:32.619 [TestNG-test=RetryMultipleFailedTestcases-3] INFO  sprint6_TestCases.B_AcceptRejectTrackChangesTC - Right Clicked on first para VE.
23:54:32.785 [TestNG-test=RetryMultipleFailedTestcases-3] INFO  sprint6_TestCases.B_AcceptRejectTrackChangesTC - Switched to default content.
23:54:33.300 [TestNG-test=RetryMultipleFailedTestcases-4] INFO  sprint6_TestCases.C_SearchFieldListItemsTC - Starting TC072_verifySearchBoxRejectsMoreThan255Characters
23:54:33.792 [TestNG-test=RetryMultipleFailedTestcases-3] INFO  sprint6_TestCases.B_AcceptRejectTrackChangesTC - Clicked on Right click insert after.
23:54:34.036 [TestNG-test=RetryMultipleFailedTestcases-3] INFO  sprint6_TestCases.B_AcceptRejectTrackChangesTC - Switched to default content.
23:54:34.163 [TestNG-test=RetryMultipleFailedTestcases-2] INFO  sprint6_TestCases.C_SearchFieldListItemsTC - Starting TC074_verifyButtonIsClickable
23:54:34.900 [TestNG-test=RetryMultipleFailedTestcases-3] INFO  sprint6_TestCases.B_AcceptRejectTrackChangesTC - Clicked on img insert after element.
23:54:35.299 [TestNG-test=RetryMultipleFailedTestcases-3] INFO  sprint6_TestCases.B_AcceptRejectTrackChangesTC - Clicked on Insert Button.
23:54:36.149 [TestNG-test=RetryMultipleFailedTestcases-1] INFO  sprint6_TestCases.B_AcceptRejectTrackChangesTC - Logged in and searched for a file, then clicked Edit.
23:54:36.169 [TestNG-test=RetryMultipleFailedTestcases-1] INFO  sprint6_TestCases.B_AcceptRejectTrackChangesTC - Switched to frame 0.
23:54:36.671 [TestNG-test=RetryMultipleFailedTestcases-3] INFO  sprint6_TestCases.B_AcceptRejectTrackChangesTC - Clicked on Click on img element.
23:54:37.589 [TestNG-test=RetryMultipleFailedTestcases-1] INFO  sprint6_TestCases.B_AcceptRejectTrackChangesTC - Right Clicked on first para VE.
23:54:37.749 [TestNG-test=RetryMultipleFailedTestcases-1] INFO  sprint6_TestCases.B_AcceptRejectTrackChangesTC - Switched to default content.
23:54:38.383 [TestNG-test=RetryMultipleFailedTestcases-3] INFO  sprint6_TestCases.B_AcceptRejectTrackChangesTC - Clicked on first para VE.
23:54:38.567 [TestNG-test=RetryMultipleFailedTestcases-3] INFO  sprint6_TestCases.B_AcceptRejectTrackChangesTC - Verified that img element is present in DS.
23:54:38.814 [TestNG-test=RetryMultipleFailedTestcases-1] INFO  sprint6_TestCases.B_AcceptRejectTrackChangesTC - Clicked on Right click insert after.
23:54:38.970 [TestNG-test=RetryMultipleFailedTestcases-1] INFO  sprint6_TestCases.B_AcceptRejectTrackChangesTC - Switched to default content.
23:54:39.400 [TestNG-test=RetryMultipleFailedTestcases-3] INFO  sprint6_TestCases.B_AcceptRejectTrackChangesTC - RightClicked on Inserted img from DS.
23:54:39.591 [TestNG-test=RetryMultipleFailedTestcases-1] INFO  sprint6_TestCases.B_AcceptRejectTrackChangesTC - Clicked on img insert after element.
23:54:39.957 [TestNG-test=RetryMultipleFailedTestcases-3] INFO  sprint6_TestCases.B_AcceptRejectTrackChangesTC - Clicked on RC Remove element block.
23:54:40.001 [TestNG-test=RetryMultipleFailedTestcases-1] INFO  sprint6_TestCases.B_AcceptRejectTrackChangesTC - Clicked on Insert Button.
23:54:40.367 [TestNG-test=RetryMultipleFailedTestcases-3] INFO  sprint6_TestCases.B_AcceptRejectTrackChangesTC - Clicked on track changes.
23:54:40.451 [TestNG-test=RetryMultipleFailedTestcases-3] INFO  sprint6_TestCases.B_AcceptRejectTrackChangesTC - Verified that Deleted data card is present.
23:54:40.501 [TestNG-test=RetryMultipleFailedTestcases-3] INFO  sprint6_TestCases.B_AcceptRejectTrackChangesTC - Verified that Deleted data card info is correct.
23:54:41.141 [TestNG-test=RetryMultipleFailedTestcases-3] INFO  sprint6_TestCases.B_AcceptRejectTrackChangesTC - Clicked on Tc Accept Change.
23:54:47.901 [TestNG-test=RetryMultipleFailedTestcases-1] INFO  sprint6_TestCases.B_AcceptRejectTrackChangesTC - Clicked on Click on img element.
23:54:49.161 [TestNG-test=RetryMultipleFailedTestcases-1] INFO  sprint6_TestCases.B_AcceptRejectTrackChangesTC - Clicked on first para VE.
23:54:49.356 [TestNG-test=RetryMultipleFailedTestcases-1] INFO  sprint6_TestCases.B_AcceptRejectTrackChangesTC - Verified that img element is present in DS.
23:54:50.740 [TestNG-test=RetryMultipleFailedTestcases-1] INFO  sprint6_TestCases.B_AcceptRejectTrackChangesTC - RightClicked on Inserted img from DS.
23:54:51.172 [TestNG-test=RetryMultipleFailedTestcases-1] INFO  sprint6_TestCases.B_AcceptRejectTrackChangesTC - Clicked on RC Remove element block.
23:54:51.554 [TestNG-test=RetryMultipleFailedTestcases-1] INFO  sprint6_TestCases.B_AcceptRejectTrackChangesTC - Clicked on track changes.
23:54:51.621 [TestNG-test=RetryMultipleFailedTestcases-1] INFO  sprint6_TestCases.B_AcceptRejectTrackChangesTC - Verified that Deleted data card is present.
23:54:51.669 [TestNG-test=RetryMultipleFailedTestcases-1] INFO  sprint6_TestCases.B_AcceptRejectTrackChangesTC - Verified that Deleted data card info is correct.
23:54:52.202 [TestNG-test=RetryMultipleFailedTestcases-1] INFO  sprint6_TestCases.B_AcceptRejectTrackChangesTC - Clicked Tc Reject Change
23:55:02.664 [TestNG-test=RetryMultipleFailedTestcases-2] INFO  sprint6_TestCases.C_SearchFieldListItemsTC - Logged in and searched for a file, then clicked Edit.
23:55:03.061 [TestNG-test=RetryMultipleFailedTestcases-2] INFO  sprint6_TestCases.C_SearchFieldListItemsTC - Clicked on track changes.
23:55:03.097 [TestNG-test=RetryMultipleFailedTestcases-2] INFO  sprint6_TestCases.C_SearchFieldListItemsTC - Verified that search by content button is clickable.
23:55:03.097 [TestNG-test=RetryMultipleFailedTestcases-2] INFO  sprint6_TestCases.C_SearchFieldListItemsTC - Finished TC074_verifyButtonIsClickable
23:55:13.409 [TestNG-test=RetryMultipleFailedTestcases-2] INFO  sprint6_TestCases.C_SearchFieldListItemsTC - Starting TC075_verifyTooltipSearchByContent
23:55:18.012 [TestNG-test=RetryMultipleFailedTestcases-4] INFO  sprint6_TestCases.C_SearchFieldListItemsTC - Logged in and searched for a file, then clicked Edit.
23:55:18.285 [TestNG-test=RetryMultipleFailedTestcases-4] INFO  sprint6_TestCases.C_SearchFieldListItemsTC - Clicked on track changes.
23:55:21.080 [TestNG-test=RetryMultipleFailedTestcases-4] INFO  sprint6_TestCases.C_SearchFieldListItemsTC - Verified that search box char count is not equals to 256
23:55:21.080 [TestNG-test=RetryMultipleFailedTestcases-4] INFO  sprint6_TestCases.C_SearchFieldListItemsTC - Finished TC072_verifySearchBoxRejectsMoreThan255Characters
23:55:21.428 [TestNG-test=RetryMultipleFailedTestcases-3] INFO  sprint6_TestCases.B_AcceptRejectTrackChangesTC - Verified that Deleted data card is not present.
23:55:21.429 [TestNG-test=RetryMultipleFailedTestcases-3] INFO  sprint6_TestCases.B_AcceptRejectTrackChangesTC - Finished TC059_verifyDeleteMOAcceptChangeCheckTC
23:55:28.180 [TestNG-test=RetryMultipleFailedTestcases-4] INFO  sprint6_TestCases.C_SearchFieldListItemsTC - Starting TC076_verifyTooltipSearchByUser
23:55:28.258 [TestNG-test=RetryMultipleFailedTestcases-3] INFO  sprint6_TestCases.C_SearchFieldListItemsTC - Starting TC077_verifyIconChangesOnClick
23:55:32.303 [TestNG-test=RetryMultipleFailedTestcases-1] INFO  sprint6_TestCases.B_AcceptRejectTrackChangesTC - Verified that Deleted data card is not present.
23:55:32.359 [TestNG-test=RetryMultipleFailedTestcases-1] INFO  sprint6_TestCases.B_AcceptRejectTrackChangesTC - Verified that img element is present in DS.
23:55:32.359 [TestNG-test=RetryMultipleFailedTestcases-1] INFO  sprint6_TestCases.B_AcceptRejectTrackChangesTC - Finished TC060_verifyDeleteMORejectChangeCheckTC
23:55:40.921 [TestNG-test=RetryMultipleFailedTestcases-1] INFO  sprint6_TestCases.C_SearchFieldListItemsTC - Starting TC078_verifySearchByContent
23:55:53.543 [TestNG-test=RetryMultipleFailedTestcases-2] INFO  sprint6_TestCases.C_SearchFieldListItemsTC - Logged in and searched for a file, then clicked Edit.
23:55:53.884 [TestNG-test=RetryMultipleFailedTestcases-2] INFO  sprint6_TestCases.C_SearchFieldListItemsTC - Clicked on track changes.
23:55:54.094 [TestNG-test=RetryMultipleFailedTestcases-2] INFO  sprint6_TestCases.C_SearchFieldListItemsTC - Verified that Search by element tooltip is correct.
23:55:54.094 [TestNG-test=RetryMultipleFailedTestcases-2] INFO  sprint6_TestCases.C_SearchFieldListItemsTC - Finished TC075_verifyTooltipSearchByContent
23:56:03.340 [TestNG-test=RetryMultipleFailedTestcases-2] INFO  sprint6_TestCases.C_SearchFieldListItemsTC - Starting TC080_verifySearchByContentPlaceHolder
23:56:05.956 [TestNG-test=RetryMultipleFailedTestcases-4] INFO  sprint6_TestCases.C_SearchFieldListItemsTC - Logged in and searched for a file, then clicked Edit.
23:56:06.188 [TestNG-test=RetryMultipleFailedTestcases-4] INFO  sprint6_TestCases.C_SearchFieldListItemsTC - Clicked on track changes.
23:56:06.394 [TestNG-test=RetryMultipleFailedTestcases-4] INFO  sprint6_TestCases.C_SearchFieldListItemsTC - Clicked on Search by.
23:56:06.591 [TestNG-test=RetryMultipleFailedTestcases-4] INFO  sprint6_TestCases.C_SearchFieldListItemsTC - Verified that Search by User tooltip is present and correct.
23:56:06.591 [TestNG-test=RetryMultipleFailedTestcases-4] INFO  sprint6_TestCases.C_SearchFieldListItemsTC - Finished TC076_verifyTooltipSearchByUser
23:56:10.324 [TestNG-test=RetryMultipleFailedTestcases-3] INFO  sprint6_TestCases.C_SearchFieldListItemsTC - Logged in and searched for a file, then clicked Edit.
23:56:11.121 [TestNG-test=RetryMultipleFailedTestcases-3] INFO  sprint6_TestCases.C_SearchFieldListItemsTC - Clicked on track changes.
23:56:11.409 [TestNG-test=RetryMultipleFailedTestcases-3] INFO  sprint6_TestCases.C_SearchFieldListItemsTC - Clicked on search by.
23:56:11.455 [TestNG-test=RetryMultipleFailedTestcases-3] INFO  sprint6_TestCases.C_SearchFieldListItemsTC - Verified that After click and before click on icon is different.
23:56:11.456 [TestNG-test=RetryMultipleFailedTestcases-3] INFO  sprint6_TestCases.C_SearchFieldListItemsTC - Finished TC077_verifyIconChangesOnClick
23:56:15.542 [TestNG-test=RetryMultipleFailedTestcases-4] INFO  sprint6_TestCases.C_SearchFieldListItemsTC - Starting TC081_verifySearchByUserPlaceHolder
23:56:20.912 [TestNG-test=RetryMultipleFailedTestcases-3] INFO  sprint6_TestCases.C_SearchFieldListItemsTC - Starting verifyNoCardMessageAfterSearch
23:56:31.188 [TestNG-test=RetryMultipleFailedTestcases-1] INFO  sprint6_TestCases.C_SearchFieldListItemsTC - Logged in and searched for a file, then clicked Edit.
23:56:31.208 [TestNG-test=RetryMultipleFailedTestcases-1] INFO  sprint6_TestCases.C_SearchFieldListItemsTC - Switched to frame 0.
23:56:31.823 [TestNG-test=RetryMultipleFailedTestcases-1] INFO  sprint6_TestCases.C_SearchFieldListItemsTC - Clicked on first para VE.
23:56:31.861 [TestNG-test=RetryMultipleFailedTestcases-1] INFO  sprint6_TestCases.C_SearchFieldListItemsTC - Switched to default content.
23:56:33.688 [TestNG-test=RetryMultipleFailedTestcases-1] INFO  sprint6_TestCases.C_SearchFieldListItemsTC - Inserted Hello Word.
23:56:34.206 [TestNG-test=RetryMultipleFailedTestcases-1] INFO  sprint6_TestCases.C_SearchFieldListItemsTC - Clicked on track changes.
23:56:34.712 [TestNG-test=RetryMultipleFailedTestcases-1] INFO  sprint6_TestCases.C_SearchFieldListItemsTC - Verified that TC data card is present
23:56:34.765 [TestNG-test=RetryMultipleFailedTestcases-1] INFO  sprint6_TestCases.C_SearchFieldListItemsTC - Verified that data card information is correct.
23:56:34.765 [TestNG-test=RetryMultipleFailedTestcases-1] INFO  sprint6_TestCases.C_SearchFieldListItemsTC - Finished TC078_verifySearchByContent
23:56:41.936 [TestNG-test=RetryMultipleFailedTestcases-1] INFO  sprint6_TestCases.D_SortFilterListItemsTC - Starting TC85_verifyFilterPresent
23:56:51.324 [TestNG-test=RetryMultipleFailedTestcases-2] INFO  sprint6_TestCases.C_SearchFieldListItemsTC - Logged in and searched for a file, then clicked Edit.
23:56:51.586 [TestNG-test=RetryMultipleFailedTestcases-2] INFO  sprint6_TestCases.C_SearchFieldListItemsTC - Clicked on track changes.
23:56:51.668 [TestNG-test=RetryMultipleFailedTestcases-2] INFO  sprint6_TestCases.C_SearchFieldListItemsTC - Verified that Place holder is present
23:56:51.668 [TestNG-test=RetryMultipleFailedTestcases-2] INFO  sprint6_TestCases.C_SearchFieldListItemsTC - Finished TC080_verifySearchByContentPlaceHolder
23:56:51.870 [TestNG-test=RetryMultipleFailedTestcases-3] INFO  sprint6_TestCases.C_SearchFieldListItemsTC - Logged in and searched for a file, then clicked Edit.
23:56:51.897 [TestNG-test=RetryMultipleFailedTestcases-3] INFO  sprint6_TestCases.C_SearchFieldListItemsTC - Switched to frame 0.
23:56:52.541 [TestNG-test=RetryMultipleFailedTestcases-3] INFO  sprint6_TestCases.C_SearchFieldListItemsTC - Clicked on first para VE.
23:56:52.607 [TestNG-test=RetryMultipleFailedTestcases-3] INFO  sprint6_TestCases.C_SearchFieldListItemsTC - Switched to default content.
23:56:56.111 [TestNG-test=RetryMultipleFailedTestcases-3] INFO  sprint6_TestCases.C_SearchFieldListItemsTC - Clicked on track changes.
23:56:56.964 [TestNG-test=RetryMultipleFailedTestcases-3] INFO  sprint6_TestCases.C_SearchFieldListItemsTC - Verified that List Number is present in DS.
23:56:56.964 [TestNG-test=RetryMultipleFailedTestcases-3] INFO  sprint6_TestCases.C_SearchFieldListItemsTC - Finished verifyNoCardMessageAfterSearch
23:56:57.449 [TestNG-test=RetryMultipleFailedTestcases-2] INFO  sprint6_TestCases.D_SortFilterListItemsTC - Starting TC086_verifyFilterClickable
23:56:57.548 [TestNG-test=RetryMultipleFailedTestcases-4] INFO  sprint6_TestCases.C_SearchFieldListItemsTC - Logged in and searched for a file, then clicked Edit.
23:56:57.852 [TestNG-test=RetryMultipleFailedTestcases-4] INFO  sprint6_TestCases.C_SearchFieldListItemsTC - Clicked on track changes.
23:56:58.169 [TestNG-test=RetryMultipleFailedTestcases-4] INFO  sprint6_TestCases.C_SearchFieldListItemsTC - Clicked on first para VE.
23:56:58.217 [TestNG-test=RetryMultipleFailedTestcases-4] INFO  sprint6_TestCases.C_SearchFieldListItemsTC - Verified that List Number is present in DS.
23:56:58.218 [TestNG-test=RetryMultipleFailedTestcases-4] INFO  sprint6_TestCases.C_SearchFieldListItemsTC - Finished TC081_verifySearchByUserPlaceHolder
23:57:02.490 [TestNG-test=RetryMultipleFailedTestcases-3] INFO  sprint6_TestCases.D_SortFilterListItemsTC - Starting TC087_verifyFilterMenu
23:57:05.376 [TestNG-test=RetryMultipleFailedTestcases-4] INFO  sprint6_TestCases.D_SortFilterListItemsTC - Starting TC088_verifyFilterMenuList
23:57:16.517 [TestNG-test=RetryMultipleFailedTestcases-1] INFO  sprint6_TestCases.D_SortFilterListItemsTC - Logged in and searched for a file, then clicked Edit.
23:57:16.936 [TestNG-test=RetryMultipleFailedTestcases-1] INFO  sprint6_TestCases.D_SortFilterListItemsTC - Clicked on track changes.
23:57:17.311 [TestNG-test=RetryMultipleFailedTestcases-1] INFO  sprint6_TestCases.D_SortFilterListItemsTC - Clicked on filter tc.
23:57:17.415 [TestNG-test=RetryMultipleFailedTestcases-1] INFO  sprint6_TestCases.D_SortFilterListItemsTC - Verified that Filter is not placed in the TC panel.
23:57:17.415 [TestNG-test=RetryMultipleFailedTestcases-1] INFO  sprint6_TestCases.D_SortFilterListItemsTC - Finished TC85_verifyFilterPresent
23:57:28.641 [TestNG-test=RetryMultipleFailedTestcases-1] INFO  sprint6_TestCases.D_SortFilterListItemsTC - Starting TC089_verifyFilterByDefualtShowAsRecent
23:57:32.175 [TestNG-test=RetryMultipleFailedTestcases-2] INFO  sprint6_TestCases.D_SortFilterListItemsTC - Logged in and searched for a file, then clicked Edit.
23:57:32.449 [TestNG-test=RetryMultipleFailedTestcases-2] INFO  sprint6_TestCases.D_SortFilterListItemsTC - Clicked on track changes.
23:57:32.530 [TestNG-test=RetryMultipleFailedTestcases-2] INFO  sprint6_TestCases.D_SortFilterListItemsTC - Verified that Filter is clickable.
23:57:32.530 [TestNG-test=RetryMultipleFailedTestcases-2] INFO  sprint6_TestCases.D_SortFilterListItemsTC - Finished TC086_verifyFilterClickable
23:57:39.009 [TestNG-test=RetryMultipleFailedTestcases-2] INFO  sprint6_TestCases.D_SortFilterListItemsTC - Starting TC091_verifyFilterByOnlyShowAddedChanges
23:57:40.094 [TestNG-test=RetryMultipleFailedTestcases-3] INFO  sprint6_TestCases.D_SortFilterListItemsTC - Logged in and searched for a file, then clicked Edit.
23:57:40.276 [TestNG-test=RetryMultipleFailedTestcases-3] INFO  sprint6_TestCases.D_SortFilterListItemsTC - Clicked on track changes.
23:57:40.594 [TestNG-test=RetryMultipleFailedTestcases-3] INFO  sprint6_TestCases.D_SortFilterListItemsTC - Clicked on filter tc.
23:57:40.724 [TestNG-test=RetryMultipleFailedTestcases-3] INFO  sprint6_TestCases.D_SortFilterListItemsTC - Verified that List Number is present in DS.
23:57:40.724 [TestNG-test=RetryMultipleFailedTestcases-3] INFO  sprint6_TestCases.D_SortFilterListItemsTC - Finished TC087_verifyFilterMenu
23:57:46.479 [TestNG-test=RetryMultipleFailedTestcases-4] INFO  sprint6_TestCases.D_SortFilterListItemsTC - Logged in and searched for a file, then clicked Edit.
23:57:46.759 [TestNG-test=RetryMultipleFailedTestcases-4] INFO  sprint6_TestCases.D_SortFilterListItemsTC - Clicked on track changes.
23:57:47.211 [TestNG-test=RetryMultipleFailedTestcases-4] INFO  sprint6_TestCases.D_SortFilterListItemsTC - Clicked on first para VE.
23:57:47.299 [TestNG-test=RetryMultipleFailedTestcases-4] INFO  sprint6_TestCases.D_SortFilterListItemsTC - Verified that Sort by Recent is not present inside the filter.
23:57:47.453 [TestNG-test=RetryMultipleFailedTestcases-4] INFO  sprint6_TestCases.D_SortFilterListItemsTC - Verified that Only Show My Changes is not present inside the filter.
23:57:47.537 [TestNG-test=RetryMultipleFailedTestcases-4] INFO  sprint6_TestCases.D_SortFilterListItemsTC - Verified that Only Show My Changes is not present inside the filter.
23:57:47.620 [TestNG-test=RetryMultipleFailedTestcases-4] INFO  sprint6_TestCases.D_SortFilterListItemsTC - Verified that Only Show My Changes is not present inside the filter
23:57:47.620 [TestNG-test=RetryMultipleFailedTestcases-4] INFO  sprint6_TestCases.D_SortFilterListItemsTC - Finished TC088_verifyFilterMenuList
23:57:49.472 [TestNG-test=RetryMultipleFailedTestcases-3] INFO  sprint6_TestCases.D_SortFilterListItemsTC - Starting TC092_verifyFilterByOnlyShowDeletedChanges
23:57:53.870 [TestNG-test=RetryMultipleFailedTestcases-4] INFO  sprint6_TestCases.E_ShowHideTrackChangesTC - Starting TC100_verifyShowHidePresent
23:58:21.753 [TestNG-test=RetryMultipleFailedTestcases-1] INFO  sprint6_TestCases.D_SortFilterListItemsTC - Logged in and searched for a file, then clicked Edit.
