23:47:47.367 [TestNG-test=RetryMultipleFailedTestcases-2] INFO  c_testCases.F7_PDFTC - Time taken in minutes: 0.7
23:47:47.379 [TestNG-test=RetryMultipleFailedTestcases-2] INFO  c_testCases.F7_PDFTC - Finished verify_WithSomeTextEdit_GeneratePDF
23:48:30.313 [TestNG-test=RetryMultipleFailedTestcases-2] INFO  c_testCases.F8_TrackChangesTC - Logged in and searched for a file, then clicked Edit.
23:48:30.325 [TestNG-test=RetryMultipleFailedTestcases-2] INFO  c_testCases.F8_TrackChangesTC - Switched to frame 0.
23:48:31.298 [TestNG-test=RetryMultipleFailedTestcases-2] INFO  c_testCases.F8_TrackChangesTC - Switched to default content.
23:48:32.445 [TestNG-test=RetryMultipleFailedTestcases-3] INFO  c_testCases.F8_TrackChangesTC - Logged in and searched for a file, then clicked Edit.
23:48:32.497 [TestNG-test=RetryMultipleFailedTestcases-3] INFO  c_testCases.F8_TrackChangesTC - Switched to frame 0.
23:48:33.003 [TestNG-test=RetryMultipleFailedTestcases-3] INFO  c_testCases.F8_TrackChangesTC - Switched to default content.
23:48:34.166 [TestNG-test=RetryMultipleFailedTestcases-2] INFO  c_testCases.F8_TrackChangesTC - Clicked on track changes.
23:48:35.034 [TestNG-test=RetryMultipleFailedTestcases-2] INFO  c_testCases.F8_TrackChangesTC - Clicked on Track changes Accept Change.
23:48:36.606 [TestNG-test=RetryMultipleFailedTestcases-3] INFO  c_testCases.F8_TrackChangesTC - Clicked on track changes.
23:48:37.106 [TestNG-test=RetryMultipleFailedTestcases-3] INFO  c_testCases.F8_TrackChangesTC - Clicked on Track changes Accept Change.
23:49:26.251 [TestNG-test=RetryMultipleFailedTestcases-1] INFO  c_testCases.F8_TrackChangesTC - Logged in and searched for a file, then clicked Edit.
23:49:26.271 [TestNG-test=RetryMultipleFailedTestcases-1] INFO  c_testCases.F8_TrackChangesTC - Switched to frame 0.
23:49:26.732 [TestNG-test=RetryMultipleFailedTestcases-1] INFO  c_testCases.F8_TrackChangesTC - Clicked on the first paragraph.
23:49:27.385 [TestNG-test=RetryMultipleFailedTestcases-1] INFO  c_testCases.F8_TrackChangesTC - Clicked on track changes.
23:49:27.889 [TestNG-test=RetryMultipleFailedTestcases-1] INFO  c_testCases.F8_TrackChangesTC - Clicked on Track changes Accept Change.
23:49:28.030 [TestNG-test=RetryMultipleFailedTestcases-1] INFO  c_testCases.F8_TrackChangesTC - Switched to frame 0.
23:49:35.265 [TestNG-test=RetryMultipleFailedTestcases-4] INFO  c_testCases.F8_TrackChangesTC - Logged in and searched for a file, then clicked Edit.
23:49:35.291 [TestNG-test=RetryMultipleFailedTestcases-4] INFO  c_testCases.F8_TrackChangesTC - Switched to frame 0.
23:49:35.821 [TestNG-test=RetryMultipleFailedTestcases-4] INFO  c_testCases.F8_TrackChangesTC - Switched to default content.
23:49:38.668 [TestNG-test=RetryMultipleFailedTestcases-4] INFO  c_testCases.F8_TrackChangesTC - Clicked on track changes.
23:49:39.364 [TestNG-test=RetryMultipleFailedTestcases-4] INFO  c_testCases.F8_TrackChangesTC - Clicked on Track changes Accept Change.
23:50:14.857 [TestNG-test=RetryMultipleFailedTestcases-1] INFO  c_testCases.F8_TrackChangesTC - Logged in and searched for a file, then clicked Edit.
23:50:14.881 [TestNG-test=RetryMultipleFailedTestcases-1] INFO  c_testCases.F8_TrackChangesTC - Switched to frame 0.
23:50:15.797 [TestNG-test=RetryMultipleFailedTestcases-1] INFO  c_testCases.F8_TrackChangesTC - Switched to default content.
23:50:22.441 [TestNG-test=RetryMultipleFailedTestcases-1] INFO  c_testCases.F8_TrackChangesTC - Clicked on track changes.
23:50:23.619 [TestNG-test=RetryMultipleFailedTestcases-1] INFO  c_testCases.F8_TrackChangesTC - Clicked on Track changes Accept Change.
23:50:26.006 [TestNG-test=RetryMultipleFailedTestcases-2] INFO  c_testCases.F8_TrackChangesTC - Logged in and searched for a file, then clicked Edit.
23:50:26.027 [TestNG-test=RetryMultipleFailedTestcases-2] INFO  c_testCases.F8_TrackChangesTC - Switched to frame 0.
23:50:26.440 [TestNG-test=RetryMultipleFailedTestcases-2] INFO  c_testCases.F8_TrackChangesTC - Switched to default content.
23:50:30.515 [TestNG-test=RetryMultipleFailedTestcases-3] INFO  c_testCases.F8_TrackChangesTC - Logged in and searched for a file, then clicked Edit.
23:50:30.529 [TestNG-test=RetryMultipleFailedTestcases-3] INFO  c_testCases.F8_TrackChangesTC - Switched to frame 0.
23:50:31.339 [TestNG-test=RetryMultipleFailedTestcases-3] INFO  c_testCases.F8_TrackChangesTC - Switched to default content.
23:51:20.351 [TestNG-test=RetryMultipleFailedTestcases-2] INFO  c_testCases.F8_TrackChangesTC - Logged in and searched for a file, then clicked Edit.
23:51:20.351 [TestNG-test=RetryMultipleFailedTestcases-3] INFO  c_testCases.F8_TrackChangesTC - Logged in and searched for a file, then clicked Edit.
23:51:20.379 [TestNG-test=RetryMultipleFailedTestcases-3] INFO  c_testCases.F8_TrackChangesTC - Switched to frame 0.
23:51:20.400 [TestNG-test=RetryMultipleFailedTestcases-2] INFO  c_testCases.F8_TrackChangesTC - Switched to frame 0.
23:51:21.176 [TestNG-test=RetryMultipleFailedTestcases-2] INFO  c_testCases.F8_TrackChangesTC - Switched to default content.
23:51:21.219 [TestNG-test=RetryMultipleFailedTestcases-3] INFO  c_testCases.F8_TrackChangesTC - Switched to default content.
23:51:43.889 [TestNG-test=RetryMultipleFailedTestcases-4] INFO  c_testCases.F8_TrackChangesTC - Logged in and searched for a file, then clicked Edit.
23:51:43.911 [TestNG-test=RetryMultipleFailedTestcases-4] INFO  c_testCases.F8_TrackChangesTC - Switched to frame 0.
23:51:44.507 [TestNG-test=RetryMultipleFailedTestcases-4] INFO  c_testCases.F8_TrackChangesTC - Switched to default content.
23:51:45.069 [TestNG-test=RetryMultipleFailedTestcases-4] INFO  c_testCases.F8_TrackChangesTC - Switched to default content.
23:51:46.960 [TestNG-test=RetryMultipleFailedTestcases-4] INFO  c_testCases.F8_TrackChangesTC - Clicked on track changes.
23:51:47.603 [TestNG-test=RetryMultipleFailedTestcases-4] INFO  c_testCases.F8_TrackChangesTC - Clicked on Track changes Accept Change.
23:52:21.867 [TestNG-test=RetryMultipleFailedTestcases-1] INFO  c_testCases.F8_TrackChangesTC - Logged in and searched for a file, then clicked Edit.
23:52:29.856 [TestNG-test=RetryMultipleFailedTestcases-1] INFO  c_testCases.F8_TrackChangesTC - Clicked on track changes.
23:52:30.571 [TestNG-test=RetryMultipleFailedTestcases-1] INFO  c_testCases.F8_TrackChangesTC - Clicked on Track changes Accept Change.
23:52:42.908 [TestNG-test=RetryMultipleFailedTestcases-3] INFO  c_testCases.F8_TrackChangesTC - Logged in and searched for a file, then clicked Edit.
23:52:42.929 [TestNG-test=RetryMultipleFailedTestcases-3] INFO  c_testCases.F8_TrackChangesTC - Switched to frame 0.
23:52:43.702 [TestNG-test=RetryMultipleFailedTestcases-3] INFO  c_testCases.F8_TrackChangesTC - Switched to default content.
23:52:45.332 [TestNG-test=RetryMultipleFailedTestcases-2] INFO  c_testCases.F8_TrackChangesTC - Logged in and searched for a file, then clicked Edit.
23:52:45.353 [TestNG-test=RetryMultipleFailedTestcases-2] INFO  c_testCases.F8_TrackChangesTC - Switched to frame 0.
23:52:45.720 [TestNG-test=RetryMultipleFailedTestcases-2] INFO  c_testCases.F8_TrackChangesTC - Switched to default content.
23:52:46.200 [TestNG-test=RetryMultipleFailedTestcases-2] INFO  c_testCases.F8_TrackChangesTC - Clicked on track changes.
23:52:46.712 [TestNG-test=RetryMultipleFailedTestcases-2] INFO  c_testCases.F8_TrackChangesTC - Clicked on Track changes Accept Change.
23:53:28.932 [TestNG-test=RetryMultipleFailedTestcases-3] INFO  c_testCases.F8_TrackChangesTC - Logged in and searched for a file, then clicked Edit.
23:53:28.954 [TestNG-test=RetryMultipleFailedTestcases-3] INFO  c_testCases.F8_TrackChangesTC - Switched to frame 0.
23:53:29.535 [TestNG-test=RetryMultipleFailedTestcases-3] INFO  c_testCases.F8_TrackChangesTC - Switched to default content.
23:53:36.495 [TestNG-test=RetryMultipleFailedTestcases-3] INFO  c_testCases.F8_TrackChangesTC - Clicked on track changes.
23:53:38.322 [TestNG-test=RetryMultipleFailedTestcases-4] INFO  c_testCases.F8_TrackChangesTC - Logged in and searched for a file, then clicked Edit.
23:53:42.052 [TestNG-test=RetryMultipleFailedTestcases-4] INFO  c_testCases.F8_TrackChangesTC - Clicked on track changes.
23:54:17.343 [TestNG-test=RetryMultipleFailedTestcases-3] INFO  c_testCases.F8_TrackChangesTC - Logged in and searched for a file, then clicked Edit.
23:54:21.340 [TestNG-test=RetryMultipleFailedTestcases-3] INFO  c_testCases.F8_TrackChangesTC - Clicked on track changes.
23:54:21.817 [TestNG-test=RetryMultipleFailedTestcases-3] INFO  c_testCases.F8_TrackChangesTC - Clicked on Track changes Accept Change.
23:54:22.494 [TestNG-test=RetryMultipleFailedTestcases-3] INFO  c_testCases.F8_TrackChangesTC - Clicked on Track changes Accept Change.
23:54:32.353 [TestNG-test=RetryMultipleFailedTestcases-1] INFO  c_testCases.F8_TrackChangesTC - Logged in and searched for a file, then clicked Edit.
23:54:32.373 [TestNG-test=RetryMultipleFailedTestcases-1] INFO  c_testCases.F8_TrackChangesTC - Switched to frame 0.
23:54:32.836 [TestNG-test=RetryMultipleFailedTestcases-1] INFO  c_testCases.F8_TrackChangesTC - Switched to default content.
23:54:35.223 [TestNG-test=RetryMultipleFailedTestcases-1] INFO  c_testCases.F8_TrackChangesTC - Clicked on track changes.
23:54:35.965 [TestNG-test=RetryMultipleFailedTestcases-1] INFO  c_testCases.F8_TrackChangesTC - Clicked on Track changes Accept Change.
23:54:38.707 [TestNG-test=RetryMultipleFailedTestcases-2] INFO  c_testCases.F8_TrackChangesTC - Logged in and searched for a file, then clicked Edit.
23:54:38.740 [TestNG-test=RetryMultipleFailedTestcases-2] INFO  c_testCases.F8_TrackChangesTC - Switched to frame 0.
23:54:39.131 [TestNG-test=RetryMultipleFailedTestcases-2] INFO  c_testCases.F8_TrackChangesTC - Switched to default content.
23:54:48.400 [TestNG-test=RetryMultipleFailedTestcases-2] INFO  c_testCases.F8_TrackChangesTC - Switched to frame 0.
23:54:48.801 [TestNG-test=RetryMultipleFailedTestcases-2] INFO  c_testCases.F8_TrackChangesTC - Switched to default content.
23:54:48.910 [TestNG-test=RetryMultipleFailedTestcases-2] INFO  c_testCases.F8_TrackChangesTC - Clicked on track changes.
23:54:49.802 [TestNG-test=RetryMultipleFailedTestcases-2] INFO  c_testCases.F8_TrackChangesTC - Clicked on Track changes Accept Change.
23:54:50.137 [TestNG-test=RetryMultipleFailedTestcases-2] INFO  c_testCases.F8_TrackChangesTC - Switched to frame 0.
23:54:50.702 [TestNG-test=RetryMultipleFailedTestcases-2] INFO  c_testCases.F8_TrackChangesTC - Switched to default content.
23:54:50.742 [TestNG-test=RetryMultipleFailedTestcases-2] INFO  c_testCases.F8_TrackChangesTC - Switched to frame 1.
23:54:51.130 [TestNG-test=RetryMultipleFailedTestcases-2] INFO  c_testCases.F8_TrackChangesTC - Switched to default content.
23:54:51.327 [TestNG-test=RetryMultipleFailedTestcases-2] INFO  c_testCases.F8_TrackChangesTC - Switched to frame 0.
23:54:51.672 [TestNG-test=RetryMultipleFailedTestcases-2] INFO  c_testCases.F8_TrackChangesTC - Switched to default content.
23:54:52.568 [TestNG-test=RetryMultipleFailedTestcases-2] INFO  c_testCases.F8_TrackChangesTC - Clicked on Track changes Accept Change.
23:55:04.533 [TestNG-test=RetryMultipleFailedTestcases-4] INFO  c_testCases.F8_TrackChangesTC - Clicked on Track changes Accept Change.
23:55:56.309 [TestNG-test=RetryMultipleFailedTestcases-1] INFO  c_testCases.F8_TrackChangesTC - Switched to frame 0.
23:55:57.062 [TestNG-test=RetryMultipleFailedTestcases-1] INFO  c_testCases.F8_TrackChangesTC - Switched to default content.
23:55:57.403 [TestNG-test=RetryMultipleFailedTestcases-1] INFO  c_testCases.F8_TrackChangesTC - Switched to frame 0.
23:55:58.057 [TestNG-test=RetryMultipleFailedTestcases-1] INFO  c_testCases.F8_TrackChangesTC - Switched to default content.
23:56:16.559 [TestNG-test=RetryMultipleFailedTestcases-3] INFO  c_testCases.F8_TrackChangesTC - Logged in and searched for a file, then clicked Edit.
23:56:36.087 [TestNG-test=RetryMultipleFailedTestcases-1] INFO  c_testCases.F8_TrackChangesTC - Logged in and searched for a file, then clicked Edit.
23:56:36.124 [TestNG-test=RetryMultipleFailedTestcases-1] INFO  c_testCases.F8_TrackChangesTC - Switched to frame 0.
23:56:36.737 [TestNG-test=RetryMultipleFailedTestcases-1] INFO  c_testCases.F8_TrackChangesTC - Switched to default content.
23:56:38.071 [TestNG-test=RetryMultipleFailedTestcases-1] INFO  c_testCases.F8_TrackChangesTC - Clicked on track changes.
23:56:38.151 [TestNG-test=RetryMultipleFailedTestcases-1] INFO  c_testCases.F8_TrackChangesTC - Switched to frame 0.
23:56:38.759 [TestNG-test=RetryMultipleFailedTestcases-1] INFO  c_testCases.F8_TrackChangesTC - Switched to default content.
23:56:38.930 [TestNG-test=RetryMultipleFailedTestcases-1] INFO  c_testCases.F8_TrackChangesTC - Clicked on track changes.
23:56:38.942 [TestNG-test=RetryMultipleFailedTestcases-1] INFO  c_testCases.F8_TrackChangesTC - Switched to frame 0.
23:56:39.300 [TestNG-test=RetryMultipleFailedTestcases-1] INFO  c_testCases.F8_TrackChangesTC - Switched to default content.
23:56:39.916 [TestNG-test=RetryMultipleFailedTestcases-1] INFO  c_testCases.F8_TrackChangesTC - Clicked on Track changes Accept Change.
23:56:43.513 [TestNG-test=RetryMultipleFailedTestcases-2] INFO  c_testCases.F8_TrackChangesTC - Logged in and searched for a file, then clicked Edit.
23:56:45.350 [TestNG-test=RetryMultipleFailedTestcases-2] INFO  c_testCases.F8_TrackChangesTC - Clicked on track changes.
23:56:45.368 [TestNG-test=RetryMultipleFailedTestcases-2] INFO  c_testCases.F8_TrackChangesTC - Switched to frame 0.
23:56:45.973 [TestNG-test=RetryMultipleFailedTestcases-2] INFO  c_testCases.F8_TrackChangesTC - Switched to default content.
23:56:46.575 [TestNG-test=RetryMultipleFailedTestcases-2] INFO  c_testCases.F8_TrackChangesTC - Clicked on Track changes Accept Change.
23:57:01.036 [TestNG-test=RetryMultipleFailedTestcases-4] INFO  c_testCases.F8_TrackChangesTC - Logged in and searched for a file, then clicked Edit.
23:57:04.907 [TestNG-test=RetryMultipleFailedTestcases-4] INFO  c_testCases.F8_TrackChangesTC - Clicked on track changes.
23:57:04.907 [TestNG-test=RetryMultipleFailedTestcases-4] INFO  c_testCases.F8_TrackChangesTC - Clicked on track changes.
23:57:05.458 [TestNG-test=RetryMultipleFailedTestcases-4] INFO  c_testCases.F8_TrackChangesTC - Clicked on Track changes Accept Change.
23:57:41.690 [TestNG-test=RetryMultipleFailedTestcases-3] INFO  c_testCases.F8_TrackChangesTC - Logged in and searched for a file, then clicked Edit.
23:58:00.755 [TestNG-test=RetryMultipleFailedTestcases-1] INFO  c_testCases.F8_TrackChangesTC - Switched to frame 0.
23:58:35.584 [TestNG-test=RetryMultipleFailedTestcases-2] INFO  c_testCases.F8_TrackChangesTC - Logged in and searched for a file, then clicked Edit.
23:58:35.600 [TestNG-test=RetryMultipleFailedTestcases-2] INFO  c_testCases.F8_TrackChangesTC - Switched to frame 0.
23:58:36.038 [TestNG-test=RetryMultipleFailedTestcases-2] INFO  c_testCases.F8_TrackChangesTC - Switched to default content.
23:58:36.694 [TestNG-test=RetryMultipleFailedTestcases-2] INFO  c_testCases.F8_TrackChangesTC - Clicked on track changes.
23:58:36.771 [TestNG-test=RetryMultipleFailedTestcases-2] INFO  c_testCases.F8_TrackChangesTC - Switched to frame 0.
23:58:37.044 [TestNG-test=RetryMultipleFailedTestcases-2] INFO  c_testCases.F8_TrackChangesTC - Switched to default content.
23:58:37.679 [TestNG-test=RetryMultipleFailedTestcases-2] INFO  c_testCases.F8_TrackChangesTC - Clicked on Track changes Accept Change.
23:59:11.858 [TestNG-test=RetryMultipleFailedTestcases-3] INFO  c_testCases.F8_TrackChangesTC - Logged in and searched for a file, then clicked Edit.
23:59:11.890 [TestNG-test=RetryMultipleFailedTestcases-3] INFO  c_testCases.F8_TrackChangesTC - Switched to frame 0.
23:59:12.522 [TestNG-test=RetryMultipleFailedTestcases-3] INFO  c_testCases.F8_TrackChangesTC - Switched to default content.
23:59:12.790 [TestNG-test=RetryMultipleFailedTestcases-3] INFO  c_testCases.F8_TrackChangesTC - Switched to frame 0.
23:59:13.370 [TestNG-test=RetryMultipleFailedTestcases-3] INFO  c_testCases.F8_TrackChangesTC - Switched to default content.
23:59:13.500 [TestNG-test=RetryMultipleFailedTestcases-3] INFO  c_testCases.F8_TrackChangesTC - Clicked on track changes.
23:59:14.285 [TestNG-test=RetryMultipleFailedTestcases-3] INFO  c_testCases.F8_TrackChangesTC - Clicked on Track changes Accept Change.
23:59:33.562 [TestNG-test=RetryMultipleFailedTestcases-4] INFO  c_testCases.F8_TrackChangesTC - Logged in and searched for a file, then clicked Edit.
23:59:33.580 [TestNG-test=RetryMultipleFailedTestcases-4] INFO  c_testCases.F8_TrackChangesTC - Switched to frame 0.
23:59:34.217 [TestNG-test=RetryMultipleFailedTestcases-4] INFO  c_testCases.F8_TrackChangesTC - Switched to default content.
23:59:34.947 [TestNG-test=RetryMultipleFailedTestcases-4] INFO  c_testCases.F8_TrackChangesTC - Clicked on track changes.
23:59:35.077 [TestNG-test=RetryMultipleFailedTestcases-4] INFO  c_testCases.F8_TrackChangesTC - Switched to frame 0.
23:59:35.323 [TestNG-test=RetryMultipleFailedTestcases-4] INFO  c_testCases.F8_TrackChangesTC - Switched to default content.
23:59:35.682 [TestNG-test=RetryMultipleFailedTestcases-4] INFO  c_testCases.F8_TrackChangesTC - Clicked on Track changes Accept Change.
23:59:53.596 [TestNG-test=RetryMultipleFailedTestcases-1] INFO  c_testCases.F8_TrackChangesTC - Logged in and searched for a file, then clicked Edit.
23:59:53.613 [TestNG-test=RetryMultipleFailedTestcases-1] INFO  c_testCases.F8_TrackChangesTC - Switched to frame 0.
23:59:54.058 [TestNG-test=RetryMultipleFailedTestcases-1] INFO  c_testCases.F8_TrackChangesTC - Switched to default content.
23:59:55.545 [TestNG-test=RetryMultipleFailedTestcases-1] INFO  c_testCases.F8_TrackChangesTC - Switched to frame 0.
23:59:55.593 [TestNG-test=RetryMultipleFailedTestcases-1] INFO  c_testCases.F8_TrackChangesTC - Switched to default content.
23:59:55.831 [TestNG-test=RetryMultipleFailedTestcases-1] INFO  c_testCases.F8_TrackChangesTC - Clicked on track changes.
23:59:56.536 [TestNG-test=RetryMultipleFailedTestcases-1] INFO  c_testCases.F8_TrackChangesTC - Clicked on Track changes Accept Change.
00:00:43.220 [TestNG-test=RetryMultipleFailedTestcases-2] INFO  c_testCases.F8_TrackChangesTC - Logged in and searched for a file, then clicked Edit.
00:00:53.695 [TestNG-test=RetryMultipleFailedTestcases-2] INFO  c_testCases.F8_TrackChangesTC - Clicked on track changes.
00:00:53.713 [TestNG-test=RetryMultipleFailedTestcases-2] INFO  c_testCases.F8_TrackChangesTC - Switched to frame 0.
00:00:54.384 [TestNG-test=RetryMultipleFailedTestcases-2] INFO  c_testCases.F8_TrackChangesTC - Switched to default content.
00:00:55.698 [TestNG-test=RetryMultipleFailedTestcases-2] INFO  c_testCases.F8_TrackChangesTC - Clicked on Track changes Accept Change.
00:01:30.590 [TestNG-test=RetryMultipleFailedTestcases-3] INFO  c_testCases.F8_TrackChangesTC - Logged in and searched for a file, then clicked Edit.
00:01:30.610 [TestNG-test=RetryMultipleFailedTestcases-3] INFO  c_testCases.F8_TrackChangesTC - Switched to frame 0.
00:01:31.186 [TestNG-test=RetryMultipleFailedTestcases-3] INFO  c_testCases.F8_TrackChangesTC - Switched to default content.
00:01:31.232 [TestNG-test=RetryMultipleFailedTestcases-3] INFO  c_testCases.F8_TrackChangesTC - Switched to frame 1.
00:01:31.656 [TestNG-test=RetryMultipleFailedTestcases-3] INFO  c_testCases.F8_TrackChangesTC - Switched to default content.
00:01:31.854 [TestNG-test=RetryMultipleFailedTestcases-3] INFO  c_testCases.F8_TrackChangesTC - Switched to frame 0.
00:01:31.892 [TestNG-test=RetryMultipleFailedTestcases-3] INFO  c_testCases.F8_TrackChangesTC - Switched to default content.
00:01:32.023 [TestNG-test=RetryMultipleFailedTestcases-3] INFO  c_testCases.F8_TrackChangesTC - Clicked on track changes.
00:01:32.038 [TestNG-test=RetryMultipleFailedTestcases-3] INFO  c_testCases.F8_TrackChangesTC - Switched to frame 0.
00:01:32.778 [TestNG-test=RetryMultipleFailedTestcases-3] INFO  c_testCases.F8_TrackChangesTC - Switched to default content.
00:01:33.493 [TestNG-test=RetryMultipleFailedTestcases-3] INFO  c_testCases.F8_TrackChangesTC - Clicked on Track changes Accept Change.
00:02:02.504 [TestNG-test=RetryMultipleFailedTestcases-4] INFO  c_testCases.F8_TrackChangesTC - Logged in and searched for a file, then clicked Edit.
00:02:02.524 [TestNG-test=RetryMultipleFailedTestcases-4] INFO  c_testCases.F8_TrackChangesTC - Switched to frame 0.
00:02:02.971 [TestNG-test=RetryMultipleFailedTestcases-4] INFO  c_testCases.F8_TrackChangesTC - Switched to default content.
00:02:04.776 [TestNG-test=RetryMultipleFailedTestcases-4] INFO  c_testCases.F8_TrackChangesTC - Switched to frame 0.
00:02:05.286 [TestNG-test=RetryMultipleFailedTestcases-4] INFO  c_testCases.F8_TrackChangesTC - Switched to default content.
00:02:05.648 [TestNG-test=RetryMultipleFailedTestcases-4] INFO  c_testCases.F8_TrackChangesTC - Clicked on track changes.
00:02:05.764 [TestNG-test=RetryMultipleFailedTestcases-4] INFO  c_testCases.F8_TrackChangesTC - Switched to frame 0.
00:02:06.273 [TestNG-test=RetryMultipleFailedTestcases-4] INFO  c_testCases.F8_TrackChangesTC - Switched to default content.
00:02:06.731 [TestNG-test=RetryMultipleFailedTestcases-4] INFO  c_testCases.F8_TrackChangesTC - Clicked on Track changes Accept Change.
00:02:17.087 [TestNG-test=RetryMultipleFailedTestcases-1] INFO  c_testCases.F9_FootnoteTC - Logged in and searched for a file, then clicked Edit.
00:02:17.106 [TestNG-test=RetryMultipleFailedTestcases-1] INFO  c_testCases.F9_FootnoteTC - Switched to frame 0.
00:02:17.514 [TestNG-test=RetryMultipleFailedTestcases-1] INFO  c_testCases.F9_FootnoteTC - Switched to default content.
00:03:07.733 [TestNG-test=RetryMultipleFailedTestcases-2] INFO  c_testCases.F9_FootnoteTC - Logged in and searched for a file, then clicked Edit.
00:03:07.754 [TestNG-test=RetryMultipleFailedTestcases-2] INFO  c_testCases.F9_FootnoteTC - Switched to frame 0.
00:03:08.352 [TestNG-test=RetryMultipleFailedTestcases-2] INFO  c_testCases.F9_FootnoteTC - Switched to default content.
00:03:16.773 [TestNG-test=RetryMultipleFailedTestcases-2] INFO  c_testCases.F9_FootnoteTC - Switched to frame 0.
00:03:17.194 [TestNG-test=RetryMultipleFailedTestcases-2] INFO  c_testCases.F9_FootnoteTC - Switched to default content.
00:03:42.374 [TestNG-test=RetryMultipleFailedTestcases-3] INFO  c_testCases.F9_FootnoteTC - Logged in and searched for a file, then clicked Edit.
00:03:42.391 [TestNG-test=RetryMultipleFailedTestcases-3] INFO  c_testCases.F9_FootnoteTC - Switched to frame 0.
00:03:42.934 [TestNG-test=RetryMultipleFailedTestcases-3] INFO  c_testCases.F9_FootnoteTC - Switched to default content.
00:03:49.439 [TestNG-test=RetryMultipleFailedTestcases-1] INFO  c_testCases.F9_FootnoteTC - Logged in and searched for a file, then clicked Edit.
00:03:49.472 [TestNG-test=RetryMultipleFailedTestcases-1] INFO  c_testCases.F9_FootnoteTC - Switched to frame 0.
00:03:50.053 [TestNG-test=RetryMultipleFailedTestcases-1] INFO  c_testCases.F9_FootnoteTC - Switched to default content.
00:04:15.407 [TestNG-test=RetryMultipleFailedTestcases-2] INFO  c_testCases.F9_FootnoteTC - Logged in and searched for a file, then clicked Edit.
00:04:15.465 [TestNG-test=RetryMultipleFailedTestcases-2] INFO  c_testCases.F9_FootnoteTC - Switched to frame 0.
00:04:16.273 [TestNG-test=RetryMultipleFailedTestcases-2] INFO  c_testCases.F9_FootnoteTC - Switched to default content.
00:04:25.476 [TestNG-test=RetryMultipleFailedTestcases-2] INFO  c_testCases.F9_FootnoteTC - Switched to frame 0.
00:04:25.969 [TestNG-test=RetryMultipleFailedTestcases-2] INFO  c_testCases.F9_FootnoteTC - Switched to default content.
00:04:40.289 [TestNG-test=RetryMultipleFailedTestcases-4] INFO  c_testCases.F9_FootnoteTC - Logged in and searched for a file, then clicked Edit.
00:04:40.304 [TestNG-test=RetryMultipleFailedTestcases-4] INFO  c_testCases.F9_FootnoteTC - Switched to frame 0.
00:04:40.756 [TestNG-test=RetryMultipleFailedTestcases-4] INFO  c_testCases.F9_FootnoteTC - Switched to default content.
00:04:43.469 [TestNG-test=RetryMultipleFailedTestcases-3] INFO  c_testCases.F9_FootnoteTC - Logged in and searched for a file, then clicked Edit.
00:04:43.499 [TestNG-test=RetryMultipleFailedTestcases-3] INFO  c_testCases.F9_FootnoteTC - Switched to frame 0.
00:04:43.974 [TestNG-test=RetryMultipleFailedTestcases-3] INFO  c_testCases.F9_FootnoteTC - Switched to default content.
00:04:53.694 [TestNG-test=RetryMultipleFailedTestcases-1] INFO  c_testCases.F9_FootnoteTC - Logged in and searched for a file, then clicked Edit.
00:04:53.710 [TestNG-test=RetryMultipleFailedTestcases-1] INFO  c_testCases.F9_FootnoteTC - Switched to frame 0.
00:04:54.268 [TestNG-test=RetryMultipleFailedTestcases-1] INFO  c_testCases.F9_FootnoteTC - Switched to default content.
00:08:40.861 [TestNG-test=RetryMultipleFailedTestcases-4] INFO  c_testCases.F11_CommnetsTC - Starting Verify_AddCommentUsingRHSPlusSign ..
00:09:18.383 [TestNG-test=RetryMultipleFailedTestcases-4] INFO  c_testCases.F11_CommnetsTC -  clicked on Comment tab from RHS
00:09:19.364 [TestNG-test=RetryMultipleFailedTestcases-4] INFO  c_testCases.F11_CommnetsTC - Double clicked on First para
00:09:20.085 [TestNG-test=RetryMultipleFailedTestcases-4] INFO  c_testCases.F11_CommnetsTC -  clicked on Add comment Plus Sign
00:09:20.801 [TestNG-test=RetryMultipleFailedTestcases-4] INFO  c_testCases.F11_CommnetsTC - Comment is entered into comment text field
00:09:21.841 [TestNG-test=RetryMultipleFailedTestcases-4] INFO  c_testCases.F11_CommnetsTC - Commnet is submited
00:09:22.531 [TestNG-test=RetryMultipleFailedTestcases-4] INFO  c_testCases.F11_CommnetsTC -  Comment card is added into comment panel
00:09:22.720 [TestNG-test=RetryMultipleFailedTestcases-4] INFO  c_testCases.F11_CommnetsTC - Comment count is updated
00:09:22.791 [TestNG-test=RetryMultipleFailedTestcases-4] INFO  c_testCases.F11_CommnetsTC - Commented Section Number is highlighted into yellow Color
00:09:23.406 [TestNG-test=RetryMultipleFailedTestcases-4] INFO  c_testCases.F11_CommnetsTC - clicked on Code View button 
00:09:45.444 [TestNG-test=RetryMultipleFailedTestcases-3] INFO  c_testCases.F11_CommnetsTC - Starting Verify_AddReplyDeleteComment ..
00:09:50.698 [TestNG-test=RetryMultipleFailedTestcases-1] INFO  c_testCases.F11_CommnetsTC - Starting Verify_CommentInPara ..
00:10:03.554 [TestNG-test=RetryMultipleFailedTestcases-4] INFO  c_testCases.F11_CommnetsTC - Verifying content validation error
00:10:03.554 [TestNG-test=RetryMultipleFailedTestcases-4] INFO  c_testCases.F11_CommnetsTC - Finished Verify_AddCommentUsingRHSPlusSign ..
00:10:15.396 [TestNG-test=RetryMultipleFailedTestcases-4] INFO  c_testCases.F11_CommnetsTC - Starting Verify_CommentToCrossReference ..
00:10:16.058 [TestNG-test=RetryMultipleFailedTestcases-2] INFO  c_testCases.F11_CommnetsTC - Starting Verify_CommentInEmphasis ..
00:10:36.116 [TestNG-test=RetryMultipleFailedTestcases-3] INFO  c_testCases.F11_CommnetsTC - Double clicked on First para
00:10:36.393 [TestNG-test=RetryMultipleFailedTestcases-3] INFO  c_testCases.F11_CommnetsTC -  clicked on Add comment plugin
00:10:36.461 [TestNG-test=RetryMultipleFailedTestcases-3] INFO  c_testCases.F11_CommnetsTC -  Add comment popup is opened
00:10:36.738 [TestNG-test=RetryMultipleFailedTestcases-3] INFO  c_testCases.F11_CommnetsTC - Comment is entered into comment text field
00:10:37.101 [TestNG-test=RetryMultipleFailedTestcases-3] INFO  c_testCases.F11_CommnetsTC - Commnet is submited
00:10:37.472 [TestNG-test=RetryMultipleFailedTestcases-3] INFO  c_testCases.F11_CommnetsTC -  Comment card is added into comment panel
00:10:37.517 [TestNG-test=RetryMultipleFailedTestcases-3] INFO  c_testCases.F11_CommnetsTC - Comment count is updated
00:10:37.578 [TestNG-test=RetryMultipleFailedTestcases-3] INFO  c_testCases.F11_CommnetsTC - Commented Content is highlighted into yellow Color
00:10:37.828 [TestNG-test=RetryMultipleFailedTestcases-1] INFO  c_testCases.F11_CommnetsTC - Double clicked on First para
00:10:38.159 [TestNG-test=RetryMultipleFailedTestcases-1] INFO  c_testCases.F11_CommnetsTC -  clicked on Add comment plugin
00:10:38.251 [TestNG-test=RetryMultipleFailedTestcases-1] INFO  c_testCases.F11_CommnetsTC -  Add comment popup is opened
00:10:38.548 [TestNG-test=RetryMultipleFailedTestcases-1] INFO  c_testCases.F11_CommnetsTC - Comment is entered into comment text field
00:10:38.973 [TestNG-test=RetryMultipleFailedTestcases-1] INFO  c_testCases.F11_CommnetsTC - Commnet is submited
00:10:39.228 [TestNG-test=RetryMultipleFailedTestcases-1] INFO  c_testCases.F11_CommnetsTC -  Comment card is added into comment panel
00:10:39.270 [TestNG-test=RetryMultipleFailedTestcases-1] INFO  c_testCases.F11_CommnetsTC - Comment count is updated
00:10:39.815 [TestNG-test=RetryMultipleFailedTestcases-1] INFO  c_testCases.F11_CommnetsTC - clicked on Show comments button
00:10:40.039 [TestNG-test=RetryMultipleFailedTestcases-1] INFO  c_testCases.F11_CommnetsTC -  Comment bubble is visible to commentd content
00:10:40.070 [TestNG-test=RetryMultipleFailedTestcases-1] INFO  c_testCases.F11_CommnetsTC - Commented Content is highlighted into yellow Color
00:10:40.386 [TestNG-test=RetryMultipleFailedTestcases-1] INFO  c_testCases.F11_CommnetsTC - clicked on Code View button 
00:10:56.318 [TestNG-test=RetryMultipleFailedTestcases-4] INFO  c_testCases.F11_CommnetsTC - Double clicked on First para
00:10:56.992 [TestNG-test=RetryMultipleFailedTestcases-4] INFO  c_testCases.F11_CommnetsTC - clicked on Cross Reference button 
00:10:59.570 [TestNG-test=RetryMultipleFailedTestcases-2] INFO  c_testCases.F11_CommnetsTC - Double clicked on Emphasis element
00:11:00.064 [TestNG-test=RetryMultipleFailedTestcases-2] INFO  c_testCases.F11_CommnetsTC -  clicked on Add comment plugin
00:11:00.560 [TestNG-test=RetryMultipleFailedTestcases-2] INFO  c_testCases.F11_CommnetsTC - Comment is entered into comment text field
00:11:01.321 [TestNG-test=RetryMultipleFailedTestcases-2] INFO  c_testCases.F11_CommnetsTC - Commnet is submited
00:11:03.453 [TestNG-test=RetryMultipleFailedTestcases-2] INFO  c_testCases.F11_CommnetsTC -  Comment card is added into comment panel
00:11:03.483 [TestNG-test=RetryMultipleFailedTestcases-2] INFO  c_testCases.F11_CommnetsTC - Comment count is updated
00:11:03.522 [TestNG-test=RetryMultipleFailedTestcases-2] INFO  c_testCases.F11_CommnetsTC - Commented Emphasis is highlighted into yellow Color
00:11:03.901 [TestNG-test=RetryMultipleFailedTestcases-2] INFO  c_testCases.F11_CommnetsTC - clicked on Code View button 
00:11:06.503 [TestNG-test=RetryMultipleFailedTestcases-4] INFO  c_testCases.F11_CommnetsTC - clicked on Code Cross Reference checkbox 
00:11:06.808 [TestNG-test=RetryMultipleFailedTestcases-4] INFO  c_testCases.F11_CommnetsTC - clicked on Cross Reference popup ok button 
00:11:08.812 [TestNG-test=RetryMultipleFailedTestcases-1] INFO  c_testCases.F11_CommnetsTC - Starting Verify_CommentInPara ..
00:11:20.154 [TestNG-test=RetryMultipleFailedTestcases-3] INFO  c_testCases.F11_CommnetsTC - clicked on Code View button 
00:11:43.338 [TestNG-test=RetryMultipleFailedTestcases-3] INFO  c_testCases.F11_CommnetsTC - Starting Verify_AddReplyDeleteComment ..
00:11:44.090 [TestNG-test=RetryMultipleFailedTestcases-2] INFO  c_testCases.F11_CommnetsTC - Verifying content validation error
00:11:44.091 [TestNG-test=RetryMultipleFailedTestcases-2] INFO  c_testCases.F11_CommnetsTC - Finished Verify_CommentInEmphasis ..
00:11:52.656 [TestNG-test=RetryMultipleFailedTestcases-2] INFO  c_testCases.F11_CommnetsTC - Starting Verify_CommentToExistingTable ..
00:11:55.213 [TestNG-test=RetryMultipleFailedTestcases-4] INFO  c_testCases.F11_CommnetsTC - Starting Verify_CommentToCrossReference ..
00:11:56.225 [TestNG-test=RetryMultipleFailedTestcases-1] INFO  c_testCases.F11_CommnetsTC - Double clicked on First para
00:11:56.733 [TestNG-test=RetryMultipleFailedTestcases-1] INFO  c_testCases.F11_CommnetsTC -  clicked on Add comment plugin
00:11:56.827 [TestNG-test=RetryMultipleFailedTestcases-1] INFO  c_testCases.F11_CommnetsTC -  Add comment popup is opened
00:11:57.069 [TestNG-test=RetryMultipleFailedTestcases-1] INFO  c_testCases.F11_CommnetsTC - Comment is entered into comment text field
00:11:57.405 [TestNG-test=RetryMultipleFailedTestcases-1] INFO  c_testCases.F11_CommnetsTC - Commnet is submited
00:11:57.617 [TestNG-test=RetryMultipleFailedTestcases-1] INFO  c_testCases.F11_CommnetsTC -  Comment card is added into comment panel
00:11:57.674 [TestNG-test=RetryMultipleFailedTestcases-1] INFO  c_testCases.F11_CommnetsTC - Comment count is updated
00:11:58.163 [TestNG-test=RetryMultipleFailedTestcases-1] INFO  c_testCases.F11_CommnetsTC - clicked on Show comments button
00:11:58.819 [TestNG-test=RetryMultipleFailedTestcases-1] INFO  c_testCases.F11_CommnetsTC -  Comment bubble is visible to commentd content
00:11:58.849 [TestNG-test=RetryMultipleFailedTestcases-1] INFO  c_testCases.F11_CommnetsTC - Commented Content is highlighted into yellow Color
00:11:59.226 [TestNG-test=RetryMultipleFailedTestcases-1] INFO  c_testCases.F11_CommnetsTC - clicked on Code View button 
00:12:21.702 [TestNG-test=RetryMultipleFailedTestcases-3] INFO  c_testCases.F11_CommnetsTC - Double clicked on First para
00:12:21.981 [TestNG-test=RetryMultipleFailedTestcases-3] INFO  c_testCases.F11_CommnetsTC -  clicked on Add comment plugin
00:12:22.071 [TestNG-test=RetryMultipleFailedTestcases-3] INFO  c_testCases.F11_CommnetsTC -  Add comment popup is opened
00:12:22.317 [TestNG-test=RetryMultipleFailedTestcases-3] INFO  c_testCases.F11_CommnetsTC - Comment is entered into comment text field
00:12:22.659 [TestNG-test=RetryMultipleFailedTestcases-3] INFO  c_testCases.F11_CommnetsTC - Commnet is submited
00:12:22.915 [TestNG-test=RetryMultipleFailedTestcases-3] INFO  c_testCases.F11_CommnetsTC -  Comment card is added into comment panel
00:12:22.948 [TestNG-test=RetryMultipleFailedTestcases-3] INFO  c_testCases.F11_CommnetsTC - Comment count is updated
00:12:22.996 [TestNG-test=RetryMultipleFailedTestcases-3] INFO  c_testCases.F11_CommnetsTC - Commented Content is highlighted into yellow Color
00:12:24.796 [TestNG-test=RetryMultipleFailedTestcases-1] INFO  c_testCases.F11_CommnetsTC - Starting Verify_CommentToFigureHeading ..
00:12:36.277 [TestNG-test=RetryMultipleFailedTestcases-2] INFO  c_testCases.F11_CommnetsTC -  clicked on Existing table content
00:12:37.345 [TestNG-test=RetryMultipleFailedTestcases-2] INFO  c_testCases.F11_CommnetsTC - Table content is selected from VE
00:12:37.501 [TestNG-test=RetryMultipleFailedTestcases-2] INFO  c_testCases.F11_CommnetsTC -  clicked on Add comment plugin
00:12:37.831 [TestNG-test=RetryMultipleFailedTestcases-2] INFO  c_testCases.F11_CommnetsTC - Comment is entered into comment text field
00:12:38.213 [TestNG-test=RetryMultipleFailedTestcases-2] INFO  c_testCases.F11_CommnetsTC - Commnet is submited
00:12:38.315 [TestNG-test=RetryMultipleFailedTestcases-2] INFO  c_testCases.F11_CommnetsTC -  Comment card is added into comment panel
00:12:38.344 [TestNG-test=RetryMultipleFailedTestcases-2] INFO  c_testCases.F11_CommnetsTC - Comment count is updated
00:12:38.381 [TestNG-test=RetryMultipleFailedTestcases-2] INFO  c_testCases.F11_CommnetsTC - Commented Table element is highlighted into yellow Color
00:12:38.726 [TestNG-test=RetryMultipleFailedTestcases-2] INFO  c_testCases.F11_CommnetsTC - clicked on Code View button 
00:12:39.344 [TestNG-test=RetryMultipleFailedTestcases-4] INFO  c_testCases.F11_CommnetsTC - Double clicked on First para
00:12:39.999 [TestNG-test=RetryMultipleFailedTestcases-4] INFO  c_testCases.F11_CommnetsTC - clicked on Cross Reference button 
00:12:50.084 [TestNG-test=RetryMultipleFailedTestcases-4] INFO  c_testCases.F11_CommnetsTC - clicked on Code Cross Reference checkbox 
00:12:50.481 [TestNG-test=RetryMultipleFailedTestcases-4] INFO  c_testCases.F11_CommnetsTC - clicked on Cross Reference popup ok button 
00:12:51.515 [TestNG-test=RetryMultipleFailedTestcases-4] INFO  c_testCases.F11_CommnetsTC - Verifying Cross Reference is present in AP
00:12:51.687 [TestNG-test=RetryMultipleFailedTestcases-4] INFO  c_testCases.F11_CommnetsTC -  clicked on Add comment plugin
00:12:52.044 [TestNG-test=RetryMultipleFailedTestcases-4] INFO  c_testCases.F11_CommnetsTC - Comment is entered into comment text field
00:12:52.580 [TestNG-test=RetryMultipleFailedTestcases-4] INFO  c_testCases.F11_CommnetsTC - Commnet is submited
00:12:53.955 [TestNG-test=RetryMultipleFailedTestcases-4] INFO  c_testCases.F11_CommnetsTC -  Comment card is added into comment panel
00:12:53.988 [TestNG-test=RetryMultipleFailedTestcases-4] INFO  c_testCases.F11_CommnetsTC - Comment count is updated
00:12:54.035 [TestNG-test=RetryMultipleFailedTestcases-4] INFO  c_testCases.F11_CommnetsTC - Commented Xref is highlighted into yellow Color
00:12:54.312 [TestNG-test=RetryMultipleFailedTestcases-4] INFO  c_testCases.F11_CommnetsTC - clicked on Code View button 
00:13:05.235 [TestNG-test=RetryMultipleFailedTestcases-3] INFO  c_testCases.F11_CommnetsTC - clicked on Code View button 
00:13:18.834 [TestNG-test=RetryMultipleFailedTestcases-2] INFO  c_testCases.F11_CommnetsTC - Verifying content validation error
00:13:18.834 [TestNG-test=RetryMultipleFailedTestcases-2] INFO  c_testCases.F11_CommnetsTC - Finished Verify_CommentToExistingTable ..
00:13:27.168 [TestNG-test=RetryMultipleFailedTestcases-2] INFO  c_testCases.F11_CommnetsTC - Starting Verify_CommentToFootnote ..
00:13:34.483 [TestNG-test=RetryMultipleFailedTestcases-4] INFO  c_testCases.F11_CommnetsTC - Verifying content validation error
00:13:34.483 [TestNG-test=RetryMultipleFailedTestcases-4] INFO  c_testCases.F11_CommnetsTC - Finished Verify_CommentInSectionHeading ..
00:13:41.300 [TestNG-test=RetryMultipleFailedTestcases-1] INFO  c_testCases.F11_CommnetsTC - Right Clicked on Para Element 
00:13:41.829 [TestNG-test=RetryMultipleFailedTestcases-1] INFO  c_testCases.F11_CommnetsTC - Clicked on Insert After 
00:13:42.057 [TestNG-test=RetryMultipleFailedTestcases-1] INFO  c_testCases.F11_CommnetsTC - Searched figure element from fearch field 
00:13:42.190 [TestNG-test=RetryMultipleFailedTestcases-1] INFO  c_testCases.F11_CommnetsTC - Clicked on Figure element
00:13:42.450 [TestNG-test=RetryMultipleFailedTestcases-4] INFO  c_testCases.F11_CommnetsTC - Starting Verify_CommentToListelement ..
00:13:42.727 [TestNG-test=RetryMultipleFailedTestcases-1] INFO  c_testCases.F11_CommnetsTC - Clicked on Insert element Button 
00:13:45.392 [TestNG-test=RetryMultipleFailedTestcases-3] INFO  c_testCases.F11_CommnetsTC - Verifying content validation error
00:13:45.392 [TestNG-test=RetryMultipleFailedTestcases-3] INFO  c_testCases.F11_CommnetsTC - Finished Verify_AddReplyDeleteComment ..
00:13:47.702 [TestNG-test=RetryMultipleFailedTestcases-1] INFO  c_testCases.F11_CommnetsTC - Figure heading is Added 
00:13:50.617 [TestNG-test=RetryMultipleFailedTestcases-1] INFO  c_testCases.F11_CommnetsTC - Clicked on Accept changes 
00:13:51.619 [TestNG-test=RetryMultipleFailedTestcases-1] INFO  c_testCases.F11_CommnetsTC - Figure heading is selected from VE
00:13:51.780 [TestNG-test=RetryMultipleFailedTestcases-1] INFO  c_testCases.F11_CommnetsTC -  clicked on Add comment plugin
00:13:52.087 [TestNG-test=RetryMultipleFailedTestcases-1] INFO  c_testCases.F11_CommnetsTC - Comment is entered into comment text field
00:13:52.343 [TestNG-test=RetryMultipleFailedTestcases-1] INFO  c_testCases.F11_CommnetsTC - Commnet is submited
00:13:52.497 [TestNG-test=RetryMultipleFailedTestcases-1] INFO  c_testCases.F11_CommnetsTC -  Comment card is added into comment panel
00:13:52.563 [TestNG-test=RetryMultipleFailedTestcases-1] INFO  c_testCases.F11_CommnetsTC - Comment count is updated
00:13:52.626 [TestNG-test=RetryMultipleFailedTestcases-1] INFO  c_testCases.F11_CommnetsTC - Commented Figure Heading is highlighted into yellow Color
00:13:52.996 [TestNG-test=RetryMultipleFailedTestcases-1] INFO  c_testCases.F11_CommnetsTC - clicked on Code View button 
00:13:55.761 [TestNG-test=RetryMultipleFailedTestcases-3] INFO  c_testCases.F11_CommnetsTC - Starting Verify_CommentToNewTable ..
00:14:11.302 [TestNG-test=RetryMultipleFailedTestcases-2] INFO  c_testCases.F11_CommnetsTC - Clicked on First para
00:14:11.657 [TestNG-test=RetryMultipleFailedTestcases-2] INFO  c_testCases.F11_CommnetsTC - Clicked on footnote from toolbar
00:14:18.822 [TestNG-test=RetryMultipleFailedTestcases-2] INFO  c_testCases.F11_CommnetsTC - Clicked on footnote Textbox
00:14:18.844 [TestNG-test=RetryMultipleFailedTestcases-2] INFO  c_testCases.F11_CommnetsTC - inserted Hello into footnote Text box 
00:14:19.526 [TestNG-test=RetryMultipleFailedTestcases-2] INFO  c_testCases.F11_CommnetsTC - Clicked on footnote ok button 
00:14:21.283 [TestNG-test=RetryMultipleFailedTestcases-2] INFO  c_testCases.F11_CommnetsTC - Clicked on Accept changes
00:14:22.044 [TestNG-test=RetryMultipleFailedTestcases-2] INFO  c_testCases.F11_CommnetsTC - Clicked on inserted footnote from VE
00:14:22.374 [TestNG-test=RetryMultipleFailedTestcases-2] INFO  c_testCases.F11_CommnetsTC -  clicked on Add comment plugin
00:14:22.759 [TestNG-test=RetryMultipleFailedTestcases-2] INFO  c_testCases.F11_CommnetsTC - Comment is entered into comment text field
00:14:23.399 [TestNG-test=RetryMultipleFailedTestcases-2] INFO  c_testCases.F11_CommnetsTC - Commnet is submited
00:14:24.867 [TestNG-test=RetryMultipleFailedTestcases-2] INFO  c_testCases.F11_CommnetsTC -  Comment card is added into comment panel
00:14:24.924 [TestNG-test=RetryMultipleFailedTestcases-2] INFO  c_testCases.F11_CommnetsTC - Comment count is updated
00:14:25.007 [TestNG-test=RetryMultipleFailedTestcases-2] INFO  c_testCases.F11_CommnetsTC - Commented Table element is highlighted into yellow Color
00:14:25.297 [TestNG-test=RetryMultipleFailedTestcases-2] INFO  c_testCases.F11_CommnetsTC - clicked on Code View button 
00:14:32.535 [TestNG-test=RetryMultipleFailedTestcases-4] INFO  c_testCases.F11_CommnetsTC - clicked on second section from DS
00:14:33.079 [TestNG-test=RetryMultipleFailedTestcases-1] INFO  c_testCases.F11_CommnetsTC - Verifying content validation error
00:14:33.079 [TestNG-test=RetryMultipleFailedTestcases-1] INFO  c_testCases.F11_CommnetsTC - Finished Verify_CommentToFigureHeading ..
00:14:33.575 [TestNG-test=RetryMultipleFailedTestcases-4] INFO  c_testCases.F11_CommnetsTC - clicked on second sections 2nd para from DS
00:14:33.944 [TestNG-test=RetryMultipleFailedTestcases-4] INFO  c_testCases.F11_CommnetsTC - clicked on Enter key
00:14:35.456 [TestNG-test=RetryMultipleFailedTestcases-4] INFO  c_testCases.F11_CommnetsTC - clicked on Number list
00:14:37.478 [TestNG-test=RetryMultipleFailedTestcases-4] INFO  c_testCases.F11_CommnetsTC - clicked on Accept changes
00:14:38.217 [TestNG-test=RetryMultipleFailedTestcases-4] INFO  c_testCases.F11_CommnetsTC - clicked on on new added list element in VE
00:14:38.374 [TestNG-test=RetryMultipleFailedTestcases-4] INFO  c_testCases.F11_CommnetsTC - Selected list element 
00:14:38.659 [TestNG-test=RetryMultipleFailedTestcases-4] INFO  c_testCases.F11_CommnetsTC -  clicked on Add comment plugin
00:14:39.042 [TestNG-test=RetryMultipleFailedTestcases-4] INFO  c_testCases.F11_CommnetsTC - Comment is entered into comment text field
00:14:39.308 [TestNG-test=RetryMultipleFailedTestcases-4] INFO  c_testCases.F11_CommnetsTC - Commnet is submited
00:14:39.411 [TestNG-test=RetryMultipleFailedTestcases-4] INFO  c_testCases.F11_CommnetsTC -  Comment card is added into comment panel
00:14:39.444 [TestNG-test=RetryMultipleFailedTestcases-4] INFO  c_testCases.F11_CommnetsTC - Comment count is updated
00:14:39.481 [TestNG-test=RetryMultipleFailedTestcases-4] INFO  c_testCases.F11_CommnetsTC - Commented List element is highlighted into yellow Color
00:14:39.732 [TestNG-test=RetryMultipleFailedTestcases-4] INFO  c_testCases.F11_CommnetsTC - clicked on Code View button 
00:14:41.551 [TestNG-test=RetryMultipleFailedTestcases-1] INFO  c_testCases.F11_CommnetsTC - Starting Verify_CommentInPara ..
00:14:58.315 [TestNG-test=RetryMultipleFailedTestcases-3] INFO  c_testCases.F11_CommnetsTC - New Table is inserted into VE
00:14:58.661 [TestNG-test=RetryMultipleFailedTestcases-3] INFO  c_testCases.F11_CommnetsTC - Clicked on new table Cell
00:14:58.838 [TestNG-test=RetryMultipleFailedTestcases-3] INFO  c_testCases.F11_CommnetsTC - Hello text is added into new table
00:14:59.323 [TestNG-test=RetryMultipleFailedTestcases-3] INFO  c_testCases.F11_CommnetsTC - Hello text is selected from Table
00:14:59.488 [TestNG-test=RetryMultipleFailedTestcases-3] INFO  c_testCases.F11_CommnetsTC -  clicked on Add comment plugin
00:14:59.848 [TestNG-test=RetryMultipleFailedTestcases-3] INFO  c_testCases.F11_CommnetsTC - Comment is entered into comment text field
00:15:00.319 [TestNG-test=RetryMultipleFailedTestcases-3] INFO  c_testCases.F11_CommnetsTC - Commnet is submited
00:15:00.409 [TestNG-test=RetryMultipleFailedTestcases-3] INFO  c_testCases.F11_CommnetsTC -  Comment card is added into comment panel
00:15:00.438 [TestNG-test=RetryMultipleFailedTestcases-3] INFO  c_testCases.F11_CommnetsTC - Comment count is updated
00:15:00.479 [TestNG-test=RetryMultipleFailedTestcases-3] INFO  c_testCases.F11_CommnetsTC - Commented Table element is highlighted into yellow Color
00:15:00.755 [TestNG-test=RetryMultipleFailedTestcases-3] INFO  c_testCases.F11_CommnetsTC - clicked on Code View button 
00:15:05.417 [TestNG-test=RetryMultipleFailedTestcases-2] INFO  c_testCases.F11_CommnetsTC - Verifying content validation error
00:15:05.417 [TestNG-test=RetryMultipleFailedTestcases-2] INFO  c_testCases.F11_CommnetsTC - Finished Verify_CommentToFootnote ..
00:15:15.408 [TestNG-test=RetryMultipleFailedTestcases-2] INFO  c_testCases.F11_CommnetsTC - Starting Verify_CommentInSectionHeading ..
00:15:19.848 [TestNG-test=RetryMultipleFailedTestcases-4] INFO  c_testCases.F11_CommnetsTC - Verifying content validation error
00:15:19.848 [TestNG-test=RetryMultipleFailedTestcases-4] INFO  c_testCases.F11_CommnetsTC - Finished Verify_CommentToListelement ..
00:15:28.097 [TestNG-test=RetryMultipleFailedTestcases-1] INFO  c_testCases.F11_CommnetsTC - Double clicked on First para
00:15:28.244 [TestNG-test=RetryMultipleFailedTestcases-4] INFO  c_testCases.F11_CommnetsTC - Starting Verify_CommentInSectionNumber ..
00:15:28.398 [TestNG-test=RetryMultipleFailedTestcases-1] INFO  c_testCases.F11_CommnetsTC -  clicked on Add comment plugin
00:15:28.458 [TestNG-test=RetryMultipleFailedTestcases-1] INFO  c_testCases.F11_CommnetsTC -  Add comment popup is opened
00:15:28.729 [TestNG-test=RetryMultipleFailedTestcases-1] INFO  c_testCases.F11_CommnetsTC - Comment is entered into comment text field
00:15:29.084 [TestNG-test=RetryMultipleFailedTestcases-1] INFO  c_testCases.F11_CommnetsTC - Commnet is submited
00:15:29.316 [TestNG-test=RetryMultipleFailedTestcases-1] INFO  c_testCases.F11_CommnetsTC -  Comment card is added into comment panel
00:15:29.345 [TestNG-test=RetryMultipleFailedTestcases-1] INFO  c_testCases.F11_CommnetsTC - Comment count is updated
00:15:29.375 [TestNG-test=RetryMultipleFailedTestcases-1] INFO  c_testCases.F11_CommnetsTC - Commented Content is highlighted into yellow Color
00:15:29.658 [TestNG-test=RetryMultipleFailedTestcases-1] INFO  c_testCases.F11_CommnetsTC - clicked on Code View button 
00:15:40.881 [TestNG-test=RetryMultipleFailedTestcases-3] INFO  c_testCases.F11_CommnetsTC - Verifying content validation error
00:15:40.881 [TestNG-test=RetryMultipleFailedTestcases-3] INFO  c_testCases.F11_CommnetsTC - Finished Verify_CommentToNewTable ..
00:15:49.854 [TestNG-test=RetryMultipleFailedTestcases-3] INFO  c_testCases.F11_CommnetsTC - Starting Verify_SelectAllAddComment ..
00:16:02.808 [TestNG-test=RetryMultipleFailedTestcases-2] INFO  c_testCases.F11_CommnetsTC - Double clicked on Section Heading
00:16:03.328 [TestNG-test=RetryMultipleFailedTestcases-2] INFO  c_testCases.F11_CommnetsTC -  clicked on Add comment plugin
00:16:09.747 [TestNG-test=RetryMultipleFailedTestcases-1] INFO  c_testCases.F11_CommnetsTC - Verifying content validation error
00:16:09.747 [TestNG-test=RetryMultipleFailedTestcases-1] INFO  c_testCases.F11_CommnetsTC - Finished Verify_CommentInPara ..
00:16:10.654 [TestNG-test=RetryMultipleFailedTestcases-4] INFO  c_testCases.F11_CommnetsTC - Double clicked on Section Number
00:16:11.062 [TestNG-test=RetryMultipleFailedTestcases-4] INFO  c_testCases.F11_CommnetsTC -  clicked on Add comment plugin
00:16:11.491 [TestNG-test=RetryMultipleFailedTestcases-4] INFO  c_testCases.F11_CommnetsTC - Comment is entered into comment text field
00:16:11.984 [TestNG-test=RetryMultipleFailedTestcases-4] INFO  c_testCases.F11_CommnetsTC - Commnet is submited
00:16:12.405 [TestNG-test=RetryMultipleFailedTestcases-4] INFO  c_testCases.F11_CommnetsTC -  Comment card is added into comment panel
00:16:12.516 [TestNG-test=RetryMultipleFailedTestcases-4] INFO  c_testCases.F11_CommnetsTC - Comment count is updated
00:16:12.563 [TestNG-test=RetryMultipleFailedTestcases-4] INFO  c_testCases.F11_CommnetsTC - Commented Section Number is highlighted into yellow Color
00:16:12.875 [TestNG-test=RetryMultipleFailedTestcases-4] INFO  c_testCases.F11_CommnetsTC - clicked on Code View button 
00:16:18.006 [TestNG-test=RetryMultipleFailedTestcases-1] INFO  c_testCases.F11_CommnetsTC - Starting verify_AddCommentEditReply ..
00:16:27.556 [TestNG-test=RetryMultipleFailedTestcases-2] INFO  c_testCases.F11_CommnetsTC - Starting Verify_CommentInSectionHeading ..
