09:54:44.014 [TestNG-test=RetryMultipleFailedTestcases-1] INFO  c_testCases.F4_TableTC - Row count before insertion is 3.
09:54:44.757 [TestNG-test=RetryMultipleFailedTestcases-1] INFO  c_testCases.F4_TableTC - Clicked Insert Above.
09:54:45.162 [TestNG-test=RetryMultipleFailedTestcases-1] INFO  c_testCases.F4_TableTC - Row count after insertion is 4.
09:54:45.163 [TestNG-test=RetryMultipleFailedTestcases-1] INFO  c_testCases.F4_TableTC - Finished verify_InsertRow_ExistingTable
09:54:50.967 [TestNG-test=RetryMultipleFailedTestcases-1] INFO  c_testCases.F4_TableTC - Starting verify_Insert_Table
09:54:51.281 [TestNG-test=RetryMultipleFailedTestcases-3] INFO  c_testCases.F4_TableTC - Logged in, searched for a file, and clicked Edit.
09:54:51.281 [TestNG-test=RetryMultipleFailedTestcases-3] INFO  c_testCases.F4_TableTC - Created F4_Table instance.
09:54:51.303 [TestNG-test=RetryMultipleFailedTestcases-3] INFO  c_testCases.F4_TableTC - Switched to frame 0.
09:54:51.826 [TestNG-test=RetryMultipleFailedTestcases-3] INFO  c_testCases.F4_TableTC - Clicked on the first cell of the existing table.
09:54:51.851 [TestNG-test=RetryMultipleFailedTestcases-3] INFO  c_testCases.F4_TableTC - Switched back to default content.
09:54:52.175 [TestNG-test=RetryMultipleFailedTestcases-3] INFO  c_testCases.F4_TableTC - Clicked Insert.
09:54:52.421 [TestNG-test=RetryMultipleFailedTestcases-3] INFO  c_testCases.F4_TableTC - Clicked Image for Table.
09:54:52.657 [TestNG-test=RetryMultipleFailedTestcases-3] INFO  c_testCases.F4_TableTC - Clicked on the image.
09:54:52.794 [TestNG-test=RetryMultipleFailedTestcases-3] INFO  c_testCases.F4_TableTC - Clicked Insert Into.
09:54:53.260 [TestNG-test=RetryMultipleFailedTestcases-3] INFO  c_testCases.F4_TableTC - Clicked Insert button.
09:54:53.787 [TestNG-test=RetryMultipleFailedTestcases-3] INFO  c_testCases.F4_TableTC - Clicked Accept Change.
09:54:53.897 [TestNG-test=RetryMultipleFailedTestcases-3] INFO  c_testCases.F4_TableTC - Switched to frame 0.
09:54:53.948 [TestNG-test=RetryMultipleFailedTestcases-3] INFO  c_testCases.F4_TableTC - Inside the cell, Image is inserted.
09:54:56.338 [TestNG-test=RetryMultipleFailedTestcases-3] INFO  c_testCases.F4_TableTC - After adding an image in the cell, it is present in Quick Preview.
09:55:00.597 [TestNG-test=RetryMultipleFailedTestcases-3] INFO  c_testCases.F4_TableTC - Inside CodeView, there is image in Table insertion code.
09:55:15.865 [TestNG-test=RetryMultipleFailedTestcases-4] INFO  c_testCases.F4_TableTC - No Content Validation error is present in CodeView.
09:55:15.865 [TestNG-test=RetryMultipleFailedTestcases-4] INFO  c_testCases.F4_TableTC - Finished verify_Delete_Existing_Table_Undo
09:55:22.689 [TestNG-test=RetryMultipleFailedTestcases-4] INFO  c_testCases.F4_TableTC - Starting verify_ListInsideTable
09:55:22.967 [TestNG-test=RetryMultipleFailedTestcases-1] INFO  c_testCases.F4_TableTC - Logged in, searched for a file, and clicked Edit.
09:55:22.967 [TestNG-test=RetryMultipleFailedTestcases-1] INFO  c_testCases.F4_TableTC - Created F4_Table instance.
09:55:30.558 [TestNG-test=RetryMultipleFailedTestcases-1] INFO  c_testCases.F4_TableTC - Inserted table using ReusableMethods.
09:55:30.581 [TestNG-test=RetryMultipleFailedTestcases-1] INFO  c_testCases.F4_TableTC - Switched to frame 0.
09:55:30.620 [TestNG-test=RetryMultipleFailedTestcases-1] INFO  c_testCases.F4_TableTC - Table is inserted in the Visual Editor.
09:55:30.621 [TestNG-test=RetryMultipleFailedTestcases-1] INFO  c_testCases.F4_TableTC - Switched back to default content.
09:55:30.660 [TestNG-test=RetryMultipleFailedTestcases-1] INFO  c_testCases.F4_TableTC - Document Structure is updated with the table.
09:55:30.994 [TestNG-test=RetryMultipleFailedTestcases-1] INFO  c_testCases.F4_TableTC - Clicked Quick Preview.
09:55:31.389 [TestNG-test=RetryMultipleFailedTestcases-1] INFO  c_testCases.F4_TableTC - Table is inserted in QuickPreview visible.
09:55:31.693 [TestNG-test=RetryMultipleFailedTestcases-1] INFO  c_testCases.F4_TableTC - Clicked Code View.
09:55:35.220 [TestNG-test=RetryMultipleFailedTestcases-1] INFO  c_testCases.F4_TableTC - Table insertion code is present inside CodeView.
09:55:40.682 [TestNG-test=RetryMultipleFailedTestcases-3] INFO  c_testCases.F4_TableTC - In the code view, Content Validation error is not present.
09:55:40.682 [TestNG-test=RetryMultipleFailedTestcases-3] INFO  c_testCases.F4_TableTC - Finished verify_InsertMediaObject_ExistingTable
09:55:57.134 [TestNG-test=RetryMultipleFailedTestcases-4] INFO  c_testCases.F4_TableTC - Logged in, searched for a file, and clicked Edit.
09:55:57.135 [TestNG-test=RetryMultipleFailedTestcases-4] INFO  c_testCases.F4_TableTC - Created F4_Table instance.
09:55:57.158 [TestNG-test=RetryMultipleFailedTestcases-4] INFO  c_testCases.F4_TableTC - Switched to frame 0.
09:55:57.767 [TestNG-test=RetryMultipleFailedTestcases-4] INFO  c_testCases.F4_TableTC - Clicked on the second cell of the existing table.
09:55:58.493 [TestNG-test=RetryMultipleFailedTestcases-4] INFO  c_testCases.F4_TableTC - Clicked Number List.
09:55:58.866 [TestNG-test=RetryMultipleFailedTestcases-4] INFO  c_testCases.F4_TableTC - Clicked Accept Change.
09:55:59.011 [TestNG-test=RetryMultipleFailedTestcases-4] INFO  c_testCases.F4_TableTC - Inside the table, a list is available in the Visual Editor.
09:56:04.483 [TestNG-test=RetryMultipleFailedTestcases-2] INFO  c_testCases.F5_CrossReferenceTC - ****    Starting --> CrossReferenceTc    ****
09:56:09.944 [TestNG-test=RetryMultipleFailedTestcases-2] INFO  c_testCases.F5_CrossReferenceTC - clicked on Cross Reference button 
09:56:13.123 [TestNG-test=RetryMultipleFailedTestcases-2] INFO  c_testCases.F5_CrossReferenceTC - clicked on Code Cross Reference checkbox 
09:56:14.784 [TestNG-test=RetryMultipleFailedTestcases-2] INFO  c_testCases.F5_CrossReferenceTC - clicked on Code View button 
09:56:15.276 [TestNG-test=RetryMultipleFailedTestcases-1] INFO  c_testCases.F4_TableTC - No Content Validation error is present in CodeView.
09:56:15.276 [TestNG-test=RetryMultipleFailedTestcases-1] INFO  c_testCases.F4_TableTC - Finished verify_Insert_Table
09:56:23.770 [TestNG-test=RetryMultipleFailedTestcases-3] INFO  c_testCases.F5_CrossReferenceTC - ****    Starting --> CrossReferenceTc    ****
09:56:25.162 [TestNG-test=RetryMultipleFailedTestcases-3] INFO  c_testCases.F5_CrossReferenceTC - clicked on Cross Reference button 
09:56:39.130 [TestNG-test=RetryMultipleFailedTestcases-4] INFO  c_testCases.F4_TableTC - Document Structure is updated after adding a list inside the table.
09:56:39.479 [TestNG-test=RetryMultipleFailedTestcases-4] INFO  c_testCases.F4_TableTC - Clicked Quick Preview.
09:56:39.679 [TestNG-test=RetryMultipleFailedTestcases-4] INFO  c_testCases.F4_TableTC - List is present in Quick Preview after adding it to the table.
09:56:40.016 [TestNG-test=RetryMultipleFailedTestcases-4] INFO  c_testCases.F4_TableTC - Clicked Code View.
09:56:43.614 [TestNG-test=RetryMultipleFailedTestcases-4] INFO  c_testCases.F4_TableTC - Inside CodeView, there is list insertion code for the table.
09:56:54.848 [TestNG-test=RetryMultipleFailedTestcases-2] INFO  c_testCases.F5_CrossReferenceTC - Verifying content validation error
09:56:55.923 [TestNG-test=RetryMultipleFailedTestcases-1] INFO  c_testCases.F5_CrossReferenceTC - ****    Starting --> CrossReferenceTc    ****
09:57:07.350 [TestNG-test=RetryMultipleFailedTestcases-1] INFO  c_testCases.F5_CrossReferenceTC - clicked on Cross Reference button 
09:57:12.171 [TestNG-test=RetryMultipleFailedTestcases-1] INFO  c_testCases.F5_CrossReferenceTC - clicked on Code Cross Reference checkbox 
09:57:14.258 [TestNG-test=RetryMultipleFailedTestcases-1] INFO  c_testCases.F5_CrossReferenceTC - clicked on Code View button 
09:57:16.118 [TestNG-test=RetryMultipleFailedTestcases-3] INFO  c_testCases.F5_CrossReferenceTC - ****    Starting --> CrossReferenceTc    ****
09:57:17.473 [TestNG-test=RetryMultipleFailedTestcases-3] INFO  c_testCases.F5_CrossReferenceTC - clicked on Cross Reference button 
09:57:23.658 [TestNG-test=RetryMultipleFailedTestcases-4] INFO  c_testCases.F4_TableTC - No Content Validation error is present in CodeView.
09:57:23.658 [TestNG-test=RetryMultipleFailedTestcases-4] INFO  c_testCases.F4_TableTC - Finished verify_ListInsideTable
09:57:43.144 [TestNG-test=RetryMultipleFailedTestcases-2] INFO  c_testCases.F5_CrossReferenceTC - ****    Starting --> CrossReferenceTc    ****
09:57:43.813 [TestNG-test=RetryMultipleFailedTestcases-2] INFO  c_testCases.F5_CrossReferenceTC - Verifying Cross Reference is present in VE
09:57:43.861 [TestNG-test=RetryMultipleFailedTestcases-2] INFO  c_testCases.F5_CrossReferenceTC - Verifying Cross Reference is present in AP
09:57:43.929 [TestNG-test=RetryMultipleFailedTestcases-2] INFO  c_testCases.F5_CrossReferenceTC - Verifying Cross Reference is present in DS
09:57:53.572 [TestNG-test=RetryMultipleFailedTestcases-3] INFO  c_testCases.F5_CrossReferenceTC - ****    Starting --> CrossReferenceTc    ****
09:57:54.411 [TestNG-test=RetryMultipleFailedTestcases-1] INFO  c_testCases.F5_CrossReferenceTC - Verifying content validation error
09:57:55.569 [TestNG-test=RetryMultipleFailedTestcases-3] INFO  c_testCases.F5_CrossReferenceTC - clicked on Cross Reference button 
09:57:56.397 [TestNG-test=RetryMultipleFailedTestcases-4] INFO  c_testCases.F5_CrossReferenceTC - ****    Starting --> CrossReferenceTc    ****
09:57:57.046 [TestNG-test=RetryMultipleFailedTestcases-4] INFO  c_testCases.F5_CrossReferenceTC - Double clicked on First para
09:57:58.271 [TestNG-test=RetryMultipleFailedTestcases-4] INFO  c_testCases.F5_CrossReferenceTC - clicked on Cross Reference button 
09:58:03.930 [TestNG-test=RetryMultipleFailedTestcases-4] INFO  c_testCases.F5_CrossReferenceTC - clicked on Code Cross Reference checkbox 
09:58:04.397 [TestNG-test=RetryMultipleFailedTestcases-4] INFO  c_testCases.F5_CrossReferenceTC - clicked on Cross Reference popup ok button 
09:58:06.321 [TestNG-test=RetryMultipleFailedTestcases-4] INFO  c_testCases.F5_CrossReferenceTC - Verifying Cross Reference is present in AP
09:58:06.383 [TestNG-test=RetryMultipleFailedTestcases-4] INFO  c_testCases.F5_CrossReferenceTC - Verifying Cross Reference text is correct
09:58:06.999 [TestNG-test=RetryMultipleFailedTestcases-4] INFO  c_testCases.F5_CrossReferenceTC - Clicked on BackSpace
09:58:27.805 [TestNG-test=RetryMultipleFailedTestcases-2] INFO  c_testCases.F5_CrossReferenceTC - Verifying Cross Reference is deleted in AP
09:58:49.359 [TestNG-test=RetryMultipleFailedTestcases-4] INFO  c_testCases.F5_CrossReferenceTC - Verifying Cross Reference is deleted in AP
09:58:50.151 [TestNG-test=RetryMultipleFailedTestcases-1] INFO  c_testCases.F5_CrossReferenceTC - ****    Starting --> CrossReferenceTc    ****
09:58:51.046 [TestNG-test=RetryMultipleFailedTestcases-1] INFO  c_testCases.F5_CrossReferenceTC - Double clicked on First para
09:58:51.500 [TestNG-test=RetryMultipleFailedTestcases-1] INFO  c_testCases.F5_CrossReferenceTC - clicked on Cross Reference button 
09:58:52.851 [TestNG-test=RetryMultipleFailedTestcases-3] INFO  c_testCases.F5_CrossReferenceTC - ****    Starting --> CrossReferenceTc    ****
09:58:54.536 [TestNG-test=RetryMultipleFailedTestcases-3] INFO  c_testCases.F5_CrossReferenceTC - clicked on Cross Reference button 
09:58:59.068 [TestNG-test=RetryMultipleFailedTestcases-3] INFO  c_testCases.F5_CrossReferenceTC - clicked on Code Cross Reference checkbox 
09:59:00.313 [TestNG-test=RetryMultipleFailedTestcases-3] INFO  c_testCases.F5_CrossReferenceTC - clicked on Code View button 
09:59:07.860 [TestNG-test=RetryMultipleFailedTestcases-2] INFO  c_testCases.F5_CrossReferenceTC - Verifying Cross Reference is deleted in DS
09:59:07.860 [TestNG-test=RetryMultipleFailedTestcases-2] INFO  c_testCases.F5_CrossReferenceTC - ****    Finished --> CrossReferenceTc    ****
09:59:27.188 [TestNG-test=RetryMultipleFailedTestcases-1] INFO  c_testCases.F5_CrossReferenceTC - ****    Starting --> CrossReferenceTc    ****
09:59:28.161 [TestNG-test=RetryMultipleFailedTestcases-1] INFO  c_testCases.F5_CrossReferenceTC - Double clicked on First para
09:59:28.986 [TestNG-test=RetryMultipleFailedTestcases-1] INFO  c_testCases.F5_CrossReferenceTC - clicked on Cross Reference button 
09:59:29.449 [TestNG-test=RetryMultipleFailedTestcases-4] INFO  c_testCases.F5_CrossReferenceTC - Verifying Cross Reference is deleted in DS
09:59:29.449 [TestNG-test=RetryMultipleFailedTestcases-4] INFO  c_testCases.F5_CrossReferenceTC - ****    Finished --> CrossReferenceTc    ****
09:59:41.188 [TestNG-test=RetryMultipleFailedTestcases-3] INFO  c_testCases.F5_CrossReferenceTC - ****    Starting --> CrossReferenceTc    ****
09:59:42.527 [TestNG-test=RetryMultipleFailedTestcases-3] INFO  c_testCases.F5_CrossReferenceTC - Double clicked on First para
09:59:43.154 [TestNG-test=RetryMultipleFailedTestcases-3] INFO  c_testCases.F5_CrossReferenceTC - clicked on Cross Reference button 
09:59:46.718 [TestNG-test=RetryMultipleFailedTestcases-2] INFO  c_testCases.F5_CrossReferenceTC - ****    Starting --> CrossReferenceTc    ****
09:59:47.246 [TestNG-test=RetryMultipleFailedTestcases-3] INFO  c_testCases.F5_CrossReferenceTC - clicked on Code Cross Reference checkbox 
09:59:47.430 [TestNG-test=RetryMultipleFailedTestcases-3] INFO  c_testCases.F5_CrossReferenceTC - clicked on Cross Reference popup ok button 
09:59:47.539 [TestNG-test=RetryMultipleFailedTestcases-2] INFO  c_testCases.F5_CrossReferenceTC - Double clicked on First para
09:59:48.095 [TestNG-test=RetryMultipleFailedTestcases-2] INFO  c_testCases.F5_CrossReferenceTC - clicked on Cross Reference button 
09:59:52.904 [TestNG-test=RetryMultipleFailedTestcases-2] INFO  c_testCases.F5_CrossReferenceTC - clicked on Code Cross Reference checkbox 
09:59:53.380 [TestNG-test=RetryMultipleFailedTestcases-2] INFO  c_testCases.F5_CrossReferenceTC - clicked on Cross Reference popup ok button 
09:59:54.392 [TestNG-test=RetryMultipleFailedTestcases-2] INFO  c_testCases.F5_CrossReferenceTC - Verifying Cross Reference is present in AP
09:59:56.811 [TestNG-test=RetryMultipleFailedTestcases-2] INFO  c_testCases.F5_CrossReferenceTC - clicked on Code View button 
10:00:05.945 [TestNG-test=RetryMultipleFailedTestcases-4] INFO  c_testCases.F5_CrossReferenceTC - ****    Starting --> CrossReferenceTc    ****
10:00:06.508 [TestNG-test=RetryMultipleFailedTestcases-4] INFO  c_testCases.F5_CrossReferenceTC - Verifying Cross Reference is present in VE
10:00:06.550 [TestNG-test=RetryMultipleFailedTestcases-4] INFO  c_testCases.F5_CrossReferenceTC - Verifying Cross Reference is present in AP
10:00:06.589 [TestNG-test=RetryMultipleFailedTestcases-4] INFO  c_testCases.F5_CrossReferenceTC - Verifying Cross Reference is present in DS
10:00:09.517 [TestNG-test=RetryMultipleFailedTestcases-1] INFO  c_testCases.F5_CrossReferenceTC - ****    Starting --> CrossReferenceTc    ****
10:00:10.025 [TestNG-test=RetryMultipleFailedTestcases-1] INFO  c_testCases.F5_CrossReferenceTC - Double clicked on First para
10:00:10.628 [TestNG-test=RetryMultipleFailedTestcases-1] INFO  c_testCases.F5_CrossReferenceTC - clicked on Cross Reference button 
10:00:18.706 [TestNG-test=RetryMultipleFailedTestcases-1] INFO  c_testCases.F5_CrossReferenceTC - clicked on Code Cross Reference checkbox 
10:00:19.026 [TestNG-test=RetryMultipleFailedTestcases-1] INFO  c_testCases.F5_CrossReferenceTC - clicked on Cross Reference popup ok button 
10:00:19.946 [TestNG-test=RetryMultipleFailedTestcases-1] INFO  c_testCases.F5_CrossReferenceTC - Verifying Cross Reference is present in AP
10:00:19.999 [TestNG-test=RetryMultipleFailedTestcases-1] INFO  c_testCases.F5_CrossReferenceTC - Verifying Cross Reference text is correct
10:00:34.400 [TestNG-test=RetryMultipleFailedTestcases-1] INFO  c_testCases.F5_CrossReferenceTC - clicked on Code View button 
10:00:36.931 [TestNG-test=RetryMultipleFailedTestcases-2] INFO  c_testCases.F5_CrossReferenceTC - Verifying content validation error
10:00:49.656 [TestNG-test=RetryMultipleFailedTestcases-4] INFO  c_testCases.F5_CrossReferenceTC - Verifying Cross Reference is deleted in AP
10:01:08.500 [TestNG-test=RetryMultipleFailedTestcases-3] INFO  c_testCases.F5_CrossReferenceTC - ****    Starting --> CrossReferenceTc    ****
10:01:09.006 [TestNG-test=RetryMultipleFailedTestcases-3] INFO  c_testCases.F5_CrossReferenceTC - Double clicked on First para
10:01:09.657 [TestNG-test=RetryMultipleFailedTestcases-3] INFO  c_testCases.F5_CrossReferenceTC - clicked on Cross Reference button 
10:01:13.302 [TestNG-test=RetryMultipleFailedTestcases-3] INFO  c_testCases.F5_CrossReferenceTC - clicked on Code Cross Reference checkbox 
10:01:13.652 [TestNG-test=RetryMultipleFailedTestcases-3] INFO  c_testCases.F5_CrossReferenceTC - clicked on Cross Reference popup ok button 
10:01:14.562 [TestNG-test=RetryMultipleFailedTestcases-1] INFO  c_testCases.F5_CrossReferenceTC - Verifying content validation error
10:01:14.786 [TestNG-test=RetryMultipleFailedTestcases-3] INFO  c_testCases.F5_CrossReferenceTC - Verifying Cross Reference is present in AP
10:01:14.880 [TestNG-test=RetryMultipleFailedTestcases-3] INFO  c_testCases.F5_CrossReferenceTC - Verifying Cross Reference text is correct
10:01:17.585 [TestNG-test=RetryMultipleFailedTestcases-2] INFO  c_testCases.F5_CrossReferenceTC - ****    Starting --> CrossReferenceTc    ****
10:01:18.342 [TestNG-test=RetryMultipleFailedTestcases-2] INFO  c_testCases.F5_CrossReferenceTC - Double clicked on First para
10:01:19.883 [TestNG-test=RetryMultipleFailedTestcases-2] INFO  c_testCases.F5_CrossReferenceTC - clicked on Cross Reference button 
10:01:23.434 [TestNG-test=RetryMultipleFailedTestcases-3] INFO  c_testCases.F5_CrossReferenceTC - clicked on Code View button 
10:01:24.734 [TestNG-test=RetryMultipleFailedTestcases-2] INFO  c_testCases.F5_CrossReferenceTC - clicked on Code Cross Reference checkbox 
10:01:25.051 [TestNG-test=RetryMultipleFailedTestcases-2] INFO  c_testCases.F5_CrossReferenceTC - clicked on Cross Reference popup ok button 
10:01:26.149 [TestNG-test=RetryMultipleFailedTestcases-2] INFO  c_testCases.F5_CrossReferenceTC - Verifying Cross Reference is present in AP
10:01:26.195 [TestNG-test=RetryMultipleFailedTestcases-2] INFO  c_testCases.F5_CrossReferenceTC - Verifying Cross Reference text is correct
10:01:26.430 [TestNG-test=RetryMultipleFailedTestcases-2] INFO  c_testCases.F5_CrossReferenceTC - clicked on Code View button 
10:01:29.746 [TestNG-test=RetryMultipleFailedTestcases-4] INFO  c_testCases.F5_CrossReferenceTC - Verifying Cross Reference is deleted in DS
10:01:29.746 [TestNG-test=RetryMultipleFailedTestcases-4] INFO  c_testCases.F5_CrossReferenceTC - ****    Finished --> CrossReferenceTc    ****
10:01:51.242 [TestNG-test=RetryMultipleFailedTestcases-1] INFO  c_testCases.F6_EmphasisTC - ****    Starting --> EmphasisTC    ****
10:01:51.861 [TestNG-test=RetryMultipleFailedTestcases-1] INFO  c_testCases.F6_EmphasisTC - clicked on section two from DS
10:01:52.245 [TestNG-test=RetryMultipleFailedTestcases-1] INFO  c_testCases.F6_EmphasisTC - clicked on Enter key
10:01:53.474 [TestNG-test=RetryMultipleFailedTestcases-1] INFO  c_testCases.F6_EmphasisTC - Inserted new Text
10:01:54.239 [TestNG-test=RetryMultipleFailedTestcases-1] INFO  c_testCases.F6_EmphasisTC - clicked on Accept changes button from toolbar
10:01:54.680 [TestNG-test=RetryMultipleFailedTestcases-1] INFO  c_testCases.F6_EmphasisTC - Newly added text is selected
10:01:55.036 [TestNG-test=RetryMultipleFailedTestcases-1] INFO  c_testCases.F6_EmphasisTC - clicked on bold button from toolbar
10:01:56.239 [TestNG-test=RetryMultipleFailedTestcases-1] INFO  c_testCases.F6_EmphasisTC - Verifying bold is present in DS 
10:01:56.274 [TestNG-test=RetryMultipleFailedTestcases-1] INFO  c_testCases.F6_EmphasisTC - Verifying bold is present in CE 
10:01:56.274 [TestNG-test=RetryMultipleFailedTestcases-1] INFO  c_testCases.F6_EmphasisTC - ****    Finished --> EmphasisTC    ****
10:02:05.025 [TestNG-test=RetryMultipleFailedTestcases-4] INFO  c_testCases.F6_EmphasisTC - ****    Starting --> EmphasisTC    ****
10:02:05.751 [TestNG-test=RetryMultipleFailedTestcases-4] INFO  c_testCases.F6_EmphasisTC - Double clicked on First para
10:02:06.255 [TestNG-test=RetryMultipleFailedTestcases-4] INFO  c_testCases.F6_EmphasisTC - clicked on bold button from toolbar
10:02:06.562 [TestNG-test=RetryMultipleFailedTestcases-2] INFO  c_testCases.F5_CrossReferenceTC - Verifying content validation error
10:02:06.925 [TestNG-test=RetryMultipleFailedTestcases-2] INFO  c_testCases.F5_CrossReferenceTC - clicked on Quick Preview button 
10:02:06.992 [TestNG-test=RetryMultipleFailedTestcases-2] INFO  c_testCases.F5_CrossReferenceTC - Verifying Cross Reference is present in QP
10:02:06.992 [TestNG-test=RetryMultipleFailedTestcases-2] INFO  c_testCases.F5_CrossReferenceTC - ****    Finished --> CrossReferenceTc    ****
10:02:08.074 [TestNG-test=RetryMultipleFailedTestcases-3] INFO  c_testCases.F5_CrossReferenceTC - ****    Starting --> CrossReferenceTc    ****
10:02:08.907 [TestNG-test=RetryMultipleFailedTestcases-3] INFO  c_testCases.F5_CrossReferenceTC - Double clicked on First para
10:02:09.665 [TestNG-test=RetryMultipleFailedTestcases-3] INFO  c_testCases.F5_CrossReferenceTC - clicked on Cross Reference button 
10:02:10.135 [TestNG-test=RetryMultipleFailedTestcases-4] INFO  c_testCases.F6_EmphasisTC - Verifying  Bold is present In DS
10:02:12.694 [TestNG-test=RetryMultipleFailedTestcases-4] INFO  c_testCases.F6_EmphasisTC - Verifying  Italic is present In DS
10:02:15.484 [TestNG-test=RetryMultipleFailedTestcases-4] INFO  c_testCases.F6_EmphasisTC - Verifying  Underline is present In DS
10:02:18.868 [TestNG-test=RetryMultipleFailedTestcases-4] INFO  c_testCases.F6_EmphasisTC - Verifying  Superscipt is present In DS
10:02:21.121 [TestNG-test=RetryMultipleFailedTestcases-4] INFO  c_testCases.F6_EmphasisTC - Verifying  Subscript is present In DS
10:02:23.676 [TestNG-test=RetryMultipleFailedTestcases-4] INFO  c_testCases.F6_EmphasisTC - Verifying  Strikethrough is present In DS
10:02:23.758 [TestNG-test=RetryMultipleFailedTestcases-4] INFO  c_testCases.F6_EmphasisTC - Verifying Bold emph is present In VE
10:02:24.242 [TestNG-test=RetryMultipleFailedTestcases-4] INFO  c_testCases.F6_EmphasisTC - clicked on Code View button 
10:02:29.514 [TestNG-test=RetryMultipleFailedTestcases-1] INFO  c_testCases.F6_EmphasisTC - ****    Starting --> EmphasisTC    ****
10:02:30.079 [TestNG-test=RetryMultipleFailedTestcases-1] INFO  c_testCases.F6_EmphasisTC - Double clicked on First para
10:02:30.439 [TestNG-test=RetryMultipleFailedTestcases-1] INFO  c_testCases.F6_EmphasisTC - clicked on bold button from toolbar
10:02:32.242 [TestNG-test=RetryMultipleFailedTestcases-1] INFO  c_testCases.F6_EmphasisTC - Selected newly added content
10:02:32.349 [TestNG-test=RetryMultipleFailedTestcases-1] INFO  c_testCases.F6_EmphasisTC - Copy bold content from para
10:02:32.943 [TestNG-test=RetryMultipleFailedTestcases-1] INFO  c_testCases.F6_EmphasisTC - clicked on second para from VE
10:02:33.006 [TestNG-test=RetryMultipleFailedTestcases-1] INFO  c_testCases.F6_EmphasisTC - Pasted bold content into second para
10:02:35.366 [TestNG-test=RetryMultipleFailedTestcases-1] INFO  c_testCases.F6_EmphasisTC - clicked on Accept changes button from toolbar
10:02:35.460 [TestNG-test=RetryMultipleFailedTestcases-1] INFO  c_testCases.F6_EmphasisTC - Verifying bold is present in DS 
10:02:35.495 [TestNG-test=RetryMultipleFailedTestcases-1] INFO  c_testCases.F6_EmphasisTC - Verifying bold is present in CE 
10:02:35.783 [TestNG-test=RetryMultipleFailedTestcases-1] INFO  c_testCases.F6_EmphasisTC - clicked on Code View button 
10:02:41.961 [TestNG-test=RetryMultipleFailedTestcases-2] INFO  c_testCases.F6_EmphasisTC - ****    Starting --> EmphasisTC    ****
10:02:45.051 [TestNG-test=RetryMultipleFailedTestcases-2] INFO  c_testCases.F6_EmphasisTC - Verifying bold is present in DS 
10:02:45.091 [TestNG-test=RetryMultipleFailedTestcases-2] INFO  c_testCases.F6_EmphasisTC - Verifying bold is present in DS 
10:02:45.118 [TestNG-test=RetryMultipleFailedTestcases-2] INFO  c_testCases.F6_EmphasisTC - c bold is present in CE 
10:02:45.378 [TestNG-test=RetryMultipleFailedTestcases-2] INFO  c_testCases.F6_EmphasisTC - clicked on Code View button 
10:03:01.567 [TestNG-test=RetryMultipleFailedTestcases-3] INFO  c_testCases.F5_CrossReferenceTC - ****    Starting --> CrossReferenceTc    ****
10:03:02.140 [TestNG-test=RetryMultipleFailedTestcases-3] INFO  c_testCases.F5_CrossReferenceTC - Double clicked on First para
10:03:02.580 [TestNG-test=RetryMultipleFailedTestcases-3] INFO  c_testCases.F5_CrossReferenceTC - clicked on Cross Reference button 
10:03:04.406 [TestNG-test=RetryMultipleFailedTestcases-4] INFO  c_testCases.F6_EmphasisTC - Verifying content validation error
10:03:04.610 [TestNG-test=RetryMultipleFailedTestcases-4] INFO  c_testCases.F6_EmphasisTC - clicked on Quick Preview button
10:03:04.643 [TestNG-test=RetryMultipleFailedTestcases-4] INFO  c_testCases.F6_EmphasisTC - Verifying  Strikethrough is present In QP
10:03:04.643 [TestNG-test=RetryMultipleFailedTestcases-4] INFO  c_testCases.F6_EmphasisTC - ****    Finished --> EmphasisTC    ****
10:03:14.335 [TestNG-test=RetryMultipleFailedTestcases-3] INFO  c_testCases.F5_CrossReferenceTC - clicked on Code Cross Reference checkbox 
10:03:14.750 [TestNG-test=RetryMultipleFailedTestcases-3] INFO  c_testCases.F5_CrossReferenceTC - clicked on Cross Reference popup ok button 
10:03:15.626 [TestNG-test=RetryMultipleFailedTestcases-3] INFO  c_testCases.F5_CrossReferenceTC - Verifying Cross Reference is present in AP
10:03:15.698 [TestNG-test=RetryMultipleFailedTestcases-3] INFO  c_testCases.F5_CrossReferenceTC - Verifying Cross Reference text is correct
10:03:15.913 [TestNG-test=RetryMultipleFailedTestcases-1] INFO  c_testCases.F6_EmphasisTC - Verifying content validation error
10:03:16.192 [TestNG-test=RetryMultipleFailedTestcases-1] INFO  c_testCases.F6_EmphasisTC - clicked on Quick Preview button
10:03:16.229 [TestNG-test=RetryMultipleFailedTestcases-1] INFO  c_testCases.F6_EmphasisTC - Verifying  bold is present in QP
10:03:16.229 [TestNG-test=RetryMultipleFailedTestcases-1] INFO  c_testCases.F6_EmphasisTC - ****    Finished --> EmphasisTC    ****
10:03:23.944 [TestNG-test=RetryMultipleFailedTestcases-3] INFO  c_testCases.F5_CrossReferenceTC - clicked on Code View button 
10:03:25.451 [TestNG-test=RetryMultipleFailedTestcases-2] INFO  c_testCases.F6_EmphasisTC - Verifying content validation error
10:03:25.451 [TestNG-test=RetryMultipleFailedTestcases-2] INFO  c_testCases.F6_EmphasisTC - ****    Finished --> EmphasisTC    ****
10:03:45.030 [TestNG-test=RetryMultipleFailedTestcases-4] INFO  c_testCases.F6_EmphasisTC - ****    Starting --> EmphasisTC    ****
10:03:45.696 [TestNG-test=RetryMultipleFailedTestcases-4] INFO  c_testCases.F6_EmphasisTC - clicked on section two from DS
10:03:46.072 [TestNG-test=RetryMultipleFailedTestcases-4] INFO  c_testCases.F6_EmphasisTC - clicked on Enter key
10:03:47.382 [TestNG-test=RetryMultipleFailedTestcases-4] INFO  c_testCases.F6_EmphasisTC - clicked on bold button from toolbar
10:03:48.252 [TestNG-test=RetryMultipleFailedTestcases-4] INFO  c_testCases.F6_EmphasisTC - Inserted bold Text
10:03:48.683 [TestNG-test=RetryMultipleFailedTestcases-4] INFO  c_testCases.F6_EmphasisTC - clicked on Accept changes button from toolbar
10:03:48.781 [TestNG-test=RetryMultipleFailedTestcases-4] INFO  c_testCases.F6_EmphasisTC - Verifying bold is present in DS 
10:03:48.816 [TestNG-test=RetryMultipleFailedTestcases-4] INFO  c_testCases.F6_EmphasisTC - Verifying bold is present in CE 
10:03:49.189 [TestNG-test=RetryMultipleFailedTestcases-4] INFO  c_testCases.F6_EmphasisTC - clicked on Code View button 
10:04:04.399 [TestNG-test=RetryMultipleFailedTestcases-1] INFO  c_testCases.F6_EmphasisTC - ****    Starting --> EmphasisTC    ****
10:04:05.063 [TestNG-test=RetryMultipleFailedTestcases-1] INFO  c_testCases.F6_EmphasisTC - Double clicked on First para
10:04:05.616 [TestNG-test=RetryMultipleFailedTestcases-1] INFO  c_testCases.F6_EmphasisTC - clicked on bold button from toolbar
10:04:08.331 [TestNG-test=RetryMultipleFailedTestcases-1] INFO  c_testCases.F6_EmphasisTC - Double clicked on First para
10:04:08.404 [TestNG-test=RetryMultipleFailedTestcases-1] INFO  c_testCases.F6_EmphasisTC - Clicked on Backspace-Key
10:04:08.803 [TestNG-test=RetryMultipleFailedTestcases-1] INFO  c_testCases.F6_EmphasisTC - clicked on First para deleted bold content
10:04:09.119 [TestNG-test=RetryMultipleFailedTestcases-1] INFO  c_testCases.F6_EmphasisTC - clicked on Accept changes
10:04:10.327 [TestNG-test=RetryMultipleFailedTestcases-1] INFO  c_testCases.F6_EmphasisTC - clicked on Quick Preview button
10:04:23.406 [TestNG-test=RetryMultipleFailedTestcases-2] INFO  c_testCases.F6_EmphasisTC - clicked on bold button from toolbar
10:04:24.661 [TestNG-test=RetryMultipleFailedTestcases-2] INFO  c_testCases.F6_EmphasisTC - Verifying  Bold is present In DS
10:04:26.034 [TestNG-test=RetryMultipleFailedTestcases-2] INFO  c_testCases.F6_EmphasisTC - Verifying  Italic is present In DS
10:04:28.063 [TestNG-test=RetryMultipleFailedTestcases-2] INFO  c_testCases.F6_EmphasisTC - Verifying  Underline is present In DS
10:04:29.294 [TestNG-test=RetryMultipleFailedTestcases-3] INFO  c_testCases.F6_EmphasisTC - ****    Starting --> EmphasisTC    ****
10:04:29.359 [TestNG-test=RetryMultipleFailedTestcases-4] INFO  c_testCases.F6_EmphasisTC - Verifying content validation error
10:04:29.752 [TestNG-test=RetryMultipleFailedTestcases-4] INFO  c_testCases.F6_EmphasisTC - clicked on Quick Preview button
10:04:29.791 [TestNG-test=RetryMultipleFailedTestcases-4] INFO  c_testCases.F6_EmphasisTC - Verifying  bold is present in QP
10:04:29.791 [TestNG-test=RetryMultipleFailedTestcases-4] INFO  c_testCases.F6_EmphasisTC - ****    Finished --> EmphasisTC    ****
10:04:30.174 [TestNG-test=RetryMultipleFailedTestcases-3] INFO  c_testCases.F6_EmphasisTC - clicked on section two from DS
10:04:30.257 [TestNG-test=RetryMultipleFailedTestcases-2] INFO  c_testCases.F6_EmphasisTC - Verifying  Superscipt is present In DS
10:04:30.661 [TestNG-test=RetryMultipleFailedTestcases-3] INFO  c_testCases.F6_EmphasisTC - clicked on Enter key
10:04:32.255 [TestNG-test=RetryMultipleFailedTestcases-3] INFO  c_testCases.F6_EmphasisTC - clicked on bold button from toolbar
10:04:32.938 [TestNG-test=RetryMultipleFailedTestcases-2] INFO  c_testCases.F6_EmphasisTC - Verifying  Subscript is present In DS
10:04:34.046 [TestNG-test=RetryMultipleFailedTestcases-3] INFO  c_testCases.F6_EmphasisTC - Inserted bold Text
10:04:35.297 [TestNG-test=RetryMultipleFailedTestcases-2] INFO  c_testCases.F6_EmphasisTC - Verifying  Strikethrough is present In DS
10:04:35.384 [TestNG-test=RetryMultipleFailedTestcases-2] INFO  c_testCases.F6_EmphasisTC - Verifying Bold emph is present In VE
10:04:36.710 [TestNG-test=RetryMultipleFailedTestcases-2] INFO  c_testCases.F6_EmphasisTC - clicked on Accept changes button from toolbar
10:04:37.040 [TestNG-test=RetryMultipleFailedTestcases-3] INFO  c_testCases.F6_EmphasisTC - Verifying Emph is present in DS
10:04:50.396 [TestNG-test=RetryMultipleFailedTestcases-1] INFO  c_testCases.F6_EmphasisTC - Verifying  bold is not present in QP
10:04:50.396 [TestNG-test=RetryMultipleFailedTestcases-1] INFO  c_testCases.F6_EmphasisTC - ****    Finished --> EmphasisTC    ****
10:05:02.210 [TestNG-test=RetryMultipleFailedTestcases-4] INFO  c_testCases.F6_EmphasisTC - ****    Starting --> EmphasisTC    ****
10:05:05.285 [TestNG-test=RetryMultipleFailedTestcases-4] INFO  c_testCases.F6_EmphasisTC - clicked on bold button from toolbar
10:05:06.454 [TestNG-test=RetryMultipleFailedTestcases-4] INFO  c_testCases.F6_EmphasisTC - Inserted bold Text
10:05:06.816 [TestNG-test=RetryMultipleFailedTestcases-4] INFO  c_testCases.F6_EmphasisTC - clicked on Accept changes button from toolbar
10:05:06.934 [TestNG-test=RetryMultipleFailedTestcases-4] INFO  c_testCases.F6_EmphasisTC - Verifying bold is present in DS 
10:05:06.968 [TestNG-test=RetryMultipleFailedTestcases-4] INFO  c_testCases.F6_EmphasisTC - Verifying bold is present in CE 
10:05:07.384 [TestNG-test=RetryMultipleFailedTestcases-4] INFO  c_testCases.F6_EmphasisTC - clicked on Code View button 
10:05:14.106 [TestNG-test=RetryMultipleFailedTestcases-3] INFO  c_testCases.F6_EmphasisTC - ****    Starting --> EmphasisTC    ****
10:05:14.609 [TestNG-test=RetryMultipleFailedTestcases-3] INFO  c_testCases.F6_EmphasisTC - clicked on section two from DS
10:05:14.975 [TestNG-test=RetryMultipleFailedTestcases-3] INFO  c_testCases.F6_EmphasisTC - clicked on Enter key
10:05:16.440 [TestNG-test=RetryMultipleFailedTestcases-3] INFO  c_testCases.F6_EmphasisTC - clicked on bold button from toolbar
10:05:17.287 [TestNG-test=RetryMultipleFailedTestcases-3] INFO  c_testCases.F6_EmphasisTC - Inserted bold Text
10:05:18.122 [TestNG-test=RetryMultipleFailedTestcases-2] INFO  c_testCases.F6_EmphasisTC - Verifying Bold emph is Deleted In VE
10:05:18.807 [TestNG-test=RetryMultipleFailedTestcases-2] INFO  c_testCases.F6_EmphasisTC - clicked on Code View button 
10:05:20.339 [TestNG-test=RetryMultipleFailedTestcases-3] INFO  c_testCases.F6_EmphasisTC - Verifying Emph is present in DS
10:05:34.047 [TestNG-test=RetryMultipleFailedTestcases-1] INFO  c_testCases.F6_EmphasisTC - ****    Starting --> EmphasisTC    ****
10:05:35.739 [TestNG-test=RetryMultipleFailedTestcases-1] INFO  c_testCases.F6_EmphasisTC - clicked on bold button from toolbar
10:05:36.499 [TestNG-test=RetryMultipleFailedTestcases-1] INFO  c_testCases.F6_EmphasisTC - Inserted bold Text
10:05:36.846 [TestNG-test=RetryMultipleFailedTestcases-1] INFO  c_testCases.F6_EmphasisTC - clicked on Accept changes button from toolbar
10:05:36.904 [TestNG-test=RetryMultipleFailedTestcases-1] INFO  c_testCases.F6_EmphasisTC - Verifying bold is present in DS 
10:05:36.946 [TestNG-test=RetryMultipleFailedTestcases-1] INFO  c_testCases.F6_EmphasisTC - Verifying bold is present in CE 
10:05:37.232 [TestNG-test=RetryMultipleFailedTestcases-1] INFO  c_testCases.F6_EmphasisTC - clicked on Code View button 
10:05:47.507 [TestNG-test=RetryMultipleFailedTestcases-4] INFO  c_testCases.F6_EmphasisTC - Verifying content validation error
10:05:47.743 [TestNG-test=RetryMultipleFailedTestcases-4] INFO  c_testCases.F6_EmphasisTC - clicked on Quick Preview button
10:05:47.775 [TestNG-test=RetryMultipleFailedTestcases-4] INFO  c_testCases.F6_EmphasisTC - Verifying  bold is present in QP
10:05:50.382 [TestNG-test=RetryMultipleFailedTestcases-4] INFO  c_testCases.F6_EmphasisTC - clicked on Italic button from toolbar
10:05:51.399 [TestNG-test=RetryMultipleFailedTestcases-4] INFO  c_testCases.F6_EmphasisTC - Verifying Italic is present in DS 
10:05:51.427 [TestNG-test=RetryMultipleFailedTestcases-4] INFO  c_testCases.F6_EmphasisTC - Verifying Italic is present in CE 
10:05:51.756 [TestNG-test=RetryMultipleFailedTestcases-4] INFO  c_testCases.F6_EmphasisTC - clicked on Code View button 
10:05:58.936 [TestNG-test=RetryMultipleFailedTestcases-2] INFO  c_testCases.F6_EmphasisTC - Verifying content validation error
10:05:58.937 [TestNG-test=RetryMultipleFailedTestcases-2] INFO  c_testCases.F6_EmphasisTC - ****    Finished --> EmphasisTC    ****
10:06:06.325 [TestNG-test=RetryMultipleFailedTestcases-3] INFO  c_testCases.F6_EmphasisTC - ****    Starting --> EmphasisTC    ****
10:06:06.944 [TestNG-test=RetryMultipleFailedTestcases-3] INFO  c_testCases.F6_EmphasisTC - clicked on section two from DS
10:06:07.219 [TestNG-test=RetryMultipleFailedTestcases-3] INFO  c_testCases.F6_EmphasisTC - clicked on Enter key
10:06:08.478 [TestNG-test=RetryMultipleFailedTestcases-3] INFO  c_testCases.F6_EmphasisTC - clicked on bold button from toolbar
10:06:09.349 [TestNG-test=RetryMultipleFailedTestcases-3] INFO  c_testCases.F6_EmphasisTC - Inserted bold Text
10:06:12.234 [TestNG-test=RetryMultipleFailedTestcases-3] INFO  c_testCases.F6_EmphasisTC - Verifying Emph is present in DS
10:06:17.477 [TestNG-test=RetryMultipleFailedTestcases-1] INFO  c_testCases.F6_EmphasisTC - Verifying content validation error
10:06:18.317 [TestNG-test=RetryMultipleFailedTestcases-1] INFO  c_testCases.F6_EmphasisTC - clicked on Quick Preview button
10:06:18.408 [TestNG-test=RetryMultipleFailedTestcases-1] INFO  c_testCases.F6_EmphasisTC - Verifying  bold is present in QP
10:06:21.777 [TestNG-test=RetryMultipleFailedTestcases-1] INFO  c_testCases.F6_EmphasisTC - clicked on Underline button from toolbar
10:06:23.475 [TestNG-test=RetryMultipleFailedTestcases-1] INFO  c_testCases.F6_EmphasisTC - Verifying Underline is present in DS 
10:06:23.517 [TestNG-test=RetryMultipleFailedTestcases-1] INFO  c_testCases.F6_EmphasisTC - Verifying Underline is present in CE 
10:06:23.821 [TestNG-test=RetryMultipleFailedTestcases-1] INFO  c_testCases.F6_EmphasisTC - clicked on Code View button 
10:06:31.070 [TestNG-test=RetryMultipleFailedTestcases-2] INFO  c_testCases.F6_EmphasisTC - ****    Starting --> EmphasisTC    ****
10:06:31.407 [TestNG-test=RetryMultipleFailedTestcases-2] INFO  c_testCases.F6_EmphasisTC - clicked on Bold para in VE
10:06:31.505 [TestNG-test=RetryMultipleFailedTestcases-2] INFO  c_testCases.F6_EmphasisTC - Verifying  bold para is present In VE
10:06:32.627 [TestNG-test=RetryMultipleFailedTestcases-2] INFO  c_testCases.F6_EmphasisTC - clicked on Bold para in DS
10:06:33.093 [TestNG-test=RetryMultipleFailedTestcases-2] INFO  c_testCases.F6_EmphasisTC - Verifying  bold is present in DS
10:06:34.148 [TestNG-test=RetryMultipleFailedTestcases-2] INFO  c_testCases.F6_EmphasisTC - clicked Remove element block using Right Click option
10:06:35.046 [TestNG-test=RetryMultipleFailedTestcases-2] INFO  c_testCases.F6_EmphasisTC - clicked on Accept changes button from toolbar
10:06:35.235 [TestNG-test=RetryMultipleFailedTestcases-4] INFO  c_testCases.F6_EmphasisTC - ****    Starting --> EmphasisTC    ****
10:06:37.454 [TestNG-test=RetryMultipleFailedTestcases-4] INFO  c_testCases.F6_EmphasisTC - clicked on bold button from toolbar
10:06:38.205 [TestNG-test=RetryMultipleFailedTestcases-4] INFO  c_testCases.F6_EmphasisTC - Inserted bold Text
10:06:38.600 [TestNG-test=RetryMultipleFailedTestcases-4] INFO  c_testCases.F6_EmphasisTC - clicked on Accept changes button from toolbar
10:06:38.695 [TestNG-test=RetryMultipleFailedTestcases-4] INFO  c_testCases.F6_EmphasisTC - Verifying bold is present in DS 
10:06:38.736 [TestNG-test=RetryMultipleFailedTestcases-4] INFO  c_testCases.F6_EmphasisTC - Verifying bold is present in CE 
10:06:39.075 [TestNG-test=RetryMultipleFailedTestcases-4] INFO  c_testCases.F6_EmphasisTC - clicked on Code View button 
10:06:48.918 [TestNG-test=RetryMultipleFailedTestcases-3] INFO  c_testCases.F6_EmphasisTC - ****    Starting --> EmphasisTC    ****
10:06:49.377 [TestNG-test=RetryMultipleFailedTestcases-3] INFO  c_testCases.F6_EmphasisTC - clicked on section two from DS
10:06:49.600 [TestNG-test=RetryMultipleFailedTestcases-3] INFO  c_testCases.F6_EmphasisTC - clicked on Enter key
10:06:50.738 [TestNG-test=RetryMultipleFailedTestcases-3] INFO  c_testCases.F6_EmphasisTC - clicked on bold button from toolbar
10:06:51.982 [TestNG-test=RetryMultipleFailedTestcases-3] INFO  c_testCases.F6_EmphasisTC - Inserted bold Text
10:06:55.489 [TestNG-test=RetryMultipleFailedTestcases-3] INFO  c_testCases.F6_EmphasisTC - Verifying Emph is present in DS
10:07:03.903 [TestNG-test=RetryMultipleFailedTestcases-1] INFO  c_testCases.F6_EmphasisTC - Verifying content validation error
10:07:04.180 [TestNG-test=RetryMultipleFailedTestcases-1] INFO  c_testCases.F6_EmphasisTC - clicked on Quick Preview button
10:07:04.207 [TestNG-test=RetryMultipleFailedTestcases-1] INFO  c_testCases.F6_EmphasisTC - Verifying  Underline is present in QP
10:07:04.207 [TestNG-test=RetryMultipleFailedTestcases-1] INFO  c_testCases.F6_EmphasisTC - ****    Finished --> EmphasisTC    ****
10:07:16.896 [TestNG-test=RetryMultipleFailedTestcases-2] INFO  c_testCases.F6_EmphasisTC - Verifying  bold is delted from VE
10:07:19.156 [TestNG-test=RetryMultipleFailedTestcases-4] INFO  c_testCases.F6_EmphasisTC - Verifying content validation error
10:07:19.381 [TestNG-test=RetryMultipleFailedTestcases-4] INFO  c_testCases.F6_EmphasisTC - clicked on Quick Preview button
10:07:19.418 [TestNG-test=RetryMultipleFailedTestcases-4] INFO  c_testCases.F6_EmphasisTC - Verifying  bold is present in QP
10:07:22.727 [TestNG-test=RetryMultipleFailedTestcases-4] INFO  c_testCases.F6_EmphasisTC - clicked on Italic button from toolbar
10:07:24.328 [TestNG-test=RetryMultipleFailedTestcases-4] INFO  c_testCases.F6_EmphasisTC - Verifying Italic is present in DS 
10:07:24.349 [TestNG-test=RetryMultipleFailedTestcases-4] INFO  c_testCases.F6_EmphasisTC - Verifying Italic is present in CE 
10:07:24.679 [TestNG-test=RetryMultipleFailedTestcases-4] INFO  c_testCases.F6_EmphasisTC - clicked on Code View button 
10:07:28.089 [TestNG-test=RetryMultipleFailedTestcases-3] INFO  c_testCases.F6_EmphasisTC - ****    Starting --> EmphasisTC    ****
10:07:29.075 [TestNG-test=RetryMultipleFailedTestcases-3] INFO  c_testCases.F6_EmphasisTC - Double clicked on First para
10:07:29.578 [TestNG-test=RetryMultipleFailedTestcases-3] INFO  c_testCases.F6_EmphasisTC - clicked on bold button from toolbar
10:07:30.793 [TestNG-test=RetryMultipleFailedTestcases-3] INFO  c_testCases.F6_EmphasisTC - Verifying bold is present in DS 
10:07:30.817 [TestNG-test=RetryMultipleFailedTestcases-3] INFO  c_testCases.F6_EmphasisTC - c bold is present in CE 
10:07:30.817 [TestNG-test=RetryMultipleFailedTestcases-3] INFO  c_testCases.F6_EmphasisTC - ****    Finished --> EmphasisTC    ****
10:07:35.500 [TestNG-test=RetryMultipleFailedTestcases-1] INFO  c_testCases.F6_EmphasisTC - ****    Starting --> EmphasisTC    ****
10:07:36.335 [TestNG-test=RetryMultipleFailedTestcases-1] INFO  c_testCases.F6_EmphasisTC - clicked on taable cell in VE
10:07:36.773 [TestNG-test=RetryMultipleFailedTestcases-1] INFO  c_testCases.F6_EmphasisTC - clicked on bold button from toolbar
10:07:37.103 [TestNG-test=RetryMultipleFailedTestcases-1] INFO  c_testCases.F6_EmphasisTC - Inserted bold Text
10:07:37.143 [TestNG-test=RetryMultipleFailedTestcases-3] INFO  c_testCases.F7_PDFTC - Starting verify_ChapterLevel_Changes
10:07:37.535 [TestNG-test=RetryMultipleFailedTestcases-1] INFO  c_testCases.F6_EmphasisTC - clicked on Accept changes button from toolbar
10:07:37.654 [TestNG-test=RetryMultipleFailedTestcases-1] INFO  c_testCases.F6_EmphasisTC - Verifying  emph is present In CE
10:07:37.683 [TestNG-test=RetryMultipleFailedTestcases-1] INFO  c_testCases.F6_EmphasisTC - Verifying  emph is present In VE table Cell
10:07:37.931 [TestNG-test=RetryMultipleFailedTestcases-1] INFO  c_testCases.F6_EmphasisTC - clicked on Code View button 
10:07:40.554 [TestNG-test=RetryMultipleFailedTestcases-3] INFO  c_testCases.F7_PDFTC - Logged in to the application.
10:07:42.306 [TestNG-test=RetryMultipleFailedTestcases-3] INFO  c_testCases.F7_PDFTC - Selected project and navigated to the file list.
10:07:42.363 [TestNG-test=RetryMultipleFailedTestcases-3] INFO  c_testCases.F7_PDFTC - Searched for a file by name.
10:07:44.488 [TestNG-test=RetryMultipleFailedTestcases-3] INFO  c_testCases.F7_PDFTC - Clicked on the edit file button.
10:07:56.966 [TestNG-test=RetryMultipleFailedTestcases-2] INFO  c_testCases.F6_EmphasisTC - Verifying  bold is delted from QP
10:07:56.966 [TestNG-test=RetryMultipleFailedTestcases-2] INFO  c_testCases.F6_EmphasisTC - ****    Finished --> EmphasisTC    ****
10:07:57.008 [TestNG-test=RetryMultipleFailedTestcases-3] INFO  c_testCases.F7_PDFTC - Performed actions on the new window.
10:08:04.809 [TestNG-test=RetryMultipleFailedTestcases-4] INFO  c_testCases.F6_EmphasisTC - Verifying content validation error
10:08:05.077 [TestNG-test=RetryMultipleFailedTestcases-4] INFO  c_testCases.F6_EmphasisTC - clicked on Quick Preview button
10:08:05.104 [TestNG-test=RetryMultipleFailedTestcases-4] INFO  c_testCases.F6_EmphasisTC - Verifying  Italic is present in QP
10:08:05.104 [TestNG-test=RetryMultipleFailedTestcases-4] INFO  c_testCases.F6_EmphasisTC - ****    Finished --> EmphasisTC    ****
10:08:05.978 [TestNG-test=RetryMultipleFailedTestcases-2] INFO  c_testCases.F7_PDFTC - Starting verify_CombinationElements_GeneratePDF
10:08:07.369 [TestNG-test=RetryMultipleFailedTestcases-3] INFO  c_testCases.F7_PDFTC - Waited for Dynamic Section to become visible.
10:08:07.798 [TestNG-test=RetryMultipleFailedTestcases-3] INFO  c_testCases.F7_PDFTC - Clicked on the first paragraph.
10:08:08.341 [TestNG-test=RetryMultipleFailedTestcases-3] INFO  c_testCases.F7_PDFTC - Accepted the change for the first paragraph.
10:08:09.233 [TestNG-test=RetryMultipleFailedTestcases-3] INFO  c_testCases.F7_PDFTC - Right-clicked on the second paragraph.
10:08:09.846 [TestNG-test=RetryMultipleFailedTestcases-3] INFO  c_testCases.F7_PDFTC - Inserted content after the PDF.
10:08:10.778 [TestNG-test=RetryMultipleFailedTestcases-3] INFO  c_testCases.F7_PDFTC - Added text to the second paragraph.
10:08:11.290 [TestNG-test=RetryMultipleFailedTestcases-3] INFO  c_testCases.F7_PDFTC - Initiated PDF generation.
10:08:11.662 [TestNG-test=RetryMultipleFailedTestcases-4] INFO  c_testCases.F7_PDFTC - Starting verify_WithSomeTextEdit_GeneratePDF
10:08:16.859 [TestNG-test=RetryMultipleFailedTestcases-3] INFO  c_testCases.F7_PDFTC - Time taken: 5.6 seconds and 5563 milliseconds
10:08:16.860 [TestNG-test=RetryMultipleFailedTestcases-3] INFO  c_testCases.F7_PDFTC - Time taken: 08-09-2023 10:08:11 AM StartTime and 08-09-2023 10:08:16 AM EndTime
10:08:16.861 [TestNG-test=RetryMultipleFailedTestcases-3] INFO  c_testCases.F7_PDFTC - Time taken in minutes: 0.1
10:08:16.861 [TestNG-test=RetryMultipleFailedTestcases-3] INFO  c_testCases.F7_PDFTC - Finished verify_ChapterLevel_Changes
10:08:18.080 [TestNG-test=RetryMultipleFailedTestcases-1] INFO  c_testCases.F6_EmphasisTC - Verifying content validation error
10:08:18.319 [TestNG-test=RetryMultipleFailedTestcases-1] INFO  c_testCases.F6_EmphasisTC - clicked on Quick Preview button
10:08:18.353 [TestNG-test=RetryMultipleFailedTestcases-1] INFO  c_testCases.F6_EmphasisTC - Verifying  emph is present In QP table Cell
10:08:18.353 [TestNG-test=RetryMultipleFailedTestcases-1] INFO  c_testCases.F6_EmphasisTC - ****    Finished --> EmphasisTC    ****
10:08:34.692 [TestNG-test=RetryMultipleFailedTestcases-4] INFO  c_testCases.F7_PDFTC - Clicked on the first paragraph.
10:08:35.965 [TestNG-test=RetryMultipleFailedTestcases-4] INFO  c_testCases.F7_PDFTC - Accepted the change.
10:08:37.009 [TestNG-test=RetryMultipleFailedTestcases-4] INFO  c_testCases.F7_PDFTC - Right-clicked on the second paragraph.
10:08:37.808 [TestNG-test=RetryMultipleFailedTestcases-4] INFO  c_testCases.F7_PDFTC - Inserted after the PDF.
10:08:39.044 [TestNG-test=RetryMultipleFailedTestcases-2] INFO  c_testCases.F7_PDFTC - Logged in, searched for a file, and clicked Edit.
10:08:42.131 [TestNG-test=RetryMultipleFailedTestcases-4] INFO  c_testCases.F7_PDFTC - Added text to the second paragraph.
10:08:48.556 [TestNG-test=RetryMultipleFailedTestcases-2] INFO  c_testCases.F7_PDFTC - Accepted the change.
10:08:49.160 [TestNG-test=RetryMultipleFailedTestcases-2] INFO  c_testCases.F7_PDFTC - Clicked on the first paragraph.
10:08:55.403 [TestNG-test=RetryMultipleFailedTestcases-3] INFO  c_testCases.F8_TrackChangesTC - Logged in and searched for a file, then clicked Edit.
10:08:55.609 [TestNG-test=RetryMultipleFailedTestcases-1] INFO  c_testCases.F8_TrackChangesTC - Logged in and searched for a file, then clicked Edit.
10:08:55.622 [TestNG-test=RetryMultipleFailedTestcases-3] INFO  c_testCases.F8_TrackChangesTC - Switched to frame 0.
10:08:55.780 [TestNG-test=RetryMultipleFailedTestcases-1] INFO  c_testCases.F8_TrackChangesTC - Switched to frame 0.
10:08:56.398 [TestNG-test=RetryMultipleFailedTestcases-4] INFO  c_testCases.F7_PDFTC - Time taken: 13.5 seconds and 13498 milliseconds
10:08:56.398 [TestNG-test=RetryMultipleFailedTestcases-4] INFO  c_testCases.F7_PDFTC - Time taken: 08-09-2023 10:08:42 AM StartTime and 08-09-2023 10:08:56 AM EndTime
10:08:56.398 [TestNG-test=RetryMultipleFailedTestcases-4] INFO  c_testCases.F7_PDFTC - Time taken in minutes: 0.2
10:08:56.398 [TestNG-test=RetryMultipleFailedTestcases-4] INFO  c_testCases.F7_PDFTC - Finished verify_WithSomeTextEdit_GeneratePDF
10:08:56.573 [TestNG-test=RetryMultipleFailedTestcases-3] INFO  c_testCases.F8_TrackChangesTC - Switched to default content.
10:08:57.125 [TestNG-test=RetryMultipleFailedTestcases-1] INFO  c_testCases.F8_TrackChangesTC - Switched to default content.
10:08:58.390 [TestNG-test=RetryMultipleFailedTestcases-2] INFO  c_testCases.F7_PDFTC - Added an entity reference.
10:09:02.343 [TestNG-test=RetryMultipleFailedTestcases-3] INFO  c_testCases.F8_TrackChangesTC - Clicked on track changes.
10:09:03.009 [TestNG-test=RetryMultipleFailedTestcases-3] INFO  c_testCases.F8_TrackChangesTC - Clicked on Track changes Accept Change.
10:09:04.130 [TestNG-test=RetryMultipleFailedTestcases-1] INFO  c_testCases.F8_TrackChangesTC - Clicked on track changes.
10:09:05.359 [TestNG-test=RetryMultipleFailedTestcases-1] INFO  c_testCases.F8_TrackChangesTC - Clicked on Track changes Accept Change.
10:09:16.168 [TestNG-test=RetryMultipleFailedTestcases-2] INFO  c_testCases.F7_PDFTC - Starting verify_CombinationElements_GeneratePDF
10:09:43.919 [TestNG-test=RetryMultipleFailedTestcases-4] INFO  c_testCases.F8_TrackChangesTC - Logged in and searched for a file, then clicked Edit.
