18:10:46.143 [TestNG-test=RetryMultipleFailedTestcases-204] INFO  Sameera_Testcases.Ai_GuidedAuthoringTC - Starting verify_AddingList_InsertInto_InPara ..
18:10:46.154 [TestNG-test=RetryMultipleFailedTestcases-207] INFO  Sameera_Testcases.Ai_GuidedAuthoringTC - Starting verify_ContentBlock ..
18:10:46.153 [TestNG-test=RetryMultipleFailedTestcases-206] INFO  Sameera_Testcases.Ai_GuidedAuthoringTC - Starting verify_InsertInTo_Options ..
18:10:46.152 [TestNG-test=RetryMultipleFailedTestcases-205] INFO  Sameera_Testcases.Ai_GuidedAuthoringTC - Starting verify_AddingList_InsertInto_InPara ..
18:10:46.159 [TestNG-test=RetryMultipleFailedTestcases-204] INFO  Sameera_Testcases.Ai_GuidedAuthoringTC - Logged in, searched for a file, and clicked Edit.
18:10:46.160 [TestNG-test=RetryMultipleFailedTestcases-205] INFO  Sameera_Testcases.Ai_GuidedAuthoringTC - Logged in, searched for a file, and clicked Edit.
18:10:46.160 [TestNG-test=RetryMultipleFailedTestcases-206] INFO  Sameera_Testcases.Ai_GuidedAuthoringTC - Logged in, searched for a file, and clicked Edit.
18:10:46.160 [TestNG-test=RetryMultipleFailedTestcases-207] INFO  Sameera_Testcases.Ai_GuidedAuthoringTC - Logged in, searched for a file, and clicked Edit.
18:10:46.171 [TestNG-test=RetryMultipleFailedTestcases-206] INFO  Sameera_Testcases.Ai_GuidedAuthoringTC - Starting verify_InsertInTo_Options ..
18:10:46.171 [TestNG-test=RetryMultipleFailedTestcases-207] INFO  Sameera_Testcases.Ai_GuidedAuthoringTC - Starting verify_ContentBlock ..
18:10:46.172 [TestNG-test=RetryMultipleFailedTestcases-206] INFO  Sameera_Testcases.Ai_GuidedAuthoringTC - Logged in, searched for a file, and clicked Edit.
18:10:46.172 [TestNG-test=RetryMultipleFailedTestcases-207] INFO  Sameera_Testcases.Ai_GuidedAuthoringTC - Logged in, searched for a file, and clicked Edit.
18:10:46.174 [TestNG-test=RetryMultipleFailedTestcases-204] INFO  Sameera_Testcases.Ai_GuidedAuthoringTC - Starting verify_AddingList_InsertInto_InPara ..
18:10:46.174 [TestNG-test=RetryMultipleFailedTestcases-205] INFO  Sameera_Testcases.Ai_GuidedAuthoringTC - Starting verify_AddingList_InsertInto_InPara ..
18:10:46.175 [TestNG-test=RetryMultipleFailedTestcases-204] INFO  Sameera_Testcases.Ai_GuidedAuthoringTC - Logged in, searched for a file, and clicked Edit.
18:10:46.177 [TestNG-test=RetryMultipleFailedTestcases-205] INFO  Sameera_Testcases.Ai_GuidedAuthoringTC - Logged in, searched for a file, and clicked Edit.
18:10:46.179 [TestNG-test=RetryMultipleFailedTestcases-208] INFO  Sameera_Testcases.Ai_GuidedAuthoringTC - Starting verify_RightClick_SearchOptions ..
18:10:46.180 [TestNG-test=RetryMultipleFailedTestcases-208] INFO  Sameera_Testcases.Ai_GuidedAuthoringTC - Logged in, searched for a file, and clicked Edit.
18:10:46.181 [TestNG-test=RetryMultipleFailedTestcases-210] INFO  Sameera_Testcases.Aj_DocumentStructureTC - Starting verify_ContentBlock_Collapse ..
18:10:46.182 [TestNG-test=RetryMultipleFailedTestcases-209] INFO  Sameera_Testcases.Aj_DocumentStructureTC - Starting verify_ContentBlock_Collapse_Tooltip ..
18:10:46.182 [TestNG-test=RetryMultipleFailedTestcases-208] INFO  Sameera_Testcases.Ai_GuidedAuthoringTC - Starting verify_RightClick_SearchOptions ..
18:10:46.182 [TestNG-test=RetryMultipleFailedTestcases-210] INFO  Sameera_Testcases.Aj_DocumentStructureTC - Logged in, searched for a file, and clicked Edit.
18:10:46.182 [TestNG-test=RetryMultipleFailedTestcases-208] INFO  Sameera_Testcases.Ai_GuidedAuthoringTC - Logged in, searched for a file, and clicked Edit.
18:10:46.183 [TestNG-test=RetryMultipleFailedTestcases-209] INFO  Sameera_Testcases.Aj_DocumentStructureTC - Logged in, searched for a file, and clicked Edit.
18:10:46.184 [TestNG-test=RetryMultipleFailedTestcases-211] INFO  Sameera_Testcases.Aj_DocumentStructureTC - Starting verify_ContentBlock_Collapse_Tooltip ..
18:10:46.185 [TestNG-test=RetryMultipleFailedTestcases-211] INFO  Sameera_Testcases.Aj_DocumentStructureTC - Logged in, searched for a file, and clicked Edit.
18:10:46.186 [TestNG-test=RetryMultipleFailedTestcases-212] INFO  Sameera_Testcases.Aj_DocumentStructureTC - Starting verify_EditorArea_Highlighted ..
18:10:46.187 [TestNG-test=RetryMultipleFailedTestcases-212] INFO  Sameera_Testcases.Aj_DocumentStructureTC - Logged in, searched for a file, and clicked Edit.
18:10:46.190 [TestNG-test=RetryMultipleFailedTestcases-210] INFO  Sameera_Testcases.Aj_DocumentStructureTC - Starting verify_ContentBlock_Collapse ..
18:10:46.190 [TestNG-test=RetryMultipleFailedTestcases-209] INFO  Sameera_Testcases.Aj_DocumentStructureTC - Starting verify_ContentBlock_Collapse_Tooltip ..
18:10:46.190 [TestNG-test=RetryMultipleFailedTestcases-211] INFO  Sameera_Testcases.Aj_DocumentStructureTC - Starting verify_ContentBlock_Collapse_Tooltip ..
18:10:46.190 [TestNG-test=RetryMultipleFailedTestcases-210] INFO  Sameera_Testcases.Aj_DocumentStructureTC - Logged in, searched for a file, and clicked Edit.
18:10:46.190 [TestNG-test=RetryMultipleFailedTestcases-212] INFO  Sameera_Testcases.Aj_DocumentStructureTC - Starting verify_EditorArea_Highlighted ..
18:10:46.191 [TestNG-test=RetryMultipleFailedTestcases-211] INFO  Sameera_Testcases.Aj_DocumentStructureTC - Logged in, searched for a file, and clicked Edit.
18:10:46.193 [TestNG-test=RetryMultipleFailedTestcases-209] INFO  Sameera_Testcases.Aj_DocumentStructureTC - Logged in, searched for a file, and clicked Edit.
18:10:46.193 [TestNG-test=RetryMultipleFailedTestcases-212] INFO  Sameera_Testcases.Aj_DocumentStructureTC - Logged in, searched for a file, and clicked Edit.
18:10:46.196 [TestNG-test=RetryMultipleFailedTestcases-213] INFO  Sameera_Testcases.Aj_DocumentStructureTC - Starting verify_AddingList_InsertInto_InCB ..
18:10:46.196 [TestNG-test=RetryMultipleFailedTestcases-213] INFO  Sameera_Testcases.Aj_DocumentStructureTC - Logged in, searched for a file, and clicked Edit.
18:10:46.197 [TestNG-test=RetryMultipleFailedTestcases-214] INFO  Sameera_Testcases.Aj_DocumentStructureTC - Starting delete_ContentBlockPara_AcceptChange ..
18:10:46.198 [TestNG-test=RetryMultipleFailedTestcases-215] INFO  Sameera_Testcases.Aj_DocumentStructureTC - Starting verify_ContentBlock ..
18:10:46.198 [TestNG-test=RetryMultipleFailedTestcases-213] INFO  Sameera_Testcases.Aj_DocumentStructureTC - Starting verify_AddingList_InsertInto_InCB ..
18:10:46.198 [TestNG-test=RetryMultipleFailedTestcases-215] INFO  Sameera_Testcases.Aj_DocumentStructureTC - Logged in, searched for a file, and clicked Edit.
18:10:46.198 [TestNG-test=RetryMultipleFailedTestcases-213] INFO  Sameera_Testcases.Aj_DocumentStructureTC - Logged in, searched for a file, and clicked Edit.
18:10:46.199 [TestNG-test=RetryMultipleFailedTestcases-214] INFO  Sameera_Testcases.Aj_DocumentStructureTC - Logged in, searched for a file, and clicked Edit.
18:10:46.201 [TestNG-test=RetryMultipleFailedTestcases-215] INFO  Sameera_Testcases.Aj_DocumentStructureTC - Starting verify_ContentBlock ..
18:10:46.202 [TestNG-test=RetryMultipleFailedTestcases-214] INFO  Sameera_Testcases.Aj_DocumentStructureTC - Starting delete_ContentBlockPara_AcceptChange ..
18:10:46.203 [TestNG-test=RetryMultipleFailedTestcases-215] INFO  Sameera_Testcases.Aj_DocumentStructureTC - Logged in, searched for a file, and clicked Edit.
18:10:46.203 [TestNG-test=RetryMultipleFailedTestcases-214] INFO  Sameera_Testcases.Aj_DocumentStructureTC - Logged in, searched for a file, and clicked Edit.
18:10:46.216 [TestNG-test=RetryMultipleFailedTestcases-222] INFO  Sameera_Testcases.Ak_EnterKeyTC - ****    Starting --> paraTC    ****
18:10:46.224 [TestNG-test=RetryMultipleFailedTestcases-225] INFO  Sameera_Testcases.Ak_EnterKeyTC - ****    Starting --> paraTC    ****
18:10:46.227 [TestNG-test=RetryMultipleFailedTestcases-222] INFO  Sameera_Testcases.Ak_EnterKeyTC - ****    Starting --> paraTC    ****
18:10:46.230 [TestNG-test=RetryMultipleFailedTestcases-225] INFO  Sameera_Testcases.Ak_EnterKeyTC - ****    Starting --> paraTC    ****
18:10:46.233 [TestNG-test=RetryMultipleFailedTestcases-227] INFO  Sameera_Testcases.Ak_EnterKeyTC - Starting TC051_verifyRemoveContentAcceptChangeTB
18:10:46.233 [TestNG-test=RetryMultipleFailedTestcases-228] INFO  Sameera_Testcases.Ak_EnterKeyTC - Logged in and searched for a file, then clicked Edit.
18:10:46.235 [TestNG-test=RetryMultipleFailedTestcases-227] INFO  Sameera_Testcases.Ak_EnterKeyTC - Logged in and searched for a file, then clicked Edit.
18:10:46.236 [TestNG-test=RetryMultipleFailedTestcases-228] INFO  Sameera_Testcases.Ak_EnterKeyTC - Logged in and searched for a file, then clicked Edit.
18:10:46.236 [TestNG-test=RetryMultipleFailedTestcases-229] INFO  Sameera_Testcases.Ak_EnterKeyTC - Starting TC051_verifyRemoveContentAcceptChangeTB
18:10:46.236 [TestNG-test=RetryMultipleFailedTestcases-229] INFO  Sameera_Testcases.Ak_EnterKeyTC - Logged in and searched for a file, then clicked Edit.
18:10:46.237 [TestNG-test=RetryMultipleFailedTestcases-227] INFO  Sameera_Testcases.Ak_EnterKeyTC - Starting TC051_verifyRemoveContentAcceptChangeTB
18:10:46.237 [TestNG-test=RetryMultipleFailedTestcases-227] INFO  Sameera_Testcases.Ak_EnterKeyTC - Logged in and searched for a file, then clicked Edit.
18:10:46.239 [TestNG-test=RetryMultipleFailedTestcases-229] INFO  Sameera_Testcases.Ak_EnterKeyTC - Starting TC051_verifyRemoveContentAcceptChangeTB
18:10:46.239 [TestNG-test=RetryMultipleFailedTestcases-229] INFO  Sameera_Testcases.Ak_EnterKeyTC - Logged in and searched for a file, then clicked Edit.
18:10:46.241 [TestNG-test=RetryMultipleFailedTestcases-231] INFO  BasicEditingTC.F9_FootnoteTC - Logged in and searched for a file, then clicked Edit.
18:10:46.240 [TestNG-test=RetryMultipleFailedTestcases-230] INFO  Sameera_Testcases.Ak_EnterKeyTC - Starting verify_Insert_Table
18:10:46.243 [TestNG-test=RetryMultipleFailedTestcases-230] INFO  Sameera_Testcases.Ak_EnterKeyTC - Logged in, searched for a file, and clicked Edit.
18:10:46.245 [TestNG-test=RetryMultipleFailedTestcases-232] INFO  Sameera_Testcases.Am_UndoRedoTC - Logged in and searched for a file, then clicked Edit.
18:10:46.245 [TestNG-test=RetryMultipleFailedTestcases-233] INFO  Sameera_Testcases.Am_UndoRedoTC - Logged in and searched for a file, then clicked Edit.
18:10:46.246 [TestNG-test=RetryMultipleFailedTestcases-230] INFO  Sameera_Testcases.Ak_EnterKeyTC - Starting verify_Insert_Table
18:10:46.248 [TestNG-test=RetryMultipleFailedTestcases-230] INFO  Sameera_Testcases.Ak_EnterKeyTC - Logged in, searched for a file, and clicked Edit.
18:10:46.248 [TestNG-test=RetryMultipleFailedTestcases-231] INFO  BasicEditingTC.F9_FootnoteTC - Logged in and searched for a file, then clicked Edit.
18:10:46.251 [TestNG-test=RetryMultipleFailedTestcases-232] INFO  Sameera_Testcases.Am_UndoRedoTC - Logged in and searched for a file, then clicked Edit.
18:10:46.252 [TestNG-test=RetryMultipleFailedTestcases-233] INFO  Sameera_Testcases.Am_UndoRedoTC - Logged in and searched for a file, then clicked Edit.
18:10:46.256 [TestNG-test=RetryMultipleFailedTestcases-234] INFO  Sameera_Testcases.Am_UndoRedoTC - Logged in and searched for a file, then clicked Edit.
18:10:46.256 [TestNG-test=RetryMultipleFailedTestcases-237] INFO  Sameera_Testcases.Am_UndoRedoTC - Starting test TC042_verifyRedoExistingContent.
18:10:46.260 [TestNG-test=RetryMultipleFailedTestcases-234] INFO  Sameera_Testcases.Am_UndoRedoTC - Logged in and searched for a file, then clicked Edit.
18:10:46.259 [TestNG-test=RetryMultipleFailedTestcases-235] INFO  Sameera_Testcases.Am_UndoRedoTC - Logged in and searched for a file, then clicked Edit.
18:10:46.260 [TestNG-test=RetryMultipleFailedTestcases-236] INFO  Sameera_Testcases.An_CutCopyPasteTC - Starting TC001_verifyCopyPasteExistingContent ..
18:10:46.264 [TestNG-test=RetryMultipleFailedTestcases-236] INFO  Sameera_Testcases.An_CutCopyPasteTC - Logged in and searched for a file, then clicked Edit.
18:10:46.265 [TestNG-test=RetryMultipleFailedTestcases-235] INFO  Sameera_Testcases.Am_UndoRedoTC - Logged in and searched for a file, then clicked Edit.
18:10:46.267 [TestNG-test=RetryMultipleFailedTestcases-237] INFO  Sameera_Testcases.Am_UndoRedoTC - Starting test TC042_verifyRedoExistingContent.
18:10:46.269 [TestNG-test=RetryMultipleFailedTestcases-238] INFO  Sameera_Testcases.An_CutCopyPasteTC - Starting TC002_verifyCopyPasteExistingContentCheckVE ..
18:10:46.269 [TestNG-test=RetryMultipleFailedTestcases-238] INFO  Sameera_Testcases.An_CutCopyPasteTC - Logged in and searched for a file, then clicked Edit.
18:10:46.271 [TestNG-test=RetryMultipleFailedTestcases-239] INFO  Sameera_Testcases.An_CutCopyPasteTC - Logged in and searched for a file, then clicked Edit.
18:10:46.272 [TestNG-test=RetryMultipleFailedTestcases-236] INFO  Sameera_Testcases.An_CutCopyPasteTC - Starting TC001_verifyCopyPasteExistingContent ..
18:10:46.272 [TestNG-test=RetryMultipleFailedTestcases-236] INFO  Sameera_Testcases.An_CutCopyPasteTC - Logged in and searched for a file, then clicked Edit.
18:10:46.272 [TestNG-test=RetryMultipleFailedTestcases-240] INFO  Sameera_Testcases.An_CutCopyPasteTC - Logged in and searched for a file, then clicked Edit.
18:10:46.273 [TestNG-test=RetryMultipleFailedTestcases-238] INFO  Sameera_Testcases.An_CutCopyPasteTC - Starting TC002_verifyCopyPasteExistingContentCheckVE ..
18:10:46.273 [TestNG-test=RetryMultipleFailedTestcases-239] INFO  Sameera_Testcases.An_CutCopyPasteTC - Logged in and searched for a file, then clicked Edit.
18:10:46.273 [TestNG-test=RetryMultipleFailedTestcases-238] INFO  Sameera_Testcases.An_CutCopyPasteTC - Logged in and searched for a file, then clicked Edit.
18:10:46.274 [TestNG-test=RetryMultipleFailedTestcases-240] INFO  Sameera_Testcases.An_CutCopyPasteTC - Logged in and searched for a file, then clicked Edit.
18:10:46.277 [TestNG-test=RetryMultipleFailedTestcases-241] INFO  Sameera_Testcases.An_CutCopyPasteTC - Logged in and searched for a file, then clicked Edit.
18:10:46.278 [TestNG-test=RetryMultipleFailedTestcases-242] INFO  Sameera_Testcases.An_CutCopyPasteTC - Starting TC006_verifyCutPasteExistingContent ..
18:10:46.278 [TestNG-test=RetryMultipleFailedTestcases-242] INFO  Sameera_Testcases.An_CutCopyPasteTC - Logged in and searched for a file, then clicked Edit.
18:10:46.279 [TestNG-test=RetryMultipleFailedTestcases-241] INFO  Sameera_Testcases.An_CutCopyPasteTC - Logged in and searched for a file, then clicked Edit.
18:10:46.279 [TestNG-test=RetryMultipleFailedTestcases-243] INFO  Sameera_Testcases.An_CutCopyPasteTC - Starting TC006_verifyCutPasteExistingContent ..
18:10:46.280 [TestNG-test=RetryMultipleFailedTestcases-243] INFO  Sameera_Testcases.An_CutCopyPasteTC - Logged in and searched for a file, then clicked Edit.
18:10:46.280 [TestNG-test=RetryMultipleFailedTestcases-242] INFO  Sameera_Testcases.An_CutCopyPasteTC - Starting TC006_verifyCutPasteExistingContent ..
18:10:46.280 [TestNG-test=RetryMultipleFailedTestcases-244] INFO  Sameera_Testcases.An_CutCopyPasteTC - Logged in and searched for a file, then clicked Edit.
18:10:46.280 [TestNG-test=RetryMultipleFailedTestcases-242] INFO  Sameera_Testcases.An_CutCopyPasteTC - Logged in and searched for a file, then clicked Edit.
18:10:46.282 [TestNG-test=RetryMultipleFailedTestcases-243] INFO  Sameera_Testcases.An_CutCopyPasteTC - Starting TC006_verifyCutPasteExistingContent ..
18:10:46.282 [TestNG-test=RetryMultipleFailedTestcases-243] INFO  Sameera_Testcases.An_CutCopyPasteTC - Logged in and searched for a file, then clicked Edit.
18:10:46.283 [TestNG-test=RetryMultipleFailedTestcases-244] INFO  Sameera_Testcases.An_CutCopyPasteTC - Logged in and searched for a file, then clicked Edit.
18:10:46.285 [TestNG-test=RetryMultipleFailedTestcases-245] INFO  Sameera_Testcases.An_CutCopyPasteTC - Logged in and searched for a file, then clicked Edit.
18:10:46.285 [TestNG-test=RetryMultipleFailedTestcases-246] INFO  Sameera_Testcases.An_CutCopyPasteTC - Starting TC006_verifyCutPasteExistingContent ..
18:10:46.286 [TestNG-test=RetryMultipleFailedTestcases-246] INFO  Sameera_Testcases.An_CutCopyPasteTC - Logged in and searched for a file, then clicked Edit.
18:10:46.287 [TestNG-test=RetryMultipleFailedTestcases-245] INFO  Sameera_Testcases.An_CutCopyPasteTC - Logged in and searched for a file, then clicked Edit.
18:10:46.287 [TestNG-test=RetryMultipleFailedTestcases-246] INFO  Sameera_Testcases.An_CutCopyPasteTC - Starting TC006_verifyCutPasteExistingContent ..
18:10:46.288 [TestNG-test=RetryMultipleFailedTestcases-246] INFO  Sameera_Testcases.An_CutCopyPasteTC - Logged in and searched for a file, then clicked Edit.
18:10:46.291 [TestNG-test=RetryMultipleFailedTestcases-247] INFO  Sameera_Testcases.Ao_RevisionTC - Starting verifyInsertRevisionToList
18:10:46.291 [TestNG-test=RetryMultipleFailedTestcases-248] INFO  Sameera_Testcases.An_CutCopyPasteTC - Logged in and searched for a file, then clicked Edit.
18:10:46.292 [TestNG-test=RetryMultipleFailedTestcases-247] INFO  Sameera_Testcases.Ao_RevisionTC - Logged in and searched for a file, then clicked Edit.
18:10:46.293 [TestNG-test=RetryMultipleFailedTestcases-248] INFO  Sameera_Testcases.An_CutCopyPasteTC - Logged in and searched for a file, then clicked Edit.
18:10:46.293 [TestNG-test=RetryMultipleFailedTestcases-249] INFO  Sameera_Testcases.Ao_RevisionTC - Starting TC351_verifyRevisionDeletedcolor ..
18:10:46.293 [TestNG-test=RetryMultipleFailedTestcases-250] INFO  Sameera_Testcases.Ao_RevisionTC - Starting TC348_verifyRevisonChanged ..
18:10:46.293 [TestNG-test=RetryMultipleFailedTestcases-249] INFO  Sameera_Testcases.Ao_RevisionTC - Logged in, searched for a file, and clicked Edit.
18:10:46.294 [TestNG-test=RetryMultipleFailedTestcases-250] INFO  Sameera_Testcases.Ao_RevisionTC - Logged in, searched for a file, and clicked Edit.
18:10:46.298 [TestNG-test=RetryMultipleFailedTestcases-247] INFO  Sameera_Testcases.Ao_RevisionTC - Starting verifyInsertRevisionToList
18:10:46.299 [TestNG-test=RetryMultipleFailedTestcases-247] INFO  Sameera_Testcases.Ao_RevisionTC - Logged in and searched for a file, then clicked Edit.
18:10:46.299 [TestNG-test=RetryMultipleFailedTestcases-250] INFO  Sameera_Testcases.Ao_RevisionTC - Starting TC348_verifyRevisonChanged ..
18:10:46.299 [TestNG-test=RetryMultipleFailedTestcases-249] INFO  Sameera_Testcases.Ao_RevisionTC - Starting TC351_verifyRevisionDeletedcolor ..
18:10:46.299 [TestNG-test=RetryMultipleFailedTestcases-250] INFO  Sameera_Testcases.Ao_RevisionTC - Logged in, searched for a file, and clicked Edit.
18:10:46.299 [TestNG-test=RetryMultipleFailedTestcases-249] INFO  Sameera_Testcases.Ao_RevisionTC - Logged in, searched for a file, and clicked Edit.
18:10:46.305 [TestNG-test=RetryMultipleFailedTestcases-254] INFO  Elements_Testcases.Bc_FootnoteTC - Logged in and searched for a file, then clicked Edit.
18:10:46.309 [TestNG-test=RetryMultipleFailedTestcases-254] INFO  Elements_Testcases.Bc_FootnoteTC - Logged in and searched for a file, then clicked Edit.
18:10:46.313 [TestNG-test=RetryMultipleFailedTestcases-257] INFO  Elements_Testcases.Bc_FootnoteTC - Logged in and searched for a file, then clicked Edit.
18:10:46.314 [TestNG-test=RetryMultipleFailedTestcases-256] INFO  Elements_Testcases.Bc_FootnoteTC - Logged in and searched for a file, then clicked Edit.
18:10:46.316 [TestNG-test=RetryMultipleFailedTestcases-258] INFO  Elements_Testcases.Bc_FootnoteTC - Starting TC325_verifyFootnoteRemoveElementBlockCB
18:10:46.316 [TestNG-test=RetryMultipleFailedTestcases-257] INFO  Elements_Testcases.Bc_FootnoteTC - Logged in and searched for a file, then clicked Edit.
18:10:46.317 [TestNG-test=RetryMultipleFailedTestcases-256] INFO  Elements_Testcases.Bc_FootnoteTC - Logged in and searched for a file, then clicked Edit.
18:10:46.317 [TestNG-test=RetryMultipleFailedTestcases-258] INFO  Elements_Testcases.Bc_FootnoteTC - Logged in and searched for a file, then clicked Edit.
18:10:46.321 [TestNG-test=RetryMultipleFailedTestcases-259] INFO  sprint6_TestCases.HK_MediaObjectTC - Starting the test TC177_verify_AddMediaObjectDelete_AcceptChange
18:10:46.321 [TestNG-test=RetryMultipleFailedTestcases-258] INFO  Elements_Testcases.Bc_FootnoteTC - Starting TC325_verifyFootnoteRemoveElementBlockCB
18:10:46.322 [TestNG-test=RetryMultipleFailedTestcases-259] INFO  sprint6_TestCases.HK_MediaObjectTC - Logged in and searched for the file, then clicked on edit.
18:10:46.322 [TestNG-test=RetryMultipleFailedTestcases-258] INFO  Elements_Testcases.Bc_FootnoteTC - Logged in and searched for a file, then clicked Edit.
18:10:46.324 [TestNG-test=RetryMultipleFailedTestcases-259] INFO  sprint6_TestCases.HK_MediaObjectTC - Starting the test TC177_verify_AddMediaObjectDelete_AcceptChange
18:10:46.324 [TestNG-test=RetryMultipleFailedTestcases-259] INFO  sprint6_TestCases.HK_MediaObjectTC - Logged in and searched for the file, then clicked on edit.
18:29:34.738 [TestNG-test=RetryMultipleFailedTestcases-45] INFO  Sameera_Testcases.Ah_FootnoteTC - Logged in and searched for a file, then clicked Edit.
18:29:34.738 [TestNG-test=RetryMultipleFailedTestcases-48] INFO  Sameera_Testcases.Ah_FootnoteTC - Logged in and searched for a file, then clicked Edit.
18:29:34.747 [TestNG-test=RetryMultipleFailedTestcases-50] INFO  Sameera_Testcases.Ah_FootnoteTC - Logged in and searched for a file, then clicked Edit.
18:29:34.753 [TestNG-test=RetryMultipleFailedTestcases-45] INFO  Sameera_Testcases.Ah_FootnoteTC - Logged in and searched for a file, then clicked Edit.
18:29:34.754 [TestNG-test=RetryMultipleFailedTestcases-48] INFO  Sameera_Testcases.Ah_FootnoteTC - Logged in and searched for a file, then clicked Edit.
18:29:34.760 [TestNG-test=RetryMultipleFailedTestcases-50] INFO  Sameera_Testcases.Ah_FootnoteTC - Logged in and searched for a file, then clicked Edit.
18:29:34.760 [TestNG-test=RetryMultipleFailedTestcases-53] INFO  Sameera_Testcases.Ah_FootnoteTC - Logged in and searched for a file, then clicked Edit.
18:29:34.761 [TestNG-test=RetryMultipleFailedTestcases-52] INFO  Sameera_Testcases.Ah_FootnoteTC - Starting TC325_verifyFootnoteRemoveElementBlockCB
18:29:34.762 [TestNG-test=RetryMultipleFailedTestcases-52] INFO  Sameera_Testcases.Ah_FootnoteTC - Logged in and searched for a file, then clicked Edit.
18:29:34.764 [TestNG-test=RetryMultipleFailedTestcases-53] INFO  Sameera_Testcases.Ah_FootnoteTC - Logged in and searched for a file, then clicked Edit.
18:29:34.765 [TestNG-test=RetryMultipleFailedTestcases-52] INFO  Sameera_Testcases.Ah_FootnoteTC - Starting TC325_verifyFootnoteRemoveElementBlockCB
18:29:34.766 [TestNG-test=RetryMultipleFailedTestcases-52] INFO  Sameera_Testcases.Ah_FootnoteTC - Logged in and searched for a file, then clicked Edit.
18:29:34.781 [TestNG-test=RetryMultipleFailedTestcases-60] INFO  Sameera_Testcases.Ae_ImageTC - Starting the test TC177_verify_AddMediaObjectDelete_AcceptChange
18:29:34.781 [TestNG-test=RetryMultipleFailedTestcases-60] INFO  Sameera_Testcases.Ae_ImageTC - Logged in and searched for the file, then clicked on edit.
18:29:34.788 [TestNG-test=RetryMultipleFailedTestcases-60] INFO  Sameera_Testcases.Ae_ImageTC - Starting the test TC177_verify_AddMediaObjectDelete_AcceptChange
18:29:34.789 [TestNG-test=RetryMultipleFailedTestcases-60] INFO  Sameera_Testcases.Ae_ImageTC - Logged in and searched for the file, then clicked on edit.
18:29:34.805 [TestNG-test=RetryMultipleFailedTestcases-69] INFO  Sameera_Testcases.Ae_ImageTC - Starting the test TC177_verify_AddMediaObjectDelete_AcceptChange
18:29:34.806 [TestNG-test=RetryMultipleFailedTestcases-69] INFO  Sameera_Testcases.Ae_ImageTC - Logged in and searched for the file, then clicked on edit.
18:29:34.809 [TestNG-test=RetryMultipleFailedTestcases-69] INFO  Sameera_Testcases.Ae_ImageTC - Starting the test TC177_verify_AddMediaObjectDelete_AcceptChange
18:29:34.809 [TestNG-test=RetryMultipleFailedTestcases-69] INFO  Sameera_Testcases.Ae_ImageTC - Logged in and searched for the file, then clicked on edit.
18:29:34.824 [TestNG-test=RetryMultipleFailedTestcases-75] INFO  Sameera_Testcases.Ae_ImageTC - Logged in and searched for the file, then clicked Edit.
18:29:34.834 [TestNG-test=RetryMultipleFailedTestcases-78] INFO  Sameera_Testcases.AL_TrackChangesTC - Starting TC049_verifyAddContentAcceptChangeTB
18:29:34.834 [TestNG-test=RetryMultipleFailedTestcases-78] INFO  Sameera_Testcases.AL_TrackChangesTC - Logged in and searched for a file, then clicked Edit.
18:29:34.837 [TestNG-test=RetryMultipleFailedTestcases-75] INFO  Sameera_Testcases.Ae_ImageTC - Logged in and searched for the file, then clicked Edit.
18:29:34.842 [TestNG-test=RetryMultipleFailedTestcases-80] INFO  Sameera_Testcases.AL_TrackChangesTC - Starting TC050_verifyAddContentRejectChangeTB
18:29:34.843 [TestNG-test=RetryMultipleFailedTestcases-80] INFO  Sameera_Testcases.AL_TrackChangesTC - Logged in and searched for a file, then clicked Edit.
18:29:34.845 [TestNG-test=RetryMultipleFailedTestcases-82] INFO  Sameera_Testcases.AL_TrackChangesTC - Starting TC105_verifyAddContentShowHideDisableTrackChangePanel
18:29:34.845 [TestNG-test=RetryMultipleFailedTestcases-80] INFO  Sameera_Testcases.AL_TrackChangesTC - Starting TC050_verifyAddContentRejectChangeTB
18:29:34.846 [TestNG-test=RetryMultipleFailedTestcases-78] INFO  Sameera_Testcases.AL_TrackChangesTC - Starting TC049_verifyAddContentAcceptChangeTB
18:29:34.846 [TestNG-test=RetryMultipleFailedTestcases-81] INFO  Sameera_Testcases.AL_TrackChangesTC - Starting TC051_verifyRemoveContentAcceptChangeTB
18:29:34.846 [TestNG-test=RetryMultipleFailedTestcases-82] INFO  Sameera_Testcases.AL_TrackChangesTC - Logged in and searched for a file, then clicked Edit.
18:29:34.848 [TestNG-test=RetryMultipleFailedTestcases-78] INFO  Sameera_Testcases.AL_TrackChangesTC - Logged in and searched for a file, then clicked Edit.
18:29:34.849 [TestNG-test=RetryMultipleFailedTestcases-80] INFO  Sameera_Testcases.AL_TrackChangesTC - Logged in and searched for a file, then clicked Edit.
18:29:34.849 [TestNG-test=RetryMultipleFailedTestcases-81] INFO  Sameera_Testcases.AL_TrackChangesTC - Logged in and searched for a file, then clicked Edit.
18:29:34.852 [TestNG-test=RetryMultipleFailedTestcases-81] INFO  Sameera_Testcases.AL_TrackChangesTC - Starting TC051_verifyRemoveContentAcceptChangeTB
18:29:34.853 [TestNG-test=RetryMultipleFailedTestcases-81] INFO  Sameera_Testcases.AL_TrackChangesTC - Logged in and searched for a file, then clicked Edit.
18:29:34.858 [TestNG-test=RetryMultipleFailedTestcases-82] INFO  Sameera_Testcases.AL_TrackChangesTC - Starting TC105_verifyAddContentShowHideDisableTrackChangePanel
18:29:34.859 [TestNG-test=RetryMultipleFailedTestcases-82] INFO  Sameera_Testcases.AL_TrackChangesTC - Logged in and searched for a file, then clicked Edit.
14:24:04.322 [TestNG-test=RetryMultipleFailedTestcases-2] INFO  sprint5_TestCases.Af_BoldTC - Starting test TC119_verifyBoldDoubleclickTextInPara.
14:24:04.401 [TestNG-test=RetryMultipleFailedTestcases-3] INFO  sprint5_TestCases.Af_BoldTC - Starting test TC120_verifyBoldPlaceCursorInPara.
14:24:04.490 [TestNG-test=RetryMultipleFailedTestcases-1] INFO  sprint5_TestCases.Af_BoldTC - Starting test TC118_verifyBoldEnabled.
14:24:04.509 [TestNG-test=RetryMultipleFailedTestcases-4] INFO  sprint5_TestCases.Af_BoldTC - Starting test TC121_verifyBoldHilighted.
14:24:25.181 [TestNG-test=RetryMultipleFailedTestcases-2] INFO  sprint5_TestCases.Af_BoldTC - Switching to frame 0.
14:24:25.193 [TestNG-test=RetryMultipleFailedTestcases-2] INFO  sprint5_TestCases.Af_BoldTC - Double-clicking VEFirstPara.
14:24:25.588 [TestNG-test=RetryMultipleFailedTestcases-2] INFO  sprint5_TestCases.Af_BoldTC - Switching to default content.
14:24:25.632 [TestNG-test=RetryMultipleFailedTestcases-2] INFO  sprint5_TestCases.Af_BoldTC - Clicking the BoldPlugin.
14:24:25.853 [TestNG-test=RetryMultipleFailedTestcases-2] INFO  sprint5_TestCases.Af_BoldTC - Checking if BoldPlugin is enabled in Content Block.
14:24:26.057 [TestNG-test=RetryMultipleFailedTestcases-4] INFO  sprint5_TestCases.Af_BoldTC - Checking if BoldPlugin is displayed.
14:24:26.112 [TestNG-test=RetryMultipleFailedTestcases-4] INFO  sprint5_TestCases.Af_BoldTC - Background color of Bold before hover: rgba(0, 0, 0, 0)
14:24:26.246 [TestNG-test=RetryMultipleFailedTestcases-4] INFO  sprint5_TestCases.Af_BoldTC - Background color of Bold after hover: rgba(215, 239, 255, 1)
14:24:26.247 [TestNG-test=RetryMultipleFailedTestcases-4] INFO  sprint5_TestCases.Af_BoldTC - Test TC121_verifyBoldHilighted completed.
14:24:26.599 [TestNG-test=RetryMultipleFailedTestcases-1] INFO  sprint5_TestCases.Af_BoldTC - Checking if BoldPlugin is disabled.
14:24:26.645 [TestNG-test=RetryMultipleFailedTestcases-2] INFO  sprint5_TestCases.Af_BoldTC - Test TC119_verifyBoldDoubleclickTextInPara completed.
14:24:26.968 [TestNG-test=RetryMultipleFailedTestcases-1] INFO  sprint5_TestCases.Af_BoldTC - Checking if BoldPlugin is displayed.
14:24:27.572 [TestNG-test=RetryMultipleFailedTestcases-1] INFO  sprint5_TestCases.Af_BoldTC - Test TC118_verifyBoldEnabled completed.
14:24:29.939 [TestNG-test=RetryMultipleFailedTestcases-4] INFO  sprint5_TestCases.Af_BoldTC - Starting test TC122_verifyBoldPluginDisable.
14:24:30.372 [TestNG-test=RetryMultipleFailedTestcases-2] INFO  sprint5_TestCases.Af_BoldTC - Starting test TC123_verifyBoldInRightClick.
14:24:31.228 [TestNG-test=RetryMultipleFailedTestcases-1] INFO  sprint5_TestCases.Af_BoldTC - Starting test TC124_verifyBoldCopyPaste.
14:24:50.151 [TestNG-test=RetryMultipleFailedTestcases-2] INFO  sprint5_TestCases.Af_BoldTC - Switching to frame 0.
14:24:50.166 [TestNG-test=RetryMultipleFailedTestcases-2] INFO  sprint5_TestCases.Af_BoldTC - Performing click and contextClick actions on VEFirstPara.
14:24:50.683 [TestNG-test=RetryMultipleFailedTestcases-1] INFO  sprint5_TestCases.Af_BoldTC - Switching to frame 0.
14:24:51.005 [TestNG-test=RetryMultipleFailedTestcases-2] INFO  sprint5_TestCases.Af_BoldTC - Switching to default content.
14:24:51.018 [TestNG-test=RetryMultipleFailedTestcases-2] INFO  sprint5_TestCases.Af_BoldTC - Switching to frame 1.
14:24:51.020 [TestNG-test=RetryMultipleFailedTestcases-1] INFO  sprint5_TestCases.Af_BoldTC - Switching to default content.
14:24:51.026 [TestNG-test=RetryMultipleFailedTestcases-1] INFO  sprint5_TestCases.Af_BoldTC - Clicking the BoldPlugin.
14:24:51.164 [TestNG-test=RetryMultipleFailedTestcases-1] INFO  sprint5_TestCases.Af_BoldTC - Switching back to frame 0.
14:24:51.198 [TestNG-test=RetryMultipleFailedTestcases-1] INFO  sprint5_TestCases.Af_BoldTC - Performing Ctrl+C (Copy) operation.
14:24:51.221 [TestNG-test=RetryMultipleFailedTestcases-1] INFO  sprint5_TestCases.Af_BoldTC - Clicking the second paragraph.
14:24:51.506 [TestNG-test=RetryMultipleFailedTestcases-1] INFO  sprint5_TestCases.Af_BoldTC - Performing Ctrl+V (Paste) operation.
14:24:52.042 [TestNG-test=RetryMultipleFailedTestcases-2] INFO  sprint5_TestCases.Af_BoldTC - Switching to default content.
14:24:52.438 [TestNG-test=RetryMultipleFailedTestcases-2] INFO  sprint5_TestCases.Af_BoldTC - Clicking the RHSInsertButton.
14:24:52.478 [TestNG-test=RetryMultipleFailedTestcases-1] INFO  sprint5_TestCases.Af_BoldTC - Switching to the alert and accepting it.
14:24:52.478 [TestNG-test=RetryMultipleFailedTestcases-1] INFO  sprint5_TestCases.Af_BoldTC - Switching to default content.
14:24:52.524 [TestNG-test=RetryMultipleFailedTestcases-1] INFO  sprint5_TestCases.Af_BoldTC - Verifying if the copied/pasted emphasis is 'b'.
14:24:52.555 [TestNG-test=RetryMultipleFailedTestcases-1] INFO  sprint5_TestCases.Af_BoldTC - Test TC124_verifyBoldCopyPaste completed.
14:24:52.874 [TestNG-test=RetryMultipleFailedTestcases-2] INFO  sprint5_TestCases.Af_BoldTC - Switching to frame 0.
14:24:52.874 [TestNG-test=RetryMultipleFailedTestcases-2] INFO  sprint5_TestCases.Af_BoldTC - Checking if BoldPlugin is enabled in Visual Editor.
14:24:52.903 [TestNG-test=RetryMultipleFailedTestcases-2] INFO  sprint5_TestCases.Af_BoldTC - Test TC123_verifyBoldInRightClick completed.
14:24:56.089 [TestNG-test=RetryMultipleFailedTestcases-1] INFO  sprint5_TestCases.Af_BoldTC - Starting test TC126_verifyBoldSelectingContent.
14:24:56.537 [TestNG-test=RetryMultipleFailedTestcases-2] INFO  sprint5_TestCases.Af_BoldTC - Starting test TC127_verifyBoldInNewLine.
14:25:15.918 [TestNG-test=RetryMultipleFailedTestcases-2] INFO  sprint5_TestCases.Af_BoldTC - Switching to frame 0.
14:25:15.929 [TestNG-test=RetryMultipleFailedTestcases-2] INFO  sprint5_TestCases.Af_BoldTC - Clicking VEFirstPara.
14:25:16.409 [TestNG-test=RetryMultipleFailedTestcases-2] INFO  sprint5_TestCases.Af_BoldTC - Switching to default content.
14:25:16.433 [TestNG-test=RetryMultipleFailedTestcases-2] INFO  sprint5_TestCases.Af_BoldTC - Clicking the BoldPlugin.
14:25:16.494 [TestNG-test=RetryMultipleFailedTestcases-1] INFO  sprint5_TestCases.Af_BoldTC - Clicking the BoldPlugin.
14:25:16.664 [TestNG-test=RetryMultipleFailedTestcases-2] INFO  sprint5_TestCases.Af_BoldTC - Clicking AcceptChange.
14:25:16.689 [TestNG-test=RetryMultipleFailedTestcases-1] INFO  sprint5_TestCases.Af_BoldTC - Checking if BoldPlugin is enabled in Content Block.
14:25:16.807 [TestNG-test=RetryMultipleFailedTestcases-2] INFO  sprint5_TestCases.Af_BoldTC - Checking if NewBoldEnabled contains 'b'.
14:25:17.476 [TestNG-test=RetryMultipleFailedTestcases-1] INFO  sprint5_TestCases.Af_BoldTC - Test TC126_verifyBoldSelectingContent completed.
14:25:20.624 [TestNG-test=RetryMultipleFailedTestcases-2] INFO  sprint5_TestCases.Af_BoldTC - Starting test TC127_verifyBoldInNewLine.
14:25:21.066 [TestNG-test=RetryMultipleFailedTestcases-1] INFO  sprint5_TestCases.Af_BoldTC - Starting test TC129_verifyBoldMiddleInPara.
14:25:35.264 [TestNG-test=RetryMultipleFailedTestcases-3] INFO  sprint5_TestCases.Af_BoldTC - Clicking the BoldPlugin.
14:25:35.420 [TestNG-test=RetryMultipleFailedTestcases-3] INFO  sprint5_TestCases.Af_BoldTC - Checking if BoldPlugin is enabled in Content Block.
14:25:36.012 [TestNG-test=RetryMultipleFailedTestcases-3] INFO  sprint5_TestCases.Af_BoldTC - Test TC120_verifyBoldPlaceCursorInPara completed.
14:25:39.506 [TestNG-test=RetryMultipleFailedTestcases-3] INFO  sprint5_TestCases.Af_BoldTC - Starting test TC130_verifyBoldInTable.
14:25:41.336 [TestNG-test=RetryMultipleFailedTestcases-1] INFO  sprint5_TestCases.Af_BoldTC - Switching to frame 0.
14:25:41.344 [TestNG-test=RetryMultipleFailedTestcases-1] INFO  sprint5_TestCases.Af_BoldTC - Clicking VEFirstPara.
14:25:41.664 [TestNG-test=RetryMultipleFailedTestcases-1] INFO  sprint5_TestCases.Af_BoldTC - Switching to default content.
14:25:41.715 [TestNG-test=RetryMultipleFailedTestcases-1] INFO  sprint5_TestCases.Af_BoldTC - Clicking the BoldPlugin.
14:25:41.864 [TestNG-test=RetryMultipleFailedTestcases-1] INFO  sprint5_TestCases.Af_BoldTC - Checking if CBBold is selected.
14:25:42.629 [TestNG-test=RetryMultipleFailedTestcases-1] INFO  sprint5_TestCases.Af_BoldTC - Test TC129_verifyBoldMiddleInPara completed.
14:25:45.887 [TestNG-test=RetryMultipleFailedTestcases-2] INFO  sprint5_TestCases.Af_BoldTC - Switching to frame 0.
14:25:45.895 [TestNG-test=RetryMultipleFailedTestcases-2] INFO  sprint5_TestCases.Af_BoldTC - Clicking VEFirstPara.
14:25:45.939 [TestNG-test=RetryMultipleFailedTestcases-1] INFO  sprint5_TestCases.Af_BoldTC - Starting test TC673_verifyBoldInAttribute.
14:25:47.145 [TestNG-test=RetryMultipleFailedTestcases-2] INFO  sprint5_TestCases.Af_BoldTC - Switching to default content.
14:25:47.154 [TestNG-test=RetryMultipleFailedTestcases-2] INFO  sprint5_TestCases.Af_BoldTC - Clicking the BoldPlugin.
14:25:47.262 [TestNG-test=RetryMultipleFailedTestcases-2] INFO  sprint5_TestCases.Af_BoldTC - Clicking AcceptChange.
14:25:47.371 [TestNG-test=RetryMultipleFailedTestcases-2] INFO  sprint5_TestCases.Af_BoldTC - Checking if NewBoldEnabled contains 'b'.
14:26:00.782 [TestNG-test=RetryMultipleFailedTestcases-3] INFO  sprint5_TestCases.Af_BoldTC - Inserting a table using ReusableMethods.
14:26:05.111 [TestNG-test=RetryMultipleFailedTestcases-1] INFO  sprint5_TestCases.Af_BoldTC - Switching to frame 0.
14:26:05.398 [TestNG-test=RetryMultipleFailedTestcases-1] INFO  sprint5_TestCases.Af_BoldTC - Switching to default content.
14:26:05.405 [TestNG-test=RetryMultipleFailedTestcases-1] INFO  sprint5_TestCases.Af_BoldTC - Clicking the BoldPlugin.
14:26:05.515 [TestNG-test=RetryMultipleFailedTestcases-1] INFO  sprint5_TestCases.Af_BoldTC - Checking if AttributePanelDropdown contains 'b'.
14:26:05.562 [TestNG-test=RetryMultipleFailedTestcases-1] INFO  sprint5_TestCases.Af_BoldTC - Checking if BoldEnabledVE contains 'bold'.
14:26:05.580 [TestNG-test=RetryMultipleFailedTestcases-1] INFO  sprint5_TestCases.Af_BoldTC - Test TC673_verifyBoldInAttribute completed.
14:26:09.058 [TestNG-test=RetryMultipleFailedTestcases-1] INFO  sprint5_TestCases.Af_BoldTC - Starting test TC674_verify_BoldInAttributeAndToolBarSync.
14:26:09.950 [TestNG-test=RetryMultipleFailedTestcases-3] INFO  sprint5_TestCases.Af_BoldTC - Starting test TC130_verifyBoldInTable.
14:26:10.947 [TestNG-test=RetryMultipleFailedTestcases-2] INFO  sprint5_TestCases.Af_BoldTC - Starting test TC127_verifyBoldInNewLine.
14:26:29.826 [TestNG-test=RetryMultipleFailedTestcases-1] INFO  sprint5_TestCases.Af_BoldTC - Switching to frame 0.
14:26:30.247 [TestNG-test=RetryMultipleFailedTestcases-1] INFO  sprint5_TestCases.Af_BoldTC - Switching to default content.
14:26:30.268 [TestNG-test=RetryMultipleFailedTestcases-1] INFO  sprint5_TestCases.Af_BoldTC - Clicking the BoldPlugin.
14:26:30.420 [TestNG-test=RetryMultipleFailedTestcases-1] INFO  sprint5_TestCases.Af_BoldTC - Checking if AttributePanelDropdown contains 'b'.
14:26:30.472 [TestNG-test=RetryMultipleFailedTestcases-1] INFO  sprint5_TestCases.Af_BoldTC - Checking if BoldPlugin class ends with 'on'.
14:26:30.491 [TestNG-test=RetryMultipleFailedTestcases-1] INFO  sprint5_TestCases.Af_BoldTC - Test TC674_verify_BoldInAttributeAndToolBarSync completed.
14:26:31.905 [TestNG-test=RetryMultipleFailedTestcases-3] INFO  sprint5_TestCases.Af_BoldTC - Inserting a table using ReusableMethods.
14:26:34.480 [TestNG-test=RetryMultipleFailedTestcases-1] INFO  sprint5_TestCases.Ag_ItalicTC - Starting test TC133_verifyItalicEnabled.
14:26:40.307 [TestNG-test=RetryMultipleFailedTestcases-3] INFO  sprint5_TestCases.Af_BoldTC - Typing 'Hello' in the table cell.
14:26:40.500 [TestNG-test=RetryMultipleFailedTestcases-3] INFO  sprint5_TestCases.Af_BoldTC - Clicking the BoldPlugin.
14:26:40.668 [TestNG-test=RetryMultipleFailedTestcases-3] INFO  sprint5_TestCases.Af_BoldTC - Switching back to frame 0.
14:26:40.688 [TestNG-test=RetryMultipleFailedTestcases-3] INFO  sprint5_TestCases.Af_BoldTC - Verifying if bold emphasis is applied in the table cell.
14:26:40.724 [TestNG-test=RetryMultipleFailedTestcases-3] INFO  sprint5_TestCases.Af_BoldTC - Test TC130_verifyBoldInTable completed.
14:26:44.233 [TestNG-test=RetryMultipleFailedTestcases-3] INFO  sprint5_TestCases.Ag_ItalicTC - Starting test TC134_verifyItalicDoubleclickTextInPara.
14:26:49.296 [TestNG-test=RetryMultipleFailedTestcases-4] INFO  sprint5_TestCases.Af_BoldTC - Switching to frame 0.
14:26:49.620 [TestNG-test=RetryMultipleFailedTestcases-4] INFO  sprint5_TestCases.Af_BoldTC - Switching to default content.
14:26:49.636 [TestNG-test=RetryMultipleFailedTestcases-4] INFO  sprint5_TestCases.Af_BoldTC - Clicking the BoldPlugin.
14:26:49.776 [TestNG-test=RetryMultipleFailedTestcases-4] INFO  sprint5_TestCases.Af_BoldTC - Checking if BoldEnabledCB is enabled.
14:26:50.541 [TestNG-test=RetryMultipleFailedTestcases-4] INFO  sprint5_TestCases.Af_BoldTC - Clicking the BoldPlugin again.
14:26:50.699 [TestNG-test=RetryMultipleFailedTestcases-4] INFO  sprint5_TestCases.Af_BoldTC - Checking if BoldEnabledCB is disabled after clicking again.
14:26:55.124 [TestNG-test=RetryMultipleFailedTestcases-1] INFO  sprint5_TestCases.Ag_ItalicTC - Verifying that ItalicPlugin is initially disabled.
14:26:55.418 [TestNG-test=RetryMultipleFailedTestcases-1] INFO  sprint5_TestCases.Ag_ItalicTC - Verifying that ItalicPlugin is displayed.
14:26:55.474 [TestNG-test=RetryMultipleFailedTestcases-1] INFO  sprint5_TestCases.Ag_ItalicTC - Clicking ItalicPlugin to enable it.
14:26:55.601 [TestNG-test=RetryMultipleFailedTestcases-1] INFO  sprint5_TestCases.Ag_ItalicTC - Verifying ItalicPlugin is turned on.
14:26:55.647 [TestNG-test=RetryMultipleFailedTestcases-1] INFO  sprint5_TestCases.Ag_ItalicTC - Clicking ItalicPlugin to disable it.
14:26:55.829 [TestNG-test=RetryMultipleFailedTestcases-1] INFO  sprint5_TestCases.Ag_ItalicTC - Verifying ItalicPlugin is turned off.
14:26:55.886 [TestNG-test=RetryMultipleFailedTestcases-1] INFO  sprint5_TestCases.Ag_ItalicTC - Test TC133_verifyItalicEnabled completed.
14:26:59.906 [TestNG-test=RetryMultipleFailedTestcases-1] INFO  sprint5_TestCases.Ag_ItalicTC - Starting test TC135_verifyItalicPlaceCursorInPara.
14:27:06.823 [TestNG-test=RetryMultipleFailedTestcases-3] INFO  sprint5_TestCases.Ag_ItalicTC - Double-clicking VEFirstPara.
14:27:07.223 [TestNG-test=RetryMultipleFailedTestcases-3] INFO  sprint5_TestCases.Ag_ItalicTC - Clicking ItalicPlugin to enable it.
14:27:16.768 [TestNG-test=RetryMultipleFailedTestcases-2] INFO  sprint5_TestCases.Af_BoldTC - Switching to frame 0.
14:27:16.776 [TestNG-test=RetryMultipleFailedTestcases-2] INFO  sprint5_TestCases.Af_BoldTC - Clicking VEFirstPara.
14:27:17.194 [TestNG-test=RetryMultipleFailedTestcases-2] INFO  sprint5_TestCases.Af_BoldTC - Switching to default content.
14:27:17.233 [TestNG-test=RetryMultipleFailedTestcases-2] INFO  sprint5_TestCases.Af_BoldTC - Clicking the BoldPlugin.
14:27:17.457 [TestNG-test=RetryMultipleFailedTestcases-2] INFO  sprint5_TestCases.Af_BoldTC - Clicking AcceptChange.
14:27:17.638 [TestNG-test=RetryMultipleFailedTestcases-2] INFO  sprint5_TestCases.Af_BoldTC - Checking if NewBoldEnabled contains 'b'.
14:27:21.198 [TestNG-test=RetryMultipleFailedTestcases-2] INFO  sprint5_TestCases.Af_BoldTC - Starting test TC127_verifyBoldInNewLine.
14:27:43.703 [TestNG-test=RetryMultipleFailedTestcases-2] INFO  sprint5_TestCases.Af_BoldTC - Switching to frame 0.
14:27:43.711 [TestNG-test=RetryMultipleFailedTestcases-2] INFO  sprint5_TestCases.Af_BoldTC - Clicking VEFirstPara.
14:27:44.087 [TestNG-test=RetryMultipleFailedTestcases-2] INFO  sprint5_TestCases.Af_BoldTC - Switching to default content.
14:27:44.126 [TestNG-test=RetryMultipleFailedTestcases-2] INFO  sprint5_TestCases.Af_BoldTC - Clicking the BoldPlugin.
14:27:44.348 [TestNG-test=RetryMultipleFailedTestcases-2] INFO  sprint5_TestCases.Af_BoldTC - Clicking AcceptChange.
14:27:44.465 [TestNG-test=RetryMultipleFailedTestcases-2] INFO  sprint5_TestCases.Af_BoldTC - Checking if NewBoldEnabled contains 'b'.
14:27:48.160 [TestNG-test=RetryMultipleFailedTestcases-2] INFO  sprint5_TestCases.Ag_ItalicTC - Starting test TC136_verifyItalicHilighted.
14:28:07.758 [TestNG-test=RetryMultipleFailedTestcases-2] INFO  sprint5_TestCases.Ag_ItalicTC - Verifying that Italic is displayed.
14:28:07.791 [TestNG-test=RetryMultipleFailedTestcases-2] INFO  sprint5_TestCases.Ag_ItalicTC - Getting the background-color of the ItalicPlugin.
14:28:07.812 [TestNG-test=RetryMultipleFailedTestcases-2] INFO  sprint5_TestCases.Ag_ItalicTC - Moving the mouse to the ItalicPlugin.
14:28:07.939 [TestNG-test=RetryMultipleFailedTestcases-2] INFO  sprint5_TestCases.Ag_ItalicTC - Getting the background-color of the ItalicPlugin after mouse move.
14:28:07.953 [TestNG-test=RetryMultipleFailedTestcases-2] INFO  sprint5_TestCases.Ag_ItalicTC - Verifying that the background-color changed after mouse move.
14:28:07.953 [TestNG-test=RetryMultipleFailedTestcases-2] INFO  sprint5_TestCases.Ag_ItalicTC - Test TC136_verifyItalicHilighted completed.
14:28:11.614 [TestNG-test=RetryMultipleFailedTestcases-2] INFO  sprint5_TestCases.Ag_ItalicTC - Starting test TC137_verifyItalicPluginDisable.
14:28:11.950 [TestNG-test=RetryMultipleFailedTestcases-4] INFO  sprint5_TestCases.Af_BoldTC - Test TC122_verifyBoldPluginDisable completed.
14:28:15.237 [TestNG-test=RetryMultipleFailedTestcases-4] INFO  sprint5_TestCases.Ag_ItalicTC - Starting test TC138_verifyItalicInRightClick.
14:28:31.632 [TestNG-test=RetryMultipleFailedTestcases-2] INFO  sprint5_TestCases.Ag_ItalicTC - Clicking ItalicPlugin to enable it.
14:28:31.962 [TestNG-test=RetryMultipleFailedTestcases-3] INFO  sprint5_TestCases.Ag_ItalicTC - Starting test TC134_verifyItalicDoubleclickTextInPara.
14:28:38.889 [TestNG-test=RetryMultipleFailedTestcases-1] INFO  sprint5_TestCases.Ag_ItalicTC - Starting test TC135_verifyItalicPlaceCursorInPara.
14:28:57.720 [TestNG-test=RetryMultipleFailedTestcases-1] INFO  sprint5_TestCases.Ag_ItalicTC - Clicking the element in the Visual Editor.
14:28:57.991 [TestNG-test=RetryMultipleFailedTestcases-1] INFO  sprint5_TestCases.Ag_ItalicTC - Clicking VEFirstPara.
14:28:58.120 [TestNG-test=RetryMultipleFailedTestcases-1] INFO  sprint5_TestCases.Ag_ItalicTC - Clicking ItalicPlugin to enable it.
14:28:58.804 [TestNG-test=RetryMultipleFailedTestcases-1] INFO  sprint5_TestCases.Ag_ItalicTC - Test TC135_verifyItalicPlaceCursorInPara completed.
14:29:02.011 [TestNG-test=RetryMultipleFailedTestcases-1] INFO  sprint5_TestCases.Ag_ItalicTC - Starting test TC139_verifyItalicCopyPaste.
14:29:17.216 [TestNG-test=RetryMultipleFailedTestcases-4] INFO  sprint5_TestCases.Ag_ItalicTC - Clicking VEInsertInto.
14:29:18.204 [TestNG-test=RetryMultipleFailedTestcases-4] INFO  sprint5_TestCases.Ag_ItalicTC - Clicking InsertInsertIntoB.
14:29:18.653 [TestNG-test=RetryMultipleFailedTestcases-4] INFO  sprint5_TestCases.Ag_ItalicTC - Clicking RHSInsertButton.
14:29:18.972 [TestNG-test=RetryMultipleFailedTestcases-4] INFO  sprint5_TestCases.Ag_ItalicTC - Test TC138_verifyItalicInRightClick completed.
14:29:22.639 [TestNG-test=RetryMultipleFailedTestcases-4] INFO  sprint5_TestCases.Ag_ItalicTC - Starting test TC140_verifyItalicRemoveInContentBlock.
14:29:26.584 [TestNG-test=RetryMultipleFailedTestcases-1] INFO  sprint5_TestCases.Ag_ItalicTC - Clicking ItalicPlugin to enable it.
14:29:28.071 [TestNG-test=RetryMultipleFailedTestcases-1] INFO  sprint5_TestCases.Ag_ItalicTC - Test TC139_verifyItalicCopyPaste completed.
14:29:34.615 [TestNG-test=RetryMultipleFailedTestcases-1] INFO  sprint5_TestCases.Ag_ItalicTC - Starting test TC141_verifyItalicSelectingContent.
14:29:35.750 [TestNG-test=RetryMultipleFailedTestcases-3] INFO  sprint5_TestCases.Ag_ItalicTC - Double-clicking VEFirstPara.
14:29:36.089 [TestNG-test=RetryMultipleFailedTestcases-3] INFO  sprint5_TestCases.Ag_ItalicTC - Clicking ItalicPlugin to enable it.
14:29:37.008 [TestNG-test=RetryMultipleFailedTestcases-3] INFO  sprint5_TestCases.Ag_ItalicTC - Test TC134_verifyItalicDoubleclickTextInPara completed.
14:29:40.313 [TestNG-test=RetryMultipleFailedTestcases-3] INFO  sprint5_TestCases.Ag_ItalicTC - Starting test TC142_verifyItalicInNewLine.
14:29:53.824 [TestNG-test=RetryMultipleFailedTestcases-2] INFO  sprint5_TestCases.Ag_ItalicTC - Test TC137_verifyItalicPluginDisable completed.
14:29:57.206 [TestNG-test=RetryMultipleFailedTestcases-2] INFO  sprint5_TestCases.Ag_ItalicTC - Starting test TC144_verifyItalicMiddleInPara.
14:30:00.217 [TestNG-test=RetryMultipleFailedTestcases-1] INFO  sprint5_TestCases.Ag_ItalicTC - Clicking ItalicPlugin to enable it.
14:30:00.370 [TestNG-test=RetryMultipleFailedTestcases-1] INFO  sprint5_TestCases.Ag_ItalicTC - Verifying that ItalicPlugin is enabled.
14:30:01.153 [TestNG-test=RetryMultipleFailedTestcases-1] INFO  sprint5_TestCases.Ag_ItalicTC - Test TC141_verifyItalicSelectingContent completed.
14:30:04.301 [TestNG-test=RetryMultipleFailedTestcases-3] INFO  sprint5_TestCases.Ag_ItalicTC - Clicking ItalicPlugin to enable it.
14:30:05.723 [TestNG-test=RetryMultipleFailedTestcases-1] INFO  sprint5_TestCases.Ag_ItalicTC - Starting test TC145_verifyItalicInTable.
14:30:09.616 [TestNG-test=RetryMultipleFailedTestcases-3] INFO  sprint5_TestCases.Ag_ItalicTC - Starting test TC142_verifyItalicInNewLine.
14:30:26.278 [TestNG-test=RetryMultipleFailedTestcases-1] INFO  sprint5_TestCases.Ag_ItalicTC - Inserting a table in the content block.
14:30:34.432 [TestNG-test=RetryMultipleFailedTestcases-3] INFO  sprint5_TestCases.Ag_ItalicTC - Clicking ItalicPlugin to enable it.
14:30:34.878 [TestNG-test=RetryMultipleFailedTestcases-1] INFO  sprint5_TestCases.Ag_ItalicTC - Test TC145_verifyItalicInTable completed.
14:30:34.999 [TestNG-test=RetryMultipleFailedTestcases-3] INFO  sprint5_TestCases.Ag_ItalicTC - Test TC142_verifyItalicInNewLine completed.
14:30:38.232 [TestNG-test=RetryMultipleFailedTestcases-3] INFO  sprint5_TestCases.Ag_ItalicTC - Starting test TC676_verifyItalicInAttributeAndToolBarSync.
14:30:38.372 [TestNG-test=RetryMultipleFailedTestcases-1] INFO  sprint5_TestCases.Ag_ItalicTC - Starting test TC675_verifyItalicInAttribute.
14:30:57.305 [TestNG-test=RetryMultipleFailedTestcases-3] INFO  sprint5_TestCases.Ag_ItalicTC - Clicking ItalicPlugin to enable it.
14:30:57.507 [TestNG-test=RetryMultipleFailedTestcases-3] INFO  sprint5_TestCases.Ag_ItalicTC - Test TC676_verifyItalicInAttributeAndToolBarSync completed.
14:30:58.715 [TestNG-test=RetryMultipleFailedTestcases-1] INFO  sprint5_TestCases.Ag_ItalicTC - Clicking ItalicPlugin to enable it.
14:30:58.980 [TestNG-test=RetryMultipleFailedTestcases-1] INFO  sprint5_TestCases.Ag_ItalicTC - Test TC675_verifyItalicInAttribute completed.
14:31:01.057 [TestNG-test=RetryMultipleFailedTestcases-3] INFO  sprint5_TestCases.Ah_UnderlineTC - Starting test TC148_verifyUnderlineEnabled.
14:31:01.571 [TestNG-test=RetryMultipleFailedTestcases-4] INFO  sprint5_TestCases.Ag_ItalicTC - Starting test TC140_verifyItalicRemoveInContentBlock.
