17:57:49.426 [TestNG-test=RetryMultipleFailedTestcases-2] INFO  BasicEditingTC.F4_TableTC - Created F4_Table instance.
17:57:54.794 [TestNG-test=RetryMultipleFailedTestcases-2] INFO  BasicEditingTC.F4_TableTC - Clicked Change Element.
17:57:55.181 [TestNG-test=RetryMultipleFailedTestcases-2] INFO  BasicEditingTC.F4_TableTC - Selected Table.
17:57:56.234 [TestNG-test=RetryMultipleFailedTestcases-2] INFO  BasicEditingTC.F4_TableTC - Table Properties popup is displayed.
17:57:56.661 [TestNG-test=RetryMultipleFailedTestcases-2] INFO  BasicEditingTC.F4_TableTC - Clicked OK Button.
17:57:56.798 [TestNG-test=RetryMultipleFailedTestcases-2] INFO  BasicEditingTC.F4_TableTC - Switched to frame 0.
17:57:56.863 [TestNG-test=RetryMultipleFailedTestcases-2] INFO  BasicEditingTC.F4_TableTC - Table is added in the Visual Editor.
17:57:57.086 [TestNG-test=RetryMultipleFailedTestcases-2] INFO  BasicEditingTC.F4_TableTC - Clicked Accept Change.
17:57:57.158 [TestNG-test=RetryMultipleFailedTestcases-2] INFO  BasicEditingTC.F4_TableTC - Document Structure is updated after adding the table.
17:57:57.323 [TestNG-test=RetryMultipleFailedTestcases-2] INFO  BasicEditingTC.F4_TableTC - Clicked Quick Preview.
17:57:57.458 [TestNG-test=RetryMultipleFailedTestcases-2] INFO  BasicEditingTC.F4_TableTC - Inserted table is present in Quick Preview.
17:57:57.803 [TestNG-test=RetryMultipleFailedTestcases-2] INFO  BasicEditingTC.F4_TableTC - Clicked Code View.
17:58:05.722 [TestNG-test=RetryMultipleFailedTestcases-4] INFO  BasicEditingTC.F4_TableTC - No Content Validation error is present in CodeView.
17:58:05.722 [TestNG-test=RetryMultipleFailedTestcases-4] INFO  BasicEditingTC.F4_TableTC - Finished verify_ListInsideTable
17:58:12.324 [TestNG-test=RetryMultipleFailedTestcases-4] INFO  BasicEditingTC.F4_TableTC - Starting mergeCellsRight_ExistingTable
17:58:28.855 [TestNG-test=RetryMultipleFailedTestcases-3] INFO  BasicEditingTC.F4_TableTC - Exiting Table is no longer present after clicking Accept Change.
17:58:29.155 [TestNG-test=RetryMultipleFailedTestcases-3] INFO  BasicEditingTC.F4_TableTC - Performing Undo operation.
17:58:35.899 [TestNG-test=RetryMultipleFailedTestcases-3] INFO  BasicEditingTC.F4_TableTC - Starting verify_Delete_Existing_Table_Undo
17:58:36.329 [TestNG-test=RetryMultipleFailedTestcases-4] INFO  BasicEditingTC.F4_TableTC - Logged in, searched for a file, and clicked Edit.
17:58:36.330 [TestNG-test=RetryMultipleFailedTestcases-4] INFO  BasicEditingTC.F4_TableTC - Created F4_Table instance.
17:58:37.286 [TestNG-test=RetryMultipleFailedTestcases-1] INFO  BasicEditingTC.F4_TableTC - In the code view, Content Validation error is not present.
17:58:37.286 [TestNG-test=RetryMultipleFailedTestcases-1] INFO  BasicEditingTC.F4_TableTC - Finished verify_InsertMediaObject_ExistingTable
17:58:43.581 [TestNG-test=RetryMultipleFailedTestcases-1] INFO  BasicEditingTC.F4_TableTC - Starting splitHorizontalAndVerify_ExistingTable
17:58:44.431 [TestNG-test=RetryMultipleFailedTestcases-4] INFO  BasicEditingTC.F4_TableTC - Switched to frame 0.
17:58:44.658 [TestNG-test=RetryMultipleFailedTestcases-4] INFO  BasicEditingTC.F4_TableTC - Clicked on the first cell of the existing table.
17:58:44.674 [TestNG-test=RetryMultipleFailedTestcases-4] INFO  BasicEditingTC.F4_TableTC - Switched back to default content.
17:58:44.820 [TestNG-test=RetryMultipleFailedTestcases-4] INFO  BasicEditingTC.F4_TableTC - Clicked on Table Properties tab.
17:58:58.427 [TestNG-test=RetryMultipleFailedTestcases-2] INFO  BasicEditingTC.F4_TableTC - No Content Validation error is present in CodeView.
17:58:58.427 [TestNG-test=RetryMultipleFailedTestcases-2] INFO  BasicEditingTC.F4_TableTC - Finished changeParaToTableAndVerify
17:59:02.445 [TestNG-test=RetryMultipleFailedTestcases-3] INFO  BasicEditingTC.F4_TableTC - Logged in, searched for a file, and clicked Edit.
17:59:05.524 [TestNG-test=RetryMultipleFailedTestcases-2] INFO  BasicEditingTC.F4_TableTC - Starting splitVerticalAndVerify_ExistingTable
17:59:11.592 [TestNG-test=RetryMultipleFailedTestcases-3] INFO  BasicEditingTC.F4_TableTC - Clicked on the first cell of the existing table.
17:59:11.704 [TestNG-test=RetryMultipleFailedTestcases-3] INFO  BasicEditingTC.F4_TableTC - Switched back to default content.
17:59:11.792 [TestNG-test=RetryMultipleFailedTestcases-1] INFO  BasicEditingTC.F4_TableTC - Logged in, searched for a file, and clicked Edit.
17:59:11.795 [TestNG-test=RetryMultipleFailedTestcases-1] INFO  BasicEditingTC.F4_TableTC - Created F4_Table instance.
17:59:12.058 [TestNG-test=RetryMultipleFailedTestcases-3] INFO  BasicEditingTC.F4_TableTC - Clicked on Table Properties tab.
17:59:12.088 [TestNG-test=RetryMultipleFailedTestcases-3] INFO  BasicEditingTC.F4_TableTC - Switched to frame 0.
17:59:12.777 [TestNG-test=RetryMultipleFailedTestcases-3] INFO  BasicEditingTC.F4_TableTC - Clicked on the first cell of the existing table.
17:59:12.842 [TestNG-test=RetryMultipleFailedTestcases-3] INFO  BasicEditingTC.F4_TableTC - Switched back to default content.
17:59:14.084 [TestNG-test=RetryMultipleFailedTestcases-3] INFO  BasicEditingTC.F4_TableTC - Clicked on Deleted Table.
17:59:14.319 [TestNG-test=RetryMultipleFailedTestcases-3] INFO  BasicEditingTC.F4_TableTC - Switched to frame 0.
17:59:14.390 [TestNG-test=RetryMultipleFailedTestcases-3] INFO  BasicEditingTC.F4_TableTC - Exiting Table is deleted and displayed in Red Color.
17:59:14.723 [TestNG-test=RetryMultipleFailedTestcases-3] INFO  BasicEditingTC.F4_TableTC - Clicked Accept Change.
17:59:14.937 [TestNG-test=RetryMultipleFailedTestcases-3] INFO  BasicEditingTC.F4_TableTC - Switched to frame 0.
17:59:19.236 [TestNG-test=RetryMultipleFailedTestcases-1] INFO  BasicEditingTC.F4_TableTC - Switched to frame 0.
17:59:19.497 [TestNG-test=RetryMultipleFailedTestcases-1] INFO  BasicEditingTC.F4_TableTC - Clicked on the first cell of the existing table.
17:59:19.538 [TestNG-test=RetryMultipleFailedTestcases-1] INFO  BasicEditingTC.F4_TableTC - Number of rows before split: 9
17:59:19.542 [TestNG-test=RetryMultipleFailedTestcases-1] INFO  BasicEditingTC.F4_TableTC - Switched back to default content.
17:59:19.683 [TestNG-test=RetryMultipleFailedTestcases-1] INFO  BasicEditingTC.F4_TableTC - Clicked on Table Properties tab.
17:59:20.117 [TestNG-test=RetryMultipleFailedTestcases-1] INFO  BasicEditingTC.F4_TableTC - Clicked Split Horizontal.
17:59:20.183 [TestNG-test=RetryMultipleFailedTestcases-1] INFO  BasicEditingTC.F4_TableTC - Number of rows after split: 10
17:59:20.183 [TestNG-test=RetryMultipleFailedTestcases-1] INFO  BasicEditingTC.F4_TableTC - Number of rows after split is different from before split.
17:59:20.183 [TestNG-test=RetryMultipleFailedTestcases-1] INFO  BasicEditingTC.F4_TableTC - Finished splitHorizontalAndVerify_ExistingTable
17:59:26.213 [TestNG-test=RetryMultipleFailedTestcases-1] INFO  BasicEditingTC.F4_TableTC - Starting mergeCellsRight_NewTable
17:59:35.335 [TestNG-test=RetryMultipleFailedTestcases-2] INFO  BasicEditingTC.F4_TableTC - Logged in, searched for a file, and clicked Edit.
17:59:35.337 [TestNG-test=RetryMultipleFailedTestcases-2] INFO  BasicEditingTC.F4_TableTC - Created F4_Table instance.
17:59:42.630 [TestNG-test=RetryMultipleFailedTestcases-2] INFO  BasicEditingTC.F4_TableTC - Switched to frame 0.
17:59:43.282 [TestNG-test=RetryMultipleFailedTestcases-2] INFO  BasicEditingTC.F4_TableTC - Clicked on the first cell of the existing table.
17:59:43.367 [TestNG-test=RetryMultipleFailedTestcases-2] INFO  BasicEditingTC.F4_TableTC - Number of rows before split: 9
17:59:43.386 [TestNG-test=RetryMultipleFailedTestcases-2] INFO  BasicEditingTC.F4_TableTC - Switched back to default content.
17:59:43.615 [TestNG-test=RetryMultipleFailedTestcases-2] INFO  BasicEditingTC.F4_TableTC - Clicked on Table Properties tab.
17:59:44.099 [TestNG-test=RetryMultipleFailedTestcases-2] INFO  BasicEditingTC.F4_TableTC - Clicked Split Vertical.
17:59:44.202 [TestNG-test=RetryMultipleFailedTestcases-2] INFO  BasicEditingTC.F4_TableTC - Number of rows after split: 10
17:59:44.203 [TestNG-test=RetryMultipleFailedTestcases-2] INFO  BasicEditingTC.F4_TableTC - Number of rows after split is different from before split.
17:59:44.203 [TestNG-test=RetryMultipleFailedTestcases-2] INFO  BasicEditingTC.F4_TableTC - Finished splitVerticalAndVerify_ExistingTable
17:59:45.477 [TestNG-test=RetryMultipleFailedTestcases-4] INFO  BasicEditingTC.F4_TableTC - Cell merge has not occurred.
17:59:46.046 [TestNG-test=RetryMultipleFailedTestcases-4] INFO  BasicEditingTC.F4_TableTC - Clicked Merge Right.
17:59:46.172 [TestNG-test=RetryMultipleFailedTestcases-4] INFO  BasicEditingTC.F4_TableTC - Cell merge has occurred.
17:59:46.175 [TestNG-test=RetryMultipleFailedTestcases-4] INFO  BasicEditingTC.F4_TableTC - Finished mergeCellsRight_ExistingTable
17:59:51.877 [TestNG-test=RetryMultipleFailedTestcases-2] INFO  BasicEditingTC.F4_TableTC - Starting splitHorizontalAndVerify_NewTable
17:59:53.227 [TestNG-test=RetryMultipleFailedTestcases-1] INFO  BasicEditingTC.F4_TableTC - Logged in, searched for a file, and clicked Edit.
17:59:53.228 [TestNG-test=RetryMultipleFailedTestcases-1] INFO  BasicEditingTC.F4_TableTC - Created F4_Table instance.
17:59:54.430 [TestNG-test=RetryMultipleFailedTestcases-4] INFO  BasicEditingTC.F4_TableTC - Starting splitVerticalAndVerify_NewTable
17:59:59.600 [TestNG-test=RetryMultipleFailedTestcases-1] INFO  BasicEditingTC.F4_TableTC - Inserted a new table.
18:00:00.069 [TestNG-test=RetryMultipleFailedTestcases-1] INFO  BasicEditingTC.F4_TableTC - Clicked Accept Change.
18:00:00.152 [TestNG-test=RetryMultipleFailedTestcases-1] INFO  BasicEditingTC.F4_TableTC - Switched to frame 0.
18:00:00.619 [TestNG-test=RetryMultipleFailedTestcases-1] INFO  BasicEditingTC.F4_TableTC - Clicked on the first cell of the inserted table.
18:00:00.654 [TestNG-test=RetryMultipleFailedTestcases-1] INFO  BasicEditingTC.F4_TableTC - Switched back to default content.
18:00:15.586 [TestNG-test=RetryMultipleFailedTestcases-3] INFO  BasicEditingTC.F4_TableTC - Exiting Table is no longer present after clicking Accept Change.
18:00:16.084 [TestNG-test=RetryMultipleFailedTestcases-3] INFO  BasicEditingTC.F4_TableTC - Performing Undo operation.
18:00:22.829 [TestNG-test=RetryMultipleFailedTestcases-4] INFO  BasicEditingTC.F4_TableTC - Logged in, searched for a file, and clicked Edit.
18:00:22.832 [TestNG-test=RetryMultipleFailedTestcases-4] INFO  BasicEditingTC.F4_TableTC - Created F4_Table instance.
18:00:22.998 [TestNG-test=RetryMultipleFailedTestcases-3] INFO  BasicEditingTC.F4_TableTC - Starting verify_Delete_Existing_Table_Undo
18:00:23.677 [TestNG-test=RetryMultipleFailedTestcases-2] INFO  BasicEditingTC.F4_TableTC - Logged in, searched for a file, and clicked Edit.
18:00:23.678 [TestNG-test=RetryMultipleFailedTestcases-2] INFO  BasicEditingTC.F4_TableTC - Created F4_Table instance.
18:00:31.254 [TestNG-test=RetryMultipleFailedTestcases-4] INFO  BasicEditingTC.F4_TableTC - Inserted a new table.
18:00:31.620 [TestNG-test=RetryMultipleFailedTestcases-4] INFO  BasicEditingTC.F4_TableTC - Clicked Accept Change.
18:00:31.671 [TestNG-test=RetryMultipleFailedTestcases-4] INFO  BasicEditingTC.F4_TableTC - Switched to frame 0.
18:00:32.243 [TestNG-test=RetryMultipleFailedTestcases-4] INFO  BasicEditingTC.F4_TableTC - Clicked on the first cell of the inserted table.
18:00:32.340 [TestNG-test=RetryMultipleFailedTestcases-4] INFO  BasicEditingTC.F4_TableTC - Number of rows before split: 8
18:00:32.342 [TestNG-test=RetryMultipleFailedTestcases-4] INFO  BasicEditingTC.F4_TableTC - Switched back to default content.
18:00:32.893 [TestNG-test=RetryMultipleFailedTestcases-4] INFO  BasicEditingTC.F4_TableTC - Clicked Split Vertical.
18:00:33.003 [TestNG-test=RetryMultipleFailedTestcases-4] INFO  BasicEditingTC.F4_TableTC - Number of rows after split is different from before split.
18:00:33.003 [TestNG-test=RetryMultipleFailedTestcases-4] INFO  BasicEditingTC.F4_TableTC - Finished splitVerticalAndVerify_NewTable
18:00:39.949 [TestNG-test=RetryMultipleFailedTestcases-4] INFO  BasicEditingTC.F4_TableTC - Starting AddNewRowandVerify_NewTable
18:00:40.107 [TestNG-test=RetryMultipleFailedTestcases-2] INFO  BasicEditingTC.F4_TableTC - Inserted a new table.
18:00:40.445 [TestNG-test=RetryMultipleFailedTestcases-2] INFO  BasicEditingTC.F4_TableTC - Clicked Accept Change.
18:00:40.490 [TestNG-test=RetryMultipleFailedTestcases-2] INFO  BasicEditingTC.F4_TableTC - Switched to frame 0.
18:00:40.819 [TestNG-test=RetryMultipleFailedTestcases-2] INFO  BasicEditingTC.F4_TableTC - Clicked on the first cell of the inserted table.
18:00:40.871 [TestNG-test=RetryMultipleFailedTestcases-2] INFO  BasicEditingTC.F4_TableTC - Number of rows before split: 8
18:00:40.874 [TestNG-test=RetryMultipleFailedTestcases-2] INFO  BasicEditingTC.F4_TableTC - Switched back to default content.
18:00:41.195 [TestNG-test=RetryMultipleFailedTestcases-2] INFO  BasicEditingTC.F4_TableTC - Clicked Split Horizontal.
18:00:41.252 [TestNG-test=RetryMultipleFailedTestcases-2] INFO  BasicEditingTC.F4_TableTC - Number of rows after split is different from before split.
18:00:41.252 [TestNG-test=RetryMultipleFailedTestcases-2] INFO  BasicEditingTC.F4_TableTC - Finished splitHorizontalAndVerify_NewTable
18:00:47.635 [TestNG-test=RetryMultipleFailedTestcases-2] INFO  BasicEditingTC.F4_TableTC - Starting AddNewColumnandVerify_NewTable
18:00:53.928 [TestNG-test=RetryMultipleFailedTestcases-3] INFO  BasicEditingTC.F4_TableTC - Logged in, searched for a file, and clicked Edit.
18:01:01.545 [TestNG-test=RetryMultipleFailedTestcases-1] INFO  BasicEditingTC.F4_TableTC - Cell merge has not occurred.
18:01:01.566 [TestNG-test=RetryMultipleFailedTestcases-1] INFO  BasicEditingTC.F4_TableTC - Switched back to default content.
18:01:01.905 [TestNG-test=RetryMultipleFailedTestcases-1] INFO  BasicEditingTC.F4_TableTC - Clicked on Table Properties tab.
18:01:02.857 [TestNG-test=RetryMultipleFailedTestcases-3] INFO  BasicEditingTC.F4_TableTC - Clicked on the first cell of the existing table.
18:01:02.881 [TestNG-test=RetryMultipleFailedTestcases-3] INFO  BasicEditingTC.F4_TableTC - Switched back to default content.
18:01:02.903 [TestNG-test=RetryMultipleFailedTestcases-1] INFO  BasicEditingTC.F4_TableTC - Clicked Merge Right.
18:01:03.116 [TestNG-test=RetryMultipleFailedTestcases-1] INFO  BasicEditingTC.F4_TableTC - Cell merge has occurred.
18:01:03.119 [TestNG-test=RetryMultipleFailedTestcases-1] INFO  BasicEditingTC.F4_TableTC - Switched back to default content.
18:01:03.119 [TestNG-test=RetryMultipleFailedTestcases-1] INFO  BasicEditingTC.F4_TableTC - Finished mergeCellsRight_NewTable
18:01:03.218 [TestNG-test=RetryMultipleFailedTestcases-3] INFO  BasicEditingTC.F4_TableTC - Clicked on Table Properties tab.
18:01:03.255 [TestNG-test=RetryMultipleFailedTestcases-3] INFO  BasicEditingTC.F4_TableTC - Switched to frame 0.
18:01:03.925 [TestNG-test=RetryMultipleFailedTestcases-3] INFO  BasicEditingTC.F4_TableTC - Clicked on the first cell of the existing table.
18:01:03.981 [TestNG-test=RetryMultipleFailedTestcases-3] INFO  BasicEditingTC.F4_TableTC - Switched back to default content.
18:01:05.101 [TestNG-test=RetryMultipleFailedTestcases-3] INFO  BasicEditingTC.F4_TableTC - Clicked on Deleted Table.
18:01:05.349 [TestNG-test=RetryMultipleFailedTestcases-3] INFO  BasicEditingTC.F4_TableTC - Switched to frame 0.
18:01:05.433 [TestNG-test=RetryMultipleFailedTestcases-3] INFO  BasicEditingTC.F4_TableTC - Exiting Table is deleted and displayed in Red Color.
18:01:05.782 [TestNG-test=RetryMultipleFailedTestcases-3] INFO  BasicEditingTC.F4_TableTC - Clicked Accept Change.
18:01:06.046 [TestNG-test=RetryMultipleFailedTestcases-3] INFO  BasicEditingTC.F4_TableTC - Switched to frame 0.
18:01:08.837 [TestNG-test=RetryMultipleFailedTestcases-1] INFO  BasicEditingTC.F4_TableTC - Starting AddNewRowandVerify_ExistingTable
18:01:10.214 [TestNG-test=RetryMultipleFailedTestcases-4] INFO  BasicEditingTC.F4_TableTC - Logged in, searched for a file, and clicked Edit.
18:01:10.216 [TestNG-test=RetryMultipleFailedTestcases-4] INFO  BasicEditingTC.F4_TableTC - Created F4_Table instance.
18:01:16.441 [TestNG-test=RetryMultipleFailedTestcases-2] INFO  BasicEditingTC.F4_TableTC - Logged in, searched for a file, and clicked Edit.
18:01:16.442 [TestNG-test=RetryMultipleFailedTestcases-2] INFO  BasicEditingTC.F4_TableTC - Created F4_Table instance.
18:01:17.760 [TestNG-test=RetryMultipleFailedTestcases-4] INFO  BasicEditingTC.F4_TableTC - Inserted a new table.
18:01:18.127 [TestNG-test=RetryMultipleFailedTestcases-4] INFO  BasicEditingTC.F4_TableTC - Clicked Accept Change.
18:01:18.197 [TestNG-test=RetryMultipleFailedTestcases-4] INFO  BasicEditingTC.F4_TableTC - Switched to frame 0.
18:01:18.747 [TestNG-test=RetryMultipleFailedTestcases-4] INFO  BasicEditingTC.F4_TableTC - Clicked on the first cell of the inserted table.
18:01:18.833 [TestNG-test=RetryMultipleFailedTestcases-4] INFO  BasicEditingTC.F4_TableTC - Number of rows before inserting row: 8
18:01:18.843 [TestNG-test=RetryMultipleFailedTestcases-4] INFO  BasicEditingTC.F4_TableTC - Switched back to default content.
18:01:19.394 [TestNG-test=RetryMultipleFailedTestcases-4] INFO  BasicEditingTC.F4_TableTC - Clicked Insert Above.
18:01:19.574 [TestNG-test=RetryMultipleFailedTestcases-4] INFO  BasicEditingTC.F4_TableTC - Number of rows after inserting row is different from before inserting row.
18:01:19.574 [TestNG-test=RetryMultipleFailedTestcases-4] INFO  BasicEditingTC.F4_TableTC - Finished AddNewRowandVerify_NewTable
18:01:24.947 [TestNG-test=RetryMultipleFailedTestcases-2] INFO  BasicEditingTC.F4_TableTC - Inserted a new table.
18:01:25.455 [TestNG-test=RetryMultipleFailedTestcases-2] INFO  BasicEditingTC.F4_TableTC - Clicked Accept Change.
18:01:25.539 [TestNG-test=RetryMultipleFailedTestcases-2] INFO  BasicEditingTC.F4_TableTC - Switched to frame 0.
18:01:25.888 [TestNG-test=RetryMultipleFailedTestcases-4] INFO  BasicEditingTC.F4_TableTC - Starting AddNewColumnandVerify_ExistingTable
18:01:26.094 [TestNG-test=RetryMultipleFailedTestcases-2] INFO  BasicEditingTC.F4_TableTC - Clicked on the first cell of the inserted table.
18:01:26.140 [TestNG-test=RetryMultipleFailedTestcases-2] INFO  BasicEditingTC.F4_TableTC - Number of rows before inserting column: 8
18:01:26.142 [TestNG-test=RetryMultipleFailedTestcases-2] INFO  BasicEditingTC.F4_TableTC - Switched back to default content.
18:01:26.897 [TestNG-test=RetryMultipleFailedTestcases-2] INFO  BasicEditingTC.F4_TableTC - Clicked Insert Right.
18:01:27.051 [TestNG-test=RetryMultipleFailedTestcases-2] INFO  BasicEditingTC.F4_TableTC - Number of columns after inserting column is different from before inserting column.
18:01:27.051 [TestNG-test=RetryMultipleFailedTestcases-2] INFO  BasicEditingTC.F4_TableTC - Finished AddNewColumnandVerify_NewTable
18:01:33.510 [TestNG-test=RetryMultipleFailedTestcases-2] INFO  BasicEditingTC.F4_TableTC - Starting DeleteTableandVerify_NewTable
18:01:40.610 [TestNG-test=RetryMultipleFailedTestcases-1] INFO  BasicEditingTC.F4_TableTC - Logged in, searched for a file, and clicked Edit.
18:01:40.612 [TestNG-test=RetryMultipleFailedTestcases-1] INFO  BasicEditingTC.F4_TableTC - Created F4_Table instance.
18:01:48.014 [TestNG-test=RetryMultipleFailedTestcases-1] INFO  BasicEditingTC.F4_TableTC - Switched to frame 0.
18:01:48.787 [TestNG-test=RetryMultipleFailedTestcases-1] INFO  BasicEditingTC.F4_TableTC - Clicked on the first cell of the existing table.
18:01:48.827 [TestNG-test=RetryMultipleFailedTestcases-1] INFO  BasicEditingTC.F4_TableTC - Number of rows before inserting row: 9
18:01:48.836 [TestNG-test=RetryMultipleFailedTestcases-1] INFO  BasicEditingTC.F4_TableTC - Switched back to default content.
18:01:49.207 [TestNG-test=RetryMultipleFailedTestcases-1] INFO  BasicEditingTC.F4_TableTC - Clicked on Table Properties tab.
18:01:49.842 [TestNG-test=RetryMultipleFailedTestcases-1] INFO  BasicEditingTC.F4_TableTC - Clicked Insert Above.
18:01:50.146 [TestNG-test=RetryMultipleFailedTestcases-1] INFO  BasicEditingTC.F4_TableTC - Number of rows after inserting row is different from before inserting row.
18:01:50.147 [TestNG-test=RetryMultipleFailedTestcases-1] INFO  BasicEditingTC.F4_TableTC - Finished AddNewRowandVerify_ExistingTable
18:01:56.426 [TestNG-test=RetryMultipleFailedTestcases-4] INFO  BasicEditingTC.F4_TableTC - Logged in, searched for a file, and clicked Edit.
18:01:56.427 [TestNG-test=RetryMultipleFailedTestcases-4] INFO  BasicEditingTC.F4_TableTC - Created F4_Table instance.
18:01:57.694 [TestNG-test=RetryMultipleFailedTestcases-1] INFO  BasicEditingTC.F4_TableTC - Starting EnterKey_SelectingTable
18:02:05.250 [TestNG-test=RetryMultipleFailedTestcases-4] INFO  BasicEditingTC.F4_TableTC - Switched to frame 0.
18:02:05.645 [TestNG-test=RetryMultipleFailedTestcases-4] INFO  BasicEditingTC.F4_TableTC - Clicked on an existing table cell.
18:02:05.679 [TestNG-test=RetryMultipleFailedTestcases-4] INFO  BasicEditingTC.F4_TableTC - Number of columns before inserting column: 9
18:02:05.684 [TestNG-test=RetryMultipleFailedTestcases-4] INFO  BasicEditingTC.F4_TableTC - Switched back to default content.
18:02:05.897 [TestNG-test=RetryMultipleFailedTestcases-4] INFO  BasicEditingTC.F4_TableTC - Clicked on Table Properties tab.
18:02:06.754 [TestNG-test=RetryMultipleFailedTestcases-3] INFO  BasicEditingTC.F4_TableTC - Exiting Table is no longer present after clicking Accept Change.
18:02:06.839 [TestNG-test=RetryMultipleFailedTestcases-4] INFO  BasicEditingTC.F4_TableTC - Clicked Insert Right.
18:02:07.005 [TestNG-test=RetryMultipleFailedTestcases-4] INFO  BasicEditingTC.F4_TableTC - Number of columns after inserting column is different from before inserting column.
18:02:07.005 [TestNG-test=RetryMultipleFailedTestcases-4] INFO  BasicEditingTC.F4_TableTC - Finished AddNewColumnandVerify_ExistingTable
18:02:07.739 [TestNG-test=RetryMultipleFailedTestcases-3] INFO  BasicEditingTC.F4_TableTC - Performing Undo operation.
18:02:09.318 [TestNG-test=RetryMultipleFailedTestcases-3] INFO  BasicEditingTC.F4_TableTC - Clicked Undo.
18:02:09.643 [TestNG-test=RetryMultipleFailedTestcases-2] INFO  BasicEditingTC.F4_TableTC - Logged in, searched for a file, and clicked Edit.
18:02:09.646 [TestNG-test=RetryMultipleFailedTestcases-2] INFO  BasicEditingTC.F4_TableTC - Created F4_Table instance.
18:02:09.663 [TestNG-test=RetryMultipleFailedTestcases-3] INFO  BasicEditingTC.F4_TableTC - Switched to frame 0.
18:02:11.219 [TestNG-test=RetryMultipleFailedTestcases-3] INFO  BasicEditingTC.F4_TableTC - Clicked on the first cell of the existing table.
18:02:12.969 [TestNG-test=RetryMultipleFailedTestcases-3] INFO  BasicEditingTC.F4_TableTC - Clicked Reject Change.
18:02:13.414 [TestNG-test=RetryMultipleFailedTestcases-3] INFO  BasicEditingTC.F4_TableTC - Switched to frame 0.
18:02:13.506 [TestNG-test=RetryMultipleFailedTestcases-3] INFO  BasicEditingTC.F4_TableTC - Exiting Table is present after clicking Reject Change.
18:02:13.835 [TestNG-test=RetryMultipleFailedTestcases-3] INFO  BasicEditingTC.F4_TableTC - Clicked Quick Preview.
18:02:14.139 [TestNG-test=RetryMultipleFailedTestcases-3] INFO  BasicEditingTC.F4_TableTC - Exiting Table is present in Quick Preview.
18:02:14.471 [TestNG-test=RetryMultipleFailedTestcases-3] INFO  BasicEditingTC.F4_TableTC - Clicked Code View.
18:02:22.947 [TestNG-test=RetryMultipleFailedTestcases-2] INFO  BasicEditingTC.F4_TableTC - Inserted a new table.
18:02:23.514 [TestNG-test=RetryMultipleFailedTestcases-2] INFO  BasicEditingTC.F4_TableTC - Clicked Accept Change.
18:02:23.578 [TestNG-test=RetryMultipleFailedTestcases-2] INFO  BasicEditingTC.F4_TableTC - Switched to frame 0.
18:02:24.070 [TestNG-test=RetryMultipleFailedTestcases-2] INFO  BasicEditingTC.F4_TableTC - Clicked on the first cell of the inserted table.
18:02:24.187 [TestNG-test=RetryMultipleFailedTestcases-2] INFO  BasicEditingTC.F4_TableTC - Table is added in the visual editor.
18:02:24.189 [TestNG-test=RetryMultipleFailedTestcases-2] INFO  BasicEditingTC.F4_TableTC - Switched back to default content.
18:02:24.901 [TestNG-test=RetryMultipleFailedTestcases-2] INFO  BasicEditingTC.F4_TableTC - Clicked on the deleted table.
18:02:25.738 [TestNG-test=RetryMultipleFailedTestcases-2] INFO  BasicEditingTC.F4_TableTC - Clicked on the table data filter.
18:02:26.070 [TestNG-test=RetryMultipleFailedTestcases-2] INFO  BasicEditingTC.F4_TableTC - Clicked Accept Change.
18:02:38.716 [TestNG-test=RetryMultipleFailedTestcases-1] INFO  BasicEditingTC.F4_TableTC - Logged in, searched for a file, and clicked Edit.
18:02:38.718 [TestNG-test=RetryMultipleFailedTestcases-1] INFO  BasicEditingTC.F4_TableTC - Created F4_Table instance.
18:02:48.659 [TestNG-test=RetryMultipleFailedTestcases-1] INFO  BasicEditingTC.F4_TableTC - Starting EnterKey_SelectingTable
18:03:20.776 [TestNG-test=RetryMultipleFailedTestcases-3] INFO  BasicEditingTC.F4_TableTC - Starting InsertList_NewTable
18:03:26.983 [TestNG-test=RetryMultipleFailedTestcases-2] INFO  BasicEditingTC.F4_TableTC - After deleting table, there is no table in the visual editor.
18:03:26.983 [TestNG-test=RetryMultipleFailedTestcases-2] INFO  BasicEditingTC.F4_TableTC - Finished DeleteTableandVerify_NewTable
18:03:33.880 [TestNG-test=RetryMultipleFailedTestcases-2] INFO  BasicEditingTC.F4_TableTC - Starting TabKey_LastRow
18:03:34.407 [TestNG-test=RetryMultipleFailedTestcases-1] INFO  BasicEditingTC.F4_TableTC - Logged in, searched for a file, and clicked Edit.
18:03:34.407 [TestNG-test=RetryMultipleFailedTestcases-1] INFO  BasicEditingTC.F4_TableTC - Created F4_Table instance.
18:03:44.954 [TestNG-test=RetryMultipleFailedTestcases-1] INFO  BasicEditingTC.F4_TableTC - Starting EnterKey_SelectingTable
18:04:03.769 [TestNG-test=RetryMultipleFailedTestcases-3] INFO  BasicEditingTC.F4_TableTC - Logged in, searched for a file, and clicked Edit.
18:04:03.772 [TestNG-test=RetryMultipleFailedTestcases-3] INFO  BasicEditingTC.F4_TableTC - Created F4_Table instance.
18:04:20.674 [TestNG-test=RetryMultipleFailedTestcases-3] INFO  BasicEditingTC.F4_TableTC - Starting InsertList_NewTable
18:04:28.470 [TestNG-test=RetryMultipleFailedTestcases-2] INFO  BasicEditingTC.F4_TableTC - Logged in, searched for a file, and clicked Edit.
18:04:28.676 [TestNG-test=RetryMultipleFailedTestcases-4] INFO  BasicEditingTC.F4_TableTC - Switched back to default content.
18:04:29.261 [TestNG-test=RetryMultipleFailedTestcases-4] INFO  BasicEditingTC.F4_TableTC - Clicked Insert.
18:04:37.378 [TestNG-test=RetryMultipleFailedTestcases-1] INFO  BasicEditingTC.F4_TableTC - Logged in, searched for a file, and clicked Edit.
18:04:37.379 [TestNG-test=RetryMultipleFailedTestcases-1] INFO  BasicEditingTC.F4_TableTC - Created F4_Table instance.
18:04:39.105 [TestNG-test=RetryMultipleFailedTestcases-4] INFO  BasicEditingTC.F4_TableTC - Clicked Image for Table.
18:04:39.387 [TestNG-test=RetryMultipleFailedTestcases-4] INFO  BasicEditingTC.F4_TableTC - Clicked on the image.
18:04:39.523 [TestNG-test=RetryMultipleFailedTestcases-4] INFO  BasicEditingTC.F4_TableTC - Clicked Insert Into.
18:04:39.876 [TestNG-test=RetryMultipleFailedTestcases-4] INFO  BasicEditingTC.F4_TableTC - Clicked Insert button.
18:04:40.198 [TestNG-test=RetryMultipleFailedTestcases-4] INFO  BasicEditingTC.F4_TableTC - Clicked Accept Change.
18:04:41.610 [TestNG-test=RetryMultipleFailedTestcases-2] INFO  BasicEditingTC.F4_TableTC - Inserted a new table.
18:04:41.611 [TestNG-test=RetryMultipleFailedTestcases-2] INFO  BasicEditingTC.F4_TableTC - Created F4_Table instance.
18:04:42.067 [TestNG-test=RetryMultipleFailedTestcases-2] INFO  BasicEditingTC.F4_TableTC - Clicked Accept Change.
18:04:42.139 [TestNG-test=RetryMultipleFailedTestcases-2] INFO  BasicEditingTC.F4_TableTC - Switched to frame 0.
18:04:42.655 [TestNG-test=RetryMultipleFailedTestcases-2] INFO  BasicEditingTC.F4_TableTC - Clicked on the last row of the table.
18:04:42.705 [TestNG-test=RetryMultipleFailedTestcases-2] INFO  BasicEditingTC.F4_TableTC - Switched back to default content.
18:04:42.985 [TestNG-test=RetryMultipleFailedTestcases-2] INFO  BasicEditingTC.F4_TableTC - Pressed Tab key.
18:04:43.086 [TestNG-test=RetryMultipleFailedTestcases-2] INFO  BasicEditingTC.F4_TableTC - After Clicking on Tab, a row is added.
18:04:43.140 [TestNG-test=RetryMultipleFailedTestcases-2] INFO  BasicEditingTC.F4_TableTC - DS is updated after clicking on Tab.
18:04:51.012 [TestNG-test=RetryMultipleFailedTestcases-1] INFO  BasicEditingTC.F4_TableTC - Inserted a new table.
18:04:51.457 [TestNG-test=RetryMultipleFailedTestcases-1] INFO  BasicEditingTC.F4_TableTC - Clicked Accept Change.
18:04:51.538 [TestNG-test=RetryMultipleFailedTestcases-1] INFO  BasicEditingTC.F4_TableTC - Switched to frame 0.
18:04:51.988 [TestNG-test=RetryMultipleFailedTestcases-1] INFO  BasicEditingTC.F4_TableTC - Clicked on the first cell of the inserted table.
18:04:52.015 [TestNG-test=RetryMultipleFailedTestcases-1] INFO  BasicEditingTC.F4_TableTC - Switched back to default content.
18:04:52.934 [TestNG-test=RetryMultipleFailedTestcases-1] INFO  BasicEditingTC.F4_TableTC - Clicked on the DS Table button.
18:04:55.172 [TestNG-test=RetryMultipleFailedTestcases-1] INFO  BasicEditingTC.F4_TableTC - Pressed Enter key.
18:04:55.172 [TestNG-test=RetryMultipleFailedTestcases-1] INFO  BasicEditingTC.F4_TableTC - Insert After Popup is present.
18:04:55.173 [TestNG-test=RetryMultipleFailedTestcases-1] INFO  BasicEditingTC.F4_TableTC - Finished EnterKey_SelectingTable
18:05:02.656 [TestNG-test=RetryMultipleFailedTestcases-1] INFO  BasicEditingTC.F4_TableTC - Test started: TableFromTableOptions
18:05:02.657 [TestNG-test=RetryMultipleFailedTestcases-1] INFO  BasicEditingTC.F4_TableTC - Logging in and searching for a file, then clicking on Edit
18:05:16.025 [TestNG-test=RetryMultipleFailedTestcases-3] INFO  BasicEditingTC.F4_TableTC - Logged in, searched for a file, and clicked Edit.
18:05:16.026 [TestNG-test=RetryMultipleFailedTestcases-3] INFO  BasicEditingTC.F4_TableTC - Created F4_Table instance.
18:05:26.099 [TestNG-test=RetryMultipleFailedTestcases-3] INFO  BasicEditingTC.F4_TableTC - Starting InsertList_NewTable
18:05:44.043 [TestNG-test=RetryMultipleFailedTestcases-2] INFO  BasicEditingTC.F4_TableTC - In the code view, Content Validation error is not present.
18:05:44.043 [TestNG-test=RetryMultipleFailedTestcases-2] INFO  BasicEditingTC.F4_TableTC - Finished TabKey_LastRow
18:06:03.674 [TestNG-test=RetryMultipleFailedTestcases-1] INFO  BasicEditingTC.F4_TableTC - Creating an instance of A_HomePage class with the driver
18:06:03.674 [TestNG-test=RetryMultipleFailedTestcases-1] INFO  BasicEditingTC.F4_TableTC - Waiting for the page to load
18:06:03.687 [TestNG-test=RetryMultipleFailedTestcases-1] INFO  BasicEditingTC.F4_TableTC - Clicking on the DS section
18:06:04.243 [TestNG-test=RetryMultipleFailedTestcases-1] INFO  BasicEditingTC.F4_TableTC - Clicking on the first paragraph
18:06:04.731 [TestNG-test=RetryMultipleFailedTestcases-1] INFO  BasicEditingTC.F4_TableTC - Creating an instance of F4_Table class with the driver
18:06:04.732 [TestNG-test=RetryMultipleFailedTestcases-1] INFO  BasicEditingTC.F4_TableTC - Clicking on the insert table icon
18:06:04.969 [TestNG-test=RetryMultipleFailedTestcases-1] INFO  BasicEditingTC.F4_TableTC - Switching to the table frame
18:06:05.032 [TestNG-test=RetryMultipleFailedTestcases-1] INFO  BasicEditingTC.F4_TableTC - Clicking on More Options
18:06:08.367 [TestNG-test=RetryMultipleFailedTestcases-1] INFO  BasicEditingTC.F4_TableTC - Switching back to the default content
18:06:08.382 [TestNG-test=RetryMultipleFailedTestcases-1] INFO  BasicEditingTC.F4_TableTC - Verifying the OK button
18:06:09.160 [TestNG-test=RetryMultipleFailedTestcases-1] INFO  BasicEditingTC.F4_TableTC - Clicking OK to insert the table
18:06:09.721 [TestNG-test=RetryMultipleFailedTestcases-1] INFO  BasicEditingTC.F4_TableTC - Switching back to the table frame
18:06:09.854 [TestNG-test=RetryMultipleFailedTestcases-1] INFO  BasicEditingTC.F4_TableTC - Checking if the table is inserted after accepting changes
18:06:09.907 [TestNG-test=RetryMultipleFailedTestcases-1] INFO  BasicEditingTC.F4_TableTC - Test completed: TableFromTableOptions
18:06:21.257 [TestNG-test=RetryMultipleFailedTestcases-3] INFO  BasicEditingTC.F4_TableTC - Logged in, searched for a file, and clicked Edit.
18:06:21.257 [TestNG-test=RetryMultipleFailedTestcases-3] INFO  BasicEditingTC.F4_TableTC - Created F4_Table instance.
18:06:33.962 [TestNG-test=RetryMultipleFailedTestcases-3] INFO  BasicEditingTC.F4_TableTC - Inserted a new table.
18:06:34.249 [TestNG-test=RetryMultipleFailedTestcases-3] INFO  BasicEditingTC.F4_TableTC - Clicked Accept Change.
18:06:34.289 [TestNG-test=RetryMultipleFailedTestcases-3] INFO  BasicEditingTC.F4_TableTC - Switched to frame 0.
18:06:34.619 [TestNG-test=RetryMultipleFailedTestcases-3] INFO  BasicEditingTC.F4_TableTC - Clicked on the first cell of the inserted table.
18:06:34.663 [TestNG-test=RetryMultipleFailedTestcases-3] INFO  BasicEditingTC.F4_TableTC - Switched back to default content.
18:06:35.268 [TestNG-test=RetryMultipleFailedTestcases-3] INFO  BasicEditingTC.F4_TableTC - Clicked Number List.
18:06:35.756 [TestNG-test=RetryMultipleFailedTestcases-3] INFO  BasicEditingTC.F4_TableTC - Clicked Accept Change.
18:06:36.246 [TestNG-test=RetryMultipleFailedTestcases-3] INFO  BasicEditingTC.F4_TableTC - Inside the table, a list is available in the Visual editor.
18:06:36.249 [TestNG-test=RetryMultipleFailedTestcases-3] INFO  BasicEditingTC.F4_TableTC - DS is updated after adding a list inside the table.
18:06:36.797 [TestNG-test=RetryMultipleFailedTestcases-3] INFO  BasicEditingTC.F4_TableTC - After adding a list in the table, the list is present.
18:07:37.902 [TestNG-test=RetryMultipleFailedTestcases-3] INFO  BasicEditingTC.F4_TableTC - In the code view, Content Validation error is not present.
18:07:37.902 [TestNG-test=RetryMultipleFailedTestcases-3] INFO  BasicEditingTC.F4_TableTC - Finished InsertList_NewTable
18:09:02.427 [TestNG-test=RetryMultipleFailedTestcases-3] INFO  BasicEditingTC.F4_TableTC - Clicked Merge Right.
18:09:02.573 [TestNG-test=RetryMultipleFailedTestcases-3] INFO  BasicEditingTC.F4_TableTC - Cell merge has occurred.
18:09:31.594 [TestNG-test=RetryMultipleFailedTestcases-1] INFO  BasicEditingTC.F4_TableTC - Starting splitHorizontalAndVerify_ExistingTable
18:10:09.861 [TestNG-test=RetryMultipleFailedTestcases-3] INFO  BasicEditingTC.F4_TableTC - Starting splitHorizontalAndVerify_ExistingTable
18:10:13.670 [TestNG-test=RetryMultipleFailedTestcases-1] INFO  BasicEditingTC.F4_TableTC - Logged in, searched for a file, and clicked Edit.
18:10:13.670 [TestNG-test=RetryMultipleFailedTestcases-1] INFO  BasicEditingTC.F4_TableTC - Created F4_Table instance.
18:10:23.153 [TestNG-test=RetryMultipleFailedTestcases-1] INFO  BasicEditingTC.F4_TableTC - Starting splitHorizontalAndVerify_ExistingTable
18:10:50.996 [TestNG-test=RetryMultipleFailedTestcases-3] INFO  BasicEditingTC.F4_TableTC - Logged in, searched for a file, and clicked Edit.
18:10:50.997 [TestNG-test=RetryMultipleFailedTestcases-3] INFO  BasicEditingTC.F4_TableTC - Created F4_Table instance.
18:11:04.729 [TestNG-test=RetryMultipleFailedTestcases-3] INFO  BasicEditingTC.F4_TableTC - Switched to frame 0.
18:11:04.739 [TestNG-test=RetryMultipleFailedTestcases-1] INFO  BasicEditingTC.F4_TableTC - Logged in, searched for a file, and clicked Edit.
18:11:04.740 [TestNG-test=RetryMultipleFailedTestcases-1] INFO  BasicEditingTC.F4_TableTC - Created F4_Table instance.
18:11:05.107 [TestNG-test=RetryMultipleFailedTestcases-3] INFO  BasicEditingTC.F4_TableTC - Clicked on the first cell of the existing table.
18:11:05.157 [TestNG-test=RetryMultipleFailedTestcases-3] INFO  BasicEditingTC.F4_TableTC - Number of rows before split: 9
18:11:07.777 [TestNG-test=RetryMultipleFailedTestcases-3] INFO  BasicEditingTC.F4_TableTC - Number of rows after split: 10
18:11:07.777 [TestNG-test=RetryMultipleFailedTestcases-3] INFO  BasicEditingTC.F4_TableTC - Number of rows after split is different from before split.
18:11:07.777 [TestNG-test=RetryMultipleFailedTestcases-3] INFO  BasicEditingTC.F4_TableTC - Finished splitHorizontalAndVerify_ExistingTable
18:11:16.528 [TestNG-test=RetryMultipleFailedTestcases-3] INFO  BasicEditingTC.F4_TableTC - Starting verify_ListInsideTable
18:11:18.245 [TestNG-test=RetryMultipleFailedTestcases-1] INFO  BasicEditingTC.F4_TableTC - Switched to frame 0.
18:11:18.703 [TestNG-test=RetryMultipleFailedTestcases-1] INFO  BasicEditingTC.F4_TableTC - Clicked on the first cell of the existing table.
18:11:18.729 [TestNG-test=RetryMultipleFailedTestcases-1] INFO  BasicEditingTC.F4_TableTC - Number of rows before split: 9
18:11:21.048 [TestNG-test=RetryMultipleFailedTestcases-1] INFO  BasicEditingTC.F4_TableTC - Number of rows after split: 10
18:11:21.048 [TestNG-test=RetryMultipleFailedTestcases-1] INFO  BasicEditingTC.F4_TableTC - Number of rows after split is different from before split.
18:11:21.048 [TestNG-test=RetryMultipleFailedTestcases-1] INFO  BasicEditingTC.F4_TableTC - Finished splitHorizontalAndVerify_ExistingTable
18:11:28.497 [TestNG-test=RetryMultipleFailedTestcases-1] INFO  BasicEditingTC.F4_TableTC - Starting InsertList_NewTable
18:12:07.756 [TestNG-test=RetryMultipleFailedTestcases-3] INFO  BasicEditingTC.F4_TableTC - Logged in, searched for a file, and clicked Edit.
18:12:07.756 [TestNG-test=RetryMultipleFailedTestcases-3] INFO  BasicEditingTC.F4_TableTC - Created F4_Table instance.
18:12:21.352 [TestNG-test=RetryMultipleFailedTestcases-3] INFO  BasicEditingTC.F4_TableTC - Switched to frame 0.
18:12:21.733 [TestNG-test=RetryMultipleFailedTestcases-3] INFO  BasicEditingTC.F4_TableTC - Clicked on the second cell of the existing table.
18:12:22.260 [TestNG-test=RetryMultipleFailedTestcases-3] INFO  BasicEditingTC.F4_TableTC - Clicked Number List.
18:12:22.580 [TestNG-test=RetryMultipleFailedTestcases-3] INFO  BasicEditingTC.F4_TableTC - Clicked Accept Change.
18:12:22.846 [TestNG-test=RetryMultipleFailedTestcases-3] INFO  BasicEditingTC.F4_TableTC - Inside the table, a list is available in the Visual Editor.
18:12:24.371 [TestNG-test=RetryMultipleFailedTestcases-1] INFO  BasicEditingTC.F4_TableTC - Logged in, searched for a file, and clicked Edit.
18:12:24.372 [TestNG-test=RetryMultipleFailedTestcases-1] INFO  BasicEditingTC.F4_TableTC - Created F4_Table instance.
18:12:32.994 [TestNG-test=RetryMultipleFailedTestcases-1] INFO  BasicEditingTC.F4_TableTC - Inserted a new table.
18:12:33.346 [TestNG-test=RetryMultipleFailedTestcases-1] INFO  BasicEditingTC.F4_TableTC - Clicked Accept Change.
18:12:33.384 [TestNG-test=RetryMultipleFailedTestcases-1] INFO  BasicEditingTC.F4_TableTC - Switched to frame 0.
18:12:33.827 [TestNG-test=RetryMultipleFailedTestcases-1] INFO  BasicEditingTC.F4_TableTC - Clicked on the first cell of the inserted table.
18:12:33.877 [TestNG-test=RetryMultipleFailedTestcases-1] INFO  BasicEditingTC.F4_TableTC - Switched back to default content.
18:12:33.907 [TestNG-test=RetryMultipleFailedTestcases-1] INFO  BasicEditingTC.F4_TableTC - Switched to frame 0 again.
18:12:34.286 [TestNG-test=RetryMultipleFailedTestcases-1] INFO  BasicEditingTC.F4_TableTC - Clicked on a new table cell.
18:12:34.335 [TestNG-test=RetryMultipleFailedTestcases-1] INFO  BasicEditingTC.F4_TableTC - Switched back to default content.
18:12:34.732 [TestNG-test=RetryMultipleFailedTestcases-1] INFO  BasicEditingTC.F4_TableTC - Clicked Bulleted List.
18:12:35.125 [TestNG-test=RetryMultipleFailedTestcases-1] INFO  BasicEditingTC.F4_TableTC - Clicked Accept Change.
18:12:35.501 [TestNG-test=RetryMultipleFailedTestcases-1] INFO  BasicEditingTC.F4_TableTC - Inside the table, a list is available in the Visual editor.
18:12:35.585 [TestNG-test=RetryMultipleFailedTestcases-1] INFO  BasicEditingTC.F4_TableTC - DS is updated after adding a list inside the table.
18:12:36.062 [TestNG-test=RetryMultipleFailedTestcases-1] INFO  BasicEditingTC.F4_TableTC - After adding a list in the table, the list is present.
18:13:23.807 [TestNG-test=RetryMultipleFailedTestcases-3] INFO  BasicEditingTC.F4_TableTC - Document Structure is updated after adding a list inside the table.
18:13:24.062 [TestNG-test=RetryMultipleFailedTestcases-3] INFO  BasicEditingTC.F4_TableTC - Clicked Quick Preview.
18:13:24.374 [TestNG-test=RetryMultipleFailedTestcases-3] INFO  BasicEditingTC.F4_TableTC - List is present in Quick Preview after adding it to the table.
18:13:37.065 [TestNG-test=RetryMultipleFailedTestcases-1] INFO  BasicEditingTC.F4_TableTC - In the code view, Content Validation error is not present.
18:13:37.065 [TestNG-test=RetryMultipleFailedTestcases-1] INFO  BasicEditingTC.F4_TableTC - Finished InsertList_NewTable
18:14:25.319 [TestNG-test=RetryMultipleFailedTestcases-3] INFO  BasicEditingTC.F4_TableTC - No Content Validation error is present in CodeView.
18:14:25.319 [TestNG-test=RetryMultipleFailedTestcases-3] INFO  BasicEditingTC.F4_TableTC - Finished verify_ListInsideTable
18:25:18.666 [TestNG-test=RetryMultipleFailedTestcases-4] INFO  BasicEditingTC.F4_TableTC - Starting InsertList_NewTable
18:25:48.737 [TestNG-test=RetryMultipleFailedTestcases-4] INFO  BasicEditingTC.F4_TableTC - Logged in, searched for a file, and clicked Edit.
18:25:48.738 [TestNG-test=RetryMultipleFailedTestcases-4] INFO  BasicEditingTC.F4_TableTC - Created F4_Table instance.
12:47:19.674 [TestNG-test=RetryMultipleFailedTestcases-4] INFO  sprint5_TestCases.Aq_ShowHideTC - Starting TC328_verifyShowHideIncb ..
12:47:20.031 [TestNG-test=RetryMultipleFailedTestcases-2] INFO  sprint5_TestCases.Aq_ShowHideTC - Starting TC326_verifyShowHide ..
12:47:20.588 [TestNG-test=RetryMultipleFailedTestcases-3] INFO  sprint5_TestCases.Aq_ShowHideTC - Starting TC327_verifyShowHideHilighted ..
12:47:20.695 [TestNG-test=RetryMultipleFailedTestcases-1] INFO  Elements_Testcases.Ae_UndoRedoTC - Starting verifyShowHideInEditorUndo ..
12:47:48.701 [TestNG-test=RetryMultipleFailedTestcases-2] INFO  sprint5_TestCases.Aq_ShowHideTC - Logged in, searched for a file, and clicked Edit.
12:47:48.708 [TestNG-test=RetryMultipleFailedTestcases-2] INFO  sprint5_TestCases.Aq_ShowHideTC - Created Aq_ShowHide instance.
12:47:48.948 [TestNG-test=RetryMultipleFailedTestcases-2] INFO  sprint5_TestCases.Aq_ShowHideTC - Verified Show Hide is Disable
12:47:49.270 [TestNG-test=RetryMultipleFailedTestcases-2] INFO  sprint5_TestCases.Aq_ShowHideTC - Switched to frame 0.
12:47:50.198 [TestNG-test=RetryMultipleFailedTestcases-3] INFO  sprint5_TestCases.Aq_ShowHideTC - Logged in, searched for a file, and clicked Edit.
12:47:50.199 [TestNG-test=RetryMultipleFailedTestcases-3] INFO  sprint5_TestCases.Aq_ShowHideTC - Created Aq_ShowHide instance.
12:47:50.199 [TestNG-test=RetryMultipleFailedTestcases-3] INFO  sprint5_TestCases.Aq_ShowHideTC - Created Actions class instance.
12:47:50.220 [TestNG-test=RetryMultipleFailedTestcases-2] INFO  sprint5_TestCases.Aq_ShowHideTC - clicked on VE first Para
12:47:50.249 [TestNG-test=RetryMultipleFailedTestcases-2] INFO  sprint5_TestCases.Aq_ShowHideTC - Switched back to default content.
12:47:50.704 [TestNG-test=RetryMultipleFailedTestcases-2] INFO  sprint5_TestCases.Aq_ShowHideTC - Verified Show Hide is Displayed
12:47:50.710 [TestNG-test=RetryMultipleFailedTestcases-3] INFO  sprint5_TestCases.Aq_ShowHideTC - Verified Show hide is highlighted
12:47:50.711 [TestNG-test=RetryMultipleFailedTestcases-3] INFO  sprint5_TestCases.Aq_ShowHideTC - Finished TC327_verifyShowHideHilighted ..
12:47:50.957 [TestNG-test=RetryMultipleFailedTestcases-2] INFO  sprint5_TestCases.Aq_ShowHideTC - clicked on Show Hide
12:47:51.002 [TestNG-test=RetryMultipleFailedTestcases-2] INFO  sprint5_TestCases.Aq_ShowHideTC - Verified Show Hide is enable
12:47:51.013 [TestNG-test=RetryMultipleFailedTestcases-2] INFO  sprint5_TestCases.Aq_ShowHideTC - Finished TC326_verifyShowHide ..
12:47:51.337 [TestNG-test=RetryMultipleFailedTestcases-4] INFO  sprint5_TestCases.Aq_ShowHideTC - Logged in, searched for a file, and clicked Edit.
12:47:51.338 [TestNG-test=RetryMultipleFailedTestcases-4] INFO  sprint5_TestCases.Aq_ShowHideTC - Created Aq_ShowHide instance.
12:47:51.772 [TestNG-test=RetryMultipleFailedTestcases-4] INFO  sprint5_TestCases.Aq_ShowHideTC - clicked on Show Hide
12:47:51.807 [TestNG-test=RetryMultipleFailedTestcases-4] INFO  sprint5_TestCases.Aq_ShowHideTC - Switched to frame 0.
12:47:51.807 [TestNG-test=RetryMultipleFailedTestcases-4] INFO  sprint5_TestCases.Aq_ShowHideTC - Created Actions class instance.
12:47:52.031 [TestNG-test=RetryMultipleFailedTestcases-1] INFO  Elements_Testcases.Ae_UndoRedoTC - Logged in, searched for a file, and clicked Edit.
12:47:52.054 [TestNG-test=RetryMultipleFailedTestcases-1] INFO  Elements_Testcases.Ae_UndoRedoTC - Created Aq_ShowHide instance.
12:47:52.157 [TestNG-test=RetryMultipleFailedTestcases-4] INFO  sprint5_TestCases.Aq_ShowHideTC - clicked on Shift key
12:47:52.157 [TestNG-test=RetryMultipleFailedTestcases-4] INFO  sprint5_TestCases.Aq_ShowHideTC - clicked on Enter key
12:47:52.159 [TestNG-test=RetryMultipleFailedTestcases-4] INFO  sprint5_TestCases.Aq_ShowHideTC - clicked on Shift key
12:47:52.288 [TestNG-test=RetryMultipleFailedTestcases-1] INFO  Elements_Testcases.Ae_UndoRedoTC - Switched to frame 0.
12:47:52.288 [TestNG-test=RetryMultipleFailedTestcases-1] INFO  Elements_Testcases.Ae_UndoRedoTC - Created Actions class instance.
12:47:53.848 [TestNG-test=RetryMultipleFailedTestcases-1] INFO  Elements_Testcases.Ae_UndoRedoTC - clicked on Space key
12:47:54.215 [TestNG-test=RetryMultipleFailedTestcases-1] INFO  Elements_Testcases.Ae_UndoRedoTC - Switched back to default content.
12:47:54.563 [TestNG-test=RetryMultipleFailedTestcases-1] INFO  Elements_Testcases.Ae_UndoRedoTC - clicked on Show Hide
12:47:54.578 [TestNG-test=RetryMultipleFailedTestcases-1] INFO  Elements_Testcases.Ae_UndoRedoTC - Switched to frame 0.
12:47:59.752 [TestNG-test=RetryMultipleFailedTestcases-2] INFO  sprint5_TestCases.Aq_ShowHideTC - Starting TC331_verifyShowHideTyping ..
12:47:59.970 [TestNG-test=RetryMultipleFailedTestcases-3] INFO  sprint5_TestCases.Aq_ShowHideTC - Starting TC330_verifyShowHideInEditor ..
12:48:02.223 [TestNG-test=RetryMultipleFailedTestcases-1] INFO  Elements_Testcases.Ae_UndoRedoTC - Starting verifyShowHideInEditorUndo ..
12:48:23.978 [TestNG-test=RetryMultipleFailedTestcases-3] INFO  sprint5_TestCases.Aq_ShowHideTC - Logged in, searched for a file, and clicked Edit.
12:48:23.978 [TestNG-test=RetryMultipleFailedTestcases-3] INFO  sprint5_TestCases.Aq_ShowHideTC - Created Aq_ShowHide instance.
12:48:23.992 [TestNG-test=RetryMultipleFailedTestcases-3] INFO  sprint5_TestCases.Aq_ShowHideTC - Switched to frame 0.
12:48:23.992 [TestNG-test=RetryMultipleFailedTestcases-3] INFO  sprint5_TestCases.Aq_ShowHideTC - Created Actions class instance.
12:48:24.917 [TestNG-test=RetryMultipleFailedTestcases-3] INFO  sprint5_TestCases.Aq_ShowHideTC - clicked on Space key
12:48:25.455 [TestNG-test=RetryMultipleFailedTestcases-3] INFO  sprint5_TestCases.Aq_ShowHideTC - clicked on Space key
12:48:25.567 [TestNG-test=RetryMultipleFailedTestcases-2] INFO  sprint5_TestCases.Aq_ShowHideTC - Logged in, searched for a file, and clicked Edit.
12:48:25.568 [TestNG-test=RetryMultipleFailedTestcases-2] INFO  sprint5_TestCases.Aq_ShowHideTC - Created Aq_ShowHide instance.
12:48:25.819 [TestNG-test=RetryMultipleFailedTestcases-2] INFO  sprint5_TestCases.Aq_ShowHideTC - clicked on Show Hide
12:48:25.835 [TestNG-test=RetryMultipleFailedTestcases-2] INFO  sprint5_TestCases.Aq_ShowHideTC - Switched to frame 0.
12:48:25.871 [TestNG-test=RetryMultipleFailedTestcases-3] INFO  sprint5_TestCases.Aq_ShowHideTC - clicked on Space key
12:48:26.245 [TestNG-test=RetryMultipleFailedTestcases-3] INFO  sprint5_TestCases.Aq_ShowHideTC - clicked on Space key
12:48:26.258 [TestNG-test=RetryMultipleFailedTestcases-2] INFO  sprint5_TestCases.Aq_ShowHideTC - clicked on VE first Para
12:48:26.258 [TestNG-test=RetryMultipleFailedTestcases-2] INFO  sprint5_TestCases.Aq_ShowHideTC - Created Actions class instance.
12:48:26.264 [TestNG-test=RetryMultipleFailedTestcases-3] INFO  sprint5_TestCases.Aq_ShowHideTC - Switched back to default content.
12:48:26.788 [TestNG-test=RetryMultipleFailedTestcases-3] INFO  sprint5_TestCases.Aq_ShowHideTC - clicked on Show Hide
12:48:26.833 [TestNG-test=RetryMultipleFailedTestcases-3] INFO  sprint5_TestCases.Aq_ShowHideTC - Switched to frame 0.
12:48:26.896 [TestNG-test=RetryMultipleFailedTestcases-3] INFO  sprint5_TestCases.Aq_ShowHideTC - Verified section num not displayed
12:48:26.896 [TestNG-test=RetryMultipleFailedTestcases-3] INFO  sprint5_TestCases.Aq_ShowHideTC - Finished TC330_verifyShowHideInEditor ..
12:48:27.286 [TestNG-test=RetryMultipleFailedTestcases-1] INFO  Elements_Testcases.Ae_UndoRedoTC - Logged in, searched for a file, and clicked Edit.
12:48:27.289 [TestNG-test=RetryMultipleFailedTestcases-1] INFO  Elements_Testcases.Ae_UndoRedoTC - Created Aq_ShowHide instance.
12:48:27.306 [TestNG-test=RetryMultipleFailedTestcases-1] INFO  Elements_Testcases.Ae_UndoRedoTC - Switched to frame 0.
12:48:27.306 [TestNG-test=RetryMultipleFailedTestcases-1] INFO  Elements_Testcases.Ae_UndoRedoTC - Created Actions class instance.
12:48:28.089 [TestNG-test=RetryMultipleFailedTestcases-2] INFO  sprint5_TestCases.Aq_ShowHideTC - Switched back to default content.
12:48:28.759 [TestNG-test=RetryMultipleFailedTestcases-1] INFO  Elements_Testcases.Ae_UndoRedoTC - clicked on Space key
