18:10:45.719 [TestNG-test=RetryMultipleFailedTestcases-74] INFO  Sameera_Testcases.Ac_ListTC - Logged in, searched for a file, and clicked Edit.
18:10:45.722 [TestNG-test=RetryMultipleFailedTestcases-77] INFO  Sameera_Testcases.Ac_ListTC - Starting InsertList_ToExistingList_DS
18:10:45.721 [TestNG-test=RetryMultipleFailedTestcases-76] INFO  Sameera_Testcases.Ac_ListTC - Starting verify_List_Properties_VE
18:10:45.722 [TestNG-test=RetryMultipleFailedTestcases-75] INFO  Sameera_Testcases.Ac_ListTC - Starting verifyChangeNumberListToBulletList
18:10:45.737 [TestNG-test=RetryMultipleFailedTestcases-77] INFO  Sameera_Testcases.Ac_ListTC - Logged in, searched for a file, and clicked Edit.
18:10:45.738 [TestNG-test=RetryMultipleFailedTestcases-76] INFO  Sameera_Testcases.Ac_ListTC - Logged in, searched for a file, and clicked Edit.
18:10:45.738 [TestNG-test=RetryMultipleFailedTestcases-75] INFO  Sameera_Testcases.Ac_ListTC - Logged in and searched for a file, then clicked Edit.
18:10:45.741 [TestNG-test=RetryMultipleFailedTestcases-77] INFO  Sameera_Testcases.Ac_ListTC - Starting InsertList_ToExistingList_DS
18:10:45.742 [TestNG-test=RetryMultipleFailedTestcases-76] INFO  Sameera_Testcases.Ac_ListTC - Starting verify_List_Properties_VE
18:10:45.742 [TestNG-test=RetryMultipleFailedTestcases-77] INFO  Sameera_Testcases.Ac_ListTC - Logged in, searched for a file, and clicked Edit.
18:10:45.746 [TestNG-test=RetryMultipleFailedTestcases-76] INFO  Sameera_Testcases.Ac_ListTC - Logged in, searched for a file, and clicked Edit.
18:10:45.748 [TestNG-test=RetryMultipleFailedTestcases-78] INFO  Sameera_Testcases.Ac_ListTC - Starting verify_ExistingList_PropertiesPopup
18:10:45.748 [TestNG-test=RetryMultipleFailedTestcases-78] INFO  Sameera_Testcases.Ac_ListTC - Logged in, searched for a file, and clicked Edit.
18:10:45.751 [TestNG-test=RetryMultipleFailedTestcases-78] INFO  Sameera_Testcases.Ac_ListTC - Starting verify_ExistingList_PropertiesPopup
18:10:45.752 [TestNG-test=RetryMultipleFailedTestcases-78] INFO  Sameera_Testcases.Ac_ListTC - Logged in, searched for a file, and clicked Edit.
18:10:45.755 [TestNG-test=RetryMultipleFailedTestcases-81] INFO  Sameera_Testcases.Ac_ListTC - Starting verifyListActions
18:10:45.755 [TestNG-test=RetryMultipleFailedTestcases-79] INFO  Sameera_Testcases.Ac_ListTC - Starting verify_ExistingList_PropertiesPopup
18:10:45.756 [TestNG-test=RetryMultipleFailedTestcases-80] INFO  Sameera_Testcases.Ac_ListTC - Logged in and searched for a file, then clicked Edit.
18:10:45.756 [TestNG-test=RetryMultipleFailedTestcases-81] INFO  Sameera_Testcases.Ac_ListTC - Logged in, searched for a file, and clicked Edit.
18:10:45.759 [TestNG-test=RetryMultipleFailedTestcases-82] INFO  Sameera_Testcases.Ac_ListTC - Starting verify_InsertInto_ExistingList
18:10:45.759 [TestNG-test=RetryMultipleFailedTestcases-80] INFO  Sameera_Testcases.Ac_ListTC - Logged in and searched for a file, then clicked Edit.
18:10:45.759 [TestNG-test=RetryMultipleFailedTestcases-81] INFO  Sameera_Testcases.Ac_ListTC - Starting verifyListActions
18:10:45.760 [TestNG-test=RetryMultipleFailedTestcases-81] INFO  Sameera_Testcases.Ac_ListTC - Logged in, searched for a file, and clicked Edit.
18:10:45.761 [TestNG-test=RetryMultipleFailedTestcases-79] INFO  Sameera_Testcases.Ac_ListTC - Logged in, searched for a file, and clicked Edit.
18:10:45.761 [TestNG-test=RetryMultipleFailedTestcases-82] INFO  Sameera_Testcases.Ac_ListTC - Logged in, searched for a file, and clicked Edit.
18:10:45.764 [TestNG-test=RetryMultipleFailedTestcases-79] INFO  Sameera_Testcases.Ac_ListTC - Starting verify_ExistingList_PropertiesPopup
18:10:45.765 [TestNG-test=RetryMultipleFailedTestcases-79] INFO  Sameera_Testcases.Ac_ListTC - Logged in, searched for a file, and clicked Edit.
18:10:45.765 [TestNG-test=RetryMultipleFailedTestcases-82] INFO  Sameera_Testcases.Ac_ListTC - Starting verify_InsertInto_ExistingList
18:10:45.765 [TestNG-test=RetryMultipleFailedTestcases-82] INFO  Sameera_Testcases.Ac_ListTC - Logged in, searched for a file, and clicked Edit.
18:10:45.769 [TestNG-test=RetryMultipleFailedTestcases-83] INFO  Sameera_Testcases.Ac_ListTC - Starting verify_InsertInto_ExistingList
18:10:45.770 [TestNG-test=RetryMultipleFailedTestcases-84] INFO  Sameera_Testcases.Ac_ListTC - Starting verify_InsertInto_ExistingList
18:10:45.771 [TestNG-test=RetryMultipleFailedTestcases-86] INFO  Sameera_Testcases.Ac_ListTC - Starting verify_InsertInto_ExistingList
18:10:45.771 [TestNG-test=RetryMultipleFailedTestcases-83] INFO  Sameera_Testcases.Ac_ListTC - Logged in, searched for a file, and clicked Edit.
18:10:45.772 [TestNG-test=RetryMultipleFailedTestcases-86] INFO  Sameera_Testcases.Ac_ListTC - Logged in, searched for a file, and clicked Edit.
18:10:45.772 [TestNG-test=RetryMultipleFailedTestcases-84] INFO  Sameera_Testcases.Ac_ListTC - Logged in, searched for a file, and clicked Edit.
18:10:45.774 [TestNG-test=RetryMultipleFailedTestcases-86] INFO  Sameera_Testcases.Ac_ListTC - Starting verify_InsertInto_ExistingList
18:10:45.773 [TestNG-test=RetryMultipleFailedTestcases-85] INFO  Sameera_Testcases.Ac_ListTC - Starting InsertList_ToExistingList_DS
18:10:45.774 [TestNG-test=RetryMultipleFailedTestcases-86] INFO  Sameera_Testcases.Ac_ListTC - Logged in, searched for a file, and clicked Edit.
18:10:45.776 [TestNG-test=RetryMultipleFailedTestcases-85] INFO  Sameera_Testcases.Ac_ListTC - Logged in, searched for a file, and clicked Edit.
18:10:45.778 [TestNG-test=RetryMultipleFailedTestcases-83] INFO  Sameera_Testcases.Ac_ListTC - Starting verify_InsertInto_ExistingList
18:10:45.779 [TestNG-test=RetryMultipleFailedTestcases-84] INFO  Sameera_Testcases.Ac_ListTC - Starting verify_InsertInto_ExistingList
18:10:45.779 [TestNG-test=RetryMultipleFailedTestcases-85] INFO  Sameera_Testcases.Ac_ListTC - Starting InsertList_ToExistingList_DS
18:10:45.779 [TestNG-test=RetryMultipleFailedTestcases-84] INFO  Sameera_Testcases.Ac_ListTC - Logged in, searched for a file, and clicked Edit.
18:10:45.779 [TestNG-test=RetryMultipleFailedTestcases-85] INFO  Sameera_Testcases.Ac_ListTC - Logged in, searched for a file, and clicked Edit.
18:10:45.780 [TestNG-test=RetryMultipleFailedTestcases-83] INFO  Sameera_Testcases.Ac_ListTC - Logged in, searched for a file, and clicked Edit.
18:10:45.781 [TestNG-test=RetryMultipleFailedTestcases-87] INFO  Sameera_Testcases.Ac_ListTC - Starting verify_InsertInto_ExistingList
18:10:45.782 [TestNG-test=RetryMultipleFailedTestcases-87] INFO  Sameera_Testcases.Ac_ListTC - Logged in, searched for a file, and clicked Edit.
18:10:45.788 [TestNG-test=RetryMultipleFailedTestcases-87] INFO  Sameera_Testcases.Ac_ListTC - Starting verify_InsertInto_ExistingList
18:10:45.788 [TestNG-test=RetryMultipleFailedTestcases-89] INFO  Sameera_Testcases.Ac_ListTC - Starting verify_ExistingList_PropertiesPopup
18:10:45.789 [TestNG-test=RetryMultipleFailedTestcases-89] INFO  Sameera_Testcases.Ac_ListTC - Logged in, searched for a file, and clicked Edit.
18:10:45.791 [TestNG-test=RetryMultipleFailedTestcases-87] INFO  Sameera_Testcases.Ac_ListTC - Logged in, searched for a file, and clicked Edit.
18:10:45.792 [TestNG-test=RetryMultipleFailedTestcases-90] INFO  Sameera_Testcases.Ac_ListTC - Starting verify_ExistingList_PropertiesPopup
18:10:45.793 [TestNG-test=RetryMultipleFailedTestcases-90] INFO  Sameera_Testcases.Ac_ListTC - Logged in, searched for a file, and clicked Edit.
18:10:45.793 [TestNG-test=RetryMultipleFailedTestcases-88] INFO  Sameera_Testcases.Ac_ListTC - Starting verify_List_Properties_VE
18:10:45.795 [TestNG-test=RetryMultipleFailedTestcases-88] INFO  Sameera_Testcases.Ac_ListTC - Logged in, searched for a file, and clicked Edit.
18:10:45.795 [TestNG-test=RetryMultipleFailedTestcases-89] INFO  Sameera_Testcases.Ac_ListTC - Starting verify_ExistingList_PropertiesPopup
18:10:45.796 [TestNG-test=RetryMultipleFailedTestcases-89] INFO  Sameera_Testcases.Ac_ListTC - Logged in, searched for a file, and clicked Edit.
18:10:45.797 [TestNG-test=RetryMultipleFailedTestcases-90] INFO  Sameera_Testcases.Ac_ListTC - Starting verify_ExistingList_PropertiesPopup
18:10:45.797 [TestNG-test=RetryMultipleFailedTestcases-90] INFO  Sameera_Testcases.Ac_ListTC - Logged in, searched for a file, and clicked Edit.
18:10:45.800 [TestNG-test=RetryMultipleFailedTestcases-88] INFO  Sameera_Testcases.Ac_ListTC - Starting verify_List_Properties_VE
18:10:45.801 [TestNG-test=RetryMultipleFailedTestcases-88] INFO  Sameera_Testcases.Ac_ListTC - Logged in, searched for a file, and clicked Edit.
18:10:45.803 [TestNG-test=RetryMultipleFailedTestcases-93] INFO  Sameera_Testcases.Ac_ListTC - Starting verify_ExistingList_PropertiesPopup
18:10:45.804 [TestNG-test=RetryMultipleFailedTestcases-93] INFO  Sameera_Testcases.Ac_ListTC - Logged in, searched for a file, and clicked Edit.
18:10:45.804 [TestNG-test=RetryMultipleFailedTestcases-91] INFO  Sameera_Testcases.Ac_ListTC - Starting verify_ExistingList_PropertiesPopup
18:10:45.805 [TestNG-test=RetryMultipleFailedTestcases-91] INFO  Sameera_Testcases.Ac_ListTC - Logged in, searched for a file, and clicked Edit.
18:10:45.806 [TestNG-test=RetryMultipleFailedTestcases-92] INFO  Sameera_Testcases.Ac_ListTC - Starting verify_ExistingList_PropertiesPopup
18:10:45.806 [TestNG-test=RetryMultipleFailedTestcases-92] INFO  Sameera_Testcases.Ac_ListTC - Logged in, searched for a file, and clicked Edit.
18:10:45.806 [TestNG-test=RetryMultipleFailedTestcases-93] INFO  Sameera_Testcases.Ac_ListTC - Starting verify_ExistingList_PropertiesPopup
18:10:45.807 [TestNG-test=RetryMultipleFailedTestcases-93] INFO  Sameera_Testcases.Ac_ListTC - Logged in, searched for a file, and clicked Edit.
18:10:45.807 [TestNG-test=RetryMultipleFailedTestcases-91] INFO  Sameera_Testcases.Ac_ListTC - Starting verify_ExistingList_PropertiesPopup
18:10:45.808 [TestNG-test=RetryMultipleFailedTestcases-91] INFO  Sameera_Testcases.Ac_ListTC - Logged in, searched for a file, and clicked Edit.
18:10:45.808 [TestNG-test=RetryMultipleFailedTestcases-94] INFO  Sameera_Testcases.Ac_ListTC - Starting verify_ExistingList_PropertiesPopup
18:10:45.809 [TestNG-test=RetryMultipleFailedTestcases-94] INFO  Sameera_Testcases.Ac_ListTC - Logged in, searched for a file, and clicked Edit.
18:10:45.811 [TestNG-test=RetryMultipleFailedTestcases-92] INFO  Sameera_Testcases.Ac_ListTC - Starting verify_ExistingList_PropertiesPopup
18:10:45.811 [TestNG-test=RetryMultipleFailedTestcases-92] INFO  Sameera_Testcases.Ac_ListTC - Logged in, searched for a file, and clicked Edit.
18:10:45.812 [TestNG-test=RetryMultipleFailedTestcases-94] INFO  Sameera_Testcases.Ac_ListTC - Starting verify_ExistingList_PropertiesPopup
18:10:45.813 [TestNG-test=RetryMultipleFailedTestcases-94] INFO  Sameera_Testcases.Ac_ListTC - Logged in, searched for a file, and clicked Edit.
18:10:45.816 [TestNG-test=RetryMultipleFailedTestcases-97] INFO  Sameera_Testcases.Ac_ListTC - Starting verify_InsertMultipleList_AcceptChange
18:10:45.816 [TestNG-test=RetryMultipleFailedTestcases-97] INFO  Sameera_Testcases.Ac_ListTC - Logged in, searched for a file, and clicked Edit.
18:10:45.819 [TestNG-test=RetryMultipleFailedTestcases-98] INFO  Sameera_Testcases.Ac_ListTC - Starting verifyUnlistNumberedList
18:10:45.819 [TestNG-test=RetryMultipleFailedTestcases-97] INFO  Sameera_Testcases.Ac_ListTC - Starting verify_InsertMultipleList_AcceptChange
18:10:45.819 [TestNG-test=RetryMultipleFailedTestcases-95] INFO  Sameera_Testcases.Ac_ListTC - Starting verify_InsertMultipleList_AcceptChange
18:10:45.820 [TestNG-test=RetryMultipleFailedTestcases-98] INFO  Sameera_Testcases.Ac_ListTC - Logged in and searched for a file, then clicked Edit.
18:10:45.820 [TestNG-test=RetryMultipleFailedTestcases-97] INFO  Sameera_Testcases.Ac_ListTC - Logged in, searched for a file, and clicked Edit.
18:10:45.822 [TestNG-test=RetryMultipleFailedTestcases-95] INFO  Sameera_Testcases.Ac_ListTC - Logged in, searched for a file, and clicked Edit.
18:10:45.824 [TestNG-test=RetryMultipleFailedTestcases-98] INFO  Sameera_Testcases.Ac_ListTC - Starting verifyUnlistNumberedList
18:10:45.825 [TestNG-test=RetryMultipleFailedTestcases-98] INFO  Sameera_Testcases.Ac_ListTC - Logged in and searched for a file, then clicked Edit.
18:10:45.825 [TestNG-test=RetryMultipleFailedTestcases-95] INFO  Sameera_Testcases.Ac_ListTC - Starting verify_InsertMultipleList_AcceptChange
18:10:45.826 [TestNG-test=RetryMultipleFailedTestcases-95] INFO  Sameera_Testcases.Ac_ListTC - Logged in, searched for a file, and clicked Edit.
18:10:45.827 [TestNG-test=RetryMultipleFailedTestcases-96] INFO  Sameera_Testcases.Ad_TableTC - Starting TC001_verifInsertTableUsingRC test...
18:10:45.831 [TestNG-test=RetryMultipleFailedTestcases-96] INFO  Sameera_Testcases.Ad_TableTC - Created Ad_Table instance.
18:10:45.832 [TestNG-test=RetryMultipleFailedTestcases-99] INFO  Sameera_Testcases.Ad_TableTC - Starting TC002_verifyInsertTableThroughToolbar
18:10:45.833 [TestNG-test=RetryMultipleFailedTestcases-101] INFO  Sameera_Testcases.Ad_TableTC - Logged in and searched for a file, then clicked Edit.
18:10:45.834 [TestNG-test=RetryMultipleFailedTestcases-99] INFO  Sameera_Testcases.Ad_TableTC - Logged in, searched for a file, and clicked Edit.
18:10:45.837 [TestNG-test=RetryMultipleFailedTestcases-100] INFO  Sameera_Testcases.Ad_TableTC - Logged in and searched for a file, then clicked Edit.
18:10:45.845 [TestNG-test=RetryMultipleFailedTestcases-96] INFO  Sameera_Testcases.Ad_TableTC - Starting TC001_verifInsertTableUsingRC test...
18:10:45.846 [TestNG-test=RetryMultipleFailedTestcases-96] INFO  Sameera_Testcases.Ad_TableTC - Created Ad_Table instance.
18:10:45.846 [TestNG-test=RetryMultipleFailedTestcases-100] INFO  Sameera_Testcases.Ad_TableTC - Logged in and searched for a file, then clicked Edit.
18:10:45.846 [TestNG-test=RetryMultipleFailedTestcases-99] INFO  Sameera_Testcases.Ad_TableTC - Starting TC002_verifyInsertTableThroughToolbar
18:10:45.846 [TestNG-test=RetryMultipleFailedTestcases-101] INFO  Sameera_Testcases.Ad_TableTC - Logged in and searched for a file, then clicked Edit.
18:10:45.848 [TestNG-test=RetryMultipleFailedTestcases-99] INFO  Sameera_Testcases.Ad_TableTC - Logged in, searched for a file, and clicked Edit.
18:10:45.853 [TestNG-test=RetryMultipleFailedTestcases-102] INFO  Sameera_Testcases.Ad_TableTC - Logged in, searched for a file, and clicked Edit.
18:10:45.853 [TestNG-test=RetryMultipleFailedTestcases-102] INFO  Sameera_Testcases.Ad_TableTC - Logged in and searched for a file, then clicked Edit.
18:10:45.855 [TestNG-test=RetryMultipleFailedTestcases-102] INFO  Sameera_Testcases.Ad_TableTC - Logged in, searched for a file, and clicked Edit.
18:10:45.855 [TestNG-test=RetryMultipleFailedTestcases-102] INFO  Sameera_Testcases.Ad_TableTC - Logged in and searched for a file, then clicked Edit.
18:10:45.857 [TestNG-test=RetryMultipleFailedTestcases-104] INFO  Sameera_Testcases.Ad_TableTC - Logged in and searched for a file, then clicked Edit.
18:10:45.861 [TestNG-test=RetryMultipleFailedTestcases-104] INFO  Sameera_Testcases.Ad_TableTC - Logged in and searched for a file, then clicked Edit.
18:10:45.864 [TestNG-test=RetryMultipleFailedTestcases-103] INFO  Sameera_Testcases.Ad_TableTC - Logged in and searched for a file, then clicked Edit.
18:10:45.865 [TestNG-test=RetryMultipleFailedTestcases-105] INFO  Sameera_Testcases.Ad_TableTC - Starting mergeCellsRight_NewTable
18:10:45.866 [TestNG-test=RetryMultipleFailedTestcases-105] INFO  Sameera_Testcases.Ad_TableTC - Logged in, searched for a file, and clicked Edit.
18:10:45.868 [TestNG-test=RetryMultipleFailedTestcases-103] INFO  Sameera_Testcases.Ad_TableTC - Logged in and searched for a file, then clicked Edit.
18:10:45.871 [TestNG-test=RetryMultipleFailedTestcases-105] INFO  Sameera_Testcases.Ad_TableTC - Starting mergeCellsRight_NewTable
18:10:45.872 [TestNG-test=RetryMultipleFailedTestcases-105] INFO  Sameera_Testcases.Ad_TableTC - Logged in, searched for a file, and clicked Edit.
18:10:45.873 [TestNG-test=RetryMultipleFailedTestcases-108] INFO  Sameera_Testcases.Ad_TableTC - Starting splitHorizontalAndVerify_ExistingTable
18:10:45.873 [TestNG-test=RetryMultipleFailedTestcases-107] INFO  Sameera_Testcases.Ad_TableTC - Starting verifymergeColumnBellowNewTable
18:10:45.873 [TestNG-test=RetryMultipleFailedTestcases-107] INFO  Sameera_Testcases.Ad_TableTC - Logged in, searched for a file, and clicked Edit.
18:10:45.874 [TestNG-test=RetryMultipleFailedTestcases-108] INFO  Sameera_Testcases.Ad_TableTC - Logged in and searched for a file, then clicked Edit.
18:10:45.874 [TestNG-test=RetryMultipleFailedTestcases-109] INFO  Sameera_Testcases.Ad_TableTC - Starting splitHorizontalAndVerify_ExistingTable
18:10:45.876 [TestNG-test=RetryMultipleFailedTestcases-107] INFO  Sameera_Testcases.Ad_TableTC - Starting verifymergeColumnBellowNewTable
18:10:45.876 [TestNG-test=RetryMultipleFailedTestcases-109] INFO  Sameera_Testcases.Ad_TableTC - Starting splitHorizontalAndVerify_ExistingTable
18:10:45.877 [TestNG-test=RetryMultipleFailedTestcases-107] INFO  Sameera_Testcases.Ad_TableTC - Logged in, searched for a file, and clicked Edit.
18:10:45.877 [TestNG-test=RetryMultipleFailedTestcases-108] INFO  Sameera_Testcases.Ad_TableTC - Starting splitHorizontalAndVerify_ExistingTable
18:10:45.877 [TestNG-test=RetryMultipleFailedTestcases-108] INFO  Sameera_Testcases.Ad_TableTC - Logged in and searched for a file, then clicked Edit.
18:10:45.878 [TestNG-test=RetryMultipleFailedTestcases-110] INFO  Sameera_Testcases.Ad_TableTC - Starting splitHorizontalAndVerify_NewTable
18:10:45.878 [TestNG-test=RetryMultipleFailedTestcases-110] INFO  Sameera_Testcases.Ad_TableTC - Logged in, searched for a file, and clicked Edit.
18:10:45.881 [TestNG-test=RetryMultipleFailedTestcases-110] INFO  Sameera_Testcases.Ad_TableTC - Starting splitHorizontalAndVerify_NewTable
18:10:45.881 [TestNG-test=RetryMultipleFailedTestcases-110] INFO  Sameera_Testcases.Ad_TableTC - Logged in, searched for a file, and clicked Edit.
18:10:45.881 [TestNG-test=RetryMultipleFailedTestcases-112] INFO  Sameera_Testcases.Ad_TableTC - Starting verifyDeleteNewTableAndCheckTC
18:10:45.882 [TestNG-test=RetryMultipleFailedTestcases-111] INFO  Sameera_Testcases.Ad_TableTC - Starting splitVerticalAndVerify_NewTable
18:10:45.882 [TestNG-test=RetryMultipleFailedTestcases-112] INFO  Sameera_Testcases.Ad_TableTC - Logged in, searched for a file, and clicked Edit.
18:10:45.883 [TestNG-test=RetryMultipleFailedTestcases-111] INFO  Sameera_Testcases.Ad_TableTC - Logged in, searched for a file, and clicked Edit.
18:10:45.885 [TestNG-test=RetryMultipleFailedTestcases-112] INFO  Sameera_Testcases.Ad_TableTC - Starting verifyDeleteNewTableAndCheckTC
18:10:45.886 [TestNG-test=RetryMultipleFailedTestcases-112] INFO  Sameera_Testcases.Ad_TableTC - Logged in, searched for a file, and clicked Edit.
18:10:45.886 [TestNG-test=RetryMultipleFailedTestcases-111] INFO  Sameera_Testcases.Ad_TableTC - Starting splitVerticalAndVerify_NewTable
18:10:45.887 [TestNG-test=RetryMultipleFailedTestcases-111] INFO  Sameera_Testcases.Ad_TableTC - Logged in, searched for a file, and clicked Edit.
18:10:45.895 [TestNG-test=RetryMultipleFailedTestcases-117] INFO  Sameera_Testcases.Ad_TableTC - Starting TC022_verifInsertTableBeforeSection test...
18:10:45.896 [TestNG-test=RetryMultipleFailedTestcases-117] INFO  Sameera_Testcases.Ad_TableTC - ReusableMethods.LoginAndSearchFile_ClickEdit()
18:10:45.896 [TestNG-test=RetryMultipleFailedTestcases-118] INFO  Sameera_Testcases.Ad_TableTC - Starting TC023_verifyInsertTableIntoSection test...
18:10:45.897 [TestNG-test=RetryMultipleFailedTestcases-118] INFO  Sameera_Testcases.Ad_TableTC - ReusableMethods.LoginAndSearchFile_ClickEdit()
18:10:45.898 [TestNG-test=RetryMultipleFailedTestcases-119] INFO  Sameera_Testcases.Ad_TableTC - Starting TC024_verifyInsertTableIntoSection test...
18:10:45.898 [TestNG-test=RetryMultipleFailedTestcases-117] INFO  Sameera_Testcases.Ad_TableTC - Starting TC022_verifInsertTableBeforeSection test...
18:10:45.899 [TestNG-test=RetryMultipleFailedTestcases-119] INFO  Sameera_Testcases.Ad_TableTC - ReusableMethods.LoginAndSearchFile_ClickEdit()
18:10:45.899 [TestNG-test=RetryMultipleFailedTestcases-118] INFO  Sameera_Testcases.Ad_TableTC - Starting TC023_verifyInsertTableIntoSection test...
18:10:45.899 [TestNG-test=RetryMultipleFailedTestcases-117] INFO  Sameera_Testcases.Ad_TableTC - ReusableMethods.LoginAndSearchFile_ClickEdit()
18:10:45.899 [TestNG-test=RetryMultipleFailedTestcases-118] INFO  Sameera_Testcases.Ad_TableTC - ReusableMethods.LoginAndSearchFile_ClickEdit()
18:10:45.901 [TestNG-test=RetryMultipleFailedTestcases-119] INFO  Sameera_Testcases.Ad_TableTC - Starting TC024_verifyInsertTableIntoSection test...
18:10:45.902 [TestNG-test=RetryMultipleFailedTestcases-119] INFO  Sameera_Testcases.Ad_TableTC - ReusableMethods.LoginAndSearchFile_ClickEdit()
18:10:45.906 [TestNG-test=RetryMultipleFailedTestcases-122] INFO  Sameera_Testcases.Ad_TableTC - Starting TC026_verifyRCInsertTableIntoSectionFromDS test...
18:10:45.906 [TestNG-test=RetryMultipleFailedTestcases-120] INFO  Sameera_Testcases.Ad_TableTC - Starting TC025_verifyRCInsertTableBeforeSectionFromDS test...
18:10:45.906 [TestNG-test=RetryMultipleFailedTestcases-122] INFO  Sameera_Testcases.Ad_TableTC - ReusableMethods.LoginAndSearchFile_ClickEdit()
18:10:45.906 [TestNG-test=RetryMultipleFailedTestcases-123] INFO  Sameera_Testcases.Ad_TableTC - Starting TC027_verifyRCInsertTableAfterSectionFromDS test...
18:10:45.906 [TestNG-test=RetryMultipleFailedTestcases-121] INFO  Sameera_Testcases.Ad_TableTC - Starting TC028_verifRCInsertTableBeforeParaVE test...
18:10:45.906 [TestNG-test=RetryMultipleFailedTestcases-120] INFO  Sameera_Testcases.Ad_TableTC - ReusableMethods.LoginAndSearchFile_ClickEdit()
18:10:45.907 [TestNG-test=RetryMultipleFailedTestcases-123] INFO  Sameera_Testcases.Ad_TableTC - ReusableMethods.LoginAndSearchFile_ClickEdit()
18:10:45.908 [TestNG-test=RetryMultipleFailedTestcases-121] INFO  Sameera_Testcases.Ad_TableTC - Created Ad_Table instance.
18:10:45.908 [TestNG-test=RetryMultipleFailedTestcases-120] INFO  Sameera_Testcases.Ad_TableTC - Starting TC025_verifyRCInsertTableBeforeSectionFromDS test...
18:10:45.909 [TestNG-test=RetryMultipleFailedTestcases-122] INFO  Sameera_Testcases.Ad_TableTC - Starting TC026_verifyRCInsertTableIntoSectionFromDS test...
18:10:45.909 [TestNG-test=RetryMultipleFailedTestcases-120] INFO  Sameera_Testcases.Ad_TableTC - ReusableMethods.LoginAndSearchFile_ClickEdit()
18:10:45.909 [TestNG-test=RetryMultipleFailedTestcases-123] INFO  Sameera_Testcases.Ad_TableTC - Starting TC027_verifyRCInsertTableAfterSectionFromDS test...
18:10:45.909 [TestNG-test=RetryMultipleFailedTestcases-122] INFO  Sameera_Testcases.Ad_TableTC - ReusableMethods.LoginAndSearchFile_ClickEdit()
18:10:45.909 [TestNG-test=RetryMultipleFailedTestcases-123] INFO  Sameera_Testcases.Ad_TableTC - ReusableMethods.LoginAndSearchFile_ClickEdit()
18:10:45.910 [TestNG-test=RetryMultipleFailedTestcases-121] INFO  Sameera_Testcases.Ad_TableTC - Starting TC028_verifRCInsertTableBeforeParaVE test...
18:10:45.911 [TestNG-test=RetryMultipleFailedTestcases-121] INFO  Sameera_Testcases.Ad_TableTC - Created Ad_Table instance.
18:10:45.913 [TestNG-test=RetryMultipleFailedTestcases-125] INFO  Sameera_Testcases.Ad_TableTC - Starting TC029_verifRCInsertTableAfterParaVE test...
18:10:45.914 [TestNG-test=RetryMultipleFailedTestcases-124] INFO  Sameera_Testcases.Ad_TableTC - Starting TC030_verifyRCInsertTableBeforeParaFromDS test...
18:10:45.914 [TestNG-test=RetryMultipleFailedTestcases-125] INFO  Sameera_Testcases.Ad_TableTC - Created Ad_Table instance.
18:10:45.914 [TestNG-test=RetryMultipleFailedTestcases-126] INFO  Sameera_Testcases.Ad_TableTC - Starting TC031_verifyRCInsertTableAfterParaFromDS test...
18:10:45.914 [TestNG-test=RetryMultipleFailedTestcases-126] INFO  Sameera_Testcases.Ad_TableTC - ReusableMethods.LoginAndSearchFile_ClickEdit()
18:10:45.914 [TestNG-test=RetryMultipleFailedTestcases-124] INFO  Sameera_Testcases.Ad_TableTC - ReusableMethods.LoginAndSearchFile_ClickEdit()
18:10:45.915 [TestNG-test=RetryMultipleFailedTestcases-127] INFO  Sameera_Testcases.Ad_TableTC - Starting TC032_verifyRCInsertTableBeforeImgFromVE test...
18:10:45.916 [TestNG-test=RetryMultipleFailedTestcases-125] INFO  Sameera_Testcases.Ad_TableTC - Starting TC029_verifRCInsertTableAfterParaVE test...
18:10:45.916 [TestNG-test=RetryMultipleFailedTestcases-126] INFO  Sameera_Testcases.Ad_TableTC - Starting TC031_verifyRCInsertTableAfterParaFromDS test...
18:10:45.916 [TestNG-test=RetryMultipleFailedTestcases-125] INFO  Sameera_Testcases.Ad_TableTC - Created Ad_Table instance.
18:10:45.916 [TestNG-test=RetryMultipleFailedTestcases-126] INFO  Sameera_Testcases.Ad_TableTC - ReusableMethods.LoginAndSearchFile_ClickEdit()
18:10:45.917 [TestNG-test=RetryMultipleFailedTestcases-124] INFO  Sameera_Testcases.Ad_TableTC - Starting TC030_verifyRCInsertTableBeforeParaFromDS test...
18:10:45.918 [TestNG-test=RetryMultipleFailedTestcases-124] INFO  Sameera_Testcases.Ad_TableTC - ReusableMethods.LoginAndSearchFile_ClickEdit()
18:10:45.918 [TestNG-test=RetryMultipleFailedTestcases-127] INFO  Sameera_Testcases.Ad_TableTC - Starting TC032_verifyRCInsertTableBeforeImgFromVE test...
18:10:45.922 [TestNG-test=RetryMultipleFailedTestcases-129] INFO  Sameera_Testcases.Ad_TableTC - Starting TC033_verifyRCInsertTableAfterImgFromVE test...
18:10:45.923 [TestNG-test=RetryMultipleFailedTestcases-131] INFO  Sameera_Testcases.Ad_TableTC - Starting TC035_verifyRCInsertTableAfterImgFromDS test...
18:10:45.924 [TestNG-test=RetryMultipleFailedTestcases-128] INFO  Sameera_Testcases.Ad_TableTC - Starting TC034_verifyRCInsertTableBeforeImgFromDS test...
18:10:45.924 [TestNG-test=RetryMultipleFailedTestcases-130] INFO  Sameera_Testcases.Ad_TableTC - Starting TC036_verifRCInsertTableBeforeTableVE test...
18:10:45.924 [TestNG-test=RetryMultipleFailedTestcases-129] INFO  Sameera_Testcases.Ad_TableTC - Starting TC033_verifyRCInsertTableAfterImgFromVE test...
18:10:45.925 [TestNG-test=RetryMultipleFailedTestcases-130] INFO  Sameera_Testcases.Ad_TableTC - Created Ad_Table instance.
18:10:45.927 [TestNG-test=RetryMultipleFailedTestcases-131] INFO  Sameera_Testcases.Ad_TableTC - Starting TC035_verifyRCInsertTableAfterImgFromDS test...
18:10:45.928 [TestNG-test=RetryMultipleFailedTestcases-128] INFO  Sameera_Testcases.Ad_TableTC - Starting TC034_verifyRCInsertTableBeforeImgFromDS test...
18:10:45.929 [TestNG-test=RetryMultipleFailedTestcases-130] INFO  Sameera_Testcases.Ad_TableTC - Starting TC036_verifRCInsertTableBeforeTableVE test...
18:10:45.929 [TestNG-test=RetryMultipleFailedTestcases-130] INFO  Sameera_Testcases.Ad_TableTC - Created Ad_Table instance.
18:10:45.935 [TestNG-test=RetryMultipleFailedTestcases-132] INFO  Sameera_Testcases.Ad_TableTC - Starting TC037_verifRCInsertTableAfterTableVE test...
18:10:45.935 [TestNG-test=RetryMultipleFailedTestcases-133] INFO  Sameera_Testcases.Ad_TableTC - Starting TC036_verifRCInsertTableBeforeTableVE test...
18:10:45.936 [TestNG-test=RetryMultipleFailedTestcases-132] INFO  Sameera_Testcases.Ad_TableTC - Created Ad_Table instance.
18:10:45.938 [TestNG-test=RetryMultipleFailedTestcases-134] INFO  Sameera_Testcases.Ad_TableTC - Starting TC039_verifRCInsertTableAfterTableDS test...
18:10:45.938 [TestNG-test=RetryMultipleFailedTestcases-134] INFO  Sameera_Testcases.Ad_TableTC - Created Ad_Table instance.
18:10:45.938 [TestNG-test=RetryMultipleFailedTestcases-135] INFO  Sameera_Testcases.Ad_TableTC - Starting TC040_verifyInsertTableBeforeSectionUsingQuickInsert test...
18:10:45.939 [TestNG-test=RetryMultipleFailedTestcases-133] INFO  Sameera_Testcases.Ad_TableTC - Created Ad_Table instance.
18:10:45.939 [TestNG-test=RetryMultipleFailedTestcases-132] INFO  Sameera_Testcases.Ad_TableTC - Starting TC037_verifRCInsertTableAfterTableVE test...
18:10:45.939 [TestNG-test=RetryMultipleFailedTestcases-135] INFO  Sameera_Testcases.Ad_TableTC - ReusableMethods.LoginAndSearchFile_ClickEdit()
18:10:45.939 [TestNG-test=RetryMultipleFailedTestcases-132] INFO  Sameera_Testcases.Ad_TableTC - Created Ad_Table instance.
18:10:45.942 [TestNG-test=RetryMultipleFailedTestcases-135] INFO  Sameera_Testcases.Ad_TableTC - Starting TC040_verifyInsertTableBeforeSectionUsingQuickInsert test...
18:10:45.942 [TestNG-test=RetryMultipleFailedTestcases-134] INFO  Sameera_Testcases.Ad_TableTC - Starting TC039_verifRCInsertTableAfterTableDS test...
18:10:45.942 [TestNG-test=RetryMultipleFailedTestcases-133] INFO  Sameera_Testcases.Ad_TableTC - Starting TC036_verifRCInsertTableBeforeTableVE test...
18:10:45.942 [TestNG-test=RetryMultipleFailedTestcases-135] INFO  Sameera_Testcases.Ad_TableTC - ReusableMethods.LoginAndSearchFile_ClickEdit()
18:10:45.943 [TestNG-test=RetryMultipleFailedTestcases-133] INFO  Sameera_Testcases.Ad_TableTC - Created Ad_Table instance.
18:10:45.944 [TestNG-test=RetryMultipleFailedTestcases-134] INFO  Sameera_Testcases.Ad_TableTC - Created Ad_Table instance.
18:10:45.947 [TestNG-test=RetryMultipleFailedTestcases-137] INFO  Sameera_Testcases.Ad_TableTC - Starting TC041_verifyInsertTableIntoSectionUsingQuickInsert test...
18:10:45.947 [TestNG-test=RetryMultipleFailedTestcases-137] INFO  Sameera_Testcases.Ad_TableTC - ReusableMethods.LoginAndSearchFile_ClickEdit()
18:10:45.950 [TestNG-test=RetryMultipleFailedTestcases-137] INFO  Sameera_Testcases.Ad_TableTC - Starting TC041_verifyInsertTableIntoSectionUsingQuickInsert test...
18:10:45.950 [TestNG-test=RetryMultipleFailedTestcases-138] INFO  Sameera_Testcases.Ad_TableTC - Starting TC044_verifyInsertTableAfterParaUsingQuickInsert test...
18:10:45.951 [TestNG-test=RetryMultipleFailedTestcases-138] INFO  Sameera_Testcases.Ad_TableTC - ReusableMethods.LoginAndSearchFile_ClickEdit()
18:10:45.951 [TestNG-test=RetryMultipleFailedTestcases-137] INFO  Sameera_Testcases.Ad_TableTC - ReusableMethods.LoginAndSearchFile_ClickEdit()
18:10:45.952 [TestNG-test=RetryMultipleFailedTestcases-136] INFO  Sameera_Testcases.Ad_TableTC - Starting TC043_verifyInsertTableBeforeParaUsingQuickInsert test...
18:10:45.952 [TestNG-test=RetryMultipleFailedTestcases-136] INFO  Sameera_Testcases.Ad_TableTC - ReusableMethods.LoginAndSearchFile_ClickEdit()
18:10:45.952 [TestNG-test=RetryMultipleFailedTestcases-139] INFO  Sameera_Testcases.Ad_TableTC - Starting TC042_verifyInsertTableAfterSectionUsingQuickInsert test...
18:10:45.953 [TestNG-test=RetryMultipleFailedTestcases-139] INFO  Sameera_Testcases.Ad_TableTC - ReusableMethods.LoginAndSearchFile_ClickEdit()
18:10:45.955 [TestNG-test=RetryMultipleFailedTestcases-136] INFO  Sameera_Testcases.Ad_TableTC - Starting TC043_verifyInsertTableBeforeParaUsingQuickInsert test...
18:10:45.955 [TestNG-test=RetryMultipleFailedTestcases-136] INFO  Sameera_Testcases.Ad_TableTC - ReusableMethods.LoginAndSearchFile_ClickEdit()
18:10:45.955 [TestNG-test=RetryMultipleFailedTestcases-138] INFO  Sameera_Testcases.Ad_TableTC - Starting TC044_verifyInsertTableAfterParaUsingQuickInsert test...
18:10:45.956 [TestNG-test=RetryMultipleFailedTestcases-138] INFO  Sameera_Testcases.Ad_TableTC - ReusableMethods.LoginAndSearchFile_ClickEdit()
18:10:45.956 [TestNG-test=RetryMultipleFailedTestcases-139] INFO  Sameera_Testcases.Ad_TableTC - Starting TC042_verifyInsertTableAfterSectionUsingQuickInsert test...
18:10:45.957 [TestNG-test=RetryMultipleFailedTestcases-139] INFO  Sameera_Testcases.Ad_TableTC - ReusableMethods.LoginAndSearchFile_ClickEdit()
18:10:45.959 [TestNG-test=RetryMultipleFailedTestcases-140] INFO  Sameera_Testcases.Ad_TableTC - Starting TC045_verifyInsertTableBeforeImageUsingQuickInsert test...
18:10:45.960 [TestNG-test=RetryMultipleFailedTestcases-141] INFO  Sameera_Testcases.Ad_TableTC - Starting TC046_verifyInsertTableAfterImgUsingQuickInsert test...
18:10:45.961 [TestNG-test=RetryMultipleFailedTestcases-142] INFO  Sameera_Testcases.Ad_TableTC - Starting TC047_verifyInsertTableBeforeTableUsingQuickInsert test...
18:10:45.962 [TestNG-test=RetryMultipleFailedTestcases-140] INFO  Sameera_Testcases.Ad_TableTC - Starting TC045_verifyInsertTableBeforeImageUsingQuickInsert test...
18:10:45.962 [TestNG-test=RetryMultipleFailedTestcases-142] INFO  Sameera_Testcases.Ad_TableTC - Created Ad_Table instance.
18:10:45.962 [TestNG-test=RetryMultipleFailedTestcases-141] INFO  Sameera_Testcases.Ad_TableTC - Starting TC046_verifyInsertTableAfterImgUsingQuickInsert test...
18:10:45.963 [TestNG-test=RetryMultipleFailedTestcases-143] INFO  Sameera_Testcases.Ad_TableTC - Starting TC048_verifyInsertTableAfterTableUsingQuickInsert test...
18:10:45.964 [TestNG-test=RetryMultipleFailedTestcases-142] INFO  Sameera_Testcases.Ad_TableTC - Starting TC047_verifyInsertTableBeforeTableUsingQuickInsert test...
18:10:45.965 [TestNG-test=RetryMultipleFailedTestcases-143] INFO  Sameera_Testcases.Ad_TableTC - Created Ad_Table instance.
18:10:45.966 [TestNG-test=RetryMultipleFailedTestcases-142] INFO  Sameera_Testcases.Ad_TableTC - Created Ad_Table instance.
18:10:45.967 [TestNG-test=RetryMultipleFailedTestcases-145] INFO  Sameera_Testcases.Ad_TableTC - Starting TC04_verifyInsertRowThroughtTP ..
18:10:45.968 [TestNG-test=RetryMultipleFailedTestcases-143] INFO  Sameera_Testcases.Ad_TableTC - Starting TC048_verifyInsertTableAfterTableUsingQuickInsert test...
18:10:45.968 [TestNG-test=RetryMultipleFailedTestcases-145] INFO  Sameera_Testcases.Ad_TableTC - Logged in, searched for a file, and clicked Edit.
18:10:45.969 [TestNG-test=RetryMultipleFailedTestcases-144] INFO  Sameera_Testcases.Ad_TableTC - Starting TC049_verifyChangeParaToTable test...
18:10:45.970 [TestNG-test=RetryMultipleFailedTestcases-145] INFO  Sameera_Testcases.Ad_TableTC - Starting TC04_verifyInsertRowThroughtTP ..
18:10:45.971 [TestNG-test=RetryMultipleFailedTestcases-145] INFO  Sameera_Testcases.Ad_TableTC - Logged in, searched for a file, and clicked Edit.
18:10:45.971 [TestNG-test=RetryMultipleFailedTestcases-143] INFO  Sameera_Testcases.Ad_TableTC - Created Ad_Table instance.
18:10:45.972 [TestNG-test=RetryMultipleFailedTestcases-146] INFO  Sameera_Testcases.Ad_TableTC - Starting TC050_verifyChangeImgToTable test...
18:10:45.974 [TestNG-test=RetryMultipleFailedTestcases-144] INFO  Sameera_Testcases.Ad_TableTC - Starting TC049_verifyChangeParaToTable test...
18:10:45.974 [TestNG-test=RetryMultipleFailedTestcases-146] INFO  Sameera_Testcases.Ad_TableTC - Starting TC050_verifyChangeImgToTable test...
18:10:45.975 [TestNG-test=RetryMultipleFailedTestcases-147] INFO  Sameera_Testcases.Ad_TableTC - Starting TC051_verifyAddRowThroughRCCheckTC test...
18:10:45.975 [TestNG-test=RetryMultipleFailedTestcases-147] INFO  Sameera_Testcases.Ad_TableTC - Logged in and searched for a file, then clicked Edit.
18:10:45.977 [TestNG-test=RetryMultipleFailedTestcases-148] INFO  Sameera_Testcases.Ad_TableTC - Starting TC052_verifyAddColumnThroughRCCheckTC test...
18:10:45.977 [TestNG-test=RetryMultipleFailedTestcases-148] INFO  Sameera_Testcases.Ad_TableTC - Logged in and searched for a file, then clicked Edit.
18:10:45.979 [TestNG-test=RetryMultipleFailedTestcases-149] INFO  Sameera_Testcases.Ad_TableTC - Starting TC053_verifyInsertNewRowUsingTabKey test...
18:10:45.979 [TestNG-test=RetryMultipleFailedTestcases-150] INFO  Sameera_Testcases.Ad_TableTC - Starting TC054_verifyInsertRowThroughtRHSTP test...
18:10:45.979 [TestNG-test=RetryMultipleFailedTestcases-147] INFO  Sameera_Testcases.Ad_TableTC - Starting TC051_verifyAddRowThroughRCCheckTC test...
18:10:45.979 [TestNG-test=RetryMultipleFailedTestcases-149] INFO  Sameera_Testcases.Ad_TableTC - Logged in and searched for a file, then clicked Edit.
18:10:45.979 [TestNG-test=RetryMultipleFailedTestcases-148] INFO  Sameera_Testcases.Ad_TableTC - Starting TC052_verifyAddColumnThroughRCCheckTC test...
18:10:45.979 [TestNG-test=RetryMultipleFailedTestcases-150] INFO  Sameera_Testcases.Ad_TableTC - Logged in and searched for a file, then clicked Edit.
18:10:45.980 [TestNG-test=RetryMultipleFailedTestcases-147] INFO  Sameera_Testcases.Ad_TableTC - Logged in and searched for a file, then clicked Edit.
18:10:45.980 [TestNG-test=RetryMultipleFailedTestcases-148] INFO  Sameera_Testcases.Ad_TableTC - Logged in and searched for a file, then clicked Edit.
18:10:45.981 [TestNG-test=RetryMultipleFailedTestcases-150] INFO  Sameera_Testcases.Ad_TableTC - Starting TC054_verifyInsertRowThroughtRHSTP test...
18:10:45.982 [TestNG-test=RetryMultipleFailedTestcases-149] INFO  Sameera_Testcases.Ad_TableTC - Starting TC053_verifyInsertNewRowUsingTabKey test...
18:10:45.982 [TestNG-test=RetryMultipleFailedTestcases-149] INFO  Sameera_Testcases.Ad_TableTC - Logged in and searched for a file, then clicked Edit.
18:10:45.982 [TestNG-test=RetryMultipleFailedTestcases-150] INFO  Sameera_Testcases.Ad_TableTC - Logged in and searched for a file, then clicked Edit.
18:10:45.984 [TestNG-test=RetryMultipleFailedTestcases-151] INFO  Sameera_Testcases.Ad_TableTC - Starting TC055_verifyInsertColumnhroughtRHSTP test...
18:10:45.984 [TestNG-test=RetryMultipleFailedTestcases-152] INFO  Sameera_Testcases.Ad_TableTC - Starting verifyInsertColumnRight
18:10:45.985 [TestNG-test=RetryMultipleFailedTestcases-152] INFO  Sameera_Testcases.Ad_TableTC - Logged in, searched for a file, and clicked Edit.
18:10:45.987 [TestNG-test=RetryMultipleFailedTestcases-151] INFO  Sameera_Testcases.Ad_TableTC - Logged in and searched for a file, then clicked Edit.
18:10:45.988 [TestNG-test=RetryMultipleFailedTestcases-152] INFO  Sameera_Testcases.Ad_TableTC - Starting verifyInsertColumnRight
18:10:45.989 [TestNG-test=RetryMultipleFailedTestcases-151] INFO  Sameera_Testcases.Ad_TableTC - Starting TC055_verifyInsertColumnhroughtRHSTP test...
18:10:45.989 [TestNG-test=RetryMultipleFailedTestcases-152] INFO  Sameera_Testcases.Ad_TableTC - Logged in, searched for a file, and clicked Edit.
18:10:45.990 [TestNG-test=RetryMultipleFailedTestcases-151] INFO  Sameera_Testcases.Ad_TableTC - Logged in and searched for a file, then clicked Edit.
18:10:46.019 [TestNG-test=RetryMultipleFailedTestcases-165] INFO  Sameera_Testcases.Ae_ImageTC - Starting the test TC177_verify_AddMediaObjectDelete_AcceptChange
18:10:46.020 [TestNG-test=RetryMultipleFailedTestcases-165] INFO  Sameera_Testcases.Ae_ImageTC - Logged in and searched for the file, then clicked on edit.
18:10:46.024 [TestNG-test=RetryMultipleFailedTestcases-165] INFO  Sameera_Testcases.Ae_ImageTC - Starting the test TC177_verify_AddMediaObjectDelete_AcceptChange
18:10:46.024 [TestNG-test=RetryMultipleFailedTestcases-165] INFO  Sameera_Testcases.Ae_ImageTC - Logged in and searched for the file, then clicked on edit.
18:10:46.048 [TestNG-test=RetryMultipleFailedTestcases-173] INFO  Sameera_Testcases.Ae_ImageTC - Logged in and searched for the file, then clicked Edit.
18:10:46.054 [TestNG-test=RetryMultipleFailedTestcases-175] INFO  sprint6_TestCases.E_ShowHideTrackChangesTC - Starting TC105_verifyAddContentShowHideDisableTrackChangePanel
18:10:46.055 [TestNG-test=RetryMultipleFailedTestcases-175] INFO  sprint6_TestCases.E_ShowHideTrackChangesTC - Logged in and searched for a file, then clicked Edit.
18:10:46.055 [TestNG-test=RetryMultipleFailedTestcases-176] INFO  Sameera_Testcases.Af_InlineElementTC - Starting TC001_verifySelectTextApplyEmphasis ..
18:10:46.056 [TestNG-test=RetryMultipleFailedTestcases-173] INFO  Sameera_Testcases.Ae_ImageTC - Logged in and searched for the file, then clicked Edit.
18:10:46.060 [TestNG-test=RetryMultipleFailedTestcases-177] INFO  Sameera_Testcases.Af_InlineElementTC - Starting TC002_verifySelectTextApplyEmphasisFromToolbar ..
18:10:46.061 [TestNG-test=RetryMultipleFailedTestcases-178] INFO  Sameera_Testcases.Af_InlineElementTC - Starting TC003_verifyApplyMultipleEmphaisOnSingleText ..
18:10:46.063 [TestNG-test=RetryMultipleFailedTestcases-175] INFO  sprint6_TestCases.E_ShowHideTrackChangesTC - Starting TC105_verifyAddContentShowHideDisableTrackChangePanel
18:10:46.063 [TestNG-test=RetryMultipleFailedTestcases-175] INFO  sprint6_TestCases.E_ShowHideTrackChangesTC - Logged in and searched for a file, then clicked Edit.
18:10:46.069 [TestNG-test=RetryMultipleFailedTestcases-179] INFO  Sameera_Testcases.Af_InlineElementTC - Starting TC004_verifyChangeBoldToStrikthroughCheckToolBar
18:10:46.070 [TestNG-test=RetryMultipleFailedTestcases-179] INFO  Sameera_Testcases.Af_InlineElementTC - Logged in, searched for a file, and clicked Edit.
18:10:46.071 [TestNG-test=RetryMultipleFailedTestcases-177] INFO  Sameera_Testcases.Af_InlineElementTC - Starting TC002_verifySelectTextApplyEmphasisFromToolbar ..
18:10:46.072 [TestNG-test=RetryMultipleFailedTestcases-176] INFO  Sameera_Testcases.Af_InlineElementTC - Starting TC001_verifySelectTextApplyEmphasis ..
18:10:46.073 [TestNG-test=RetryMultipleFailedTestcases-179] INFO  Sameera_Testcases.Af_InlineElementTC - Starting TC004_verifyChangeBoldToStrikthroughCheckToolBar
18:10:46.073 [TestNG-test=RetryMultipleFailedTestcases-178] INFO  Sameera_Testcases.Af_InlineElementTC - Starting TC003_verifyApplyMultipleEmphaisOnSingleText ..
18:10:46.074 [TestNG-test=RetryMultipleFailedTestcases-179] INFO  Sameera_Testcases.Af_InlineElementTC - Logged in, searched for a file, and clicked Edit.
18:10:46.078 [TestNG-test=RetryMultipleFailedTestcases-180] INFO  Sameera_Testcases.Af_InlineElementTC - Starting TC005_verifyBoldAndUnboldParaSelectedText
18:10:46.079 [TestNG-test=RetryMultipleFailedTestcases-182] INFO  Sameera_Testcases.Af_InlineElementTC - Starting TC006_verifyInsertBoldAndItalicTogetherRemoveItalic ..
18:10:46.079 [TestNG-test=RetryMultipleFailedTestcases-181] INFO  Sameera_Testcases.Af_InlineElementTC - Starting TC003_verifyApplyMultipleEmphaisOnSingleText ..
18:10:46.080 [TestNG-test=RetryMultipleFailedTestcases-180] INFO  Sameera_Testcases.Af_InlineElementTC - Logged in, searched for a file, and clicked Edit.
18:10:46.083 [TestNG-test=RetryMultipleFailedTestcases-180] INFO  Sameera_Testcases.Af_InlineElementTC - Starting TC005_verifyBoldAndUnboldParaSelectedText
18:10:46.083 [TestNG-test=RetryMultipleFailedTestcases-181] INFO  Sameera_Testcases.Af_InlineElementTC - Starting TC003_verifyApplyMultipleEmphaisOnSingleText ..
18:10:46.085 [TestNG-test=RetryMultipleFailedTestcases-182] INFO  Sameera_Testcases.Af_InlineElementTC - Starting TC006_verifyInsertBoldAndItalicTogetherRemoveItalic ..
18:10:46.084 [TestNG-test=RetryMultipleFailedTestcases-180] INFO  Sameera_Testcases.Af_InlineElementTC - Logged in, searched for a file, and clicked Edit.
18:10:46.086 [TestNG-test=RetryMultipleFailedTestcases-183] INFO  Sameera_Testcases.Af_InlineElementTC - Starting TC003_verifyApplyMultipleEmphaisOnSingleText ..
18:10:46.091 [TestNG-test=RetryMultipleFailedTestcases-183] INFO  Sameera_Testcases.Af_InlineElementTC - Starting TC003_verifyApplyMultipleEmphaisOnSingleText ..
18:10:46.091 [TestNG-test=RetryMultipleFailedTestcases-186] INFO  Sameera_Testcases.Ag_LinkTC - Starting TC0015_verifyInsertLinkFromToolbarCheckToolTip ..
18:10:46.091 [TestNG-test=RetryMultipleFailedTestcases-184] INFO  Sameera_Testcases.Ag_LinkTC - Starting TC001_verifyInsertCrossReferenceInPara ..
18:10:46.092 [TestNG-test=RetryMultipleFailedTestcases-185] INFO  Sameera_Testcases.Ag_LinkTC - Starting TC0014_verifyInsertLinkFromToolbarCheckTC ..
18:10:46.096 [TestNG-test=RetryMultipleFailedTestcases-187] INFO  Sameera_Testcases.Ag_LinkTC - Starting TC002_verifyCrossReferenceByReferenceType ..
18:10:46.097 [TestNG-test=RetryMultipleFailedTestcases-187] INFO  Sameera_Testcases.Ag_LinkTC - Logged in, searched for a file, and clicked Edit.
18:10:46.102 [TestNG-test=RetryMultipleFailedTestcases-187] INFO  Sameera_Testcases.Ag_LinkTC - Starting TC002_verifyCrossReferenceByReferenceType ..
18:10:46.102 [TestNG-test=RetryMultipleFailedTestcases-185] INFO  Sameera_Testcases.Ag_LinkTC - Starting TC0014_verifyInsertLinkFromToolbarCheckTC ..
18:10:46.103 [TestNG-test=RetryMultipleFailedTestcases-186] INFO  Sameera_Testcases.Ag_LinkTC - Starting TC0015_verifyInsertLinkFromToolbarCheckToolTip ..
18:10:46.103 [TestNG-test=RetryMultipleFailedTestcases-187] INFO  Sameera_Testcases.Ag_LinkTC - Logged in, searched for a file, and clicked Edit.
18:10:46.103 [TestNG-test=RetryMultipleFailedTestcases-184] INFO  Sameera_Testcases.Ag_LinkTC - Starting TC001_verifyInsertCrossReferenceInPara ..
18:10:46.108 [TestNG-test=RetryMultipleFailedTestcases-188] INFO  Sameera_Testcases.Ag_LinkTC - Starting verifyXrefInOtherPublication ..
18:10:46.108 [TestNG-test=RetryMultipleFailedTestcases-189] INFO  Sameera_Testcases.Ag_LinkTC - Starting TC004_verifyXrefInOtherPublication ..
18:10:46.108 [TestNG-test=RetryMultipleFailedTestcases-188] INFO  Sameera_Testcases.Ag_LinkTC - Logged in, searched for a file, and clicked Edit.
18:10:46.108 [TestNG-test=RetryMultipleFailedTestcases-189] INFO  Sameera_Testcases.Ag_LinkTC - Logged in, searched for a file, and clicked Edit.
18:10:46.108 [TestNG-test=RetryMultipleFailedTestcases-190] INFO  Sameera_Testcases.Ag_LinkTC - Starting TC006_verifyEditCrossReferenceLink ..
18:10:46.108 [TestNG-test=RetryMultipleFailedTestcases-191] INFO  Sameera_Testcases.Ag_LinkTC - Starting test TC005_verifyXrefExternalSource.
18:10:46.109 [TestNG-test=RetryMultipleFailedTestcases-191] INFO  Sameera_Testcases.Ag_LinkTC - Logged in and clicked on Edit.
18:10:46.110 [TestNG-test=RetryMultipleFailedTestcases-188] INFO  Sameera_Testcases.Ag_LinkTC - Starting verifyXrefInOtherPublication ..
18:10:46.110 [TestNG-test=RetryMultipleFailedTestcases-188] INFO  Sameera_Testcases.Ag_LinkTC - Logged in, searched for a file, and clicked Edit.
18:10:46.110 [TestNG-test=RetryMultipleFailedTestcases-190] INFO  Sameera_Testcases.Ag_LinkTC - Starting TC006_verifyEditCrossReferenceLink ..
18:10:46.111 [TestNG-test=RetryMultipleFailedTestcases-189] INFO  Sameera_Testcases.Ag_LinkTC - Starting TC004_verifyXrefInOtherPublication ..
18:10:46.111 [TestNG-test=RetryMultipleFailedTestcases-189] INFO  Sameera_Testcases.Ag_LinkTC - Logged in, searched for a file, and clicked Edit.
18:10:46.115 [TestNG-test=RetryMultipleFailedTestcases-192] INFO  Sameera_Testcases.Ag_LinkTC - Starting TC008_verifyEditExistingCrossReferenceLink ..
18:10:46.116 [TestNG-test=RetryMultipleFailedTestcases-193] INFO  Sameera_Testcases.Ag_LinkTC - Starting TC007_verifyEditCrossReferenceLinkChangeDestintion ..
18:10:46.116 [TestNG-test=RetryMultipleFailedTestcases-191] INFO  Sameera_Testcases.Ag_LinkTC - Starting test TC005_verifyXrefExternalSource.
18:10:46.117 [TestNG-test=RetryMultipleFailedTestcases-191] INFO  Sameera_Testcases.Ag_LinkTC - Logged in and clicked on Edit.
18:10:46.118 [TestNG-test=RetryMultipleFailedTestcases-192] INFO  Sameera_Testcases.Ag_LinkTC - Starting TC008_verifyEditExistingCrossReferenceLink ..
18:10:46.120 [TestNG-test=RetryMultipleFailedTestcases-193] INFO  Sameera_Testcases.Ag_LinkTC - Starting TC007_verifyEditCrossReferenceLinkChangeDestintion ..
18:10:46.120 [TestNG-test=RetryMultipleFailedTestcases-194] INFO  Sameera_Testcases.Ag_LinkTC - Starting TC009_verifyEditExistingCrossReferenceLinkCheckPopup ..
18:10:46.123 [TestNG-test=RetryMultipleFailedTestcases-194] INFO  Sameera_Testcases.Ag_LinkTC - Starting TC009_verifyEditExistingCrossReferenceLinkCheckPopup ..
18:10:46.123 [TestNG-test=RetryMultipleFailedTestcases-196] INFO  Sameera_Testcases.Ag_LinkTC - Starting TC011_verifyUnlinkExistingLink ..
18:10:46.124 [TestNG-test=RetryMultipleFailedTestcases-195] INFO  Sameera_Testcases.Ag_LinkTC - Starting TC010_verifyEditExistingCrossReferenceLinkCheckTC ..
18:10:46.126 [TestNG-test=RetryMultipleFailedTestcases-196] INFO  Sameera_Testcases.Ag_LinkTC - Starting TC011_verifyUnlinkExistingLink ..
18:10:46.126 [TestNG-test=RetryMultipleFailedTestcases-197] INFO  Sameera_Testcases.Ag_LinkTC - Starting TC012_verifyUnlinkExistingLinkCheckVEDocument ..
18:10:46.128 [TestNG-test=RetryMultipleFailedTestcases-195] INFO  Sameera_Testcases.Ag_LinkTC - Starting TC010_verifyEditExistingCrossReferenceLinkCheckTC ..
18:10:46.129 [TestNG-test=RetryMultipleFailedTestcases-198] INFO  Sameera_Testcases.Ag_LinkTC - Starting TC013_verifyRemoveExistingCrossRefCheckTC ..
18:10:46.130 [TestNG-test=RetryMultipleFailedTestcases-197] INFO  Sameera_Testcases.Ag_LinkTC - Starting TC012_verifyUnlinkExistingLinkCheckVEDocument ..
18:10:46.132 [TestNG-test=RetryMultipleFailedTestcases-200] INFO  Sameera_Testcases.Ag_LinkTC - Starting TC016_verifyEditExistingLinkCheckTooltip ..
18:10:46.133 [TestNG-test=RetryMultipleFailedTestcases-198] INFO  Sameera_Testcases.Ag_LinkTC - Starting TC013_verifyRemoveExistingCrossRefCheckTC ..
18:10:46.134 [TestNG-test=RetryMultipleFailedTestcases-199] INFO  Sameera_Testcases.Ag_LinkTC - Starting TC016_verifyEditExistingLinkCheckTooltip ..
18:10:46.135 [TestNG-test=RetryMultipleFailedTestcases-200] INFO  Sameera_Testcases.Ag_LinkTC - Starting TC016_verifyEditExistingLinkCheckTooltip ..
18:10:46.138 [TestNG-test=RetryMultipleFailedTestcases-199] INFO  Sameera_Testcases.Ag_LinkTC - Starting TC016_verifyEditExistingLinkCheckTooltip ..
18:10:46.139 [TestNG-test=RetryMultipleFailedTestcases-203] INFO  Sameera_Testcases.Ai_GuidedAuthoringTC - Starting verify_AddingList_InsertInto_InPara ..
18:10:46.140 [TestNG-test=RetryMultipleFailedTestcases-203] INFO  Sameera_Testcases.Ai_GuidedAuthoringTC - Logged in, searched for a file, and clicked Edit.
18:10:46.142 [TestNG-test=RetryMultipleFailedTestcases-203] INFO  Sameera_Testcases.Ai_GuidedAuthoringTC - Starting verify_AddingList_InsertInto_InPara ..
18:10:46.143 [TestNG-test=RetryMultipleFailedTestcases-203] INFO  Sameera_Testcases.Ai_GuidedAuthoringTC - Logged in, searched for a file, and clicked Edit.
