21:14:47.099 [TestNG-test=RetryMultipleFailedTestcases-4] INFO  sprint5_TestCases.E_CommonTC - Logged in, searched for a file, and clicked Edit.
21:14:47.353 [TestNG-test=RetryMultipleFailedTestcases-4] INFO  sprint5_TestCases.E_CommonTC - Switched to frame 0.
21:14:48.335 [TestNG-test=RetryMultipleFailedTestcases-4] INFO  sprint5_TestCases.E_CommonTC - clicked on VE First para 
21:14:48.336 [TestNG-test=RetryMultipleFailedTestcases-4] INFO  sprint5_TestCases.E_CommonTC - Created Actions class instance.
21:14:50.471 [TestNG-test=RetryMultipleFailedTestcases-4] INFO  sprint5_TestCases.E_CommonTC - Switched back to default content.
21:14:51.179 [TestNG-test=RetryMultipleFailedTestcases-4] INFO  sprint5_TestCases.E_CommonTC - Clicked on Undo Plugin
21:14:52.277 [TestNG-test=RetryMultipleFailedTestcases-2] INFO  BasicEditingTC.F12_UndoRedoTC - Starting verify_Insert_Table
21:15:02.563 [TestNG-test=RetryMultipleFailedTestcases-1] INFO  sprint5_TestCases.C_CommonBugsTC - Starting test TC775_verifyDeleteColumnExisting.
21:15:15.912 [TestNG-test=RetryMultipleFailedTestcases-2] INFO  BasicEditingTC.F12_UndoRedoTC - Logged in, searched for a file, and clicked Edit.
21:15:15.912 [TestNG-test=RetryMultipleFailedTestcases-2] INFO  BasicEditingTC.F12_UndoRedoTC - Created F4_Table instance.
21:15:24.362 [TestNG-test=RetryMultipleFailedTestcases-2] INFO  BasicEditingTC.F12_UndoRedoTC - Inserted table using ReusableMethods.
21:15:24.496 [TestNG-test=RetryMultipleFailedTestcases-2] INFO  BasicEditingTC.F12_UndoRedoTC - Switched to frame 0.
21:15:24.585 [TestNG-test=RetryMultipleFailedTestcases-2] INFO  BasicEditingTC.F12_UndoRedoTC - Table is inserted in the Visual Editor.
21:15:24.588 [TestNG-test=RetryMultipleFailedTestcases-2] INFO  BasicEditingTC.F12_UndoRedoTC - Switched back to default content.
21:15:24.715 [TestNG-test=RetryMultipleFailedTestcases-2] INFO  BasicEditingTC.F12_UndoRedoTC - Document Structure is updated with the table.
21:15:29.161 [TestNG-test=RetryMultipleFailedTestcases-1] INFO  sprint5_TestCases.C_CommonBugsTC - Logged in and clicked on Edit.
21:15:30.013 [TestNG-test=RetryMultipleFailedTestcases-1] INFO  sprint5_TestCases.C_CommonBugsTC - Clicked on a table cell.
21:15:30.369 [TestNG-test=RetryMultipleFailedTestcases-1] INFO  sprint5_TestCases.C_CommonBugsTC - Clicked on the Table Properties tab.
21:15:31.189 [TestNG-test=RetryMultipleFailedTestcases-1] INFO  sprint5_TestCases.C_CommonBugsTC - Clicked 'Delete Column'.
21:15:31.633 [TestNG-test=RetryMultipleFailedTestcases-4] INFO  sprint5_TestCases.E_CommonTC - Finished verifyUndoInCB ..
21:15:36.752 [TestNG-test=RetryMultipleFailedTestcases-3] INFO  BasicEditingTC.F12_UndoRedoTC - Starting verify_Insert_Table
21:15:49.365 [TestNG-test=RetryMultipleFailedTestcases-4] INFO  sprint5_TestCases.E_CommonTC - Starting verifyFindReplaceUndoRedo
21:15:50.794 [TestNG-test=RetryMultipleFailedTestcases-1] INFO  sprint5_TestCases.E_CommonTC - Starting verifyUndoRedoEmphasis
21:16:19.232 [TestNG-test=RetryMultipleFailedTestcases-3] INFO  BasicEditingTC.F12_UndoRedoTC - Logged in, searched for a file, and clicked Edit.
21:16:19.233 [TestNG-test=RetryMultipleFailedTestcases-3] INFO  BasicEditingTC.F12_UndoRedoTC - Created F4_Table instance.
21:16:19.415 [TestNG-test=RetryMultipleFailedTestcases-1] INFO  sprint5_TestCases.E_CommonTC - Logged in, searched for a file, and clicked Edit.
21:16:19.417 [TestNG-test=RetryMultipleFailedTestcases-1] INFO  sprint5_TestCases.E_CommonTC - Created E_Common instance.
21:16:19.445 [TestNG-test=RetryMultipleFailedTestcases-1] INFO  sprint5_TestCases.E_CommonTC - Switched to frame 0.
21:16:19.448 [TestNG-test=RetryMultipleFailedTestcases-1] INFO  sprint5_TestCases.E_CommonTC - Switched back to default content.
21:16:19.730 [TestNG-test=RetryMultipleFailedTestcases-1] INFO  sprint5_TestCases.E_CommonTC - Clicked on Bold Button
21:16:21.020 [TestNG-test=RetryMultipleFailedTestcases-4] INFO  sprint5_TestCases.E_CommonTC - Logged in, searched for a file, and clicked Edit.
21:16:21.023 [TestNG-test=RetryMultipleFailedTestcases-4] INFO  sprint5_TestCases.E_CommonTC - Created E_Common instance.
21:16:21.075 [TestNG-test=RetryMultipleFailedTestcases-4] INFO  sprint5_TestCases.E_CommonTC - Verified Find Replace Enabled
21:16:21.141 [TestNG-test=RetryMultipleFailedTestcases-4] INFO  sprint5_TestCases.E_CommonTC - Verified Find Replace is displayed
21:16:21.424 [TestNG-test=RetryMultipleFailedTestcases-4] INFO  sprint5_TestCases.E_CommonTC - Clicked on Replace plugin.
21:16:22.299 [TestNG-test=RetryMultipleFailedTestcases-4] INFO  sprint5_TestCases.E_CommonTC - Created Actions class instance.
21:16:22.731 [TestNG-test=RetryMultipleFailedTestcases-4] INFO  sprint5_TestCases.E_CommonTC - Clicked on Replace Button.
21:16:23.221 [TestNG-test=RetryMultipleFailedTestcases-4] INFO  sprint5_TestCases.E_CommonTC - Clicked on Replace Close button.
21:16:23.320 [TestNG-test=RetryMultipleFailedTestcases-4] INFO  sprint5_TestCases.E_CommonTC - Switched to frame 0.
21:16:23.386 [TestNG-test=RetryMultipleFailedTestcases-4] INFO  sprint5_TestCases.E_CommonTC - Switched back to default content.
21:16:24.323 [TestNG-test=RetryMultipleFailedTestcases-4] INFO  sprint5_TestCases.E_CommonTC - Clicked on Undo Plugin
21:16:24.511 [TestNG-test=RetryMultipleFailedTestcases-4] INFO  sprint5_TestCases.E_CommonTC - Switched to frame 0.
21:16:26.622 [TestNG-test=RetryMultipleFailedTestcases-3] INFO  BasicEditingTC.F12_UndoRedoTC - Inserted table using ReusableMethods.
21:16:26.681 [TestNG-test=RetryMultipleFailedTestcases-3] INFO  BasicEditingTC.F12_UndoRedoTC - Switched to frame 0.
21:16:26.729 [TestNG-test=RetryMultipleFailedTestcases-3] INFO  BasicEditingTC.F12_UndoRedoTC - Table is inserted in the Visual Editor.
21:16:26.731 [TestNG-test=RetryMultipleFailedTestcases-3] INFO  BasicEditingTC.F12_UndoRedoTC - Switched back to default content.
21:16:26.782 [TestNG-test=RetryMultipleFailedTestcases-3] INFO  BasicEditingTC.F12_UndoRedoTC - Document Structure is updated with the table.
21:16:26.890 [TestNG-test=RetryMultipleFailedTestcases-1] INFO  sprint5_TestCases.E_CommonTC - Starting verifyUndoRedoEmphasis
21:16:50.320 [TestNG-test=RetryMultipleFailedTestcases-1] INFO  sprint5_TestCases.E_CommonTC - Logged in, searched for a file, and clicked Edit.
21:16:50.322 [TestNG-test=RetryMultipleFailedTestcases-1] INFO  sprint5_TestCases.E_CommonTC - Created E_Common instance.
21:16:50.340 [TestNG-test=RetryMultipleFailedTestcases-1] INFO  sprint5_TestCases.E_CommonTC - Switched to frame 0.
21:16:50.342 [TestNG-test=RetryMultipleFailedTestcases-1] INFO  sprint5_TestCases.E_CommonTC - Switched back to default content.
21:16:50.487 [TestNG-test=RetryMultipleFailedTestcases-1] INFO  sprint5_TestCases.E_CommonTC - Clicked on Bold Button
21:16:56.622 [TestNG-test=RetryMultipleFailedTestcases-1] INFO  sprint5_TestCases.E_CommonTC - Starting verifyUndoRedoEmphasis
21:17:04.626 [TestNG-test=RetryMultipleFailedTestcases-4] INFO  sprint5_TestCases.E_CommonTC - Switched back to default content.
21:17:04.967 [TestNG-test=RetryMultipleFailedTestcases-4] INFO  sprint5_TestCases.E_CommonTC - Clicked on Redo Plugin
21:17:05.036 [TestNG-test=RetryMultipleFailedTestcases-4] INFO  sprint5_TestCases.E_CommonTC - Switched to frame 0.
21:17:05.063 [TestNG-test=RetryMultipleFailedTestcases-4] INFO  sprint5_TestCases.E_CommonTC - Finished verifyFindReplaceUndoRedo ..
21:17:18.602 [TestNG-test=RetryMultipleFailedTestcases-1] INFO  sprint5_TestCases.E_CommonTC - Logged in, searched for a file, and clicked Edit.
21:17:18.604 [TestNG-test=RetryMultipleFailedTestcases-1] INFO  sprint5_TestCases.E_CommonTC - Created E_Common instance.
21:17:18.621 [TestNG-test=RetryMultipleFailedTestcases-1] INFO  sprint5_TestCases.E_CommonTC - Switched to frame 0.
21:17:18.623 [TestNG-test=RetryMultipleFailedTestcases-1] INFO  sprint5_TestCases.E_CommonTC - Switched back to default content.
21:17:18.834 [TestNG-test=RetryMultipleFailedTestcases-1] INFO  sprint5_TestCases.E_CommonTC - Clicked on Bold Button
21:18:12.492 [TestNG-test=RetryMultipleFailedTestcases-2] INFO  sprint3_TestCases.A_Verify_BottomRibbonTC - Starting verify_ButtomRibbon_AfterRefresh test...
21:18:12.498 [TestNG-test=RetryMultipleFailedTestcases-2] INFO  sprint3_TestCases.A_Verify_BottomRibbonTC - ReusableMethods.LoginAndSearchFile_ClickEdit()
21:18:13.793 [TestNG-test=RetryMultipleFailedTestcases-4] INFO  sprint3_TestCases.A_Verify_BottomRibbonTC - Starting veriy_Bottom_Tooltip_Expand test...
21:18:13.794 [TestNG-test=RetryMultipleFailedTestcases-4] INFO  sprint3_TestCases.A_Verify_BottomRibbonTC - ReusableMethods.LoginAndSearchFile_ClickEdit()
21:18:14.140 [TestNG-test=RetryMultipleFailedTestcases-1] INFO  sprint3_TestCases.A_Verify_BottomRibbonTC - Starting verify_ButtomRibbon test...
21:18:14.141 [TestNG-test=RetryMultipleFailedTestcases-1] INFO  sprint3_TestCases.A_Verify_BottomRibbonTC - ReusableMethods.LoginAndSearchFile_ClickEdit()
21:18:14.291 [TestNG-test=RetryMultipleFailedTestcases-3] INFO  sprint3_TestCases.A_Verify_BottomRibbonTC - Starting verify_Buttom_Tooltip_Collapse test...
21:18:14.291 [TestNG-test=RetryMultipleFailedTestcases-3] INFO  sprint3_TestCases.A_Verify_BottomRibbonTC - ReusableMethods.LoginAndSearchFile_ClickEdit()
21:18:40.604 [TestNG-test=RetryMultipleFailedTestcases-4] INFO  sprint3_TestCases.A_Verify_BottomRibbonTC - Creating A_Verify_BottomRibbon instance
21:18:40.629 [TestNG-test=RetryMultipleFailedTestcases-4] INFO  sprint3_TestCases.A_Verify_BottomRibbonTC - Getting tooltip text for OpenButton
21:18:41.026 [TestNG-test=RetryMultipleFailedTestcases-4] INFO  sprint3_TestCases.A_Verify_BottomRibbonTC - Asserting tooltip text
21:18:41.032 [TestNG-test=RetryMultipleFailedTestcases-4] INFO  sprint3_TestCases.A_Verify_BottomRibbonTC - veriy_Bottom_Tooltip_Expand test completed successfully.
21:18:45.244 [TestNG-test=RetryMultipleFailedTestcases-2] INFO  sprint3_TestCases.A_Verify_BottomRibbonTC - Creating A_Verify_BottomRibbon instance
21:18:45.247 [TestNG-test=RetryMultipleFailedTestcases-2] INFO  sprint3_TestCases.A_Verify_BottomRibbonTC - Asserting isBottomRibbonButtonDisplayed()
21:18:45.793 [TestNG-test=RetryMultipleFailedTestcases-2] INFO  sprint3_TestCases.A_Verify_BottomRibbonTC - Asserting isBottomRibbonLabelDisplayed()
21:18:46.090 [TestNG-test=RetryMultipleFailedTestcases-2] INFO  sprint3_TestCases.A_Verify_BottomRibbonTC - Navigating to refresh the page
21:18:46.391 [TestNG-test=RetryMultipleFailedTestcases-3] INFO  sprint3_TestCases.A_Verify_BottomRibbonTC - Creating A_Verify_BottomRibbon instance
21:18:46.396 [TestNG-test=RetryMultipleFailedTestcases-3] INFO  sprint3_TestCases.A_Verify_BottomRibbonTC - Getting tooltip text for CloseButton
21:18:46.468 [TestNG-test=RetryMultipleFailedTestcases-3] INFO  sprint3_TestCases.A_Verify_BottomRibbonTC - Asserting tooltip text
21:18:46.468 [TestNG-test=RetryMultipleFailedTestcases-3] INFO  sprint3_TestCases.A_Verify_BottomRibbonTC - verify_Buttom_Tooltip_Collapse test completed successfully.
21:18:48.285 [TestNG-test=RetryMultipleFailedTestcases-1] INFO  sprint3_TestCases.A_Verify_BottomRibbonTC - Creating A_Verify_BottomRibbon instance
21:18:48.287 [TestNG-test=RetryMultipleFailedTestcases-1] INFO  sprint3_TestCases.A_Verify_BottomRibbonTC - Asserting isBottomRibbonButtonDisplayed()
21:18:48.438 [TestNG-test=RetryMultipleFailedTestcases-1] INFO  sprint3_TestCases.A_Verify_BottomRibbonTC - Asserting isBottomRibbonLabelDisplayed()
21:18:48.550 [TestNG-test=RetryMultipleFailedTestcases-1] INFO  sprint3_TestCases.A_Verify_BottomRibbonTC - verify_ButtomRibbon test completed successfully.
21:18:49.176 [TestNG-test=RetryMultipleFailedTestcases-2] INFO  sprint3_TestCases.A_Verify_BottomRibbonTC - Creating BasePage instance
21:18:49.176 [TestNG-test=RetryMultipleFailedTestcases-2] INFO  sprint3_TestCases.A_Verify_BottomRibbonTC - Waiting for the page to load
21:18:51.062 [TestNG-test=RetryMultipleFailedTestcases-2] INFO  sprint3_TestCases.A_Verify_BottomRibbonTC - Asserting isBottomRibbonButtonDisplayed() after refresh
21:18:51.231 [TestNG-test=RetryMultipleFailedTestcases-2] INFO  sprint3_TestCases.A_Verify_BottomRibbonTC - Asserting isBottomRibbonLabelDisplayed() after refresh
21:18:51.330 [TestNG-test=RetryMultipleFailedTestcases-2] INFO  sprint3_TestCases.A_Verify_BottomRibbonTC - verify_ButtomRibbon_AfterRefresh test completed successfully.
21:18:55.420 [TestNG-test=RetryMultipleFailedTestcases-4] INFO  sprint3_TestCases.A_Verify_BottomRibbonTC - Starting verify_BottomRibbon_options test...
21:18:55.420 [TestNG-test=RetryMultipleFailedTestcases-4] INFO  sprint3_TestCases.A_Verify_BottomRibbonTC - ReusableMethods.LoginAndSearchFile_ClickEdit()
21:18:56.161 [TestNG-test=RetryMultipleFailedTestcases-3] INFO  sprint3_TestCases.A_Verify_BottomRibbonTC - Starting verify_Version test...
21:18:56.162 [TestNG-test=RetryMultipleFailedTestcases-3] INFO  sprint3_TestCases.A_Verify_BottomRibbonTC - Initialized A_HomePage
21:18:57.932 [TestNG-test=RetryMultipleFailedTestcases-3] INFO  sprint3_TestCases.A_Verify_BottomRibbonTC - Entered username: rrnajan1@innodata.com
21:18:58.033 [TestNG-test=RetryMultipleFailedTestcases-3] INFO  sprint3_TestCases.A_Verify_BottomRibbonTC - Entered password
21:18:59.780 [TestNG-test=RetryMultipleFailedTestcases-1] INFO  sprint3_TestCases.A_Verify_BottomRibbonTC - Starting verify_FocusView test...
21:18:59.781 [TestNG-test=RetryMultipleFailedTestcases-1] INFO  sprint3_TestCases.A_Verify_BottomRibbonTC - ReusableMethods.LoginAndSearchFile_ClickEdit()
21:19:02.065 [TestNG-test=RetryMultipleFailedTestcases-2] INFO  sprint3_TestCases.A_Verify_BottomRibbonTC - Starting verify_BlockView test...
21:19:02.066 [TestNG-test=RetryMultipleFailedTestcases-2] INFO  sprint3_TestCases.A_Verify_BottomRibbonTC - ReusableMethods.LoginAndSearchFile_ClickEdit()
21:19:03.152 [TestNG-test=RetryMultipleFailedTestcases-3] INFO  sprint3_TestCases.A_Verify_BottomRibbonTC - Clicked Login Button
21:19:03.155 [TestNG-test=RetryMultipleFailedTestcases-3] INFO  sprint3_TestCases.A_Verify_BottomRibbonTC - Set page load timeout
21:19:03.217 [TestNG-test=RetryMultipleFailedTestcases-3] INFO  sprint3_TestCases.A_Verify_BottomRibbonTC - Clicked Select Project
21:19:04.275 [TestNG-test=RetryMultipleFailedTestcases-3] INFO  sprint3_TestCases.A_Verify_BottomRibbonTC - Clicked Project
21:19:05.086 [TestNG-test=RetryMultipleFailedTestcases-3] INFO  sprint3_TestCases.A_Verify_BottomRibbonTC - Clicked File List
21:19:05.197 [TestNG-test=RetryMultipleFailedTestcases-3] INFO  sprint3_TestCases.A_Verify_BottomRibbonTC - Entered file name: 7.2
21:19:05.212 [TestNG-test=RetryMultipleFailedTestcases-3] INFO  sprint3_TestCases.A_Verify_BottomRibbonTC - Pressed Enter key
21:19:07.216 [TestNG-test=RetryMultipleFailedTestcases-3] INFO  sprint3_TestCases.A_Verify_BottomRibbonTC - Waited for 2000 milliseconds
21:19:07.217 [TestNG-test=RetryMultipleFailedTestcases-3] INFO  sprint3_TestCases.A_Verify_BottomRibbonTC - Initialized A_Verify_BottomRibbon
21:19:07.252 [TestNG-test=RetryMultipleFailedTestcases-3] INFO  sprint3_TestCases.A_Verify_BottomRibbonTC - Version is displayed
21:19:07.284 [TestNG-test=RetryMultipleFailedTestcases-3] INFO  sprint3_TestCases.A_Verify_BottomRibbonTC - Version text: 1.0.0.0
21:19:09.291 [TestNG-test=RetryMultipleFailedTestcases-3] INFO  sprint3_TestCases.A_Verify_BottomRibbonTC - Waited for 2000 milliseconds
21:19:09.411 [TestNG-test=RetryMultipleFailedTestcases-3] INFO  sprint3_TestCases.A_Verify_BottomRibbonTC - Clicked edit file button using JavaScript Executor
21:19:09.429 [TestNG-test=RetryMultipleFailedTestcases-3] INFO  sprint3_TestCases.A_Verify_BottomRibbonTC - Switched to the new window
21:19:22.075 [TestNG-test=RetryMultipleFailedTestcases-4] INFO  sprint3_TestCases.A_Verify_BottomRibbonTC - Creating A_Verify_BottomRibbon instance
21:19:22.076 [TestNG-test=RetryMultipleFailedTestcases-4] INFO  sprint3_TestCases.A_Verify_BottomRibbonTC - Asserting isBottomRibbonLabelDisplayed()
21:19:22.221 [TestNG-test=RetryMultipleFailedTestcases-4] INFO  sprint3_TestCases.A_Verify_BottomRibbonTC - Asserting isVersionDisplayed()
21:19:22.333 [TestNG-test=RetryMultipleFailedTestcases-4] INFO  sprint3_TestCases.A_Verify_BottomRibbonTC - Asserting isWordCountDisplayed()
21:19:22.439 [TestNG-test=RetryMultipleFailedTestcases-4] INFO  sprint3_TestCases.A_Verify_BottomRibbonTC - Asserting isVeiwsDisplayed()
21:19:22.642 [TestNG-test=RetryMultipleFailedTestcases-4] INFO  sprint3_TestCases.A_Verify_BottomRibbonTC - Asserting isZoomOptionsDisplayed()
21:19:22.765 [TestNG-test=RetryMultipleFailedTestcases-4] INFO  sprint3_TestCases.A_Verify_BottomRibbonTC - verify_BottomRibbon_options test completed successfully.
21:19:24.351 [TestNG-test=RetryMultipleFailedTestcases-3] INFO  sprint3_TestCases.A_Verify_BottomRibbonTC - Clicked reset button using JavaScript Executor
21:19:24.864 [TestNG-test=RetryMultipleFailedTestcases-3] INFO  sprint3_TestCases.A_Verify_BottomRibbonTC - Clicked confirm button using JavaScript Executor
21:19:26.875 [TestNG-test=RetryMultipleFailedTestcases-3] INFO  sprint3_TestCases.A_Verify_BottomRibbonTC - Waited for 2000 milliseconds
21:19:29.343 [TestNG-test=RetryMultipleFailedTestcases-1] INFO  sprint3_TestCases.A_Verify_BottomRibbonTC - Creating A_Verify_BottomRibbon instance
21:19:29.346 [TestNG-test=RetryMultipleFailedTestcases-1] INFO  sprint3_TestCases.A_Verify_BottomRibbonTC - Asserting isVeiwsDisplayed()
21:19:29.648 [TestNG-test=RetryMultipleFailedTestcases-1] INFO  sprint3_TestCases.A_Verify_BottomRibbonTC - Asserting isFocusModeDisplayed()
21:19:29.922 [TestNG-test=RetryMultipleFailedTestcases-1] INFO  sprint3_TestCases.A_Verify_BottomRibbonTC - verify_FocusView test completed successfully.
21:19:31.469 [TestNG-test=RetryMultipleFailedTestcases-3] INFO  sprint3_TestCases.A_Verify_BottomRibbonTC - Version text from the second element: Version:
1.0.0.0
21:19:31.470 [TestNG-test=RetryMultipleFailedTestcases-3] INFO  sprint3_TestCases.A_Verify_BottomRibbonTC - Comparing numeric parts
21:19:31.470 [TestNG-test=RetryMultipleFailedTestcases-3] INFO  sprint3_TestCases.A_Verify_BottomRibbonTC - verify_Version test completed successfully.
21:19:32.428 [TestNG-test=RetryMultipleFailedTestcases-2] INFO  sprint3_TestCases.A_Verify_BottomRibbonTC - Creating A_Verify_BottomRibbon instance
21:19:32.429 [TestNG-test=RetryMultipleFailedTestcases-2] INFO  sprint3_TestCases.A_Verify_BottomRibbonTC - Asserting isVeiwsDisplayed()
21:19:32.521 [TestNG-test=RetryMultipleFailedTestcases-2] INFO  sprint3_TestCases.A_Verify_BottomRibbonTC - Asserting isBlocksViewDisplayed()
21:19:32.606 [TestNG-test=RetryMultipleFailedTestcases-2] INFO  sprint3_TestCases.A_Verify_BottomRibbonTC - verify_BlockView test completed successfully.
21:19:35.001 [TestNG-test=RetryMultipleFailedTestcases-4] INFO  sprint3_TestCases.A_Verify_BottomRibbonTC - Starting verify_ZoomOptions test...
21:19:35.001 [TestNG-test=RetryMultipleFailedTestcases-4] INFO  sprint3_TestCases.A_Verify_BottomRibbonTC - ReusableMethods.LoginAndSearchFile_ClickEdit()
21:19:39.789 [TestNG-test=RetryMultipleFailedTestcases-3] INFO  sprint3_TestCases.A_Verify_BottomRibbonTC - Starting verifyBRExpand...
21:19:39.789 [TestNG-test=RetryMultipleFailedTestcases-3] INFO  sprint3_TestCases.A_Verify_BottomRibbonTC - ReusableMethods.LoginAndSearchFile_ClickEdit()
21:19:40.985 [TestNG-test=RetryMultipleFailedTestcases-2] INFO  sprint3_TestCases.A_Verify_BottomRibbonTC - Starting verify_Version_OnBrowserMinimize test...
21:19:40.985 [TestNG-test=RetryMultipleFailedTestcases-2] INFO  sprint3_TestCases.A_Verify_BottomRibbonTC - ReusableMethods.LoginAndSearchFile_ClickEdit()
21:19:41.662 [TestNG-test=RetryMultipleFailedTestcases-1] INFO  sprint3_TestCases.A_Verify_BottomRibbonTC - Starting verify_BR_Collapse test...
21:19:41.665 [TestNG-test=RetryMultipleFailedTestcases-1] INFO  sprint3_TestCases.A_Verify_BottomRibbonTC - ReusableMethods.LoginAndSearchFile_ClickEdit()
21:20:04.301 [TestNG-test=RetryMultipleFailedTestcases-4] INFO  sprint3_TestCases.A_Verify_BottomRibbonTC - Creating A_Verify_BottomRibbon instance
21:20:04.302 [TestNG-test=RetryMultipleFailedTestcases-4] INFO  sprint3_TestCases.A_Verify_BottomRibbonTC - Verifying Zoom options displayed
21:20:04.380 [TestNG-test=RetryMultipleFailedTestcases-4] INFO  sprint3_TestCases.A_Verify_BottomRibbonTC - Creating A_Verify_BottomRibbon instance
21:20:04.381 [TestNG-test=RetryMultipleFailedTestcases-4] INFO  sprint3_TestCases.A_Verify_BottomRibbonTC - Asserting isZoomOptionsDisplayed()
21:20:04.469 [TestNG-test=RetryMultipleFailedTestcases-4] INFO  sprint3_TestCases.A_Verify_BottomRibbonTC - Asserting isZoomOutDisplayed()
21:20:04.550 [TestNG-test=RetryMultipleFailedTestcases-4] INFO  sprint3_TestCases.A_Verify_BottomRibbonTC - Asserting isZoomInDisplayed()
21:20:04.630 [TestNG-test=RetryMultipleFailedTestcases-4] INFO  sprint3_TestCases.A_Verify_BottomRibbonTC - Verifying Zoom In and Zoom Out options
21:20:10.163 [TestNG-test=RetryMultipleFailedTestcases-3] INFO  sprint3_TestCases.A_Verify_BottomRibbonTC - Creating A_Verify_BottomRibbon instance
21:20:10.463 [TestNG-test=RetryMultipleFailedTestcases-1] INFO  sprint3_TestCases.A_Verify_BottomRibbonTC - Creating A_Verify_BottomRibbon instance
21:20:10.518 [TestNG-test=RetryMultipleFailedTestcases-2] INFO  sprint3_TestCases.A_Verify_BottomRibbonTC - Creating A_Verify_BottomRibbon instance
21:20:10.519 [TestNG-test=RetryMultipleFailedTestcases-2] INFO  sprint3_TestCases.A_Verify_BottomRibbonTC - Asserting isVersionDisplayed()
21:20:10.632 [TestNG-test=RetryMultipleFailedTestcases-2] INFO  sprint3_TestCases.A_Verify_BottomRibbonTC - Getting version text
21:20:10.684 [TestNG-test=RetryMultipleFailedTestcases-2] INFO  sprint3_TestCases.A_Verify_BottomRibbonTC - Asserting version text contains 'Version:'
21:20:10.685 [TestNG-test=RetryMultipleFailedTestcases-2] INFO  sprint3_TestCases.A_Verify_BottomRibbonTC - Minimizing the browser window
21:20:10.778 [TestNG-test=RetryMultipleFailedTestcases-1] INFO  sprint3_TestCases.A_Verify_BottomRibbonTC - Asserting isBottomRibbonLabelDisplayed()
21:20:10.854 [TestNG-test=RetryMultipleFailedTestcases-3] INFO  sprint3_TestCases.A_Verify_BottomRibbonTC - Asserting isBottomRibbonLabelDisplayed()
21:20:10.905 [TestNG-test=RetryMultipleFailedTestcases-1] INFO  sprint3_TestCases.A_Verify_BottomRibbonTC - verify_BR_Collapse test completed successfully.
21:20:11.225 [TestNG-test=RetryMultipleFailedTestcases-2] INFO  sprint3_TestCases.A_Verify_BottomRibbonTC - Getting version text after minimizing
21:20:11.234 [TestNG-test=RetryMultipleFailedTestcases-3] INFO  sprint3_TestCases.A_Verify_BottomRibbonTC - verifyBRExpand test completed successfully.
21:20:11.798 [TestNG-test=RetryMultipleFailedTestcases-2] INFO  sprint3_TestCases.A_Verify_BottomRibbonTC - Asserting version text contains 'V:'
21:20:11.798 [TestNG-test=RetryMultipleFailedTestcases-2] INFO  sprint3_TestCases.A_Verify_BottomRibbonTC - verify_Version_OnBrowserMinimize test completed successfully.
21:20:12.218 [TestNG-test=RetryMultipleFailedTestcases-4] INFO  sprint3_TestCases.A_Verify_BottomRibbonTC - Clicking Zoom In multiple times
21:20:16.925 [TestNG-test=RetryMultipleFailedTestcases-4] INFO  sprint3_TestCases.A_Verify_BottomRibbonTC - Clicking Zoom Out multiple times
21:20:20.189 [TestNG-test=RetryMultipleFailedTestcases-3] INFO  sprint3_TestCases.B_Verify_WordCountTC - Starting verify_wordCountIncrease test...
21:20:20.189 [TestNG-test=RetryMultipleFailedTestcases-3] INFO  sprint3_TestCases.B_Verify_WordCountTC - ReusableMethods.LoginAndSearchFile_ClickEdit()
21:20:20.349 [TestNG-test=RetryMultipleFailedTestcases-4] INFO  sprint3_TestCases.A_Verify_BottomRibbonTC - verify_ZoomOptions test completed successfully.
21:20:20.485 [TestNG-test=RetryMultipleFailedTestcases-1] INFO  sprint3_TestCases.B_Verify_WordCountTC - Starting verify_wordCount test...
21:20:20.486 [TestNG-test=RetryMultipleFailedTestcases-1] INFO  sprint3_TestCases.B_Verify_WordCountTC - ReusableMethods.LoginAndSearchFile_ClickEdit()
21:20:21.687 [TestNG-test=RetryMultipleFailedTestcases-2] INFO  sprint3_TestCases.B_Verify_WordCountTC - Starting verify_wordCountIncrease test...
21:20:21.687 [TestNG-test=RetryMultipleFailedTestcases-2] INFO  sprint3_TestCases.B_Verify_WordCountTC - ReusableMethods.LoginAndSearchFile_ClickEdit()
21:20:28.063 [TestNG-test=RetryMultipleFailedTestcases-4] INFO  sprint3_TestCases.B_Verify_WordCountTC - Starting verify_wordCount_Decrease test...
21:20:28.063 [TestNG-test=RetryMultipleFailedTestcases-4] INFO  sprint3_TestCases.B_Verify_WordCountTC - ReusableMethods.LoginAndSearchFile_ClickEdit()
21:20:51.505 [TestNG-test=RetryMultipleFailedTestcases-3] INFO  sprint3_TestCases.B_Verify_WordCountTC - Creating A_Verify_BottomRibbon instance
21:20:51.506 [TestNG-test=RetryMultipleFailedTestcases-3] INFO  sprint3_TestCases.B_Verify_WordCountTC - Splitting word count text
21:20:52.227 [TestNG-test=RetryMultipleFailedTestcases-3] INFO  sprint3_TestCases.B_Verify_WordCountTC - Switching to frame 0
21:20:52.539 [TestNG-test=RetryMultipleFailedTestcases-3] INFO  sprint3_TestCases.B_Verify_WordCountTC - Clicking first paragraph
21:20:54.345 [TestNG-test=RetryMultipleFailedTestcases-3] INFO  sprint3_TestCases.B_Verify_WordCountTC - Performing actions to increase word count
21:20:55.359 [TestNG-test=RetryMultipleFailedTestcases-1] INFO  sprint3_TestCases.B_Verify_WordCountTC - Creating A_Verify_BottomRibbon instance
21:20:55.359 [TestNG-test=RetryMultipleFailedTestcases-2] INFO  sprint3_TestCases.B_Verify_WordCountTC - Creating A_Verify_BottomRibbon instance
21:20:55.361 [TestNG-test=RetryMultipleFailedTestcases-2] INFO  sprint3_TestCases.B_Verify_WordCountTC - Splitting word count text
21:20:55.362 [TestNG-test=RetryMultipleFailedTestcases-1] INFO  sprint3_TestCases.B_Verify_WordCountTC - Splitting word count text
21:20:55.720 [TestNG-test=RetryMultipleFailedTestcases-2] INFO  sprint3_TestCases.B_Verify_WordCountTC - Switching to frame 0
21:20:55.729 [TestNG-test=RetryMultipleFailedTestcases-1] INFO  sprint3_TestCases.B_Verify_WordCountTC - Asserting isWordCountDisplayed()
21:20:56.004 [TestNG-test=RetryMultipleFailedTestcases-2] INFO  sprint3_TestCases.B_Verify_WordCountTC - Clicking first paragraph
21:20:56.078 [TestNG-test=RetryMultipleFailedTestcases-1] INFO  sprint3_TestCases.B_Verify_WordCountTC - verify_wordCount test completed successfully.
21:20:56.128 [TestNG-test=RetryMultipleFailedTestcases-3] INFO  sprint3_TestCases.B_Verify_WordCountTC - Switching back to default content
21:20:56.158 [TestNG-test=RetryMultipleFailedTestcases-3] INFO  sprint3_TestCases.B_Verify_WordCountTC - Clicking accept change
21:20:56.979 [TestNG-test=RetryMultipleFailedTestcases-3] INFO  sprint3_TestCases.B_Verify_WordCountTC - Splitting word count text after increase
21:20:57.227 [TestNG-test=RetryMultipleFailedTestcases-2] INFO  sprint3_TestCases.B_Verify_WordCountTC - Performing actions to increase word count
21:20:57.545 [TestNG-test=RetryMultipleFailedTestcases-3] INFO  sprint3_TestCases.B_Verify_WordCountTC - verify_wordCountIncrease test completed successfully.
21:20:58.369 [TestNG-test=RetryMultipleFailedTestcases-2] INFO  sprint3_TestCases.B_Verify_WordCountTC - Switching back to default content
21:20:58.410 [TestNG-test=RetryMultipleFailedTestcases-2] INFO  sprint3_TestCases.B_Verify_WordCountTC - Splitting word count text after increase
21:20:58.623 [TestNG-test=RetryMultipleFailedTestcases-2] INFO  sprint3_TestCases.B_Verify_WordCountTC - verify_wordCountIncrease test completed successfully.
21:21:03.342 [TestNG-test=RetryMultipleFailedTestcases-4] INFO  sprint3_TestCases.B_Verify_WordCountTC - Creating A_Verify_BottomRibbon instance
21:21:03.344 [TestNG-test=RetryMultipleFailedTestcases-4] INFO  sprint3_TestCases.B_Verify_WordCountTC - Splitting word count text
21:21:03.670 [TestNG-test=RetryMultipleFailedTestcases-4] INFO  sprint3_TestCases.B_Verify_WordCountTC - Switching to frame 0
21:21:03.755 [TestNG-test=RetryMultipleFailedTestcases-4] INFO  sprint3_TestCases.B_Verify_WordCountTC - Double-clicking first paragraph
21:21:03.762 [TestNG-test=RetryMultipleFailedTestcases-4] INFO  sprint3_TestCases.B_Verify_WordCountTC - Performing actions to decrease word count
21:21:05.597 [TestNG-test=RetryMultipleFailedTestcases-1] INFO  sprint3_TestCases.B_Verify_WordCountTC - Starting verify_wordCount_DoubleClickElement_Accept test...
21:21:05.597 [TestNG-test=RetryMultipleFailedTestcases-1] INFO  sprint3_TestCases.B_Verify_WordCountTC - ReusableMethods.LoginAndSearchFile_ClickEdit()
21:21:06.096 [TestNG-test=RetryMultipleFailedTestcases-4] INFO  sprint3_TestCases.B_Verify_WordCountTC - Switching back to default content
21:21:06.109 [TestNG-test=RetryMultipleFailedTestcases-4] INFO  sprint3_TestCases.B_Verify_WordCountTC - Clicking Accept Change
21:21:06.902 [TestNG-test=RetryMultipleFailedTestcases-4] INFO  sprint3_TestCases.B_Verify_WordCountTC - Splitting word count text after decrease
21:21:07.555 [TestNG-test=RetryMultipleFailedTestcases-4] INFO  sprint3_TestCases.B_Verify_WordCountTC - verify_wordCount_Decrease test completed successfully.
21:21:08.648 [TestNG-test=RetryMultipleFailedTestcases-3] INFO  sprint3_TestCases.B_Verify_WordCountTC - Starting verify_wordCount_StartingOfElement test...
21:21:08.648 [TestNG-test=RetryMultipleFailedTestcases-3] INFO  sprint3_TestCases.B_Verify_WordCountTC - ReusableMethods.LoginAndSearchFile_ClickEdit()
21:21:10.123 [TestNG-test=RetryMultipleFailedTestcases-2] INFO  sprint3_TestCases.B_Verify_WordCountTC - Starting verify_wordCount_MidddleOfElement test...
21:21:10.123 [TestNG-test=RetryMultipleFailedTestcases-2] INFO  sprint3_TestCases.B_Verify_WordCountTC - ReusableMethods.LoginAndSearchFile_ClickEdit()
21:21:13.903 [TestNG-test=RetryMultipleFailedTestcases-4] INFO  sprint3_TestCases.B_Verify_WordCountTC - Starting verify_wordCount_EndOfElement test...
21:21:13.903 [TestNG-test=RetryMultipleFailedTestcases-4] INFO  sprint3_TestCases.B_Verify_WordCountTC - ReusableMethods.LoginAndSearchFile_ClickEdit()
21:21:34.267 [TestNG-test=RetryMultipleFailedTestcases-1] INFO  sprint3_TestCases.B_Verify_WordCountTC - Creating A_Verify_BottomRibbon instance
21:21:34.268 [TestNG-test=RetryMultipleFailedTestcases-1] INFO  sprint3_TestCases.B_Verify_WordCountTC - Splitting word count text
21:21:34.354 [TestNG-test=RetryMultipleFailedTestcases-1] INFO  sprint3_TestCases.B_Verify_WordCountTC - Switching to frame 0
21:21:34.382 [TestNG-test=RetryMultipleFailedTestcases-1] INFO  sprint3_TestCases.B_Verify_WordCountTC - Clicking first paragraph
21:21:35.718 [TestNG-test=RetryMultipleFailedTestcases-1] INFO  sprint3_TestCases.B_Verify_WordCountTC - Performing actions to modify text
21:21:37.730 [TestNG-test=RetryMultipleFailedTestcases-1] INFO  sprint3_TestCases.B_Verify_WordCountTC - Switching back to default content
21:21:37.782 [TestNG-test=RetryMultipleFailedTestcases-1] INFO  sprint3_TestCases.B_Verify_WordCountTC - Clicking Accept Change
21:21:37.783 [TestNG-test=RetryMultipleFailedTestcases-2] INFO  sprint3_TestCases.B_Verify_WordCountTC - Creating A_Verify_BottomRibbon instance
21:21:37.784 [TestNG-test=RetryMultipleFailedTestcases-2] INFO  sprint3_TestCases.B_Verify_WordCountTC - Splitting word count text
21:21:37.855 [TestNG-test=RetryMultipleFailedTestcases-2] INFO  sprint3_TestCases.B_Verify_WordCountTC - Switching to frame 0
21:21:37.885 [TestNG-test=RetryMultipleFailedTestcases-2] INFO  sprint3_TestCases.B_Verify_WordCountTC - Getting first paragraph element
21:21:37.886 [TestNG-test=RetryMultipleFailedTestcases-2] INFO  sprint3_TestCases.B_Verify_WordCountTC - Performing actions to select and modify text in the middle of the element
21:21:38.840 [TestNG-test=RetryMultipleFailedTestcases-1] INFO  sprint3_TestCases.B_Verify_WordCountTC - Splitting word count text after modification
21:21:39.677 [TestNG-test=RetryMultipleFailedTestcases-1] INFO  sprint3_TestCases.B_Verify_WordCountTC - verify_wordCount_DoubleClickElement_Accept test completed successfully.
21:21:40.253 [TestNG-test=RetryMultipleFailedTestcases-3] INFO  sprint3_TestCases.B_Verify_WordCountTC - Creating A_Verify_BottomRibbon instance
21:21:40.255 [TestNG-test=RetryMultipleFailedTestcases-3] INFO  sprint3_TestCases.B_Verify_WordCountTC - Splitting word count text
21:21:40.364 [TestNG-test=RetryMultipleFailedTestcases-3] INFO  sprint3_TestCases.B_Verify_WordCountTC - Switching to frame 0
21:21:40.496 [TestNG-test=RetryMultipleFailedTestcases-3] INFO  sprint3_TestCases.B_Verify_WordCountTC - Getting first paragraph element
21:21:40.496 [TestNG-test=RetryMultipleFailedTestcases-3] INFO  sprint3_TestCases.B_Verify_WordCountTC - Performing actions to modify text at the beginning of the element
21:21:40.810 [TestNG-test=RetryMultipleFailedTestcases-2] INFO  sprint3_TestCases.B_Verify_WordCountTC - Switching back to default content
21:21:40.847 [TestNG-test=RetryMultipleFailedTestcases-2] INFO  sprint3_TestCases.B_Verify_WordCountTC - Splitting word count text after modification
21:21:41.230 [TestNG-test=RetryMultipleFailedTestcases-2] INFO  sprint3_TestCases.B_Verify_WordCountTC - verify_wordCount_MidddleOfElement test completed successfully.
21:21:42.863 [TestNG-test=RetryMultipleFailedTestcases-3] INFO  sprint3_TestCases.B_Verify_WordCountTC - Switching back to default content
21:21:43.062 [TestNG-test=RetryMultipleFailedTestcases-3] INFO  sprint3_TestCases.B_Verify_WordCountTC - Splitting word count text after modification
21:21:43.154 [TestNG-test=RetryMultipleFailedTestcases-3] INFO  sprint3_TestCases.B_Verify_WordCountTC - verify_wordCount_StartingOfElement test completed successfully.
21:21:46.608 [TestNG-test=RetryMultipleFailedTestcases-4] INFO  sprint3_TestCases.B_Verify_WordCountTC - Creating A_Verify_BottomRibbon instance
21:21:46.609 [TestNG-test=RetryMultipleFailedTestcases-4] INFO  sprint3_TestCases.B_Verify_WordCountTC - Splitting word count text
21:21:46.685 [TestNG-test=RetryMultipleFailedTestcases-4] INFO  sprint3_TestCases.B_Verify_WordCountTC - Switching to frame 0
21:21:46.721 [TestNG-test=RetryMultipleFailedTestcases-4] INFO  sprint3_TestCases.B_Verify_WordCountTC - Clicking first paragraph
21:21:47.286 [TestNG-test=RetryMultipleFailedTestcases-4] INFO  sprint3_TestCases.B_Verify_WordCountTC - Switching back to default content
21:21:47.532 [TestNG-test=RetryMultipleFailedTestcases-4] INFO  sprint3_TestCases.B_Verify_WordCountTC - Performing actions to modify text at the end of the element
21:21:48.826 [TestNG-test=RetryMultipleFailedTestcases-4] INFO  sprint3_TestCases.B_Verify_WordCountTC - Splitting word count text after modification
21:21:48.935 [TestNG-test=RetryMultipleFailedTestcases-4] INFO  sprint3_TestCases.B_Verify_WordCountTC - verify_wordCount_EndOfElement test completed successfully.
21:21:50.618 [TestNG-test=RetryMultipleFailedTestcases-2] INFO  sprint3_TestCases.C_Verify_FocusMode - Starting verify_FocusMode_Tooltip test...
21:21:50.619 [TestNG-test=RetryMultipleFailedTestcases-2] INFO  sprint3_TestCases.C_Verify_FocusMode - ReusableMethods.LoginAndSearchFile_ClickEdit()
21:21:52.170 [TestNG-test=RetryMultipleFailedTestcases-1] INFO  sprint3_TestCases.B_Verify_WordCountTC - Starting verify_WordCount_ByCopyPaste test...
21:21:52.170 [TestNG-test=RetryMultipleFailedTestcases-1] INFO  sprint3_TestCases.B_Verify_WordCountTC - ReusableMethods.LoginAndSearchFile_ClickEdit()
21:21:53.480 [TestNG-test=RetryMultipleFailedTestcases-3] INFO  sprint3_TestCases.C_Verify_FocusMode - Starting verify_FocusMode_Highlighted test...
21:21:53.481 [TestNG-test=RetryMultipleFailedTestcases-3] INFO  sprint3_TestCases.C_Verify_FocusMode - ReusableMethods.LoginAndSearchFile_ClickEdit()
21:21:57.264 [TestNG-test=RetryMultipleFailedTestcases-4] INFO  sprint3_TestCases.C_Verify_FocusMode - Starting verify_FocusMode_OnDoubleClicking test...
21:21:57.264 [TestNG-test=RetryMultipleFailedTestcases-4] INFO  sprint3_TestCases.C_Verify_FocusMode - ReusableMethods.LoginAndSearchFile_ClickEdit()
21:22:21.710 [TestNG-test=RetryMultipleFailedTestcases-2] INFO  sprint3_TestCases.C_Verify_FocusMode - Creating A_Verify_BottomRibbon instance
21:22:21.711 [TestNG-test=RetryMultipleFailedTestcases-2] INFO  sprint3_TestCases.C_Verify_FocusMode - Clicking Focus Mode
21:22:22.589 [TestNG-test=RetryMultipleFailedTestcases-2] INFO  sprint3_TestCases.C_Verify_FocusMode - Moving to Focus Mode element to trigger tooltip
21:22:22.712 [TestNG-test=RetryMultipleFailedTestcases-3] INFO  sprint3_TestCases.C_Verify_FocusMode - Creating A_Verify_BottomRibbon instance
21:22:22.713 [TestNG-test=RetryMultipleFailedTestcases-3] INFO  sprint3_TestCases.C_Verify_FocusMode - Clicking Focus Mode
21:22:22.982 [TestNG-test=RetryMultipleFailedTestcases-2] INFO  sprint3_TestCases.C_Verify_FocusMode - Getting tooltip inner text
21:22:23.089 [TestNG-test=RetryMultipleFailedTestcases-2] INFO  sprint3_TestCases.C_Verify_FocusMode - Verifying tooltip is displayed
21:22:23.089 [TestNG-test=RetryMultipleFailedTestcases-2] INFO  sprint3_TestCases.C_Verify_FocusMode - verify_FocusMode_Tooltip test completed successfully.
21:22:23.499 [TestNG-test=RetryMultipleFailedTestcases-3] INFO  sprint3_TestCases.C_Verify_FocusMode - Getting style attribute of Focus Mode Highlighted element
21:22:24.271 [TestNG-test=RetryMultipleFailedTestcases-3] INFO  sprint3_TestCases.C_Verify_FocusMode - Verifying Focus Mode is highlighted
21:22:24.288 [TestNG-test=RetryMultipleFailedTestcases-3] INFO  sprint3_TestCases.C_Verify_FocusMode - verify_FocusMode_Highlighted test completed successfully.
21:22:27.734 [TestNG-test=RetryMultipleFailedTestcases-4] INFO  sprint3_TestCases.C_Verify_FocusMode - Creating A_Verify_BottomRibbon instance
21:22:27.735 [TestNG-test=RetryMultipleFailedTestcases-4] INFO  sprint3_TestCases.C_Verify_FocusMode - Clicking Focus Mode
21:22:28.355 [TestNG-test=RetryMultipleFailedTestcases-4] INFO  sprint3_TestCases.C_Verify_FocusMode - Verifying Focus Mode is highlighted
21:22:28.925 [TestNG-test=RetryMultipleFailedTestcases-4] INFO  sprint3_TestCases.C_Verify_FocusMode - Clicking Focus Mode again
21:22:28.950 [TestNG-test=RetryMultipleFailedTestcases-1] INFO  sprint3_TestCases.B_Verify_WordCountTC - Creating A_Verify_BottomRibbon instance
21:22:28.951 [TestNG-test=RetryMultipleFailedTestcases-1] INFO  sprint3_TestCases.B_Verify_WordCountTC - Getting initial word count text
21:22:29.054 [TestNG-test=RetryMultipleFailedTestcases-1] INFO  sprint3_TestCases.B_Verify_WordCountTC - Switching to frame 0
21:22:29.076 [TestNG-test=RetryMultipleFailedTestcases-1] INFO  sprint3_TestCases.B_Verify_WordCountTC - Double-clicking first paragraph
21:22:29.076 [TestNG-test=RetryMultipleFailedTestcases-1] INFO  sprint3_TestCases.B_Verify_WordCountTC - Copying selected text
21:22:29.153 [TestNG-test=RetryMultipleFailedTestcases-4] INFO  sprint3_TestCases.C_Verify_FocusMode - Verifying Focus Mode is not highlighted
21:22:29.771 [TestNG-test=RetryMultipleFailedTestcases-4] INFO  sprint3_TestCases.C_Verify_FocusMode - verify_FocusMode_OnDoubleClicking test completed successfully.
21:22:30.551 [TestNG-test=RetryMultipleFailedTestcases-1] INFO  sprint3_TestCases.B_Verify_WordCountTC - Switching back to default content
21:22:30.691 [TestNG-test=RetryMultipleFailedTestcases-1] INFO  sprint3_TestCases.B_Verify_WordCountTC - Switching back to frame 0
21:22:30.752 [TestNG-test=RetryMultipleFailedTestcases-1] INFO  sprint3_TestCases.B_Verify_WordCountTC - Clicking second paragraph
21:22:30.752 [TestNG-test=RetryMultipleFailedTestcases-1] INFO  sprint3_TestCases.B_Verify_WordCountTC - Pasting copied text and adding space
21:22:32.127 [TestNG-test=RetryMultipleFailedTestcases-1] INFO  sprint3_TestCases.B_Verify_WordCountTC - Switching back to default content
21:22:32.475 [TestNG-test=RetryMultipleFailedTestcases-1] INFO  sprint3_TestCases.B_Verify_WordCountTC - Getting final word count text
21:22:32.828 [TestNG-test=RetryMultipleFailedTestcases-1] INFO  sprint3_TestCases.B_Verify_WordCountTC - verify_WordCount_ByCopyPaste test completed successfully.
21:22:36.620 [TestNG-test=RetryMultipleFailedTestcases-3] INFO  sprint3_TestCases.C_Verify_FocusMode - Starting verify_FocusMode_OnBrowserMinimize test...
21:22:36.620 [TestNG-test=RetryMultipleFailedTestcases-3] INFO  sprint3_TestCases.C_Verify_FocusMode - ReusableMethods.LoginAndSearchFile_ClickEdit()
21:22:36.660 [TestNG-test=RetryMultipleFailedTestcases-2] INFO  sprint3_TestCases.C_Verify_FocusMode - Starting verify_FocusMode_OnRefresh test...
21:22:36.660 [TestNG-test=RetryMultipleFailedTestcases-2] INFO  sprint3_TestCases.C_Verify_FocusMode - ReusableMethods.LoginAndSearchFile_ClickEdit()
21:22:39.887 [TestNG-test=RetryMultipleFailedTestcases-4] INFO  sprint3_TestCases.C_Verify_FocusMode - Starting verify_FocusMode_Enabled test...
21:22:39.888 [TestNG-test=RetryMultipleFailedTestcases-4] INFO  sprint3_TestCases.C_Verify_FocusMode - ReusableMethods.LoginAndSearchFile_ClickEdit()
21:22:40.029 [TestNG-test=RetryMultipleFailedTestcases-1] INFO  sprint3_TestCases.C_Verify_FocusMode - Starting verify_FocusMode_LeftPanal_Open test...
21:22:40.029 [TestNG-test=RetryMultipleFailedTestcases-1] INFO  sprint3_TestCases.C_Verify_FocusMode - ReusableMethods.LoginAndSearchFile_ClickEdit()
21:23:04.806 [TestNG-test=RetryMultipleFailedTestcases-2] INFO  sprint3_TestCases.C_Verify_FocusMode - Creating A_Verify_BottomRibbon instance
21:23:04.808 [TestNG-test=RetryMultipleFailedTestcases-2] INFO  sprint3_TestCases.C_Verify_FocusMode - Clicking Focus Mode
21:23:05.304 [TestNG-test=RetryMultipleFailedTestcases-2] INFO  sprint3_TestCases.C_Verify_FocusMode - Getting style attribute of Focus Mode Highlighted element
21:23:05.679 [TestNG-test=RetryMultipleFailedTestcases-3] INFO  sprint3_TestCases.C_Verify_FocusMode - Creating A_Verify_BottomRibbon instance
21:23:05.680 [TestNG-test=RetryMultipleFailedTestcases-3] INFO  sprint3_TestCases.C_Verify_FocusMode - Clicking Focus Mode
21:23:05.686 [TestNG-test=RetryMultipleFailedTestcases-2] INFO  sprint3_TestCases.C_Verify_FocusMode - Verifying Focus Mode is highlighted
21:23:05.687 [TestNG-test=RetryMultipleFailedTestcases-2] INFO  sprint3_TestCases.C_Verify_FocusMode - Verifying Visual Editor is not displayed
21:23:05.804 [TestNG-test=RetryMultipleFailedTestcases-2] INFO  sprint3_TestCases.C_Verify_FocusMode - Refreshing the page
21:23:05.919 [TestNG-test=RetryMultipleFailedTestcases-2] INFO  sprint3_TestCases.C_Verify_FocusMode - Verifying Visual Editor is displayed after refresh
21:23:06.264 [TestNG-test=RetryMultipleFailedTestcases-3] INFO  sprint3_TestCases.C_Verify_FocusMode - Getting style attribute of Focus Mode Highlighted element
21:23:07.179 [TestNG-test=RetryMultipleFailedTestcases-3] INFO  sprint3_TestCases.C_Verify_FocusMode - Verifying Focus Mode is highlighted
21:23:07.180 [TestNG-test=RetryMultipleFailedTestcases-3] INFO  sprint3_TestCases.C_Verify_FocusMode - Verifying Visual Editor is not displayed
21:23:07.549 [TestNG-test=RetryMultipleFailedTestcases-3] INFO  sprint3_TestCases.C_Verify_FocusMode - Refreshing the page
21:23:10.877 [TestNG-test=RetryMultipleFailedTestcases-4] INFO  sprint3_TestCases.C_Verify_FocusMode - Creating A_Verify_BottomRibbon instance
21:23:10.878 [TestNG-test=RetryMultipleFailedTestcases-4] INFO  sprint3_TestCases.C_Verify_FocusMode - Clicking Focus Mode
21:23:11.061 [TestNG-test=RetryMultipleFailedTestcases-2] INFO  sprint3_TestCases.C_Verify_FocusMode - verify_FocusMode_OnRefresh test completed successfully.
21:23:11.645 [TestNG-test=RetryMultipleFailedTestcases-4] INFO  sprint3_TestCases.C_Verify_FocusMode - Minimizing and maximizing the browser window
21:23:12.722 [TestNG-test=RetryMultipleFailedTestcases-4] INFO  sprint3_TestCases.C_Verify_FocusMode - Verifying elements are not displayed in Focus Mode
21:23:13.597 [TestNG-test=RetryMultipleFailedTestcases-3] INFO  sprint3_TestCases.C_Verify_FocusMode - Verifying Visual Editor is displayed after refresh
21:23:13.597 [TestNG-test=RetryMultipleFailedTestcases-3] INFO  sprint3_TestCases.C_Verify_FocusMode - verify_FocusMode_OnBrowserMinimize test completed successfully.
21:23:13.638 [TestNG-test=RetryMultipleFailedTestcases-1] INFO  sprint3_TestCases.C_Verify_FocusMode - Creating A_Verify_BottomRibbon instance
21:23:13.639 [TestNG-test=RetryMultipleFailedTestcases-1] INFO  sprint3_TestCases.C_Verify_FocusMode - Clicking Focus Mode
21:23:14.156 [TestNG-test=RetryMultipleFailedTestcases-1] INFO  sprint3_TestCases.C_Verify_FocusMode - Clicking Left Panel Open
21:23:14.698 [TestNG-test=RetryMultipleFailedTestcases-1] INFO  sprint3_TestCases.C_Verify_FocusMode - Verifying Left Side Content Block Panal is displayed
21:23:15.252 [TestNG-test=RetryMultipleFailedTestcases-1] INFO  sprint3_TestCases.C_Verify_FocusMode - Verifying Left Side Content Block Panal is displayed
21:23:15.252 [TestNG-test=RetryMultipleFailedTestcases-1] INFO  sprint3_TestCases.C_Verify_FocusMode - Clicking Left Panel Close
21:23:15.512 [TestNG-test=RetryMultipleFailedTestcases-1] INFO  sprint3_TestCases.C_Verify_FocusMode - verify_FocusMode_LeftPanal_Open test completed successfully.
21:23:20.059 [TestNG-test=RetryMultipleFailedTestcases-2] INFO  sprint3_TestCases.C_Verify_FocusMode - Starting verify_FocusMode_RightPanal_Open test...
21:23:20.059 [TestNG-test=RetryMultipleFailedTestcases-2] INFO  sprint3_TestCases.C_Verify_FocusMode - ReusableMethods.LoginAndSearchFile_ClickEdit()
21:23:22.288 [TestNG-test=RetryMultipleFailedTestcases-3] INFO  sprint3_TestCases.C_Verify_FocusMode - Starting verify_FocusMode_LeftPanal_RightPanal test...
21:23:22.289 [TestNG-test=RetryMultipleFailedTestcases-3] INFO  sprint3_TestCases.C_Verify_FocusMode - ReusableMethods.LoginAndSearchFile_ClickEdit()
21:23:24.376 [TestNG-test=RetryMultipleFailedTestcases-1] INFO  sprint3_TestCases.C_Verify_FocusMode - Starting verify_FocusMode_LeftPanal_Close test...
21:23:24.377 [TestNG-test=RetryMultipleFailedTestcases-1] INFO  sprint3_TestCases.C_Verify_FocusMode - ReusableMethods.LoginAndSearchFile_ClickEdit()
21:23:46.039 [TestNG-test=RetryMultipleFailedTestcases-2] INFO  sprint3_TestCases.C_Verify_FocusMode - Creating A_Verify_BottomRibbon instance
21:23:46.040 [TestNG-test=RetryMultipleFailedTestcases-2] INFO  sprint3_TestCases.C_Verify_FocusMode - Clicking Focus Mode
21:23:46.471 [TestNG-test=RetryMultipleFailedTestcases-2] INFO  sprint3_TestCases.C_Verify_FocusMode - Clicking Right Panel Open
21:23:47.054 [TestNG-test=RetryMultipleFailedTestcases-2] INFO  sprint3_TestCases.C_Verify_FocusMode - Verifying Right Side Element Panal is displayed
21:23:47.971 [TestNG-test=RetryMultipleFailedTestcases-2] INFO  sprint3_TestCases.C_Verify_FocusMode - Verifying Right Side Element Panal is displayed
21:23:47.971 [TestNG-test=RetryMultipleFailedTestcases-2] INFO  sprint3_TestCases.C_Verify_FocusMode - Clicking Right Panel Close
21:23:48.337 [TestNG-test=RetryMultipleFailedTestcases-2] INFO  sprint3_TestCases.C_Verify_FocusMode - verify_FocusMode_RightPanal_Open test completed successfully.
21:23:51.162 [TestNG-test=RetryMultipleFailedTestcases-3] INFO  sprint3_TestCases.C_Verify_FocusMode - Creating A_Verify_BottomRibbon instance
21:23:51.163 [TestNG-test=RetryMultipleFailedTestcases-3] INFO  sprint3_TestCases.C_Verify_FocusMode - Clicking Focus Mode
21:23:51.505 [TestNG-test=RetryMultipleFailedTestcases-3] INFO  sprint3_TestCases.C_Verify_FocusMode - Clicking Right Panel Open
21:23:52.055 [TestNG-test=RetryMultipleFailedTestcases-3] INFO  sprint3_TestCases.C_Verify_FocusMode - Verifying Right Side Element Panal is displayed
21:23:52.253 [TestNG-test=RetryMultipleFailedTestcases-1] INFO  sprint3_TestCases.C_Verify_FocusMode - Creating A_Verify_BottomRibbon instance
21:23:52.254 [TestNG-test=RetryMultipleFailedTestcases-1] INFO  sprint3_TestCases.C_Verify_FocusMode - Clicking Focus Mode
21:23:52.441 [TestNG-test=RetryMultipleFailedTestcases-1] INFO  sprint3_TestCases.C_Verify_FocusMode - Clicking Left Panel Open
21:23:53.569 [TestNG-test=RetryMultipleFailedTestcases-3] INFO  sprint3_TestCases.C_Verify_FocusMode - Clicking Left Panel Open
21:23:54.214 [TestNG-test=RetryMultipleFailedTestcases-3] INFO  sprint3_TestCases.C_Verify_FocusMode - Verifying Left Side Content Block Panal is displayed
21:23:54.789 [TestNG-test=RetryMultipleFailedTestcases-3] INFO  sprint3_TestCases.C_Verify_FocusMode - verify_FocusMode_LeftPanal_RightPanal test completed successfully.
21:23:55.870 [TestNG-test=RetryMultipleFailedTestcases-1] INFO  sprint3_TestCases.C_Verify_FocusMode - Clicking Left Panel Close
21:23:57.206 [TestNG-test=RetryMultipleFailedTestcases-2] INFO  sprint3_TestCases.C_Verify_FocusMode - Starting verify_FocusMode_RightPanal_Close test...
21:23:57.206 [TestNG-test=RetryMultipleFailedTestcases-2] INFO  sprint3_TestCases.C_Verify_FocusMode - ReusableMethods.LoginAndSearchFile_ClickEdit()
21:24:01.639 [TestNG-test=RetryMultipleFailedTestcases-3] INFO  sprint3_TestCases.C_Verify_FocusMode - Starting verify_FocusMode_LeftPanel_Tooltip test...
21:24:01.640 [TestNG-test=RetryMultipleFailedTestcases-3] INFO  sprint3_TestCases.C_Verify_FocusMode - ReusableMethods.LoginAndSearchFile_ClickEdit()
21:24:04.525 [TestNG-test=RetryMultipleFailedTestcases-4] INFO  sprint3_TestCases.C_Verify_FocusMode - verify_FocusMode_Enabled test completed successfully.
21:24:09.686 [TestNG-test=RetryMultipleFailedTestcases-1] INFO  sprint3_TestCases.C_Verify_FocusMode - Verifying Left Side Content Block Panal is not displayed
21:24:09.686 [TestNG-test=RetryMultipleFailedTestcases-1] INFO  sprint3_TestCases.C_Verify_FocusMode - verify_FocusMode_LeftPanal_Close test completed successfully.
