20:13:52.557 [TestNG-test=RetryMultipleFailedTestcases-2] INFO  sprint4_TestCases.J_CommonTestcases - Switched to frame 0.
20:13:52.584 [TestNG-test=RetryMultipleFailedTestcases-1] INFO  sprint4_TestCases.J_CommonTestcases - Logged in and searched for a file, then clicked Edit.
20:13:52.691 [TestNG-test=RetryMultipleFailedTestcases-2] INFO  sprint4_TestCases.J_CommonTestcases - verifying Table inside Img is not present after adding from rightclick
20:13:52.691 [TestNG-test=RetryMultipleFailedTestcases-2] INFO  sprint4_TestCases.J_CommonTestcases - Finished insertMO_InTable
20:14:00.799 [TestNG-test=RetryMultipleFailedTestcases-1] INFO  sprint4_TestCases.J_CommonTestcases - Inserted Table in DS
20:14:00.973 [TestNG-test=RetryMultipleFailedTestcases-1] INFO  sprint4_TestCases.J_CommonTestcases - clear Border Size Input
20:14:01.097 [TestNG-test=RetryMultipleFailedTestcases-1] INFO  sprint4_TestCases.J_CommonTestcases - clicked Border Size Input
20:14:01.773 [TestNG-test=RetryMultipleFailedTestcases-1] INFO  sprint4_TestCases.J_CommonTestcases - clicked on Spcl Char Plugin
20:14:03.681 [TestNG-test=RetryMultipleFailedTestcases-1] INFO  sprint4_TestCases.J_CommonTestcases - clicked on special character
20:14:03.858 [TestNG-test=RetryMultipleFailedTestcases-1] INFO  sprint4_TestCases.J_CommonTestcases - verifying border size is equal before and after increase
20:14:03.859 [TestNG-test=RetryMultipleFailedTestcases-1] INFO  sprint4_TestCases.J_CommonTestcases - Finished specialCharacterInCellPaddingAndVerify
20:14:04.615 [TestNG-test=RetryMultipleFailedTestcases-2] INFO  sprint4_TestCases.J_CommonTestcases - Starting verify_EnterAfter_SectionHeading
20:14:10.914 [TestNG-test=RetryMultipleFailedTestcases-1] INFO  sprint4_TestCases.J_CommonTestcases - Starting CopyPasteXrefInTableCaption
20:14:21.078 [TestNG-test=RetryMultipleFailedTestcases-4] INFO  sprint4_TestCases.I_Table_RightClickOptions_TC - Logged in and searched for a file, then clicked Edit.
20:14:21.113 [TestNG-test=RetryMultipleFailedTestcases-4] INFO  sprint4_TestCases.I_Table_RightClickOptions_TC - Switched to frame 0.
20:14:24.585 [TestNG-test=RetryMultipleFailedTestcases-3] INFO  sprint4_TestCases.J_CommonTestcases - Logged in and searched for a file, then clicked Edit.
20:14:24.697 [TestNG-test=RetryMultipleFailedTestcases-3] INFO  sprint4_TestCases.J_CommonTestcases - Switched to frame 0.
20:14:25.551 [TestNG-test=RetryMultipleFailedTestcases-3] INFO  sprint4_TestCases.J_CommonTestcases - Right click on first para
20:14:25.642 [TestNG-test=RetryMultipleFailedTestcases-3] INFO  sprint4_TestCases.J_CommonTestcases - Switched back to default content.
20:14:25.680 [TestNG-test=RetryMultipleFailedTestcases-3] INFO  sprint4_TestCases.J_CommonTestcases - Switched to frame 0.
20:14:36.649 [TestNG-test=RetryMultipleFailedTestcases-2] INFO  sprint4_TestCases.J_CommonTestcases - Logged in and searched for a file, then clicked Edit.
20:14:36.679 [TestNG-test=RetryMultipleFailedTestcases-2] INFO  sprint4_TestCases.J_CommonTestcases - Switched to frame 0.
20:14:37.170 [TestNG-test=RetryMultipleFailedTestcases-2] INFO  sprint4_TestCases.J_CommonTestcases - Clicked on Section Heading
20:14:37.259 [TestNG-test=RetryMultipleFailedTestcases-2] INFO  sprint4_TestCases.J_CommonTestcases - Before Pressed Enter key the section Heading Text is :Reported Court Cases
20:14:37.259 [TestNG-test=RetryMultipleFailedTestcases-2] INFO  sprint4_TestCases.J_CommonTestcases - verifying on soft enter is happened
20:14:38.125 [TestNG-test=RetryMultipleFailedTestcases-2] INFO  sprint4_TestCases.J_CommonTestcases - Pressed Enter key
20:14:38.322 [TestNG-test=RetryMultipleFailedTestcases-2] INFO  sprint4_TestCases.J_CommonTestcases - Get Section Number One Text from VE
20:14:38.462 [TestNG-test=RetryMultipleFailedTestcases-2] INFO  sprint4_TestCases.J_CommonTestcases - After pressed Enter key section Section heading text is :Reported Court Cases
20:14:40.819 [TestNG-test=RetryMultipleFailedTestcases-1] INFO  sprint4_TestCases.J_CommonTestcases - Logged in and searched for a file, then clicked Edit.
20:14:48.684 [TestNG-test=RetryMultipleFailedTestcases-1] INFO  sprint4_TestCases.J_CommonTestcases - Inserted Table in DS
20:14:48.859 [TestNG-test=RetryMultipleFailedTestcases-1] INFO  sprint4_TestCases.J_CommonTestcases - Clicked on caption input
20:14:48.898 [TestNG-test=RetryMultipleFailedTestcases-1] INFO  sprint4_TestCases.J_CommonTestcases - Clicked on A key
20:14:48.914 [TestNG-test=RetryMultipleFailedTestcases-1] INFO  sprint4_TestCases.J_CommonTestcases - Switched to frame 0.
20:14:49.450 [TestNG-test=RetryMultipleFailedTestcases-1] INFO  sprint4_TestCases.J_CommonTestcases - Clicked on hyper link element
20:14:49.769 [TestNG-test=RetryMultipleFailedTestcases-2] INFO  sprint4_TestCases.J_CommonTestcases - Starting verify_EnterAfter_SectionHeading
20:14:50.394 [TestNG-test=RetryMultipleFailedTestcases-1] INFO  sprint4_TestCases.J_CommonTestcases - Clicked on caption editor
20:14:50.480 [TestNG-test=RetryMultipleFailedTestcases-1] INFO  sprint4_TestCases.J_CommonTestcases - Finished CopyPasteXrefInTableCaption
20:14:56.266 [TestNG-test=RetryMultipleFailedTestcases-1] INFO  sprint4_TestCases.J_CommonTestcases - Starting verifyTablePropertiesBehaviour
20:15:02.941 [TestNG-test=RetryMultipleFailedTestcases-4] INFO  sprint4_TestCases.I_Table_RightClickOptions_TC - Switched back to default content.
20:15:02.980 [TestNG-test=RetryMultipleFailedTestcases-4] INFO  sprint4_TestCases.I_Table_RightClickOptions_TC - Switched to frame 1.
20:15:04.925 [TestNG-test=RetryMultipleFailedTestcases-4] INFO  sprint4_TestCases.I_Table_RightClickOptions_TC - Switched back to default content.
20:15:06.866 [TestNG-test=RetryMultipleFailedTestcases-4] INFO  sprint4_TestCases.I_Table_RightClickOptions_TC - Switched to frame 0.
20:15:06.936 [TestNG-test=RetryMultipleFailedTestcases-4] INFO  sprint4_TestCases.I_Table_RightClickOptions_TC - Switched back to default content.
20:15:13.040 [TestNG-test=RetryMultipleFailedTestcases-3] INFO  sprint4_TestCases.J_CommonTestcases - Starting verify_MediaObject_Insertinto_In_Para
20:15:16.411 [TestNG-test=RetryMultipleFailedTestcases-4] INFO  sprint4_TestCases.J_CommonTestcases - Starting deleteColumnUndoVerify
20:15:30.961 [TestNG-test=RetryMultipleFailedTestcases-1] INFO  sprint4_TestCases.J_CommonTestcases - Logged in and searched for a file, then clicked Edit.
20:15:32.626 [TestNG-test=RetryMultipleFailedTestcases-2] INFO  sprint4_TestCases.J_CommonTestcases - Logged in and searched for a file, then clicked Edit.
20:15:32.646 [TestNG-test=RetryMultipleFailedTestcases-2] INFO  sprint4_TestCases.J_CommonTestcases - Switched to frame 0.
20:15:33.258 [TestNG-test=RetryMultipleFailedTestcases-2] INFO  sprint4_TestCases.J_CommonTestcases - Clicked on Section Heading
20:15:33.345 [TestNG-test=RetryMultipleFailedTestcases-2] INFO  sprint4_TestCases.J_CommonTestcases - Before Pressed Enter key the section Heading Text is :Reported Court Cases
20:15:33.346 [TestNG-test=RetryMultipleFailedTestcases-2] INFO  sprint4_TestCases.J_CommonTestcases - verifying on soft enter is happened
20:15:34.896 [TestNG-test=RetryMultipleFailedTestcases-2] INFO  sprint4_TestCases.J_CommonTestcases - Pressed Enter key
20:15:34.996 [TestNG-test=RetryMultipleFailedTestcases-2] INFO  sprint4_TestCases.J_CommonTestcases - Get Section Number One Text from VE
20:15:35.014 [TestNG-test=RetryMultipleFailedTestcases-2] INFO  sprint4_TestCases.J_CommonTestcases - After pressed Enter key section Section heading text is :Reported Court Cases
20:15:39.001 [TestNG-test=RetryMultipleFailedTestcases-1] INFO  sprint4_TestCases.J_CommonTestcases - Inserted Table in DS
20:15:40.445 [TestNG-test=RetryMultipleFailedTestcases-1] INFO  sprint4_TestCases.J_CommonTestcases - clicked on Accept change
20:15:40.544 [TestNG-test=RetryMultipleFailedTestcases-1] INFO  sprint4_TestCases.J_CommonTestcases - Switched to frame 0.
20:15:40.749 [TestNG-test=RetryMultipleFailedTestcases-1] INFO  sprint4_TestCases.J_CommonTestcases - Switched back to default content.
20:15:41.671 [TestNG-test=RetryMultipleFailedTestcases-1] INFO  sprint4_TestCases.J_CommonTestcases - Verifying insert above is disabled
20:15:41.761 [TestNG-test=RetryMultipleFailedTestcases-1] INFO  sprint4_TestCases.J_CommonTestcases - Verifying insert below is disabled
20:15:41.853 [TestNG-test=RetryMultipleFailedTestcases-1] INFO  sprint4_TestCases.J_CommonTestcases - Verifying insert left is disabled
20:15:42.020 [TestNG-test=RetryMultipleFailedTestcases-1] INFO  sprint4_TestCases.J_CommonTestcases - Verifying insert right is disabled
20:15:42.092 [TestNG-test=RetryMultipleFailedTestcases-1] INFO  sprint4_TestCases.J_CommonTestcases - Verifying insert merge below is disabled
20:15:42.161 [TestNG-test=RetryMultipleFailedTestcases-1] INFO  sprint4_TestCases.J_CommonTestcases - Verifying split horizontal is disabled
20:15:42.261 [TestNG-test=RetryMultipleFailedTestcases-1] INFO  sprint4_TestCases.J_CommonTestcases - Verifying split vertical is disabled
20:15:42.323 [TestNG-test=RetryMultipleFailedTestcases-2] INFO  sprint4_TestCases.J_CommonTestcases - Starting verify_EnterAfter_SectionHeading
20:15:42.402 [TestNG-test=RetryMultipleFailedTestcases-1] INFO  sprint4_TestCases.J_CommonTestcases - Verifying delete cell is disabled
20:15:42.503 [TestNG-test=RetryMultipleFailedTestcases-1] INFO  sprint4_TestCases.J_CommonTestcases - Verifying delete row is disabled
20:15:42.503 [TestNG-test=RetryMultipleFailedTestcases-1] INFO  sprint4_TestCases.J_CommonTestcases - Finished verifyTablePropertiesBehaviour
20:15:46.641 [TestNG-test=RetryMultipleFailedTestcases-3] INFO  sprint4_TestCases.J_CommonTestcases - Logged in and searched for a file, then clicked Edit.
20:15:46.704 [TestNG-test=RetryMultipleFailedTestcases-3] INFO  sprint4_TestCases.J_CommonTestcases - Switched to frame 0.
20:15:48.491 [TestNG-test=RetryMultipleFailedTestcases-3] INFO  sprint4_TestCases.J_CommonTestcases - Right click on first para
20:15:48.757 [TestNG-test=RetryMultipleFailedTestcases-4] INFO  sprint4_TestCases.J_CommonTestcases - Logged in and searched for a file, then clicked Edit.
20:15:48.878 [TestNG-test=RetryMultipleFailedTestcases-3] INFO  sprint4_TestCases.J_CommonTestcases - Switched back to default content.
20:15:48.977 [TestNG-test=RetryMultipleFailedTestcases-3] INFO  sprint4_TestCases.J_CommonTestcases - Switched to frame 0.
20:15:51.315 [TestNG-test=RetryMultipleFailedTestcases-1] INFO  sprint4_TestCases.J_CommonTestcases - Starting verifyInsertAddressRejectChange
20:15:57.043 [TestNG-test=RetryMultipleFailedTestcases-4] INFO  sprint4_TestCases.J_CommonTestcases - Inserted Table in DS
20:15:57.112 [TestNG-test=RetryMultipleFailedTestcases-4] INFO  sprint4_TestCases.J_CommonTestcases - Switched to frame 0.
20:15:57.562 [TestNG-test=RetryMultipleFailedTestcases-4] INFO  sprint4_TestCases.J_CommonTestcases - clicked on Inserted Table First Cell
20:15:57.580 [TestNG-test=RetryMultipleFailedTestcases-4] INFO  sprint4_TestCases.J_CommonTestcases - Switched back to default content.
20:15:58.244 [TestNG-test=RetryMultipleFailedTestcases-4] INFO  sprint4_TestCases.J_CommonTestcases - clicked on delete coloum from tp
20:15:58.529 [TestNG-test=RetryMultipleFailedTestcases-4] INFO  sprint4_TestCases.J_CommonTestcases - Switched to frame 0.
20:15:58.575 [TestNG-test=RetryMultipleFailedTestcases-4] INFO  sprint4_TestCases.J_CommonTestcases - Switched back to default content.
20:15:59.159 [TestNG-test=RetryMultipleFailedTestcases-4] INFO  sprint4_TestCases.J_CommonTestcases - clicked on Undo plugin
20:15:59.293 [TestNG-test=RetryMultipleFailedTestcases-4] INFO  sprint4_TestCases.J_CommonTestcases - Switched to frame 0.
20:15:59.369 [TestNG-test=RetryMultipleFailedTestcases-4] INFO  sprint4_TestCases.J_CommonTestcases - Finished deleteColumnUndoVerify
20:16:07.858 [TestNG-test=RetryMultipleFailedTestcases-4] INFO  sprint4_TestCases.J_CommonTestcases - Starting verifyDeleteTableAcceptChange
20:16:11.849 [TestNG-test=RetryMultipleFailedTestcases-2] INFO  sprint4_TestCases.J_CommonTestcases - Logged in and searched for a file, then clicked Edit.
20:16:11.874 [TestNG-test=RetryMultipleFailedTestcases-2] INFO  sprint4_TestCases.J_CommonTestcases - Switched to frame 0.
20:16:12.218 [TestNG-test=RetryMultipleFailedTestcases-2] INFO  sprint4_TestCases.J_CommonTestcases - Clicked on Section Heading
20:16:12.312 [TestNG-test=RetryMultipleFailedTestcases-2] INFO  sprint4_TestCases.J_CommonTestcases - Before Pressed Enter key the section Heading Text is :Reported Court Cases
20:16:12.312 [TestNG-test=RetryMultipleFailedTestcases-2] INFO  sprint4_TestCases.J_CommonTestcases - verifying on soft enter is happened
20:16:13.332 [TestNG-test=RetryMultipleFailedTestcases-2] INFO  sprint4_TestCases.J_CommonTestcases - Pressed Enter key
20:16:13.449 [TestNG-test=RetryMultipleFailedTestcases-2] INFO  sprint4_TestCases.J_CommonTestcases - Get Section Number One Text from VE
20:16:13.466 [TestNG-test=RetryMultipleFailedTestcases-2] INFO  sprint4_TestCases.J_CommonTestcases - After pressed Enter key section Section heading text is :Reported Court Cases
20:16:20.166 [TestNG-test=RetryMultipleFailedTestcases-2] INFO  sprint4_TestCases.J_CommonTestcases - Starting verify_EnterAfter_SectionHeading
20:16:22.948 [TestNG-test=RetryMultipleFailedTestcases-1] INFO  sprint4_TestCases.J_CommonTestcases - Logged in and searched for a file, then clicked Edit.
20:16:22.965 [TestNG-test=RetryMultipleFailedTestcases-1] INFO  sprint4_TestCases.J_CommonTestcases - Switched to frame 0.
20:16:23.991 [TestNG-test=RetryMultipleFailedTestcases-1] INFO  sprint4_TestCases.J_CommonTestcases - Right click on existing table first cell
20:16:24.089 [TestNG-test=RetryMultipleFailedTestcases-1] INFO  sprint4_TestCases.J_CommonTestcases - Switched back to default content.
20:16:24.156 [TestNG-test=RetryMultipleFailedTestcases-1] INFO  sprint4_TestCases.J_CommonTestcases - Switched to frame 1.
20:16:27.328 [TestNG-test=RetryMultipleFailedTestcases-1] INFO  sprint4_TestCases.J_CommonTestcases - Right click on insert into
20:16:27.394 [TestNG-test=RetryMultipleFailedTestcases-1] INFO  sprint4_TestCases.J_CommonTestcases - Switched back to default content.
20:16:30.604 [TestNG-test=RetryMultipleFailedTestcases-1] INFO  sprint4_TestCases.J_CommonTestcases - Verified that aria-disabled attribute contains 'false' for Reject Change element.
20:16:30.605 [TestNG-test=RetryMultipleFailedTestcases-1] INFO  sprint4_TestCases.J_CommonTestcases - Finished verifyInsertAddressRejectChange
20:16:36.700 [TestNG-test=RetryMultipleFailedTestcases-3] INFO  sprint4_TestCases.J_CommonTestcases - Starting verify_MediaObject_Insertinto_In_Para
20:16:37.202 [TestNG-test=RetryMultipleFailedTestcases-1] INFO  sprint4_TestCases.J_CommonTestcases - Starting mergeCellsRightUndoAndVerify
20:16:39.668 [TestNG-test=RetryMultipleFailedTestcases-4] INFO  sprint4_TestCases.J_CommonTestcases - Logged in and searched for a file, then clicked Edit.
20:16:47.110 [TestNG-test=RetryMultipleFailedTestcases-2] INFO  sprint4_TestCases.J_CommonTestcases - Logged in and searched for a file, then clicked Edit.
20:16:47.150 [TestNG-test=RetryMultipleFailedTestcases-2] INFO  sprint4_TestCases.J_CommonTestcases - Switched to frame 0.
20:16:47.739 [TestNG-test=RetryMultipleFailedTestcases-2] INFO  sprint4_TestCases.J_CommonTestcases - Clicked on Section Heading
20:16:47.847 [TestNG-test=RetryMultipleFailedTestcases-2] INFO  sprint4_TestCases.J_CommonTestcases - Before Pressed Enter key the section Heading Text is :Reported Court Cases
20:16:47.847 [TestNG-test=RetryMultipleFailedTestcases-2] INFO  sprint4_TestCases.J_CommonTestcases - verifying on soft enter is happened
20:16:48.080 [TestNG-test=RetryMultipleFailedTestcases-4] INFO  sprint4_TestCases.J_CommonTestcases - Inserted Table in DS
20:16:48.496 [TestNG-test=RetryMultipleFailedTestcases-4] INFO  sprint4_TestCases.J_CommonTestcases - clicked on Accept change
20:16:48.996 [TestNG-test=RetryMultipleFailedTestcases-4] INFO  sprint4_TestCases.J_CommonTestcases - clicked on selected table DS
20:16:49.595 [TestNG-test=RetryMultipleFailedTestcases-2] INFO  sprint4_TestCases.J_CommonTestcases - Pressed Enter key
20:16:49.694 [TestNG-test=RetryMultipleFailedTestcases-2] INFO  sprint4_TestCases.J_CommonTestcases - Get Section Number One Text from VE
20:16:49.715 [TestNG-test=RetryMultipleFailedTestcases-2] INFO  sprint4_TestCases.J_CommonTestcases - After pressed Enter key section Section heading text is :Reported Court Cases
20:16:50.860 [TestNG-test=RetryMultipleFailedTestcases-4] INFO  sprint4_TestCases.J_CommonTestcases - clicked on delete key
20:16:52.592 [TestNG-test=RetryMultipleFailedTestcases-4] INFO  sprint4_TestCases.J_CommonTestcases - clicked on Accept change
20:16:53.233 [TestNG-test=RetryMultipleFailedTestcases-4] INFO  sprint4_TestCases.J_CommonTestcases - Switched to frame 0.
20:16:58.051 [TestNG-test=RetryMultipleFailedTestcases-2] INFO  sprint4_TestCases.J_CommonTestcases - Starting EnterData_splitVerticalAndVerify
20:17:01.109 [TestNG-test=RetryMultipleFailedTestcases-4] INFO  sprint4_TestCases.J_CommonTestcases - Starting verifyDeleteTableAcceptChange
20:17:11.983 [TestNG-test=RetryMultipleFailedTestcases-3] INFO  sprint4_TestCases.J_CommonTestcases - Logged in and searched for a file, then clicked Edit.
20:17:11.996 [TestNG-test=RetryMultipleFailedTestcases-3] INFO  sprint4_TestCases.J_CommonTestcases - Switched to frame 0.
20:17:13.500 [TestNG-test=RetryMultipleFailedTestcases-3] INFO  sprint4_TestCases.J_CommonTestcases - Right click on first para
20:17:13.629 [TestNG-test=RetryMultipleFailedTestcases-3] INFO  sprint4_TestCases.J_CommonTestcases - Switched back to default content.
20:17:13.665 [TestNG-test=RetryMultipleFailedTestcases-3] INFO  sprint4_TestCases.J_CommonTestcases - Switched to frame 0.
20:17:22.492 [TestNG-test=RetryMultipleFailedTestcases-1] INFO  sprint4_TestCases.J_CommonTestcases - Logged in and searched for a file, then clicked Edit.
20:17:29.441 [TestNG-test=RetryMultipleFailedTestcases-1] INFO  sprint4_TestCases.J_CommonTestcases - Inserted Table in DS
20:17:29.504 [TestNG-test=RetryMultipleFailedTestcases-1] INFO  sprint4_TestCases.J_CommonTestcases - Switched to frame 0.
20:17:30.071 [TestNG-test=RetryMultipleFailedTestcases-1] INFO  sprint4_TestCases.J_CommonTestcases - clicked on Inserted Table First Cell
20:17:30.109 [TestNG-test=RetryMultipleFailedTestcases-1] INFO  sprint4_TestCases.J_CommonTestcases - Switched back to default content.
20:17:30.852 [TestNG-test=RetryMultipleFailedTestcases-1] INFO  sprint4_TestCases.J_CommonTestcases - clicked on merge right
20:17:31.037 [TestNG-test=RetryMultipleFailedTestcases-1] INFO  sprint4_TestCases.J_CommonTestcases - Switched to frame 0.
20:17:31.090 [TestNG-test=RetryMultipleFailedTestcases-1] INFO  sprint4_TestCases.J_CommonTestcases - Switched back to default content.
20:17:32.023 [TestNG-test=RetryMultipleFailedTestcases-1] INFO  sprint4_TestCases.J_CommonTestcases - clicked on Undo plugin
20:17:32.227 [TestNG-test=RetryMultipleFailedTestcases-1] INFO  sprint4_TestCases.J_CommonTestcases - Switched to frame 0.
20:17:32.274 [TestNG-test=RetryMultipleFailedTestcases-1] INFO  sprint4_TestCases.J_CommonTestcases - Finished mergeCellsRightUndoAndVerify
20:17:37.526 [TestNG-test=RetryMultipleFailedTestcases-1] INFO  sprint4_TestCases.J_CommonTestcases - Starting verifyListitemRevisionSymbolsInTable
20:17:41.171 [TestNG-test=RetryMultipleFailedTestcases-2] INFO  sprint4_TestCases.J_CommonTestcases - Logged in and searched for a file, then clicked Edit.
20:17:46.725 [TestNG-test=RetryMultipleFailedTestcases-4] INFO  sprint4_TestCases.J_CommonTestcases - Logged in and searched for a file, then clicked Edit.
20:17:48.746 [TestNG-test=RetryMultipleFailedTestcases-2] INFO  sprint4_TestCases.J_CommonTestcases - Inserted Table in DS
20:17:48.879 [TestNG-test=RetryMultipleFailedTestcases-2] INFO  sprint4_TestCases.J_CommonTestcases - Switched to frame 0.
20:17:49.507 [TestNG-test=RetryMultipleFailedTestcases-2] INFO  sprint4_TestCases.J_CommonTestcases - clicked on Inserted Table First Cell
20:17:50.489 [TestNG-test=RetryMultipleFailedTestcases-2] INFO  sprint4_TestCases.J_CommonTestcases - Switched back to default content.
20:17:51.156 [TestNG-test=RetryMultipleFailedTestcases-2] INFO  sprint4_TestCases.J_CommonTestcases - Clicked Split Vertical.
20:17:51.324 [TestNG-test=RetryMultipleFailedTestcases-2] INFO  sprint4_TestCases.J_CommonTestcases - Switched to frame 0.
20:17:51.341 [TestNG-test=RetryMultipleFailedTestcases-2] INFO  sprint4_TestCases.J_CommonTestcases - Number of rows after split is different from before split.
20:17:51.342 [TestNG-test=RetryMultipleFailedTestcases-2] INFO  sprint4_TestCases.J_CommonTestcases - Finished EnterData_splitVerticalAndVerify
20:17:58.252 [TestNG-test=RetryMultipleFailedTestcases-2] INFO  sprint4_TestCases.J_CommonTestcases - Starting verifyingCaptionInNewTableRejectChangeUndo
20:17:58.676 [TestNG-test=RetryMultipleFailedTestcases-4] INFO  sprint4_TestCases.J_CommonTestcases - Inserted Table in DS
20:17:59.610 [TestNG-test=RetryMultipleFailedTestcases-4] INFO  sprint4_TestCases.J_CommonTestcases - clicked on Accept change
20:18:00.388 [TestNG-test=RetryMultipleFailedTestcases-4] INFO  sprint4_TestCases.J_CommonTestcases - clicked on selected table DS
20:18:01.726 [TestNG-test=RetryMultipleFailedTestcases-3] INFO  sprint4_TestCases.J_CommonTestcases - Starting verify_MediaObject_Insertinto_In_Para
20:18:02.234 [TestNG-test=RetryMultipleFailedTestcases-4] INFO  sprint4_TestCases.J_CommonTestcases - clicked on delete key
20:18:04.074 [TestNG-test=RetryMultipleFailedTestcases-4] INFO  sprint4_TestCases.J_CommonTestcases - clicked on Accept change
20:18:05.346 [TestNG-test=RetryMultipleFailedTestcases-4] INFO  sprint4_TestCases.J_CommonTestcases - Switched to frame 0.
20:18:10.771 [TestNG-test=RetryMultipleFailedTestcases-4] INFO  sprint4_TestCases.J_CommonTestcases - Starting verifyDeleteTableAcceptChange
20:18:14.525 [TestNG-test=RetryMultipleFailedTestcases-1] INFO  sprint4_TestCases.J_CommonTestcases - Logged in and searched for a file, then clicked Edit.
20:18:22.915 [TestNG-test=RetryMultipleFailedTestcases-1] INFO  sprint4_TestCases.J_CommonTestcases - Inserted Table in DS
20:18:23.092 [TestNG-test=RetryMultipleFailedTestcases-1] INFO  sprint4_TestCases.J_CommonTestcases - Switched to frame 0.
20:18:23.655 [TestNG-test=RetryMultipleFailedTestcases-1] INFO  sprint4_TestCases.J_CommonTestcases - clicked on Inserted Table First Cell
20:18:23.673 [TestNG-test=RetryMultipleFailedTestcases-1] INFO  sprint4_TestCases.J_CommonTestcases - Switched back to default content.
20:18:24.287 [TestNG-test=RetryMultipleFailedTestcases-1] INFO  sprint4_TestCases.J_CommonTestcases - clicked on Number list from VE
20:18:25.049 [TestNG-test=RetryMultipleFailedTestcases-1] INFO  sprint4_TestCases.J_CommonTestcases - clicked on Revision plugin
20:18:25.756 [TestNG-test=RetryMultipleFailedTestcases-1] INFO  sprint4_TestCases.J_CommonTestcases - clicked on code view
20:18:34.721 [TestNG-test=RetryMultipleFailedTestcases-1] INFO  sprint4_TestCases.J_CommonTestcases - Starting verifyListitemRevisionSymbolsInTable
20:18:37.936 [TestNG-test=RetryMultipleFailedTestcases-2] INFO  sprint4_TestCases.J_CommonTestcases - Logged in and searched for a file, then clicked Edit.
20:18:44.285 [TestNG-test=RetryMultipleFailedTestcases-3] INFO  sprint4_TestCases.J_CommonTestcases - Logged in and searched for a file, then clicked Edit.
20:18:44.304 [TestNG-test=RetryMultipleFailedTestcases-3] INFO  sprint4_TestCases.J_CommonTestcases - Switched to frame 0.
20:18:45.318 [TestNG-test=RetryMultipleFailedTestcases-3] INFO  sprint4_TestCases.J_CommonTestcases - Right click on first para
20:18:45.455 [TestNG-test=RetryMultipleFailedTestcases-3] INFO  sprint4_TestCases.J_CommonTestcases - Switched back to default content.
20:18:45.506 [TestNG-test=RetryMultipleFailedTestcases-3] INFO  sprint4_TestCases.J_CommonTestcases - Switched to frame 0.
20:18:45.585 [TestNG-test=RetryMultipleFailedTestcases-2] INFO  sprint4_TestCases.J_CommonTestcases - Inserted Table in DS
20:18:45.848 [TestNG-test=RetryMultipleFailedTestcases-2] INFO  sprint4_TestCases.J_CommonTestcases - Clicked on caption input
20:18:45.962 [TestNG-test=RetryMultipleFailedTestcases-2] INFO  sprint4_TestCases.J_CommonTestcases - Switched to frame 0.
20:18:46.054 [TestNG-test=RetryMultipleFailedTestcases-2] INFO  sprint4_TestCases.J_CommonTestcases - Verifying Caption is inserted
20:18:46.057 [TestNG-test=RetryMultipleFailedTestcases-2] INFO  sprint4_TestCases.J_CommonTestcases - Switched back to default content.
20:18:47.570 [TestNG-test=RetryMultipleFailedTestcases-2] INFO  sprint4_TestCases.J_CommonTestcases - clicked on Undo plugin
20:18:48.022 [TestNG-test=RetryMultipleFailedTestcases-2] INFO  sprint4_TestCases.J_CommonTestcases - Switched to frame 0.
20:18:52.411 [TestNG-test=RetryMultipleFailedTestcases-4] INFO  sprint4_TestCases.J_CommonTestcases - Logged in and searched for a file, then clicked Edit.
20:18:59.571 [TestNG-test=RetryMultipleFailedTestcases-4] INFO  sprint4_TestCases.J_CommonTestcases - Inserted Table in DS
20:18:59.960 [TestNG-test=RetryMultipleFailedTestcases-4] INFO  sprint4_TestCases.J_CommonTestcases - clicked on Accept change
20:19:00.480 [TestNG-test=RetryMultipleFailedTestcases-4] INFO  sprint4_TestCases.J_CommonTestcases - clicked on selected table DS
20:19:01.781 [TestNG-test=RetryMultipleFailedTestcases-4] INFO  sprint4_TestCases.J_CommonTestcases - clicked on delete key
20:19:03.402 [TestNG-test=RetryMultipleFailedTestcases-4] INFO  sprint4_TestCases.J_CommonTestcases - clicked on Accept change
20:19:03.626 [TestNG-test=RetryMultipleFailedTestcases-1] INFO  sprint4_TestCases.J_CommonTestcases - Logged in and searched for a file, then clicked Edit.
20:19:03.972 [TestNG-test=RetryMultipleFailedTestcases-4] INFO  sprint4_TestCases.J_CommonTestcases - Switched to frame 0.
20:19:10.317 [TestNG-test=RetryMultipleFailedTestcases-4] INFO  sprint4_TestCases.J_CommonTestcases - Starting verifyDeleteTableAcceptChange
20:19:13.992 [TestNG-test=RetryMultipleFailedTestcases-1] INFO  sprint4_TestCases.J_CommonTestcases - Starting verifyListitemRevisionSymbolsInTable
20:19:28.112 [TestNG-test=RetryMultipleFailedTestcases-2] INFO  sprint4_TestCases.J_CommonTestcases - Verifying Caption is present in the visual editor after clicking on undo
20:19:28.112 [TestNG-test=RetryMultipleFailedTestcases-2] INFO  sprint4_TestCases.J_CommonTestcases - Starting verifyingCaptionInNewTableRejectChangeUndo
20:19:34.993 [TestNG-test=RetryMultipleFailedTestcases-3] INFO  sprint4_TestCases.J_CommonTestcases - Starting verifyCellBorderColorInsertAbove
20:19:39.646 [TestNG-test=RetryMultipleFailedTestcases-2] INFO  sprint4_TestCases.J_CommonTestcases - Starting verifyStyleAttributeList
20:19:43.317 [TestNG-test=RetryMultipleFailedTestcases-4] INFO  sprint4_TestCases.J_CommonTestcases - Logged in and searched for a file, then clicked Edit.
20:19:48.064 [TestNG-test=RetryMultipleFailedTestcases-1] INFO  sprint4_TestCases.J_CommonTestcases - Logged in and searched for a file, then clicked Edit.
20:19:50.541 [TestNG-test=RetryMultipleFailedTestcases-4] INFO  sprint4_TestCases.J_CommonTestcases - Inserted Table in DS
20:19:51.421 [TestNG-test=RetryMultipleFailedTestcases-4] INFO  sprint4_TestCases.J_CommonTestcases - clicked on Accept change
20:19:52.241 [TestNG-test=RetryMultipleFailedTestcases-4] INFO  sprint4_TestCases.J_CommonTestcases - clicked on selected table DS
20:19:53.909 [TestNG-test=RetryMultipleFailedTestcases-4] INFO  sprint4_TestCases.J_CommonTestcases - clicked on delete key
20:19:54.945 [TestNG-test=RetryMultipleFailedTestcases-4] INFO  sprint4_TestCases.J_CommonTestcases - clicked on Accept change
20:19:55.448 [TestNG-test=RetryMultipleFailedTestcases-4] INFO  sprint4_TestCases.J_CommonTestcases - Switched to frame 0.
20:19:58.309 [TestNG-test=RetryMultipleFailedTestcases-1] INFO  sprint4_TestCases.J_CommonTestcases - Inserted Table in DS
20:19:58.390 [TestNG-test=RetryMultipleFailedTestcases-1] INFO  sprint4_TestCases.J_CommonTestcases - Switched to frame 0.
20:19:58.958 [TestNG-test=RetryMultipleFailedTestcases-1] INFO  sprint4_TestCases.J_CommonTestcases - clicked on Inserted Table First Cell
20:19:59.011 [TestNG-test=RetryMultipleFailedTestcases-1] INFO  sprint4_TestCases.J_CommonTestcases - Switched back to default content.
20:20:00.620 [TestNG-test=RetryMultipleFailedTestcases-1] INFO  sprint4_TestCases.J_CommonTestcases - clicked on Number list from VE
20:20:01.478 [TestNG-test=RetryMultipleFailedTestcases-1] INFO  sprint4_TestCases.J_CommonTestcases - clicked on Revision plugin
20:20:02.178 [TestNG-test=RetryMultipleFailedTestcases-1] INFO  sprint4_TestCases.J_CommonTestcases - clicked on code view
20:20:03.036 [TestNG-test=RetryMultipleFailedTestcases-4] INFO  sprint4_TestCases.J_CommonTestcases - Starting verifyDeleteTableRightClickOptionsUndo
20:20:14.289 [TestNG-test=RetryMultipleFailedTestcases-1] INFO  sprint4_TestCases.J_CommonTestcases - Starting verifyListitemRevisionSymbolsInTable
20:20:19.477 [TestNG-test=RetryMultipleFailedTestcases-3] INFO  sprint4_TestCases.J_CommonTestcases - Logged in and searched for a file, then clicked Edit.
20:20:25.959 [TestNG-test=RetryMultipleFailedTestcases-2] INFO  sprint4_TestCases.J_CommonTestcases - Logged in and searched for a file, then clicked Edit.
20:20:26.933 [TestNG-test=RetryMultipleFailedTestcases-3] INFO  sprint4_TestCases.J_CommonTestcases - Inserted Table in DS
20:20:27.025 [TestNG-test=RetryMultipleFailedTestcases-3] INFO  sprint4_TestCases.J_CommonTestcases - Switched to frame 0.
20:20:27.401 [TestNG-test=RetryMultipleFailedTestcases-3] INFO  sprint4_TestCases.J_CommonTestcases - clicked on Inserted Table First Cell
20:20:27.420 [TestNG-test=RetryMultipleFailedTestcases-3] INFO  sprint4_TestCases.J_CommonTestcases - Switched back to default content.
20:20:30.235 [TestNG-test=RetryMultipleFailedTestcases-3] INFO  sprint4_TestCases.J_CommonTestcases - clicked on background color save button
20:20:30.259 [TestNG-test=RetryMultipleFailedTestcases-3] INFO  sprint4_TestCases.J_CommonTestcases - Switched to frame 0.
20:20:31.073 [TestNG-test=RetryMultipleFailedTestcases-3] INFO  sprint4_TestCases.J_CommonTestcases - clicked on Inserted Table First Cell
20:20:31.155 [TestNG-test=RetryMultipleFailedTestcases-3] INFO  sprint4_TestCases.J_CommonTestcases - Switched back to default content.
20:20:32.283 [TestNG-test=RetryMultipleFailedTestcases-3] INFO  sprint4_TestCases.J_CommonTestcases - clicked on Insert above
20:20:32.999 [TestNG-test=RetryMultipleFailedTestcases-3] INFO  sprint4_TestCases.J_CommonTestcases - Switched to frame 0.
20:20:33.868 [TestNG-test=RetryMultipleFailedTestcases-3] INFO  sprint4_TestCases.J_CommonTestcases - clicked on Inserted cell above
20:20:34.066 [TestNG-test=RetryMultipleFailedTestcases-3] INFO  sprint4_TestCases.J_CommonTestcases - Verifying on background color is inserted
20:20:34.066 [TestNG-test=RetryMultipleFailedTestcases-3] INFO  sprint4_TestCases.J_CommonTestcases - Finished verifyCellBorderColorInsertAbove
20:20:35.330 [TestNG-test=RetryMultipleFailedTestcases-2] INFO  sprint4_TestCases.J_CommonTestcases - Inserted Table in DS
20:20:35.964 [TestNG-test=RetryMultipleFailedTestcases-2] INFO  sprint4_TestCases.J_CommonTestcases - clicked on bold plugin
20:20:36.598 [TestNG-test=RetryMultipleFailedTestcases-2] INFO  sprint4_TestCases.J_CommonTestcases - clicked on enter key
20:20:37.400 [TestNG-test=RetryMultipleFailedTestcases-2] INFO  sprint4_TestCases.J_CommonTestcases - clicked on Number list from VE
20:20:37.798 [TestNG-test=RetryMultipleFailedTestcases-2] INFO  sprint4_TestCases.J_CommonTestcases - Switched to frame 0.
20:20:38.131 [TestNG-test=RetryMultipleFailedTestcases-2] INFO  sprint4_TestCases.J_CommonTestcases - verifying List item is added for a bold content in the table
20:20:38.131 [TestNG-test=RetryMultipleFailedTestcases-2] INFO  sprint4_TestCases.J_CommonTestcases - Finished verifyStyleAttributeList
20:20:39.773 [TestNG-test=RetryMultipleFailedTestcases-3] INFO  sprint4_TestCases.J_CommonTestcases - Starting insertCaptionMoreThan256AndVerifyInAttribute_ExistingTable
20:20:45.438 [TestNG-test=RetryMultipleFailedTestcases-2] INFO  sprint4_TestCases.J_CommonTestcases - Starting verifySelectAllTableDeleteUndo
20:20:50.363 [TestNG-test=RetryMultipleFailedTestcases-4] INFO  sprint4_TestCases.J_CommonTestcases - Logged in and searched for a file, then clicked Edit.
20:20:50.390 [TestNG-test=RetryMultipleFailedTestcases-4] INFO  sprint4_TestCases.J_CommonTestcases - Switched to frame 0.
20:20:51.533 [TestNG-test=RetryMultipleFailedTestcases-1] INFO  sprint4_TestCases.J_CommonTestcases - Logged in and searched for a file, then clicked Edit.
20:20:51.686 [TestNG-test=RetryMultipleFailedTestcases-4] INFO  sprint4_TestCases.J_CommonTestcases - Switched back to default content.
20:20:51.738 [TestNG-test=RetryMultipleFailedTestcases-4] INFO  sprint4_TestCases.J_CommonTestcases - Switched to frame 1.
20:20:54.149 [TestNG-test=RetryMultipleFailedTestcases-4] INFO  sprint4_TestCases.J_CommonTestcases - Switched back to default content.
20:20:56.252 [TestNG-test=RetryMultipleFailedTestcases-4] INFO  sprint4_TestCases.J_CommonTestcases - clicked on Undo plugin
20:20:59.557 [TestNG-test=RetryMultipleFailedTestcases-1] INFO  sprint4_TestCases.J_CommonTestcases - Inserted Table in DS
20:20:59.626 [TestNG-test=RetryMultipleFailedTestcases-1] INFO  sprint4_TestCases.J_CommonTestcases - Switched to frame 0.
20:21:00.211 [TestNG-test=RetryMultipleFailedTestcases-1] INFO  sprint4_TestCases.J_CommonTestcases - clicked on Inserted Table First Cell
20:21:00.234 [TestNG-test=RetryMultipleFailedTestcases-1] INFO  sprint4_TestCases.J_CommonTestcases - Switched back to default content.
20:21:00.799 [TestNG-test=RetryMultipleFailedTestcases-1] INFO  sprint4_TestCases.J_CommonTestcases - clicked on Number list from VE
20:21:01.323 [TestNG-test=RetryMultipleFailedTestcases-1] INFO  sprint4_TestCases.J_CommonTestcases - clicked on Revision plugin
20:21:01.902 [TestNG-test=RetryMultipleFailedTestcases-1] INFO  sprint4_TestCases.J_CommonTestcases - clicked on code view
20:21:06.607 [TestNG-test=RetryMultipleFailedTestcases-4] INFO  sprint4_TestCases.J_CommonTestcases - verifying table is selected in DS
20:21:06.607 [TestNG-test=RetryMultipleFailedTestcases-4] INFO  sprint4_TestCases.J_CommonTestcases - Finished verifyDeleteTableRightClickOptionsUndo
20:21:10.588 [TestNG-test=RetryMultipleFailedTestcases-1] INFO  sprint4_TestCases.J_CommonTestcases - Starting verifylistinsideTable
20:21:13.054 [TestNG-test=RetryMultipleFailedTestcases-4] INFO  sprint4_TestCases.J_CommonTestcases - Starting verifyInsertRowBelowAddList
20:21:13.162 [TestNG-test=RetryMultipleFailedTestcases-3] INFO  sprint4_TestCases.J_CommonTestcases - Logged in and searched for a file, then clicked Edit.
20:21:13.190 [TestNG-test=RetryMultipleFailedTestcases-3] INFO  sprint4_TestCases.J_CommonTestcases - Switched to frame 0.
20:21:14.424 [TestNG-test=RetryMultipleFailedTestcases-3] INFO  sprint4_TestCases.J_CommonTestcases - clicked on Existing Table First Cell
20:21:14.521 [TestNG-test=RetryMultipleFailedTestcases-3] INFO  sprint4_TestCases.J_CommonTestcases - Switched back to default content.
20:21:14.866 [TestNG-test=RetryMultipleFailedTestcases-3] INFO  sprint4_TestCases.J_CommonTestcases - clicked on table properties tab
20:21:15.199 [TestNG-test=RetryMultipleFailedTestcases-3] INFO  sprint4_TestCases.J_CommonTestcases - clicked on caption input
20:21:15.892 [TestNG-test=RetryMultipleFailedTestcases-2] INFO  sprint4_TestCases.J_CommonTestcases - Logged in and searched for a file, then clicked Edit.
20:21:22.427 [TestNG-test=RetryMultipleFailedTestcases-3] INFO  sprint4_TestCases.J_CommonTestcases - verifying alert message is seen
20:21:22.427 [TestNG-test=RetryMultipleFailedTestcases-3] INFO  sprint4_TestCases.J_CommonTestcases - Finished insertCaptionMoreThan256AndVerifyInAttribute_ExistingTable
20:21:24.032 [TestNG-test=RetryMultipleFailedTestcases-2] INFO  sprint4_TestCases.J_CommonTestcases - Inserted Table in DS
20:21:24.743 [TestNG-test=RetryMultipleFailedTestcases-2] INFO  sprint4_TestCases.J_CommonTestcases - clicked on Accept change
20:21:24.851 [TestNG-test=RetryMultipleFailedTestcases-2] INFO  sprint4_TestCases.J_CommonTestcases - Switched to frame 0.
20:21:25.065 [TestNG-test=RetryMultipleFailedTestcases-2] INFO  sprint4_TestCases.J_CommonTestcases - Switched back to default content.
20:21:26.134 [TestNG-test=RetryMultipleFailedTestcases-2] INFO  sprint4_TestCases.J_CommonTestcases - Verifying insert above is disabled
20:21:26.280 [TestNG-test=RetryMultipleFailedTestcases-2] INFO  sprint4_TestCases.J_CommonTestcases - Verifying insert below is disabled
20:21:26.359 [TestNG-test=RetryMultipleFailedTestcases-2] INFO  sprint4_TestCases.J_CommonTestcases - Verifying insert left is disabled
20:21:26.453 [TestNG-test=RetryMultipleFailedTestcases-2] INFO  sprint4_TestCases.J_CommonTestcases - Verifying insert right is disabled
20:21:26.731 [TestNG-test=RetryMultipleFailedTestcases-2] INFO  sprint4_TestCases.J_CommonTestcases - Verifying insert merge below is disabled
20:21:27.167 [TestNG-test=RetryMultipleFailedTestcases-2] INFO  sprint4_TestCases.J_CommonTestcases - Verifying split horizontal is disabled
20:21:27.496 [TestNG-test=RetryMultipleFailedTestcases-2] INFO  sprint4_TestCases.J_CommonTestcases - Verifying split vertical is disabled
20:21:27.736 [TestNG-test=RetryMultipleFailedTestcases-2] INFO  sprint4_TestCases.J_CommonTestcases - Verifying delete cell is disabled
20:21:27.964 [TestNG-test=RetryMultipleFailedTestcases-2] INFO  sprint4_TestCases.J_CommonTestcases - Verifying delete row is disabled
20:21:30.915 [TestNG-test=RetryMultipleFailedTestcases-2] INFO  sprint4_TestCases.J_CommonTestcases - clicked on Undo plugin
20:21:31.110 [TestNG-test=RetryMultipleFailedTestcases-2] INFO  sprint4_TestCases.J_CommonTestcases - Finished verifySelectAllTableDeleteUndo
20:21:32.436 [TestNG-test=RetryMultipleFailedTestcases-3] INFO  sprint4_TestCases.J_CommonTestcases - Starting verifyExisitingListEnableDisable
20:21:38.577 [TestNG-test=RetryMultipleFailedTestcases-2] INFO  sprint4_TestCases.J_CommonTestcases - Starting verifyShowHideTablePropertiesNotVisible
20:21:41.401 [TestNG-test=RetryMultipleFailedTestcases-1] INFO  sprint4_TestCases.J_CommonTestcases - Logged in and searched for a file, then clicked Edit.
20:21:41.427 [TestNG-test=RetryMultipleFailedTestcases-1] INFO  sprint4_TestCases.J_CommonTestcases - Switched to frame 0.
20:21:42.216 [TestNG-test=RetryMultipleFailedTestcases-1] INFO  sprint4_TestCases.J_CommonTestcases - clicked on First para from VE
20:21:42.440 [TestNG-test=RetryMultipleFailedTestcases-1] INFO  sprint4_TestCases.J_CommonTestcases - Switched back to default content.
20:21:43.311 [TestNG-test=RetryMultipleFailedTestcases-1] INFO  sprint4_TestCases.J_CommonTestcases - clicked on Number list from VE
20:21:49.676 [TestNG-test=RetryMultipleFailedTestcases-4] INFO  sprint4_TestCases.J_CommonTestcases - Logged in and searched for a file, then clicked Edit.
20:21:54.496 [TestNG-test=RetryMultipleFailedTestcases-1] INFO  sprint4_TestCases.J_CommonTestcases - Starting verifylistinsideTable
20:21:57.941 [TestNG-test=RetryMultipleFailedTestcases-4] INFO  sprint4_TestCases.J_CommonTestcases - Inserted Table in DS
20:21:58.421 [TestNG-test=RetryMultipleFailedTestcases-4] INFO  sprint4_TestCases.J_CommonTestcases - clicked on Accept change
20:21:58.523 [TestNG-test=RetryMultipleFailedTestcases-4] INFO  sprint4_TestCases.J_CommonTestcases - verifying number list is enabled
20:21:58.563 [TestNG-test=RetryMultipleFailedTestcases-4] INFO  sprint4_TestCases.J_CommonTestcases - verifying bullet list is enabled
20:21:58.578 [TestNG-test=RetryMultipleFailedTestcases-4] INFO  sprint4_TestCases.J_CommonTestcases - Switched to frame 0.
20:21:59.212 [TestNG-test=RetryMultipleFailedTestcases-4] INFO  sprint4_TestCases.J_CommonTestcases - clicked on Inserted Table First Cell
20:21:59.241 [TestNG-test=RetryMultipleFailedTestcases-4] INFO  sprint4_TestCases.J_CommonTestcases - Switched back to default content.
20:22:00.131 [TestNG-test=RetryMultipleFailedTestcases-4] INFO  sprint4_TestCases.J_CommonTestcases - clicked on Number list from VE
20:22:00.870 [TestNG-test=RetryMultipleFailedTestcases-4] INFO  sprint4_TestCases.J_CommonTestcases - verifying number list is enabled
20:22:00.964 [TestNG-test=RetryMultipleFailedTestcases-4] INFO  sprint4_TestCases.J_CommonTestcases - verifying bullet list is enabled
20:22:00.991 [TestNG-test=RetryMultipleFailedTestcases-4] INFO  sprint4_TestCases.J_CommonTestcases - Switched to frame 0.
20:22:01.072 [TestNG-test=RetryMultipleFailedTestcases-4] INFO  sprint4_TestCases.J_CommonTestcases - Finished verifyInsertRowBelowAddList
20:22:09.838 [TestNG-test=RetryMultipleFailedTestcases-4] INFO  sprint4_TestCases.J_CommonTestcases - Starting verifyDeleteColumn
20:22:12.852 [TestNG-test=RetryMultipleFailedTestcases-2] INFO  sprint4_TestCases.J_CommonTestcases - Logged in and searched for a file, then clicked Edit.
20:22:20.246 [TestNG-test=RetryMultipleFailedTestcases-2] INFO  sprint4_TestCases.J_CommonTestcases - Inserted Table in DS
20:22:30.760 [TestNG-test=RetryMultipleFailedTestcases-2] INFO  sprint4_TestCases.J_CommonTestcases - Finished verifyShowHideTablePropertiesNotVisible
20:22:32.496 [TestNG-test=RetryMultipleFailedTestcases-1] INFO  sprint4_TestCases.J_CommonTestcases - Logged in and searched for a file, then clicked Edit.
20:22:32.519 [TestNG-test=RetryMultipleFailedTestcases-1] INFO  sprint4_TestCases.J_CommonTestcases - Switched to frame 0.
20:22:32.984 [TestNG-test=RetryMultipleFailedTestcases-1] INFO  sprint4_TestCases.J_CommonTestcases - clicked on First para from VE
20:22:33.036 [TestNG-test=RetryMultipleFailedTestcases-1] INFO  sprint4_TestCases.J_CommonTestcases - Switched back to default content.
20:22:33.636 [TestNG-test=RetryMultipleFailedTestcases-1] INFO  sprint4_TestCases.J_CommonTestcases - clicked on Number list from VE
20:22:37.870 [TestNG-test=RetryMultipleFailedTestcases-2] INFO  sprint4_TestCases.J_CommonTestcases - Starting verifyTableHeadersBoxUpdated
20:22:42.138 [TestNG-test=RetryMultipleFailedTestcases-3] INFO  sprint4_TestCases.J_CommonTestcases - Logged in and searched for a file, then clicked Edit.
20:22:42.164 [TestNG-test=RetryMultipleFailedTestcases-3] INFO  sprint4_TestCases.J_CommonTestcases - Switched to frame 0.
20:22:42.971 [TestNG-test=RetryMultipleFailedTestcases-3] INFO  sprint4_TestCases.J_CommonTestcases - clicked on existing on tabel second cell
20:22:43.081 [TestNG-test=RetryMultipleFailedTestcases-3] INFO  sprint4_TestCases.J_CommonTestcases - Switched back to default content.
20:22:44.007 [TestNG-test=RetryMultipleFailedTestcases-1] INFO  sprint4_TestCases.J_CommonTestcases - Starting verifylistinsideTable
20:22:44.109 [TestNG-test=RetryMultipleFailedTestcases-3] INFO  sprint4_TestCases.J_CommonTestcases - clicked on Number list from VE
20:22:45.078 [TestNG-test=RetryMultipleFailedTestcases-3] INFO  sprint4_TestCases.J_CommonTestcases - clicked on Number list from VE
20:22:45.365 [TestNG-test=RetryMultipleFailedTestcases-3] INFO  sprint4_TestCases.J_CommonTestcases - Switched to frame 0.
20:22:45.486 [TestNG-test=RetryMultipleFailedTestcases-3] INFO  sprint4_TestCases.J_CommonTestcases - Verifying Table is selected in the Content Block
20:22:45.486 [TestNG-test=RetryMultipleFailedTestcases-3] INFO  sprint4_TestCases.J_CommonTestcases - Finished verifyExisitingListEnableDisable
20:22:47.781 [TestNG-test=RetryMultipleFailedTestcases-4] INFO  sprint4_TestCases.J_CommonTestcases - Logged in and searched for a file, then clicked Edit.
20:22:53.705 [TestNG-test=RetryMultipleFailedTestcases-3] INFO  sprint4_TestCases.J_CommonTestcases - Starting verifyTablePropertiesCaptionEditable
20:22:56.310 [TestNG-test=RetryMultipleFailedTestcases-4] INFO  sprint4_TestCases.J_CommonTestcases - Inserted a new table.
20:22:56.410 [TestNG-test=RetryMultipleFailedTestcases-4] INFO  sprint4_TestCases.J_CommonTestcases - Switched to frame 0.
20:22:57.037 [TestNG-test=RetryMultipleFailedTestcases-4] INFO  sprint4_TestCases.J_CommonTestcases - Clicked new table first cell.
20:22:57.061 [TestNG-test=RetryMultipleFailedTestcases-4] INFO  sprint4_TestCases.J_CommonTestcases - Switched back to default content.
20:22:57.683 [TestNG-test=RetryMultipleFailedTestcases-4] INFO  sprint4_TestCases.J_CommonTestcases - Clicked delete Column from table properties
20:22:57.883 [TestNG-test=RetryMultipleFailedTestcases-4] INFO  sprint4_TestCases.J_CommonTestcases - Switched to frame 0.
20:22:57.947 [TestNG-test=RetryMultipleFailedTestcases-4] INFO  sprint4_TestCases.J_CommonTestcases - Column is deleted
20:22:57.949 [TestNG-test=RetryMultipleFailedTestcases-4] INFO  sprint4_TestCases.J_CommonTestcases - Switched back to default content.
20:22:58.722 [TestNG-test=RetryMultipleFailedTestcases-4] INFO  sprint4_TestCases.J_CommonTestcases - clicked on Undo plugin
20:22:58.917 [TestNG-test=RetryMultipleFailedTestcases-4] INFO  sprint4_TestCases.J_CommonTestcases - Switched to frame 0.
20:22:58.970 [TestNG-test=RetryMultipleFailedTestcases-4] INFO  sprint4_TestCases.J_CommonTestcases - Column is deleted
20:22:58.970 [TestNG-test=RetryMultipleFailedTestcases-4] INFO  sprint4_TestCases.J_CommonTestcases - Finished verifyDeleteColumn
20:23:06.369 [TestNG-test=RetryMultipleFailedTestcases-4] INFO  sprint4_TestCases.J_CommonTestcases - Starting verifyInsertFootnoteInsertTable
20:23:09.768 [TestNG-test=RetryMultipleFailedTestcases-2] INFO  sprint4_TestCases.J_CommonTestcases - Logged in and searched for a file, then clicked Edit.
20:23:17.970 [TestNG-test=RetryMultipleFailedTestcases-2] INFO  sprint4_TestCases.J_CommonTestcases - Inserted Table in DS
20:23:18.883 [TestNG-test=RetryMultipleFailedTestcases-2] INFO  sprint4_TestCases.J_CommonTestcases - Finished verifyTableHeadersBoxUpdated
20:23:24.981 [TestNG-test=RetryMultipleFailedTestcases-2] INFO  sprint4_TestCases.J_CommonTestcases - Starting verify_DeleteTable_TableProperties
20:23:33.732 [TestNG-test=RetryMultipleFailedTestcases-1] INFO  sprint4_TestCases.J_CommonTestcases - Logged in and searched for a file, then clicked Edit.
20:23:33.762 [TestNG-test=RetryMultipleFailedTestcases-1] INFO  sprint4_TestCases.J_CommonTestcases - Switched to frame 0.
20:23:33.986 [TestNG-test=RetryMultipleFailedTestcases-3] INFO  sprint4_TestCases.J_CommonTestcases - Logged in and searched for a file, then clicked Edit.
20:23:34.011 [TestNG-test=RetryMultipleFailedTestcases-3] INFO  sprint4_TestCases.J_CommonTestcases - Switched to frame 0.
20:23:34.810 [TestNG-test=RetryMultipleFailedTestcases-1] INFO  sprint4_TestCases.J_CommonTestcases - clicked on First para from VE
20:23:35.075 [TestNG-test=RetryMultipleFailedTestcases-1] INFO  sprint4_TestCases.J_CommonTestcases - Switched back to default content.
20:23:35.919 [TestNG-test=RetryMultipleFailedTestcases-1] INFO  sprint4_TestCases.J_CommonTestcases - clicked on Number list from VE
20:23:44.450 [TestNG-test=RetryMultipleFailedTestcases-1] INFO  sprint4_TestCases.J_CommonTestcases - Starting verifylistinsideTable
20:23:59.865 [TestNG-test=RetryMultipleFailedTestcases-2] INFO  sprint4_TestCases.J_CommonTestcases - Logged in and searched for a file, then clicked Edit.
20:24:01.216 [TestNG-test=RetryMultipleFailedTestcases-4] INFO  sprint4_TestCases.J_CommonTestcases - Logged in and searched for a file, then clicked Edit.
20:24:01.632 [TestNG-test=RetryMultipleFailedTestcases-4] INFO  sprint4_TestCases.J_CommonTestcases - clicked on section heading from DS
20:24:02.055 [TestNG-test=RetryMultipleFailedTestcases-4] INFO  sprint4_TestCases.J_CommonTestcases - clicked on footnote plugin
20:24:05.878 [TestNG-test=RetryMultipleFailedTestcases-4] INFO  sprint4_TestCases.J_CommonTestcases - clicked on new footnote box
20:24:05.996 [TestNG-test=RetryMultipleFailedTestcases-4] INFO  sprint4_TestCases.J_CommonTestcases - Enter some values in footnote
20:24:07.119 [TestNG-test=RetryMultipleFailedTestcases-2] INFO  sprint4_TestCases.J_CommonTestcases - Inserted Table in DS
20:24:07.150 [TestNG-test=RetryMultipleFailedTestcases-4] INFO  sprint4_TestCases.J_CommonTestcases - clicked on footnote ok button
20:24:07.677 [TestNG-test=RetryMultipleFailedTestcases-2] INFO  sprint4_TestCases.J_CommonTestcases - clicked on Accept change
20:24:08.653 [TestNG-test=RetryMultipleFailedTestcases-4] INFO  sprint4_TestCases.J_CommonTestcases - clicked on Accept change
20:24:08.796 [TestNG-test=RetryMultipleFailedTestcases-2] INFO  sprint4_TestCases.J_CommonTestcases - Switched to frame 0.
20:24:09.402 [TestNG-test=RetryMultipleFailedTestcases-2] INFO  sprint4_TestCases.J_CommonTestcases - clicked on Inserted Table First Cell
20:24:09.416 [TestNG-test=RetryMultipleFailedTestcases-2] INFO  sprint4_TestCases.J_CommonTestcases - Switched back to default content.
20:24:09.749 [TestNG-test=RetryMultipleFailedTestcases-2] INFO  sprint4_TestCases.J_CommonTestcases - clicked on Accept change
20:24:10.123 [TestNG-test=RetryMultipleFailedTestcases-2] INFO  sprint4_TestCases.J_CommonTestcases - Finished verify_DeleteTable_TableProperties
20:24:16.273 [TestNG-test=RetryMultipleFailedTestcases-3] INFO  sprint4_TestCases.J_CommonTestcases - Switched back to default content.
