12:53:10.999 [TestNG-test=RetryMultipleFailedTestcases-3] INFO  sprint3_TestCases.C_Verify_FocusMode - Creating A_Verify_BottomRibbon instance
12:53:11.024 [TestNG-test=RetryMultipleFailedTestcases-3] INFO  sprint3_TestCases.C_Verify_FocusMode - Clicking Focus Mode
12:53:11.368 [TestNG-test=RetryMultipleFailedTestcases-3] INFO  sprint3_TestCases.C_Verify_FocusMode - Clicking Right Panel Open
12:53:12.110 [TestNG-test=RetryMultipleFailedTestcases-3] INFO  sprint3_TestCases.C_Verify_FocusMode - Verifying Right Side Element Panal is displayed
12:53:13.349 [TestNG-test=RetryMultipleFailedTestcases-3] INFO  sprint3_TestCases.C_Verify_FocusMode - Verifying Right Side Element Panal is displayed
12:53:13.350 [TestNG-test=RetryMultipleFailedTestcases-3] INFO  sprint3_TestCases.C_Verify_FocusMode - Clicking Right Panel Close
12:53:13.655 [TestNG-test=RetryMultipleFailedTestcases-3] INFO  sprint3_TestCases.C_Verify_FocusMode - verify_FocusMode_RightPanal_Open test completed successfully.
12:53:17.103 [TestNG-test=RetryMultipleFailedTestcases-3] INFO  sprint3_TestCases.C_Verify_FocusMode - Starting verify_FocusMode_RightPanal_Close test...
12:53:17.103 [TestNG-test=RetryMultipleFailedTestcases-3] INFO  sprint3_TestCases.C_Verify_FocusMode - ReusableMethods.LoginAndSearchFile_ClickEdit()
12:53:40.338 [TestNG-test=RetryMultipleFailedTestcases-2] INFO  sprint3_TestCases.C_Verify_FocusMode - Creating A_Verify_BottomRibbon instance
12:53:40.340 [TestNG-test=RetryMultipleFailedTestcases-2] INFO  sprint3_TestCases.C_Verify_FocusMode - Clicking Focus Mode
12:53:40.892 [TestNG-test=RetryMultipleFailedTestcases-2] INFO  sprint3_TestCases.C_Verify_FocusMode - Clicking Left Panel Open
12:53:44.834 [TestNG-test=RetryMultipleFailedTestcases-2] INFO  sprint3_TestCases.C_Verify_FocusMode - Clicking Left Panel Close
12:53:45.426 [TestNG-test=RetryMultipleFailedTestcases-4] INFO  sprint3_TestCases.C_Verify_FocusMode - Creating A_Verify_BottomRibbon instance
12:53:45.427 [TestNG-test=RetryMultipleFailedTestcases-4] INFO  sprint3_TestCases.C_Verify_FocusMode - Clicking Focus Mode
12:53:46.220 [TestNG-test=RetryMultipleFailedTestcases-4] INFO  sprint3_TestCases.C_Verify_FocusMode - Clicking Right Panel Open
12:53:47.060 [TestNG-test=RetryMultipleFailedTestcases-4] INFO  sprint3_TestCases.C_Verify_FocusMode - Verifying Right Side Element Panal is displayed
12:53:48.233 [TestNG-test=RetryMultipleFailedTestcases-4] INFO  sprint3_TestCases.C_Verify_FocusMode - Clicking Left Panel Open
12:53:48.494 [TestNG-test=RetryMultipleFailedTestcases-4] INFO  sprint3_TestCases.C_Verify_FocusMode - Verifying Left Side Content Block Panal is displayed
12:53:49.092 [TestNG-test=RetryMultipleFailedTestcases-4] INFO  sprint3_TestCases.C_Verify_FocusMode - verify_FocusMode_LeftPanal_RightPanal test completed successfully.
12:53:52.470 [TestNG-test=RetryMultipleFailedTestcases-4] INFO  sprint3_TestCases.C_Verify_FocusMode - Starting verify_FocusMode_LeftPanel_Tooltip test...
12:53:52.470 [TestNG-test=RetryMultipleFailedTestcases-4] INFO  sprint3_TestCases.C_Verify_FocusMode - ReusableMethods.LoginAndSearchFile_ClickEdit()
12:53:58.294 [TestNG-test=RetryMultipleFailedTestcases-1] INFO  sprint3_TestCases.C_Verify_FocusMode - verify_FocusMode_Enabled test completed successfully.
12:53:58.559 [TestNG-test=RetryMultipleFailedTestcases-2] INFO  sprint3_TestCases.C_Verify_FocusMode - Verifying Left Side Content Block Panal is not displayed
12:53:58.560 [TestNG-test=RetryMultipleFailedTestcases-2] INFO  sprint3_TestCases.C_Verify_FocusMode - verify_FocusMode_LeftPanal_Close test completed successfully.
12:54:02.603 [TestNG-test=RetryMultipleFailedTestcases-1] INFO  sprint3_TestCases.C_Verify_FocusMode - Starting verify_FocusMode_RightPanel_Tooltip test...
12:54:02.604 [TestNG-test=RetryMultipleFailedTestcases-1] INFO  sprint3_TestCases.C_Verify_FocusMode - ReusableMethods.LoginAndSearchFile_ClickEdit()
12:54:02.731 [TestNG-test=RetryMultipleFailedTestcases-2] INFO  sprint3_TestCases.C_Verify_FocusMode - Starting verify_FocusMode_ZoomOptions test...
12:54:02.731 [TestNG-test=RetryMultipleFailedTestcases-2] INFO  sprint3_TestCases.C_Verify_FocusMode - ReusableMethods.LoginAndSearchFile_ClickEdit()
12:54:04.969 [TestNG-test=RetryMultipleFailedTestcases-3] INFO  sprint3_TestCases.C_Verify_FocusMode - Creating A_Verify_BottomRibbon instance
12:54:04.969 [TestNG-test=RetryMultipleFailedTestcases-3] INFO  sprint3_TestCases.C_Verify_FocusMode - Clicking Focus Mode
12:54:05.324 [TestNG-test=RetryMultipleFailedTestcases-3] INFO  sprint3_TestCases.C_Verify_FocusMode - Clicking Right Panel Open
12:54:07.655 [TestNG-test=RetryMultipleFailedTestcases-3] INFO  sprint3_TestCases.C_Verify_FocusMode - Clicking Right Panel Close
12:54:17.581 [TestNG-test=RetryMultipleFailedTestcases-4] INFO  sprint3_TestCases.C_Verify_FocusMode - Creating A_Verify_BottomRibbon instance
12:54:17.583 [TestNG-test=RetryMultipleFailedTestcases-4] INFO  sprint3_TestCases.C_Verify_FocusMode - Clicking Focus Mode
12:54:20.575 [TestNG-test=RetryMultipleFailedTestcases-3] INFO  sprint3_TestCases.C_Verify_FocusMode - Verifying Right Side Element Panal is not displayed
12:54:20.575 [TestNG-test=RetryMultipleFailedTestcases-3] INFO  sprint3_TestCases.C_Verify_FocusMode - verify_FocusMode_RightPanal_Close test completed successfully.
12:54:21.107 [TestNG-test=RetryMultipleFailedTestcases-4] INFO  sprint3_TestCases.C_Verify_FocusMode - Clicking Right Panel Open
12:54:21.513 [TestNG-test=RetryMultipleFailedTestcases-4] INFO  sprint3_TestCases.C_Verify_FocusMode - Verifying Left Panel Close Tooltip
12:54:22.590 [TestNG-test=RetryMultipleFailedTestcases-4] INFO  sprint3_TestCases.C_Verify_FocusMode - verify_FocusMode_LeftPanel_Tooltip test completed successfully.
12:54:24.372 [TestNG-test=RetryMultipleFailedTestcases-3] INFO  sprint3_TestCases.C_Verify_FocusMode - Starting verify_FocusMode_OnBrowserMinimizeAndMaximize test...
12:54:24.372 [TestNG-test=RetryMultipleFailedTestcases-3] INFO  sprint3_TestCases.C_Verify_FocusMode - ReusableMethods.LoginAndSearchFile_ClickEdit()
12:54:26.564 [TestNG-test=RetryMultipleFailedTestcases-4] INFO  sprint3_TestCases.C_Verify_FocusMode - Starting verify_FocusModeHighlightd_OnBrowserMinimizeAndMaximize test...
12:54:26.564 [TestNG-test=RetryMultipleFailedTestcases-4] INFO  sprint3_TestCases.C_Verify_FocusMode - ReusableMethods.LoginAndSearchFile_ClickEdit()
12:54:33.487 [TestNG-test=RetryMultipleFailedTestcases-1] INFO  sprint3_TestCases.C_Verify_FocusMode - Creating A_Verify_BottomRibbon instance
12:54:33.488 [TestNG-test=RetryMultipleFailedTestcases-1] INFO  sprint3_TestCases.C_Verify_FocusMode - Clicking Focus Mode
12:54:36.199 [TestNG-test=RetryMultipleFailedTestcases-2] INFO  sprint3_TestCases.C_Verify_FocusMode - Creating A_Verify_BottomRibbon instance
12:54:36.200 [TestNG-test=RetryMultipleFailedTestcases-2] INFO  sprint3_TestCases.C_Verify_FocusMode - Clicking Focus Mode
12:54:36.635 [TestNG-test=RetryMultipleFailedTestcases-2] INFO  sprint3_TestCases.C_Verify_FocusMode - Clicking Zoom Out
12:54:36.996 [TestNG-test=RetryMultipleFailedTestcases-1] INFO  sprint3_TestCases.C_Verify_FocusMode - Verifying General attribute label is not displayed
12:54:41.302 [TestNG-test=RetryMultipleFailedTestcases-2] INFO  sprint3_TestCases.C_Verify_FocusMode - Clicking Zoom In
12:54:45.259 [TestNG-test=RetryMultipleFailedTestcases-2] INFO  sprint3_TestCases.C_Verify_FocusMode - verify_FocusMode_ZoomOptions test completed successfully.
12:54:47.464 [TestNG-test=RetryMultipleFailedTestcases-1] INFO  sprint3_TestCases.C_Verify_FocusMode - Verifying Right Panel Open Tooltip
12:54:47.535 [TestNG-test=RetryMultipleFailedTestcases-1] INFO  sprint3_TestCases.C_Verify_FocusMode - Clicking Right Panel Open
12:54:47.871 [TestNG-test=RetryMultipleFailedTestcases-1] INFO  sprint3_TestCases.C_Verify_FocusMode - Verifying Right Panel Close Tooltip
12:54:48.718 [TestNG-test=RetryMultipleFailedTestcases-2] INFO  sprint3_TestCases.D_Verify_BlockViewTC - Starting verify_BlockView_Tooltip test...
12:54:48.719 [TestNG-test=RetryMultipleFailedTestcases-2] INFO  sprint3_TestCases.D_Verify_BlockViewTC - ReusableMethods.LoginAndSearchFile_ClickEdit()
12:54:49.670 [TestNG-test=RetryMultipleFailedTestcases-1] INFO  sprint3_TestCases.C_Verify_FocusMode - verify_FocusMode_RightPanel_Tooltip test completed successfully.
12:54:50.211 [TestNG-test=RetryMultipleFailedTestcases-3] INFO  sprint3_TestCases.C_Verify_FocusMode - Creating A_Verify_BottomRibbon instance
12:54:50.212 [TestNG-test=RetryMultipleFailedTestcases-3] INFO  sprint3_TestCases.C_Verify_FocusMode - Verifying that Focus Mode is displayed
12:54:50.377 [TestNG-test=RetryMultipleFailedTestcases-3] INFO  sprint3_TestCases.C_Verify_FocusMode - Changing the browser window size
12:54:50.703 [TestNG-test=RetryMultipleFailedTestcases-3] INFO  sprint3_TestCases.C_Verify_FocusMode - Verifying that Focus Mode is not displayed after minimizing
12:54:52.767 [TestNG-test=RetryMultipleFailedTestcases-4] INFO  sprint3_TestCases.C_Verify_FocusMode - Creating A_Verify_BottomRibbon instance
12:54:52.768 [TestNG-test=RetryMultipleFailedTestcases-4] INFO  sprint3_TestCases.C_Verify_FocusMode - Clicking Focus Mode
12:54:53.184 [TestNG-test=RetryMultipleFailedTestcases-4] INFO  sprint3_TestCases.C_Verify_FocusMode - Getting style attribute of Focus Mode Highlighted element
12:54:53.548 [TestNG-test=RetryMultipleFailedTestcases-4] INFO  sprint3_TestCases.C_Verify_FocusMode - Verifying Focus Mode is highlighted
12:54:53.549 [TestNG-test=RetryMultipleFailedTestcases-4] INFO  sprint3_TestCases.C_Verify_FocusMode - Changing the browser window size
12:54:53.602 [TestNG-test=RetryMultipleFailedTestcases-1] INFO  sprint3_TestCases.D_Verify_BlockViewTC - Starting verify_BlockView_Highlighted test...
12:54:53.604 [TestNG-test=RetryMultipleFailedTestcases-1] INFO  sprint3_TestCases.D_Verify_BlockViewTC - ReusableMethods.LoginAndSearchFile_ClickEdit()
12:54:54.315 [TestNG-test=RetryMultipleFailedTestcases-4] INFO  sprint3_TestCases.C_Verify_FocusMode - Getting style attribute of Focus Mode Highlighted element after maximizing
12:54:55.157 [TestNG-test=RetryMultipleFailedTestcases-4] INFO  sprint3_TestCases.C_Verify_FocusMode - Verifying Focus Mode is not highlighted after maximizing
12:54:55.157 [TestNG-test=RetryMultipleFailedTestcases-4] INFO  sprint3_TestCases.C_Verify_FocusMode - Verifying that Focus Mode style changed after maximizing
12:54:55.157 [TestNG-test=RetryMultipleFailedTestcases-4] INFO  sprint3_TestCases.C_Verify_FocusMode - verify_FocusModeHighlightd_OnBrowserMinimizeAndMaximize test completed successfully.
12:54:58.673 [TestNG-test=RetryMultipleFailedTestcases-4] INFO  sprint3_TestCases.D_Verify_BlockViewTC - Starting verify_BlockView_Disabled test...
12:54:58.673 [TestNG-test=RetryMultipleFailedTestcases-4] INFO  sprint3_TestCases.D_Verify_BlockViewTC - ReusableMethods.LoginAndSearchFile_ClickEdit()
12:55:23.697 [TestNG-test=RetryMultipleFailedTestcases-2] INFO  sprint3_TestCases.D_Verify_BlockViewTC - Creating A_Verify_BottomRibbon instance
12:55:23.699 [TestNG-test=RetryMultipleFailedTestcases-2] INFO  sprint3_TestCases.D_Verify_BlockViewTC - Moving to Blocks View element
12:55:23.931 [TestNG-test=RetryMultipleFailedTestcases-2] INFO  sprint3_TestCases.D_Verify_BlockViewTC - Getting tooltip text
12:55:24.003 [TestNG-test=RetryMultipleFailedTestcases-2] INFO  sprint3_TestCases.D_Verify_BlockViewTC - Verifying Blocks View tooltip
12:55:24.003 [TestNG-test=RetryMultipleFailedTestcases-2] INFO  sprint3_TestCases.D_Verify_BlockViewTC - verify_BlockView_Tooltip test completed successfully.
12:55:27.429 [TestNG-test=RetryMultipleFailedTestcases-2] INFO  sprint3_TestCases.D_Verify_BlockViewTC - Starting verify_BlockView_ZoomOptions test...
12:55:27.429 [TestNG-test=RetryMultipleFailedTestcases-2] INFO  sprint3_TestCases.D_Verify_BlockViewTC - ReusableMethods.LoginAndSearchFile_ClickEdit()
12:55:29.571 [TestNG-test=RetryMultipleFailedTestcases-1] INFO  sprint3_TestCases.D_Verify_BlockViewTC - Creating A_Verify_BottomRibbon instance
12:55:29.572 [TestNG-test=RetryMultipleFailedTestcases-1] INFO  sprint3_TestCases.D_Verify_BlockViewTC - Verifying Blocks View is present
12:55:29.721 [TestNG-test=RetryMultipleFailedTestcases-1] INFO  sprint3_TestCases.D_Verify_BlockViewTC - Verifying BlockView Button is Visible in gray colour
12:55:29.885 [TestNG-test=RetryMultipleFailedTestcases-1] INFO  sprint3_TestCases.D_Verify_BlockViewTC - Clicking Blocks View
12:55:30.742 [TestNG-test=RetryMultipleFailedTestcases-1] INFO  sprint3_TestCases.D_Verify_BlockViewTC - Verifying BlockView Button is Highlighted
12:55:30.844 [TestNG-test=RetryMultipleFailedTestcases-3] INFO  sprint3_TestCases.C_Verify_FocusMode - verify_FocusMode_OnBrowserMinimizeAndMaximize test completed successfully.
12:55:31.117 [TestNG-test=RetryMultipleFailedTestcases-1] INFO  sprint3_TestCases.D_Verify_BlockViewTC - verify_BlockView_Highlighted test completed successfully.
12:55:34.747 [TestNG-test=RetryMultipleFailedTestcases-3] INFO  sprint3_TestCases.D_Verify_BlockViewTC - Starting verify_BlockView_ContentBlock test...
12:55:34.747 [TestNG-test=RetryMultipleFailedTestcases-3] INFO  sprint3_TestCases.D_Verify_BlockViewTC - ReusableMethods.LoginAndSearchFile_ClickEdit()
12:55:35.012 [TestNG-test=RetryMultipleFailedTestcases-1] INFO  sprint3_TestCases.D_Verify_BlockViewTC - Starting verify_BlockView_Attribute test...
12:55:35.012 [TestNG-test=RetryMultipleFailedTestcases-1] INFO  sprint3_TestCases.D_Verify_BlockViewTC - ReusableMethods.LoginAndSearchFile_ClickEdit()
12:55:35.918 [TestNG-test=RetryMultipleFailedTestcases-4] INFO  sprint3_TestCases.D_Verify_BlockViewTC - Creating A_Verify_BottomRibbon instance
12:55:35.919 [TestNG-test=RetryMultipleFailedTestcases-4] INFO  sprint3_TestCases.D_Verify_BlockViewTC - Clicking Blocks View
12:55:36.398 [TestNG-test=RetryMultipleFailedTestcases-4] INFO  sprint3_TestCases.D_Verify_BlockViewTC - Switching to iframe
12:55:36.577 [TestNG-test=RetryMultipleFailedTestcases-4] INFO  sprint3_TestCases.D_Verify_BlockViewTC - Verifying section element border is not separated
12:55:36.730 [TestNG-test=RetryMultipleFailedTestcases-4] INFO  sprint3_TestCases.D_Verify_BlockViewTC - Switching back to default content
12:55:36.739 [TestNG-test=RetryMultipleFailedTestcases-4] INFO  sprint3_TestCases.D_Verify_BlockViewTC - Clicking Blocks View to disable it
12:55:37.175 [TestNG-test=RetryMultipleFailedTestcases-4] INFO  sprint3_TestCases.D_Verify_BlockViewTC - Verifying section element border is separated
12:55:56.828 [TestNG-test=RetryMultipleFailedTestcases-2] INFO  sprint3_TestCases.D_Verify_BlockViewTC - Creating A_Verify_BottomRibbon instance
12:55:56.830 [TestNG-test=RetryMultipleFailedTestcases-2] INFO  sprint3_TestCases.D_Verify_BlockViewTC - Clicking Blocks View
12:55:57.963 [TestNG-test=RetryMultipleFailedTestcases-2] INFO  sprint3_TestCases.D_Verify_BlockViewTC - Performing Zoom operations
12:56:09.186 [TestNG-test=RetryMultipleFailedTestcases-3] INFO  sprint3_TestCases.D_Verify_BlockViewTC - Creating A_Verify_BottomRibbon instance
12:56:09.187 [TestNG-test=RetryMultipleFailedTestcases-3] INFO  sprint3_TestCases.D_Verify_BlockViewTC - Clicking Blocks View
12:56:09.678 [TestNG-test=RetryMultipleFailedTestcases-1] INFO  sprint3_TestCases.D_Verify_BlockViewTC - Creating A_Verify_BottomRibbon instance
12:56:09.680 [TestNG-test=RetryMultipleFailedTestcases-1] INFO  sprint3_TestCases.D_Verify_BlockViewTC - Clicking Blocks View
12:56:10.339 [TestNG-test=RetryMultipleFailedTestcases-3] INFO  sprint3_TestCases.D_Verify_BlockViewTC - Getting list of section blocks
12:56:10.743 [TestNG-test=RetryMultipleFailedTestcases-1] INFO  sprint3_TestCases.D_Verify_BlockViewTC - Switching to iframe
12:56:11.070 [TestNG-test=RetryMultipleFailedTestcases-1] INFO  sprint3_TestCases.D_Verify_BlockViewTC - Clicking the first paragraph
12:56:12.268 [TestNG-test=RetryMultipleFailedTestcases-2] INFO  sprint3_TestCases.D_Verify_BlockViewTC - verify_BlockView_ZoomOptions test completed successfully.
12:56:12.342 [TestNG-test=RetryMultipleFailedTestcases-1] INFO  sprint3_TestCases.D_Verify_BlockViewTC - Switching back to default content
12:56:12.658 [TestNG-test=RetryMultipleFailedTestcases-1] INFO  sprint3_TestCases.D_Verify_BlockViewTC - Getting model label attribute
12:56:12.924 [TestNG-test=RetryMultipleFailedTestcases-1] INFO  sprint3_TestCases.D_Verify_BlockViewTC - Verifying model label attribute
12:56:12.924 [TestNG-test=RetryMultipleFailedTestcases-1] INFO  sprint3_TestCases.D_Verify_BlockViewTC - verify_BlockView_Attribute test completed successfully.
12:56:17.389 [TestNG-test=RetryMultipleFailedTestcases-4] INFO  sprint3_TestCases.D_Verify_BlockViewTC - verify_BlockView_Disabled test completed successfully.
12:56:18.289 [TestNG-test=RetryMultipleFailedTestcases-1] INFO  sprint3_TestCases.D_Verify_BlockViewTC - Starting verify_BlockView_Enabled test...
12:56:18.289 [TestNG-test=RetryMultipleFailedTestcases-1] INFO  sprint3_TestCases.D_Verify_BlockViewTC - ReusableMethods.LoginAndSearchFile_ClickEdit()
12:56:18.821 [TestNG-test=RetryMultipleFailedTestcases-2] INFO  sprint3_TestCases.D_Verify_BlockViewTC - Starting verify_BlockView_ChangeElement test...
12:56:18.821 [TestNG-test=RetryMultipleFailedTestcases-2] INFO  sprint3_TestCases.D_Verify_BlockViewTC - ReusableMethods.LoginAndSearchFile_ClickEdit()
12:56:21.440 [TestNG-test=RetryMultipleFailedTestcases-4] INFO  sprint3_TestCases.E_Verify_Zoom_OptionsTC - Starting verify_Zoom_Options_Highlighted test...
12:56:21.440 [TestNG-test=RetryMultipleFailedTestcases-4] INFO  sprint3_TestCases.E_Verify_Zoom_OptionsTC - ReusableMethods.LoginAndSearchFile_ClickEdit()
12:56:30.446 [TestNG-test=RetryMultipleFailedTestcases-3] INFO  sprint3_TestCases.D_Verify_BlockViewTC - verify_BlockView_ContentBlock test completed successfully.
12:56:34.475 [TestNG-test=RetryMultipleFailedTestcases-3] INFO  sprint3_TestCases.E_Verify_Zoom_OptionsTC - Starting verify_Zoom_Default_Options test...
12:56:34.475 [TestNG-test=RetryMultipleFailedTestcases-3] INFO  sprint3_TestCases.E_Verify_Zoom_OptionsTC - ReusableMethods.LoginAndSearchFile_ClickEdit()
12:56:52.608 [TestNG-test=RetryMultipleFailedTestcases-1] INFO  sprint3_TestCases.D_Verify_BlockViewTC - Creating A_Verify_BottomRibbon instance
12:56:52.609 [TestNG-test=RetryMultipleFailedTestcases-1] INFO  sprint3_TestCases.D_Verify_BlockViewTC - Switching to iframe
12:56:52.660 [TestNG-test=RetryMultipleFailedTestcases-1] INFO  sprint3_TestCases.D_Verify_BlockViewTC - Verifying section element border is not separated
12:56:52.912 [TestNG-test=RetryMultipleFailedTestcases-1] INFO  sprint3_TestCases.D_Verify_BlockViewTC - verify_BlockView_Enabled test completed successfully.
12:56:54.338 [TestNG-test=RetryMultipleFailedTestcases-2] INFO  sprint3_TestCases.D_Verify_BlockViewTC - Creating A_Verify_BottomRibbon instance
12:56:54.342 [TestNG-test=RetryMultipleFailedTestcases-2] INFO  sprint3_TestCases.D_Verify_BlockViewTC - Clicking Blocks View
12:56:54.994 [TestNG-test=RetryMultipleFailedTestcases-2] INFO  sprint3_TestCases.D_Verify_BlockViewTC - Switching to iframe
12:56:55.213 [TestNG-test=RetryMultipleFailedTestcases-2] INFO  sprint3_TestCases.D_Verify_BlockViewTC - Clicking the first paragraph
12:56:55.909 [TestNG-test=RetryMultipleFailedTestcases-2] INFO  sprint3_TestCases.D_Verify_BlockViewTC - Switching back to default content
12:56:56.051 [TestNG-test=RetryMultipleFailedTestcases-2] INFO  sprint3_TestCases.D_Verify_BlockViewTC - Clicking Change Element
12:56:56.548 [TestNG-test=RetryMultipleFailedTestcases-2] INFO  sprint3_TestCases.D_Verify_BlockViewTC - Clicking Select Section Heading
12:56:56.664 [TestNG-test=RetryMultipleFailedTestcases-4] INFO  sprint3_TestCases.E_Verify_Zoom_OptionsTC - Creating A_Verify_BottomRibbon instance
12:56:56.665 [TestNG-test=RetryMultipleFailedTestcases-4] INFO  sprint3_TestCases.E_Verify_Zoom_OptionsTC - Verifying Zoom options displayed
12:56:56.809 [TestNG-test=RetryMultipleFailedTestcases-4] INFO  sprint3_TestCases.E_Verify_Zoom_OptionsTC - Getting color of Zoomer element
12:56:56.892 [TestNG-test=RetryMultipleFailedTestcases-4] INFO  sprint3_TestCases.E_Verify_Zoom_OptionsTC - Verifying Zoomer color
12:56:56.893 [TestNG-test=RetryMultipleFailedTestcases-4] INFO  sprint3_TestCases.E_Verify_Zoom_OptionsTC - verify_Zoom_Options_Highlighted test completed successfully.
12:56:57.169 [TestNG-test=RetryMultipleFailedTestcases-1] INFO  sprint3_TestCases.E_Verify_Zoom_OptionsTC - Starting verify_ZoomOptions_AfterRefresh test...
12:56:57.169 [TestNG-test=RetryMultipleFailedTestcases-1] INFO  sprint3_TestCases.E_Verify_Zoom_OptionsTC - ReusableMethods.LoginAndSearchFile_ClickEdit()
12:57:00.490 [TestNG-test=RetryMultipleFailedTestcases-4] INFO  sprint3_TestCases.E_Verify_Zoom_OptionsTC - Starting verify_ZoomIn_Options test...
12:57:00.490 [TestNG-test=RetryMultipleFailedTestcases-4] INFO  sprint3_TestCases.E_Verify_Zoom_OptionsTC - ReusableMethods.LoginAndSearchFile_ClickEdit()
12:57:08.940 [TestNG-test=RetryMultipleFailedTestcases-3] INFO  sprint3_TestCases.E_Verify_Zoom_OptionsTC - Creating A_Verify_BottomRibbon instance
12:57:08.941 [TestNG-test=RetryMultipleFailedTestcases-3] INFO  sprint3_TestCases.E_Verify_Zoom_OptionsTC - Verifying Zoom options displayed
12:57:09.125 [TestNG-test=RetryMultipleFailedTestcases-3] INFO  sprint3_TestCases.E_Verify_Zoom_OptionsTC - Waiting for page to load
12:57:09.143 [TestNG-test=RetryMultipleFailedTestcases-3] INFO  sprint3_TestCases.E_Verify_Zoom_OptionsTC - Verifying Zoom Option Default is displayed
12:57:09.292 [TestNG-test=RetryMultipleFailedTestcases-3] INFO  sprint3_TestCases.E_Verify_Zoom_OptionsTC - verify_Zoom_Default_Options test completed successfully.
12:57:14.956 [TestNG-test=RetryMultipleFailedTestcases-3] INFO  sprint3_TestCases.E_Verify_Zoom_OptionsTC - Starting verify_ZoomOut_Options test...
12:57:14.956 [TestNG-test=RetryMultipleFailedTestcases-3] INFO  sprint3_TestCases.E_Verify_Zoom_OptionsTC - ReusableMethods.LoginAndSearchFile_ClickEdit()
12:57:26.121 [TestNG-test=RetryMultipleFailedTestcases-1] INFO  sprint3_TestCases.E_Verify_Zoom_OptionsTC - Creating A_Verify_BottomRibbon instance
12:57:26.121 [TestNG-test=RetryMultipleFailedTestcases-1] INFO  sprint3_TestCases.E_Verify_Zoom_OptionsTC - Verifying Zoom options before refresh
12:57:26.415 [TestNG-test=RetryMultipleFailedTestcases-1] INFO  sprint3_TestCases.E_Verify_Zoom_OptionsTC - Refreshing the page
12:57:28.862 [TestNG-test=RetryMultipleFailedTestcases-1] INFO  sprint3_TestCases.E_Verify_Zoom_OptionsTC - Verifying Zoom options after refresh
12:57:30.487 [TestNG-test=RetryMultipleFailedTestcases-1] INFO  sprint3_TestCases.E_Verify_Zoom_OptionsTC - verify_ZoomOptions_AfterRefresh test completed successfully.
12:57:34.454 [TestNG-test=RetryMultipleFailedTestcases-1] INFO  sprint3_TestCases.E_Verify_Zoom_OptionsTC - Starting verify_ZoomOptions_100Percentage test...
12:57:34.454 [TestNG-test=RetryMultipleFailedTestcases-1] INFO  sprint3_TestCases.E_Verify_Zoom_OptionsTC - ReusableMethods.LoginAndSearchFile_ClickEdit()
12:57:38.795 [TestNG-test=RetryMultipleFailedTestcases-4] INFO  sprint3_TestCases.E_Verify_Zoom_OptionsTC - Creating A_Verify_BottomRibbon instance
12:57:38.796 [TestNG-test=RetryMultipleFailedTestcases-4] INFO  sprint3_TestCases.E_Verify_Zoom_OptionsTC - Verifying Zoom In and Zoom Out options
12:57:39.087 [TestNG-test=RetryMultipleFailedTestcases-4] INFO  sprint3_TestCases.E_Verify_Zoom_OptionsTC - Clicking Zoom In multiple times
12:57:41.173 [TestNG-test=RetryMultipleFailedTestcases-2] INFO  sprint3_TestCases.F_VerifyContentBlock_SearchOptionsTC - Starting Verify_SearchOptions_Enabled test...
12:57:41.173 [TestNG-test=RetryMultipleFailedTestcases-2] INFO  sprint3_TestCases.F_VerifyContentBlock_SearchOptionsTC - ReusableMethods.LoginAndSearchFile_ClickEdit()
12:57:44.734 [TestNG-test=RetryMultipleFailedTestcases-3] INFO  sprint3_TestCases.E_Verify_Zoom_OptionsTC - Creating A_Verify_BottomRibbon instance
12:57:44.734 [TestNG-test=RetryMultipleFailedTestcases-3] INFO  sprint3_TestCases.E_Verify_Zoom_OptionsTC - Verifying Zoom In and Zoom Out options
12:57:45.003 [TestNG-test=RetryMultipleFailedTestcases-3] INFO  sprint3_TestCases.E_Verify_Zoom_OptionsTC - Clicking Zoom Out multiple times
12:57:45.404 [TestNG-test=RetryMultipleFailedTestcases-4] INFO  sprint3_TestCases.E_Verify_Zoom_OptionsTC - Getting Zoom Option Default text
12:57:45.494 [TestNG-test=RetryMultipleFailedTestcases-4] INFO  sprint3_TestCases.E_Verify_Zoom_OptionsTC - Verifying Zoom In functionality
12:57:45.494 [TestNG-test=RetryMultipleFailedTestcases-4] INFO  sprint3_TestCases.E_Verify_Zoom_OptionsTC - verify_ZoomIn_Options test completed successfully.
12:57:48.879 [TestNG-test=RetryMultipleFailedTestcases-3] INFO  sprint3_TestCases.E_Verify_Zoom_OptionsTC - Verifying Zoom Out options after clicking
12:57:49.025 [TestNG-test=RetryMultipleFailedTestcases-3] INFO  sprint3_TestCases.E_Verify_Zoom_OptionsTC - Getting Zoom Option Default text
12:57:49.135 [TestNG-test=RetryMultipleFailedTestcases-3] INFO  sprint3_TestCases.E_Verify_Zoom_OptionsTC - Verifying Zoom Out functionality
12:57:49.135 [TestNG-test=RetryMultipleFailedTestcases-3] INFO  sprint3_TestCases.E_Verify_Zoom_OptionsTC - verify_ZoomOut_Options test completed successfully.
12:57:51.852 [TestNG-test=RetryMultipleFailedTestcases-4] INFO  sprint3_TestCases.F_VerifyContentBlock_SearchOptionsTC - Starting Verify_SearchOptions_AfterRefresh test...
12:57:51.852 [TestNG-test=RetryMultipleFailedTestcases-4] INFO  sprint3_TestCases.F_VerifyContentBlock_SearchOptionsTC - ReusableMethods.LoginAndSearchFile_ClickEdit()
12:57:52.779 [TestNG-test=RetryMultipleFailedTestcases-3] INFO  sprint3_TestCases.F_VerifyContentBlock_SearchOptionsTC - Starting verify_SearchContent_CopyPaste test...
12:57:52.779 [TestNG-test=RetryMultipleFailedTestcases-3] INFO  sprint3_TestCases.F_VerifyContentBlock_SearchOptionsTC - ReusableMethods.LoginAndSearchFile_ClickEdit()
12:57:59.546 [TestNG-test=RetryMultipleFailedTestcases-1] INFO  sprint3_TestCases.E_Verify_Zoom_OptionsTC - Creating A_Verify_BottomRibbon instance
12:57:59.547 [TestNG-test=RetryMultipleFailedTestcases-1] INFO  sprint3_TestCases.E_Verify_Zoom_OptionsTC - Getting 100% text
12:57:59.650 [TestNG-test=RetryMultipleFailedTestcases-1] INFO  sprint3_TestCases.E_Verify_Zoom_OptionsTC - Verifying 100% text
12:57:59.650 [TestNG-test=RetryMultipleFailedTestcases-1] INFO  sprint3_TestCases.E_Verify_Zoom_OptionsTC - verify_ZoomOptions_100Percentage test completed successfully.
12:58:04.032 [TestNG-test=RetryMultipleFailedTestcases-1] INFO  sprint3_TestCases.F_VerifyContentBlock_SearchOptionsTC - Starting verify_Searchcontent_100Count test...
12:58:04.032 [TestNG-test=RetryMultipleFailedTestcases-1] INFO  sprint3_TestCases.F_VerifyContentBlock_SearchOptionsTC - ReusableMethods.LoginAndSearchFile_ClickEdit()
12:58:07.450 [TestNG-test=RetryMultipleFailedTestcases-2] INFO  sprint3_TestCases.F_VerifyContentBlock_SearchOptionsTC - Creating VerifyContentBlock_SearchOptions instance
12:58:07.454 [TestNG-test=RetryMultipleFailedTestcases-2] INFO  sprint3_TestCases.F_VerifyContentBlock_SearchOptionsTC - Verifying Search Options are enabled
12:58:07.866 [TestNG-test=RetryMultipleFailedTestcases-2] INFO  sprint3_TestCases.F_VerifyContentBlock_SearchOptionsTC - Verify_SearchOptions_Enabled test completed successfully.
12:58:11.691 [TestNG-test=RetryMultipleFailedTestcases-2] INFO  sprint3_TestCases.F_VerifyContentBlock_SearchOptionsTC - Starting verify_Searchcontent_101Count test...
12:58:11.691 [TestNG-test=RetryMultipleFailedTestcases-2] INFO  sprint3_TestCases.F_VerifyContentBlock_SearchOptionsTC - ReusableMethods.LoginAndSearchFile_ClickEdit()
12:58:23.853 [TestNG-test=RetryMultipleFailedTestcases-4] INFO  sprint3_TestCases.F_VerifyContentBlock_SearchOptionsTC - Creating VerifyContentBlock_SearchOptions instance
12:58:23.853 [TestNG-test=RetryMultipleFailedTestcases-4] INFO  sprint3_TestCases.F_VerifyContentBlock_SearchOptionsTC - Verifying Search Options before refresh
12:58:24.308 [TestNG-test=RetryMultipleFailedTestcases-4] INFO  sprint3_TestCases.F_VerifyContentBlock_SearchOptionsTC - Refreshing the page
12:58:26.965 [TestNG-test=RetryMultipleFailedTestcases-4] INFO  sprint3_TestCases.F_VerifyContentBlock_SearchOptionsTC - Verifying Search Options after refresh
12:58:27.045 [TestNG-test=RetryMultipleFailedTestcases-3] INFO  sprint3_TestCases.F_VerifyContentBlock_SearchOptionsTC - Creating VerifyContentBlock_SearchOptions instance
12:58:27.045 [TestNG-test=RetryMultipleFailedTestcases-3] INFO  sprint3_TestCases.F_VerifyContentBlock_SearchOptionsTC - Switching to frame and double-clicking first paragraph
12:58:28.220 [TestNG-test=RetryMultipleFailedTestcases-3] INFO  sprint3_TestCases.F_VerifyContentBlock_SearchOptionsTC - Copying and pasting content in Search Content
12:58:28.695 [TestNG-test=RetryMultipleFailedTestcases-4] INFO  sprint3_TestCases.F_VerifyContentBlock_SearchOptionsTC - Verify_SearchOptions_AfterRefresh test completed successfully.
12:58:29.150 [TestNG-test=RetryMultipleFailedTestcases-3] INFO  sprint3_TestCases.F_VerifyContentBlock_SearchOptionsTC - verify_SearchContent_CopyPaste test completed successfully.
12:58:32.682 [TestNG-test=RetryMultipleFailedTestcases-4] INFO  sprint3_TestCases.F_VerifyContentBlock_SearchOptionsTC - Starting verify_SearchContent_Highlighted test...
12:58:32.682 [TestNG-test=RetryMultipleFailedTestcases-4] INFO  sprint3_TestCases.F_VerifyContentBlock_SearchOptionsTC - ReusableMethods.LoginAndSearchFile_ClickEdit()
12:58:32.972 [TestNG-test=RetryMultipleFailedTestcases-3] INFO  sprint3_TestCases.F_VerifyContentBlock_SearchOptionsTC - Starting verify_Emphasis_InSearchContent test...
12:58:32.972 [TestNG-test=RetryMultipleFailedTestcases-3] INFO  sprint3_TestCases.F_VerifyContentBlock_SearchOptionsTC - ReusableMethods.LoginAndSearchFile_ClickEdit()
12:58:39.082 [TestNG-test=RetryMultipleFailedTestcases-1] INFO  sprint3_TestCases.F_VerifyContentBlock_SearchOptionsTC - Creating VerifyContentBlock_SearchOptions instance
12:58:39.082 [TestNG-test=RetryMultipleFailedTestcases-1] INFO  sprint3_TestCases.F_VerifyContentBlock_SearchOptionsTC - Verifying Search Content is displayed
12:58:39.226 [TestNG-test=RetryMultipleFailedTestcases-1] INFO  sprint3_TestCases.F_VerifyContentBlock_SearchOptionsTC - Typing 101 characters in Search Content
12:58:41.886 [TestNG-test=RetryMultipleFailedTestcases-2] INFO  sprint3_TestCases.F_VerifyContentBlock_SearchOptionsTC - Creating VerifyContentBlock_SearchOptions instance
12:58:41.886 [TestNG-test=RetryMultipleFailedTestcases-2] INFO  sprint3_TestCases.F_VerifyContentBlock_SearchOptionsTC - Verifying if Search Content is displayed
12:58:42.036 [TestNG-test=RetryMultipleFailedTestcases-2] INFO  sprint3_TestCases.F_VerifyContentBlock_SearchOptionsTC - Clicking Search Content
12:58:42.311 [TestNG-test=RetryMultipleFailedTestcases-2] INFO  sprint3_TestCases.F_VerifyContentBlock_SearchOptionsTC - Typing a long string into Search Content
12:58:50.146 [TestNG-test=RetryMultipleFailedTestcases-1] INFO  sprint3_TestCases.F_VerifyContentBlock_SearchOptionsTC - Verifying alert message for exceeding character limit
12:58:50.146 [TestNG-test=RetryMultipleFailedTestcases-1] INFO  sprint3_TestCases.F_VerifyContentBlock_SearchOptionsTC - verify_Searchcontent_100Count test completed successfully.
12:58:53.527 [TestNG-test=RetryMultipleFailedTestcases-2] INFO  sprint3_TestCases.F_VerifyContentBlock_SearchOptionsTC - Verifying if the alert info is present after typing 101 characters in search content
12:58:53.656 [TestNG-test=RetryMultipleFailedTestcases-2] INFO  sprint3_TestCases.F_VerifyContentBlock_SearchOptionsTC - verify_Searchcontent_101Count test completed successfully.
12:58:54.662 [TestNG-test=RetryMultipleFailedTestcases-1] INFO  sprint3_TestCases.F_VerifyContentBlock_SearchOptionsTC - Starting Verify_SearchContent_UsingUpArrow test...
12:58:54.662 [TestNG-test=RetryMultipleFailedTestcases-1] INFO  sprint3_TestCases.F_VerifyContentBlock_SearchOptionsTC - ReusableMethods.LoginAndSearchFile_ClickEdit()
12:58:58.361 [TestNG-test=RetryMultipleFailedTestcases-2] INFO  sprint3_TestCases.F_VerifyContentBlock_SearchOptionsTC - Starting Verify_SearchContent_UsingDowmArrow test...
12:58:58.362 [TestNG-test=RetryMultipleFailedTestcases-2] INFO  sprint3_TestCases.F_VerifyContentBlock_SearchOptionsTC - ReusableMethods.LoginAndSearchFile_ClickEdit()
12:59:05.491 [TestNG-test=RetryMultipleFailedTestcases-3] INFO  sprint3_TestCases.F_VerifyContentBlock_SearchOptionsTC - Creating VerifyContentBlock_SearchOptions instance
12:59:05.492 [TestNG-test=RetryMultipleFailedTestcases-3] INFO  sprint3_TestCases.F_VerifyContentBlock_SearchOptionsTC - Switching to frame
12:59:07.486 [TestNG-test=RetryMultipleFailedTestcases-3] INFO  sprint3_TestCases.F_VerifyContentBlock_SearchOptionsTC - Clicking italic button
12:59:08.784 [TestNG-test=RetryMultipleFailedTestcases-4] INFO  sprint3_TestCases.F_VerifyContentBlock_SearchOptionsTC - Creating VerifyContentBlock_SearchOptions instance
12:59:08.785 [TestNG-test=RetryMultipleFailedTestcases-4] INFO  sprint3_TestCases.F_VerifyContentBlock_SearchOptionsTC - Verifying Search Content is displayed
12:59:08.985 [TestNG-test=RetryMultipleFailedTestcases-4] INFO  sprint3_TestCases.F_VerifyContentBlock_SearchOptionsTC - Typing 'method to document' in Search Content
12:59:11.222 [TestNG-test=RetryMultipleFailedTestcases-3] INFO  sprint3_TestCases.F_VerifyContentBlock_SearchOptionsTC - Typing 'damage' in Search Content
12:59:11.889 [TestNG-test=RetryMultipleFailedTestcases-4] INFO  sprint3_TestCases.F_VerifyContentBlock_SearchOptionsTC - Creating A_Verify_BottomRibbon instance
12:59:11.890 [TestNG-test=RetryMultipleFailedTestcases-4] INFO  sprint3_TestCases.F_VerifyContentBlock_SearchOptionsTC - Clicking Up Arrow
12:59:12.463 [TestNG-test=RetryMultipleFailedTestcases-4] INFO  sprint3_TestCases.F_VerifyContentBlock_SearchOptionsTC - Switching to frame
12:59:12.552 [TestNG-test=RetryMultipleFailedTestcases-4] INFO  sprint3_TestCases.F_VerifyContentBlock_SearchOptionsTC - Verifying search text is highlighted
12:59:12.680 [TestNG-test=RetryMultipleFailedTestcases-4] INFO  sprint3_TestCases.F_VerifyContentBlock_SearchOptionsTC - Clicking Down Arrow
12:59:12.897 [TestNG-test=RetryMultipleFailedTestcases-3] INFO  sprint3_TestCases.F_VerifyContentBlock_SearchOptionsTC - Switching to frame and verifying emphasis
12:59:13.091 [TestNG-test=RetryMultipleFailedTestcases-3] INFO  sprint3_TestCases.F_VerifyContentBlock_SearchOptionsTC - verify_Emphasis_InSearchContent test completed successfully.
12:59:13.619 [TestNG-test=RetryMultipleFailedTestcases-4] INFO  sprint3_TestCases.F_VerifyContentBlock_SearchOptionsTC - Verifying search text is highlighted
12:59:13.722 [TestNG-test=RetryMultipleFailedTestcases-4] INFO  sprint3_TestCases.F_VerifyContentBlock_SearchOptionsTC - verify_SearchContent_Highlighted test completed successfully.
12:59:19.316 [TestNG-test=RetryMultipleFailedTestcases-3] INFO  sprint3_TestCases.F_VerifyContentBlock_SearchOptionsTC - Starting verify_Tooltips_UpDownClearButtons test...
12:59:19.316 [TestNG-test=RetryMultipleFailedTestcases-3] INFO  sprint3_TestCases.F_VerifyContentBlock_SearchOptionsTC - ReusableMethods.LoginAndSearchFile_ClickEdit()
12:59:20.100 [TestNG-test=RetryMultipleFailedTestcases-4] INFO  sprint3_TestCases.F_VerifyContentBlock_SearchOptionsTC - Starting verify_Search_WithFirstCharacter test...
12:59:20.100 [TestNG-test=RetryMultipleFailedTestcases-4] INFO  sprint3_TestCases.F_VerifyContentBlock_SearchOptionsTC - ReusableMethods.LoginAndSearchFile_ClickEdit()
12:59:37.239 [TestNG-test=RetryMultipleFailedTestcases-2] INFO  sprint3_TestCases.F_VerifyContentBlock_SearchOptionsTC - Creating VerifyContentBlock_SearchOptions instance
12:59:37.239 [TestNG-test=RetryMultipleFailedTestcases-2] INFO  sprint3_TestCases.F_VerifyContentBlock_SearchOptionsTC - Verifying Search Content is displayed
12:59:37.354 [TestNG-test=RetryMultipleFailedTestcases-2] INFO  sprint3_TestCases.F_VerifyContentBlock_SearchOptionsTC - Clicking Search Content and typing 'document'
12:59:38.100 [TestNG-test=RetryMultipleFailedTestcases-2] INFO  sprint3_TestCases.F_VerifyContentBlock_SearchOptionsTC - Switching to frame and clicking on first paragraph
12:59:41.401 [TestNG-test=RetryMultipleFailedTestcases-1] INFO  sprint3_TestCases.F_VerifyContentBlock_SearchOptionsTC - Creating VerifyContentBlock_SearchOptions instance
12:59:41.401 [TestNG-test=RetryMultipleFailedTestcases-1] INFO  sprint3_TestCases.F_VerifyContentBlock_SearchOptionsTC - Verifying Search Content is displayed
12:59:41.549 [TestNG-test=RetryMultipleFailedTestcases-1] INFO  sprint3_TestCases.F_VerifyContentBlock_SearchOptionsTC - Clicking Search Content and typing 'document'
12:59:42.322 [TestNG-test=RetryMultipleFailedTestcases-1] INFO  sprint3_TestCases.F_VerifyContentBlock_SearchOptionsTC - Switching to frame and clicking on first paragraph
12:59:42.413 [TestNG-test=RetryMultipleFailedTestcases-2] INFO  sprint3_TestCases.F_VerifyContentBlock_SearchOptionsTC - Verify_SearchContent_UsingDowmArrow test completed successfully.
12:59:43.895 [TestNG-test=RetryMultipleFailedTestcases-1] INFO  sprint3_TestCases.F_VerifyContentBlock_SearchOptionsTC - Clicking Search Content Down button multiple times
12:59:45.830 [TestNG-test=RetryMultipleFailedTestcases-1] INFO  sprint3_TestCases.F_VerifyContentBlock_SearchOptionsTC - Clicking Search Content Up button multiple times
12:59:46.526 [TestNG-test=RetryMultipleFailedTestcases-2] INFO  sprint3_TestCases.F_VerifyContentBlock_SearchOptionsTC - Starting verify_ErrorMessage_NonExistingSearchContent test...
12:59:46.526 [TestNG-test=RetryMultipleFailedTestcases-2] INFO  sprint3_TestCases.F_VerifyContentBlock_SearchOptionsTC - ReusableMethods.LoginAndSearchFile_ClickEdit()
12:59:47.869 [TestNG-test=RetryMultipleFailedTestcases-1] INFO  sprint3_TestCases.F_VerifyContentBlock_SearchOptionsTC - Switching to frame and clicking on first paragraph
12:59:48.926 [TestNG-test=RetryMultipleFailedTestcases-1] INFO  sprint3_TestCases.F_VerifyContentBlock_SearchOptionsTC - Clicking on Search Content Cancel button
12:59:49.524 [TestNG-test=RetryMultipleFailedTestcases-1] INFO  sprint3_TestCases.F_VerifyContentBlock_SearchOptionsTC - Verify_SearchContent_UsingUpArrow test completed successfully.
12:59:52.643 [TestNG-test=RetryMultipleFailedTestcases-4] INFO  sprint3_TestCases.F_VerifyContentBlock_SearchOptionsTC - Creating VerifyContentBlock_SearchOptions instance
12:59:52.643 [TestNG-test=RetryMultipleFailedTestcases-4] INFO  sprint3_TestCases.F_VerifyContentBlock_SearchOptionsTC - Verifying Search Content is displayed
12:59:52.757 [TestNG-test=RetryMultipleFailedTestcases-4] INFO  sprint3_TestCases.F_VerifyContentBlock_SearchOptionsTC - Typing 'a' in Search Content
12:59:53.519 [TestNG-test=RetryMultipleFailedTestcases-4] INFO  sprint3_TestCases.F_VerifyContentBlock_SearchOptionsTC - Clicking Down Arrow
12:59:53.661 [TestNG-test=RetryMultipleFailedTestcases-1] INFO  sprint3_TestCases.F_VerifyContentBlock_SearchOptionsTC - Starting verify_Search_UpArrow_ErrorInfo test...
12:59:53.662 [TestNG-test=RetryMultipleFailedTestcases-1] INFO  sprint3_TestCases.F_VerifyContentBlock_SearchOptionsTC - ReusableMethods.LoginAndSearchFile_ClickEdit()
12:59:53.860 [TestNG-test=RetryMultipleFailedTestcases-3] INFO  sprint3_TestCases.F_VerifyContentBlock_SearchOptionsTC - Moving to the Search Content Up button to check its tooltip
12:59:54.111 [TestNG-test=RetryMultipleFailedTestcases-3] INFO  sprint3_TestCases.F_VerifyContentBlock_SearchOptionsTC - Creating A_Verify_BottomRibbon instance
12:59:54.112 [TestNG-test=RetryMultipleFailedTestcases-3] INFO  sprint3_TestCases.F_VerifyContentBlock_SearchOptionsTC - Verifying tooltip text for Previous Arrow
12:59:54.132 [TestNG-test=RetryMultipleFailedTestcases-4] INFO  sprint3_TestCases.F_VerifyContentBlock_SearchOptionsTC - Verifying 'Search text must be more than 1 characters' error message
12:59:54.263 [TestNG-test=RetryMultipleFailedTestcases-3] INFO  sprint3_TestCases.F_VerifyContentBlock_SearchOptionsTC - Switching to frame and clicking on first paragraph
12:59:54.706 [TestNG-test=RetryMultipleFailedTestcases-4] INFO  sprint3_TestCases.F_VerifyContentBlock_SearchOptionsTC - verify_Search_WithFirstCharacter test completed successfully.
12:59:55.682 [TestNG-test=RetryMultipleFailedTestcases-3] INFO  sprint3_TestCases.F_VerifyContentBlock_SearchOptionsTC - Moving to the Search Content Down button to check its tooltip
12:59:55.968 [TestNG-test=RetryMultipleFailedTestcases-3] INFO  sprint3_TestCases.F_VerifyContentBlock_SearchOptionsTC - Verifying tooltip text for Next Arrow
12:59:56.040 [TestNG-test=RetryMultipleFailedTestcases-3] INFO  sprint3_TestCases.F_VerifyContentBlock_SearchOptionsTC - Switching to frame and clicking on first paragraph
12:59:56.597 [TestNG-test=RetryMultipleFailedTestcases-3] INFO  sprint3_TestCases.F_VerifyContentBlock_SearchOptionsTC - Moving to the Search Content Cancel button to check its tooltip
12:59:56.826 [TestNG-test=RetryMultipleFailedTestcases-3] INFO  sprint3_TestCases.F_VerifyContentBlock_SearchOptionsTC - Verifying tooltip text for Clear button
12:59:56.890 [TestNG-test=RetryMultipleFailedTestcases-3] INFO  sprint3_TestCases.F_VerifyContentBlock_SearchOptionsTC - verify_Tooltips_UpDownClearButtons test completed successfully.
12:59:58.372 [TestNG-test=RetryMultipleFailedTestcases-4] INFO  sprint3_TestCases.F_VerifyContentBlock_SearchOptionsTC - Starting verify_Search_DownArrow_ErrorInfo test...
12:59:58.372 [TestNG-test=RetryMultipleFailedTestcases-4] INFO  sprint3_TestCases.F_VerifyContentBlock_SearchOptionsTC - ReusableMethods.LoginAndSearchFile_ClickEdit()
13:00:00.380 [TestNG-test=RetryMultipleFailedTestcases-3] INFO  sprint3_TestCases.F_VerifyContentBlock_SearchOptionsTC - Starting verify_SwitchingViewMode_FocusMode test...
13:00:00.380 [TestNG-test=RetryMultipleFailedTestcases-3] INFO  sprint3_TestCases.F_VerifyContentBlock_SearchOptionsTC - ReusableMethods.LoginAndSearchFile_ClickEdit()
13:00:16.416 [TestNG-test=RetryMultipleFailedTestcases-2] INFO  sprint3_TestCases.F_VerifyContentBlock_SearchOptionsTC - Creating VerifyContentBlock_SearchOptions instance
13:00:16.416 [TestNG-test=RetryMultipleFailedTestcases-2] INFO  sprint3_TestCases.F_VerifyContentBlock_SearchOptionsTC - Verifying Search Content is displayed
13:00:16.592 [TestNG-test=RetryMultipleFailedTestcases-2] INFO  sprint3_TestCases.F_VerifyContentBlock_SearchOptionsTC - Typing 'abcde' in Search Content
13:00:17.349 [TestNG-test=RetryMultipleFailedTestcases-2] INFO  sprint3_TestCases.F_VerifyContentBlock_SearchOptionsTC - Verifying 'No Results Found' notification
13:00:17.624 [TestNG-test=RetryMultipleFailedTestcases-2] INFO  sprint3_TestCases.F_VerifyContentBlock_SearchOptionsTC - verify_ErrorMessage_NonExistingSearchContent test completed successfully.
13:00:23.230 [TestNG-test=RetryMultipleFailedTestcases-2] INFO  sprint3_TestCases.F_VerifyContentBlock_SearchOptionsTC - Starting verify_SearchContent_OutlineColor test...
13:00:23.230 [TestNG-test=RetryMultipleFailedTestcases-2] INFO  sprint3_TestCases.F_VerifyContentBlock_SearchOptionsTC - ReusableMethods.LoginAndSearchFile_ClickEdit()
13:00:24.687 [TestNG-test=RetryMultipleFailedTestcases-1] INFO  sprint3_TestCases.F_VerifyContentBlock_SearchOptionsTC - Creating VerifyContentBlock_SearchOptions instance
13:00:24.688 [TestNG-test=RetryMultipleFailedTestcases-1] INFO  sprint3_TestCases.F_VerifyContentBlock_SearchOptionsTC - Clicking Search Content
13:00:25.569 [TestNG-test=RetryMultipleFailedTestcases-1] INFO  sprint3_TestCases.F_VerifyContentBlock_SearchOptionsTC - Typing 'abcdefgh' in Search Content
13:00:26.711 [TestNG-test=RetryMultipleFailedTestcases-1] INFO  sprint3_TestCases.F_VerifyContentBlock_SearchOptionsTC - Clicking Up Arrow
13:00:27.257 [TestNG-test=RetryMultipleFailedTestcases-1] INFO  sprint3_TestCases.F_VerifyContentBlock_SearchOptionsTC - Verifying alert info is present saying that no results found after clicking Up Arrow
13:00:27.430 [TestNG-test=RetryMultipleFailedTestcases-1] INFO  sprint3_TestCases.F_VerifyContentBlock_SearchOptionsTC - verify_Search_UpArrow_ErrorInfo test completed successfully.
13:00:30.388 [TestNG-test=RetryMultipleFailedTestcases-3] INFO  sprint3_TestCases.F_VerifyContentBlock_SearchOptionsTC - Iterating for 10 times to switch between view modes
13:00:31.006 [TestNG-test=RetryMultipleFailedTestcases-4] INFO  sprint3_TestCases.F_VerifyContentBlock_SearchOptionsTC - Creating VerifyContentBlock_SearchOptions instance
13:00:31.006 [TestNG-test=RetryMultipleFailedTestcases-4] INFO  sprint3_TestCases.F_VerifyContentBlock_SearchOptionsTC - Verifying Search Content is displayed
13:00:31.269 [TestNG-test=RetryMultipleFailedTestcases-4] INFO  sprint3_TestCases.F_VerifyContentBlock_SearchOptionsTC - Typing 'abcdefgh' in Search Content and clicking Down Arrow
13:00:31.563 [TestNG-test=RetryMultipleFailedTestcases-1] INFO  sprint3_TestCases.G_CommonBugsTC - Starting verify_Revision_Symbols_InBlockView test...
13:00:31.563 [TestNG-test=RetryMultipleFailedTestcases-1] INFO  sprint3_TestCases.G_CommonBugsTC - ReusableMethods.LoginAndSearchFile_ClickEdit()
13:00:32.709 [TestNG-test=RetryMultipleFailedTestcases-4] INFO  sprint3_TestCases.F_VerifyContentBlock_SearchOptionsTC - Verifying alert info saying no results found after clicking Down Arrow
13:00:32.818 [TestNG-test=RetryMultipleFailedTestcases-4] INFO  sprint3_TestCases.F_VerifyContentBlock_SearchOptionsTC - verify_Search_DownArrow_ErrorInfo test completed successfully.
13:00:34.412 [TestNG-test=RetryMultipleFailedTestcases-3] INFO  sprint3_TestCases.F_VerifyContentBlock_SearchOptionsTC - verify_SwitchingViewMode_FocusMode test completed successfully.
13:00:36.675 [TestNG-test=RetryMultipleFailedTestcases-4] INFO  sprint3_TestCases.G_CommonBugsTC - Starting verify_BlockView_Elements_Inside_Table test...
13:00:36.675 [TestNG-test=RetryMultipleFailedTestcases-4] INFO  sprint3_TestCases.G_CommonBugsTC - ReusableMethods.LoginAndSearchFile_ClickEdit()
13:00:38.106 [TestNG-test=RetryMultipleFailedTestcases-3] INFO  sprint3_TestCases.G_CommonBugsTC - Starting verify_ElementHighlighted_InCB test...
13:00:38.106 [TestNG-test=RetryMultipleFailedTestcases-3] INFO  sprint3_TestCases.G_CommonBugsTC - ReusableMethods.LoginAndSearchFile_ClickEdit()
13:01:00.282 [TestNG-test=RetryMultipleFailedTestcases-2] INFO  sprint3_TestCases.F_VerifyContentBlock_SearchOptionsTC - Creating VerifyContentBlock_SearchOptions instance
13:01:00.282 [TestNG-test=RetryMultipleFailedTestcases-2] INFO  sprint3_TestCases.F_VerifyContentBlock_SearchOptionsTC - Typing 'a' in Search Content
13:01:00.942 [TestNG-test=RetryMultipleFailedTestcases-2] INFO  sprint3_TestCases.F_VerifyContentBlock_SearchOptionsTC - Clicking Down Arrow
13:01:01.260 [TestNG-test=RetryMultipleFailedTestcases-1] INFO  sprint3_TestCases.G_CommonBugsTC - Switching to frame
13:01:01.308 [TestNG-test=RetryMultipleFailedTestcases-1] INFO  sprint3_TestCases.G_CommonBugsTC - Clicking the first paragraph
13:01:01.501 [TestNG-test=RetryMultipleFailedTestcases-2] INFO  sprint3_TestCases.F_VerifyContentBlock_SearchOptionsTC - Getting the outline color of Down Arrow before and after clicking
13:01:01.977 [TestNG-test=RetryMultipleFailedTestcases-2] INFO  sprint3_TestCases.F_VerifyContentBlock_SearchOptionsTC - Verifying outline-color is removed from Down Arrow
13:01:01.977 [TestNG-test=RetryMultipleFailedTestcases-2] INFO  sprint3_TestCases.F_VerifyContentBlock_SearchOptionsTC - verify_SearchContent_OutlineColor test completed successfully.
13:01:02.232 [TestNG-test=RetryMultipleFailedTestcases-1] INFO  sprint3_TestCases.G_CommonBugsTC - Switching back to default content
13:01:02.482 [TestNG-test=RetryMultipleFailedTestcases-1] INFO  sprint3_TestCases.G_CommonBugsTC - Clicking Revision Inserted button
13:01:03.469 [TestNG-test=RetryMultipleFailedTestcases-1] INFO  sprint3_TestCases.G_CommonBugsTC - Verifying if Revision Inserted button is not disabled in Block View
13:01:03.987 [TestNG-test=RetryMultipleFailedTestcases-1] INFO  sprint3_TestCases.G_CommonBugsTC - Switching to Block View
13:01:04.999 [TestNG-test=RetryMultipleFailedTestcases-1] INFO  sprint3_TestCases.G_CommonBugsTC - Verifying if Revision Inserted button is not disabled in Block View after switching
13:01:05.247 [TestNG-test=RetryMultipleFailedTestcases-1] INFO  sprint3_TestCases.G_CommonBugsTC - verify_Revision_Symbols_InBlockView test completed successfully.
13:01:06.057 [TestNG-test=RetryMultipleFailedTestcases-2] INFO  sprint3_TestCases.G_CommonBugsTC - Starting verify_Inno_ref_NewlyInsertedTable test...
13:01:06.058 [TestNG-test=RetryMultipleFailedTestcases-2] INFO  sprint3_TestCases.G_CommonBugsTC - ReusableMethods.LoginAndSearchFile_ClickEdit()
13:01:06.641 [TestNG-test=RetryMultipleFailedTestcases-4] INFO  sprint3_TestCases.G_CommonBugsTC - ReusableMethods.insertTableCB()
13:01:09.779 [TestNG-test=RetryMultipleFailedTestcases-3] INFO  sprint3_TestCases.G_CommonBugsTC - Switching to frame
13:01:09.803 [TestNG-test=RetryMultipleFailedTestcases-3] INFO  sprint3_TestCases.G_CommonBugsTC - Clicking the first paragraph
13:01:09.887 [TestNG-test=RetryMultipleFailedTestcases-1] INFO  sprint3_TestCases.G_CommonBugsTC - Starting verify_PrintPreviewVisibility_FocusMode test...
13:01:09.887 [TestNG-test=RetryMultipleFailedTestcases-1] INFO  sprint3_TestCases.G_CommonBugsTC - ReusableMethods.LoginAndSearchFile_ClickEdit()
