11:29:14.261 [TestNG-test=RetryMultipleFailedTestcases-3] INFO  c_testCases.F4_TableTC - Switched back to default content.
11:29:14.467 [TestNG-test=RetryMultipleFailedTestcases-3] INFO  c_testCases.F4_TableTC - Clicked on Table Properties tab.
11:29:14.482 [TestNG-test=RetryMultipleFailedTestcases-3] INFO  c_testCases.F4_TableTC - Switched to frame 0.
11:29:14.948 [TestNG-test=RetryMultipleFailedTestcases-3] INFO  c_testCases.F4_TableTC - Clicked on the first cell of the existing table.
11:29:14.980 [TestNG-test=RetryMultipleFailedTestcases-3] INFO  c_testCases.F4_TableTC - Switched back to default content.
11:29:16.075 [TestNG-test=RetryMultipleFailedTestcases-3] INFO  c_testCases.F4_TableTC - Clicked on Deleted Table.
11:29:16.183 [TestNG-test=RetryMultipleFailedTestcases-2] INFO  c_testCases.F4_TableTC - Inserted a new table.
11:29:16.643 [TestNG-test=RetryMultipleFailedTestcases-2] INFO  c_testCases.F4_TableTC - Clicked Accept Change.
11:29:16.725 [TestNG-test=RetryMultipleFailedTestcases-2] INFO  c_testCases.F4_TableTC - Switched to frame 0.
11:29:17.333 [TestNG-test=RetryMultipleFailedTestcases-2] INFO  c_testCases.F4_TableTC - Clicked on the first cell of the inserted table.
11:29:17.397 [TestNG-test=RetryMultipleFailedTestcases-2] INFO  c_testCases.F4_TableTC - Number of rows before split: 8
11:29:17.400 [TestNG-test=RetryMultipleFailedTestcases-2] INFO  c_testCases.F4_TableTC - Switched back to default content.
11:29:17.885 [TestNG-test=RetryMultipleFailedTestcases-3] INFO  c_testCases.F4_TableTC - Switched to frame 0.
11:29:17.907 [TestNG-test=RetryMultipleFailedTestcases-2] INFO  c_testCases.F4_TableTC - Clicked Split Vertical.
11:29:17.973 [TestNG-test=RetryMultipleFailedTestcases-3] INFO  c_testCases.F4_TableTC - Exiting Table is deleted and displayed in Red Color.
11:29:18.040 [TestNG-test=RetryMultipleFailedTestcases-2] INFO  c_testCases.F4_TableTC - Number of rows after split is different from before split.
11:29:18.040 [TestNG-test=RetryMultipleFailedTestcases-2] INFO  c_testCases.F4_TableTC - Finished splitVerticalAndVerify_NewTable
11:29:18.811 [TestNG-test=RetryMultipleFailedTestcases-3] INFO  c_testCases.F4_TableTC - Clicked Accept Change.
11:29:19.669 [TestNG-test=RetryMultipleFailedTestcases-3] INFO  c_testCases.F4_TableTC - Switched to frame 0.
11:29:25.598 [TestNG-test=RetryMultipleFailedTestcases-2] INFO  c_testCases.F4_TableTC - Starting verify_InsertMediaObject_ExistingTable
11:29:36.133 [TestNG-test=RetryMultipleFailedTestcases-1] INFO  c_testCases.F4_TableTC - Logged in, searched for a file, and clicked Edit.
11:29:36.133 [TestNG-test=RetryMultipleFailedTestcases-1] INFO  c_testCases.F4_TableTC - Created F4_Table instance.
11:29:36.170 [TestNG-test=RetryMultipleFailedTestcases-1] INFO  c_testCases.F4_TableTC - Switched to frame 0.
11:29:36.924 [TestNG-test=RetryMultipleFailedTestcases-1] INFO  c_testCases.F4_TableTC - Clicked on the first cell of the existing table.
11:29:36.983 [TestNG-test=RetryMultipleFailedTestcases-1] INFO  c_testCases.F4_TableTC - Switched back to default content.
11:29:37.182 [TestNG-test=RetryMultipleFailedTestcases-1] INFO  c_testCases.F4_TableTC - Clicked on Table Properties tab.
11:29:37.224 [TestNG-test=RetryMultipleFailedTestcases-1] INFO  c_testCases.F4_TableTC - Column count before insertion is 2.
11:29:37.839 [TestNG-test=RetryMultipleFailedTestcases-1] INFO  c_testCases.F4_TableTC - Clicked Insert Left.
11:29:38.006 [TestNG-test=RetryMultipleFailedTestcases-1] INFO  c_testCases.F4_TableTC - Column count after insertion is 3.
11:29:38.006 [TestNG-test=RetryMultipleFailedTestcases-1] INFO  c_testCases.F4_TableTC - Finished verify_InsertColumn_ExistingTable
11:29:44.811 [TestNG-test=RetryMultipleFailedTestcases-1] INFO  c_testCases.F4_TableTC - Starting verify_InsertRow_ExistingTable
11:29:59.758 [TestNG-test=RetryMultipleFailedTestcases-3] INFO  c_testCases.F4_TableTC - Exiting Table is no longer present after clicking Accept Change.
11:30:01.620 [TestNG-test=RetryMultipleFailedTestcases-3] INFO  c_testCases.F4_TableTC - Clicked Undo.
11:30:04.303 [TestNG-test=RetryMultipleFailedTestcases-3] INFO  c_testCases.F4_TableTC - Switched to frame 0.
11:30:05.165 [TestNG-test=RetryMultipleFailedTestcases-3] INFO  c_testCases.F4_TableTC - Clicked on the first cell of the existing table.
11:30:05.629 [TestNG-test=RetryMultipleFailedTestcases-3] INFO  c_testCases.F4_TableTC - Clicked Reject Change.
11:30:05.702 [TestNG-test=RetryMultipleFailedTestcases-3] INFO  c_testCases.F4_TableTC - Switched to frame 0.
11:30:05.750 [TestNG-test=RetryMultipleFailedTestcases-3] INFO  c_testCases.F4_TableTC - Exiting Table is present after clicking Reject Change.
11:30:06.236 [TestNG-test=RetryMultipleFailedTestcases-3] INFO  c_testCases.F4_TableTC - Clicked Quick Preview.
11:30:06.424 [TestNG-test=RetryMultipleFailedTestcases-3] INFO  c_testCases.F4_TableTC - Exiting Table is present in Quick Preview.
11:30:06.802 [TestNG-test=RetryMultipleFailedTestcases-3] INFO  c_testCases.F4_TableTC - Clicked Code View.
11:30:06.884 [TestNG-test=RetryMultipleFailedTestcases-3] INFO  c_testCases.F4_TableTC - Existing Table insertion code is present inside CodeView.
11:30:09.531 [TestNG-test=RetryMultipleFailedTestcases-2] INFO  c_testCases.F4_TableTC - Logged in, searched for a file, and clicked Edit.
11:30:09.531 [TestNG-test=RetryMultipleFailedTestcases-2] INFO  c_testCases.F4_TableTC - Created F4_Table instance.
11:30:09.560 [TestNG-test=RetryMultipleFailedTestcases-2] INFO  c_testCases.F4_TableTC - Switched to frame 0.
11:30:10.172 [TestNG-test=RetryMultipleFailedTestcases-2] INFO  c_testCases.F4_TableTC - Clicked on the first cell of the existing table.
11:30:10.203 [TestNG-test=RetryMultipleFailedTestcases-2] INFO  c_testCases.F4_TableTC - Switched back to default content.
11:30:10.626 [TestNG-test=RetryMultipleFailedTestcases-2] INFO  c_testCases.F4_TableTC - Clicked Insert.
11:30:10.864 [TestNG-test=RetryMultipleFailedTestcases-2] INFO  c_testCases.F4_TableTC - Clicked Image for Table.
11:30:11.160 [TestNG-test=RetryMultipleFailedTestcases-2] INFO  c_testCases.F4_TableTC - Clicked on the image.
11:30:11.525 [TestNG-test=RetryMultipleFailedTestcases-2] INFO  c_testCases.F4_TableTC - Clicked Insert Into.
11:30:12.594 [TestNG-test=RetryMultipleFailedTestcases-2] INFO  c_testCases.F4_TableTC - Clicked Insert button.
11:30:13.417 [TestNG-test=RetryMultipleFailedTestcases-2] INFO  c_testCases.F4_TableTC - Clicked Accept Change.
11:30:13.575 [TestNG-test=RetryMultipleFailedTestcases-2] INFO  c_testCases.F4_TableTC - Switched to frame 0.
11:30:13.632 [TestNG-test=RetryMultipleFailedTestcases-2] INFO  c_testCases.F4_TableTC - Inside the cell, Image is inserted.
11:30:14.132 [TestNG-test=RetryMultipleFailedTestcases-2] INFO  c_testCases.F4_TableTC - After adding an image in the cell, it is present in Quick Preview.
11:30:17.921 [TestNG-test=RetryMultipleFailedTestcases-1] INFO  c_testCases.F4_TableTC - Logged in, searched for a file, and clicked Edit.
11:30:17.922 [TestNG-test=RetryMultipleFailedTestcases-1] INFO  c_testCases.F4_TableTC - Created F4_Table instance.
11:30:17.940 [TestNG-test=RetryMultipleFailedTestcases-1] INFO  c_testCases.F4_TableTC - Switched to frame 0.
11:30:18.201 [TestNG-test=RetryMultipleFailedTestcases-2] INFO  c_testCases.F4_TableTC - Inside CodeView, there is image in Table insertion code.
11:30:18.555 [TestNG-test=RetryMultipleFailedTestcases-1] INFO  c_testCases.F4_TableTC - Clicked on the first cell of the existing table.
11:30:18.604 [TestNG-test=RetryMultipleFailedTestcases-1] INFO  c_testCases.F4_TableTC - Switched back to default content.
11:30:18.801 [TestNG-test=RetryMultipleFailedTestcases-1] INFO  c_testCases.F4_TableTC - Clicked on Table Properties tab.
11:30:18.848 [TestNG-test=RetryMultipleFailedTestcases-1] INFO  c_testCases.F4_TableTC - Row count before insertion is 3.
11:30:19.410 [TestNG-test=RetryMultipleFailedTestcases-1] INFO  c_testCases.F4_TableTC - Clicked Insert Above.
11:30:19.741 [TestNG-test=RetryMultipleFailedTestcases-1] INFO  c_testCases.F4_TableTC - Row count after insertion is 4.
11:30:19.741 [TestNG-test=RetryMultipleFailedTestcases-1] INFO  c_testCases.F4_TableTC - Finished verify_InsertRow_ExistingTable
11:30:22.717 [TestNG-test=RetryMultipleFailedTestcases-4] INFO  c_testCases.F4_TableTC - Switched back to default content.
11:30:23.783 [TestNG-test=RetryMultipleFailedTestcases-4] INFO  c_testCases.F4_TableTC - Clicked Insert.
11:30:24.015 [TestNG-test=RetryMultipleFailedTestcases-4] INFO  c_testCases.F4_TableTC - Clicked Image for Table.
11:30:24.329 [TestNG-test=RetryMultipleFailedTestcases-4] INFO  c_testCases.F4_TableTC - Clicked on the image.
11:30:24.509 [TestNG-test=RetryMultipleFailedTestcases-4] INFO  c_testCases.F4_TableTC - Clicked Insert Into.
11:30:25.150 [TestNG-test=RetryMultipleFailedTestcases-4] INFO  c_testCases.F4_TableTC - Clicked Insert button.
11:30:25.558 [TestNG-test=RetryMultipleFailedTestcases-1] INFO  c_testCases.F4_TableTC - Starting verify_Insert_Table
11:30:25.746 [TestNG-test=RetryMultipleFailedTestcases-4] INFO  c_testCases.F4_TableTC - Clicked Accept Change.
11:30:46.994 [TestNG-test=RetryMultipleFailedTestcases-3] INFO  c_testCases.F4_TableTC - No Content Validation error is present in CodeView.
11:30:46.995 [TestNG-test=RetryMultipleFailedTestcases-3] INFO  c_testCases.F4_TableTC - Finished verify_Delete_Existing_Table_Undo
11:30:55.293 [TestNG-test=RetryMultipleFailedTestcases-3] INFO  c_testCases.F4_TableTC - Starting verify_ListInsideTable
11:30:58.280 [TestNG-test=RetryMultipleFailedTestcases-2] INFO  c_testCases.F4_TableTC - In the code view, Content Validation error is not present.
11:30:58.280 [TestNG-test=RetryMultipleFailedTestcases-2] INFO  c_testCases.F4_TableTC - Finished verify_InsertMediaObject_ExistingTable
11:30:58.496 [TestNG-test=RetryMultipleFailedTestcases-1] INFO  c_testCases.F4_TableTC - Logged in, searched for a file, and clicked Edit.
11:30:58.497 [TestNG-test=RetryMultipleFailedTestcases-1] INFO  c_testCases.F4_TableTC - Created F4_Table instance.
11:31:06.666 [TestNG-test=RetryMultipleFailedTestcases-1] INFO  c_testCases.F4_TableTC - Inserted table using ReusableMethods.
11:31:06.703 [TestNG-test=RetryMultipleFailedTestcases-1] INFO  c_testCases.F4_TableTC - Switched to frame 0.
11:31:06.813 [TestNG-test=RetryMultipleFailedTestcases-1] INFO  c_testCases.F4_TableTC - Table is inserted in the Visual Editor.
11:31:06.817 [TestNG-test=RetryMultipleFailedTestcases-1] INFO  c_testCases.F4_TableTC - Switched back to default content.
11:31:07.006 [TestNG-test=RetryMultipleFailedTestcases-1] INFO  c_testCases.F4_TableTC - Document Structure is updated with the table.
11:31:07.444 [TestNG-test=RetryMultipleFailedTestcases-1] INFO  c_testCases.F4_TableTC - Clicked Quick Preview.
11:31:07.721 [TestNG-test=RetryMultipleFailedTestcases-1] INFO  c_testCases.F4_TableTC - Table is inserted in QuickPreview visible.
11:31:08.083 [TestNG-test=RetryMultipleFailedTestcases-1] INFO  c_testCases.F4_TableTC - Clicked Code View.
11:31:12.564 [TestNG-test=RetryMultipleFailedTestcases-1] INFO  c_testCases.F4_TableTC - Table insertion code is present inside CodeView.
11:31:21.256 [TestNG-test=RetryMultipleFailedTestcases-3] INFO  c_testCases.F4_TableTC - Logged in, searched for a file, and clicked Edit.
11:31:21.256 [TestNG-test=RetryMultipleFailedTestcases-3] INFO  c_testCases.F4_TableTC - Created F4_Table instance.
11:31:21.278 [TestNG-test=RetryMultipleFailedTestcases-3] INFO  c_testCases.F4_TableTC - Switched to frame 0.
11:31:21.884 [TestNG-test=RetryMultipleFailedTestcases-3] INFO  c_testCases.F4_TableTC - Clicked on the second cell of the existing table.
11:31:22.438 [TestNG-test=RetryMultipleFailedTestcases-3] INFO  c_testCases.F4_TableTC - Clicked Number List.
11:31:22.677 [TestNG-test=RetryMultipleFailedTestcases-3] INFO  c_testCases.F4_TableTC - Clicked Accept Change.
11:31:22.755 [TestNG-test=RetryMultipleFailedTestcases-3] INFO  c_testCases.F4_TableTC - Inside the table, a list is available in the Visual Editor.
11:31:52.663 [TestNG-test=RetryMultipleFailedTestcases-1] INFO  c_testCases.F4_TableTC - No Content Validation error is present in CodeView.
11:31:52.663 [TestNG-test=RetryMultipleFailedTestcases-1] INFO  c_testCases.F4_TableTC - Finished verify_Insert_Table
11:31:57.010 [TestNG-test=RetryMultipleFailedTestcases-4] INFO  c_testCases.F5_CrossReferenceTC - ****    Starting --> CrossReferenceTc    ****
11:31:59.080 [TestNG-test=RetryMultipleFailedTestcases-4] INFO  c_testCases.F5_CrossReferenceTC - clicked on Cross Reference button 
11:32:02.876 [TestNG-test=RetryMultipleFailedTestcases-3] INFO  c_testCases.F4_TableTC - Document Structure is updated after adding a list inside the table.
11:32:03.363 [TestNG-test=RetryMultipleFailedTestcases-3] INFO  c_testCases.F4_TableTC - Clicked Quick Preview.
11:32:03.751 [TestNG-test=RetryMultipleFailedTestcases-3] INFO  c_testCases.F4_TableTC - List is present in Quick Preview after adding it to the table.
11:32:04.233 [TestNG-test=RetryMultipleFailedTestcases-3] INFO  c_testCases.F4_TableTC - Clicked Code View.
11:32:06.173 [TestNG-test=RetryMultipleFailedTestcases-4] INFO  c_testCases.F5_CrossReferenceTC - clicked on Code Cross Reference checkbox 
11:32:07.502 [TestNG-test=RetryMultipleFailedTestcases-4] INFO  c_testCases.F5_CrossReferenceTC - clicked on Code View button 
11:32:09.503 [TestNG-test=RetryMultipleFailedTestcases-3] INFO  c_testCases.F4_TableTC - Inside CodeView, there is list insertion code for the table.
11:32:15.956 [TestNG-test=RetryMultipleFailedTestcases-2] INFO  c_testCases.F5_CrossReferenceTC - ****    Starting --> CrossReferenceTc    ****
11:32:22.814 [TestNG-test=RetryMultipleFailedTestcases-2] INFO  c_testCases.F5_CrossReferenceTC - clicked on Cross Reference button 
11:32:28.216 [TestNG-test=RetryMultipleFailedTestcases-2] INFO  c_testCases.F5_CrossReferenceTC - clicked on Code Cross Reference checkbox 
11:32:30.023 [TestNG-test=RetryMultipleFailedTestcases-2] INFO  c_testCases.F5_CrossReferenceTC - clicked on Code View button 
11:32:37.864 [TestNG-test=RetryMultipleFailedTestcases-1] INFO  c_testCases.F5_CrossReferenceTC - ****    Starting --> CrossReferenceTc    ****
11:32:47.662 [TestNG-test=RetryMultipleFailedTestcases-4] INFO  c_testCases.F5_CrossReferenceTC - Verifying content validation error
11:32:49.559 [TestNG-test=RetryMultipleFailedTestcases-3] INFO  c_testCases.F4_TableTC - No Content Validation error is present in CodeView.
11:32:49.559 [TestNG-test=RetryMultipleFailedTestcases-3] INFO  c_testCases.F4_TableTC - Finished verify_ListInsideTable
11:32:51.712 [TestNG-test=RetryMultipleFailedTestcases-1] INFO  c_testCases.F5_CrossReferenceTC - clicked on Cross Reference button 
11:32:59.257 [TestNG-test=RetryMultipleFailedTestcases-1] INFO  c_testCases.F5_CrossReferenceTC - clicked on Code Cross Reference checkbox 
11:33:10.200 [TestNG-test=RetryMultipleFailedTestcases-2] INFO  c_testCases.F5_CrossReferenceTC - Verifying content validation error
11:33:38.540 [TestNG-test=RetryMultipleFailedTestcases-3] INFO  c_testCases.F5_CrossReferenceTC - ****    Starting --> CrossReferenceTc    ****
11:33:38.804 [TestNG-test=RetryMultipleFailedTestcases-4] INFO  c_testCases.F5_CrossReferenceTC - ****    Starting --> CrossReferenceTc    ****
11:33:39.327 [TestNG-test=RetryMultipleFailedTestcases-3] INFO  c_testCases.F5_CrossReferenceTC - Double clicked on First para
11:33:39.609 [TestNG-test=RetryMultipleFailedTestcases-4] INFO  c_testCases.F5_CrossReferenceTC - Verifying Cross Reference is present in VE
11:33:39.692 [TestNG-test=RetryMultipleFailedTestcases-4] INFO  c_testCases.F5_CrossReferenceTC - Verifying Cross Reference is present in AP
11:33:40.001 [TestNG-test=RetryMultipleFailedTestcases-4] INFO  c_testCases.F5_CrossReferenceTC - Verifying Cross Reference is present in DS
11:33:40.441 [TestNG-test=RetryMultipleFailedTestcases-3] INFO  c_testCases.F5_CrossReferenceTC - clicked on Cross Reference button 
11:33:46.199 [TestNG-test=RetryMultipleFailedTestcases-2] INFO  c_testCases.F5_CrossReferenceTC - ****    Starting --> CrossReferenceTc    ****
11:33:47.480 [TestNG-test=RetryMultipleFailedTestcases-2] INFO  c_testCases.F5_CrossReferenceTC - Double clicked on First para
11:33:48.090 [TestNG-test=RetryMultipleFailedTestcases-2] INFO  c_testCases.F5_CrossReferenceTC - clicked on Cross Reference button 
11:34:11.783 [TestNG-test=RetryMultipleFailedTestcases-1] INFO  c_testCases.F5_CrossReferenceTC - ****    Starting --> CrossReferenceTc    ****
11:34:20.562 [TestNG-test=RetryMultipleFailedTestcases-3] INFO  c_testCases.F5_CrossReferenceTC - ****    Starting --> CrossReferenceTc    ****
11:34:21.020 [TestNG-test=RetryMultipleFailedTestcases-2] INFO  c_testCases.F5_CrossReferenceTC - ****    Starting --> CrossReferenceTc    ****
11:34:21.141 [TestNG-test=RetryMultipleFailedTestcases-3] INFO  c_testCases.F5_CrossReferenceTC - Double clicked on First para
11:34:21.592 [TestNG-test=RetryMultipleFailedTestcases-2] INFO  c_testCases.F5_CrossReferenceTC - Double clicked on First para
11:34:21.741 [TestNG-test=RetryMultipleFailedTestcases-3] INFO  c_testCases.F5_CrossReferenceTC - clicked on Cross Reference button 
11:34:21.968 [TestNG-test=RetryMultipleFailedTestcases-1] INFO  c_testCases.F5_CrossReferenceTC - clicked on Cross Reference button 
11:34:22.177 [TestNG-test=RetryMultipleFailedTestcases-2] INFO  c_testCases.F5_CrossReferenceTC - clicked on Cross Reference button 
11:34:24.075 [TestNG-test=RetryMultipleFailedTestcases-4] INFO  c_testCases.F5_CrossReferenceTC - Verifying Cross Reference is deleted in AP
11:34:26.627 [TestNG-test=RetryMultipleFailedTestcases-3] INFO  c_testCases.F5_CrossReferenceTC - clicked on Code Cross Reference checkbox 
11:34:27.171 [TestNG-test=RetryMultipleFailedTestcases-3] INFO  c_testCases.F5_CrossReferenceTC - clicked on Cross Reference popup ok button 
11:34:28.037 [TestNG-test=RetryMultipleFailedTestcases-3] INFO  c_testCases.F5_CrossReferenceTC - Verifying Cross Reference is present in AP
11:34:28.118 [TestNG-test=RetryMultipleFailedTestcases-3] INFO  c_testCases.F5_CrossReferenceTC - Verifying Cross Reference text is correct
11:34:28.567 [TestNG-test=RetryMultipleFailedTestcases-3] INFO  c_testCases.F5_CrossReferenceTC - Clicked on BackSpace
11:35:04.145 [TestNG-test=RetryMultipleFailedTestcases-4] INFO  c_testCases.F5_CrossReferenceTC - Verifying Cross Reference is deleted in DS
11:35:04.146 [TestNG-test=RetryMultipleFailedTestcases-4] INFO  c_testCases.F5_CrossReferenceTC - ****    Finished --> CrossReferenceTc    ****
11:35:11.341 [TestNG-test=RetryMultipleFailedTestcases-3] INFO  c_testCases.F5_CrossReferenceTC - Verifying Cross Reference is deleted in AP
11:35:20.913 [TestNG-test=RetryMultipleFailedTestcases-2] INFO  c_testCases.F5_CrossReferenceTC - ****    Starting --> CrossReferenceTc    ****
11:35:21.448 [TestNG-test=RetryMultipleFailedTestcases-1] INFO  c_testCases.F5_CrossReferenceTC - ****    Starting --> CrossReferenceTc    ****
11:35:21.538 [TestNG-test=RetryMultipleFailedTestcases-2] INFO  c_testCases.F5_CrossReferenceTC - Double clicked on First para
11:35:22.186 [TestNG-test=RetryMultipleFailedTestcases-2] INFO  c_testCases.F5_CrossReferenceTC - clicked on Cross Reference button 
11:35:26.779 [TestNG-test=RetryMultipleFailedTestcases-2] INFO  c_testCases.F5_CrossReferenceTC - clicked on Code Cross Reference checkbox 
11:35:26.937 [TestNG-test=RetryMultipleFailedTestcases-2] INFO  c_testCases.F5_CrossReferenceTC - clicked on Cross Reference popup ok button 
11:35:28.927 [TestNG-test=RetryMultipleFailedTestcases-1] INFO  c_testCases.F5_CrossReferenceTC - clicked on Cross Reference button 
11:35:34.308 [TestNG-test=RetryMultipleFailedTestcases-1] INFO  c_testCases.F5_CrossReferenceTC - clicked on Code Cross Reference checkbox 
11:35:35.089 [TestNG-test=RetryMultipleFailedTestcases-4] INFO  c_testCases.F5_CrossReferenceTC - ****    Starting --> CrossReferenceTc    ****
11:35:35.744 [TestNG-test=RetryMultipleFailedTestcases-4] INFO  c_testCases.F5_CrossReferenceTC - Double clicked on First para
11:35:35.774 [TestNG-test=RetryMultipleFailedTestcases-1] INFO  c_testCases.F5_CrossReferenceTC - clicked on Code View button 
11:35:36.297 [TestNG-test=RetryMultipleFailedTestcases-4] INFO  c_testCases.F5_CrossReferenceTC - clicked on Cross Reference button 
11:35:36.936 [TestNG-test=RetryMultipleFailedTestcases-4] INFO  c_testCases.F5_CrossReferenceTC - clicked on Code Cross Reference checkbox 
11:35:37.142 [TestNG-test=RetryMultipleFailedTestcases-4] INFO  c_testCases.F5_CrossReferenceTC - clicked on Cross Reference popup ok button 
11:35:51.457 [TestNG-test=RetryMultipleFailedTestcases-3] INFO  c_testCases.F5_CrossReferenceTC - Verifying Cross Reference is deleted in DS
11:35:51.458 [TestNG-test=RetryMultipleFailedTestcases-3] INFO  c_testCases.F5_CrossReferenceTC - ****    Finished --> CrossReferenceTc    ****
11:36:15.970 [TestNG-test=RetryMultipleFailedTestcases-1] INFO  c_testCases.F5_CrossReferenceTC - Verifying content validation error
11:36:35.224 [TestNG-test=RetryMultipleFailedTestcases-3] INFO  c_testCases.F5_CrossReferenceTC - ****    Starting --> CrossReferenceTc    ****
11:36:35.756 [TestNG-test=RetryMultipleFailedTestcases-3] INFO  c_testCases.F5_CrossReferenceTC - Double clicked on First para
11:36:36.377 [TestNG-test=RetryMultipleFailedTestcases-3] INFO  c_testCases.F5_CrossReferenceTC - clicked on Cross Reference button 
11:36:57.012 [TestNG-test=RetryMultipleFailedTestcases-2] INFO  c_testCases.F5_CrossReferenceTC - ****    Starting --> CrossReferenceTc    ****
11:36:57.905 [TestNG-test=RetryMultipleFailedTestcases-1] INFO  c_testCases.F5_CrossReferenceTC - ****    Starting --> CrossReferenceTc    ****
11:36:57.915 [TestNG-test=RetryMultipleFailedTestcases-2] INFO  c_testCases.F5_CrossReferenceTC - Double clicked on First para
11:36:58.772 [TestNG-test=RetryMultipleFailedTestcases-1] INFO  c_testCases.F5_CrossReferenceTC - Verifying Cross Reference is present in VE
11:36:58.829 [TestNG-test=RetryMultipleFailedTestcases-1] INFO  c_testCases.F5_CrossReferenceTC - Verifying Cross Reference is present in AP
11:36:58.857 [TestNG-test=RetryMultipleFailedTestcases-2] INFO  c_testCases.F5_CrossReferenceTC - clicked on Cross Reference button 
11:36:58.944 [TestNG-test=RetryMultipleFailedTestcases-1] INFO  c_testCases.F5_CrossReferenceTC - Verifying Cross Reference is present in DS
11:37:00.473 [TestNG-test=RetryMultipleFailedTestcases-4] INFO  c_testCases.F5_CrossReferenceTC - ****    Starting --> CrossReferenceTc    ****
11:37:01.500 [TestNG-test=RetryMultipleFailedTestcases-4] INFO  c_testCases.F5_CrossReferenceTC - Double clicked on First para
11:37:02.775 [TestNG-test=RetryMultipleFailedTestcases-4] INFO  c_testCases.F5_CrossReferenceTC - clicked on Cross Reference button 
11:37:02.791 [TestNG-test=RetryMultipleFailedTestcases-2] INFO  c_testCases.F5_CrossReferenceTC - clicked on Code Cross Reference checkbox 
11:37:03.545 [TestNG-test=RetryMultipleFailedTestcases-2] INFO  c_testCases.F5_CrossReferenceTC - clicked on Cross Reference popup ok button 
11:37:04.829 [TestNG-test=RetryMultipleFailedTestcases-2] INFO  c_testCases.F5_CrossReferenceTC - Verifying Cross Reference is present in AP
11:37:04.884 [TestNG-test=RetryMultipleFailedTestcases-2] INFO  c_testCases.F5_CrossReferenceTC - Verifying Cross Reference text is correct
11:37:06.012 [TestNG-test=RetryMultipleFailedTestcases-4] INFO  c_testCases.F5_CrossReferenceTC - clicked on Code Cross Reference checkbox 
11:37:06.611 [TestNG-test=RetryMultipleFailedTestcases-4] INFO  c_testCases.F5_CrossReferenceTC - clicked on Cross Reference popup ok button 
11:37:07.829 [TestNG-test=RetryMultipleFailedTestcases-4] INFO  c_testCases.F5_CrossReferenceTC - Verifying Cross Reference is present in AP
11:37:07.879 [TestNG-test=RetryMultipleFailedTestcases-4] INFO  c_testCases.F5_CrossReferenceTC - Verifying Cross Reference text is correct
11:37:12.534 [TestNG-test=RetryMultipleFailedTestcases-3] INFO  c_testCases.F5_CrossReferenceTC - ****    Starting --> CrossReferenceTc    ****
11:37:13.109 [TestNG-test=RetryMultipleFailedTestcases-3] INFO  c_testCases.F5_CrossReferenceTC - Double clicked on First para
11:37:13.741 [TestNG-test=RetryMultipleFailedTestcases-2] INFO  c_testCases.F5_CrossReferenceTC - clicked on Code View button 
11:37:13.894 [TestNG-test=RetryMultipleFailedTestcases-3] INFO  c_testCases.F5_CrossReferenceTC - clicked on Cross Reference button 
11:37:17.419 [TestNG-test=RetryMultipleFailedTestcases-4] INFO  c_testCases.F5_CrossReferenceTC - clicked on Code View button 
11:37:24.018 [TestNG-test=RetryMultipleFailedTestcases-3] INFO  c_testCases.F5_CrossReferenceTC - clicked on Code Cross Reference checkbox 
11:37:24.470 [TestNG-test=RetryMultipleFailedTestcases-3] INFO  c_testCases.F5_CrossReferenceTC - clicked on Cross Reference popup ok button 
11:37:25.918 [TestNG-test=RetryMultipleFailedTestcases-3] INFO  c_testCases.F5_CrossReferenceTC - Verifying Cross Reference is present in AP
11:37:28.030 [TestNG-test=RetryMultipleFailedTestcases-3] INFO  c_testCases.F5_CrossReferenceTC - clicked on Code View button 
11:37:43.126 [TestNG-test=RetryMultipleFailedTestcases-1] INFO  c_testCases.F5_CrossReferenceTC - Verifying Cross Reference is deleted in AP
11:37:53.818 [TestNG-test=RetryMultipleFailedTestcases-2] INFO  c_testCases.F5_CrossReferenceTC - Verifying content validation error
11:37:57.589 [TestNG-test=RetryMultipleFailedTestcases-4] INFO  c_testCases.F5_CrossReferenceTC - Verifying content validation error
11:38:08.126 [TestNG-test=RetryMultipleFailedTestcases-3] INFO  c_testCases.F5_CrossReferenceTC - Verifying content validation error
11:38:23.281 [TestNG-test=RetryMultipleFailedTestcases-1] INFO  c_testCases.F5_CrossReferenceTC - Verifying Cross Reference is deleted in DS
11:38:23.281 [TestNG-test=RetryMultipleFailedTestcases-1] INFO  c_testCases.F5_CrossReferenceTC - ****    Finished --> CrossReferenceTc    ****
11:38:27.245 [TestNG-test=RetryMultipleFailedTestcases-2] INFO  c_testCases.F5_CrossReferenceTC - ****    Starting --> CrossReferenceTc    ****
11:38:28.693 [TestNG-test=RetryMultipleFailedTestcases-2] INFO  c_testCases.F5_CrossReferenceTC - Double clicked on First para
11:38:29.400 [TestNG-test=RetryMultipleFailedTestcases-2] INFO  c_testCases.F5_CrossReferenceTC - clicked on Cross Reference button 
11:38:32.433 [TestNG-test=RetryMultipleFailedTestcases-2] INFO  c_testCases.F5_CrossReferenceTC - clicked on Code Cross Reference checkbox 
11:38:32.537 [TestNG-test=RetryMultipleFailedTestcases-4] INFO  c_testCases.F6_EmphasisTC - ****    Starting --> EmphasisTC    ****
11:38:32.920 [TestNG-test=RetryMultipleFailedTestcases-2] INFO  c_testCases.F5_CrossReferenceTC - clicked on Cross Reference popup ok button 
11:38:33.162 [TestNG-test=RetryMultipleFailedTestcases-4] INFO  c_testCases.F6_EmphasisTC - clicked on section two from DS
11:38:33.642 [TestNG-test=RetryMultipleFailedTestcases-4] INFO  c_testCases.F6_EmphasisTC - clicked on Enter key
11:38:34.602 [TestNG-test=RetryMultipleFailedTestcases-2] INFO  c_testCases.F5_CrossReferenceTC - Verifying Cross Reference is present in AP
11:38:34.660 [TestNG-test=RetryMultipleFailedTestcases-2] INFO  c_testCases.F5_CrossReferenceTC - Verifying Cross Reference text is correct
11:38:34.900 [TestNG-test=RetryMultipleFailedTestcases-2] INFO  c_testCases.F5_CrossReferenceTC - clicked on Code View button 
11:38:35.493 [TestNG-test=RetryMultipleFailedTestcases-4] INFO  c_testCases.F6_EmphasisTC - Inserted new Text
11:38:35.944 [TestNG-test=RetryMultipleFailedTestcases-4] INFO  c_testCases.F6_EmphasisTC - clicked on Accept changes button from toolbar
11:38:36.301 [TestNG-test=RetryMultipleFailedTestcases-4] INFO  c_testCases.F6_EmphasisTC - Newly added text is selected
11:38:36.566 [TestNG-test=RetryMultipleFailedTestcases-4] INFO  c_testCases.F6_EmphasisTC - clicked on bold button from toolbar
11:38:37.733 [TestNG-test=RetryMultipleFailedTestcases-4] INFO  c_testCases.F6_EmphasisTC - Verifying bold is present in DS 
11:38:37.768 [TestNG-test=RetryMultipleFailedTestcases-4] INFO  c_testCases.F6_EmphasisTC - Verifying bold is present in CE 
11:38:37.768 [TestNG-test=RetryMultipleFailedTestcases-4] INFO  c_testCases.F6_EmphasisTC - ****    Finished --> EmphasisTC    ****
11:38:42.700 [TestNG-test=RetryMultipleFailedTestcases-3] INFO  c_testCases.F6_EmphasisTC - ****    Starting --> EmphasisTC    ****
11:38:43.252 [TestNG-test=RetryMultipleFailedTestcases-3] INFO  c_testCases.F6_EmphasisTC - Double clicked on First para
11:38:43.673 [TestNG-test=RetryMultipleFailedTestcases-3] INFO  c_testCases.F6_EmphasisTC - clicked on bold button from toolbar
11:38:45.245 [TestNG-test=RetryMultipleFailedTestcases-3] INFO  c_testCases.F6_EmphasisTC - Verifying  Bold is present In DS
11:38:46.772 [TestNG-test=RetryMultipleFailedTestcases-3] INFO  c_testCases.F6_EmphasisTC - Verifying  Italic is present In DS
11:38:48.603 [TestNG-test=RetryMultipleFailedTestcases-3] INFO  c_testCases.F6_EmphasisTC - Verifying  Underline is present In DS
11:38:50.843 [TestNG-test=RetryMultipleFailedTestcases-3] INFO  c_testCases.F6_EmphasisTC - Verifying  Superscipt is present In DS
11:38:52.984 [TestNG-test=RetryMultipleFailedTestcases-3] INFO  c_testCases.F6_EmphasisTC - Verifying  Subscript is present In DS
11:38:54.666 [TestNG-test=RetryMultipleFailedTestcases-3] INFO  c_testCases.F6_EmphasisTC - Verifying  Strikethrough is present In DS
11:38:54.762 [TestNG-test=RetryMultipleFailedTestcases-3] INFO  c_testCases.F6_EmphasisTC - Verifying Bold emph is present In VE
11:38:55.087 [TestNG-test=RetryMultipleFailedTestcases-3] INFO  c_testCases.F6_EmphasisTC - clicked on Code View button 
11:39:15.049 [TestNG-test=RetryMultipleFailedTestcases-2] INFO  c_testCases.F5_CrossReferenceTC - Verifying content validation error
11:39:15.520 [TestNG-test=RetryMultipleFailedTestcases-2] INFO  c_testCases.F5_CrossReferenceTC - clicked on Quick Preview button 
11:39:15.620 [TestNG-test=RetryMultipleFailedTestcases-2] INFO  c_testCases.F5_CrossReferenceTC - Verifying Cross Reference is present in QP
11:39:15.620 [TestNG-test=RetryMultipleFailedTestcases-2] INFO  c_testCases.F5_CrossReferenceTC - ****    Finished --> CrossReferenceTc    ****
11:39:25.591 [TestNG-test=RetryMultipleFailedTestcases-1] INFO  c_testCases.F6_EmphasisTC - ****    Starting --> EmphasisTC    ****
11:39:26.348 [TestNG-test=RetryMultipleFailedTestcases-1] INFO  c_testCases.F6_EmphasisTC - Double clicked on First para
11:39:26.810 [TestNG-test=RetryMultipleFailedTestcases-1] INFO  c_testCases.F6_EmphasisTC - clicked on bold button from toolbar
11:39:27.439 [TestNG-test=RetryMultipleFailedTestcases-4] INFO  c_testCases.F6_EmphasisTC - ****    Starting --> EmphasisTC    ****
11:39:28.493 [TestNG-test=RetryMultipleFailedTestcases-1] INFO  c_testCases.F6_EmphasisTC - Selected newly added content
11:39:28.531 [TestNG-test=RetryMultipleFailedTestcases-1] INFO  c_testCases.F6_EmphasisTC - Copy bold content from para
11:39:28.930 [TestNG-test=RetryMultipleFailedTestcases-1] INFO  c_testCases.F6_EmphasisTC - clicked on second para from VE
11:39:28.993 [TestNG-test=RetryMultipleFailedTestcases-1] INFO  c_testCases.F6_EmphasisTC - Pasted bold content into second para
11:39:30.478 [TestNG-test=RetryMultipleFailedTestcases-4] INFO  c_testCases.F6_EmphasisTC - Verifying bold is present in DS 
11:39:30.521 [TestNG-test=RetryMultipleFailedTestcases-4] INFO  c_testCases.F6_EmphasisTC - Verifying bold is present in DS 
11:39:30.549 [TestNG-test=RetryMultipleFailedTestcases-4] INFO  c_testCases.F6_EmphasisTC - c bold is present in CE 
11:39:30.809 [TestNG-test=RetryMultipleFailedTestcases-4] INFO  c_testCases.F6_EmphasisTC - clicked on Code View button 
11:39:30.881 [TestNG-test=RetryMultipleFailedTestcases-1] INFO  c_testCases.F6_EmphasisTC - clicked on Accept changes button from toolbar
11:39:31.014 [TestNG-test=RetryMultipleFailedTestcases-1] INFO  c_testCases.F6_EmphasisTC - Verifying bold is present in DS 
11:39:31.052 [TestNG-test=RetryMultipleFailedTestcases-1] INFO  c_testCases.F6_EmphasisTC - Verifying bold is present in CE 
11:39:31.524 [TestNG-test=RetryMultipleFailedTestcases-1] INFO  c_testCases.F6_EmphasisTC - clicked on Code View button 
11:39:35.260 [TestNG-test=RetryMultipleFailedTestcases-3] INFO  c_testCases.F6_EmphasisTC - Verifying content validation error
11:39:35.667 [TestNG-test=RetryMultipleFailedTestcases-3] INFO  c_testCases.F6_EmphasisTC - clicked on Quick Preview button
11:39:35.715 [TestNG-test=RetryMultipleFailedTestcases-3] INFO  c_testCases.F6_EmphasisTC - Verifying  Strikethrough is present In QP
11:39:35.716 [TestNG-test=RetryMultipleFailedTestcases-3] INFO  c_testCases.F6_EmphasisTC - ****    Finished --> EmphasisTC    ****
11:39:57.090 [TestNG-test=RetryMultipleFailedTestcases-2] INFO  c_testCases.F6_EmphasisTC - ****    Starting --> EmphasisTC    ****
11:39:58.487 [TestNG-test=RetryMultipleFailedTestcases-2] INFO  c_testCases.F6_EmphasisTC - clicked on section two from DS
11:39:59.021 [TestNG-test=RetryMultipleFailedTestcases-2] INFO  c_testCases.F6_EmphasisTC - clicked on Enter key
11:40:02.056 [TestNG-test=RetryMultipleFailedTestcases-2] INFO  c_testCases.F6_EmphasisTC - clicked on bold button from toolbar
11:40:02.768 [TestNG-test=RetryMultipleFailedTestcases-2] INFO  c_testCases.F6_EmphasisTC - Inserted bold Text
11:40:03.095 [TestNG-test=RetryMultipleFailedTestcases-2] INFO  c_testCases.F6_EmphasisTC - clicked on Accept changes button from toolbar
11:40:03.150 [TestNG-test=RetryMultipleFailedTestcases-2] INFO  c_testCases.F6_EmphasisTC - Verifying bold is present in DS 
11:40:03.202 [TestNG-test=RetryMultipleFailedTestcases-2] INFO  c_testCases.F6_EmphasisTC - Verifying bold is present in CE 
11:40:03.505 [TestNG-test=RetryMultipleFailedTestcases-2] INFO  c_testCases.F6_EmphasisTC - clicked on Code View button 
11:40:10.878 [TestNG-test=RetryMultipleFailedTestcases-3] INFO  c_testCases.F6_EmphasisTC - ****    Starting --> EmphasisTC    ****
11:40:10.968 [TestNG-test=RetryMultipleFailedTestcases-4] INFO  c_testCases.F6_EmphasisTC - Verifying content validation error
11:40:10.968 [TestNG-test=RetryMultipleFailedTestcases-4] INFO  c_testCases.F6_EmphasisTC - ****    Finished --> EmphasisTC    ****
11:40:11.675 [TestNG-test=RetryMultipleFailedTestcases-1] INFO  c_testCases.F6_EmphasisTC - Verifying content validation error
11:40:11.787 [TestNG-test=RetryMultipleFailedTestcases-3] INFO  c_testCases.F6_EmphasisTC - Double clicked on First para
11:40:12.049 [TestNG-test=RetryMultipleFailedTestcases-1] INFO  c_testCases.F6_EmphasisTC - clicked on Quick Preview button
11:40:12.085 [TestNG-test=RetryMultipleFailedTestcases-1] INFO  c_testCases.F6_EmphasisTC - Verifying  bold is present in QP
11:40:12.086 [TestNG-test=RetryMultipleFailedTestcases-1] INFO  c_testCases.F6_EmphasisTC - ****    Finished --> EmphasisTC    ****
11:40:12.340 [TestNG-test=RetryMultipleFailedTestcases-3] INFO  c_testCases.F6_EmphasisTC - clicked on bold button from toolbar
11:40:17.123 [TestNG-test=RetryMultipleFailedTestcases-3] INFO  c_testCases.F6_EmphasisTC - Double clicked on First para
11:40:17.306 [TestNG-test=RetryMultipleFailedTestcases-3] INFO  c_testCases.F6_EmphasisTC - Clicked on Backspace-Key
11:40:18.149 [TestNG-test=RetryMultipleFailedTestcases-3] INFO  c_testCases.F6_EmphasisTC - clicked on First para deleted bold content
11:40:18.760 [TestNG-test=RetryMultipleFailedTestcases-3] INFO  c_testCases.F6_EmphasisTC - clicked on Accept changes
11:40:19.999 [TestNG-test=RetryMultipleFailedTestcases-3] INFO  c_testCases.F6_EmphasisTC - clicked on Quick Preview button
11:40:43.645 [TestNG-test=RetryMultipleFailedTestcases-2] INFO  c_testCases.F6_EmphasisTC - Verifying content validation error
11:40:44.044 [TestNG-test=RetryMultipleFailedTestcases-2] INFO  c_testCases.F6_EmphasisTC - clicked on Quick Preview button
11:40:44.083 [TestNG-test=RetryMultipleFailedTestcases-2] INFO  c_testCases.F6_EmphasisTC - Verifying  bold is present in QP
11:40:44.083 [TestNG-test=RetryMultipleFailedTestcases-2] INFO  c_testCases.F6_EmphasisTC - ****    Finished --> EmphasisTC    ****
11:41:00.227 [TestNG-test=RetryMultipleFailedTestcases-3] INFO  c_testCases.F6_EmphasisTC - Verifying  bold is not present in QP
11:41:00.227 [TestNG-test=RetryMultipleFailedTestcases-3] INFO  c_testCases.F6_EmphasisTC - ****    Finished --> EmphasisTC    ****
11:41:04.463 [TestNG-test=RetryMultipleFailedTestcases-1] INFO  c_testCases.F6_EmphasisTC - ****    Starting --> EmphasisTC    ****
11:41:04.900 [TestNG-test=RetryMultipleFailedTestcases-4] INFO  c_testCases.F6_EmphasisTC - clicked on bold button from toolbar
11:41:05.155 [TestNG-test=RetryMultipleFailedTestcases-1] INFO  c_testCases.F6_EmphasisTC - clicked on section two from DS
11:41:05.482 [TestNG-test=RetryMultipleFailedTestcases-1] INFO  c_testCases.F6_EmphasisTC - clicked on Enter key
11:41:06.283 [TestNG-test=RetryMultipleFailedTestcases-4] INFO  c_testCases.F6_EmphasisTC - Verifying  Bold is present In DS
11:41:06.640 [TestNG-test=RetryMultipleFailedTestcases-1] INFO  c_testCases.F6_EmphasisTC - clicked on bold button from toolbar
11:41:07.637 [TestNG-test=RetryMultipleFailedTestcases-1] INFO  c_testCases.F6_EmphasisTC - Inserted bold Text
11:41:08.096 [TestNG-test=RetryMultipleFailedTestcases-4] INFO  c_testCases.F6_EmphasisTC - Verifying  Italic is present In DS
11:41:10.311 [TestNG-test=RetryMultipleFailedTestcases-4] INFO  c_testCases.F6_EmphasisTC - Verifying  Underline is present In DS
11:41:10.997 [TestNG-test=RetryMultipleFailedTestcases-1] INFO  c_testCases.F6_EmphasisTC - Verifying Emph is present in DS
11:41:12.144 [TestNG-test=RetryMultipleFailedTestcases-4] INFO  c_testCases.F6_EmphasisTC - Verifying  Superscipt is present In DS
11:41:14.660 [TestNG-test=RetryMultipleFailedTestcases-4] INFO  c_testCases.F6_EmphasisTC - Verifying  Subscript is present In DS
11:41:18.309 [TestNG-test=RetryMultipleFailedTestcases-4] INFO  c_testCases.F6_EmphasisTC - Verifying  Strikethrough is present In DS
11:41:18.438 [TestNG-test=RetryMultipleFailedTestcases-4] INFO  c_testCases.F6_EmphasisTC - Verifying Bold emph is present In VE
11:41:20.180 [TestNG-test=RetryMultipleFailedTestcases-2] INFO  c_testCases.F6_EmphasisTC - ****    Starting --> EmphasisTC    ****
11:41:20.576 [TestNG-test=RetryMultipleFailedTestcases-4] INFO  c_testCases.F6_EmphasisTC - clicked on Accept changes button from toolbar
11:41:23.328 [TestNG-test=RetryMultipleFailedTestcases-2] INFO  c_testCases.F6_EmphasisTC - clicked on bold button from toolbar
11:41:24.480 [TestNG-test=RetryMultipleFailedTestcases-2] INFO  c_testCases.F6_EmphasisTC - Inserted bold Text
11:41:24.902 [TestNG-test=RetryMultipleFailedTestcases-2] INFO  c_testCases.F6_EmphasisTC - clicked on Accept changes button from toolbar
11:41:24.984 [TestNG-test=RetryMultipleFailedTestcases-2] INFO  c_testCases.F6_EmphasisTC - Verifying bold is present in DS 
11:41:25.053 [TestNG-test=RetryMultipleFailedTestcases-2] INFO  c_testCases.F6_EmphasisTC - Verifying bold is present in CE 
11:41:25.466 [TestNG-test=RetryMultipleFailedTestcases-2] INFO  c_testCases.F6_EmphasisTC - clicked on Code View button 
11:41:49.469 [TestNG-test=RetryMultipleFailedTestcases-3] INFO  c_testCases.F6_EmphasisTC - ****    Starting --> EmphasisTC    ****
11:41:52.268 [TestNG-test=RetryMultipleFailedTestcases-3] INFO  c_testCases.F6_EmphasisTC - clicked on bold button from toolbar
11:41:53.292 [TestNG-test=RetryMultipleFailedTestcases-3] INFO  c_testCases.F6_EmphasisTC - Inserted bold Text
11:41:53.584 [TestNG-test=RetryMultipleFailedTestcases-3] INFO  c_testCases.F6_EmphasisTC - clicked on Accept changes button from toolbar
11:41:53.665 [TestNG-test=RetryMultipleFailedTestcases-3] INFO  c_testCases.F6_EmphasisTC - Verifying bold is present in DS 
11:41:53.709 [TestNG-test=RetryMultipleFailedTestcases-3] INFO  c_testCases.F6_EmphasisTC - Verifying bold is present in CE 
11:41:54.031 [TestNG-test=RetryMultipleFailedTestcases-3] INFO  c_testCases.F6_EmphasisTC - clicked on Code View button 
11:41:57.088 [TestNG-test=RetryMultipleFailedTestcases-1] INFO  c_testCases.F6_EmphasisTC - ****    Starting --> EmphasisTC    ****
11:41:57.691 [TestNG-test=RetryMultipleFailedTestcases-1] INFO  c_testCases.F6_EmphasisTC - clicked on section two from DS
11:41:57.952 [TestNG-test=RetryMultipleFailedTestcases-1] INFO  c_testCases.F6_EmphasisTC - clicked on Enter key
11:41:58.837 [TestNG-test=RetryMultipleFailedTestcases-1] INFO  c_testCases.F6_EmphasisTC - clicked on bold button from toolbar
11:41:59.647 [TestNG-test=RetryMultipleFailedTestcases-1] INFO  c_testCases.F6_EmphasisTC - Inserted bold Text
11:42:01.929 [TestNG-test=RetryMultipleFailedTestcases-1] INFO  c_testCases.F6_EmphasisTC - Verifying Emph is present in DS
11:42:02.761 [TestNG-test=RetryMultipleFailedTestcases-4] INFO  c_testCases.F6_EmphasisTC - Verifying Bold emph is Deleted In VE
11:42:03.028 [TestNG-test=RetryMultipleFailedTestcases-4] INFO  c_testCases.F6_EmphasisTC - clicked on Code View button 
11:42:05.619 [TestNG-test=RetryMultipleFailedTestcases-2] INFO  c_testCases.F6_EmphasisTC - Verifying content validation error
11:42:05.959 [TestNG-test=RetryMultipleFailedTestcases-2] INFO  c_testCases.F6_EmphasisTC - clicked on Quick Preview button
11:42:05.992 [TestNG-test=RetryMultipleFailedTestcases-2] INFO  c_testCases.F6_EmphasisTC - Verifying  bold is present in QP
11:42:09.716 [TestNG-test=RetryMultipleFailedTestcases-2] INFO  c_testCases.F6_EmphasisTC - clicked on Italic button from toolbar
11:42:10.939 [TestNG-test=RetryMultipleFailedTestcases-2] INFO  c_testCases.F6_EmphasisTC - Verifying Italic is present in DS 
11:42:10.961 [TestNG-test=RetryMultipleFailedTestcases-2] INFO  c_testCases.F6_EmphasisTC - Verifying Italic is present in CE 
11:42:11.182 [TestNG-test=RetryMultipleFailedTestcases-2] INFO  c_testCases.F6_EmphasisTC - clicked on Code View button 
11:42:34.206 [TestNG-test=RetryMultipleFailedTestcases-3] INFO  c_testCases.F6_EmphasisTC - Verifying content validation error
11:42:34.709 [TestNG-test=RetryMultipleFailedTestcases-3] INFO  c_testCases.F6_EmphasisTC - clicked on Quick Preview button
11:42:34.752 [TestNG-test=RetryMultipleFailedTestcases-3] INFO  c_testCases.F6_EmphasisTC - Verifying  bold is present in QP
11:42:37.822 [TestNG-test=RetryMultipleFailedTestcases-3] INFO  c_testCases.F6_EmphasisTC - clicked on Underline button from toolbar
11:42:38.827 [TestNG-test=RetryMultipleFailedTestcases-3] INFO  c_testCases.F6_EmphasisTC - Verifying Underline is present in DS 
11:42:38.852 [TestNG-test=RetryMultipleFailedTestcases-3] INFO  c_testCases.F6_EmphasisTC - Verifying Underline is present in CE 
11:42:39.062 [TestNG-test=RetryMultipleFailedTestcases-3] INFO  c_testCases.F6_EmphasisTC - clicked on Code View button 
11:42:43.192 [TestNG-test=RetryMultipleFailedTestcases-4] INFO  c_testCases.F6_EmphasisTC - Verifying content validation error
11:42:43.193 [TestNG-test=RetryMultipleFailedTestcases-4] INFO  c_testCases.F6_EmphasisTC - ****    Finished --> EmphasisTC    ****
11:42:51.268 [TestNG-test=RetryMultipleFailedTestcases-2] INFO  c_testCases.F6_EmphasisTC - Verifying content validation error
11:42:51.800 [TestNG-test=RetryMultipleFailedTestcases-2] INFO  c_testCases.F6_EmphasisTC - clicked on Quick Preview button
11:42:51.885 [TestNG-test=RetryMultipleFailedTestcases-2] INFO  c_testCases.F6_EmphasisTC - Verifying  Italic is present in QP
11:42:51.885 [TestNG-test=RetryMultipleFailedTestcases-2] INFO  c_testCases.F6_EmphasisTC - ****    Finished --> EmphasisTC    ****
11:42:52.188 [TestNG-test=RetryMultipleFailedTestcases-1] INFO  c_testCases.F6_EmphasisTC - ****    Starting --> EmphasisTC    ****
11:42:53.432 [TestNG-test=RetryMultipleFailedTestcases-1] INFO  c_testCases.F6_EmphasisTC - clicked on section two from DS
11:42:53.871 [TestNG-test=RetryMultipleFailedTestcases-1] INFO  c_testCases.F6_EmphasisTC - clicked on Enter key
11:42:56.653 [TestNG-test=RetryMultipleFailedTestcases-1] INFO  c_testCases.F6_EmphasisTC - clicked on bold button from toolbar
11:42:57.211 [TestNG-test=RetryMultipleFailedTestcases-1] INFO  c_testCases.F6_EmphasisTC - Inserted bold Text
11:42:59.583 [TestNG-test=RetryMultipleFailedTestcases-1] INFO  c_testCases.F6_EmphasisTC - Verifying Emph is present in DS
11:43:14.762 [TestNG-test=RetryMultipleFailedTestcases-4] INFO  c_testCases.F6_EmphasisTC - ****    Starting --> EmphasisTC    ****
11:43:15.300 [TestNG-test=RetryMultipleFailedTestcases-4] INFO  c_testCases.F6_EmphasisTC - clicked on Bold para in VE
11:43:15.372 [TestNG-test=RetryMultipleFailedTestcases-4] INFO  c_testCases.F6_EmphasisTC - Verifying  bold para is present In VE
11:43:16.568 [TestNG-test=RetryMultipleFailedTestcases-4] INFO  c_testCases.F6_EmphasisTC - clicked on Bold para in DS
11:43:16.790 [TestNG-test=RetryMultipleFailedTestcases-4] INFO  c_testCases.F6_EmphasisTC - Verifying  bold is present in DS
11:43:17.684 [TestNG-test=RetryMultipleFailedTestcases-4] INFO  c_testCases.F6_EmphasisTC - clicked Remove element block using Right Click option
11:43:18.343 [TestNG-test=RetryMultipleFailedTestcases-4] INFO  c_testCases.F6_EmphasisTC - clicked on Accept changes button from toolbar
11:43:19.220 [TestNG-test=RetryMultipleFailedTestcases-3] INFO  c_testCases.F6_EmphasisTC - Verifying content validation error
11:43:19.451 [TestNG-test=RetryMultipleFailedTestcases-3] INFO  c_testCases.F6_EmphasisTC - clicked on Quick Preview button
11:43:19.482 [TestNG-test=RetryMultipleFailedTestcases-3] INFO  c_testCases.F6_EmphasisTC - Verifying  Underline is present in QP
11:43:19.482 [TestNG-test=RetryMultipleFailedTestcases-3] INFO  c_testCases.F6_EmphasisTC - ****    Finished --> EmphasisTC    ****
11:43:23.752 [TestNG-test=RetryMultipleFailedTestcases-2] INFO  c_testCases.F6_EmphasisTC - ****    Starting --> EmphasisTC    ****
11:43:24.471 [TestNG-test=RetryMultipleFailedTestcases-2] INFO  c_testCases.F6_EmphasisTC - Double clicked on First para
11:43:24.944 [TestNG-test=RetryMultipleFailedTestcases-2] INFO  c_testCases.F6_EmphasisTC - clicked on bold button from toolbar
11:43:26.232 [TestNG-test=RetryMultipleFailedTestcases-2] INFO  c_testCases.F6_EmphasisTC - Verifying bold is present in DS 
11:43:26.276 [TestNG-test=RetryMultipleFailedTestcases-2] INFO  c_testCases.F6_EmphasisTC - c bold is present in CE 
11:43:26.276 [TestNG-test=RetryMultipleFailedTestcases-2] INFO  c_testCases.F6_EmphasisTC - ****    Finished --> EmphasisTC    ****
11:43:36.894 [TestNG-test=RetryMultipleFailedTestcases-2] INFO  c_testCases.F7_PDFTC - Starting verify_ChapterLevel_Changes
11:43:46.547 [TestNG-test=RetryMultipleFailedTestcases-2] INFO  c_testCases.F7_PDFTC - Logged in to the application.
11:43:50.379 [TestNG-test=RetryMultipleFailedTestcases-2] INFO  c_testCases.F7_PDFTC - Selected project and navigated to the file list.
11:43:50.456 [TestNG-test=RetryMultipleFailedTestcases-2] INFO  c_testCases.F7_PDFTC - Searched for a file by name.
11:43:52.753 [TestNG-test=RetryMultipleFailedTestcases-2] INFO  c_testCases.F7_PDFTC - Clicked on the edit file button.
11:43:59.882 [TestNG-test=RetryMultipleFailedTestcases-4] INFO  c_testCases.F6_EmphasisTC - Verifying  bold is delted from VE
11:44:07.191 [TestNG-test=RetryMultipleFailedTestcases-2] INFO  c_testCases.F7_PDFTC - Performed actions on the new window.
11:44:11.041 [TestNG-test=RetryMultipleFailedTestcases-2] INFO  c_testCases.F7_PDFTC - Waited for Dynamic Section to become visible.
11:44:11.254 [TestNG-test=RetryMultipleFailedTestcases-3] INFO  c_testCases.F6_EmphasisTC - ****    Starting --> EmphasisTC    ****
11:44:11.541 [TestNG-test=RetryMultipleFailedTestcases-2] INFO  c_testCases.F7_PDFTC - Clicked on the first paragraph.
11:44:11.696 [TestNG-test=RetryMultipleFailedTestcases-1] INFO  c_testCases.F6_EmphasisTC - ****    Starting --> EmphasisTC    ****
11:44:11.918 [TestNG-test=RetryMultipleFailedTestcases-2] INFO  c_testCases.F7_PDFTC - Accepted the change for the first paragraph.
11:44:11.974 [TestNG-test=RetryMultipleFailedTestcases-3] INFO  c_testCases.F6_EmphasisTC - clicked on taable cell in VE
11:44:12.315 [TestNG-test=RetryMultipleFailedTestcases-2] INFO  c_testCases.F7_PDFTC - Right-clicked on the second paragraph.
11:44:12.356 [TestNG-test=RetryMultipleFailedTestcases-1] INFO  c_testCases.F6_EmphasisTC - clicked on section two from DS
11:44:12.452 [TestNG-test=RetryMultipleFailedTestcases-3] INFO  c_testCases.F6_EmphasisTC - clicked on bold button from toolbar
11:44:12.730 [TestNG-test=RetryMultipleFailedTestcases-2] INFO  c_testCases.F7_PDFTC - Inserted content after the PDF.
11:44:12.738 [TestNG-test=RetryMultipleFailedTestcases-1] INFO  c_testCases.F6_EmphasisTC - clicked on Enter key
11:44:13.106 [TestNG-test=RetryMultipleFailedTestcases-3] INFO  c_testCases.F6_EmphasisTC - Inserted bold Text
11:44:13.672 [TestNG-test=RetryMultipleFailedTestcases-3] INFO  c_testCases.F6_EmphasisTC - clicked on Accept changes button from toolbar
11:44:13.812 [TestNG-test=RetryMultipleFailedTestcases-3] INFO  c_testCases.F6_EmphasisTC - Verifying  emph is present In CE
11:44:13.854 [TestNG-test=RetryMultipleFailedTestcases-3] INFO  c_testCases.F6_EmphasisTC - Verifying  emph is present In VE table Cell
11:44:14.069 [TestNG-test=RetryMultipleFailedTestcases-2] INFO  c_testCases.F7_PDFTC - Added text to the second paragraph.
11:44:14.276 [TestNG-test=RetryMultipleFailedTestcases-3] INFO  c_testCases.F6_EmphasisTC - clicked on Code View button 
11:44:14.551 [TestNG-test=RetryMultipleFailedTestcases-1] INFO  c_testCases.F6_EmphasisTC - clicked on bold button from toolbar
