11:29:32.612 [TestNG-test=RetryMultipleFailedTestcases-2] INFO  sprint3_TestCases.C_Verify_FocusMode - Creating A_Verify_BottomRibbon instance
11:29:32.643 [TestNG-test=RetryMultipleFailedTestcases-2] INFO  sprint3_TestCases.C_Verify_FocusMode - Clicking Focus Mode
11:29:49.159 [TestNG-test=RetryMultipleFailedTestcases-2] INFO  sprint3_TestCases.C_Verify_FocusMode - Starting verify_FocusMode_Tooltip test...
11:29:49.160 [TestNG-test=RetryMultipleFailedTestcases-2] INFO  sprint3_TestCases.C_Verify_FocusMode - ReusableMethods.LoginAndSearchFile_ClickEdit()
11:30:02.553 [TestNG-test=RetryMultipleFailedTestcases-3] INFO  sprint3_TestCases.C_Verify_FocusMode - Creating A_Verify_BottomRibbon instance
11:30:02.555 [TestNG-test=RetryMultipleFailedTestcases-3] INFO  sprint3_TestCases.C_Verify_FocusMode - Clicking Focus Mode
11:30:03.278 [TestNG-test=RetryMultipleFailedTestcases-3] INFO  sprint3_TestCases.C_Verify_FocusMode - Getting style attribute of Focus Mode Highlighted element
11:30:03.795 [TestNG-test=RetryMultipleFailedTestcases-3] INFO  sprint3_TestCases.C_Verify_FocusMode - Verifying Focus Mode is highlighted
11:30:03.796 [TestNG-test=RetryMultipleFailedTestcases-3] INFO  sprint3_TestCases.C_Verify_FocusMode - Verifying Visual Editor is not displayed
11:30:03.859 [TestNG-test=RetryMultipleFailedTestcases-3] INFO  sprint3_TestCases.C_Verify_FocusMode - Refreshing the page
11:30:06.887 [TestNG-test=RetryMultipleFailedTestcases-3] INFO  sprint3_TestCases.C_Verify_FocusMode - org.openqa.selenium.NoAlertPresentException: no such alert
  (Session info: chrome=120.0.6099.217)
Build info: version: '4.11.0', revision: '040bc5406b'
System info: os.name: 'Windows 10', os.arch: 'amd64', os.version: '10.0', java.version: '17.0.7'
Driver info: org.openqa.selenium.chrome.ChromeDriver
Command: [e2888648a4b3f85b09520fdc8306b3af, getAlertText {}]
Capabilities {acceptInsecureCerts: false, browserName: chrome, browserVersion: 120.0.6099.217, chrome: {chromedriverVersion: 120.0.6099.109 (3419140ab66..., userDataDir: C:\Users\ITRENT~1\AppData\L...}, fedcm:accounts: true, goog:chromeOptions: {debuggerAddress: localhost:62319}, networkConnectionEnabled: false, pageLoadStrategy: normal, platformName: windows, proxy: Proxy(), se:cdp: ws://localhost:62319/devtoo..., se:cdpVersion: 120.0.6099.217, setWindowRect: true, strictFileInteractability: false, timeouts: {implicit: 0, pageLoad: 300000, script: 30000}, unhandledPromptBehavior: dismiss and notify, webauthn:extension:credBlob: true, webauthn:extension:largeBlob: true, webauthn:extension:minPinLength: true, webauthn:extension:prf: true, webauthn:virtualAuthenticators: true}
Session ID: e2888648a4b3f85b09520fdc8306b3af
11:30:08.491 [TestNG-test=RetryMultipleFailedTestcases-1] INFO  sprint3_TestCases.C_Verify_FocusMode - Creating A_Verify_BottomRibbon instance
11:30:08.492 [TestNG-test=RetryMultipleFailedTestcases-1] INFO  sprint3_TestCases.C_Verify_FocusMode - Clicking Focus Mode
11:30:08.604 [TestNG-test=RetryMultipleFailedTestcases-3] INFO  sprint3_TestCases.C_Verify_FocusMode - Verifying Visual Editor is displayed after refresh
11:30:08.604 [TestNG-test=RetryMultipleFailedTestcases-3] INFO  sprint3_TestCases.C_Verify_FocusMode - verify_FocusMode_OnBrowserMinimize test completed successfully.
11:30:09.047 [TestNG-test=RetryMultipleFailedTestcases-4] INFO  sprint3_TestCases.C_Verify_FocusMode - Creating A_Verify_BottomRibbon instance
11:30:09.048 [TestNG-test=RetryMultipleFailedTestcases-4] INFO  sprint3_TestCases.C_Verify_FocusMode - Clicking Focus Mode
11:30:09.113 [TestNG-test=RetryMultipleFailedTestcases-1] INFO  sprint3_TestCases.C_Verify_FocusMode - Minimizing and maximizing the browser window
11:30:10.319 [TestNG-test=RetryMultipleFailedTestcases-1] INFO  sprint3_TestCases.C_Verify_FocusMode - Verifying elements are not displayed in Focus Mode
11:30:14.859 [TestNG-test=RetryMultipleFailedTestcases-3] INFO  sprint3_TestCases.C_Verify_FocusMode - Starting verify_FocusMode_LeftPanal_Open test...
11:30:14.860 [TestNG-test=RetryMultipleFailedTestcases-3] INFO  sprint3_TestCases.C_Verify_FocusMode - ReusableMethods.LoginAndSearchFile_ClickEdit()
11:30:16.769 [TestNG-test=RetryMultipleFailedTestcases-2] INFO  sprint3_TestCases.C_Verify_FocusMode - Creating A_Verify_BottomRibbon instance
11:30:16.770 [TestNG-test=RetryMultipleFailedTestcases-2] INFO  sprint3_TestCases.C_Verify_FocusMode - Clicking Focus Mode
11:30:25.461 [TestNG-test=RetryMultipleFailedTestcases-4] INFO  sprint3_TestCases.C_Verify_FocusMode - Starting verify_FocusMode_OnRefresh test...
11:30:25.462 [TestNG-test=RetryMultipleFailedTestcases-4] INFO  sprint3_TestCases.C_Verify_FocusMode - ReusableMethods.LoginAndSearchFile_ClickEdit()
11:30:32.935 [TestNG-test=RetryMultipleFailedTestcases-2] INFO  sprint3_TestCases.C_Verify_FocusMode - Starting verify_FocusMode_Tooltip test...
11:30:32.935 [TestNG-test=RetryMultipleFailedTestcases-2] INFO  sprint3_TestCases.C_Verify_FocusMode - ReusableMethods.LoginAndSearchFile_ClickEdit()
11:30:47.392 [TestNG-test=RetryMultipleFailedTestcases-3] INFO  sprint3_TestCases.C_Verify_FocusMode - Creating A_Verify_BottomRibbon instance
11:30:47.393 [TestNG-test=RetryMultipleFailedTestcases-3] INFO  sprint3_TestCases.C_Verify_FocusMode - Clicking Focus Mode
11:30:47.666 [TestNG-test=RetryMultipleFailedTestcases-3] INFO  sprint3_TestCases.C_Verify_FocusMode - Clicking Left Panel Open
11:30:48.240 [TestNG-test=RetryMultipleFailedTestcases-3] INFO  sprint3_TestCases.C_Verify_FocusMode - Verifying Left Side Content Block Panal is displayed
11:30:48.783 [TestNG-test=RetryMultipleFailedTestcases-3] INFO  sprint3_TestCases.C_Verify_FocusMode - Verifying Left Side Content Block Panal is displayed
11:30:48.783 [TestNG-test=RetryMultipleFailedTestcases-3] INFO  sprint3_TestCases.C_Verify_FocusMode - Clicking Left Panel Close
11:30:49.116 [TestNG-test=RetryMultipleFailedTestcases-3] INFO  sprint3_TestCases.C_Verify_FocusMode - verify_FocusMode_LeftPanal_Open test completed successfully.
11:30:55.500 [TestNG-test=RetryMultipleFailedTestcases-4] INFO  sprint3_TestCases.C_Verify_FocusMode - Creating A_Verify_BottomRibbon instance
11:30:55.501 [TestNG-test=RetryMultipleFailedTestcases-4] INFO  sprint3_TestCases.C_Verify_FocusMode - Clicking Focus Mode
11:30:56.014 [TestNG-test=RetryMultipleFailedTestcases-3] INFO  sprint3_TestCases.C_Verify_FocusMode - Starting verify_FocusMode_RightPanal_Open test...
11:30:56.014 [TestNG-test=RetryMultipleFailedTestcases-3] INFO  sprint3_TestCases.C_Verify_FocusMode - ReusableMethods.LoginAndSearchFile_ClickEdit()
11:31:02.416 [TestNG-test=RetryMultipleFailedTestcases-1] INFO  sprint3_TestCases.C_Verify_FocusMode - verify_FocusMode_Enabled test completed successfully.
11:31:08.524 [TestNG-test=RetryMultipleFailedTestcases-1] INFO  sprint3_TestCases.C_Verify_FocusMode - Starting verify_FocusMode_LeftPanal_RightPanal test...
11:31:08.524 [TestNG-test=RetryMultipleFailedTestcases-1] INFO  sprint3_TestCases.C_Verify_FocusMode - ReusableMethods.LoginAndSearchFile_ClickEdit()
11:31:09.476 [TestNG-test=RetryMultipleFailedTestcases-2] INFO  sprint3_TestCases.C_Verify_FocusMode - Creating A_Verify_BottomRibbon instance
11:31:09.477 [TestNG-test=RetryMultipleFailedTestcases-2] INFO  sprint3_TestCases.C_Verify_FocusMode - Clicking Focus Mode
11:31:13.450 [TestNG-test=RetryMultipleFailedTestcases-4] INFO  sprint3_TestCases.C_Verify_FocusMode - Starting verify_FocusMode_OnRefresh test...
11:31:13.450 [TestNG-test=RetryMultipleFailedTestcases-4] INFO  sprint3_TestCases.C_Verify_FocusMode - ReusableMethods.LoginAndSearchFile_ClickEdit()
11:31:21.271 [TestNG-test=RetryMultipleFailedTestcases-3] INFO  sprint3_TestCases.C_Verify_FocusMode - Creating A_Verify_BottomRibbon instance
11:31:21.271 [TestNG-test=RetryMultipleFailedTestcases-3] INFO  sprint3_TestCases.C_Verify_FocusMode - Clicking Focus Mode
11:31:21.865 [TestNG-test=RetryMultipleFailedTestcases-3] INFO  sprint3_TestCases.C_Verify_FocusMode - Clicking Right Panel Open
11:31:22.330 [TestNG-test=RetryMultipleFailedTestcases-3] INFO  sprint3_TestCases.C_Verify_FocusMode - Verifying Right Side Element Panal is displayed
11:31:22.550 [TestNG-test=RetryMultipleFailedTestcases-3] INFO  sprint3_TestCases.C_Verify_FocusMode - Verifying Right Side Element Panal is displayed
11:31:22.551 [TestNG-test=RetryMultipleFailedTestcases-3] INFO  sprint3_TestCases.C_Verify_FocusMode - Clicking Right Panel Close
11:31:23.023 [TestNG-test=RetryMultipleFailedTestcases-3] INFO  sprint3_TestCases.C_Verify_FocusMode - verify_FocusMode_RightPanal_Open test completed successfully.
11:31:27.050 [TestNG-test=RetryMultipleFailedTestcases-2] INFO  sprint3_TestCases.C_Verify_FocusMode - Starting verify_FocusMode_LeftPanal_Close test...
11:31:27.051 [TestNG-test=RetryMultipleFailedTestcases-2] INFO  sprint3_TestCases.C_Verify_FocusMode - ReusableMethods.LoginAndSearchFile_ClickEdit()
11:31:30.324 [TestNG-test=RetryMultipleFailedTestcases-3] INFO  sprint3_TestCases.C_Verify_FocusMode - Starting verify_FocusMode_RightPanal_Close test...
11:31:30.325 [TestNG-test=RetryMultipleFailedTestcases-3] INFO  sprint3_TestCases.C_Verify_FocusMode - ReusableMethods.LoginAndSearchFile_ClickEdit()
11:31:36.764 [TestNG-test=RetryMultipleFailedTestcases-1] INFO  sprint3_TestCases.C_Verify_FocusMode - Creating A_Verify_BottomRibbon instance
11:31:36.765 [TestNG-test=RetryMultipleFailedTestcases-1] INFO  sprint3_TestCases.C_Verify_FocusMode - Clicking Focus Mode
11:31:37.113 [TestNG-test=RetryMultipleFailedTestcases-1] INFO  sprint3_TestCases.C_Verify_FocusMode - Clicking Right Panel Open
11:31:37.622 [TestNG-test=RetryMultipleFailedTestcases-1] INFO  sprint3_TestCases.C_Verify_FocusMode - Verifying Right Side Element Panal is displayed
11:31:37.894 [TestNG-test=RetryMultipleFailedTestcases-1] INFO  sprint3_TestCases.C_Verify_FocusMode - Clicking Left Panel Open
11:31:38.257 [TestNG-test=RetryMultipleFailedTestcases-1] INFO  sprint3_TestCases.C_Verify_FocusMode - Verifying Left Side Content Block Panal is displayed
11:31:39.066 [TestNG-test=RetryMultipleFailedTestcases-1] INFO  sprint3_TestCases.C_Verify_FocusMode - verify_FocusMode_LeftPanal_RightPanal test completed successfully.
11:31:41.852 [TestNG-test=RetryMultipleFailedTestcases-4] INFO  sprint3_TestCases.C_Verify_FocusMode - Creating A_Verify_BottomRibbon instance
11:31:41.852 [TestNG-test=RetryMultipleFailedTestcases-4] INFO  sprint3_TestCases.C_Verify_FocusMode - Clicking Focus Mode
11:31:50.467 [TestNG-test=RetryMultipleFailedTestcases-1] INFO  sprint3_TestCases.C_Verify_FocusMode - Starting verify_FocusMode_LeftPanel_Tooltip test...
11:31:50.468 [TestNG-test=RetryMultipleFailedTestcases-1] INFO  sprint3_TestCases.C_Verify_FocusMode - ReusableMethods.LoginAndSearchFile_ClickEdit()
11:32:00.932 [TestNG-test=RetryMultipleFailedTestcases-4] INFO  sprint3_TestCases.C_Verify_FocusMode - Starting verify_FocusMode_OnRefresh test...
11:32:00.932 [TestNG-test=RetryMultipleFailedTestcases-4] INFO  sprint3_TestCases.C_Verify_FocusMode - ReusableMethods.LoginAndSearchFile_ClickEdit()
11:32:03.692 [TestNG-test=RetryMultipleFailedTestcases-2] INFO  sprint3_TestCases.C_Verify_FocusMode - Creating A_Verify_BottomRibbon instance
11:32:03.693 [TestNG-test=RetryMultipleFailedTestcases-2] INFO  sprint3_TestCases.C_Verify_FocusMode - Clicking Focus Mode
11:32:12.851 [TestNG-test=RetryMultipleFailedTestcases-3] INFO  sprint3_TestCases.C_Verify_FocusMode - Creating A_Verify_BottomRibbon instance
11:32:12.852 [TestNG-test=RetryMultipleFailedTestcases-3] INFO  sprint3_TestCases.C_Verify_FocusMode - Clicking Focus Mode
11:32:13.408 [TestNG-test=RetryMultipleFailedTestcases-3] INFO  sprint3_TestCases.C_Verify_FocusMode - Clicking Right Panel Open
11:32:14.239 [TestNG-test=RetryMultipleFailedTestcases-3] INFO  sprint3_TestCases.C_Verify_FocusMode - Clicking Right Panel Close
11:32:26.791 [TestNG-test=RetryMultipleFailedTestcases-2] INFO  sprint3_TestCases.C_Verify_FocusMode - Starting verify_FocusMode_LeftPanal_Close test...
11:32:26.791 [TestNG-test=RetryMultipleFailedTestcases-2] INFO  sprint3_TestCases.C_Verify_FocusMode - ReusableMethods.LoginAndSearchFile_ClickEdit()
11:32:26.940 [TestNG-test=RetryMultipleFailedTestcases-3] INFO  sprint3_TestCases.C_Verify_FocusMode - Verifying Right Side Element Panal is not displayed
11:32:26.940 [TestNG-test=RetryMultipleFailedTestcases-3] INFO  sprint3_TestCases.C_Verify_FocusMode - verify_FocusMode_RightPanal_Close test completed successfully.
11:32:29.297 [TestNG-test=RetryMultipleFailedTestcases-1] INFO  sprint3_TestCases.C_Verify_FocusMode - Creating A_Verify_BottomRibbon instance
11:32:29.299 [TestNG-test=RetryMultipleFailedTestcases-1] INFO  sprint3_TestCases.C_Verify_FocusMode - Clicking Focus Mode
11:32:32.765 [TestNG-test=RetryMultipleFailedTestcases-1] INFO  sprint3_TestCases.C_Verify_FocusMode - Clicking Right Panel Open
11:32:32.976 [TestNG-test=RetryMultipleFailedTestcases-1] INFO  sprint3_TestCases.C_Verify_FocusMode - Verifying Left Panel Close Tooltip
11:32:33.095 [TestNG-test=RetryMultipleFailedTestcases-1] INFO  sprint3_TestCases.C_Verify_FocusMode - verify_FocusMode_LeftPanel_Tooltip test completed successfully.
11:32:33.671 [TestNG-test=RetryMultipleFailedTestcases-3] INFO  sprint3_TestCases.C_Verify_FocusMode - Starting verify_FocusMode_RightPanel_Tooltip test...
11:32:33.671 [TestNG-test=RetryMultipleFailedTestcases-3] INFO  sprint3_TestCases.C_Verify_FocusMode - ReusableMethods.LoginAndSearchFile_ClickEdit()
11:32:38.952 [TestNG-test=RetryMultipleFailedTestcases-1] INFO  sprint3_TestCases.C_Verify_FocusMode - Starting verify_FocusMode_ZoomOptions test...
11:32:38.952 [TestNG-test=RetryMultipleFailedTestcases-1] INFO  sprint3_TestCases.C_Verify_FocusMode - ReusableMethods.LoginAndSearchFile_ClickEdit()
11:32:41.236 [TestNG-test=RetryMultipleFailedTestcases-4] INFO  sprint3_TestCases.C_Verify_FocusMode - Creating A_Verify_BottomRibbon instance
11:32:41.237 [TestNG-test=RetryMultipleFailedTestcases-4] INFO  sprint3_TestCases.C_Verify_FocusMode - Clicking Focus Mode
11:32:58.050 [TestNG-test=RetryMultipleFailedTestcases-4] INFO  sprint3_TestCases.C_Verify_FocusMode - Starting verify_FocusMode_OnBrowserMinimizeAndMaximize test...
11:32:58.050 [TestNG-test=RetryMultipleFailedTestcases-4] INFO  sprint3_TestCases.C_Verify_FocusMode - ReusableMethods.LoginAndSearchFile_ClickEdit()
11:32:58.721 [TestNG-test=RetryMultipleFailedTestcases-2] INFO  sprint3_TestCases.C_Verify_FocusMode - Creating A_Verify_BottomRibbon instance
11:32:58.723 [TestNG-test=RetryMultipleFailedTestcases-2] INFO  sprint3_TestCases.C_Verify_FocusMode - Clicking Focus Mode
11:33:00.876 [TestNG-test=RetryMultipleFailedTestcases-3] INFO  sprint3_TestCases.C_Verify_FocusMode - Creating A_Verify_BottomRibbon instance
11:33:00.877 [TestNG-test=RetryMultipleFailedTestcases-3] INFO  sprint3_TestCases.C_Verify_FocusMode - Clicking Focus Mode
11:33:04.204 [TestNG-test=RetryMultipleFailedTestcases-3] INFO  sprint3_TestCases.C_Verify_FocusMode - Verifying General attribute label is not displayed
11:33:04.679 [TestNG-test=RetryMultipleFailedTestcases-1] INFO  sprint3_TestCases.C_Verify_FocusMode - Creating A_Verify_BottomRibbon instance
11:33:04.680 [TestNG-test=RetryMultipleFailedTestcases-1] INFO  sprint3_TestCases.C_Verify_FocusMode - Clicking Focus Mode
11:33:05.201 [TestNG-test=RetryMultipleFailedTestcases-1] INFO  sprint3_TestCases.C_Verify_FocusMode - Clicking Zoom Out
11:33:08.045 [TestNG-test=RetryMultipleFailedTestcases-1] INFO  sprint3_TestCases.C_Verify_FocusMode - Clicking Zoom In
11:33:10.052 [TestNG-test=RetryMultipleFailedTestcases-1] INFO  sprint3_TestCases.C_Verify_FocusMode - verify_FocusMode_ZoomOptions test completed successfully.
11:33:13.536 [TestNG-test=RetryMultipleFailedTestcases-2] INFO  sprint3_TestCases.C_Verify_FocusMode - Starting verify_FocusMode_LeftPanal_Close test...
11:33:13.536 [TestNG-test=RetryMultipleFailedTestcases-2] INFO  sprint3_TestCases.C_Verify_FocusMode - ReusableMethods.LoginAndSearchFile_ClickEdit()
11:33:14.351 [TestNG-test=RetryMultipleFailedTestcases-3] INFO  sprint3_TestCases.C_Verify_FocusMode - Verifying Right Panel Open Tooltip
11:33:14.393 [TestNG-test=RetryMultipleFailedTestcases-3] INFO  sprint3_TestCases.C_Verify_FocusMode - Clicking Right Panel Open
11:33:14.580 [TestNG-test=RetryMultipleFailedTestcases-3] INFO  sprint3_TestCases.C_Verify_FocusMode - Verifying Right Panel Close Tooltip
11:33:14.715 [TestNG-test=RetryMultipleFailedTestcases-1] INFO  sprint3_TestCases.C_Verify_FocusMode - Starting verify_FocusModeHighlightd_OnBrowserMinimizeAndMaximize test...
11:33:14.715 [TestNG-test=RetryMultipleFailedTestcases-1] INFO  sprint3_TestCases.C_Verify_FocusMode - ReusableMethods.LoginAndSearchFile_ClickEdit()
11:33:14.809 [TestNG-test=RetryMultipleFailedTestcases-3] INFO  sprint3_TestCases.C_Verify_FocusMode - verify_FocusMode_RightPanel_Tooltip test completed successfully.
11:33:21.428 [TestNG-test=RetryMultipleFailedTestcases-3] INFO  sprint3_TestCases.E_Verify_Zoom_OptionsTC - Starting verify_Zoom_Options_Highlighted test...
11:33:21.428 [TestNG-test=RetryMultipleFailedTestcases-3] INFO  sprint3_TestCases.E_Verify_Zoom_OptionsTC - ReusableMethods.LoginAndSearchFile_ClickEdit()
11:33:27.021 [TestNG-test=RetryMultipleFailedTestcases-4] INFO  sprint3_TestCases.C_Verify_FocusMode - Creating A_Verify_BottomRibbon instance
11:33:27.022 [TestNG-test=RetryMultipleFailedTestcases-4] INFO  sprint3_TestCases.C_Verify_FocusMode - Verifying that Focus Mode is displayed
11:33:42.062 [TestNG-test=RetryMultipleFailedTestcases-4] INFO  sprint3_TestCases.C_Verify_FocusMode - Starting verify_FocusMode_OnBrowserMinimizeAndMaximize test...
11:33:42.062 [TestNG-test=RetryMultipleFailedTestcases-4] INFO  sprint3_TestCases.C_Verify_FocusMode - ReusableMethods.LoginAndSearchFile_ClickEdit()
11:33:45.172 [TestNG-test=RetryMultipleFailedTestcases-2] INFO  sprint3_TestCases.C_Verify_FocusMode - Creating A_Verify_BottomRibbon instance
11:33:45.173 [TestNG-test=RetryMultipleFailedTestcases-2] INFO  sprint3_TestCases.C_Verify_FocusMode - Clicking Focus Mode
11:33:45.992 [TestNG-test=RetryMultipleFailedTestcases-1] INFO  sprint3_TestCases.C_Verify_FocusMode - Creating A_Verify_BottomRibbon instance
11:33:45.993 [TestNG-test=RetryMultipleFailedTestcases-1] INFO  sprint3_TestCases.C_Verify_FocusMode - Clicking Focus Mode
11:33:46.246 [TestNG-test=RetryMultipleFailedTestcases-1] INFO  sprint3_TestCases.C_Verify_FocusMode - Getting style attribute of Focus Mode Highlighted element
11:33:46.417 [TestNG-test=RetryMultipleFailedTestcases-1] INFO  sprint3_TestCases.C_Verify_FocusMode - Verifying Focus Mode is highlighted
11:33:46.418 [TestNG-test=RetryMultipleFailedTestcases-1] INFO  sprint3_TestCases.C_Verify_FocusMode - Changing the browser window size
11:33:47.031 [TestNG-test=RetryMultipleFailedTestcases-1] INFO  sprint3_TestCases.C_Verify_FocusMode - Getting style attribute of Focus Mode Highlighted element after maximizing
11:33:47.529 [TestNG-test=RetryMultipleFailedTestcases-1] INFO  sprint3_TestCases.C_Verify_FocusMode - Verifying Focus Mode is not highlighted after maximizing
11:33:47.530 [TestNG-test=RetryMultipleFailedTestcases-1] INFO  sprint3_TestCases.C_Verify_FocusMode - Verifying that Focus Mode style changed after maximizing
11:33:47.530 [TestNG-test=RetryMultipleFailedTestcases-1] INFO  sprint3_TestCases.C_Verify_FocusMode - verify_FocusModeHighlightd_OnBrowserMinimizeAndMaximize test completed successfully.
11:33:53.921 [TestNG-test=RetryMultipleFailedTestcases-1] INFO  sprint3_TestCases.E_Verify_Zoom_OptionsTC - Starting verify_Zoom_Default_Options test...
11:33:53.921 [TestNG-test=RetryMultipleFailedTestcases-1] INFO  sprint3_TestCases.E_Verify_Zoom_OptionsTC - ReusableMethods.LoginAndSearchFile_ClickEdit()
11:34:03.382 [TestNG-test=RetryMultipleFailedTestcases-2] INFO  sprint3_TestCases.C_Verify_FocusMode - Starting verify_FocusMode_LeftPanal_Close test...
11:34:03.383 [TestNG-test=RetryMultipleFailedTestcases-2] INFO  sprint3_TestCases.C_Verify_FocusMode - ReusableMethods.LoginAndSearchFile_ClickEdit()
11:34:03.989 [TestNG-test=RetryMultipleFailedTestcases-3] INFO  sprint3_TestCases.E_Verify_Zoom_OptionsTC - Creating A_Verify_BottomRibbon instance
11:34:03.989 [TestNG-test=RetryMultipleFailedTestcases-3] INFO  sprint3_TestCases.E_Verify_Zoom_OptionsTC - Verifying Zoom options displayed
11:34:04.059 [TestNG-test=RetryMultipleFailedTestcases-3] INFO  sprint3_TestCases.E_Verify_Zoom_OptionsTC - Getting color of Zoomer element
11:34:04.091 [TestNG-test=RetryMultipleFailedTestcases-3] INFO  sprint3_TestCases.E_Verify_Zoom_OptionsTC - Verifying Zoomer color
11:34:04.091 [TestNG-test=RetryMultipleFailedTestcases-3] INFO  sprint3_TestCases.E_Verify_Zoom_OptionsTC - verify_Zoom_Options_Highlighted test completed successfully.
11:34:09.155 [TestNG-test=RetryMultipleFailedTestcases-3] INFO  sprint3_TestCases.E_Verify_Zoom_OptionsTC - Starting verify_ZoomOptions_AfterRefresh test...
11:34:09.155 [TestNG-test=RetryMultipleFailedTestcases-3] INFO  sprint3_TestCases.E_Verify_Zoom_OptionsTC - ReusableMethods.LoginAndSearchFile_ClickEdit()
11:34:11.039 [TestNG-test=RetryMultipleFailedTestcases-4] INFO  sprint3_TestCases.C_Verify_FocusMode - Creating A_Verify_BottomRibbon instance
11:34:11.040 [TestNG-test=RetryMultipleFailedTestcases-4] INFO  sprint3_TestCases.C_Verify_FocusMode - Verifying that Focus Mode is displayed
11:34:21.267 [TestNG-test=RetryMultipleFailedTestcases-1] INFO  sprint3_TestCases.E_Verify_Zoom_OptionsTC - Creating A_Verify_BottomRibbon instance
11:34:21.268 [TestNG-test=RetryMultipleFailedTestcases-1] INFO  sprint3_TestCases.E_Verify_Zoom_OptionsTC - Verifying Zoom options displayed
11:34:21.385 [TestNG-test=RetryMultipleFailedTestcases-1] INFO  sprint3_TestCases.E_Verify_Zoom_OptionsTC - Waiting for page to load
11:34:21.392 [TestNG-test=RetryMultipleFailedTestcases-1] INFO  sprint3_TestCases.E_Verify_Zoom_OptionsTC - Verifying Zoom Option Default is displayed
11:34:21.563 [TestNG-test=RetryMultipleFailedTestcases-1] INFO  sprint3_TestCases.E_Verify_Zoom_OptionsTC - verify_Zoom_Default_Options test completed successfully.
11:34:26.965 [TestNG-test=RetryMultipleFailedTestcases-1] INFO  sprint3_TestCases.E_Verify_Zoom_OptionsTC - Starting verify_ZoomIn_Options test...
11:34:26.966 [TestNG-test=RetryMultipleFailedTestcases-1] INFO  sprint3_TestCases.E_Verify_Zoom_OptionsTC - ReusableMethods.LoginAndSearchFile_ClickEdit()
11:34:28.419 [TestNG-test=RetryMultipleFailedTestcases-4] INFO  sprint3_TestCases.C_Verify_FocusMode - Starting verify_FocusMode_OnBrowserMinimizeAndMaximize test...
11:34:28.419 [TestNG-test=RetryMultipleFailedTestcases-4] INFO  sprint3_TestCases.C_Verify_FocusMode - ReusableMethods.LoginAndSearchFile_ClickEdit()
11:34:38.024 [TestNG-test=RetryMultipleFailedTestcases-2] INFO  sprint3_TestCases.C_Verify_FocusMode - Creating A_Verify_BottomRibbon instance
11:34:38.025 [TestNG-test=RetryMultipleFailedTestcases-2] INFO  sprint3_TestCases.C_Verify_FocusMode - Clicking Focus Mode
11:34:42.346 [TestNG-test=RetryMultipleFailedTestcases-3] INFO  sprint3_TestCases.E_Verify_Zoom_OptionsTC - Creating A_Verify_BottomRibbon instance
11:34:42.347 [TestNG-test=RetryMultipleFailedTestcases-3] INFO  sprint3_TestCases.E_Verify_Zoom_OptionsTC - Verifying Zoom options before refresh
11:34:42.658 [TestNG-test=RetryMultipleFailedTestcases-3] INFO  sprint3_TestCases.E_Verify_Zoom_OptionsTC - Refreshing the page
11:34:44.251 [TestNG-test=RetryMultipleFailedTestcases-3] INFO  sprint3_TestCases.E_Verify_Zoom_OptionsTC - Verifying Zoom options after refresh
11:34:45.311 [TestNG-test=RetryMultipleFailedTestcases-3] INFO  sprint3_TestCases.E_Verify_Zoom_OptionsTC - verify_ZoomOptions_AfterRefresh test completed successfully.
11:34:54.201 [TestNG-test=RetryMultipleFailedTestcases-2] INFO  sprint3_TestCases.E_Verify_Zoom_OptionsTC - Starting verify_ZoomOptions_100Percentage test...
11:34:54.201 [TestNG-test=RetryMultipleFailedTestcases-2] INFO  sprint3_TestCases.E_Verify_Zoom_OptionsTC - ReusableMethods.LoginAndSearchFile_ClickEdit()
11:34:57.131 [TestNG-test=RetryMultipleFailedTestcases-3] INFO  sprint3_TestCases.E_Verify_Zoom_OptionsTC - Starting verify_ZoomOut_Options test...
11:34:57.131 [TestNG-test=RetryMultipleFailedTestcases-3] INFO  sprint3_TestCases.E_Verify_Zoom_OptionsTC - ReusableMethods.LoginAndSearchFile_ClickEdit()
11:34:59.012 [TestNG-test=RetryMultipleFailedTestcases-4] INFO  sprint3_TestCases.C_Verify_FocusMode - Creating A_Verify_BottomRibbon instance
11:34:59.012 [TestNG-test=RetryMultipleFailedTestcases-4] INFO  sprint3_TestCases.C_Verify_FocusMode - Verifying that Focus Mode is displayed
11:34:59.245 [TestNG-test=RetryMultipleFailedTestcases-1] INFO  sprint3_TestCases.E_Verify_Zoom_OptionsTC - Creating A_Verify_BottomRibbon instance
11:34:59.245 [TestNG-test=RetryMultipleFailedTestcases-1] INFO  sprint3_TestCases.E_Verify_Zoom_OptionsTC - Verifying Zoom In and Zoom Out options
11:34:59.483 [TestNG-test=RetryMultipleFailedTestcases-1] INFO  sprint3_TestCases.E_Verify_Zoom_OptionsTC - Clicking Zoom In multiple times
11:35:03.089 [TestNG-test=RetryMultipleFailedTestcases-1] INFO  sprint3_TestCases.E_Verify_Zoom_OptionsTC - Getting Zoom Option Default text
11:35:03.146 [TestNG-test=RetryMultipleFailedTestcases-1] INFO  sprint3_TestCases.E_Verify_Zoom_OptionsTC - Verifying Zoom In functionality
11:35:03.146 [TestNG-test=RetryMultipleFailedTestcases-1] INFO  sprint3_TestCases.E_Verify_Zoom_OptionsTC - verify_ZoomIn_Options test completed successfully.
11:35:07.591 [TestNG-test=RetryMultipleFailedTestcases-1] INFO  Elements_Testcases.Ad_BottomToolbarTC - Starting verify_BlockView_Enabled test...
11:35:07.591 [TestNG-test=RetryMultipleFailedTestcases-1] INFO  Elements_Testcases.Ad_BottomToolbarTC - ReusableMethods.LoginAndSearchFile_ClickEdit()
11:35:13.911 [TestNG-test=RetryMultipleFailedTestcases-4] INFO  sprint3_TestCases.C_Verify_FocusMode - Starting verify_FocusMode_OnBrowserMinimizeAndMaximize test...
11:35:13.912 [TestNG-test=RetryMultipleFailedTestcases-4] INFO  sprint3_TestCases.C_Verify_FocusMode - ReusableMethods.LoginAndSearchFile_ClickEdit()
11:35:24.594 [TestNG-test=RetryMultipleFailedTestcases-2] INFO  sprint3_TestCases.E_Verify_Zoom_OptionsTC - Creating A_Verify_BottomRibbon instance
11:35:24.595 [TestNG-test=RetryMultipleFailedTestcases-2] INFO  sprint3_TestCases.E_Verify_Zoom_OptionsTC - Getting 100% text
11:35:24.660 [TestNG-test=RetryMultipleFailedTestcases-2] INFO  sprint3_TestCases.E_Verify_Zoom_OptionsTC - Verifying 100% text
11:35:24.660 [TestNG-test=RetryMultipleFailedTestcases-2] INFO  sprint3_TestCases.E_Verify_Zoom_OptionsTC - verify_ZoomOptions_100Percentage test completed successfully.
11:35:30.091 [TestNG-test=RetryMultipleFailedTestcases-3] INFO  sprint3_TestCases.E_Verify_Zoom_OptionsTC - Creating A_Verify_BottomRibbon instance
11:35:30.092 [TestNG-test=RetryMultipleFailedTestcases-3] INFO  sprint3_TestCases.E_Verify_Zoom_OptionsTC - Verifying Zoom In and Zoom Out options
11:35:30.499 [TestNG-test=RetryMultipleFailedTestcases-3] INFO  sprint3_TestCases.E_Verify_Zoom_OptionsTC - Clicking Zoom Out multiple times
11:35:32.768 [TestNG-test=RetryMultipleFailedTestcases-2] INFO  Elements_Testcases.Ad_BottomToolbarTC - Starting verify_BlockView_Enabled test...
11:35:32.768 [TestNG-test=RetryMultipleFailedTestcases-2] INFO  Elements_Testcases.Ad_BottomToolbarTC - ReusableMethods.LoginAndSearchFile_ClickEdit()
11:35:32.877 [TestNG-test=RetryMultipleFailedTestcases-3] INFO  sprint3_TestCases.E_Verify_Zoom_OptionsTC - Verifying Zoom Out options after clicking
11:35:32.982 [TestNG-test=RetryMultipleFailedTestcases-3] INFO  sprint3_TestCases.E_Verify_Zoom_OptionsTC - Getting Zoom Option Default text
11:35:33.071 [TestNG-test=RetryMultipleFailedTestcases-3] INFO  sprint3_TestCases.E_Verify_Zoom_OptionsTC - Verifying Zoom Out functionality
11:35:33.071 [TestNG-test=RetryMultipleFailedTestcases-3] INFO  sprint3_TestCases.E_Verify_Zoom_OptionsTC - verify_ZoomOut_Options test completed successfully.
11:35:36.057 [TestNG-test=RetryMultipleFailedTestcases-1] INFO  Elements_Testcases.Ad_BottomToolbarTC - Creating A_Verify_BottomRibbon instance
11:35:36.064 [TestNG-test=RetryMultipleFailedTestcases-1] INFO  Elements_Testcases.Ad_BottomToolbarTC - Switching to iframe
11:35:36.152 [TestNG-test=RetryMultipleFailedTestcases-1] INFO  Elements_Testcases.Ad_BottomToolbarTC - Verifying section element border is not separated
11:35:36.487 [TestNG-test=RetryMultipleFailedTestcases-1] INFO  Elements_Testcases.Ad_BottomToolbarTC - verify_BlockView_Enabled test completed successfully.
11:35:40.305 [TestNG-test=RetryMultipleFailedTestcases-3] INFO  Elements_Testcases.Ad_BottomToolbarTC - Starting TC_021_verify_SaveFunctionality
11:35:44.232 [TestNG-test=RetryMultipleFailedTestcases-1] INFO  Elements_Testcases.Ad_BottomToolbarTC - Starting verifyWordCountWhileClickingShowHide
11:35:45.090 [TestNG-test=RetryMultipleFailedTestcases-4] INFO  sprint3_TestCases.C_Verify_FocusMode - Creating A_Verify_BottomRibbon instance
11:35:45.091 [TestNG-test=RetryMultipleFailedTestcases-4] INFO  sprint3_TestCases.C_Verify_FocusMode - Verifying that Focus Mode is displayed
11:36:02.380 [TestNG-test=RetryMultipleFailedTestcases-4] INFO  sprint3_TestCases.G_CommonBugsTC - Starting verify_PrintPreviewVisibility_FocusMode test...
11:36:02.380 [TestNG-test=RetryMultipleFailedTestcases-4] INFO  sprint3_TestCases.G_CommonBugsTC - ReusableMethods.LoginAndSearchFile_ClickEdit()
11:36:08.848 [TestNG-test=RetryMultipleFailedTestcases-2] INFO  Elements_Testcases.Ad_BottomToolbarTC - Creating A_Verify_BottomRibbon instance
11:36:08.848 [TestNG-test=RetryMultipleFailedTestcases-2] INFO  Elements_Testcases.Ad_BottomToolbarTC - Switching to iframe
11:36:11.200 [TestNG-test=RetryMultipleFailedTestcases-3] INFO  Elements_Testcases.Ad_BottomToolbarTC - Logged in and searched for a file, then clicked Edit.
11:36:11.200 [TestNG-test=RetryMultipleFailedTestcases-3] INFO  Elements_Testcases.Ad_BottomToolbarTC - Splitting word count text
11:36:11.305 [TestNG-test=RetryMultipleFailedTestcases-3] INFO  Elements_Testcases.Ad_BottomToolbarTC - Switched to frame 0.
11:36:11.426 [TestNG-test=RetryMultipleFailedTestcases-2] INFO  Elements_Testcases.Ad_BottomToolbarTC - Switching to iframe
11:36:12.056 [TestNG-test=RetryMultipleFailedTestcases-3] INFO  Elements_Testcases.Ad_BottomToolbarTC - Performing actions to increase word count
11:36:12.777 [TestNG-test=RetryMultipleFailedTestcases-3] INFO  Elements_Testcases.Ad_BottomToolbarTC - Switched back to default content.
11:36:12.777 [TestNG-test=RetryMultipleFailedTestcases-3] INFO  Elements_Testcases.Ad_BottomToolbarTC - Splitting word count text
11:36:13.033 [TestNG-test=RetryMultipleFailedTestcases-1] INFO  Elements_Testcases.Ad_BottomToolbarTC - Logged in and searched for a file, then clicked Edit.
11:36:13.033 [TestNG-test=RetryMultipleFailedTestcases-1] INFO  Elements_Testcases.Ad_BottomToolbarTC - Splitting word count text
11:36:13.718 [TestNG-test=RetryMultipleFailedTestcases-1] INFO  Elements_Testcases.Ad_BottomToolbarTC - Splitting word count text
11:36:19.320 [TestNG-test=RetryMultipleFailedTestcases-2] INFO  Elements_Testcases.Ad_BottomToolbarTC - Starting verify_BlockView_Enabled test...
11:36:19.320 [TestNG-test=RetryMultipleFailedTestcases-2] INFO  Elements_Testcases.Ad_BottomToolbarTC - ReusableMethods.LoginAndSearchFile_ClickEdit()
11:36:20.985 [TestNG-test=RetryMultipleFailedTestcases-1] INFO  Elements_Testcases.Ad_BottomToolbarTC - Starting verifyWordCountWhileClickingShowHide
11:36:46.822 [TestNG-test=RetryMultipleFailedTestcases-4] INFO  sprint3_TestCases.G_CommonBugsTC - Clicking Focus Mode
11:37:00.233 [TestNG-test=RetryMultipleFailedTestcases-3] INFO  Elements_Testcases.Ad_BottomToolbarTC - Starting TC_021_verify_SaveFunctionality
11:37:04.503 [TestNG-test=RetryMultipleFailedTestcases-4] INFO  sprint3_TestCases.G_CommonBugsTC - Starting verify_PrintPreviewVisibility_FocusMode test...
11:37:04.503 [TestNG-test=RetryMultipleFailedTestcases-4] INFO  sprint3_TestCases.G_CommonBugsTC - ReusableMethods.LoginAndSearchFile_ClickEdit()
11:37:07.706 [TestNG-test=RetryMultipleFailedTestcases-1] INFO  Elements_Testcases.Ad_BottomToolbarTC - Logged in and searched for a file, then clicked Edit.
11:37:07.706 [TestNG-test=RetryMultipleFailedTestcases-1] INFO  Elements_Testcases.Ad_BottomToolbarTC - Splitting word count text
11:37:08.072 [TestNG-test=RetryMultipleFailedTestcases-1] INFO  Elements_Testcases.Ad_BottomToolbarTC - Splitting word count text
11:37:08.100 [TestNG-test=RetryMultipleFailedTestcases-2] INFO  Elements_Testcases.Ad_BottomToolbarTC - Creating A_Verify_BottomRibbon instance
11:37:08.100 [TestNG-test=RetryMultipleFailedTestcases-2] INFO  Elements_Testcases.Ad_BottomToolbarTC - Switching to iframe
11:37:09.347 [TestNG-test=RetryMultipleFailedTestcases-2] INFO  Elements_Testcases.Ad_BottomToolbarTC - Switching to iframe
11:37:13.502 [TestNG-test=RetryMultipleFailedTestcases-1] INFO  Elements_Testcases.Ad_BottomToolbarTC - Starting verifyWordCountWhileClickingShowHide
11:37:17.746 [TestNG-test=RetryMultipleFailedTestcases-2] INFO  Elements_Testcases.Ad_BottomToolbarTC - Starting verify_BlockView_Enabled test...
11:37:17.746 [TestNG-test=RetryMultipleFailedTestcases-2] INFO  Elements_Testcases.Ad_BottomToolbarTC - ReusableMethods.LoginAndSearchFile_ClickEdit()
11:37:27.430 [TestNG-test=RetryMultipleFailedTestcases-3] INFO  Elements_Testcases.Ad_BottomToolbarTC - Logged in and searched for a file, then clicked Edit.
11:37:27.430 [TestNG-test=RetryMultipleFailedTestcases-3] INFO  Elements_Testcases.Ad_BottomToolbarTC - Splitting word count text
11:37:27.529 [TestNG-test=RetryMultipleFailedTestcases-3] INFO  Elements_Testcases.Ad_BottomToolbarTC - Switched to frame 0.
11:37:28.261 [TestNG-test=RetryMultipleFailedTestcases-3] INFO  Elements_Testcases.Ad_BottomToolbarTC - Performing actions to increase word count
11:37:28.803 [TestNG-test=RetryMultipleFailedTestcases-3] INFO  Elements_Testcases.Ad_BottomToolbarTC - Switched back to default content.
11:37:28.803 [TestNG-test=RetryMultipleFailedTestcases-3] INFO  Elements_Testcases.Ad_BottomToolbarTC - Splitting word count text
11:37:31.758 [TestNG-test=RetryMultipleFailedTestcases-4] INFO  sprint3_TestCases.G_CommonBugsTC - Clicking Focus Mode
11:37:39.142 [TestNG-test=RetryMultipleFailedTestcases-1] INFO  Elements_Testcases.Ad_BottomToolbarTC - Logged in and searched for a file, then clicked Edit.
11:37:39.142 [TestNG-test=RetryMultipleFailedTestcases-1] INFO  Elements_Testcases.Ad_BottomToolbarTC - Splitting word count text
11:37:39.530 [TestNG-test=RetryMultipleFailedTestcases-1] INFO  Elements_Testcases.Ad_BottomToolbarTC - Splitting word count text
11:37:42.631 [TestNG-test=RetryMultipleFailedTestcases-2] INFO  Elements_Testcases.Ad_BottomToolbarTC - Creating A_Verify_BottomRibbon instance
11:37:42.631 [TestNG-test=RetryMultipleFailedTestcases-2] INFO  Elements_Testcases.Ad_BottomToolbarTC - Switching to iframe
11:37:44.591 [TestNG-test=RetryMultipleFailedTestcases-2] INFO  Elements_Testcases.Ad_BottomToolbarTC - Switching to iframe
11:37:44.812 [TestNG-test=RetryMultipleFailedTestcases-1] INFO  Elements_Testcases.Ad_BottomToolbarTC - Starting verifyWordCountWhileClickingShowHide
11:37:48.550 [TestNG-test=RetryMultipleFailedTestcases-4] INFO  sprint3_TestCases.G_CommonBugsTC - Starting verify_PrintPreviewVisibility_FocusMode test...
11:37:48.550 [TestNG-test=RetryMultipleFailedTestcases-4] INFO  sprint3_TestCases.G_CommonBugsTC - ReusableMethods.LoginAndSearchFile_ClickEdit()
11:37:55.542 [TestNG-test=RetryMultipleFailedTestcases-2] INFO  Elements_Testcases.Ad_BottomToolbarTC - Starting verify_BlockView_Enabled test...
11:37:55.543 [TestNG-test=RetryMultipleFailedTestcases-2] INFO  Elements_Testcases.Ad_BottomToolbarTC - ReusableMethods.LoginAndSearchFile_ClickEdit()
11:38:15.395 [TestNG-test=RetryMultipleFailedTestcases-3] INFO  Elements_Testcases.Ad_BottomToolbarTC - Starting TC_021_verify_SaveFunctionality
11:38:22.496 [TestNG-test=RetryMultipleFailedTestcases-1] INFO  Elements_Testcases.Ad_BottomToolbarTC - Logged in and searched for a file, then clicked Edit.
11:38:22.496 [TestNG-test=RetryMultipleFailedTestcases-1] INFO  Elements_Testcases.Ad_BottomToolbarTC - Splitting word count text
11:38:23.250 [TestNG-test=RetryMultipleFailedTestcases-1] INFO  Elements_Testcases.Ad_BottomToolbarTC - Splitting word count text
11:38:27.242 [TestNG-test=RetryMultipleFailedTestcases-4] INFO  sprint3_TestCases.G_CommonBugsTC - Clicking Focus Mode
11:38:27.249 [TestNG-test=RetryMultipleFailedTestcases-2] INFO  Elements_Testcases.Ad_BottomToolbarTC - Creating A_Verify_BottomRibbon instance
11:38:27.249 [TestNG-test=RetryMultipleFailedTestcases-2] INFO  Elements_Testcases.Ad_BottomToolbarTC - Switching to iframe
11:38:28.852 [TestNG-test=RetryMultipleFailedTestcases-2] INFO  Elements_Testcases.Ad_BottomToolbarTC - Switching to iframe
11:38:32.822 [TestNG-test=RetryMultipleFailedTestcases-1] INFO  sprint3_TestCases.G_CommonBugsTC - Starting verify_WordCount_AfterTrackChanges test...
11:38:32.823 [TestNG-test=RetryMultipleFailedTestcases-1] INFO  sprint3_TestCases.G_CommonBugsTC - ReusableMethods.LoginAndSearchFile_ClickEdit()
11:38:41.466 [TestNG-test=RetryMultipleFailedTestcases-3] INFO  Elements_Testcases.Ad_BottomToolbarTC - Logged in and searched for a file, then clicked Edit.
11:38:41.467 [TestNG-test=RetryMultipleFailedTestcases-3] INFO  Elements_Testcases.Ad_BottomToolbarTC - Splitting word count text
11:38:41.583 [TestNG-test=RetryMultipleFailedTestcases-3] INFO  Elements_Testcases.Ad_BottomToolbarTC - Switched to frame 0.
11:38:42.100 [TestNG-test=RetryMultipleFailedTestcases-3] INFO  Elements_Testcases.Ad_BottomToolbarTC - Performing actions to increase word count
11:38:42.499 [TestNG-test=RetryMultipleFailedTestcases-3] INFO  Elements_Testcases.Ad_BottomToolbarTC - Switched back to default content.
11:38:42.499 [TestNG-test=RetryMultipleFailedTestcases-3] INFO  Elements_Testcases.Ad_BottomToolbarTC - Splitting word count text
11:38:45.996 [TestNG-test=RetryMultipleFailedTestcases-4] INFO  sprint3_TestCases.G_CommonBugsTC - Starting verify_PrintPreviewVisibility_FocusMode test...
11:38:45.996 [TestNG-test=RetryMultipleFailedTestcases-4] INFO  sprint3_TestCases.G_CommonBugsTC - ReusableMethods.LoginAndSearchFile_ClickEdit()
11:39:08.482 [TestNG-test=RetryMultipleFailedTestcases-1] INFO  sprint3_TestCases.G_CommonBugsTC - Creating CommonBugs instance
11:39:08.488 [TestNG-test=RetryMultipleFailedTestcases-1] INFO  sprint3_TestCases.G_CommonBugsTC - Getting initial word count
11:39:08.534 [TestNG-test=RetryMultipleFailedTestcases-1] INFO  sprint3_TestCases.G_CommonBugsTC - Word Count: 8701
11:39:08.534 [TestNG-test=RetryMultipleFailedTestcases-1] INFO  sprint3_TestCases.G_CommonBugsTC - Switching to frame
11:39:08.550 [TestNG-test=RetryMultipleFailedTestcases-1] INFO  sprint3_TestCases.G_CommonBugsTC - Modifying content and accepting change
11:39:13.474 [TestNG-test=RetryMultipleFailedTestcases-1] INFO  sprint3_TestCases.G_CommonBugsTC - Getting word count after changes
11:39:13.533 [TestNG-test=RetryMultipleFailedTestcases-1] INFO  sprint3_TestCases.G_CommonBugsTC - verify_WordCount_AfterTrackChanges test completed successfully.
11:39:22.610 [TestNG-test=RetryMultipleFailedTestcases-4] INFO  sprint3_TestCases.G_CommonBugsTC - Clicking Focus Mode
11:39:28.424 [TestNG-test=RetryMultipleFailedTestcases-3] INFO  Elements_Testcases.Ad_BottomToolbarTC - Starting TC_021_verify_SaveFunctionality
11:39:51.102 [TestNG-test=RetryMultipleFailedTestcases-3] INFO  Elements_Testcases.Ad_BottomToolbarTC - Logged in and searched for a file, then clicked Edit.
11:39:51.102 [TestNG-test=RetryMultipleFailedTestcases-3] INFO  Elements_Testcases.Ad_BottomToolbarTC - Splitting word count text
11:39:51.260 [TestNG-test=RetryMultipleFailedTestcases-3] INFO  Elements_Testcases.Ad_BottomToolbarTC - Switched to frame 0.
11:39:51.607 [TestNG-test=RetryMultipleFailedTestcases-3] INFO  Elements_Testcases.Ad_BottomToolbarTC - Performing actions to increase word count
11:39:51.827 [TestNG-test=RetryMultipleFailedTestcases-3] INFO  Elements_Testcases.Ad_BottomToolbarTC - Switched back to default content.
11:39:51.827 [TestNG-test=RetryMultipleFailedTestcases-3] INFO  Elements_Testcases.Ad_BottomToolbarTC - Splitting word count text
23:03:10.139 [main] INFO  sprint3_TestCases.C_Verify_FocusMode - Starting verify_FocusMode_Tooltip test...
23:03:10.144 [main] INFO  sprint3_TestCases.C_Verify_FocusMode - ReusableMethods.LoginAndSearchFile_ClickEdit()
23:03:40.524 [main] INFO  sprint3_TestCases.C_Verify_FocusMode - Creating A_Verify_BottomRibbon instance
23:03:40.537 [main] INFO  sprint3_TestCases.C_Verify_FocusMode - Clicking Focus Mode
23:03:40.817 [main] INFO  sprint3_TestCases.C_Verify_FocusMode - Moving to Focus Mode element to trigger tooltip
23:03:41.108 [main] INFO  sprint3_TestCases.C_Verify_FocusMode - Getting tooltip inner text
23:03:41.222 [main] INFO  sprint3_TestCases.C_Verify_FocusMode - Verifying tooltip is displayed
23:03:41.227 [main] INFO  sprint3_TestCases.C_Verify_FocusMode - verify_FocusMode_Tooltip test completed successfully.
23:04:56.521 [TestNG-test=RetryMultipleFailedTestcases-1] INFO  sprint3_TestCases.A_Verify_BottomRibbonTC - Starting verify_ButtomRibbon test...
23:04:56.535 [TestNG-test=RetryMultipleFailedTestcases-1] INFO  sprint3_TestCases.A_Verify_BottomRibbonTC - ReusableMethods.LoginAndSearchFile_ClickEdit()
23:04:56.570 [TestNG-test=RetryMultipleFailedTestcases-4] INFO  sprint3_TestCases.A_Verify_BottomRibbonTC - Starting veriy_Bottom_Tooltip_Expand test...
23:04:56.570 [TestNG-test=RetryMultipleFailedTestcases-4] INFO  sprint3_TestCases.A_Verify_BottomRibbonTC - ReusableMethods.LoginAndSearchFile_ClickEdit()
23:04:56.521 [TestNG-test=RetryMultipleFailedTestcases-2] INFO  sprint3_TestCases.A_Verify_BottomRibbonTC - Starting verify_ButtomRibbon_AfterRefresh test...
23:04:56.572 [TestNG-test=RetryMultipleFailedTestcases-2] INFO  sprint3_TestCases.A_Verify_BottomRibbonTC - ReusableMethods.LoginAndSearchFile_ClickEdit()
23:04:58.966 [TestNG-test=RetryMultipleFailedTestcases-3] INFO  sprint3_TestCases.A_Verify_BottomRibbonTC - Starting verify_Buttom_Tooltip_Collapse test...
23:04:58.966 [TestNG-test=RetryMultipleFailedTestcases-3] INFO  sprint3_TestCases.A_Verify_BottomRibbonTC - ReusableMethods.LoginAndSearchFile_ClickEdit()
23:05:29.346 [TestNG-test=RetryMultipleFailedTestcases-2] INFO  sprint3_TestCases.A_Verify_BottomRibbonTC - Creating A_Verify_BottomRibbon instance
23:05:29.377 [TestNG-test=RetryMultipleFailedTestcases-2] INFO  sprint3_TestCases.A_Verify_BottomRibbonTC - Asserting isBottomRibbonButtonDisplayed()
23:05:29.465 [TestNG-test=RetryMultipleFailedTestcases-3] INFO  sprint3_TestCases.A_Verify_BottomRibbonTC - Creating A_Verify_BottomRibbon instance
23:05:29.470 [TestNG-test=RetryMultipleFailedTestcases-3] INFO  sprint3_TestCases.A_Verify_BottomRibbonTC - Getting tooltip text for CloseButton
23:05:29.736 [TestNG-test=RetryMultipleFailedTestcases-3] INFO  sprint3_TestCases.A_Verify_BottomRibbonTC - Asserting tooltip text
23:05:29.743 [TestNG-test=RetryMultipleFailedTestcases-3] INFO  sprint3_TestCases.A_Verify_BottomRibbonTC - verify_Buttom_Tooltip_Collapse test completed successfully.
23:05:29.833 [TestNG-test=RetryMultipleFailedTestcases-1] INFO  sprint3_TestCases.A_Verify_BottomRibbonTC - Creating A_Verify_BottomRibbon instance
23:05:29.841 [TestNG-test=RetryMultipleFailedTestcases-1] INFO  sprint3_TestCases.A_Verify_BottomRibbonTC - Asserting isBottomRibbonButtonDisplayed()
23:05:29.946 [TestNG-test=RetryMultipleFailedTestcases-1] INFO  sprint3_TestCases.A_Verify_BottomRibbonTC - Asserting isBottomRibbonLabelDisplayed()
23:05:30.061 [TestNG-test=RetryMultipleFailedTestcases-1] INFO  sprint3_TestCases.A_Verify_BottomRibbonTC - verify_ButtomRibbon test completed successfully.
23:05:31.498 [TestNG-test=RetryMultipleFailedTestcases-4] INFO  sprint3_TestCases.A_Verify_BottomRibbonTC - Creating A_Verify_BottomRibbon instance
23:05:31.500 [TestNG-test=RetryMultipleFailedTestcases-4] INFO  sprint3_TestCases.A_Verify_BottomRibbonTC - Getting tooltip text for OpenButton
23:05:37.386 [TestNG-test=RetryMultipleFailedTestcases-3] INFO  sprint3_TestCases.A_Verify_BottomRibbonTC - Starting verify_BottomRibbon_options test...
23:05:37.387 [TestNG-test=RetryMultipleFailedTestcases-3] INFO  sprint3_TestCases.A_Verify_BottomRibbonTC - ReusableMethods.LoginAndSearchFile_ClickEdit()
23:05:38.857 [TestNG-test=RetryMultipleFailedTestcases-1] INFO  sprint3_TestCases.A_Verify_BottomRibbonTC - Starting verify_Version test...
23:05:38.859 [TestNG-test=RetryMultipleFailedTestcases-1] INFO  sprint3_TestCases.A_Verify_BottomRibbonTC - Initialized A_HomePage
23:05:39.026 [TestNG-test=RetryMultipleFailedTestcases-1] INFO  sprint3_TestCases.A_Verify_BottomRibbonTC - Entered username: rrnajan1@innodata.com
23:05:39.097 [TestNG-test=RetryMultipleFailedTestcases-1] INFO  sprint3_TestCases.A_Verify_BottomRibbonTC - Entered password
23:05:41.612 [TestNG-test=RetryMultipleFailedTestcases-1] INFO  sprint3_TestCases.A_Verify_BottomRibbonTC - Clicked Login Button
23:05:41.614 [TestNG-test=RetryMultipleFailedTestcases-1] INFO  sprint3_TestCases.A_Verify_BottomRibbonTC - Set page load timeout
23:05:41.693 [TestNG-test=RetryMultipleFailedTestcases-1] INFO  sprint3_TestCases.A_Verify_BottomRibbonTC - Clicked Select Project
23:05:42.932 [TestNG-test=RetryMultipleFailedTestcases-1] INFO  sprint3_TestCases.A_Verify_BottomRibbonTC - Clicked Project
23:05:43.879 [TestNG-test=RetryMultipleFailedTestcases-1] INFO  sprint3_TestCases.A_Verify_BottomRibbonTC - Clicked File List
23:05:43.986 [TestNG-test=RetryMultipleFailedTestcases-1] INFO  sprint3_TestCases.A_Verify_BottomRibbonTC - Entered file name: 7.2
23:05:43.999 [TestNG-test=RetryMultipleFailedTestcases-1] INFO  sprint3_TestCases.A_Verify_BottomRibbonTC - Pressed Enter key
23:05:44.446 [TestNG-test=RetryMultipleFailedTestcases-2] INFO  sprint3_TestCases.A_Verify_BottomRibbonTC - Starting verify_ButtomRibbon_AfterRefresh test...
23:05:44.446 [TestNG-test=RetryMultipleFailedTestcases-2] INFO  sprint3_TestCases.A_Verify_BottomRibbonTC - ReusableMethods.LoginAndSearchFile_ClickEdit()
23:05:46.013 [TestNG-test=RetryMultipleFailedTestcases-1] INFO  sprint3_TestCases.A_Verify_BottomRibbonTC - Waited for 2000 milliseconds
23:05:46.017 [TestNG-test=RetryMultipleFailedTestcases-1] INFO  sprint3_TestCases.A_Verify_BottomRibbonTC - Initialized A_Verify_BottomRibbon
23:05:46.071 [TestNG-test=RetryMultipleFailedTestcases-1] INFO  sprint3_TestCases.A_Verify_BottomRibbonTC - Version is displayed
23:05:46.109 [TestNG-test=RetryMultipleFailedTestcases-1] INFO  sprint3_TestCases.A_Verify_BottomRibbonTC - Version text: 1.0.0.0
23:05:48.116 [TestNG-test=RetryMultipleFailedTestcases-1] INFO  sprint3_TestCases.A_Verify_BottomRibbonTC - Waited for 2000 milliseconds
23:05:48.232 [TestNG-test=RetryMultipleFailedTestcases-4] INFO  sprint3_TestCases.A_Verify_BottomRibbonTC - Starting veriy_Bottom_Tooltip_Expand test...
23:05:48.232 [TestNG-test=RetryMultipleFailedTestcases-4] INFO  sprint3_TestCases.A_Verify_BottomRibbonTC - ReusableMethods.LoginAndSearchFile_ClickEdit()
23:05:48.391 [TestNG-test=RetryMultipleFailedTestcases-1] INFO  sprint3_TestCases.A_Verify_BottomRibbonTC - Clicked edit file button using JavaScript Executor
23:05:48.439 [TestNG-test=RetryMultipleFailedTestcases-1] INFO  sprint3_TestCases.A_Verify_BottomRibbonTC - Switched to the new window
23:06:08.204 [TestNG-test=RetryMultipleFailedTestcases-1] INFO  sprint3_TestCases.A_Verify_BottomRibbonTC - Clicked reset button using JavaScript Executor
23:06:08.517 [TestNG-test=RetryMultipleFailedTestcases-1] INFO  sprint3_TestCases.A_Verify_BottomRibbonTC - Clicked confirm button using JavaScript Executor
23:06:08.786 [TestNG-test=RetryMultipleFailedTestcases-3] INFO  sprint3_TestCases.A_Verify_BottomRibbonTC - Creating A_Verify_BottomRibbon instance
23:06:08.787 [TestNG-test=RetryMultipleFailedTestcases-3] INFO  sprint3_TestCases.A_Verify_BottomRibbonTC - Asserting isBottomRibbonLabelDisplayed()
23:06:08.851 [TestNG-test=RetryMultipleFailedTestcases-3] INFO  sprint3_TestCases.A_Verify_BottomRibbonTC - Asserting isVersionDisplayed()
23:06:08.919 [TestNG-test=RetryMultipleFailedTestcases-3] INFO  sprint3_TestCases.A_Verify_BottomRibbonTC - Asserting isWordCountDisplayed()
23:06:08.971 [TestNG-test=RetryMultipleFailedTestcases-3] INFO  sprint3_TestCases.A_Verify_BottomRibbonTC - Asserting isVeiwsDisplayed()
23:06:09.034 [TestNG-test=RetryMultipleFailedTestcases-3] INFO  sprint3_TestCases.A_Verify_BottomRibbonTC - Asserting isZoomOptionsDisplayed()
23:06:09.102 [TestNG-test=RetryMultipleFailedTestcases-3] INFO  sprint3_TestCases.A_Verify_BottomRibbonTC - verify_BottomRibbon_options test completed successfully.
23:06:10.521 [TestNG-test=RetryMultipleFailedTestcases-1] INFO  sprint3_TestCases.A_Verify_BottomRibbonTC - Waited for 2000 milliseconds
23:06:15.033 [TestNG-test=RetryMultipleFailedTestcases-3] INFO  sprint3_TestCases.A_Verify_BottomRibbonTC - Starting verify_FocusView test...
23:06:15.033 [TestNG-test=RetryMultipleFailedTestcases-3] INFO  sprint3_TestCases.A_Verify_BottomRibbonTC - ReusableMethods.LoginAndSearchFile_ClickEdit()
23:06:16.733 [TestNG-test=RetryMultipleFailedTestcases-1] INFO  sprint3_TestCases.A_Verify_BottomRibbonTC - Version text from the second element: Version:
1.0.0.0
23:06:16.733 [TestNG-test=RetryMultipleFailedTestcases-1] INFO  sprint3_TestCases.A_Verify_BottomRibbonTC - Comparing numeric parts
