10:12:55.485 [TestNG-test=RetryMultipleFailedTestcases-1] INFO  c_testCases.F4_TableTC - Clicked on Table Properties tab.
10:12:55.539 [TestNG-test=RetryMultipleFailedTestcases-1] INFO  c_testCases.F4_TableTC - Column count before deletion is 2.
10:12:56.038 [TestNG-test=RetryMultipleFailedTestcases-1] INFO  c_testCases.F4_TableTC - Clicked Delete Column.
10:12:56.227 [TestNG-test=RetryMultipleFailedTestcases-1] INFO  c_testCases.F4_TableTC - Switched to frame 0.
10:12:56.552 [TestNG-test=RetryMultipleFailedTestcases-1] INFO  c_testCases.F4_TableTC - Clicked on the first cell of the existing table.
10:12:56.782 [TestNG-test=RetryMultipleFailedTestcases-1] INFO  c_testCases.F4_TableTC - Clicked Accept Change.
10:13:03.747 [TestNG-test=RetryMultipleFailedTestcases-1] INFO  c_testCases.F4_TableTC - Starting DeleteColumn_ExistingTable
10:13:06.811 [TestNG-test=RetryMultipleFailedTestcases-3] INFO  c_testCases.F4_TableTC - Logged in, searched for a file, and clicked Edit.
10:13:06.812 [TestNG-test=RetryMultipleFailedTestcases-3] INFO  c_testCases.F4_TableTC - Created F4_Table instance.
10:13:07.002 [TestNG-test=RetryMultipleFailedTestcases-3] INFO  c_testCases.F4_TableTC - Switched to frame 0.
10:13:07.863 [TestNG-test=RetryMultipleFailedTestcases-3] INFO  c_testCases.F4_TableTC - Clicked on the first cell of the existing table.
10:13:07.921 [TestNG-test=RetryMultipleFailedTestcases-3] INFO  c_testCases.F4_TableTC - Switched back to default content.
10:13:08.190 [TestNG-test=RetryMultipleFailedTestcases-3] INFO  c_testCases.F4_TableTC - Clicked on Table Properties tab.
10:13:08.248 [TestNG-test=RetryMultipleFailedTestcases-3] INFO  c_testCases.F4_TableTC - Row count before deletion is 3.
10:13:09.015 [TestNG-test=RetryMultipleFailedTestcases-3] INFO  c_testCases.F4_TableTC - Clicked Delete Row.
10:13:09.205 [TestNG-test=RetryMultipleFailedTestcases-4] INFO  c_testCases.F4_TableTC - Logged in, searched for a file, and clicked Edit.
10:13:09.205 [TestNG-test=RetryMultipleFailedTestcases-4] INFO  c_testCases.F4_TableTC - Created F4_Table instance.
10:13:09.209 [TestNG-test=RetryMultipleFailedTestcases-3] INFO  c_testCases.F4_TableTC - Switched to frame 0.
10:13:09.229 [TestNG-test=RetryMultipleFailedTestcases-4] INFO  c_testCases.F4_TableTC - Switched to frame 0.
10:13:10.018 [TestNG-test=RetryMultipleFailedTestcases-3] INFO  c_testCases.F4_TableTC - Clicked on the first cell of the existing table.
10:13:10.074 [TestNG-test=RetryMultipleFailedTestcases-4] INFO  c_testCases.F4_TableTC - Clicked on an existing table cell.
10:13:10.215 [TestNG-test=RetryMultipleFailedTestcases-4] INFO  c_testCases.F4_TableTC - Table is added in the visual editor.
10:13:10.218 [TestNG-test=RetryMultipleFailedTestcases-4] INFO  c_testCases.F4_TableTC - Switched back to default content.
10:13:10.494 [TestNG-test=RetryMultipleFailedTestcases-4] INFO  c_testCases.F4_TableTC - Clicked on Table Properties tab.
10:13:10.754 [TestNG-test=RetryMultipleFailedTestcases-3] INFO  c_testCases.F4_TableTC - Clicked Accept Change.
10:13:11.396 [TestNG-test=RetryMultipleFailedTestcases-3] INFO  c_testCases.F4_TableTC - Row count after deletion is 2.
10:13:11.396 [TestNG-test=RetryMultipleFailedTestcases-3] INFO  c_testCases.F4_TableTC - Finished DeleteRow_ExistingTable
10:13:13.072 [TestNG-test=RetryMultipleFailedTestcases-4] INFO  c_testCases.F4_TableTC - Clicked on the deleted table.
10:13:17.198 [TestNG-test=RetryMultipleFailedTestcases-4] INFO  c_testCases.F4_TableTC - Clicked on an existing table cell again.
10:13:18.531 [TestNG-test=RetryMultipleFailedTestcases-4] INFO  c_testCases.F4_TableTC - Clicked Accept Change.
10:13:18.726 [TestNG-test=RetryMultipleFailedTestcases-3] INFO  c_testCases.F4_TableTC - Starting EnterKey_SelectingTable
10:13:21.413 [TestNG-test=RetryMultipleFailedTestcases-2] INFO  c_testCases.F4_TableTC - Logged in, searched for a file, and clicked Edit.
10:13:21.413 [TestNG-test=RetryMultipleFailedTestcases-2] INFO  c_testCases.F4_TableTC - Created F4_Table instance.
10:13:29.613 [TestNG-test=RetryMultipleFailedTestcases-2] INFO  c_testCases.F4_TableTC - Inserted a new table.
10:13:29.958 [TestNG-test=RetryMultipleFailedTestcases-2] INFO  c_testCases.F4_TableTC - Clicked Accept Change.
10:13:30.025 [TestNG-test=RetryMultipleFailedTestcases-2] INFO  c_testCases.F4_TableTC - Switched to frame 0.
10:13:30.624 [TestNG-test=RetryMultipleFailedTestcases-2] INFO  c_testCases.F4_TableTC - Clicked on the first cell of the inserted table.
10:13:30.704 [TestNG-test=RetryMultipleFailedTestcases-2] INFO  c_testCases.F4_TableTC - Table is added in the visual editor.
10:13:30.706 [TestNG-test=RetryMultipleFailedTestcases-2] INFO  c_testCases.F4_TableTC - Switched back to default content.
10:13:31.803 [TestNG-test=RetryMultipleFailedTestcases-2] INFO  c_testCases.F4_TableTC - Clicked on the deleted table.
10:13:33.870 [TestNG-test=RetryMultipleFailedTestcases-2] INFO  c_testCases.F4_TableTC - Clicked on the table data filter.
10:13:34.702 [TestNG-test=RetryMultipleFailedTestcases-2] INFO  c_testCases.F4_TableTC - Clicked Accept Change.
10:13:47.570 [TestNG-test=RetryMultipleFailedTestcases-1] INFO  c_testCases.F4_TableTC - Logged in, searched for a file, and clicked Edit.
10:13:47.570 [TestNG-test=RetryMultipleFailedTestcases-1] INFO  c_testCases.F4_TableTC - Created F4_Table instance.
10:13:47.594 [TestNG-test=RetryMultipleFailedTestcases-1] INFO  c_testCases.F4_TableTC - Switched to frame 0.
10:13:48.656 [TestNG-test=RetryMultipleFailedTestcases-1] INFO  c_testCases.F4_TableTC - Clicked on the first cell of the existing table.
10:13:48.750 [TestNG-test=RetryMultipleFailedTestcases-1] INFO  c_testCases.F4_TableTC - Switched back to default content.
10:13:48.996 [TestNG-test=RetryMultipleFailedTestcases-1] INFO  c_testCases.F4_TableTC - Clicked on Table Properties tab.
10:13:49.032 [TestNG-test=RetryMultipleFailedTestcases-1] INFO  c_testCases.F4_TableTC - Column count before deletion is 2.
10:13:49.386 [TestNG-test=RetryMultipleFailedTestcases-1] INFO  c_testCases.F4_TableTC - Clicked Delete Column.
10:13:49.451 [TestNG-test=RetryMultipleFailedTestcases-1] INFO  c_testCases.F4_TableTC - Switched to frame 0.
10:13:49.803 [TestNG-test=RetryMultipleFailedTestcases-1] INFO  c_testCases.F4_TableTC - Clicked on the first cell of the existing table.
10:13:49.991 [TestNG-test=RetryMultipleFailedTestcases-1] INFO  c_testCases.F4_TableTC - Clicked Accept Change.
10:13:56.291 [TestNG-test=RetryMultipleFailedTestcases-1] INFO  c_testCases.F4_TableTC - Starting DeleteColumn_ExistingTable
10:13:59.727 [TestNG-test=RetryMultipleFailedTestcases-4] INFO  c_testCases.F4_TableTC - After deleting table, there is no table in the visual editor.
10:13:59.727 [TestNG-test=RetryMultipleFailedTestcases-4] INFO  c_testCases.F4_TableTC - Finished DeleteTableandVerify_ExistingTable
10:14:01.265 [TestNG-test=RetryMultipleFailedTestcases-3] INFO  c_testCases.F4_TableTC - Logged in, searched for a file, and clicked Edit.
10:14:01.266 [TestNG-test=RetryMultipleFailedTestcases-3] INFO  c_testCases.F4_TableTC - Created F4_Table instance.
10:14:06.383 [TestNG-test=RetryMultipleFailedTestcases-4] INFO  c_testCases.F4_TableTC - Starting InsertList_NewTable
10:14:09.781 [TestNG-test=RetryMultipleFailedTestcases-3] INFO  c_testCases.F4_TableTC - Inserted a new table.
10:14:10.190 [TestNG-test=RetryMultipleFailedTestcases-3] INFO  c_testCases.F4_TableTC - Clicked Accept Change.
10:14:10.255 [TestNG-test=RetryMultipleFailedTestcases-3] INFO  c_testCases.F4_TableTC - Switched to frame 0.
10:14:10.807 [TestNG-test=RetryMultipleFailedTestcases-3] INFO  c_testCases.F4_TableTC - Clicked on the first cell of the inserted table.
10:14:10.846 [TestNG-test=RetryMultipleFailedTestcases-3] INFO  c_testCases.F4_TableTC - Switched back to default content.
10:14:11.207 [TestNG-test=RetryMultipleFailedTestcases-3] INFO  c_testCases.F4_TableTC - Clicked on the DS Table button.
10:14:11.434 [TestNG-test=RetryMultipleFailedTestcases-3] INFO  c_testCases.F4_TableTC - Pressed Enter key.
10:14:11.434 [TestNG-test=RetryMultipleFailedTestcases-3] INFO  c_testCases.F4_TableTC - Insert After Popup is present.
10:14:11.434 [TestNG-test=RetryMultipleFailedTestcases-3] INFO  c_testCases.F4_TableTC - Finished EnterKey_SelectingTable
10:14:15.436 [TestNG-test=RetryMultipleFailedTestcases-2] INFO  c_testCases.F4_TableTC - After deleting table, there is no table in the visual editor.
10:14:15.436 [TestNG-test=RetryMultipleFailedTestcases-2] INFO  c_testCases.F4_TableTC - Finished DeleteTableandVerify_NewTable
10:14:21.794 [TestNG-test=RetryMultipleFailedTestcases-2] INFO  c_testCases.F4_TableTC - Starting InsertList_NewTable
10:14:23.621 [TestNG-test=RetryMultipleFailedTestcases-1] INFO  c_testCases.F4_TableTC - Logged in, searched for a file, and clicked Edit.
10:14:23.622 [TestNG-test=RetryMultipleFailedTestcases-1] INFO  c_testCases.F4_TableTC - Created F4_Table instance.
10:14:23.646 [TestNG-test=RetryMultipleFailedTestcases-1] INFO  c_testCases.F4_TableTC - Switched to frame 0.
10:14:24.377 [TestNG-test=RetryMultipleFailedTestcases-1] INFO  c_testCases.F4_TableTC - Clicked on the first cell of the existing table.
10:14:24.425 [TestNG-test=RetryMultipleFailedTestcases-1] INFO  c_testCases.F4_TableTC - Switched back to default content.
10:14:24.622 [TestNG-test=RetryMultipleFailedTestcases-1] INFO  c_testCases.F4_TableTC - Clicked on Table Properties tab.
10:14:24.669 [TestNG-test=RetryMultipleFailedTestcases-1] INFO  c_testCases.F4_TableTC - Column count before deletion is 2.
10:14:25.044 [TestNG-test=RetryMultipleFailedTestcases-1] INFO  c_testCases.F4_TableTC - Clicked Delete Column.
10:14:25.127 [TestNG-test=RetryMultipleFailedTestcases-1] INFO  c_testCases.F4_TableTC - Switched to frame 0.
10:14:25.662 [TestNG-test=RetryMultipleFailedTestcases-1] INFO  c_testCases.F4_TableTC - Clicked on the first cell of the existing table.
10:14:25.902 [TestNG-test=RetryMultipleFailedTestcases-1] INFO  c_testCases.F4_TableTC - Clicked Accept Change.
10:14:34.662 [TestNG-test=RetryMultipleFailedTestcases-1] INFO  c_testCases.F4_TableTC - Starting DeleteColumn_ExistingTable
10:14:39.557 [TestNG-test=RetryMultipleFailedTestcases-4] INFO  c_testCases.F4_TableTC - Logged in, searched for a file, and clicked Edit.
10:14:39.558 [TestNG-test=RetryMultipleFailedTestcases-4] INFO  c_testCases.F4_TableTC - Created F4_Table instance.
10:14:48.508 [TestNG-test=RetryMultipleFailedTestcases-4] INFO  c_testCases.F4_TableTC - Inserted a new table.
10:14:49.045 [TestNG-test=RetryMultipleFailedTestcases-4] INFO  c_testCases.F4_TableTC - Clicked Accept Change.
10:14:49.197 [TestNG-test=RetryMultipleFailedTestcases-4] INFO  c_testCases.F4_TableTC - Switched to frame 0.
10:14:49.881 [TestNG-test=RetryMultipleFailedTestcases-4] INFO  c_testCases.F4_TableTC - Clicked on the first cell of the inserted table.
10:14:49.912 [TestNG-test=RetryMultipleFailedTestcases-4] INFO  c_testCases.F4_TableTC - Switched back to default content.
10:14:49.940 [TestNG-test=RetryMultipleFailedTestcases-4] INFO  c_testCases.F4_TableTC - Switched to frame 0 again.
10:14:50.404 [TestNG-test=RetryMultipleFailedTestcases-4] INFO  c_testCases.F4_TableTC - Clicked on a new table cell.
10:14:50.428 [TestNG-test=RetryMultipleFailedTestcases-4] INFO  c_testCases.F4_TableTC - Switched back to default content.
10:14:50.975 [TestNG-test=RetryMultipleFailedTestcases-4] INFO  c_testCases.F4_TableTC - Clicked Bulleted List.
10:14:51.229 [TestNG-test=RetryMultipleFailedTestcases-4] INFO  c_testCases.F4_TableTC - Clicked Accept Change.
10:14:51.278 [TestNG-test=RetryMultipleFailedTestcases-4] INFO  c_testCases.F4_TableTC - Inside the table, a list is available in the Visual editor.
10:14:51.332 [TestNG-test=RetryMultipleFailedTestcases-4] INFO  c_testCases.F4_TableTC - DS is updated after adding a list inside the table.
10:14:52.233 [TestNG-test=RetryMultipleFailedTestcases-4] INFO  c_testCases.F4_TableTC - After adding a list in the table, the list is present.
10:14:54.123 [TestNG-test=RetryMultipleFailedTestcases-2] INFO  c_testCases.F4_TableTC - Logged in, searched for a file, and clicked Edit.
10:14:54.123 [TestNG-test=RetryMultipleFailedTestcases-2] INFO  c_testCases.F4_TableTC - Created F4_Table instance.
10:15:01.321 [TestNG-test=RetryMultipleFailedTestcases-2] INFO  c_testCases.F4_TableTC - Inserted a new table.
10:15:01.641 [TestNG-test=RetryMultipleFailedTestcases-2] INFO  c_testCases.F4_TableTC - Clicked Accept Change.
10:15:01.719 [TestNG-test=RetryMultipleFailedTestcases-2] INFO  c_testCases.F4_TableTC - Switched to frame 0.
10:15:02.627 [TestNG-test=RetryMultipleFailedTestcases-2] INFO  c_testCases.F4_TableTC - Clicked on the first cell of the inserted table.
10:15:02.673 [TestNG-test=RetryMultipleFailedTestcases-2] INFO  c_testCases.F4_TableTC - Switched back to default content.
10:15:02.687 [TestNG-test=RetryMultipleFailedTestcases-2] INFO  c_testCases.F4_TableTC - Switched to frame 0 again.
10:15:03.202 [TestNG-test=RetryMultipleFailedTestcases-2] INFO  c_testCases.F4_TableTC - Clicked on a new table cell.
10:15:03.236 [TestNG-test=RetryMultipleFailedTestcases-2] INFO  c_testCases.F4_TableTC - Switched back to default content.
10:15:03.649 [TestNG-test=RetryMultipleFailedTestcases-2] INFO  c_testCases.F4_TableTC - Clicked Number List.
10:15:03.876 [TestNG-test=RetryMultipleFailedTestcases-2] INFO  c_testCases.F4_TableTC - Clicked Accept Change.
10:15:03.934 [TestNG-test=RetryMultipleFailedTestcases-2] INFO  c_testCases.F4_TableTC - Inside the table, a list is available in the Visual editor.
10:15:03.982 [TestNG-test=RetryMultipleFailedTestcases-2] INFO  c_testCases.F4_TableTC - DS is updated after adding a list inside the table.
10:15:04.032 [TestNG-test=RetryMultipleFailedTestcases-1] INFO  c_testCases.F4_TableTC - Logged in, searched for a file, and clicked Edit.
10:15:04.033 [TestNG-test=RetryMultipleFailedTestcases-1] INFO  c_testCases.F4_TableTC - Created F4_Table instance.
10:15:04.054 [TestNG-test=RetryMultipleFailedTestcases-1] INFO  c_testCases.F4_TableTC - Switched to frame 0.
10:15:04.599 [TestNG-test=RetryMultipleFailedTestcases-2] INFO  c_testCases.F4_TableTC - After adding a list in the table, the list is present.
10:15:04.729 [TestNG-test=RetryMultipleFailedTestcases-1] INFO  c_testCases.F4_TableTC - Clicked on the first cell of the existing table.
10:15:04.779 [TestNG-test=RetryMultipleFailedTestcases-1] INFO  c_testCases.F4_TableTC - Switched back to default content.
10:15:04.937 [TestNG-test=RetryMultipleFailedTestcases-1] INFO  c_testCases.F4_TableTC - Clicked on Table Properties tab.
10:15:04.976 [TestNG-test=RetryMultipleFailedTestcases-1] INFO  c_testCases.F4_TableTC - Column count before deletion is 2.
10:15:05.427 [TestNG-test=RetryMultipleFailedTestcases-1] INFO  c_testCases.F4_TableTC - Clicked Delete Column.
10:15:05.678 [TestNG-test=RetryMultipleFailedTestcases-1] INFO  c_testCases.F4_TableTC - Switched to frame 0.
10:15:06.001 [TestNG-test=RetryMultipleFailedTestcases-1] INFO  c_testCases.F4_TableTC - Clicked on the first cell of the existing table.
10:15:06.141 [TestNG-test=RetryMultipleFailedTestcases-1] INFO  c_testCases.F4_TableTC - Clicked Accept Change.
10:15:11.006 [TestNG-test=RetryMultipleFailedTestcases-3] INFO  c_testCases.F4_TableTC - Switched back to default content.
10:15:11.457 [TestNG-test=RetryMultipleFailedTestcases-3] INFO  c_testCases.F4_TableTC - Clicked Insert.
10:15:11.741 [TestNG-test=RetryMultipleFailedTestcases-3] INFO  c_testCases.F4_TableTC - Clicked Image for Table.
10:15:11.994 [TestNG-test=RetryMultipleFailedTestcases-3] INFO  c_testCases.F4_TableTC - Clicked on the image.
10:15:12.206 [TestNG-test=RetryMultipleFailedTestcases-3] INFO  c_testCases.F4_TableTC - Clicked Insert Into.
10:15:13.019 [TestNG-test=RetryMultipleFailedTestcases-3] INFO  c_testCases.F4_TableTC - Clicked Insert button.
10:15:13.769 [TestNG-test=RetryMultipleFailedTestcases-3] INFO  c_testCases.F4_TableTC - Clicked Accept Change.
10:15:22.838 [TestNG-test=RetryMultipleFailedTestcases-1] INFO  c_testCases.F4_TableTC - Starting TabKey_LastRow
10:15:32.699 [TestNG-test=RetryMultipleFailedTestcases-4] INFO  c_testCases.F4_TableTC - In the code view, Content Validation error is not present.
10:15:32.699 [TestNG-test=RetryMultipleFailedTestcases-4] INFO  c_testCases.F4_TableTC - Finished InsertList_NewTable
10:15:38.799 [TestNG-test=RetryMultipleFailedTestcases-4] INFO  c_testCases.F4_TableTC - Test started: TableFromTableOptions
10:15:38.799 [TestNG-test=RetryMultipleFailedTestcases-4] INFO  c_testCases.F4_TableTC - Logging in and searching for a file, then clicking on Edit
10:15:44.975 [TestNG-test=RetryMultipleFailedTestcases-2] INFO  c_testCases.F4_TableTC - In the code view, Content Validation error is not present.
10:15:44.976 [TestNG-test=RetryMultipleFailedTestcases-2] INFO  c_testCases.F4_TableTC - Finished InsertList_NewTable
10:15:51.157 [TestNG-test=RetryMultipleFailedTestcases-1] INFO  c_testCases.F4_TableTC - Logged in, searched for a file, and clicked Edit.
10:15:59.308 [TestNG-test=RetryMultipleFailedTestcases-1] INFO  c_testCases.F4_TableTC - Inserted a new table.
10:15:59.309 [TestNG-test=RetryMultipleFailedTestcases-1] INFO  c_testCases.F4_TableTC - Created F4_Table instance.
10:15:59.636 [TestNG-test=RetryMultipleFailedTestcases-1] INFO  c_testCases.F4_TableTC - Clicked Accept Change.
10:15:59.709 [TestNG-test=RetryMultipleFailedTestcases-1] INFO  c_testCases.F4_TableTC - Switched to frame 0.
10:16:00.310 [TestNG-test=RetryMultipleFailedTestcases-1] INFO  c_testCases.F4_TableTC - Clicked on the last row of the table.
10:16:00.339 [TestNG-test=RetryMultipleFailedTestcases-1] INFO  c_testCases.F4_TableTC - Switched back to default content.
10:16:00.439 [TestNG-test=RetryMultipleFailedTestcases-3] INFO  c_testCases.F4_TableTC - Starting changeParaToTableAndVerify
10:16:00.700 [TestNG-test=RetryMultipleFailedTestcases-1] INFO  c_testCases.F4_TableTC - Pressed Tab key.
10:16:01.032 [TestNG-test=RetryMultipleFailedTestcases-1] INFO  c_testCases.F4_TableTC - After Clicking on Tab, a row is added.
10:16:01.163 [TestNG-test=RetryMultipleFailedTestcases-1] INFO  c_testCases.F4_TableTC - DS is updated after clicking on Tab.
10:16:14.990 [TestNG-test=RetryMultipleFailedTestcases-4] INFO  c_testCases.F4_TableTC - Creating an instance of A_HomePage class with the driver
10:16:14.990 [TestNG-test=RetryMultipleFailedTestcases-4] INFO  c_testCases.F4_TableTC - Waiting for the page to load
10:16:14.996 [TestNG-test=RetryMultipleFailedTestcases-4] INFO  c_testCases.F4_TableTC - Clicking on the DS section
10:16:15.623 [TestNG-test=RetryMultipleFailedTestcases-4] INFO  c_testCases.F4_TableTC - Clicking on the first paragraph
10:16:16.890 [TestNG-test=RetryMultipleFailedTestcases-4] INFO  c_testCases.F4_TableTC - Creating an instance of F4_Table class with the driver
10:16:16.890 [TestNG-test=RetryMultipleFailedTestcases-4] INFO  c_testCases.F4_TableTC - Clicking on the insert table icon
10:16:17.110 [TestNG-test=RetryMultipleFailedTestcases-4] INFO  c_testCases.F4_TableTC - Switching to the table frame
10:16:17.138 [TestNG-test=RetryMultipleFailedTestcases-4] INFO  c_testCases.F4_TableTC - Clicking on More Options
10:16:18.084 [TestNG-test=RetryMultipleFailedTestcases-4] INFO  c_testCases.F4_TableTC - Switching back to the default content
10:16:18.194 [TestNG-test=RetryMultipleFailedTestcases-4] INFO  c_testCases.F4_TableTC - Verifying the OK button
10:16:18.319 [TestNG-test=RetryMultipleFailedTestcases-4] INFO  c_testCases.F4_TableTC - Clicking OK to insert the table
10:16:19.191 [TestNG-test=RetryMultipleFailedTestcases-4] INFO  c_testCases.F4_TableTC - Switching back to the table frame
10:16:20.426 [TestNG-test=RetryMultipleFailedTestcases-4] INFO  c_testCases.F4_TableTC - Checking if the table is inserted after accepting changes
10:16:20.475 [TestNG-test=RetryMultipleFailedTestcases-4] INFO  c_testCases.F4_TableTC - Test completed: TableFromTableOptions
10:16:29.427 [TestNG-test=RetryMultipleFailedTestcases-3] INFO  c_testCases.F4_TableTC - Logged in, searched for a file, and clicked Edit.
10:16:29.427 [TestNG-test=RetryMultipleFailedTestcases-3] INFO  c_testCases.F4_TableTC - Created F4_Table instance.
10:16:29.457 [TestNG-test=RetryMultipleFailedTestcases-3] INFO  c_testCases.F4_TableTC - Switched to frame 0.
10:16:30.075 [TestNG-test=RetryMultipleFailedTestcases-3] INFO  c_testCases.F4_TableTC - Clicked the first paragraph.
10:16:30.102 [TestNG-test=RetryMultipleFailedTestcases-3] INFO  c_testCases.F4_TableTC - Switched back to default content.
10:16:30.358 [TestNG-test=RetryMultipleFailedTestcases-3] INFO  c_testCases.F4_TableTC - Clicked Change Element.
10:16:30.835 [TestNG-test=RetryMultipleFailedTestcases-3] INFO  c_testCases.F4_TableTC - Selected Table.
10:16:31.281 [TestNG-test=RetryMultipleFailedTestcases-3] INFO  c_testCases.F4_TableTC - Table Properties popup is displayed.
10:16:32.125 [TestNG-test=RetryMultipleFailedTestcases-3] INFO  c_testCases.F4_TableTC - Clicked OK Button.
10:16:32.892 [TestNG-test=RetryMultipleFailedTestcases-3] INFO  c_testCases.F4_TableTC - Switched to frame 0.
10:16:32.939 [TestNG-test=RetryMultipleFailedTestcases-3] INFO  c_testCases.F4_TableTC - Table is added in the Visual Editor.
10:16:33.286 [TestNG-test=RetryMultipleFailedTestcases-3] INFO  c_testCases.F4_TableTC - Clicked Accept Change.
10:16:33.425 [TestNG-test=RetryMultipleFailedTestcases-3] INFO  c_testCases.F4_TableTC - Document Structure is updated after adding the table.
10:16:33.786 [TestNG-test=RetryMultipleFailedTestcases-3] INFO  c_testCases.F4_TableTC - Clicked Quick Preview.
10:16:33.977 [TestNG-test=RetryMultipleFailedTestcases-3] INFO  c_testCases.F4_TableTC - Inserted table is present in Quick Preview.
10:16:34.294 [TestNG-test=RetryMultipleFailedTestcases-3] INFO  c_testCases.F4_TableTC - Clicked Code View.
10:16:41.533 [TestNG-test=RetryMultipleFailedTestcases-1] INFO  c_testCases.F4_TableTC - In the code view, Content Validation error is not present.
10:16:41.533 [TestNG-test=RetryMultipleFailedTestcases-1] INFO  c_testCases.F4_TableTC - Finished TabKey_LastRow
10:16:54.420 [TestNG-test=RetryMultipleFailedTestcases-1] INFO  c_testCases.F4_TableTC - Starting mergeCellsRight_ExistingTable
10:17:14.399 [TestNG-test=RetryMultipleFailedTestcases-3] INFO  c_testCases.F4_TableTC - No Content Validation error is present in CodeView.
10:17:14.399 [TestNG-test=RetryMultipleFailedTestcases-3] INFO  c_testCases.F4_TableTC - Finished changeParaToTableAndVerify
10:17:24.289 [TestNG-test=RetryMultipleFailedTestcases-1] INFO  c_testCases.F4_TableTC - Logged in, searched for a file, and clicked Edit.
10:17:24.289 [TestNG-test=RetryMultipleFailedTestcases-1] INFO  c_testCases.F4_TableTC - Created F4_Table instance.
10:17:24.314 [TestNG-test=RetryMultipleFailedTestcases-1] INFO  c_testCases.F4_TableTC - Switched to frame 0.
10:17:24.339 [TestNG-test=RetryMultipleFailedTestcases-3] INFO  c_testCases.F4_TableTC - Starting mergeCellsRight_NewTable
10:17:29.685 [TestNG-test=RetryMultipleFailedTestcases-4] INFO  c_testCases.F4_TableTC - Starting splitHorizontalAndVerify_ExistingTable
10:17:34.923 [TestNG-test=RetryMultipleFailedTestcases-1] INFO  c_testCases.F4_TableTC - Starting mergeCellsRight_ExistingTable
10:18:06.286 [TestNG-test=RetryMultipleFailedTestcases-4] INFO  c_testCases.F4_TableTC - Logged in, searched for a file, and clicked Edit.
10:18:06.287 [TestNG-test=RetryMultipleFailedTestcases-4] INFO  c_testCases.F4_TableTC - Created F4_Table instance.
10:18:06.322 [TestNG-test=RetryMultipleFailedTestcases-4] INFO  c_testCases.F4_TableTC - Switched to frame 0.
10:18:07.260 [TestNG-test=RetryMultipleFailedTestcases-4] INFO  c_testCases.F4_TableTC - Clicked on the first cell of the existing table.
10:18:07.380 [TestNG-test=RetryMultipleFailedTestcases-4] INFO  c_testCases.F4_TableTC - Number of rows before split: 6
10:18:07.404 [TestNG-test=RetryMultipleFailedTestcases-4] INFO  c_testCases.F4_TableTC - Switched back to default content.
10:18:07.633 [TestNG-test=RetryMultipleFailedTestcases-4] INFO  c_testCases.F4_TableTC - Clicked on Table Properties tab.
10:18:08.375 [TestNG-test=RetryMultipleFailedTestcases-4] INFO  c_testCases.F4_TableTC - Clicked Split Horizontal.
10:18:08.531 [TestNG-test=RetryMultipleFailedTestcases-4] INFO  c_testCases.F4_TableTC - Number of rows after split: 7
10:18:08.531 [TestNG-test=RetryMultipleFailedTestcases-4] INFO  c_testCases.F4_TableTC - Number of rows after split is different from before split.
10:18:08.531 [TestNG-test=RetryMultipleFailedTestcases-4] INFO  c_testCases.F4_TableTC - Finished splitHorizontalAndVerify_ExistingTable
10:18:10.650 [TestNG-test=RetryMultipleFailedTestcases-3] INFO  c_testCases.F4_TableTC - Logged in, searched for a file, and clicked Edit.
10:18:10.651 [TestNG-test=RetryMultipleFailedTestcases-3] INFO  c_testCases.F4_TableTC - Created F4_Table instance.
10:18:15.869 [TestNG-test=RetryMultipleFailedTestcases-4] INFO  c_testCases.F4_TableTC - Starting splitHorizontalAndVerify_NewTable
10:18:19.090 [TestNG-test=RetryMultipleFailedTestcases-1] INFO  c_testCases.F4_TableTC - Logged in, searched for a file, and clicked Edit.
10:18:19.091 [TestNG-test=RetryMultipleFailedTestcases-1] INFO  c_testCases.F4_TableTC - Created F4_Table instance.
10:18:19.285 [TestNG-test=RetryMultipleFailedTestcases-1] INFO  c_testCases.F4_TableTC - Switched to frame 0.
10:18:20.154 [TestNG-test=RetryMultipleFailedTestcases-1] INFO  c_testCases.F4_TableTC - Clicked on the first cell of the existing table.
10:18:20.211 [TestNG-test=RetryMultipleFailedTestcases-1] INFO  c_testCases.F4_TableTC - Switched back to default content.
10:18:20.432 [TestNG-test=RetryMultipleFailedTestcases-1] INFO  c_testCases.F4_TableTC - Clicked on Table Properties tab.
10:18:20.609 [TestNG-test=RetryMultipleFailedTestcases-3] INFO  c_testCases.F4_TableTC - Inserted a new table.
10:18:20.935 [TestNG-test=RetryMultipleFailedTestcases-3] INFO  c_testCases.F4_TableTC - Clicked Accept Change.
10:18:21.010 [TestNG-test=RetryMultipleFailedTestcases-3] INFO  c_testCases.F4_TableTC - Switched to frame 0.
10:18:21.464 [TestNG-test=RetryMultipleFailedTestcases-3] INFO  c_testCases.F4_TableTC - Clicked on the first cell of the inserted table.
10:18:21.496 [TestNG-test=RetryMultipleFailedTestcases-3] INFO  c_testCases.F4_TableTC - Switched back to default content.
10:18:47.330 [TestNG-test=RetryMultipleFailedTestcases-4] INFO  c_testCases.F4_TableTC - Logged in, searched for a file, and clicked Edit.
10:18:47.330 [TestNG-test=RetryMultipleFailedTestcases-4] INFO  c_testCases.F4_TableTC - Created F4_Table instance.
10:19:00.313 [TestNG-test=RetryMultipleFailedTestcases-4] INFO  c_testCases.F4_TableTC - Inserted a new table.
10:19:00.504 [TestNG-test=RetryMultipleFailedTestcases-1] INFO  c_testCases.F4_TableTC - Cell merge has not occurred.
10:19:00.883 [TestNG-test=RetryMultipleFailedTestcases-4] INFO  c_testCases.F4_TableTC - Clicked Accept Change.
10:19:00.952 [TestNG-test=RetryMultipleFailedTestcases-4] INFO  c_testCases.F4_TableTC - Switched to frame 0.
10:19:01.200 [TestNG-test=RetryMultipleFailedTestcases-1] INFO  c_testCases.F4_TableTC - Clicked Merge Right.
10:19:01.431 [TestNG-test=RetryMultipleFailedTestcases-1] INFO  c_testCases.F4_TableTC - Cell merge has occurred.
10:19:01.433 [TestNG-test=RetryMultipleFailedTestcases-1] INFO  c_testCases.F4_TableTC - Finished mergeCellsRight_ExistingTable
10:19:01.602 [TestNG-test=RetryMultipleFailedTestcases-3] INFO  c_testCases.F4_TableTC - Cell merge has not occurred.
10:19:01.607 [TestNG-test=RetryMultipleFailedTestcases-3] INFO  c_testCases.F4_TableTC - Switched back to default content.
10:19:01.772 [TestNG-test=RetryMultipleFailedTestcases-4] INFO  c_testCases.F4_TableTC - Clicked on the first cell of the inserted table.
10:19:01.878 [TestNG-test=RetryMultipleFailedTestcases-3] INFO  c_testCases.F4_TableTC - Clicked on Table Properties tab.
10:19:01.976 [TestNG-test=RetryMultipleFailedTestcases-4] INFO  c_testCases.F4_TableTC - Number of rows before split: 8
10:19:01.979 [TestNG-test=RetryMultipleFailedTestcases-4] INFO  c_testCases.F4_TableTC - Switched back to default content.
10:19:02.702 [TestNG-test=RetryMultipleFailedTestcases-4] INFO  c_testCases.F4_TableTC - Clicked Split Horizontal.
10:19:02.833 [TestNG-test=RetryMultipleFailedTestcases-3] INFO  c_testCases.F4_TableTC - Clicked Merge Right.
10:19:03.105 [TestNG-test=RetryMultipleFailedTestcases-4] INFO  c_testCases.F4_TableTC - Number of rows after split is different from before split.
10:19:03.105 [TestNG-test=RetryMultipleFailedTestcases-4] INFO  c_testCases.F4_TableTC - Finished splitHorizontalAndVerify_NewTable
10:19:03.472 [TestNG-test=RetryMultipleFailedTestcases-3] INFO  c_testCases.F4_TableTC - Cell merge has occurred.
10:19:03.475 [TestNG-test=RetryMultipleFailedTestcases-3] INFO  c_testCases.F4_TableTC - Switched back to default content.
10:19:03.475 [TestNG-test=RetryMultipleFailedTestcases-3] INFO  c_testCases.F4_TableTC - Finished mergeCellsRight_NewTable
10:19:10.633 [TestNG-test=RetryMultipleFailedTestcases-4] INFO  c_testCases.F4_TableTC - Starting splitVerticalAndVerify_NewTable
10:19:11.670 [TestNG-test=RetryMultipleFailedTestcases-1] INFO  c_testCases.F4_TableTC - Starting splitVerticalAndVerify_ExistingTable
10:19:43.600 [TestNG-test=RetryMultipleFailedTestcases-1] INFO  c_testCases.F4_TableTC - Logged in, searched for a file, and clicked Edit.
10:19:43.601 [TestNG-test=RetryMultipleFailedTestcases-1] INFO  c_testCases.F4_TableTC - Created F4_Table instance.
10:19:43.666 [TestNG-test=RetryMultipleFailedTestcases-1] INFO  c_testCases.F4_TableTC - Switched to frame 0.
10:19:43.810 [TestNG-test=RetryMultipleFailedTestcases-4] INFO  c_testCases.F4_TableTC - Logged in, searched for a file, and clicked Edit.
10:19:43.810 [TestNG-test=RetryMultipleFailedTestcases-4] INFO  c_testCases.F4_TableTC - Created F4_Table instance.
10:19:44.985 [TestNG-test=RetryMultipleFailedTestcases-1] INFO  c_testCases.F4_TableTC - Clicked on the first cell of the existing table.
10:19:45.175 [TestNG-test=RetryMultipleFailedTestcases-1] INFO  c_testCases.F4_TableTC - Number of rows before split: 6
10:19:45.178 [TestNG-test=RetryMultipleFailedTestcases-1] INFO  c_testCases.F4_TableTC - Switched back to default content.
10:19:45.366 [TestNG-test=RetryMultipleFailedTestcases-1] INFO  c_testCases.F4_TableTC - Clicked on Table Properties tab.
10:19:45.876 [TestNG-test=RetryMultipleFailedTestcases-1] INFO  c_testCases.F4_TableTC - Clicked Split Vertical.
10:19:46.063 [TestNG-test=RetryMultipleFailedTestcases-1] INFO  c_testCases.F4_TableTC - Number of rows after split: 7
10:19:46.063 [TestNG-test=RetryMultipleFailedTestcases-1] INFO  c_testCases.F4_TableTC - Number of rows after split is different from before split.
10:19:46.063 [TestNG-test=RetryMultipleFailedTestcases-1] INFO  c_testCases.F4_TableTC - Finished splitVerticalAndVerify_ExistingTable
10:19:52.667 [TestNG-test=RetryMultipleFailedTestcases-4] INFO  c_testCases.F4_TableTC - Inserted a new table.
10:19:53.017 [TestNG-test=RetryMultipleFailedTestcases-4] INFO  c_testCases.F4_TableTC - Clicked Accept Change.
10:19:53.096 [TestNG-test=RetryMultipleFailedTestcases-4] INFO  c_testCases.F4_TableTC - Switched to frame 0.
10:19:53.699 [TestNG-test=RetryMultipleFailedTestcases-4] INFO  c_testCases.F4_TableTC - Clicked on the first cell of the inserted table.
10:19:53.777 [TestNG-test=RetryMultipleFailedTestcases-4] INFO  c_testCases.F4_TableTC - Number of rows before split: 8
10:19:53.780 [TestNG-test=RetryMultipleFailedTestcases-4] INFO  c_testCases.F4_TableTC - Switched back to default content.
10:19:54.209 [TestNG-test=RetryMultipleFailedTestcases-4] INFO  c_testCases.F4_TableTC - Clicked Split Vertical.
10:19:54.353 [TestNG-test=RetryMultipleFailedTestcases-4] INFO  c_testCases.F4_TableTC - Number of rows after split is different from before split.
10:19:54.353 [TestNG-test=RetryMultipleFailedTestcases-4] INFO  c_testCases.F4_TableTC - Finished splitVerticalAndVerify_NewTable
10:19:54.923 [TestNG-test=RetryMultipleFailedTestcases-1] INFO  c_testCases.F4_TableTC - Starting verify_ListInsideTable
10:20:02.227 [TestNG-test=RetryMultipleFailedTestcases-4] INFO  c_testCases.F4_TableTC - Starting InsertList_NewTable
10:20:37.406 [TestNG-test=RetryMultipleFailedTestcases-4] INFO  c_testCases.F4_TableTC - Logged in, searched for a file, and clicked Edit.
10:20:37.406 [TestNG-test=RetryMultipleFailedTestcases-4] INFO  c_testCases.F4_TableTC - Created F4_Table instance.
10:20:37.581 [TestNG-test=RetryMultipleFailedTestcases-1] INFO  c_testCases.F4_TableTC - Logged in, searched for a file, and clicked Edit.
10:20:37.581 [TestNG-test=RetryMultipleFailedTestcases-1] INFO  c_testCases.F4_TableTC - Created F4_Table instance.
10:20:37.596 [TestNG-test=RetryMultipleFailedTestcases-1] INFO  c_testCases.F4_TableTC - Switched to frame 0.
10:20:38.292 [TestNG-test=RetryMultipleFailedTestcases-1] INFO  c_testCases.F4_TableTC - Clicked on the second cell of the existing table.
10:20:38.777 [TestNG-test=RetryMultipleFailedTestcases-1] INFO  c_testCases.F4_TableTC - Clicked Number List.
10:20:39.046 [TestNG-test=RetryMultipleFailedTestcases-1] INFO  c_testCases.F4_TableTC - Clicked Accept Change.
10:20:39.112 [TestNG-test=RetryMultipleFailedTestcases-1] INFO  c_testCases.F4_TableTC - Inside the table, a list is available in the Visual Editor.
10:21:19.212 [TestNG-test=RetryMultipleFailedTestcases-1] INFO  c_testCases.F4_TableTC - Document Structure is updated after adding a list inside the table.
10:21:20.159 [TestNG-test=RetryMultipleFailedTestcases-1] INFO  c_testCases.F4_TableTC - Clicked Quick Preview.
10:21:20.417 [TestNG-test=RetryMultipleFailedTestcases-1] INFO  c_testCases.F4_TableTC - List is present in Quick Preview after adding it to the table.
10:21:28.220 [TestNG-test=RetryMultipleFailedTestcases-1] INFO  c_testCases.F4_TableTC - Inside CodeView, there is list insertion code for the table.
10:22:08.275 [TestNG-test=RetryMultipleFailedTestcases-1] INFO  c_testCases.F4_TableTC - No Content Validation error is present in CodeView.
10:22:08.275 [TestNG-test=RetryMultipleFailedTestcases-1] INFO  c_testCases.F4_TableTC - Finished verify_ListInsideTable
10:22:10.153 [TestNG-test=RetryMultipleFailedTestcases-3] INFO  c_testCases.F4_TableTC - Starting verify_Delete_Existing_Table_Undo
10:22:16.078 [TestNG-test=RetryMultipleFailedTestcases-1] INFO  c_testCases.F4_TableTC - Starting verify_InsertColumn_ExistingTable
10:22:41.927 [TestNG-test=RetryMultipleFailedTestcases-2] INFO  c_testCases.F4_TableTC - Starting verify_InsertMediaObject_ExistingTable
10:22:42.051 [TestNG-test=RetryMultipleFailedTestcases-3] INFO  c_testCases.F4_TableTC - Logged in, searched for a file, and clicked Edit.
10:22:42.052 [TestNG-test=RetryMultipleFailedTestcases-3] INFO  c_testCases.F4_TableTC - Created F4_Table instance.
10:22:42.118 [TestNG-test=RetryMultipleFailedTestcases-3] INFO  c_testCases.F4_TableTC - Switched to frame 0.
10:22:43.193 [TestNG-test=RetryMultipleFailedTestcases-3] INFO  c_testCases.F4_TableTC - Clicked on the first cell of the existing table.
10:22:43.276 [TestNG-test=RetryMultipleFailedTestcases-3] INFO  c_testCases.F4_TableTC - Switched back to default content.
10:22:43.531 [TestNG-test=RetryMultipleFailedTestcases-3] INFO  c_testCases.F4_TableTC - Clicked on Table Properties tab.
10:22:43.553 [TestNG-test=RetryMultipleFailedTestcases-3] INFO  c_testCases.F4_TableTC - Switched to frame 0.
10:22:44.658 [TestNG-test=RetryMultipleFailedTestcases-3] INFO  c_testCases.F4_TableTC - Clicked on the first cell of the existing table.
10:22:44.877 [TestNG-test=RetryMultipleFailedTestcases-3] INFO  c_testCases.F4_TableTC - Switched back to default content.
10:22:46.795 [TestNG-test=RetryMultipleFailedTestcases-3] INFO  c_testCases.F4_TableTC - Clicked on Deleted Table.
10:22:47.248 [TestNG-test=RetryMultipleFailedTestcases-1] INFO  c_testCases.F4_TableTC - Logged in, searched for a file, and clicked Edit.
10:22:47.248 [TestNG-test=RetryMultipleFailedTestcases-1] INFO  c_testCases.F4_TableTC - Created F4_Table instance.
10:22:47.263 [TestNG-test=RetryMultipleFailedTestcases-1] INFO  c_testCases.F4_TableTC - Switched to frame 0.
10:22:47.919 [TestNG-test=RetryMultipleFailedTestcases-1] INFO  c_testCases.F4_TableTC - Clicked on the first cell of the existing table.
10:22:48.004 [TestNG-test=RetryMultipleFailedTestcases-1] INFO  c_testCases.F4_TableTC - Switched back to default content.
10:22:48.270 [TestNG-test=RetryMultipleFailedTestcases-1] INFO  c_testCases.F4_TableTC - Clicked on Table Properties tab.
10:22:48.291 [TestNG-test=RetryMultipleFailedTestcases-3] INFO  c_testCases.F4_TableTC - Switched to frame 0.
10:22:48.344 [TestNG-test=RetryMultipleFailedTestcases-1] INFO  c_testCases.F4_TableTC - Column count before insertion is 2.
10:22:48.369 [TestNG-test=RetryMultipleFailedTestcases-3] INFO  c_testCases.F4_TableTC - Exiting Table is deleted and displayed in Red Color.
10:22:49.197 [TestNG-test=RetryMultipleFailedTestcases-1] INFO  c_testCases.F4_TableTC - Clicked Insert Left.
10:22:49.253 [TestNG-test=RetryMultipleFailedTestcases-3] INFO  c_testCases.F4_TableTC - Clicked Accept Change.
10:22:49.398 [TestNG-test=RetryMultipleFailedTestcases-1] INFO  c_testCases.F4_TableTC - Column count after insertion is 3.
10:22:49.398 [TestNG-test=RetryMultipleFailedTestcases-1] INFO  c_testCases.F4_TableTC - Finished verify_InsertColumn_ExistingTable
10:22:50.064 [TestNG-test=RetryMultipleFailedTestcases-3] INFO  c_testCases.F4_TableTC - Switched to frame 0.
10:22:55.733 [TestNG-test=RetryMultipleFailedTestcases-1] INFO  c_testCases.F4_TableTC - Starting verify_InsertRow_ExistingTable
10:23:16.940 [TestNG-test=RetryMultipleFailedTestcases-2] INFO  c_testCases.F4_TableTC - Logged in, searched for a file, and clicked Edit.
10:23:16.940 [TestNG-test=RetryMultipleFailedTestcases-2] INFO  c_testCases.F4_TableTC - Created F4_Table instance.
10:23:16.956 [TestNG-test=RetryMultipleFailedTestcases-2] INFO  c_testCases.F4_TableTC - Switched to frame 0.
10:23:17.905 [TestNG-test=RetryMultipleFailedTestcases-2] INFO  c_testCases.F4_TableTC - Clicked on the first cell of the existing table.
10:23:17.959 [TestNG-test=RetryMultipleFailedTestcases-2] INFO  c_testCases.F4_TableTC - Switched back to default content.
10:23:18.140 [TestNG-test=RetryMultipleFailedTestcases-2] INFO  c_testCases.F4_TableTC - Clicked Insert.
10:23:30.131 [TestNG-test=RetryMultipleFailedTestcases-3] INFO  c_testCases.F4_TableTC - Exiting Table is no longer present after clicking Accept Change.
10:23:30.927 [TestNG-test=RetryMultipleFailedTestcases-3] INFO  c_testCases.F4_TableTC - Clicked Undo.
10:23:31.961 [TestNG-test=RetryMultipleFailedTestcases-3] INFO  c_testCases.F4_TableTC - Switched to frame 0.
10:23:32.484 [TestNG-test=RetryMultipleFailedTestcases-3] INFO  c_testCases.F4_TableTC - Clicked on the first cell of the existing table.
10:23:32.954 [TestNG-test=RetryMultipleFailedTestcases-3] INFO  c_testCases.F4_TableTC - Clicked Reject Change.
10:23:33.019 [TestNG-test=RetryMultipleFailedTestcases-3] INFO  c_testCases.F4_TableTC - Switched to frame 0.
10:23:33.056 [TestNG-test=RetryMultipleFailedTestcases-3] INFO  c_testCases.F4_TableTC - Exiting Table is present after clicking Reject Change.
10:23:33.521 [TestNG-test=RetryMultipleFailedTestcases-3] INFO  c_testCases.F4_TableTC - Clicked Quick Preview.
10:23:33.733 [TestNG-test=RetryMultipleFailedTestcases-3] INFO  c_testCases.F4_TableTC - Exiting Table is present in Quick Preview.
10:23:34.038 [TestNG-test=RetryMultipleFailedTestcases-3] INFO  c_testCases.F4_TableTC - Clicked Code View.
10:23:34.155 [TestNG-test=RetryMultipleFailedTestcases-3] INFO  c_testCases.F4_TableTC - Existing Table insertion code is present inside CodeView.
10:23:43.045 [TestNG-test=RetryMultipleFailedTestcases-1] INFO  c_testCases.F4_TableTC - Logged in, searched for a file, and clicked Edit.
10:23:43.045 [TestNG-test=RetryMultipleFailedTestcases-1] INFO  c_testCases.F4_TableTC - Created F4_Table instance.
10:23:43.195 [TestNG-test=RetryMultipleFailedTestcases-1] INFO  c_testCases.F4_TableTC - Switched to frame 0.
10:23:44.260 [TestNG-test=RetryMultipleFailedTestcases-1] INFO  c_testCases.F4_TableTC - Clicked on the first cell of the existing table.
10:23:44.378 [TestNG-test=RetryMultipleFailedTestcases-1] INFO  c_testCases.F4_TableTC - Switched back to default content.
10:23:44.557 [TestNG-test=RetryMultipleFailedTestcases-1] INFO  c_testCases.F4_TableTC - Clicked on Table Properties tab.
10:23:44.595 [TestNG-test=RetryMultipleFailedTestcases-1] INFO  c_testCases.F4_TableTC - Row count before insertion is 3.
10:23:45.090 [TestNG-test=RetryMultipleFailedTestcases-1] INFO  c_testCases.F4_TableTC - Clicked Insert Above.
10:23:45.405 [TestNG-test=RetryMultipleFailedTestcases-1] INFO  c_testCases.F4_TableTC - Row count after insertion is 4.
10:23:45.405 [TestNG-test=RetryMultipleFailedTestcases-1] INFO  c_testCases.F4_TableTC - Finished verify_InsertRow_ExistingTable
10:23:51.530 [TestNG-test=RetryMultipleFailedTestcases-1] INFO  c_testCases.F4_TableTC - Starting verify_Insert_Table
10:24:05.041 [TestNG-test=RetryMultipleFailedTestcases-2] INFO  c_testCases.F4_TableTC - Starting verify_InsertMediaObject_ExistingTable
10:24:14.259 [TestNG-test=RetryMultipleFailedTestcases-3] INFO  c_testCases.F4_TableTC - No Content Validation error is present in CodeView.
10:24:14.259 [TestNG-test=RetryMultipleFailedTestcases-3] INFO  c_testCases.F4_TableTC - Finished verify_Delete_Existing_Table_Undo
10:24:17.958 [TestNG-test=RetryMultipleFailedTestcases-1] INFO  c_testCases.F4_TableTC - Logged in, searched for a file, and clicked Edit.
10:24:17.959 [TestNG-test=RetryMultipleFailedTestcases-1] INFO  c_testCases.F4_TableTC - Created F4_Table instance.
10:24:25.800 [TestNG-test=RetryMultipleFailedTestcases-1] INFO  c_testCases.F4_TableTC - Inserted table using ReusableMethods.
10:24:25.832 [TestNG-test=RetryMultipleFailedTestcases-1] INFO  c_testCases.F4_TableTC - Switched to frame 0.
10:24:25.872 [TestNG-test=RetryMultipleFailedTestcases-1] INFO  c_testCases.F4_TableTC - Table is inserted in the Visual Editor.
10:24:25.875 [TestNG-test=RetryMultipleFailedTestcases-1] INFO  c_testCases.F4_TableTC - Switched back to default content.
10:24:25.951 [TestNG-test=RetryMultipleFailedTestcases-1] INFO  c_testCases.F4_TableTC - Document Structure is updated with the table.
10:24:26.449 [TestNG-test=RetryMultipleFailedTestcases-1] INFO  c_testCases.F4_TableTC - Clicked Quick Preview.
10:24:26.682 [TestNG-test=RetryMultipleFailedTestcases-1] INFO  c_testCases.F4_TableTC - Table is inserted in QuickPreview visible.
10:24:27.045 [TestNG-test=RetryMultipleFailedTestcases-1] INFO  c_testCases.F4_TableTC - Clicked Code View.
10:24:32.210 [TestNG-test=RetryMultipleFailedTestcases-1] INFO  c_testCases.F4_TableTC - Table insertion code is present inside CodeView.
10:24:41.474 [TestNG-test=RetryMultipleFailedTestcases-2] INFO  c_testCases.F4_TableTC - Logged in, searched for a file, and clicked Edit.
10:24:41.474 [TestNG-test=RetryMultipleFailedTestcases-2] INFO  c_testCases.F4_TableTC - Created F4_Table instance.
10:24:41.489 [TestNG-test=RetryMultipleFailedTestcases-2] INFO  c_testCases.F4_TableTC - Switched to frame 0.
10:24:42.161 [TestNG-test=RetryMultipleFailedTestcases-2] INFO  c_testCases.F4_TableTC - Clicked on the first cell of the existing table.
10:24:42.194 [TestNG-test=RetryMultipleFailedTestcases-2] INFO  c_testCases.F4_TableTC - Switched back to default content.
10:24:42.509 [TestNG-test=RetryMultipleFailedTestcases-2] INFO  c_testCases.F4_TableTC - Clicked Insert.
10:25:12.344 [TestNG-test=RetryMultipleFailedTestcases-1] INFO  c_testCases.F4_TableTC - No Content Validation error is present in CodeView.
10:25:12.344 [TestNG-test=RetryMultipleFailedTestcases-1] INFO  c_testCases.F4_TableTC - Finished verify_Insert_Table
10:25:31.959 [TestNG-test=RetryMultipleFailedTestcases-2] INFO  c_testCases.F4_TableTC - Starting verify_InsertMediaObject_ExistingTable
10:26:09.954 [TestNG-test=RetryMultipleFailedTestcases-3] INFO  c_testCases.F4_TableTC - Starting verify_ListInsideTable
10:26:12.428 [TestNG-test=RetryMultipleFailedTestcases-2] INFO  c_testCases.F4_TableTC - Logged in, searched for a file, and clicked Edit.
10:26:12.429 [TestNG-test=RetryMultipleFailedTestcases-2] INFO  c_testCases.F4_TableTC - Created F4_Table instance.
10:26:12.603 [TestNG-test=RetryMultipleFailedTestcases-2] INFO  c_testCases.F4_TableTC - Switched to frame 0.
10:26:13.203 [TestNG-test=RetryMultipleFailedTestcases-2] INFO  c_testCases.F4_TableTC - Clicked on the first cell of the existing table.
10:26:13.224 [TestNG-test=RetryMultipleFailedTestcases-2] INFO  c_testCases.F4_TableTC - Switched back to default content.
10:26:13.769 [TestNG-test=RetryMultipleFailedTestcases-2] INFO  c_testCases.F4_TableTC - Clicked Insert.
10:26:14.545 [TestNG-test=RetryMultipleFailedTestcases-2] INFO  c_testCases.F4_TableTC - Clicked Image for Table.
10:26:14.825 [TestNG-test=RetryMultipleFailedTestcases-2] INFO  c_testCases.F4_TableTC - Clicked on the image.
10:26:15.011 [TestNG-test=RetryMultipleFailedTestcases-2] INFO  c_testCases.F4_TableTC - Clicked Insert Into.
10:26:15.816 [TestNG-test=RetryMultipleFailedTestcases-2] INFO  c_testCases.F4_TableTC - Clicked Insert button.
10:26:16.566 [TestNG-test=RetryMultipleFailedTestcases-2] INFO  c_testCases.F4_TableTC - Clicked Accept Change.
10:26:16.721 [TestNG-test=RetryMultipleFailedTestcases-2] INFO  c_testCases.F4_TableTC - Switched to frame 0.
10:26:16.763 [TestNG-test=RetryMultipleFailedTestcases-2] INFO  c_testCases.F4_TableTC - Inside the cell, Image is inserted.
10:26:17.307 [TestNG-test=RetryMultipleFailedTestcases-2] INFO  c_testCases.F4_TableTC - After adding an image in the cell, it is present in Quick Preview.
10:26:19.983 [TestNG-test=RetryMultipleFailedTestcases-2] INFO  c_testCases.F4_TableTC - Inside CodeView, there is image in Table insertion code.
10:26:35.290 [TestNG-test=RetryMultipleFailedTestcases-3] INFO  c_testCases.F4_TableTC - Logged in, searched for a file, and clicked Edit.
10:26:35.291 [TestNG-test=RetryMultipleFailedTestcases-3] INFO  c_testCases.F4_TableTC - Created F4_Table instance.
10:26:35.320 [TestNG-test=RetryMultipleFailedTestcases-3] INFO  c_testCases.F4_TableTC - Switched to frame 0.
10:26:36.313 [TestNG-test=RetryMultipleFailedTestcases-3] INFO  c_testCases.F4_TableTC - Clicked on the second cell of the existing table.
10:26:37.124 [TestNG-test=RetryMultipleFailedTestcases-3] INFO  c_testCases.F4_TableTC - Clicked Number List.
10:26:37.451 [TestNG-test=RetryMultipleFailedTestcases-3] INFO  c_testCases.F4_TableTC - Clicked Accept Change.
10:26:37.579 [TestNG-test=RetryMultipleFailedTestcases-3] INFO  c_testCases.F4_TableTC - Inside the table, a list is available in the Visual Editor.
10:27:00.061 [TestNG-test=RetryMultipleFailedTestcases-2] INFO  c_testCases.F4_TableTC - In the code view, Content Validation error is not present.
10:27:00.061 [TestNG-test=RetryMultipleFailedTestcases-2] INFO  c_testCases.F4_TableTC - Finished verify_InsertMediaObject_ExistingTable
10:27:17.673 [TestNG-test=RetryMultipleFailedTestcases-3] INFO  c_testCases.F4_TableTC - Document Structure is updated after adding a list inside the table.
10:27:18.013 [TestNG-test=RetryMultipleFailedTestcases-3] INFO  c_testCases.F4_TableTC - Clicked Quick Preview.
10:27:18.365 [TestNG-test=RetryMultipleFailedTestcases-3] INFO  c_testCases.F4_TableTC - List is present in Quick Preview after adding it to the table.
10:27:21.422 [TestNG-test=RetryMultipleFailedTestcases-3] INFO  c_testCases.F4_TableTC - Inside CodeView, there is list insertion code for the table.
10:28:01.520 [TestNG-test=RetryMultipleFailedTestcases-3] INFO  c_testCases.F4_TableTC - No Content Validation error is present in CodeView.
10:28:01.520 [TestNG-test=RetryMultipleFailedTestcases-3] INFO  c_testCases.F4_TableTC - Finished verify_ListInsideTable
10:36:09.717 [TestNG-test=RetryMultipleFailedTestcases-2] INFO  c_testCases.F4_TableTC - Clicked Merge Right.
10:36:10.011 [TestNG-test=RetryMultipleFailedTestcases-2] INFO  c_testCases.F4_TableTC - Cell merge has occurred.
10:36:48.132 [TestNG-test=RetryMultipleFailedTestcases-3] INFO  c_testCases.F4_TableTC - Clicked Merge Right.
10:36:48.278 [TestNG-test=RetryMultipleFailedTestcases-3] INFO  c_testCases.F4_TableTC - Cell merge has occurred.
10:36:57.294 [TestNG-test=RetryMultipleFailedTestcases-2] INFO  c_testCases.F4_TableTC - Starting splitHorizontalAndVerify_ExistingTable
10:37:24.258 [TestNG-test=RetryMultipleFailedTestcases-2] INFO  c_testCases.F4_TableTC - Logged in, searched for a file, and clicked Edit.
10:37:24.259 [TestNG-test=RetryMultipleFailedTestcases-2] INFO  c_testCases.F4_TableTC - Created F4_Table instance.
10:37:24.282 [TestNG-test=RetryMultipleFailedTestcases-2] INFO  c_testCases.F4_TableTC - Switched to frame 0.
10:37:25.580 [TestNG-test=RetryMultipleFailedTestcases-2] INFO  c_testCases.F4_TableTC - Clicked on the first cell of the existing table.
10:37:25.793 [TestNG-test=RetryMultipleFailedTestcases-2] INFO  c_testCases.F4_TableTC - Number of rows before split: 6
10:37:27.776 [TestNG-test=RetryMultipleFailedTestcases-2] INFO  c_testCases.F4_TableTC - Number of rows after split: 7
10:37:27.777 [TestNG-test=RetryMultipleFailedTestcases-2] INFO  c_testCases.F4_TableTC - Number of rows after split is different from before split.
10:37:27.777 [TestNG-test=RetryMultipleFailedTestcases-2] INFO  c_testCases.F4_TableTC - Finished splitHorizontalAndVerify_ExistingTable
