20:45:31.768 [TestNG-test=RetryMultipleFailedTestcases-1] INFO  sprint3_TestCases.B_Verify_WordCountTC - verify_wordCount_DoubleClickElement_Accept test completed successfully.
20:45:40.662 [TestNG-test=RetryMultipleFailedTestcases-2] INFO  sprint3_TestCases.B_Verify_WordCountTC - Creating A_Verify_BottomRibbon instance
20:45:40.663 [TestNG-test=RetryMultipleFailedTestcases-2] INFO  sprint3_TestCases.B_Verify_WordCountTC - Splitting word count text
20:45:40.741 [TestNG-test=RetryMultipleFailedTestcases-2] INFO  sprint3_TestCases.B_Verify_WordCountTC - Switching to frame 0
20:45:40.790 [TestNG-test=RetryMultipleFailedTestcases-2] INFO  sprint3_TestCases.B_Verify_WordCountTC - Getting first paragraph element
20:45:40.791 [TestNG-test=RetryMultipleFailedTestcases-2] INFO  sprint3_TestCases.B_Verify_WordCountTC - Performing actions to modify text at the beginning of the element
20:45:41.073 [TestNG-test=RetryMultipleFailedTestcases-1] INFO  sprint3_TestCases.B_Verify_WordCountTC - Starting verify_WordCount_ByCopyPaste test...
20:45:41.073 [TestNG-test=RetryMultipleFailedTestcases-1] INFO  sprint3_TestCases.B_Verify_WordCountTC - ReusableMethods.LoginAndSearchFile_ClickEdit()
20:45:43.124 [TestNG-test=RetryMultipleFailedTestcases-2] INFO  sprint3_TestCases.B_Verify_WordCountTC - Switching back to default content
20:45:43.230 [TestNG-test=RetryMultipleFailedTestcases-2] INFO  sprint3_TestCases.B_Verify_WordCountTC - Splitting word count text after modification
20:45:43.608 [TestNG-test=RetryMultipleFailedTestcases-2] INFO  sprint3_TestCases.B_Verify_WordCountTC - verify_wordCount_StartingOfElement test completed successfully.
20:45:45.256 [TestNG-test=RetryMultipleFailedTestcases-4] INFO  sprint3_TestCases.B_Verify_WordCountTC - Creating A_Verify_BottomRibbon instance
20:45:45.257 [TestNG-test=RetryMultipleFailedTestcases-4] INFO  sprint3_TestCases.B_Verify_WordCountTC - Splitting word count text
20:45:45.331 [TestNG-test=RetryMultipleFailedTestcases-4] INFO  sprint3_TestCases.B_Verify_WordCountTC - Switching to frame 0
20:45:45.500 [TestNG-test=RetryMultipleFailedTestcases-4] INFO  sprint3_TestCases.B_Verify_WordCountTC - Getting first paragraph element
20:45:45.500 [TestNG-test=RetryMultipleFailedTestcases-4] INFO  sprint3_TestCases.B_Verify_WordCountTC - Performing actions to select and modify text in the middle of the element
20:45:47.254 [TestNG-test=RetryMultipleFailedTestcases-4] INFO  sprint3_TestCases.B_Verify_WordCountTC - Switching back to default content
20:45:47.538 [TestNG-test=RetryMultipleFailedTestcases-4] INFO  sprint3_TestCases.B_Verify_WordCountTC - Splitting word count text after modification
20:45:47.683 [TestNG-test=RetryMultipleFailedTestcases-4] INFO  sprint3_TestCases.B_Verify_WordCountTC - verify_wordCount_MidddleOfElement test completed successfully.
20:45:51.323 [TestNG-test=RetryMultipleFailedTestcases-2] INFO  sprint3_TestCases.C_Verify_FocusMode - Starting verify_FocusMode_Tooltip test...
20:45:51.323 [TestNG-test=RetryMultipleFailedTestcases-2] INFO  sprint3_TestCases.C_Verify_FocusMode - ReusableMethods.LoginAndSearchFile_ClickEdit()
20:45:51.955 [TestNG-test=RetryMultipleFailedTestcases-3] INFO  sprint3_TestCases.B_Verify_WordCountTC - Creating A_Verify_BottomRibbon instance
20:45:51.955 [TestNG-test=RetryMultipleFailedTestcases-3] INFO  sprint3_TestCases.B_Verify_WordCountTC - Splitting word count text
20:45:51.999 [TestNG-test=RetryMultipleFailedTestcases-3] INFO  sprint3_TestCases.B_Verify_WordCountTC - Switching to frame 0
20:45:52.015 [TestNG-test=RetryMultipleFailedTestcases-3] INFO  sprint3_TestCases.B_Verify_WordCountTC - Clicking first paragraph
20:45:52.564 [TestNG-test=RetryMultipleFailedTestcases-3] INFO  sprint3_TestCases.B_Verify_WordCountTC - Switching back to default content
20:45:52.630 [TestNG-test=RetryMultipleFailedTestcases-3] INFO  sprint3_TestCases.B_Verify_WordCountTC - Performing actions to modify text at the end of the element
20:45:53.822 [TestNG-test=RetryMultipleFailedTestcases-3] INFO  sprint3_TestCases.B_Verify_WordCountTC - Splitting word count text after modification
20:45:54.150 [TestNG-test=RetryMultipleFailedTestcases-3] INFO  sprint3_TestCases.B_Verify_WordCountTC - verify_wordCount_EndOfElement test completed successfully.
20:45:56.530 [TestNG-test=RetryMultipleFailedTestcases-4] INFO  sprint3_TestCases.C_Verify_FocusMode - Starting verify_FocusMode_Highlighted test...
20:45:56.530 [TestNG-test=RetryMultipleFailedTestcases-4] INFO  sprint3_TestCases.C_Verify_FocusMode - ReusableMethods.LoginAndSearchFile_ClickEdit()
20:46:01.161 [TestNG-test=RetryMultipleFailedTestcases-3] INFO  sprint3_TestCases.C_Verify_FocusMode - Starting verify_FocusMode_OnDoubleClicking test...
20:46:01.162 [TestNG-test=RetryMultipleFailedTestcases-3] INFO  sprint3_TestCases.C_Verify_FocusMode - ReusableMethods.LoginAndSearchFile_ClickEdit()
20:46:12.095 [TestNG-test=RetryMultipleFailedTestcases-1] INFO  sprint3_TestCases.B_Verify_WordCountTC - Creating A_Verify_BottomRibbon instance
20:46:12.096 [TestNG-test=RetryMultipleFailedTestcases-1] INFO  sprint3_TestCases.B_Verify_WordCountTC - Getting initial word count text
20:46:12.205 [TestNG-test=RetryMultipleFailedTestcases-1] INFO  sprint3_TestCases.B_Verify_WordCountTC - Switching to frame 0
20:46:12.274 [TestNG-test=RetryMultipleFailedTestcases-1] INFO  sprint3_TestCases.B_Verify_WordCountTC - Double-clicking first paragraph
20:46:12.274 [TestNG-test=RetryMultipleFailedTestcases-1] INFO  sprint3_TestCases.B_Verify_WordCountTC - Copying selected text
20:46:13.560 [TestNG-test=RetryMultipleFailedTestcases-1] INFO  sprint3_TestCases.B_Verify_WordCountTC - Switching back to default content
20:46:13.606 [TestNG-test=RetryMultipleFailedTestcases-1] INFO  sprint3_TestCases.B_Verify_WordCountTC - Switching back to frame 0
20:46:13.657 [TestNG-test=RetryMultipleFailedTestcases-1] INFO  sprint3_TestCases.B_Verify_WordCountTC - Clicking second paragraph
20:46:13.658 [TestNG-test=RetryMultipleFailedTestcases-1] INFO  sprint3_TestCases.B_Verify_WordCountTC - Pasting copied text and adding space
20:46:15.610 [TestNG-test=RetryMultipleFailedTestcases-1] INFO  sprint3_TestCases.B_Verify_WordCountTC - Switching back to default content
20:46:15.814 [TestNG-test=RetryMultipleFailedTestcases-1] INFO  sprint3_TestCases.B_Verify_WordCountTC - Getting final word count text
20:46:15.877 [TestNG-test=RetryMultipleFailedTestcases-1] INFO  sprint3_TestCases.B_Verify_WordCountTC - verify_WordCount_ByCopyPaste test completed successfully.
20:46:20.009 [TestNG-test=RetryMultipleFailedTestcases-2] INFO  sprint3_TestCases.C_Verify_FocusMode - Creating A_Verify_BottomRibbon instance
20:46:20.010 [TestNG-test=RetryMultipleFailedTestcases-2] INFO  sprint3_TestCases.C_Verify_FocusMode - Clicking Focus Mode
20:46:20.537 [TestNG-test=RetryMultipleFailedTestcases-2] INFO  sprint3_TestCases.C_Verify_FocusMode - Moving to Focus Mode element to trigger tooltip
20:46:21.001 [TestNG-test=RetryMultipleFailedTestcases-2] INFO  sprint3_TestCases.C_Verify_FocusMode - Getting tooltip inner text
20:46:21.076 [TestNG-test=RetryMultipleFailedTestcases-2] INFO  sprint3_TestCases.C_Verify_FocusMode - Verifying tooltip is displayed
20:46:21.076 [TestNG-test=RetryMultipleFailedTestcases-2] INFO  sprint3_TestCases.C_Verify_FocusMode - verify_FocusMode_Tooltip test completed successfully.
20:46:26.613 [TestNG-test=RetryMultipleFailedTestcases-1] INFO  sprint3_TestCases.C_Verify_FocusMode - Starting verify_FocusMode_OnRefresh test...
20:46:26.613 [TestNG-test=RetryMultipleFailedTestcases-1] INFO  sprint3_TestCases.C_Verify_FocusMode - ReusableMethods.LoginAndSearchFile_ClickEdit()
20:46:27.646 [TestNG-test=RetryMultipleFailedTestcases-4] INFO  sprint3_TestCases.C_Verify_FocusMode - Creating A_Verify_BottomRibbon instance
20:46:27.647 [TestNG-test=RetryMultipleFailedTestcases-4] INFO  sprint3_TestCases.C_Verify_FocusMode - Clicking Focus Mode
20:46:28.224 [TestNG-test=RetryMultipleFailedTestcases-4] INFO  sprint3_TestCases.C_Verify_FocusMode - Getting style attribute of Focus Mode Highlighted element
20:46:28.629 [TestNG-test=RetryMultipleFailedTestcases-4] INFO  sprint3_TestCases.C_Verify_FocusMode - Verifying Focus Mode is highlighted
20:46:28.644 [TestNG-test=RetryMultipleFailedTestcases-4] INFO  sprint3_TestCases.C_Verify_FocusMode - verify_FocusMode_Highlighted test completed successfully.
20:46:34.004 [TestNG-test=RetryMultipleFailedTestcases-2] INFO  sprint3_TestCases.C_Verify_FocusMode - Starting verify_FocusMode_OnBrowserMinimize test...
20:46:34.004 [TestNG-test=RetryMultipleFailedTestcases-2] INFO  sprint3_TestCases.C_Verify_FocusMode - ReusableMethods.LoginAndSearchFile_ClickEdit()
20:46:34.565 [TestNG-test=RetryMultipleFailedTestcases-3] INFO  sprint3_TestCases.C_Verify_FocusMode - Creating A_Verify_BottomRibbon instance
20:46:34.566 [TestNG-test=RetryMultipleFailedTestcases-3] INFO  sprint3_TestCases.C_Verify_FocusMode - Clicking Focus Mode
20:46:35.148 [TestNG-test=RetryMultipleFailedTestcases-3] INFO  sprint3_TestCases.C_Verify_FocusMode - Verifying Focus Mode is highlighted
20:46:35.630 [TestNG-test=RetryMultipleFailedTestcases-3] INFO  sprint3_TestCases.C_Verify_FocusMode - Clicking Focus Mode again
20:46:36.051 [TestNG-test=RetryMultipleFailedTestcases-3] INFO  sprint3_TestCases.C_Verify_FocusMode - Verifying Focus Mode is not highlighted
20:46:36.626 [TestNG-test=RetryMultipleFailedTestcases-3] INFO  sprint3_TestCases.C_Verify_FocusMode - verify_FocusMode_OnDoubleClicking test completed successfully.
20:46:39.320 [TestNG-test=RetryMultipleFailedTestcases-4] INFO  sprint3_TestCases.C_Verify_FocusMode - Starting verify_FocusMode_Enabled test...
20:46:39.320 [TestNG-test=RetryMultipleFailedTestcases-4] INFO  sprint3_TestCases.C_Verify_FocusMode - ReusableMethods.LoginAndSearchFile_ClickEdit()
20:46:43.118 [TestNG-test=RetryMultipleFailedTestcases-3] INFO  sprint3_TestCases.C_Verify_FocusMode - Starting verify_FocusMode_LeftPanal_Open test...
20:46:43.118 [TestNG-test=RetryMultipleFailedTestcases-3] INFO  sprint3_TestCases.C_Verify_FocusMode - ReusableMethods.LoginAndSearchFile_ClickEdit()
20:46:56.551 [TestNG-test=RetryMultipleFailedTestcases-1] INFO  sprint3_TestCases.C_Verify_FocusMode - Creating A_Verify_BottomRibbon instance
20:46:56.552 [TestNG-test=RetryMultipleFailedTestcases-1] INFO  sprint3_TestCases.C_Verify_FocusMode - Clicking Focus Mode
20:46:57.018 [TestNG-test=RetryMultipleFailedTestcases-1] INFO  sprint3_TestCases.C_Verify_FocusMode - Getting style attribute of Focus Mode Highlighted element
20:46:57.326 [TestNG-test=RetryMultipleFailedTestcases-1] INFO  sprint3_TestCases.C_Verify_FocusMode - Verifying Focus Mode is highlighted
20:46:57.326 [TestNG-test=RetryMultipleFailedTestcases-1] INFO  sprint3_TestCases.C_Verify_FocusMode - Verifying Visual Editor is not displayed
20:46:57.493 [TestNG-test=RetryMultipleFailedTestcases-1] INFO  sprint3_TestCases.C_Verify_FocusMode - Refreshing the page
20:46:57.532 [TestNG-test=RetryMultipleFailedTestcases-1] INFO  sprint3_TestCases.C_Verify_FocusMode - Verifying Visual Editor is displayed after refresh
20:47:02.590 [TestNG-test=RetryMultipleFailedTestcases-2] INFO  sprint3_TestCases.C_Verify_FocusMode - Creating A_Verify_BottomRibbon instance
20:47:02.592 [TestNG-test=RetryMultipleFailedTestcases-2] INFO  sprint3_TestCases.C_Verify_FocusMode - Clicking Focus Mode
20:47:02.760 [TestNG-test=RetryMultipleFailedTestcases-1] INFO  sprint3_TestCases.C_Verify_FocusMode - verify_FocusMode_OnRefresh test completed successfully.
20:47:03.011 [TestNG-test=RetryMultipleFailedTestcases-2] INFO  sprint3_TestCases.C_Verify_FocusMode - Getting style attribute of Focus Mode Highlighted element
20:47:03.418 [TestNG-test=RetryMultipleFailedTestcases-2] INFO  sprint3_TestCases.C_Verify_FocusMode - Verifying Focus Mode is highlighted
20:47:03.418 [TestNG-test=RetryMultipleFailedTestcases-2] INFO  sprint3_TestCases.C_Verify_FocusMode - Verifying Visual Editor is not displayed
20:47:03.528 [TestNG-test=RetryMultipleFailedTestcases-2] INFO  sprint3_TestCases.C_Verify_FocusMode - Refreshing the page
20:47:08.726 [TestNG-test=RetryMultipleFailedTestcases-2] INFO  sprint3_TestCases.C_Verify_FocusMode - Verifying Visual Editor is displayed after refresh
20:47:08.726 [TestNG-test=RetryMultipleFailedTestcases-2] INFO  sprint3_TestCases.C_Verify_FocusMode - verify_FocusMode_OnBrowserMinimize test completed successfully.
20:47:11.929 [TestNG-test=RetryMultipleFailedTestcases-1] INFO  sprint3_TestCases.C_Verify_FocusMode - Starting verify_FocusMode_RightPanal_Open test...
20:47:11.929 [TestNG-test=RetryMultipleFailedTestcases-1] INFO  sprint3_TestCases.C_Verify_FocusMode - ReusableMethods.LoginAndSearchFile_ClickEdit()
20:47:13.791 [TestNG-test=RetryMultipleFailedTestcases-4] INFO  sprint3_TestCases.C_Verify_FocusMode - Creating A_Verify_BottomRibbon instance
20:47:13.793 [TestNG-test=RetryMultipleFailedTestcases-4] INFO  sprint3_TestCases.C_Verify_FocusMode - Clicking Focus Mode
20:47:14.264 [TestNG-test=RetryMultipleFailedTestcases-4] INFO  sprint3_TestCases.C_Verify_FocusMode - Minimizing and maximizing the browser window
20:47:14.808 [TestNG-test=RetryMultipleFailedTestcases-3] INFO  sprint3_TestCases.C_Verify_FocusMode - Creating A_Verify_BottomRibbon instance
20:47:14.810 [TestNG-test=RetryMultipleFailedTestcases-3] INFO  sprint3_TestCases.C_Verify_FocusMode - Clicking Focus Mode
20:47:15.125 [TestNG-test=RetryMultipleFailedTestcases-4] INFO  sprint3_TestCases.C_Verify_FocusMode - Verifying elements are not displayed in Focus Mode
20:47:15.406 [TestNG-test=RetryMultipleFailedTestcases-3] INFO  sprint3_TestCases.C_Verify_FocusMode - Clicking Left Panel Open
20:47:16.049 [TestNG-test=RetryMultipleFailedTestcases-3] INFO  sprint3_TestCases.C_Verify_FocusMode - Verifying Left Side Content Block Panal is displayed
20:47:16.795 [TestNG-test=RetryMultipleFailedTestcases-3] INFO  sprint3_TestCases.C_Verify_FocusMode - Verifying Left Side Content Block Panal is displayed
20:47:16.795 [TestNG-test=RetryMultipleFailedTestcases-3] INFO  sprint3_TestCases.C_Verify_FocusMode - Clicking Left Panel Close
20:47:17.245 [TestNG-test=RetryMultipleFailedTestcases-3] INFO  sprint3_TestCases.C_Verify_FocusMode - verify_FocusMode_LeftPanal_Open test completed successfully.
20:47:19.472 [TestNG-test=RetryMultipleFailedTestcases-2] INFO  sprint3_TestCases.C_Verify_FocusMode - Starting verify_FocusMode_LeftPanal_RightPanal test...
20:47:19.472 [TestNG-test=RetryMultipleFailedTestcases-2] INFO  sprint3_TestCases.C_Verify_FocusMode - ReusableMethods.LoginAndSearchFile_ClickEdit()
20:47:22.909 [TestNG-test=RetryMultipleFailedTestcases-3] INFO  sprint3_TestCases.C_Verify_FocusMode - Starting verify_FocusMode_LeftPanal_Close test...
20:47:22.909 [TestNG-test=RetryMultipleFailedTestcases-3] INFO  sprint3_TestCases.C_Verify_FocusMode - ReusableMethods.LoginAndSearchFile_ClickEdit()
20:47:40.618 [TestNG-test=RetryMultipleFailedTestcases-1] INFO  sprint3_TestCases.C_Verify_FocusMode - Creating A_Verify_BottomRibbon instance
20:47:40.619 [TestNG-test=RetryMultipleFailedTestcases-1] INFO  sprint3_TestCases.C_Verify_FocusMode - Clicking Focus Mode
20:47:40.871 [TestNG-test=RetryMultipleFailedTestcases-1] INFO  sprint3_TestCases.C_Verify_FocusMode - Clicking Right Panel Open
20:47:41.344 [TestNG-test=RetryMultipleFailedTestcases-1] INFO  sprint3_TestCases.C_Verify_FocusMode - Verifying Right Side Element Panal is displayed
20:47:42.393 [TestNG-test=RetryMultipleFailedTestcases-1] INFO  sprint3_TestCases.C_Verify_FocusMode - Verifying Right Side Element Panal is displayed
20:47:42.393 [TestNG-test=RetryMultipleFailedTestcases-1] INFO  sprint3_TestCases.C_Verify_FocusMode - Clicking Right Panel Close
20:47:42.901 [TestNG-test=RetryMultipleFailedTestcases-1] INFO  sprint3_TestCases.C_Verify_FocusMode - verify_FocusMode_RightPanal_Open test completed successfully.
20:47:45.753 [TestNG-test=RetryMultipleFailedTestcases-2] INFO  sprint3_TestCases.C_Verify_FocusMode - Creating A_Verify_BottomRibbon instance
20:47:45.754 [TestNG-test=RetryMultipleFailedTestcases-2] INFO  sprint3_TestCases.C_Verify_FocusMode - Clicking Focus Mode
20:47:46.090 [TestNG-test=RetryMultipleFailedTestcases-2] INFO  sprint3_TestCases.C_Verify_FocusMode - Clicking Right Panel Open
20:47:46.747 [TestNG-test=RetryMultipleFailedTestcases-2] INFO  sprint3_TestCases.C_Verify_FocusMode - Verifying Right Side Element Panal is displayed
20:47:48.019 [TestNG-test=RetryMultipleFailedTestcases-2] INFO  sprint3_TestCases.C_Verify_FocusMode - Clicking Left Panel Open
20:47:48.348 [TestNG-test=RetryMultipleFailedTestcases-2] INFO  sprint3_TestCases.C_Verify_FocusMode - Verifying Left Side Content Block Panal is displayed
20:47:48.910 [TestNG-test=RetryMultipleFailedTestcases-2] INFO  sprint3_TestCases.C_Verify_FocusMode - verify_FocusMode_LeftPanal_RightPanal test completed successfully.
20:47:50.539 [TestNG-test=RetryMultipleFailedTestcases-3] INFO  sprint3_TestCases.C_Verify_FocusMode - Creating A_Verify_BottomRibbon instance
20:47:50.540 [TestNG-test=RetryMultipleFailedTestcases-3] INFO  sprint3_TestCases.C_Verify_FocusMode - Clicking Focus Mode
20:47:51.130 [TestNG-test=RetryMultipleFailedTestcases-3] INFO  sprint3_TestCases.C_Verify_FocusMode - Clicking Left Panel Open
20:47:52.789 [TestNG-test=RetryMultipleFailedTestcases-1] INFO  sprint3_TestCases.C_Verify_FocusMode - Starting verify_FocusMode_RightPanal_Close test...
20:47:52.789 [TestNG-test=RetryMultipleFailedTestcases-1] INFO  sprint3_TestCases.C_Verify_FocusMode - ReusableMethods.LoginAndSearchFile_ClickEdit()
20:47:54.768 [TestNG-test=RetryMultipleFailedTestcases-3] INFO  sprint3_TestCases.C_Verify_FocusMode - Clicking Left Panel Close
20:47:56.957 [TestNG-test=RetryMultipleFailedTestcases-2] INFO  sprint3_TestCases.C_Verify_FocusMode - Starting verify_FocusMode_LeftPanel_Tooltip test...
20:47:56.957 [TestNG-test=RetryMultipleFailedTestcases-2] INFO  sprint3_TestCases.C_Verify_FocusMode - ReusableMethods.LoginAndSearchFile_ClickEdit()
20:48:06.923 [TestNG-test=RetryMultipleFailedTestcases-4] INFO  sprint3_TestCases.C_Verify_FocusMode - verify_FocusMode_Enabled test completed successfully.
20:48:08.250 [TestNG-test=RetryMultipleFailedTestcases-3] INFO  sprint3_TestCases.C_Verify_FocusMode - Verifying Left Side Content Block Panal is not displayed
20:48:08.250 [TestNG-test=RetryMultipleFailedTestcases-3] INFO  sprint3_TestCases.C_Verify_FocusMode - verify_FocusMode_LeftPanal_Close test completed successfully.
20:48:13.016 [TestNG-test=RetryMultipleFailedTestcases-4] INFO  sprint3_TestCases.C_Verify_FocusMode - Starting verify_FocusMode_RightPanel_Tooltip test...
20:48:13.016 [TestNG-test=RetryMultipleFailedTestcases-4] INFO  sprint3_TestCases.C_Verify_FocusMode - ReusableMethods.LoginAndSearchFile_ClickEdit()
20:48:15.311 [TestNG-test=RetryMultipleFailedTestcases-3] INFO  sprint3_TestCases.C_Verify_FocusMode - Starting verify_FocusMode_ZoomOptions test...
20:48:15.311 [TestNG-test=RetryMultipleFailedTestcases-3] INFO  sprint3_TestCases.C_Verify_FocusMode - ReusableMethods.LoginAndSearchFile_ClickEdit()
20:48:20.929 [TestNG-test=RetryMultipleFailedTestcases-1] INFO  sprint3_TestCases.C_Verify_FocusMode - Creating A_Verify_BottomRibbon instance
20:48:20.929 [TestNG-test=RetryMultipleFailedTestcases-1] INFO  sprint3_TestCases.C_Verify_FocusMode - Clicking Focus Mode
20:48:21.365 [TestNG-test=RetryMultipleFailedTestcases-1] INFO  sprint3_TestCases.C_Verify_FocusMode - Clicking Right Panel Open
20:48:22.983 [TestNG-test=RetryMultipleFailedTestcases-1] INFO  sprint3_TestCases.C_Verify_FocusMode - Clicking Right Panel Close
20:48:26.052 [TestNG-test=RetryMultipleFailedTestcases-2] INFO  sprint3_TestCases.C_Verify_FocusMode - Creating A_Verify_BottomRibbon instance
20:48:26.053 [TestNG-test=RetryMultipleFailedTestcases-2] INFO  sprint3_TestCases.C_Verify_FocusMode - Clicking Focus Mode
20:48:29.667 [TestNG-test=RetryMultipleFailedTestcases-2] INFO  sprint3_TestCases.C_Verify_FocusMode - Clicking Right Panel Open
20:48:29.814 [TestNG-test=RetryMultipleFailedTestcases-2] INFO  sprint3_TestCases.C_Verify_FocusMode - Verifying Left Panel Close Tooltip
20:48:29.884 [TestNG-test=RetryMultipleFailedTestcases-2] INFO  sprint3_TestCases.C_Verify_FocusMode - verify_FocusMode_LeftPanel_Tooltip test completed successfully.
20:48:35.562 [TestNG-test=RetryMultipleFailedTestcases-1] INFO  sprint3_TestCases.C_Verify_FocusMode - Verifying Right Side Element Panal is not displayed
20:48:35.562 [TestNG-test=RetryMultipleFailedTestcases-1] INFO  sprint3_TestCases.C_Verify_FocusMode - verify_FocusMode_RightPanal_Close test completed successfully.
20:48:37.229 [TestNG-test=RetryMultipleFailedTestcases-2] INFO  sprint3_TestCases.C_Verify_FocusMode - Starting verify_FocusMode_OnBrowserMinimizeAndMaximize test...
20:48:37.229 [TestNG-test=RetryMultipleFailedTestcases-2] INFO  sprint3_TestCases.C_Verify_FocusMode - ReusableMethods.LoginAndSearchFile_ClickEdit()
20:48:43.227 [TestNG-test=RetryMultipleFailedTestcases-4] INFO  sprint3_TestCases.C_Verify_FocusMode - Creating A_Verify_BottomRibbon instance
20:48:43.228 [TestNG-test=RetryMultipleFailedTestcases-4] INFO  sprint3_TestCases.C_Verify_FocusMode - Clicking Focus Mode
20:48:45.162 [TestNG-test=RetryMultipleFailedTestcases-3] INFO  sprint3_TestCases.C_Verify_FocusMode - Creating A_Verify_BottomRibbon instance
20:48:45.163 [TestNG-test=RetryMultipleFailedTestcases-3] INFO  sprint3_TestCases.C_Verify_FocusMode - Clicking Focus Mode
20:48:45.532 [TestNG-test=RetryMultipleFailedTestcases-1] INFO  sprint3_TestCases.C_Verify_FocusMode - Starting verify_FocusModeHighlightd_OnBrowserMinimizeAndMaximize test...
20:48:45.532 [TestNG-test=RetryMultipleFailedTestcases-1] INFO  sprint3_TestCases.C_Verify_FocusMode - ReusableMethods.LoginAndSearchFile_ClickEdit()
20:48:45.614 [TestNG-test=RetryMultipleFailedTestcases-3] INFO  sprint3_TestCases.C_Verify_FocusMode - Clicking Zoom Out
20:48:46.779 [TestNG-test=RetryMultipleFailedTestcases-4] INFO  sprint3_TestCases.C_Verify_FocusMode - Verifying General attribute label is not displayed
20:48:47.985 [TestNG-test=RetryMultipleFailedTestcases-3] INFO  sprint3_TestCases.C_Verify_FocusMode - Clicking Zoom In
20:48:50.221 [TestNG-test=RetryMultipleFailedTestcases-3] INFO  sprint3_TestCases.C_Verify_FocusMode - verify_FocusMode_ZoomOptions test completed successfully.
20:48:56.788 [TestNG-test=RetryMultipleFailedTestcases-3] INFO  sprint3_TestCases.D_Verify_BlockViewTC - Starting verify_BlockView_Enabled test...
20:48:56.788 [TestNG-test=RetryMultipleFailedTestcases-3] INFO  sprint3_TestCases.D_Verify_BlockViewTC - ReusableMethods.LoginAndSearchFile_ClickEdit()
20:48:57.272 [TestNG-test=RetryMultipleFailedTestcases-4] INFO  sprint3_TestCases.C_Verify_FocusMode - Verifying Right Panel Open Tooltip
20:48:57.320 [TestNG-test=RetryMultipleFailedTestcases-4] INFO  sprint3_TestCases.C_Verify_FocusMode - Clicking Right Panel Open
20:48:57.558 [TestNG-test=RetryMultipleFailedTestcases-4] INFO  sprint3_TestCases.C_Verify_FocusMode - Verifying Right Panel Close Tooltip
20:48:59.089 [TestNG-test=RetryMultipleFailedTestcases-4] INFO  sprint3_TestCases.C_Verify_FocusMode - verify_FocusMode_RightPanel_Tooltip test completed successfully.
20:49:03.949 [TestNG-test=RetryMultipleFailedTestcases-2] INFO  sprint3_TestCases.C_Verify_FocusMode - Creating A_Verify_BottomRibbon instance
20:49:03.950 [TestNG-test=RetryMultipleFailedTestcases-2] INFO  sprint3_TestCases.C_Verify_FocusMode - Verifying that Focus Mode is displayed
20:49:04.288 [TestNG-test=RetryMultipleFailedTestcases-2] INFO  sprint3_TestCases.C_Verify_FocusMode - Changing the browser window size
20:49:05.164 [TestNG-test=RetryMultipleFailedTestcases-2] INFO  sprint3_TestCases.C_Verify_FocusMode - Verifying that Focus Mode is not displayed after minimizing
20:49:09.825 [TestNG-test=RetryMultipleFailedTestcases-4] INFO  sprint3_TestCases.E_Verify_Zoom_OptionsTC - Starting verify_Zoom_Options_Highlighted test...
20:49:09.825 [TestNG-test=RetryMultipleFailedTestcases-4] INFO  sprint3_TestCases.E_Verify_Zoom_OptionsTC - ReusableMethods.LoginAndSearchFile_ClickEdit()
20:49:11.498 [TestNG-test=RetryMultipleFailedTestcases-1] INFO  sprint3_TestCases.C_Verify_FocusMode - Creating A_Verify_BottomRibbon instance
20:49:11.499 [TestNG-test=RetryMultipleFailedTestcases-1] INFO  sprint3_TestCases.C_Verify_FocusMode - Clicking Focus Mode
20:49:11.956 [TestNG-test=RetryMultipleFailedTestcases-1] INFO  sprint3_TestCases.C_Verify_FocusMode - Getting style attribute of Focus Mode Highlighted element
20:49:12.223 [TestNG-test=RetryMultipleFailedTestcases-1] INFO  sprint3_TestCases.C_Verify_FocusMode - Verifying Focus Mode is highlighted
20:49:12.224 [TestNG-test=RetryMultipleFailedTestcases-1] INFO  sprint3_TestCases.C_Verify_FocusMode - Changing the browser window size
20:49:12.843 [TestNG-test=RetryMultipleFailedTestcases-1] INFO  sprint3_TestCases.C_Verify_FocusMode - Getting style attribute of Focus Mode Highlighted element after maximizing
20:49:13.313 [TestNG-test=RetryMultipleFailedTestcases-1] INFO  sprint3_TestCases.C_Verify_FocusMode - Verifying Focus Mode is not highlighted after maximizing
20:49:13.314 [TestNG-test=RetryMultipleFailedTestcases-1] INFO  sprint3_TestCases.C_Verify_FocusMode - Verifying that Focus Mode style changed after maximizing
20:49:13.314 [TestNG-test=RetryMultipleFailedTestcases-1] INFO  sprint3_TestCases.C_Verify_FocusMode - verify_FocusModeHighlightd_OnBrowserMinimizeAndMaximize test completed successfully.
20:49:23.136 [TestNG-test=RetryMultipleFailedTestcases-1] INFO  sprint3_TestCases.E_Verify_Zoom_OptionsTC - Starting verify_Zoom_Default_Options test...
20:49:23.136 [TestNG-test=RetryMultipleFailedTestcases-1] INFO  sprint3_TestCases.E_Verify_Zoom_OptionsTC - ReusableMethods.LoginAndSearchFile_ClickEdit()
20:49:25.200 [TestNG-test=RetryMultipleFailedTestcases-3] INFO  sprint3_TestCases.D_Verify_BlockViewTC - Creating A_Verify_BottomRibbon instance
20:49:25.201 [TestNG-test=RetryMultipleFailedTestcases-3] INFO  sprint3_TestCases.D_Verify_BlockViewTC - Switching to iframe
20:49:25.237 [TestNG-test=RetryMultipleFailedTestcases-3] INFO  sprint3_TestCases.D_Verify_BlockViewTC - Verifying section element border is not separated
20:49:25.364 [TestNG-test=RetryMultipleFailedTestcases-3] INFO  sprint3_TestCases.D_Verify_BlockViewTC - verify_BlockView_Enabled test completed successfully.
20:49:31.671 [TestNG-test=RetryMultipleFailedTestcases-3] INFO  sprint3_TestCases.E_Verify_Zoom_OptionsTC - Starting verify_ZoomOptions_AfterRefresh test...
20:49:31.671 [TestNG-test=RetryMultipleFailedTestcases-3] INFO  sprint3_TestCases.E_Verify_Zoom_OptionsTC - ReusableMethods.LoginAndSearchFile_ClickEdit()
20:49:41.780 [TestNG-test=RetryMultipleFailedTestcases-4] INFO  sprint3_TestCases.E_Verify_Zoom_OptionsTC - Creating A_Verify_BottomRibbon instance
20:49:41.781 [TestNG-test=RetryMultipleFailedTestcases-4] INFO  sprint3_TestCases.E_Verify_Zoom_OptionsTC - Verifying Zoom options displayed
20:49:41.862 [TestNG-test=RetryMultipleFailedTestcases-4] INFO  sprint3_TestCases.E_Verify_Zoom_OptionsTC - Getting color of Zoomer element
20:49:41.912 [TestNG-test=RetryMultipleFailedTestcases-4] INFO  sprint3_TestCases.E_Verify_Zoom_OptionsTC - Verifying Zoomer color
20:49:41.912 [TestNG-test=RetryMultipleFailedTestcases-4] INFO  sprint3_TestCases.E_Verify_Zoom_OptionsTC - verify_Zoom_Options_Highlighted test completed successfully.
20:49:45.614 [TestNG-test=RetryMultipleFailedTestcases-2] INFO  sprint3_TestCases.C_Verify_FocusMode - verify_FocusMode_OnBrowserMinimizeAndMaximize test completed successfully.
20:49:49.240 [TestNG-test=RetryMultipleFailedTestcases-4] INFO  sprint3_TestCases.E_Verify_Zoom_OptionsTC - Starting verify_ZoomIn_Options test...
20:49:49.240 [TestNG-test=RetryMultipleFailedTestcases-4] INFO  sprint3_TestCases.E_Verify_Zoom_OptionsTC - ReusableMethods.LoginAndSearchFile_ClickEdit()
20:49:53.734 [TestNG-test=RetryMultipleFailedTestcases-2] INFO  sprint3_TestCases.E_Verify_Zoom_OptionsTC - Starting verify_ZoomOut_Options test...
20:49:53.734 [TestNG-test=RetryMultipleFailedTestcases-2] INFO  sprint3_TestCases.E_Verify_Zoom_OptionsTC - ReusableMethods.LoginAndSearchFile_ClickEdit()
20:49:57.245 [TestNG-test=RetryMultipleFailedTestcases-1] INFO  sprint3_TestCases.E_Verify_Zoom_OptionsTC - Creating A_Verify_BottomRibbon instance
20:49:57.246 [TestNG-test=RetryMultipleFailedTestcases-1] INFO  sprint3_TestCases.E_Verify_Zoom_OptionsTC - Verifying Zoom options displayed
20:49:57.339 [TestNG-test=RetryMultipleFailedTestcases-1] INFO  sprint3_TestCases.E_Verify_Zoom_OptionsTC - Waiting for page to load
20:49:57.348 [TestNG-test=RetryMultipleFailedTestcases-1] INFO  sprint3_TestCases.E_Verify_Zoom_OptionsTC - Verifying Zoom Option Default is displayed
20:49:57.463 [TestNG-test=RetryMultipleFailedTestcases-1] INFO  sprint3_TestCases.E_Verify_Zoom_OptionsTC - verify_Zoom_Default_Options test completed successfully.
20:50:03.994 [TestNG-test=RetryMultipleFailedTestcases-3] INFO  sprint3_TestCases.E_Verify_Zoom_OptionsTC - Creating A_Verify_BottomRibbon instance
20:50:03.995 [TestNG-test=RetryMultipleFailedTestcases-3] INFO  sprint3_TestCases.E_Verify_Zoom_OptionsTC - Verifying Zoom options before refresh
20:50:04.381 [TestNG-test=RetryMultipleFailedTestcases-3] INFO  sprint3_TestCases.E_Verify_Zoom_OptionsTC - Refreshing the page
20:50:04.475 [TestNG-test=RetryMultipleFailedTestcases-1] INFO  sprint3_TestCases.E_Verify_Zoom_OptionsTC - Starting verify_ZoomOptions_100Percentage test...
20:50:04.475 [TestNG-test=RetryMultipleFailedTestcases-1] INFO  sprint3_TestCases.E_Verify_Zoom_OptionsTC - ReusableMethods.LoginAndSearchFile_ClickEdit()
20:50:06.009 [TestNG-test=RetryMultipleFailedTestcases-3] INFO  sprint3_TestCases.E_Verify_Zoom_OptionsTC - Verifying Zoom options after refresh
20:50:07.481 [TestNG-test=RetryMultipleFailedTestcases-3] INFO  sprint3_TestCases.E_Verify_Zoom_OptionsTC - verify_ZoomOptions_AfterRefresh test completed successfully.
20:50:15.274 [TestNG-test=RetryMultipleFailedTestcases-3] INFO  sprint3_TestCases.G_CommonBugsTC - Starting verify_PrintPreviewVisibility_FocusMode test...
20:50:15.274 [TestNG-test=RetryMultipleFailedTestcases-3] INFO  sprint3_TestCases.G_CommonBugsTC - ReusableMethods.LoginAndSearchFile_ClickEdit()
20:50:18.196 [TestNG-test=RetryMultipleFailedTestcases-4] INFO  sprint3_TestCases.E_Verify_Zoom_OptionsTC - Creating A_Verify_BottomRibbon instance
20:50:18.197 [TestNG-test=RetryMultipleFailedTestcases-4] INFO  sprint3_TestCases.E_Verify_Zoom_OptionsTC - Verifying Zoom In and Zoom Out options
20:50:18.436 [TestNG-test=RetryMultipleFailedTestcases-4] INFO  sprint3_TestCases.E_Verify_Zoom_OptionsTC - Clicking Zoom In multiple times
20:50:24.821 [TestNG-test=RetryMultipleFailedTestcases-2] INFO  sprint3_TestCases.E_Verify_Zoom_OptionsTC - Creating A_Verify_BottomRibbon instance
20:50:24.822 [TestNG-test=RetryMultipleFailedTestcases-2] INFO  sprint3_TestCases.E_Verify_Zoom_OptionsTC - Verifying Zoom In and Zoom Out options
20:50:25.122 [TestNG-test=RetryMultipleFailedTestcases-2] INFO  sprint3_TestCases.E_Verify_Zoom_OptionsTC - Clicking Zoom Out multiple times
20:50:25.406 [TestNG-test=RetryMultipleFailedTestcases-4] INFO  sprint3_TestCases.E_Verify_Zoom_OptionsTC - Getting Zoom Option Default text
20:50:25.471 [TestNG-test=RetryMultipleFailedTestcases-4] INFO  sprint3_TestCases.E_Verify_Zoom_OptionsTC - Verifying Zoom In functionality
20:50:25.471 [TestNG-test=RetryMultipleFailedTestcases-4] INFO  sprint3_TestCases.E_Verify_Zoom_OptionsTC - verify_ZoomIn_Options test completed successfully.
20:50:27.638 [TestNG-test=RetryMultipleFailedTestcases-2] INFO  sprint3_TestCases.E_Verify_Zoom_OptionsTC - Verifying Zoom Out options after clicking
20:50:27.696 [TestNG-test=RetryMultipleFailedTestcases-2] INFO  sprint3_TestCases.E_Verify_Zoom_OptionsTC - Getting Zoom Option Default text
20:50:27.728 [TestNG-test=RetryMultipleFailedTestcases-2] INFO  sprint3_TestCases.E_Verify_Zoom_OptionsTC - Verifying Zoom Out functionality
20:50:27.729 [TestNG-test=RetryMultipleFailedTestcases-2] INFO  sprint3_TestCases.E_Verify_Zoom_OptionsTC - verify_ZoomOut_Options test completed successfully.
20:50:33.307 [TestNG-test=RetryMultipleFailedTestcases-4] INFO  sprint3_TestCases.G_CommonBugsTC - Starting verify_WordCount_AfterTrackChanges test...
20:50:33.307 [TestNG-test=RetryMultipleFailedTestcases-4] INFO  sprint3_TestCases.G_CommonBugsTC - ReusableMethods.LoginAndSearchFile_ClickEdit()
20:50:36.557 [TestNG-test=RetryMultipleFailedTestcases-1] INFO  sprint3_TestCases.E_Verify_Zoom_OptionsTC - Creating A_Verify_BottomRibbon instance
20:50:36.558 [TestNG-test=RetryMultipleFailedTestcases-1] INFO  sprint3_TestCases.E_Verify_Zoom_OptionsTC - Getting 100% text
20:50:36.605 [TestNG-test=RetryMultipleFailedTestcases-1] INFO  sprint3_TestCases.E_Verify_Zoom_OptionsTC - Verifying 100% text
20:50:36.605 [TestNG-test=RetryMultipleFailedTestcases-1] INFO  sprint3_TestCases.E_Verify_Zoom_OptionsTC - verify_ZoomOptions_100Percentage test completed successfully.
20:50:43.921 [TestNG-test=RetryMultipleFailedTestcases-3] INFO  sprint3_TestCases.G_CommonBugsTC - Clicking Focus Mode
20:50:44.274 [TestNG-test=RetryMultipleFailedTestcases-3] INFO  sprint3_TestCases.G_CommonBugsTC - Checking if Print Preview is visible
20:50:54.354 [TestNG-test=RetryMultipleFailedTestcases-3] INFO  sprint3_TestCases.G_CommonBugsTC - Exiting Focus Mode
20:50:54.593 [TestNG-test=RetryMultipleFailedTestcases-3] INFO  sprint3_TestCases.G_CommonBugsTC - Checking if Print Preview is visible after exiting Focus Mode
20:50:54.847 [TestNG-test=RetryMultipleFailedTestcases-3] INFO  sprint3_TestCases.G_CommonBugsTC - verify_PrintPreviewVisibility_FocusMode test completed successfully.
20:50:55.372 [TestNG-test=RetryMultipleFailedTestcases-4] INFO  sprint3_TestCases.G_CommonBugsTC - Creating CommonBugs instance
20:50:55.372 [TestNG-test=RetryMultipleFailedTestcases-4] INFO  sprint3_TestCases.G_CommonBugsTC - Getting initial word count
20:50:55.411 [TestNG-test=RetryMultipleFailedTestcases-4] INFO  sprint3_TestCases.G_CommonBugsTC - Word Count: 8701
20:50:55.411 [TestNG-test=RetryMultipleFailedTestcases-4] INFO  sprint3_TestCases.G_CommonBugsTC - Switching to frame
20:50:55.426 [TestNG-test=RetryMultipleFailedTestcases-4] INFO  sprint3_TestCases.G_CommonBugsTC - Modifying content and accepting change
20:50:58.898 [TestNG-test=RetryMultipleFailedTestcases-4] INFO  sprint3_TestCases.G_CommonBugsTC - Getting word count after changes
20:50:58.921 [TestNG-test=RetryMultipleFailedTestcases-4] INFO  sprint3_TestCases.G_CommonBugsTC - verify_WordCount_AfterTrackChanges test completed successfully.
21:05:46.322 [TestNG-test=RetryMultipleFailedTestcases-2] INFO  BasicEditingTC.F5_CrossReferenceTC - Starting verify_CrossReference_EditLink_DS ..
21:05:46.365 [TestNG-test=RetryMultipleFailedTestcases-1] INFO  BasicEditingTC.F5_CrossReferenceTC - Starting verify_InsertCrossReferenceInPara ..
21:05:47.733 [TestNG-test=RetryMultipleFailedTestcases-3] INFO  BasicEditingTC.F5_CrossReferenceTC - Starting verify_CrossReference_EditLink_VE ..
21:05:47.941 [TestNG-test=RetryMultipleFailedTestcases-4] INFO  sprint5_TestCases.Ao_CrossReferenceTC - Starting TC277_verifyCrossreferenceEnable ..
21:06:17.449 [TestNG-test=RetryMultipleFailedTestcases-3] INFO  BasicEditingTC.F5_CrossReferenceTC - Double clicked on First para
21:06:18.596 [TestNG-test=RetryMultipleFailedTestcases-4] INFO  sprint5_TestCases.Ao_CrossReferenceTC - Logged in, searched for a file, and clicked Edit.
21:06:18.614 [TestNG-test=RetryMultipleFailedTestcases-4] INFO  sprint5_TestCases.Ao_CrossReferenceTC - Created Ao_CrossReference instance.
21:06:18.718 [TestNG-test=RetryMultipleFailedTestcases-4] INFO  sprint5_TestCases.Ao_CrossReferenceTC - Switched to frame 0.
21:06:18.719 [TestNG-test=RetryMultipleFailedTestcases-4] INFO  sprint5_TestCases.Ao_CrossReferenceTC - Created Actions class instance.
21:06:18.813 [TestNG-test=RetryMultipleFailedTestcases-3] INFO  BasicEditingTC.F5_CrossReferenceTC - clicked on Cross Reference button 
21:06:19.402 [TestNG-test=RetryMultipleFailedTestcases-2] INFO  BasicEditingTC.F5_CrossReferenceTC - Double clicked on First para
21:06:19.748 [TestNG-test=RetryMultipleFailedTestcases-4] INFO  sprint5_TestCases.Ao_CrossReferenceTC - Double clicked on First para
21:06:19.920 [TestNG-test=RetryMultipleFailedTestcases-4] INFO  sprint5_TestCases.Ao_CrossReferenceTC - Switched back to default content.
21:06:20.000 [TestNG-test=RetryMultipleFailedTestcases-4] INFO  sprint5_TestCases.Ao_CrossReferenceTC - Verified CrossReference is Enabled
21:06:20.000 [TestNG-test=RetryMultipleFailedTestcases-4] INFO  sprint5_TestCases.Ao_CrossReferenceTC - Finished TC277_verifyCrossreferenceEnable ..
21:06:20.039 [TestNG-test=RetryMultipleFailedTestcases-1] INFO  BasicEditingTC.F5_CrossReferenceTC - Double clicked on First para
21:06:21.004 [TestNG-test=RetryMultipleFailedTestcases-2] INFO  BasicEditingTC.F5_CrossReferenceTC - clicked on Cross Reference button 
21:06:21.214 [TestNG-test=RetryMultipleFailedTestcases-1] INFO  BasicEditingTC.F5_CrossReferenceTC - clicked on Cross Reference button 
21:06:27.683 [TestNG-test=RetryMultipleFailedTestcases-4] INFO  sprint5_TestCases.Ao_CrossReferenceTC - Starting TC278_verifyCrossReferenceHighlighted ..
21:06:54.665 [TestNG-test=RetryMultipleFailedTestcases-4] INFO  sprint5_TestCases.Ao_CrossReferenceTC - Logged in, searched for a file, and clicked Edit.
21:06:54.666 [TestNG-test=RetryMultipleFailedTestcases-4] INFO  sprint5_TestCases.Ao_CrossReferenceTC - Created Ao_CrossReference instance.
21:06:54.742 [TestNG-test=RetryMultipleFailedTestcases-4] INFO  sprint5_TestCases.Ao_CrossReferenceTC - Entity background color is=rgba(0, 0, 0, 0)
21:06:54.742 [TestNG-test=RetryMultipleFailedTestcases-4] INFO  sprint5_TestCases.Ao_CrossReferenceTC - Created Actions class instance.
21:06:54.927 [TestNG-test=RetryMultipleFailedTestcases-4] INFO  sprint5_TestCases.Ao_CrossReferenceTC - After mouse hover Entity background color is=rgba(215, 239, 255, 1)
21:06:54.927 [TestNG-test=RetryMultipleFailedTestcases-4] INFO  sprint5_TestCases.Ao_CrossReferenceTC - verified CrossReference is highlighted
21:06:54.927 [TestNG-test=RetryMultipleFailedTestcases-4] INFO  sprint5_TestCases.Ao_CrossReferenceTC - Finished TC278_verifyCrossReferenceHighlighted ..
21:06:59.190 [TestNG-test=RetryMultipleFailedTestcases-3] INFO  BasicEditingTC.F5_CrossReferenceTC - clicked on Code Cross Reference checkbox 
21:07:00.145 [TestNG-test=RetryMultipleFailedTestcases-3] INFO  BasicEditingTC.F5_CrossReferenceTC - clicked on Cross Reference popup ok button 
21:07:01.245 [TestNG-test=RetryMultipleFailedTestcases-2] INFO  BasicEditingTC.F5_CrossReferenceTC - clicked on Code Cross Reference checkbox 
21:07:01.501 [TestNG-test=RetryMultipleFailedTestcases-1] INFO  BasicEditingTC.F5_CrossReferenceTC - clicked on Code Cross Reference checkbox 
21:07:01.536 [TestNG-test=RetryMultipleFailedTestcases-3] INFO  BasicEditingTC.F5_CrossReferenceTC - Verifying Cross Reference is present in AP
21:07:01.600 [TestNG-test=RetryMultipleFailedTestcases-3] INFO  BasicEditingTC.F5_CrossReferenceTC - Verifying Cross Reference text is correct
21:07:01.684 [TestNG-test=RetryMultipleFailedTestcases-4] INFO  sprint5_TestCases.Ao_CrossReferenceTC - Starting TC279_verifyCrossReferenceWithoutSelectingText ..
21:07:02.303 [TestNG-test=RetryMultipleFailedTestcases-2] INFO  BasicEditingTC.F5_CrossReferenceTC - clicked on Cross Reference popup ok button 
21:07:02.496 [TestNG-test=RetryMultipleFailedTestcases-1] INFO  BasicEditingTC.F5_CrossReferenceTC - clicked on Cross Reference popup ok button 
21:07:03.874 [TestNG-test=RetryMultipleFailedTestcases-2] INFO  BasicEditingTC.F5_CrossReferenceTC - Verifying Cross Reference is present in AP
21:07:03.927 [TestNG-test=RetryMultipleFailedTestcases-2] INFO  BasicEditingTC.F5_CrossReferenceTC - Verifying Cross Reference text is correct
21:07:04.118 [TestNG-test=RetryMultipleFailedTestcases-1] INFO  BasicEditingTC.F5_CrossReferenceTC - Verifying Cross Reference is present in AP
21:07:04.212 [TestNG-test=RetryMultipleFailedTestcases-1] INFO  BasicEditingTC.F5_CrossReferenceTC - Verifying Cross Reference text is correct
21:07:04.619 [TestNG-test=RetryMultipleFailedTestcases-1] INFO  BasicEditingTC.F5_CrossReferenceTC - clicked on Code View button 
21:07:10.542 [TestNG-test=RetryMultipleFailedTestcases-3] INFO  BasicEditingTC.F5_CrossReferenceTC - clicked on Code View button 
21:07:23.850 [TestNG-test=RetryMultipleFailedTestcases-4] INFO  sprint5_TestCases.Ao_CrossReferenceTC - Logged in, searched for a file, and clicked Edit.
21:07:23.851 [TestNG-test=RetryMultipleFailedTestcases-4] INFO  sprint5_TestCases.Ao_CrossReferenceTC - Created Ao_CrossReference instance.
21:07:23.872 [TestNG-test=RetryMultipleFailedTestcases-4] INFO  sprint5_TestCases.Ao_CrossReferenceTC - Switched to frame 0.
21:07:24.367 [TestNG-test=RetryMultipleFailedTestcases-4] INFO  sprint5_TestCases.Ao_CrossReferenceTC - Switched back to default content.
21:07:24.647 [TestNG-test=RetryMultipleFailedTestcases-4] INFO  sprint5_TestCases.Ao_CrossReferenceTC - clicked on CrossReference Button
21:07:24.718 [TestNG-test=RetryMultipleFailedTestcases-4] INFO  sprint5_TestCases.Ao_CrossReferenceTC - Verified No text selected. alert msg present
21:07:24.718 [TestNG-test=RetryMultipleFailedTestcases-4] INFO  sprint5_TestCases.Ao_CrossReferenceTC - Finished TC279_verifyCrossReferenceWithoutSelectingText ..
21:07:30.772 [TestNG-test=RetryMultipleFailedTestcases-4] INFO  sprint5_TestCases.Ao_CrossReferenceTC - Starting TC280_verifyCrossReferenceInCB ..
21:07:44.853 [TestNG-test=RetryMultipleFailedTestcases-1] INFO  BasicEditingTC.F5_CrossReferenceTC - Verifying content validation error
21:07:45.162 [TestNG-test=RetryMultipleFailedTestcases-1] INFO  BasicEditingTC.F5_CrossReferenceTC - clicked on Quick Preview button 
21:07:45.238 [TestNG-test=RetryMultipleFailedTestcases-1] INFO  BasicEditingTC.F5_CrossReferenceTC - Verifying Cross Reference is present in QP
21:07:45.238 [TestNG-test=RetryMultipleFailedTestcases-1] INFO  BasicEditingTC.F5_CrossReferenceTC - Finished verify_InsertCrossReferenceInPara ..
21:07:50.798 [TestNG-test=RetryMultipleFailedTestcases-3] INFO  BasicEditingTC.F5_CrossReferenceTC - Verifying content validation error
21:07:51.680 [TestNG-test=RetryMultipleFailedTestcases-3] INFO  BasicEditingTC.F5_CrossReferenceTC - Finished verify_CrossReference_EditLink_VE ..
21:07:54.334 [TestNG-test=RetryMultipleFailedTestcases-1] INFO  sprint5_TestCases.Ao_CrossReferenceTC - Starting TC281_verifyCrossReferenceInside ..
21:07:55.461 [TestNG-test=RetryMultipleFailedTestcases-2] INFO  BasicEditingTC.F5_CrossReferenceTC - Starting verify_CrossReference_EditLink_DS ..
21:07:56.284 [TestNG-test=RetryMultipleFailedTestcases-4] INFO  sprint5_TestCases.Ao_CrossReferenceTC - Logged in, searched for a file, and clicked Edit.
21:07:56.285 [TestNG-test=RetryMultipleFailedTestcases-4] INFO  sprint5_TestCases.Ao_CrossReferenceTC - Created Ao_CrossReference instance.
21:07:56.313 [TestNG-test=RetryMultipleFailedTestcases-4] INFO  sprint5_TestCases.Ao_CrossReferenceTC - Switched to frame 0.
21:07:56.313 [TestNG-test=RetryMultipleFailedTestcases-4] INFO  sprint5_TestCases.Ao_CrossReferenceTC - Created Actions class instance.
21:07:57.613 [TestNG-test=RetryMultipleFailedTestcases-4] INFO  sprint5_TestCases.Ao_CrossReferenceTC - Double clicked on First para
21:07:57.807 [TestNG-test=RetryMultipleFailedTestcases-4] INFO  sprint5_TestCases.Ao_CrossReferenceTC - Switched back to default content.
21:07:58.943 [TestNG-test=RetryMultipleFailedTestcases-4] INFO  sprint5_TestCases.Ao_CrossReferenceTC - clicked on CrossReference Button
21:08:00.981 [TestNG-test=RetryMultipleFailedTestcases-4] INFO  sprint5_TestCases.Ao_CrossReferenceTC - clicked on CrossReference Checkbox
21:08:02.145 [TestNG-test=RetryMultipleFailedTestcases-4] INFO  sprint5_TestCases.Ao_CrossReferenceTC - clicked on CrossReference popup ok button
21:08:02.243 [TestNG-test=RetryMultipleFailedTestcases-3] INFO  sprint5_TestCases.Ao_CrossReferenceTC - Starting TC282_verifyCrossreferenceOptionsEnabled ..
21:08:02.762 [TestNG-test=RetryMultipleFailedTestcases-4] INFO  sprint5_TestCases.Ao_CrossReferenceTC - Switched to frame 0.
21:08:02.802 [TestNG-test=RetryMultipleFailedTestcases-4] INFO  sprint5_TestCases.Ao_CrossReferenceTC - Switched back to default content.
21:08:02.875 [TestNG-test=RetryMultipleFailedTestcases-4] INFO  sprint5_TestCases.Ao_CrossReferenceTC - Finished TC280_verifyCrossReferenceInCB ..
21:08:11.455 [TestNG-test=RetryMultipleFailedTestcases-4] INFO  sprint5_TestCases.Ao_CrossReferenceTC - Starting TC290_verifyCrossReferenceUnLinkRightClickOptions ..
21:08:23.131 [TestNG-test=RetryMultipleFailedTestcases-1] INFO  sprint5_TestCases.Ao_CrossReferenceTC - Logged in, searched for a file, and clicked Edit.
21:08:23.132 [TestNG-test=RetryMultipleFailedTestcases-1] INFO  sprint5_TestCases.Ao_CrossReferenceTC - Created Ao_CrossReference instance.
21:08:23.426 [TestNG-test=RetryMultipleFailedTestcases-1] INFO  sprint5_TestCases.Ao_CrossReferenceTC - Switched to frame 0.
21:08:23.426 [TestNG-test=RetryMultipleFailedTestcases-1] INFO  sprint5_TestCases.Ao_CrossReferenceTC - Created Actions class instance.
21:08:24.631 [TestNG-test=RetryMultipleFailedTestcases-1] INFO  sprint5_TestCases.Ao_CrossReferenceTC - Double clicked on First para
21:08:24.866 [TestNG-test=RetryMultipleFailedTestcases-1] INFO  sprint5_TestCases.Ao_CrossReferenceTC - Switched back to default content.
21:08:25.947 [TestNG-test=RetryMultipleFailedTestcases-1] INFO  sprint5_TestCases.Ao_CrossReferenceTC - clicked on CrossReference Button
21:08:26.223 [TestNG-test=RetryMultipleFailedTestcases-1] INFO  sprint5_TestCases.Ao_CrossReferenceTC - Verified Link type is  present
21:08:26.306 [TestNG-test=RetryMultipleFailedTestcases-1] INFO  sprint5_TestCases.Ao_CrossReferenceTC - Verified Reference type is  present
21:08:26.365 [TestNG-test=RetryMultipleFailedTestcases-1] INFO  sprint5_TestCases.Ao_CrossReferenceTC - Finished TC281_verifyCrossReferenceInside ..
21:08:26.465 [TestNG-test=RetryMultipleFailedTestcases-2] INFO  BasicEditingTC.F5_CrossReferenceTC - Double clicked on First para
21:08:27.742 [TestNG-test=RetryMultipleFailedTestcases-2] INFO  BasicEditingTC.F5_CrossReferenceTC - clicked on Cross Reference button 
21:08:30.776 [TestNG-test=RetryMultipleFailedTestcases-3] INFO  sprint5_TestCases.Ao_CrossReferenceTC - Logged in, searched for a file, and clicked Edit.
21:08:30.777 [TestNG-test=RetryMultipleFailedTestcases-3] INFO  sprint5_TestCases.Ao_CrossReferenceTC - Created Ao_CrossReference instance.
21:08:30.797 [TestNG-test=RetryMultipleFailedTestcases-3] INFO  sprint5_TestCases.Ao_CrossReferenceTC - Switched to frame 0.
21:08:30.797 [TestNG-test=RetryMultipleFailedTestcases-3] INFO  sprint5_TestCases.Ao_CrossReferenceTC - Created Actions class instance.
21:08:31.458 [TestNG-test=RetryMultipleFailedTestcases-3] INFO  sprint5_TestCases.Ao_CrossReferenceTC - Double clicked on First para
21:08:31.705 [TestNG-test=RetryMultipleFailedTestcases-3] INFO  sprint5_TestCases.Ao_CrossReferenceTC - Switched back to default content.
21:08:33.124 [TestNG-test=RetryMultipleFailedTestcases-3] INFO  sprint5_TestCases.Ao_CrossReferenceTC - clicked on CrossReference Button
21:08:33.191 [TestNG-test=RetryMultipleFailedTestcases-3] INFO  sprint5_TestCases.Ao_CrossReferenceTC - Verified CrossReference radio button is enable
21:08:33.191 [TestNG-test=RetryMultipleFailedTestcases-3] INFO  sprint5_TestCases.Ao_CrossReferenceTC - Finished TC282_verifyCrossreferenceOptionsEnabled ..
21:08:34.987 [TestNG-test=RetryMultipleFailedTestcases-1] INFO  sprint5_TestCases.Ao_CrossReferenceTC - Starting TC291_verifyCrossReferenceEditLinkRightClickOptions ..
21:08:39.493 [TestNG-test=RetryMultipleFailedTestcases-3] INFO  sprint5_TestCases.Ao_CrossReferenceTC - Starting TC292_verifyCrossReferenceRightclickEditExisting ..
21:08:40.994 [TestNG-test=RetryMultipleFailedTestcases-4] INFO  sprint5_TestCases.Ao_CrossReferenceTC - Logged in, searched for a file, and clicked Edit.
21:08:40.994 [TestNG-test=RetryMultipleFailedTestcases-4] INFO  sprint5_TestCases.Ao_CrossReferenceTC - Created Ao_CrossReference instance.
21:08:41.009 [TestNG-test=RetryMultipleFailedTestcases-4] INFO  sprint5_TestCases.Ao_CrossReferenceTC - Switched to frame 0.
21:08:41.009 [TestNG-test=RetryMultipleFailedTestcases-4] INFO  sprint5_TestCases.Ao_CrossReferenceTC - Created Actions class instance.
21:08:41.885 [TestNG-test=RetryMultipleFailedTestcases-4] INFO  sprint5_TestCases.Ao_CrossReferenceTC - Double clicked on First para
21:08:41.957 [TestNG-test=RetryMultipleFailedTestcases-4] INFO  sprint5_TestCases.Ao_CrossReferenceTC - Switched back to default content.
21:08:42.605 [TestNG-test=RetryMultipleFailedTestcases-4] INFO  sprint5_TestCases.Ao_CrossReferenceTC - clicked on CrossReference Button
21:08:52.310 [TestNG-test=RetryMultipleFailedTestcases-4] INFO  sprint5_TestCases.Ao_CrossReferenceTC - Starting TC290_verifyCrossReferenceUnLinkRightClickOptions ..
21:09:01.973 [TestNG-test=RetryMultipleFailedTestcases-1] INFO  sprint5_TestCases.Ao_CrossReferenceTC - Logged in, searched for a file, and clicked Edit.
21:09:01.974 [TestNG-test=RetryMultipleFailedTestcases-1] INFO  sprint5_TestCases.Ao_CrossReferenceTC - Created Ao_CrossReference instance.
21:09:02.139 [TestNG-test=RetryMultipleFailedTestcases-1] INFO  sprint5_TestCases.Ao_CrossReferenceTC - Switched to frame 0.
