14:06:14.369 [main] INFO  a_testbase.BaseClass - Deleted screenshot: verifyInsertXrefTableEnterKey_20260126060529.png
14:06:14.392 [main] INFO  a_testbase.BaseClass - Deleted screenshot: verifyListPropertiesAlPhabetical_20260126051008.png
14:06:14.395 [main] INFO  a_testbase.BaseClass - Deleted screenshot: verifyListPropertiesCircle_20260126051036.png
14:06:14.399 [main] INFO  a_testbase.BaseClass - Deleted screenshot: verifyListPropertiesLowerRoman_20260126051121.png
14:06:14.402 [main] INFO  a_testbase.BaseClass - Deleted screenshot: verifyListPropertiesndash_20260126051419.png
14:06:14.406 [main] INFO  a_testbase.BaseClass - Deleted screenshot: verifyMediObjectInsertAfterEnterKey_20260126060948.png
14:06:14.410 [main] INFO  a_testbase.BaseClass - Deleted screenshot: verifyNewImageBeforeParaAfterAcceptChanges_20260126071433.png
14:06:14.414 [main] INFO  a_testbase.BaseClass - Deleted screenshot: verifyNewparaBoldContetInsertAfterPara_20260126071729.png
14:06:14.417 [main] INFO  a_testbase.BaseClass - Deleted screenshot: verifyPlaceCursorAtEndOFParaAndCheckInsertAfterPopup_20260126071721.png
14:06:14.421 [main] INFO  a_testbase.BaseClass - Deleted screenshot: verifyPlaceCursorAtEndOFParaAndCheckInsertBeforePopup_20260126071723.png
14:06:14.424 [main] INFO  a_testbase.BaseClass - Deleted screenshot: verifyPlaceCursorAtMiddleOFParaAndCheckInsertAfterPopup_20260126071930.png
14:06:14.428 [main] INFO  a_testbase.BaseClass - Deleted screenshot: verifyPlaceCursorAtMiddleOFParaAndCheckInsertBeforePopup_20260126071929.png
14:06:14.432 [main] INFO  a_testbase.BaseClass - Deleted screenshot: verifyPlaceCursorAtStartingOFParaAndCheckInsertBeforePopup_20260126071937.png
14:06:14.435 [main] INFO  a_testbase.BaseClass - Deleted screenshot: verifyRcInsertBeforeBottomSectionDS_20260126033304.png
14:06:14.439 [main] INFO  a_testbase.BaseClass - Deleted screenshot: verifyRCInsertTableAfterImgFromDS_20260126033050.png
14:06:14.442 [main] INFO  a_testbase.BaseClass - Deleted screenshot: verifyRCInsertTableAfterImgFromVE_20260126033100.png
14:06:14.446 [main] INFO  a_testbase.BaseClass - Deleted screenshot: verifyRcInsertTableAfterParaCheckTCDetails_20260126072424.png
14:06:14.449 [main] INFO  a_testbase.BaseClass - Deleted screenshot: verifyRCInsertTableAfterParaFromDS_20260126033120.png
14:06:14.453 [main] INFO  a_testbase.BaseClass - Deleted screenshot: verifyRcInsertTableAfterParaFromDs_20260126072429.png
14:06:14.456 [main] INFO  a_testbase.BaseClass - Deleted screenshot: verifyRCInsertTableBeforeImgFromDS_20260126033202.png
14:06:14.459 [main] INFO  a_testbase.BaseClass - Deleted screenshot: verifyRCInsertTableBeforeImgFromVE_20260126033425.png
14:06:14.463 [main] INFO  a_testbase.BaseClass - Deleted screenshot: verifyRCInsertTableBeforeParaFromDS_20260126033554.png
14:06:14.466 [main] INFO  a_testbase.BaseClass - Deleted screenshot: verifyRcInsertTableBeforeParaFromDs_20260126072521.png
14:06:14.470 [main] INFO  a_testbase.BaseClass - Deleted screenshot: verifyRedoEnabled_20260126041559.png
14:06:14.473 [main] INFO  a_testbase.BaseClass - Deleted screenshot: verifyRedoHilighted_20260126041630.png
14:06:14.477 [main] INFO  a_testbase.BaseClass - Deleted screenshot: verifyRemoveElementblockSectionfromDScheckTC_20260126033627.png
14:06:14.480 [main] INFO  a_testbase.BaseClass - Deleted screenshot: verifyRemoveNewParaCheckDeletedPara_20260126072840.png
14:06:14.483 [main] INFO  a_testbase.BaseClass - Deleted screenshot: verifyRemoveParentElementAndRejectChanges_20260126033818.png
14:06:14.487 [main] INFO  a_testbase.BaseClass - Deleted screenshot: verifyRemoveRevInsertedToFootnoteParaFromAP_20260126060337.png
14:06:14.490 [main] INFO  a_testbase.BaseClass - Deleted screenshot: verifyRemoveRevInsertedToFootnoteParaFromToolbar_20260126060337.png
14:06:14.494 [main] INFO  a_testbase.BaseClass - Deleted screenshot: verifyRemoveRevInsertedToNewSectionFromAP_20260126064031.png
14:06:14.497 [main] INFO  a_testbase.BaseClass - Deleted screenshot: verifyRemoveRevSymbolToSecHeadingFromAttributePanel_20260126064438.png
14:06:14.500 [main] INFO  a_testbase.BaseClass - Deleted screenshot: verifyRemoverootSectionDS_20260126034039.png
14:06:14.504 [main] INFO  a_testbase.BaseClass - Deleted screenshot: verifyRevisionSymbolsDisableInSection_20260126065317.png
14:06:14.507 [main] INFO  a_testbase.BaseClass - Deleted screenshot: verifySectionHeadingEndSpaceDeletion_20260126061011.png
14:06:14.511 [main] INFO  a_testbase.BaseClass - Deleted screenshot: verifySectionInsertAfterTableCheckVE_20260126034552.png
14:06:14.514 [main] INFO  a_testbase.BaseClass - Deleted screenshot: verifySelectImgHitEnter_20260126061442.png
14:06:14.517 [main] INFO  a_testbase.BaseClass - Deleted screenshot: verifySelectTextRightClickCheckOptions_20260126072944.png
14:06:14.521 [main] INFO  a_testbase.BaseClass - Deleted screenshot: verifyShiftEnterSectionHeading_20260126024433.png
14:06:14.524 [main] INFO  a_testbase.BaseClass - Deleted screenshot: verifyTableRighClickInsertRowBeforeAndDeleteColumn_20260126073221.png
14:06:15.061 [TestNG-test-RetryMultipleFailedTestcases-1] INFO  a_testbase.BaseClass - Thread Name: TestNG-test-RetryMultipleFailedTestcases-1
14:06:15.061 [TestNG-test-RetryMultipleFailedTestcases-4] INFO  a_testbase.BaseClass - Thread Name: TestNG-test-RetryMultipleFailedTestcases-4
14:06:15.061 [TestNG-test-RetryMultipleFailedTestcases-2] INFO  a_testbase.BaseClass - Thread Name: TestNG-test-RetryMultipleFailedTestcases-2
14:06:15.061 [TestNG-test-RetryMultipleFailedTestcases-3] INFO  a_testbase.BaseClass - Thread Name: TestNG-test-RetryMultipleFailedTestcases-3
14:06:25.213 [TestNG-test-RetryMultipleFailedTestcases-4] INFO  a_testbase.BaseClass - Starting test: verifyAddTvInPlaceCursorHitEnter
14:06:25.274 [TestNG-test-RetryMultipleFailedTestcases-1] INFO  a_testbase.BaseClass - Starting test: verifyAddCommentToTVandHitBackspaceKey
14:06:25.522 [TestNG-test-RetryMultipleFailedTestcases-2] INFO  a_testbase.BaseClass - Starting test: verifyAddTvInLiandHitEnter
14:06:25.857 [TestNG-test-RetryMultipleFailedTestcases-3] INFO  a_testbase.BaseClass - Starting test: verifyAddTvInNewParaAndHitEnter
14:07:07.608 [TestNG-test-RetryMultipleFailedTestcases-1] INFO  a_testbase.BaseClass - Thread Name: TestNG-test-RetryMultipleFailedTestcases-1
14:07:14.233 [TestNG-test-RetryMultipleFailedTestcases-1] INFO  a_testbase.BaseClass - Starting test: verifyVariableTextInFindPlugin
14:08:05.324 [TestNG-test-RetryMultipleFailedTestcases-1] INFO  a_testbase.BaseClass - 'Please Wait' has disappeared. Proceeding.
14:08:27.576 [TestNG-test-RetryMultipleFailedTestcases-1] INFO  a_testbase.BaseClass - Test finished: verifyVariableTextInFindPlugin
14:08:28.761 [TestNG-test-RetryMultipleFailedTestcases-1] INFO  a_testbase.BaseClass - Browser closed for test: verifyVariableTextInFindPlugin
14:08:29.020 [main] INFO  a_testbase.BaseClass - Excel report generated successfully at .\reports\Excel Report.xls
14:08:29.402 [main] INFO  a_testbase.BaseClass - Extent Report generated successfully.
14:08:29.403 [main] INFO  a_testbase.BaseClass - onFinish() executed
14:08:29.403 [main] INFO  a_testbase.BaseClass - Suite: org.testng.SuiteRunner@14d513ca
14:08:29.403 [main] INFO  a_testbase.BaseClass - Email already sent: false
14:08:29.427 [main] INFO  a_testbase.BaseClass - Email sender started...
14:14:02.513 [TestNG-test-RetryMultipleFailedTestcases-1] INFO  a_testbase.BaseClass - Thread Name: TestNG-test-RetryMultipleFailedTestcases-1
14:14:10.280 [TestNG-test-RetryMultipleFailedTestcases-1] INFO  a_testbase.BaseClass - Starting test: verifyVariableTextInFindPlugin
14:14:51.152 [TestNG-test-RetryMultipleFailedTestcases-1] INFO  a_testbase.BaseClass - 'Please Wait' has disappeared. Proceeding.
14:15:13.534 [TestNG-test-RetryMultipleFailedTestcases-1] INFO  a_testbase.BaseClass - Test finished: verifyVariableTextInFindPlugin
14:15:14.784 [TestNG-test-RetryMultipleFailedTestcases-1] INFO  a_testbase.BaseClass - Browser closed for test: verifyVariableTextInFindPlugin
14:15:14.962 [main] INFO  a_testbase.BaseClass - Excel report generated successfully at .\reports\Excel Report.xls
14:15:15.352 [main] INFO  a_testbase.BaseClass - Extent Report generated successfully.
14:15:15.352 [main] INFO  a_testbase.BaseClass - onFinish() executed
14:15:15.352 [main] INFO  a_testbase.BaseClass - Suite: org.testng.SuiteRunner@6173863f
14:15:15.352 [main] INFO  a_testbase.BaseClass - Email already sent: false
14:15:15.375 [main] INFO  a_testbase.BaseClass - Email sender started...
14:15:15.451 [main] INFO  a_testbase.BaseClass - Attached File: Excel Report.xls
14:15:15.452 [main] INFO  a_testbase.BaseClass - Attached File: Extent Report.html
14:15:15.452 [main] INFO  a_testbase.BaseClass - Attached File: reports.html
14:15:15.483 [main] ERROR a_testbase.BaseClass - ❌ Email Sending Failed
14:21:13.633 [TestNG-test-RetryMultipleFailedTestcases-1] INFO  a_testbase.BaseClass - Thread Name: TestNG-test-RetryMultipleFailedTestcases-1
14:21:21.907 [TestNG-test-RetryMultipleFailedTestcases-1] INFO  a_testbase.BaseClass - Starting test: verifyVariableTextInFindPlugin
14:22:04.083 [TestNG-test-RetryMultipleFailedTestcases-1] INFO  a_testbase.BaseClass - 'Please Wait' has disappeared. Proceeding.
14:22:27.566 [TestNG-test-RetryMultipleFailedTestcases-1] INFO  a_testbase.BaseClass - Test finished: verifyVariableTextInFindPlugin
14:22:28.858 [TestNG-test-RetryMultipleFailedTestcases-1] INFO  a_testbase.BaseClass - Browser closed for test: verifyVariableTextInFindPlugin
14:22:29.303 [main] INFO  a_testbase.BaseClass - Excel report generated successfully at .\reports\Excel Report.xls
14:22:30.090 [main] INFO  a_testbase.BaseClass - Extent Report generated successfully.
14:22:30.090 [main] INFO  a_testbase.BaseClass - onFinish() executed
14:22:30.091 [main] INFO  a_testbase.BaseClass - Suite: org.testng.SuiteRunner@6173863f
14:22:30.091 [main] INFO  a_testbase.BaseClass - Email already sent: false
14:22:30.133 [main] INFO  a_testbase.BaseClass - Email sender started...
14:22:30.286 [main] INFO  a_testbase.BaseClass - Attached File: Excel Report.xls
14:22:30.288 [main] INFO  a_testbase.BaseClass - Attached File: Extent Report.html
14:22:30.290 [main] INFO  a_testbase.BaseClass - Attached File: reports.html
14:22:30.360 [main] ERROR a_testbase.BaseClass - ❌ Email Sending Failed: class com.sun.mail.handlers.text_plain cannot be cast to class jakarta.activation.DataContentHandler (com.sun.mail.handlers.text_plain and jakarta.activation.DataContentHandler are in unnamed module of loader 'app')
java.lang.ClassCastException: class com.sun.mail.handlers.text_plain cannot be cast to class jakarta.activation.DataContentHandler (com.sun.mail.handlers.text_plain and jakarta.activation.DataContentHandler are in unnamed module of loader 'app')
	at jakarta.activation.MailcapCommandMap.getDataContentHandler(MailcapCommandMap.java:620) ~[jakarta.activation-api-2.1.2.jar:?]
	at jakarta.activation.MailcapCommandMap.createDataContentHandler(MailcapCommandMap.java:573) ~[jakarta.activation-api-2.1.2.jar:?]
	at jakarta.activation.DataHandler.getDataContentHandler(DataHandler.java:591) ~[jakarta.activation-api-2.1.2.jar:?]
	at jakarta.activation.DataHandler.writeTo(DataHandler.java:290) ~[jakarta.activation-api-2.1.2.jar:?]
	at jakarta.mail.internet.MimeUtility.getEncoding(MimeUtility.java:318) ~[jakarta.mail-api-2.1.2.jar:?]
	at jakarta.mail.internet.MimeBodyPart.updateHeaders(MimeBodyPart.java:1562) ~[jakarta.mail-api-2.1.2.jar:?]
	at jakarta.mail.internet.MimeBodyPart.updateHeaders(MimeBodyPart.java:1156) ~[jakarta.mail-api-2.1.2.jar:?]
	at jakarta.mail.internet.MimeMultipart.updateHeaders(MimeMultipart.java:509) ~[jakarta.mail-api-2.1.2.jar:?]
	at jakarta.mail.internet.MimeBodyPart.updateHeaders(MimeBodyPart.java:1520) ~[jakarta.mail-api-2.1.2.jar:?]
	at jakarta.mail.internet.MimeMessage.updateHeaders(MimeMessage.java:2270) ~[jakarta.mail-api-2.1.2.jar:?]
	at jakarta.mail.internet.MimeMessage.saveChanges(MimeMessage.java:2230) ~[jakarta.mail-api-2.1.2.jar:?]
	at jakarta.mail.Transport.send(Transport.java:101) ~[jakarta.mail-api-2.1.2.jar:?]
	at b_utilities.EmailReportSender.sendReport(EmailReportSender.java:122) [test-classes/:?]
	at b_utilities.ExtentReportManager.onFinish(ExtentReportManager.java:395) [test-classes/:?]
	at org.testng.TestRunner.fireEvent(TestRunner.java:900) [org.testng_7.11.0.r202503091654.jar:7.11.0]
	at org.testng.TestRunner.afterRun(TestRunner.java:855) [org.testng_7.11.0.r202503091654.jar:7.11.0]
	at org.testng.TestRunner.run(TestRunner.java:618) [org.testng_7.11.0.r202503091654.jar:7.11.0]
	at org.testng.SuiteRunner.runTest(SuiteRunner.java:421) [org.testng_7.11.0.r202503091654.jar:7.11.0]
	at org.testng.SuiteRunner.runSequentially(SuiteRunner.java:413) [org.testng_7.11.0.r202503091654.jar:7.11.0]
	at org.testng.SuiteRunner.privateRun(SuiteRunner.java:373) [org.testng_7.11.0.r202503091654.jar:7.11.0]
	at org.testng.SuiteRunner.run(SuiteRunner.java:312) [org.testng_7.11.0.r202503091654.jar:7.11.0]
	at org.testng.SuiteRunnerWorker.runSuite(SuiteRunnerWorker.java:52) [org.testng_7.11.0.r202503091654.jar:7.11.0]
	at org.testng.SuiteRunnerWorker.run(SuiteRunnerWorker.java:95) [org.testng_7.11.0.r202503091654.jar:7.11.0]
	at org.testng.TestNG.runSuitesSequentially(TestNG.java:1274) [org.testng_7.11.0.r202503091654.jar:7.11.0]
	at org.testng.TestNG.runSuitesLocally(TestNG.java:1208) [org.testng_7.11.0.r202503091654.jar:7.11.0]
	at org.testng.TestNG.runSuites(TestNG.java:1112) [org.testng_7.11.0.r202503091654.jar:7.11.0]
	at org.testng.TestNG.run(TestNG.java:1079) [org.testng_7.11.0.r202503091654.jar:7.11.0]
	at org.testng.remote.AbstractRemoteTestNG.run(AbstractRemoteTestNG.java:115) [testng-remote.jar:?]
	at org.testng.remote.RemoteTestNG.initAndRun(RemoteTestNG.java:293) [testng-remote.jar:?]
	at org.testng.remote.RemoteTestNG.main(RemoteTestNG.java:91) [testng-remote.jar:?]
14:24:29.476 [TestNG-test-RetryMultipleFailedTestcases-1] INFO  a_testbase.BaseClass - Thread Name: TestNG-test-RetryMultipleFailedTestcases-1
14:24:39.084 [TestNG-test-RetryMultipleFailedTestcases-1] INFO  a_testbase.BaseClass - Starting test: verifyVariableTextInFindPlugin
14:25:17.463 [TestNG-test-RetryMultipleFailedTestcases-1] INFO  a_testbase.BaseClass - 'Please Wait' has disappeared. Proceeding.
14:25:40.507 [TestNG-test-RetryMultipleFailedTestcases-1] INFO  a_testbase.BaseClass - Test finished: verifyVariableTextInFindPlugin
14:25:41.769 [TestNG-test-RetryMultipleFailedTestcases-1] INFO  a_testbase.BaseClass - Browser closed for test: verifyVariableTextInFindPlugin
14:25:42.235 [main] INFO  a_testbase.BaseClass - Excel report generated successfully at .\reports\Excel Report.xls
14:25:42.998 [main] INFO  a_testbase.BaseClass - Extent Report generated successfully.
14:25:42.999 [main] INFO  a_testbase.BaseClass - onFinish() executed
14:25:42.999 [main] INFO  a_testbase.BaseClass - Suite: org.testng.SuiteRunner@6173863f
14:25:42.999 [main] INFO  a_testbase.BaseClass - Email already sent: false
14:25:43.030 [main] INFO  a_testbase.BaseClass - Email sender started...
14:25:43.127 [main] INFO  a_testbase.BaseClass - Attached File: Excel Report.xls
14:25:43.128 [main] INFO  a_testbase.BaseClass - Attached File: Extent Report.html
14:25:43.129 [main] INFO  a_testbase.BaseClass - Attached File: reports.html
14:25:43.179 [main] ERROR a_testbase.BaseClass - ❌ Email Sending Failed: class com.sun.mail.handlers.text_plain cannot be cast to class jakarta.activation.DataContentHandler (com.sun.mail.handlers.text_plain and jakarta.activation.DataContentHandler are in unnamed module of loader 'app')
java.lang.ClassCastException: class com.sun.mail.handlers.text_plain cannot be cast to class jakarta.activation.DataContentHandler (com.sun.mail.handlers.text_plain and jakarta.activation.DataContentHandler are in unnamed module of loader 'app')
	at jakarta.activation.MailcapCommandMap.getDataContentHandler(MailcapCommandMap.java:620) ~[jakarta.activation-api-2.1.2.jar:?]
	at jakarta.activation.MailcapCommandMap.createDataContentHandler(MailcapCommandMap.java:573) ~[jakarta.activation-api-2.1.2.jar:?]
	at jakarta.activation.DataHandler.getDataContentHandler(DataHandler.java:591) ~[jakarta.activation-api-2.1.2.jar:?]
	at jakarta.activation.DataHandler.writeTo(DataHandler.java:290) ~[jakarta.activation-api-2.1.2.jar:?]
	at jakarta.mail.internet.MimeUtility.getEncoding(MimeUtility.java:318) ~[jakarta.mail-api-2.1.2.jar:?]
	at jakarta.mail.internet.MimeBodyPart.updateHeaders(MimeBodyPart.java:1562) ~[jakarta.mail-api-2.1.2.jar:?]
	at jakarta.mail.internet.MimeBodyPart.updateHeaders(MimeBodyPart.java:1156) ~[jakarta.mail-api-2.1.2.jar:?]
	at jakarta.mail.internet.MimeMultipart.updateHeaders(MimeMultipart.java:509) ~[jakarta.mail-api-2.1.2.jar:?]
	at jakarta.mail.internet.MimeBodyPart.updateHeaders(MimeBodyPart.java:1520) ~[jakarta.mail-api-2.1.2.jar:?]
	at jakarta.mail.internet.MimeMessage.updateHeaders(MimeMessage.java:2270) ~[jakarta.mail-api-2.1.2.jar:?]
	at jakarta.mail.internet.MimeMessage.saveChanges(MimeMessage.java:2230) ~[jakarta.mail-api-2.1.2.jar:?]
	at jakarta.mail.Transport.send(Transport.java:101) ~[jakarta.mail-api-2.1.2.jar:?]
	at b_utilities.EmailReportSender.sendReport(EmailReportSender.java:122) [test-classes/:?]
	at b_utilities.ExtentReportManager.onFinish(ExtentReportManager.java:395) [test-classes/:?]
	at org.testng.TestRunner.fireEvent(TestRunner.java:900) [org.testng_7.11.0.r202503091654.jar:7.11.0]
	at org.testng.TestRunner.afterRun(TestRunner.java:855) [org.testng_7.11.0.r202503091654.jar:7.11.0]
	at org.testng.TestRunner.run(TestRunner.java:618) [org.testng_7.11.0.r202503091654.jar:7.11.0]
	at org.testng.SuiteRunner.runTest(SuiteRunner.java:421) [org.testng_7.11.0.r202503091654.jar:7.11.0]
	at org.testng.SuiteRunner.runSequentially(SuiteRunner.java:413) [org.testng_7.11.0.r202503091654.jar:7.11.0]
	at org.testng.SuiteRunner.privateRun(SuiteRunner.java:373) [org.testng_7.11.0.r202503091654.jar:7.11.0]
	at org.testng.SuiteRunner.run(SuiteRunner.java:312) [org.testng_7.11.0.r202503091654.jar:7.11.0]
	at org.testng.SuiteRunnerWorker.runSuite(SuiteRunnerWorker.java:52) [org.testng_7.11.0.r202503091654.jar:7.11.0]
	at org.testng.SuiteRunnerWorker.run(SuiteRunnerWorker.java:95) [org.testng_7.11.0.r202503091654.jar:7.11.0]
	at org.testng.TestNG.runSuitesSequentially(TestNG.java:1274) [org.testng_7.11.0.r202503091654.jar:7.11.0]
	at org.testng.TestNG.runSuitesLocally(TestNG.java:1208) [org.testng_7.11.0.r202503091654.jar:7.11.0]
	at org.testng.TestNG.runSuites(TestNG.java:1112) [org.testng_7.11.0.r202503091654.jar:7.11.0]
	at org.testng.TestNG.run(TestNG.java:1079) [org.testng_7.11.0.r202503091654.jar:7.11.0]
	at org.testng.remote.AbstractRemoteTestNG.run(AbstractRemoteTestNG.java:115) [testng-remote.jar:?]
	at org.testng.remote.RemoteTestNG.initAndRun(RemoteTestNG.java:293) [testng-remote.jar:?]
	at org.testng.remote.RemoteTestNG.main(RemoteTestNG.java:91) [testng-remote.jar:?]
14:28:52.869 [TestNG-test-RetryMultipleFailedTestcases-1] INFO  a_testbase.BaseClass - Thread Name: TestNG-test-RetryMultipleFailedTestcases-1
14:29:01.454 [TestNG-test-RetryMultipleFailedTestcases-1] INFO  a_testbase.BaseClass - Starting test: verifyVariableTextInFindPlugin
14:29:38.761 [TestNG-test-RetryMultipleFailedTestcases-1] INFO  a_testbase.BaseClass - 'Please Wait' has disappeared. Proceeding.
14:30:01.565 [TestNG-test-RetryMultipleFailedTestcases-1] INFO  a_testbase.BaseClass - Test finished: verifyVariableTextInFindPlugin
14:30:02.897 [TestNG-test-RetryMultipleFailedTestcases-1] INFO  a_testbase.BaseClass - Browser closed for test: verifyVariableTextInFindPlugin
14:30:03.241 [main] INFO  a_testbase.BaseClass - Excel report generated successfully at .\reports\Excel Report.xls
14:30:03.887 [main] INFO  a_testbase.BaseClass - Extent Report generated successfully.
14:30:03.888 [main] INFO  a_testbase.BaseClass - onFinish() executed
14:30:03.888 [main] INFO  a_testbase.BaseClass - Suite: org.testng.SuiteRunner@6173863f
14:30:03.889 [main] INFO  a_testbase.BaseClass - Email already sent: false
14:30:03.919 [main] INFO  a_testbase.BaseClass - Email sender started...
14:30:04.022 [main] INFO  a_testbase.BaseClass - Attached File: Excel Report.xls
14:30:04.023 [main] INFO  a_testbase.BaseClass - Attached File: Extent Report.html
14:30:04.025 [main] INFO  a_testbase.BaseClass - Attached File: reports.html
14:30:04.063 [main] ERROR a_testbase.BaseClass - ❌ Email Sending Failed: class com.sun.mail.handlers.text_plain cannot be cast to class jakarta.activation.DataContentHandler (com.sun.mail.handlers.text_plain and jakarta.activation.DataContentHandler are in unnamed module of loader 'app')
java.lang.ClassCastException: class com.sun.mail.handlers.text_plain cannot be cast to class jakarta.activation.DataContentHandler (com.sun.mail.handlers.text_plain and jakarta.activation.DataContentHandler are in unnamed module of loader 'app')
	at jakarta.activation.MailcapCommandMap.getDataContentHandler(MailcapCommandMap.java:620) ~[jakarta.activation-api-2.1.3.jar:?]
	at jakarta.activation.MailcapCommandMap.createDataContentHandler(MailcapCommandMap.java:573) ~[jakarta.activation-api-2.1.3.jar:?]
	at jakarta.activation.DataHandler.getDataContentHandler(DataHandler.java:591) ~[jakarta.activation-api-2.1.3.jar:?]
	at jakarta.activation.DataHandler.writeTo(DataHandler.java:290) ~[jakarta.activation-api-2.1.3.jar:?]
	at jakarta.mail.internet.MimeUtility.getEncoding(MimeUtility.java:318) ~[jakarta.mail-api-2.1.3.jar:?]
	at jakarta.mail.internet.MimeBodyPart.updateHeaders(MimeBodyPart.java:1562) ~[jakarta.mail-api-2.1.3.jar:?]
	at jakarta.mail.internet.MimeBodyPart.updateHeaders(MimeBodyPart.java:1156) ~[jakarta.mail-api-2.1.3.jar:?]
	at jakarta.mail.internet.MimeMultipart.updateHeaders(MimeMultipart.java:509) ~[jakarta.mail-api-2.1.3.jar:?]
	at jakarta.mail.internet.MimeBodyPart.updateHeaders(MimeBodyPart.java:1520) ~[jakarta.mail-api-2.1.3.jar:?]
	at jakarta.mail.internet.MimeMessage.updateHeaders(MimeMessage.java:2272) ~[jakarta.mail-api-2.1.3.jar:?]
	at jakarta.mail.internet.MimeMessage.saveChanges(MimeMessage.java:2232) ~[jakarta.mail-api-2.1.3.jar:?]
	at jakarta.mail.Transport.send(Transport.java:101) ~[jakarta.mail-api-2.1.3.jar:?]
	at b_utilities.EmailReportSender.sendReport(EmailReportSender.java:122) [test-classes/:?]
	at b_utilities.ExtentReportManager.onFinish(ExtentReportManager.java:395) [test-classes/:?]
	at org.testng.TestRunner.fireEvent(TestRunner.java:900) [org.testng_7.11.0.r202503091654.jar:7.11.0]
	at org.testng.TestRunner.afterRun(TestRunner.java:855) [org.testng_7.11.0.r202503091654.jar:7.11.0]
	at org.testng.TestRunner.run(TestRunner.java:618) [org.testng_7.11.0.r202503091654.jar:7.11.0]
	at org.testng.SuiteRunner.runTest(SuiteRunner.java:421) [org.testng_7.11.0.r202503091654.jar:7.11.0]
	at org.testng.SuiteRunner.runSequentially(SuiteRunner.java:413) [org.testng_7.11.0.r202503091654.jar:7.11.0]
	at org.testng.SuiteRunner.privateRun(SuiteRunner.java:373) [org.testng_7.11.0.r202503091654.jar:7.11.0]
	at org.testng.SuiteRunner.run(SuiteRunner.java:312) [org.testng_7.11.0.r202503091654.jar:7.11.0]
	at org.testng.SuiteRunnerWorker.runSuite(SuiteRunnerWorker.java:52) [org.testng_7.11.0.r202503091654.jar:7.11.0]
	at org.testng.SuiteRunnerWorker.run(SuiteRunnerWorker.java:95) [org.testng_7.11.0.r202503091654.jar:7.11.0]
	at org.testng.TestNG.runSuitesSequentially(TestNG.java:1274) [org.testng_7.11.0.r202503091654.jar:7.11.0]
	at org.testng.TestNG.runSuitesLocally(TestNG.java:1208) [org.testng_7.11.0.r202503091654.jar:7.11.0]
	at org.testng.TestNG.runSuites(TestNG.java:1112) [org.testng_7.11.0.r202503091654.jar:7.11.0]
	at org.testng.TestNG.run(TestNG.java:1079) [org.testng_7.11.0.r202503091654.jar:7.11.0]
	at org.testng.remote.AbstractRemoteTestNG.run(AbstractRemoteTestNG.java:115) [testng-remote.jar:?]
	at org.testng.remote.RemoteTestNG.initAndRun(RemoteTestNG.java:293) [testng-remote.jar:?]
	at org.testng.remote.RemoteTestNG.main(RemoteTestNG.java:91) [testng-remote.jar:?]
14:31:27.453 [TestNG-test-RetryMultipleFailedTestcases-1] INFO  a_testbase.BaseClass - Thread Name: TestNG-test-RetryMultipleFailedTestcases-1
14:35:54.933 [TestNG-test-RetryMultipleFailedTestcases-1] INFO  a_testbase.BaseClass - Thread Name: TestNG-test-RetryMultipleFailedTestcases-1
14:36:05.338 [TestNG-test-RetryMultipleFailedTestcases-1] INFO  a_testbase.BaseClass - Starting test: verifyVariableTextInFindPlugin
14:36:49.251 [TestNG-test-RetryMultipleFailedTestcases-1] INFO  a_testbase.BaseClass - 'Please Wait' has disappeared. Proceeding.
14:37:12.614 [TestNG-test-RetryMultipleFailedTestcases-1] INFO  a_testbase.BaseClass - Test finished: verifyVariableTextInFindPlugin
14:37:13.895 [TestNG-test-RetryMultipleFailedTestcases-1] INFO  a_testbase.BaseClass - Browser closed for test: verifyVariableTextInFindPlugin
14:37:14.154 [main] INFO  a_testbase.BaseClass - Excel report generated successfully at .\reports\Excel Report.xls
14:37:15.108 [main] INFO  a_testbase.BaseClass - Extent Report generated successfully.
14:37:15.110 [main] INFO  a_testbase.BaseClass - onFinish() executed
14:37:15.110 [main] INFO  a_testbase.BaseClass - Suite: org.testng.SuiteRunner@14d513ca
14:37:15.110 [main] INFO  a_testbase.BaseClass - Email already sent: false
14:37:15.145 [main] INFO  a_testbase.BaseClass - Email sender started...
14:40:55.519 [TestNG-test-RetryMultipleFailedTestcases-1] INFO  a_testbase.BaseClass - Thread Name: TestNG-test-RetryMultipleFailedTestcases-1
14:41:05.485 [TestNG-test-RetryMultipleFailedTestcases-1] INFO  a_testbase.BaseClass - Starting test: verifyVariableTextInFindPlugin
14:41:37.686 [TestNG-test-RetryMultipleFailedTestcases-1] INFO  a_testbase.BaseClass - 'Please Wait' has disappeared. Proceeding.
14:42:01.307 [TestNG-test-RetryMultipleFailedTestcases-1] INFO  a_testbase.BaseClass - Test finished: verifyVariableTextInFindPlugin
14:42:02.528 [TestNG-test-RetryMultipleFailedTestcases-1] INFO  a_testbase.BaseClass - Browser closed for test: verifyVariableTextInFindPlugin
14:42:02.820 [main] INFO  a_testbase.BaseClass - Excel report generated successfully at .\reports\Excel Report.xls
14:42:03.323 [main] INFO  a_testbase.BaseClass - Extent Report generated successfully.
14:42:03.323 [main] INFO  a_testbase.BaseClass - onFinish() executed
14:42:03.324 [main] INFO  a_testbase.BaseClass - Suite: org.testng.SuiteRunner@6173863f
14:42:03.324 [main] INFO  a_testbase.BaseClass - Email already sent: false
14:42:03.340 [main] INFO  a_testbase.BaseClass - Email sender started...
14:42:03.408 [main] INFO  a_testbase.BaseClass - Attached File: Excel Report.xls
14:42:03.409 [main] INFO  a_testbase.BaseClass - Attached File: Extent Report.html
14:42:03.410 [main] INFO  a_testbase.BaseClass - Attached File: reports.html
14:42:03.436 [main] ERROR a_testbase.BaseClass - ❌ Email Sending Failed: class com.sun.mail.handlers.text_plain cannot be cast to class jakarta.activation.DataContentHandler (com.sun.mail.handlers.text_plain and jakarta.activation.DataContentHandler are in unnamed module of loader 'app')
java.lang.ClassCastException: class com.sun.mail.handlers.text_plain cannot be cast to class jakarta.activation.DataContentHandler (com.sun.mail.handlers.text_plain and jakarta.activation.DataContentHandler are in unnamed module of loader 'app')
	at jakarta.activation.MailcapCommandMap.getDataContentHandler(MailcapCommandMap.java:620) ~[jakarta.activation-api-2.1.3.jar:?]
	at jakarta.activation.MailcapCommandMap.createDataContentHandler(MailcapCommandMap.java:573) ~[jakarta.activation-api-2.1.3.jar:?]
	at jakarta.activation.DataHandler.getDataContentHandler(DataHandler.java:591) ~[jakarta.activation-api-2.1.3.jar:?]
	at jakarta.activation.DataHandler.writeTo(DataHandler.java:290) ~[jakarta.activation-api-2.1.3.jar:?]
	at jakarta.mail.internet.MimeUtility.getEncoding(MimeUtility.java:318) ~[jakarta.mail-api-2.1.3.jar:?]
	at jakarta.mail.internet.MimeBodyPart.updateHeaders(MimeBodyPart.java:1562) ~[jakarta.mail-api-2.1.3.jar:?]
	at jakarta.mail.internet.MimeBodyPart.updateHeaders(MimeBodyPart.java:1156) ~[jakarta.mail-api-2.1.3.jar:?]
	at jakarta.mail.internet.MimeMultipart.updateHeaders(MimeMultipart.java:509) ~[jakarta.mail-api-2.1.3.jar:?]
	at jakarta.mail.internet.MimeBodyPart.updateHeaders(MimeBodyPart.java:1520) ~[jakarta.mail-api-2.1.3.jar:?]
	at jakarta.mail.internet.MimeMessage.updateHeaders(MimeMessage.java:2272) ~[jakarta.mail-api-2.1.3.jar:?]
	at jakarta.mail.internet.MimeMessage.saveChanges(MimeMessage.java:2232) ~[jakarta.mail-api-2.1.3.jar:?]
	at jakarta.mail.Transport.send(Transport.java:101) ~[jakarta.mail-api-2.1.3.jar:?]
	at b_utilities.EmailReportSender.sendReport(EmailReportSender.java:122) [test-classes/:?]
	at b_utilities.ExtentReportManager.onFinish(ExtentReportManager.java:395) [test-classes/:?]
	at org.testng.TestRunner.fireEvent(TestRunner.java:900) [org.testng_7.11.0.r202503091654.jar:7.11.0]
	at org.testng.TestRunner.afterRun(TestRunner.java:855) [org.testng_7.11.0.r202503091654.jar:7.11.0]
	at org.testng.TestRunner.run(TestRunner.java:618) [org.testng_7.11.0.r202503091654.jar:7.11.0]
	at org.testng.SuiteRunner.runTest(SuiteRunner.java:421) [org.testng_7.11.0.r202503091654.jar:7.11.0]
	at org.testng.SuiteRunner.runSequentially(SuiteRunner.java:413) [org.testng_7.11.0.r202503091654.jar:7.11.0]
	at org.testng.SuiteRunner.privateRun(SuiteRunner.java:373) [org.testng_7.11.0.r202503091654.jar:7.11.0]
	at org.testng.SuiteRunner.run(SuiteRunner.java:312) [org.testng_7.11.0.r202503091654.jar:7.11.0]
	at org.testng.SuiteRunnerWorker.runSuite(SuiteRunnerWorker.java:52) [org.testng_7.11.0.r202503091654.jar:7.11.0]
	at org.testng.SuiteRunnerWorker.run(SuiteRunnerWorker.java:95) [org.testng_7.11.0.r202503091654.jar:7.11.0]
	at org.testng.TestNG.runSuitesSequentially(TestNG.java:1274) [org.testng_7.11.0.r202503091654.jar:7.11.0]
	at org.testng.TestNG.runSuitesLocally(TestNG.java:1208) [org.testng_7.11.0.r202503091654.jar:7.11.0]
	at org.testng.TestNG.runSuites(TestNG.java:1112) [org.testng_7.11.0.r202503091654.jar:7.11.0]
	at org.testng.TestNG.run(TestNG.java:1079) [org.testng_7.11.0.r202503091654.jar:7.11.0]
	at org.testng.remote.AbstractRemoteTestNG.run(AbstractRemoteTestNG.java:115) [testng-remote.jar:?]
	at org.testng.remote.RemoteTestNG.initAndRun(RemoteTestNG.java:293) [testng-remote.jar:?]
	at org.testng.remote.RemoteTestNG.main(RemoteTestNG.java:91) [testng-remote.jar:?]
14:44:31.439 [TestNG-test-RetryMultipleFailedTestcases-1] INFO  a_testbase.BaseClass - Thread Name: TestNG-test-RetryMultipleFailedTestcases-1
14:44:44.053 [TestNG-test-RetryMultipleFailedTestcases-1] INFO  a_testbase.BaseClass - Starting test: verifyVariableTextInFindPlugin
14:45:03.547 [TestNG-test-RetryMultipleFailedTestcases-1] INFO  a_testbase.BaseClass - 'Please Wait' has disappeared. Proceeding.
14:45:11.933 [TestNG-test-RetryMultipleFailedTestcases-1] INFO  a_testbase.BaseClass - Test finished: verifyVariableTextInFindPlugin
14:45:13.287 [TestNG-test-RetryMultipleFailedTestcases-1] INFO  a_testbase.BaseClass - Browser closed for test: verifyVariableTextInFindPlugin
14:45:13.878 [main] INFO  a_testbase.BaseClass - Excel report generated successfully at .\reports\Excel Report.xls
14:45:14.948 [main] INFO  a_testbase.BaseClass - Extent Report generated successfully.
14:45:14.948 [main] INFO  a_testbase.BaseClass - onFinish() executed
14:45:14.949 [main] INFO  a_testbase.BaseClass - Suite: org.testng.SuiteRunner@68af8288
14:45:14.949 [main] INFO  a_testbase.BaseClass - Email already sent: false
14:45:14.978 [main] INFO  a_testbase.BaseClass - Email sender started...
14:45:15.086 [main] INFO  a_testbase.BaseClass - Attached File: Excel Report.xls
14:45:15.087 [main] INFO  a_testbase.BaseClass - Attached File: Extent Report.html
14:45:15.088 [main] INFO  a_testbase.BaseClass - Attached File: reports.html
14:45:21.040 [main] INFO  a_testbase.BaseClass - ✅ Automation Report Email Sent Successfully
15:05:12.512 [TestNG-test-Text Variable-4] INFO  a_testbase.BaseClass - Thread Name: TestNG-test-Text Variable-4
15:05:12.512 [TestNG-test-Text Variable-1] INFO  a_testbase.BaseClass - Thread Name: TestNG-test-Text Variable-1
15:05:12.512 [TestNG-test-Text Variable-3] INFO  a_testbase.BaseClass - Thread Name: TestNG-test-Text Variable-3
15:05:12.512 [TestNG-test-Text Variable-2] INFO  a_testbase.BaseClass - Thread Name: TestNG-test-Text Variable-2
15:05:22.076 [TestNG-test-Text Variable-4] INFO  a_testbase.BaseClass - Starting test: verifyAddTvInPlaceCursorHitEnter
15:05:22.076 [TestNG-test-Text Variable-1] INFO  a_testbase.BaseClass - Starting test: verifyAddCommentToTVandHitBackspaceKey
15:05:22.125 [TestNG-test-Text Variable-3] INFO  a_testbase.BaseClass - Starting test: verifyAddTvInNewParaAndHitEnter
15:05:22.291 [TestNG-test-Text Variable-2] INFO  a_testbase.BaseClass - Starting test: verifyAddTvInLiandHitEnter
15:05:49.394 [TestNG-test-Text Variable-3] INFO  a_testbase.BaseClass - 'Please Wait' has disappeared. Proceeding.
15:06:04.786 [TestNG-test-Text Variable-1] INFO  a_testbase.BaseClass - 'Please Wait' has disappeared. Proceeding.
15:06:11.259 [TestNG-test-Text Variable-4] INFO  a_testbase.BaseClass - 'Please Wait' has disappeared. Proceeding.
15:06:12.978 [TestNG-test-Text Variable-3] INFO  a_testbase.BaseClass - Test finished: verifyAddTvInNewParaAndHitEnter
15:06:14.266 [TestNG-test-Text Variable-3] INFO  a_testbase.BaseClass - Browser closed for test: verifyAddTvInNewParaAndHitEnter
15:06:14.271 [TestNG-test-Text Variable-3] INFO  a_testbase.BaseClass - Thread Name: TestNG-test-Text Variable-3
15:06:15.186 [TestNG-test-Text Variable-2] INFO  a_testbase.BaseClass - 'Please Wait' has disappeared. Proceeding.
15:06:29.507 [TestNG-test-Text Variable-1] INFO  a_testbase.BaseClass - Test finished: verifyAddCommentToTVandHitBackspaceKey
15:06:29.853 [TestNG-test-Text Variable-3] INFO  a_testbase.BaseClass - Starting test: verifyAddingTextinCodeIDElement
15:06:30.718 [TestNG-test-Text Variable-1] INFO  a_testbase.BaseClass - Browser closed for test: verifyAddCommentToTVandHitBackspaceKey
15:06:30.719 [TestNG-test-Text Variable-1] INFO  a_testbase.BaseClass - Thread Name: TestNG-test-Text Variable-1
15:06:34.722 [TestNG-test-Text Variable-4] INFO  a_testbase.BaseClass - Test finished: verifyAddTvInPlaceCursorHitEnter
15:06:36.018 [TestNG-test-Text Variable-4] INFO  a_testbase.BaseClass - Browser closed for test: verifyAddTvInPlaceCursorHitEnter
15:06:36.020 [TestNG-test-Text Variable-4] INFO  a_testbase.BaseClass - Thread Name: TestNG-test-Text Variable-4
15:06:41.004 [TestNG-test-Text Variable-2] INFO  a_testbase.BaseClass - Test finished: verifyAddTvInLiandHitEnter
15:06:42.187 [TestNG-test-Text Variable-4] INFO  a_testbase.BaseClass - Starting test: verifyChangetextVariableToListAndCheckInfo
15:06:42.266 [TestNG-test-Text Variable-2] INFO  a_testbase.BaseClass - Browser closed for test: verifyAddTvInLiandHitEnter
15:06:42.269 [TestNG-test-Text Variable-2] INFO  a_testbase.BaseClass - Thread Name: TestNG-test-Text Variable-2
15:06:47.805 [TestNG-test-Text Variable-2] INFO  a_testbase.BaseClass - Starting test: verifyCheckSearchOptionsInVariablePopup
15:06:53.005 [TestNG-test-Text Variable-3] INFO  a_testbase.BaseClass - 'Please Wait' has disappeared. Proceeding.
15:06:54.114 [TestNG-test-Text Variable-1] INFO  a_testbase.BaseClass - Starting test: verifyChangetextVariableAndCheckTC
15:07:19.410 [TestNG-test-Text Variable-3] INFO  a_testbase.BaseClass - Test finished: verifyAddingTextinCodeIDElement
15:07:20.641 [TestNG-test-Text Variable-3] INFO  a_testbase.BaseClass - Browser closed for test: verifyAddingTextinCodeIDElement
15:07:20.641 [TestNG-test-Text Variable-3] INFO  a_testbase.BaseClass - Thread Name: TestNG-test-Text Variable-3
15:07:22.313 [TestNG-test-Text Variable-4] INFO  a_testbase.BaseClass - 'Please Wait' has disappeared. Proceeding.
15:07:25.952 [TestNG-test-Text Variable-4] INFO  a_testbase.BaseClass - Test finished: verifyChangetextVariableToListAndCheckInfo
15:07:27.117 [TestNG-test-Text Variable-4] INFO  a_testbase.BaseClass - Browser closed for test: verifyChangetextVariableToListAndCheckInfo
15:07:27.119 [TestNG-test-Text Variable-4] INFO  a_testbase.BaseClass - Thread Name: TestNG-test-Text Variable-4
15:07:27.611 [TestNG-test-Text Variable-1] WARN  a_testbase.BaseClass - No 'Please Wait' element found or already disappeared.
15:07:27.920 [TestNG-test-Text Variable-2] INFO  a_testbase.BaseClass - 'Please Wait' has disappeared. Proceeding.
15:07:31.491 [TestNG-test-Text Variable-3] INFO  a_testbase.BaseClass - Starting test: verifyClikingOnInsertBtnByNotSeletingVariableCheckInfo
15:07:31.854 [TestNG-test-Text Variable-4] INFO  a_testbase.BaseClass - Starting test: verifyCopyAndPastetextVariable
15:07:54.861 [TestNG-test-Text Variable-2] INFO  a_testbase.BaseClass - Test finished: verifyCheckSearchOptionsInVariablePopup
15:07:56.397 [TestNG-test-Text Variable-2] INFO  a_testbase.BaseClass - Browser closed for test: verifyCheckSearchOptionsInVariablePopup
15:07:56.400 [TestNG-test-Text Variable-2] INFO  a_testbase.BaseClass - Thread Name: TestNG-test-Text Variable-2
15:07:59.286 [TestNG-test-Text Variable-1] INFO  a_testbase.BaseClass - Test finished: verifyChangetextVariableAndCheckTC
15:08:00.391 [TestNG-test-Text Variable-3] INFO  a_testbase.BaseClass - 'Please Wait' has disappeared. Proceeding.
15:08:05.614 [TestNG-test-Text Variable-1] INFO  a_testbase.BaseClass - Browser closed for test: verifyChangetextVariableAndCheckTC
15:08:05.616 [TestNG-test-Text Variable-1] INFO  a_testbase.BaseClass - Thread Name: TestNG-test-Text Variable-1
15:08:08.115 [TestNG-test-Text Variable-4] INFO  a_testbase.BaseClass - 'Please Wait' has disappeared. Proceeding.
15:08:15.298 [TestNG-test-Text Variable-2] INFO  a_testbase.BaseClass - Starting test: verifyElemntsAndAttributeOptionOnRCtextVariable
15:08:16.696 [TestNG-test-Text Variable-1] INFO  a_testbase.BaseClass - Starting test: verifyFootnoteBottomAddTextVaraiable
15:08:22.019 [TestNG-test-Text Variable-3] INFO  a_testbase.BaseClass - Test finished: verifyClikingOnInsertBtnByNotSeletingVariableCheckInfo
15:08:23.277 [TestNG-test-Text Variable-3] INFO  a_testbase.BaseClass - Browser closed for test: verifyClikingOnInsertBtnByNotSeletingVariableCheckInfo
15:08:23.279 [TestNG-test-Text Variable-3] INFO  a_testbase.BaseClass - Thread Name: TestNG-test-Text Variable-3
15:08:29.518 [TestNG-test-Text Variable-3] INFO  a_testbase.BaseClass - Starting test: verifyImgandInsertextvaraibleInfo
15:08:35.113 [TestNG-test-Text Variable-4] INFO  b_utilities.RetryAnalyzer - 🔴 Browser closed before retry attempt: 1
15:08:35.120 [TestNG-test-Text Variable-4] INFO  a_testbase.BaseClass - Browser closed for test: verifyCopyAndPastetextVariable
15:08:35.120 [TestNG-test-Text Variable-4] INFO  a_testbase.BaseClass - Thread Name: TestNG-test-Text Variable-4
15:08:40.573 [TestNG-test-Text Variable-4] INFO  a_testbase.BaseClass - Starting test: verifyCopyAndPastetextVariable
15:09:23.350 [TestNG-test-Text Variable-2] INFO  a_testbase.BaseClass - 'Please Wait' has disappeared. Proceeding.
15:09:28.054 [TestNG-test-Text Variable-3] INFO  a_testbase.BaseClass - 'Please Wait' has disappeared. Proceeding.
15:09:30.515 [TestNG-test-Text Variable-1] INFO  a_testbase.BaseClass - 'Please Wait' has disappeared. Proceeding.
15:09:31.043 [TestNG-test-Text Variable-4] INFO  a_testbase.BaseClass - 'Please Wait' has disappeared. Proceeding.
15:09:42.581 [TestNG-test-Text Variable-1] INFO  a_testbase.BaseClass - Deleted - Text Variable
Variable Content - All Right Reserved IATA
15:09:42.581 [TestNG-test-Text Variable-1] INFO  a_testbase.BaseClass - Test finished: verifyFootnoteBottomAddTextVaraiable
15:09:43.746 [TestNG-test-Text Variable-1] INFO  a_testbase.BaseClass - Browser closed for test: verifyFootnoteBottomAddTextVaraiable
15:09:43.749 [TestNG-test-Text Variable-1] INFO  a_testbase.BaseClass - Thread Name: TestNG-test-Text Variable-1
15:09:48.366 [TestNG-test-Text Variable-1] INFO  a_testbase.BaseClass - Starting test: verifyInsertAddressandTextVaraibleinAddressdetails
15:09:54.086 [TestNG-test-Text Variable-4] INFO  b_utilities.RetryAnalyzer - ⚠ Zephyr Test Case ID not found for: verifyCopyAndPastetextVariable
15:09:55.511 [TestNG-test-Text Variable-4] INFO  a_testbase.BaseClass - Browser closed for test: verifyCopyAndPastetextVariable
15:09:55.511 [TestNG-test-Text Variable-4] INFO  a_testbase.BaseClass - Thread Name: TestNG-test-Text Variable-4
15:09:59.987 [TestNG-test-Text Variable-4] INFO  a_testbase.BaseClass - Starting test: verifyInsertAddressandTextVaraibleinPartyinfo
15:10:42.380 [TestNG-test-Text Variable-1] INFO  a_testbase.BaseClass - 'Please Wait' has disappeared. Proceeding.
15:11:02.061 [TestNG-test-Text Variable-3] INFO  a_testbase.BaseClass - Test finished: verifyImgandInsertextvaraibleInfo
15:11:03.211 [TestNG-test-Text Variable-3] INFO  a_testbase.BaseClass - Browser closed for test: verifyImgandInsertextvaraibleInfo
15:11:03.213 [TestNG-test-Text Variable-3] INFO  a_testbase.BaseClass - Thread Name: TestNG-test-Text Variable-3
15:11:04.041 [TestNG-test-Text Variable-4] INFO  a_testbase.BaseClass - 'Please Wait' has disappeared. Proceeding.
15:11:07.221 [TestNG-test-Text Variable-1] INFO  a_testbase.BaseClass - Test finished: verifyInsertAddressandTextVaraibleinAddressdetails
15:11:07.457 [TestNG-test-Text Variable-2] INFO  a_testbase.BaseClass - Test finished: verifyElemntsAndAttributeOptionOnRCtextVariable
15:11:07.955 [TestNG-test-Text Variable-3] INFO  a_testbase.BaseClass - Starting test: verifyInsertCommentTotextVariable
15:11:08.421 [TestNG-test-Text Variable-1] INFO  a_testbase.BaseClass - Browser closed for test: verifyInsertAddressandTextVaraibleinAddressdetails
15:11:08.423 [TestNG-test-Text Variable-1] INFO  a_testbase.BaseClass - Thread Name: TestNG-test-Text Variable-1
15:11:08.707 [TestNG-test-Text Variable-2] INFO  a_testbase.BaseClass - Browser closed for test: verifyElemntsAndAttributeOptionOnRCtextVariable
15:11:08.707 [TestNG-test-Text Variable-2] INFO  a_testbase.BaseClass - Thread Name: TestNG-test-Text Variable-2
15:11:12.783 [TestNG-test-Text Variable-1] INFO  a_testbase.BaseClass - Starting test: verifyInsertLinkButtonOnTextVariable
15:11:13.504 [TestNG-test-Text Variable-2] INFO  a_testbase.BaseClass - Starting test: verifyInsertTextVaraibleAddcontentPara
15:11:30.901 [TestNG-test-Text Variable-4] INFO  a_testbase.BaseClass - Test finished: verifyInsertAddressandTextVaraibleinPartyinfo
15:11:32.247 [TestNG-test-Text Variable-4] INFO  a_testbase.BaseClass - Browser closed for test: verifyInsertAddressandTextVaraibleinPartyinfo
15:11:32.254 [TestNG-test-Text Variable-4] INFO  a_testbase.BaseClass - Thread Name: TestNG-test-Text Variable-4
15:11:38.567 [TestNG-test-Text Variable-4] INFO  a_testbase.BaseClass - Starting test: verifyInsertTextVaraibleCVQP
15:11:46.870 [TestNG-test-Text Variable-3] INFO  a_testbase.BaseClass - 'Please Wait' has disappeared. Proceeding.
15:11:49.382 [TestNG-test-Text Variable-1] INFO  a_testbase.BaseClass - 'Please Wait' has disappeared. Proceeding.
15:11:50.671 [TestNG-test-Text Variable-2] INFO  a_testbase.BaseClass - 'Please Wait' has disappeared. Proceeding.
15:12:09.749 [TestNG-test-Text Variable-3] INFO  a_testbase.BaseClass - rgba(249, 211, 59, 1)
15:12:09.750 [TestNG-test-Text Variable-3] INFO  a_testbase.BaseClass - Test finished: verifyInsertCommentTotextVariable
15:12:10.888 [TestNG-test-Text Variable-3] INFO  a_testbase.BaseClass - Browser closed for test: verifyInsertCommentTotextVariable
15:12:10.890 [TestNG-test-Text Variable-3] INFO  a_testbase.BaseClass - Thread Name: TestNG-test-Text Variable-3
15:12:12.211 [TestNG-test-Text Variable-1] INFO  a_testbase.BaseClass - Test finished: verifyInsertLinkButtonOnTextVariable
15:12:13.506 [TestNG-test-Text Variable-1] INFO  a_testbase.BaseClass - Browser closed for test: verifyInsertLinkButtonOnTextVariable
15:12:13.514 [TestNG-test-Text Variable-1] INFO  a_testbase.BaseClass - Thread Name: TestNG-test-Text Variable-1
15:12:15.326 [TestNG-test-Text Variable-2] INFO  a_testbase.BaseClass - Test finished: verifyInsertTextVaraibleAddcontentPara
15:12:16.025 [TestNG-test-Text Variable-3] INFO  a_testbase.BaseClass - Starting test: verifyInsertTextVaraibleCopyPasteShortcutkey
15:12:17.485 [TestNG-test-Text Variable-2] INFO  a_testbase.BaseClass - Browser closed for test: verifyInsertTextVaraibleAddcontentPara
15:12:17.498 [TestNG-test-Text Variable-2] INFO  a_testbase.BaseClass - Thread Name: TestNG-test-Text Variable-2
15:12:20.271 [TestNG-test-Text Variable-1] INFO  a_testbase.BaseClass - Starting test: verifyInsertTextVaraibleCopyPasteToolbar
15:12:24.397 [TestNG-test-Text Variable-2] INFO  a_testbase.BaseClass - Starting test: verifyInsertTextVaraibleDeleteBackspace
15:12:41.485 [TestNG-test-Text Variable-4] INFO  a_testbase.BaseClass - 'Please Wait' has disappeared. Proceeding.
15:12:55.159 [TestNG-test-Text Variable-3] INFO  a_testbase.BaseClass - 'Please Wait' has disappeared. Proceeding.
15:13:05.847 [TestNG-test-Text Variable-1] INFO  a_testbase.BaseClass - 'Please Wait' has disappeared. Proceeding.
15:13:13.767 [TestNG-test-Text Variable-4] INFO  b_utilities.RetryAnalyzer - 🔴 Browser closed before retry attempt: 1
15:13:13.769 [TestNG-test-Text Variable-4] INFO  a_testbase.BaseClass - Browser closed for test: verifyInsertTextVaraibleCVQP
15:13:13.769 [TestNG-test-Text Variable-4] INFO  a_testbase.BaseClass - Thread Name: TestNG-test-Text Variable-4
15:13:18.087 [TestNG-test-Text Variable-4] INFO  a_testbase.BaseClass - Starting test: verifyInsertTextVaraibleCVQP
15:13:43.409 [TestNG-test-Text Variable-2] INFO  a_testbase.BaseClass - 'Please Wait' has disappeared. Proceeding.
15:13:52.175 [TestNG-test-Text Variable-4] INFO  a_testbase.BaseClass - 'Please Wait' has disappeared. Proceeding.
15:14:14.585 [TestNG-test-Text Variable-4] INFO  b_utilities.RetryAnalyzer - ⚠ Zephyr Test Case ID not found for: verifyInsertTextVaraibleCVQP
15:14:15.928 [TestNG-test-Text Variable-4] INFO  a_testbase.BaseClass - Browser closed for test: verifyInsertTextVaraibleCVQP
15:14:15.928 [TestNG-test-Text Variable-4] INFO  a_testbase.BaseClass - Thread Name: TestNG-test-Text Variable-4
15:14:19.943 [TestNG-test-Text Variable-4] INFO  a_testbase.BaseClass - Starting test: verifyInsertTextVaraibleEnterKey
15:14:26.755 [TestNG-test-Text Variable-2] INFO  b_utilities.RetryAnalyzer - 🔴 Browser closed before retry attempt: 1
15:14:26.760 [TestNG-test-Text Variable-2] INFO  a_testbase.BaseClass - Browser closed for test: verifyInsertTextVaraibleDeleteBackspace
15:14:26.762 [TestNG-test-Text Variable-2] INFO  a_testbase.BaseClass - Thread Name: TestNG-test-Text Variable-2
15:14:31.505 [TestNG-test-Text Variable-2] INFO  a_testbase.BaseClass - Starting test: verifyInsertTextVaraibleDeleteBackspace
15:14:33.654 [TestNG-test-Text Variable-4] INFO  a_testbase.BaseClass - 'Please Wait' has disappeared. Proceeding.
15:14:41.578 [TestNG-test-Text Variable-3] INFO  b_utilities.RetryAnalyzer - 🔴 Browser closed before retry attempt: 1
15:14:41.583 [TestNG-test-Text Variable-3] INFO  a_testbase.BaseClass - Browser closed for test: verifyInsertTextVaraibleCopyPasteShortcutkey
15:14:41.584 [TestNG-test-Text Variable-3] INFO  a_testbase.BaseClass - Thread Name: TestNG-test-Text Variable-3
15:14:50.901 [TestNG-test-Text Variable-3] INFO  a_testbase.BaseClass - Starting test: verifyInsertTextVaraibleCopyPasteShortcutkey
15:14:53.678 [TestNG-test-Text Variable-1] INFO  b_utilities.RetryAnalyzer - 🔴 Browser closed before retry attempt: 1
15:14:53.681 [TestNG-test-Text Variable-1] INFO  a_testbase.BaseClass - Browser closed for test: verifyInsertTextVaraibleCopyPasteToolbar
15:14:53.682 [TestNG-test-Text Variable-1] INFO  a_testbase.BaseClass - Thread Name: TestNG-test-Text Variable-1
15:14:58.505 [TestNG-test-Text Variable-4] INFO  a_testbase.BaseClass - Test finished: verifyInsertTextVaraibleEnterKey
15:15:00.036 [TestNG-test-Text Variable-1] INFO  a_testbase.BaseClass - Starting test: verifyInsertTextVaraibleCopyPasteToolbar
15:15:00.132 [TestNG-test-Text Variable-4] INFO  a_testbase.BaseClass - Browser closed for test: verifyInsertTextVaraibleEnterKey
15:15:00.135 [TestNG-test-Text Variable-4] INFO  a_testbase.BaseClass - Thread Name: TestNG-test-Text Variable-4
15:15:06.820 [TestNG-test-Text Variable-4] INFO  a_testbase.BaseClass - Starting test: verifyInsertTextVaraibleMidParaRejectChange
15:15:18.617 [TestNG-test-Text Variable-2] INFO  a_testbase.BaseClass - 'Please Wait' has disappeared. Proceeding.
15:15:26.800 [TestNG-test-Text Variable-3] INFO  a_testbase.BaseClass - 'Please Wait' has disappeared. Proceeding.
15:15:42.265 [TestNG-test-Text Variable-2] INFO  a_testbase.BaseClass - Deleted - Text Variable
Variable Content - All Right Reserved IATA
15:15:42.266 [TestNG-test-Text Variable-2] INFO  a_testbase.BaseClass - Test finished: verifyInsertTextVaraibleDeleteBackspace
15:15:43.476 [TestNG-test-Text Variable-2] INFO  a_testbase.BaseClass - Browser closed for test: verifyInsertTextVaraibleDeleteBackspace
15:15:43.480 [TestNG-test-Text Variable-2] INFO  a_testbase.BaseClass - Thread Name: TestNG-test-Text Variable-2
15:15:52.438 [TestNG-test-Text Variable-2] INFO  a_testbase.BaseClass - Starting test: verifyInsertTextVaraibleMultipleInline
15:16:12.851 [TestNG-test-Text Variable-1] INFO  a_testbase.BaseClass - 'Please Wait' has disappeared. Proceeding.
15:16:16.544 [TestNG-test-Text Variable-4] INFO  a_testbase.BaseClass - 'Please Wait' has disappeared. Proceeding.
