16:33:27.252 [TestNG-test=RetryMultipleFailedTestcases-4] INFO  Elements_Testcases.Ae_UndoRedoTC - Created Actions class instance.
16:33:27.947 [TestNG-test=RetryMultipleFailedTestcases-4] INFO  Elements_Testcases.Ae_UndoRedoTC - clicked on Space key
16:33:28.252 [TestNG-test=RetryMultipleFailedTestcases-4] INFO  Elements_Testcases.Ae_UndoRedoTC - Switched back to default content.
16:33:28.531 [TestNG-test=RetryMultipleFailedTestcases-4] INFO  Elements_Testcases.Ae_UndoRedoTC - clicked on Show Hide
16:33:28.814 [TestNG-test=RetryMultipleFailedTestcases-4] INFO  Elements_Testcases.Ae_UndoRedoTC - Switched to frame 0.
16:33:28.847 [TestNG-test=RetryMultipleFailedTestcases-4] INFO  Elements_Testcases.Ae_UndoRedoTC - Switched back to default content.
16:33:29.277 [TestNG-test=RetryMultipleFailedTestcases-4] INFO  Elements_Testcases.Ae_UndoRedoTC - Switched to frame 0.
16:33:36.002 [TestNG-test=RetryMultipleFailedTestcases-4] INFO  sprint5_TestCases.C_CommonBugsTC - Starting test TC780_verifyInsertEntityUndoRedo.
16:33:51.802 [TestNG-test=RetryMultipleFailedTestcases-1] INFO  sprint5_TestCases.C_CommonBugsTC - Logged in and clicked on Edit.
16:33:52.398 [TestNG-test=RetryMultipleFailedTestcases-1] INFO  sprint5_TestCases.C_CommonBugsTC - Clicked on a table cell.
16:33:52.627 [TestNG-test=RetryMultipleFailedTestcases-1] INFO  sprint5_TestCases.C_CommonBugsTC - Clicked on the Table Properties tab.
16:33:53.239 [TestNG-test=RetryMultipleFailedTestcases-1] INFO  sprint5_TestCases.C_CommonBugsTC - Clicked 'Delete Column'.
16:33:54.100 [TestNG-test=RetryMultipleFailedTestcases-1] INFO  sprint5_TestCases.C_CommonBugsTC - Clicked on a table cell.
16:33:54.328 [TestNG-test=RetryMultipleFailedTestcases-1] INFO  sprint5_TestCases.C_CommonBugsTC - Clicked 'Delete Column'.
16:33:54.946 [TestNG-test=RetryMultipleFailedTestcases-1] INFO  sprint5_TestCases.C_CommonBugsTC - Clicked 'Accept Change'.
16:33:55.459 [TestNG-test=RetryMultipleFailedTestcases-1] INFO  sprint5_TestCases.C_CommonBugsTC - Verified the table column count before Undo.
16:33:56.116 [TestNG-test=RetryMultipleFailedTestcases-1] INFO  sprint5_TestCases.C_CommonBugsTC - Clicked 'Undo'.
16:33:56.240 [TestNG-test=RetryMultipleFailedTestcases-1] INFO  sprint5_TestCases.C_CommonBugsTC - Verified the table column count after Undo.
16:33:56.240 [TestNG-test=RetryMultipleFailedTestcases-1] INFO  sprint5_TestCases.C_CommonBugsTC - Test TC775_verifyDeleteColumnExisting completed.
16:34:04.173 [TestNG-test=RetryMultipleFailedTestcases-1] INFO  sprint5_TestCases.E_CommonTC - Starting verifyUndoInCB
16:34:05.297 [TestNG-test=RetryMultipleFailedTestcases-2] INFO  Elements_Testcases.Ae_UndoRedoTC - Verifying section Number is not present in Visual Editor...
16:34:05.503 [TestNG-test=RetryMultipleFailedTestcases-3] INFO  sprint5_TestCases.E_CommonTC - Starting verifyFindReplaceUndoRedo
16:34:07.058 [TestNG-test=RetryMultipleFailedTestcases-4] INFO  sprint5_TestCases.C_CommonBugsTC - Logged in and clicked on Edit.
16:34:07.446 [TestNG-test=RetryMultipleFailedTestcases-4] INFO  sprint5_TestCases.C_CommonBugsTC - Clicked on Entity.
16:34:08.677 [TestNG-test=RetryMultipleFailedTestcases-4] INFO  sprint5_TestCases.C_CommonBugsTC - Clicked the first expander.
16:34:08.926 [TestNG-test=RetryMultipleFailedTestcases-2] INFO  Elements_Testcases.Ae_UndoRedoTC - Verifying section Number is not present in Visual Editor...
16:34:09.108 [TestNG-test=RetryMultipleFailedTestcases-4] INFO  sprint5_TestCases.C_CommonBugsTC - Clicked the FancyTreeNode.
16:34:09.806 [TestNG-test=RetryMultipleFailedTestcases-4] INFO  sprint5_TestCases.C_CommonBugsTC - Clicked Entity Insert button.
16:34:10.097 [TestNG-test=RetryMultipleFailedTestcases-4] INFO  sprint5_TestCases.C_CommonBugsTC - Verified that Track change is enabled.
16:34:10.579 [TestNG-test=RetryMultipleFailedTestcases-4] INFO  sprint5_TestCases.C_CommonBugsTC - Clicked Quick Preview.
16:34:10.878 [TestNG-test=RetryMultipleFailedTestcases-4] INFO  sprint5_TestCases.C_CommonBugsTC - Verified that Entity is inserted.
16:34:12.893 [TestNG-test=RetryMultipleFailedTestcases-4] INFO  sprint5_TestCases.C_CommonBugsTC - Clicked Undo.
16:34:14.706 [TestNG-test=RetryMultipleFailedTestcases-4] INFO  sprint5_TestCases.C_CommonBugsTC - Clicked Redo.
16:34:15.018 [TestNG-test=RetryMultipleFailedTestcases-4] INFO  sprint5_TestCases.C_CommonBugsTC - Verified that the Attribute panel is updated accordingly.
16:34:15.018 [TestNG-test=RetryMultipleFailedTestcases-4] INFO  sprint5_TestCases.C_CommonBugsTC - Test TC780_verifyInsertEntityUndoRedo completed.
16:34:15.258 [TestNG-test=RetryMultipleFailedTestcases-2] INFO  sprint5_TestCases.E_CommonTC - Starting verifyUndoRedoEmphasis
16:34:37.252 [TestNG-test=RetryMultipleFailedTestcases-1] INFO  sprint5_TestCases.E_CommonTC - Logged in, searched for a file, and clicked Edit.
16:34:37.334 [TestNG-test=RetryMultipleFailedTestcases-1] INFO  sprint5_TestCases.E_CommonTC - Switched to frame 0.
16:34:37.553 [TestNG-test=RetryMultipleFailedTestcases-3] INFO  sprint5_TestCases.E_CommonTC - Logged in, searched for a file, and clicked Edit.
16:34:37.555 [TestNG-test=RetryMultipleFailedTestcases-3] INFO  sprint5_TestCases.E_CommonTC - Created E_Common instance.
16:34:37.618 [TestNG-test=RetryMultipleFailedTestcases-3] INFO  sprint5_TestCases.E_CommonTC - Verified Find Replace Enabled
16:34:37.675 [TestNG-test=RetryMultipleFailedTestcases-3] INFO  sprint5_TestCases.E_CommonTC - Verified Find Replace is displayed
16:34:37.936 [TestNG-test=RetryMultipleFailedTestcases-3] INFO  sprint5_TestCases.E_CommonTC - Clicked on Replace plugin.
16:34:37.961 [TestNG-test=RetryMultipleFailedTestcases-1] INFO  sprint5_TestCases.E_CommonTC - clicked on VE First para 
16:34:37.961 [TestNG-test=RetryMultipleFailedTestcases-1] INFO  sprint5_TestCases.E_CommonTC - Created Actions class instance.
16:34:38.930 [TestNG-test=RetryMultipleFailedTestcases-3] INFO  sprint5_TestCases.E_CommonTC - Created Actions class instance.
16:34:39.252 [TestNG-test=RetryMultipleFailedTestcases-1] INFO  sprint5_TestCases.E_CommonTC - Switched back to default content.
16:34:39.469 [TestNG-test=RetryMultipleFailedTestcases-3] INFO  sprint5_TestCases.E_CommonTC - Clicked on Replace Button.
16:34:40.396 [TestNG-test=RetryMultipleFailedTestcases-3] INFO  sprint5_TestCases.E_CommonTC - Clicked on Replace Close button.
16:34:40.464 [TestNG-test=RetryMultipleFailedTestcases-3] INFO  sprint5_TestCases.E_CommonTC - Switched to frame 0.
16:34:40.529 [TestNG-test=RetryMultipleFailedTestcases-3] INFO  sprint5_TestCases.E_CommonTC - Switched back to default content.
16:34:40.616 [TestNG-test=RetryMultipleFailedTestcases-1] INFO  sprint5_TestCases.E_CommonTC - Clicked on Undo Plugin
16:34:41.180 [TestNG-test=RetryMultipleFailedTestcases-3] INFO  sprint5_TestCases.E_CommonTC - Clicked on Undo Plugin
16:34:41.489 [TestNG-test=RetryMultipleFailedTestcases-3] INFO  sprint5_TestCases.E_CommonTC - Switched to frame 0.
16:34:50.521 [TestNG-test=RetryMultipleFailedTestcases-2] INFO  sprint5_TestCases.E_CommonTC - Logged in, searched for a file, and clicked Edit.
16:34:50.522 [TestNG-test=RetryMultipleFailedTestcases-2] INFO  sprint5_TestCases.E_CommonTC - Created E_Common instance.
16:34:50.570 [TestNG-test=RetryMultipleFailedTestcases-2] INFO  sprint5_TestCases.E_CommonTC - Switched to frame 0.
16:34:50.573 [TestNG-test=RetryMultipleFailedTestcases-2] INFO  sprint5_TestCases.E_CommonTC - Switched back to default content.
16:34:50.703 [TestNG-test=RetryMultipleFailedTestcases-2] INFO  sprint5_TestCases.E_CommonTC - Clicked on Bold Button
16:35:20.954 [TestNG-test=RetryMultipleFailedTestcases-1] INFO  sprint5_TestCases.E_CommonTC - Finished verifyUndoInCB ..
16:35:21.571 [TestNG-test=RetryMultipleFailedTestcases-3] INFO  sprint5_TestCases.E_CommonTC - Switched back to default content.
16:35:22.000 [TestNG-test=RetryMultipleFailedTestcases-3] INFO  sprint5_TestCases.E_CommonTC - Clicked on Redo Plugin
16:35:22.052 [TestNG-test=RetryMultipleFailedTestcases-3] INFO  sprint5_TestCases.E_CommonTC - Switched to frame 0.
16:35:22.067 [TestNG-test=RetryMultipleFailedTestcases-3] INFO  sprint5_TestCases.E_CommonTC - Finished verifyFindReplaceUndoRedo ..
16:57:30.334 [main] INFO  Elements_Testcases.Ae_UndoRedoTC - Logged in and searched for a file, then clicked Edit.
17:00:09.549 [main] INFO  Elements_Testcases.Ae_UndoRedoTC - Starting verifyChangeElementParaToSection
17:00:31.077 [main] INFO  Elements_Testcases.Ae_UndoRedoTC - Logged in, searched for a file, and clicked Edit.
17:03:41.607 [main] INFO  Elements_Testcases.Ae_UndoRedoTC - Starting verifyChangeElementParaToSection
17:04:15.222 [main] INFO  Elements_Testcases.Ae_UndoRedoTC - Logged in, searched for a file, and clicked Edit.
17:05:17.024 [main] INFO  Elements_Testcases.Ae_UndoRedoTC - Starting verifyChangeElementParaToSection
17:05:49.293 [main] INFO  Elements_Testcases.Ae_UndoRedoTC - Logged in, searched for a file, and clicked Edit.
17:10:22.252 [main] INFO  Elements_Testcases.Ae_UndoRedoTC - Starting verifyChangeElementParaToSection
17:10:53.025 [main] INFO  Elements_Testcases.Ae_UndoRedoTC - Logged in, searched for a file, and clicked Edit.
17:10:53.468 [main] INFO  Elements_Testcases.Ae_UndoRedoTC - Clicked on Document structure First section....
17:10:55.166 [main] INFO  Elements_Testcases.Ae_UndoRedoTC - Right clicked and removerd section Number
17:10:55.467 [main] INFO  Elements_Testcases.Ae_UndoRedoTC - Clicked on Accept changes Button....
17:11:35.963 [main] INFO  Elements_Testcases.Ae_UndoRedoTC - Verifying section Heading is not present in Visual Editor...
17:19:16.401 [main] INFO  Elements_Testcases.Ae_UndoRedoTC - Starting verifyChangeElementParaToSection
17:19:51.048 [main] INFO  Elements_Testcases.Ae_UndoRedoTC - Logged in, searched for a file, and clicked Edit.
17:19:51.608 [main] INFO  Elements_Testcases.Ae_UndoRedoTC - Clicked on Document structure First section....
17:19:53.374 [main] INFO  Elements_Testcases.Ae_UndoRedoTC - Right clicked and removerd section Number
17:19:53.713 [main] INFO  Elements_Testcases.Ae_UndoRedoTC - Clicked on Accept changes Button....
17:20:34.175 [main] INFO  Elements_Testcases.Ae_UndoRedoTC - Verifying section Heading is not present in Visual Editor...
17:20:35.541 [main] INFO  Elements_Testcases.Ae_UndoRedoTC - Verifying section Number is not present in Visual Editor...
17:21:16.533 [main] INFO  Elements_Testcases.Ae_UndoRedoTC - Verifying section Heading is not present in Visual Editor...
17:22:41.785 [main] INFO  Elements_Testcases.Ae_UndoRedoTC - Starting verifyChangeElementParaToSection
17:23:05.870 [main] INFO  Elements_Testcases.Ae_UndoRedoTC - Logged in, searched for a file, and clicked Edit.
17:23:06.278 [main] INFO  Elements_Testcases.Ae_UndoRedoTC - Cliked on First section heading
17:23:07.645 [main] INFO  Elements_Testcases.Ae_UndoRedoTC - Right Clicked on First section heading
17:23:08.427 [main] INFO  Elements_Testcases.Ae_UndoRedoTC - Clicked on Insert After from through right click
17:23:08.591 [main] INFO  Elements_Testcases.Ae_UndoRedoTC - Search for Section 
17:23:09.086 [main] INFO  Elements_Testcases.Ae_UndoRedoTC - Section is selected 
17:23:09.460 [main] INFO  Elements_Testcases.Ae_UndoRedoTC - Clicked on insert element button
17:23:10.927 [main] INFO  Elements_Testcases.Ae_UndoRedoTC - In the Ds new section is added
17:24:30.332 [main] INFO  Elements_Testcases.Ae_UndoRedoTC - Starting verifyChangeElementParaToSection
17:25:00.557 [main] INFO  Elements_Testcases.Ae_UndoRedoTC - Logged in, searched for a file, and clicked Edit.
17:25:00.920 [main] INFO  Elements_Testcases.Ae_UndoRedoTC - Cliked on First section heading
17:25:02.229 [main] INFO  Elements_Testcases.Ae_UndoRedoTC - Right Clicked on First section heading
17:25:02.970 [main] INFO  Elements_Testcases.Ae_UndoRedoTC - Clicked on Insert After from through right click
17:25:03.155 [main] INFO  Elements_Testcases.Ae_UndoRedoTC - Search for Section 
17:25:03.740 [main] INFO  Elements_Testcases.Ae_UndoRedoTC - Section is selected 
17:25:04.276 [main] INFO  Elements_Testcases.Ae_UndoRedoTC - Clicked on insert element button
17:25:05.559 [main] INFO  Elements_Testcases.Ae_UndoRedoTC - In the Ds new section is added
17:25:48.183 [main] INFO  Elements_Testcases.Ae_UndoRedoTC - Starting verifyChangeElementParaToSection
17:26:25.305 [main] INFO  Elements_Testcases.Ae_UndoRedoTC - Logged in, searched for a file, and clicked Edit.
17:26:25.840 [main] INFO  Elements_Testcases.Ae_UndoRedoTC - Cliked on First section heading
17:26:27.545 [main] INFO  Elements_Testcases.Ae_UndoRedoTC - Right Clicked on First section heading
17:26:28.411 [main] INFO  Elements_Testcases.Ae_UndoRedoTC - Clicked on Insert After from through right click
17:26:28.610 [main] INFO  Elements_Testcases.Ae_UndoRedoTC - Search for Section 
17:26:29.113 [main] INFO  Elements_Testcases.Ae_UndoRedoTC - Section is selected 
17:26:29.532 [main] INFO  Elements_Testcases.Ae_UndoRedoTC - Clicked on insert element button
17:26:31.163 [main] INFO  Elements_Testcases.Ae_UndoRedoTC - In the Ds new section is added
17:26:31.535 [main] INFO  Elements_Testcases.Ae_UndoRedoTC - In the Ds new section is added
17:27:35.029 [main] INFO  sprint5_TestCases.E_CommonTC - Starting verifyUndoRedoEmphasis
17:28:02.352 [main] INFO  sprint5_TestCases.E_CommonTC - Logged in, searched for a file, and clicked Edit.
17:28:02.372 [main] INFO  sprint5_TestCases.E_CommonTC - Created E_Common instance.
17:28:02.415 [main] INFO  sprint5_TestCases.E_CommonTC - Switched to frame 0.
17:28:02.420 [main] INFO  sprint5_TestCases.E_CommonTC - Switched back to default content.
17:28:02.563 [main] INFO  sprint5_TestCases.E_CommonTC - Clicked on Bold Button
17:28:02.801 [main] INFO  sprint5_TestCases.E_CommonTC - Clicked on Undo Plugin
17:28:02.801 [main] INFO  sprint5_TestCases.E_CommonTC - Clicked on Undo Plugin
17:32:23.119 [main] INFO  sprint5_TestCases.E_CommonTC - Starting verifyUndoRedoEmphasis
17:32:50.062 [main] INFO  sprint5_TestCases.E_CommonTC - Logged in, searched for a file, and clicked Edit.
17:32:50.091 [main] INFO  sprint5_TestCases.E_CommonTC - Created E_Common instance.
17:32:50.214 [main] INFO  sprint5_TestCases.E_CommonTC - Switched to frame 0.
17:32:50.220 [main] INFO  sprint5_TestCases.E_CommonTC - Switched back to default content.
17:32:50.384 [main] INFO  sprint5_TestCases.E_CommonTC - Clicked on Bold Button
17:32:50.672 [main] INFO  sprint5_TestCases.E_CommonTC - Clicked on Undo Plugin
17:34:02.443 [main] INFO  sprint5_TestCases.E_CommonTC - Starting verifyUndoRedoEmphasis
17:34:29.734 [main] INFO  sprint5_TestCases.E_CommonTC - Logged in, searched for a file, and clicked Edit.
17:34:29.776 [main] INFO  sprint5_TestCases.E_CommonTC - Created E_Common instance.
17:34:29.801 [main] INFO  sprint5_TestCases.E_CommonTC - Switched to frame 0.
17:34:30.333 [main] INFO  sprint5_TestCases.E_CommonTC - Switched back to default content.
17:34:30.671 [main] INFO  sprint5_TestCases.E_CommonTC - Clicked on Bold Button
17:35:06.013 [main] INFO  sprint5_TestCases.E_CommonTC - Starting verifyUndoRedoEmphasis
17:35:31.875 [main] INFO  sprint5_TestCases.E_CommonTC - Logged in, searched for a file, and clicked Edit.
17:35:31.918 [main] INFO  sprint5_TestCases.E_CommonTC - Created E_Common instance.
17:35:31.961 [main] INFO  sprint5_TestCases.E_CommonTC - Switched to frame 0.
17:35:32.400 [main] INFO  sprint5_TestCases.E_CommonTC - Switched back to default content.
17:35:32.644 [main] INFO  sprint5_TestCases.E_CommonTC - Clicked on Bold Button
17:35:33.705 [main] INFO  sprint5_TestCases.E_CommonTC - Clicked on Undo Plugin
17:36:07.106 [main] INFO  sprint5_TestCases.E_CommonTC - Starting verifyUndoRedoEmphasis
17:36:40.123 [main] INFO  sprint5_TestCases.E_CommonTC - Logged in, searched for a file, and clicked Edit.
17:36:40.157 [main] INFO  sprint5_TestCases.E_CommonTC - Created E_Common instance.
17:36:40.342 [main] INFO  sprint5_TestCases.E_CommonTC - Switched to frame 0.
17:36:40.709 [main] INFO  sprint5_TestCases.E_CommonTC - Switched back to default content.
17:36:41.097 [main] INFO  sprint5_TestCases.E_CommonTC - Clicked on Bold Button
17:36:41.965 [main] INFO  sprint5_TestCases.E_CommonTC - Clicked on Undo Plugin
17:36:42.693 [main] INFO  sprint5_TestCases.E_CommonTC - Clicked on Italic Button
17:36:43.490 [main] INFO  sprint5_TestCases.E_CommonTC - Clicked on Undo Plugin
17:36:44.291 [main] INFO  sprint5_TestCases.E_CommonTC - Clicked on Unserline Button
17:36:45.054 [main] INFO  sprint5_TestCases.E_CommonTC - Clicked on Undo Plugin
17:36:45.442 [main] INFO  sprint5_TestCases.E_CommonTC - Finished verifyUndoRedoEmphasis ..
17:37:56.613 [main] INFO  BasicEditingTC.F12_UndoRedoTC - Logged in and searched for a file, then clicked Edit.
17:37:56.681 [main] INFO  BasicEditingTC.F12_UndoRedoTC - Switched to frame 0.
17:37:57.009 [main] INFO  BasicEditingTC.F12_UndoRedoTC - Switched to default content.
17:37:57.368 [main] INFO  BasicEditingTC.F12_UndoRedoTC - Switched to frame 0.
17:37:57.859 [main] INFO  BasicEditingTC.F12_UndoRedoTC - Switched to default content.
17:37:57.994 [main] INFO  BasicEditingTC.F12_UndoRedoTC - Clicked on track changes.
17:37:58.761 [main] INFO  BasicEditingTC.F12_UndoRedoTC - Switched to frame 0.
17:38:48.667 [main] INFO  sprint5_TestCases.Ac_RedoTC - Starting test TC042_verifyRedoExistingContent.
17:39:17.197 [main] INFO  sprint5_TestCases.Ac_RedoTC - Switching to frame and double-clicking the first paragraph.
17:39:17.817 [main] INFO  sprint5_TestCases.Ac_RedoTC - Clicking 'Bold' to emphasize text.
17:41:21.732 [main] INFO  sprint5_TestCases.Ac_RedoTC - Starting test TC042_verifyRedoExistingContent.
17:41:56.775 [main] INFO  sprint5_TestCases.Ac_RedoTC - Switching to frame and double-clicking the first paragraph.
17:41:57.323 [main] INFO  sprint5_TestCases.Ac_RedoTC - Clicking 'Bold' to emphasize text.
17:43:01.984 [main] INFO  sprint5_TestCases.Ac_RedoTC - Starting test TC042_verifyRedoExistingContent.
17:43:29.357 [main] INFO  sprint5_TestCases.Ac_RedoTC - Switching to frame and double-clicking the first paragraph.
17:43:30.065 [main] INFO  sprint5_TestCases.Ac_RedoTC - Clicking 'Bold' to emphasize text.
17:43:57.318 [main] INFO  sprint5_TestCases.Ac_RedoTC - Starting test TC050_verifyTableRedo.
17:44:25.372 [main] INFO  sprint5_TestCases.Ac_RedoTC - Inserting a table.
17:44:33.701 [main] INFO  sprint5_TestCases.Ac_RedoTC - Clicking 'Delete Column' and checking the column count.
17:44:34.326 [main] INFO  sprint5_TestCases.Ac_RedoTC - Performing Undo operation.
17:44:35.089 [main] INFO  sprint5_TestCases.Ac_RedoTC - Performing Redo operation.
17:44:36.334 [main] INFO  sprint5_TestCases.Ac_RedoTC - Test TC050_verifyTableRedo completed.
09:53:30.914 [main] INFO  Elements_Testcases.Ab_ParaTC - ****    Starting --> paraTC    ****
09:53:53.072 [main] INFO  Elements_Testcases.Ab_ParaTC - clicked on Bold para from VE
09:53:53.581 [main] INFO  Elements_Testcases.Ab_ParaTC - Performed Enter Action 
09:53:54.106 [main] INFO  Elements_Testcases.Ab_ParaTC - Verifying new para present in VE
09:53:54.451 [main] INFO  Elements_Testcases.Ab_ParaTC - clicked on Code View Button
09:54:34.601 [main] INFO  Elements_Testcases.Ab_ParaTC - verifying content validation not occured in code view
09:54:34.601 [main] INFO  Elements_Testcases.Ab_ParaTC - ****    Finished --> paraTC    ****
11:06:12.057 [main] INFO  Elements_Testcases.Ab_ParaTC - Starting verifyChangeSectionHeadingToPara
11:06:34.386 [main] INFO  Elements_Testcases.Ab_ParaTC - Logged in, searched for a file, and clicked Edit.
11:06:34.397 [main] INFO  Elements_Testcases.Ab_ParaTC - Created Para instance.
11:06:34.417 [main] INFO  Elements_Testcases.Ab_ParaTC - Switched to frame 0.
11:06:35.112 [main] INFO  Elements_Testcases.Ab_ParaTC - Clicked List Before Paragraph.
11:06:36.116 [main] INFO  Elements_Testcases.Ab_ParaTC - Clicked DS Existing Ordered List.
11:06:37.156 [main] INFO  Elements_Testcases.Ab_ParaTC - Clicked DS Existing List Item.
11:06:38.354 [main] INFO  Elements_Testcases.Ab_ParaTC - Clicked change Element
11:18:18.917 [main] INFO  Elements_Testcases.Ab_ParaTC - Starting verifyChangeSectionHeadingToPara
11:18:55.950 [main] INFO  Elements_Testcases.Ab_ParaTC - Logged in, searched for a file, and clicked Edit.
11:18:55.958 [main] INFO  Elements_Testcases.Ab_ParaTC - Created Para instance.
11:22:58.790 [main] INFO  Elements_Testcases.Ab_ParaTC - Starting verifyChangeSectionHeadingToPara
11:23:19.193 [main] INFO  Elements_Testcases.Ab_ParaTC - Logged in, searched for a file, and clicked Edit.
11:23:19.200 [main] INFO  Elements_Testcases.Ab_ParaTC - Created Para instance.
11:23:26.727 [main] INFO  Elements_Testcases.Ab_ParaTC - Finished verifyChangeSectionHeadingToPara
11:32:14.593 [main] INFO  Elements_Testcases.Ab_ParaTC - Starting verifyChangeSectionHeadingToPara
11:32:42.673 [main] INFO  Elements_Testcases.Ab_ParaTC - Logged in, searched for a file, and clicked Edit.
11:32:42.680 [main] INFO  Elements_Testcases.Ab_ParaTC - Created Para instance.
11:32:45.372 [main] INFO  Elements_Testcases.Ab_ParaTC - Clicked change Element
11:42:42.357 [main] INFO  Elements_Testcases.Ab_ParaTC - Starting verifyChangeSectionHeadingToPara
11:43:04.811 [main] INFO  Elements_Testcases.Ab_ParaTC - Logged in, searched for a file, and clicked Edit.
11:43:04.817 [main] INFO  Elements_Testcases.Ab_ParaTC - Created Para instance.
11:43:04.856 [main] INFO  Elements_Testcases.Ab_ParaTC - Switched to frame 0.
11:43:05.559 [main] INFO  Elements_Testcases.Ab_ParaTC - Switched to default content.
11:44:23.420 [main] INFO  Elements_Testcases.Ab_ParaTC - Starting verifyChangeSectionHeadingToPara
11:44:50.338 [main] INFO  Elements_Testcases.Ab_ParaTC - Logged in, searched for a file, and clicked Edit.
11:44:50.346 [main] INFO  Elements_Testcases.Ab_ParaTC - Created Para instance.
11:44:50.362 [main] INFO  Elements_Testcases.Ab_ParaTC - Switched to frame 0.
11:44:50.707 [main] INFO  Elements_Testcases.Ab_ParaTC - Switched to default content.
11:44:55.905 [main] INFO  Elements_Testcases.Ab_ParaTC - Clicked change Element
11:57:20.170 [main] INFO  Elements_Testcases.Ab_ParaTC - Starting verifyChangeSectionHeadingToPara
11:58:00.416 [main] INFO  Elements_Testcases.Ab_ParaTC - Logged in, searched for a file, and clicked Edit.
11:58:00.424 [main] INFO  Elements_Testcases.Ab_ParaTC - Created Para instance.
11:58:01.039 [main] INFO  Elements_Testcases.Ab_ParaTC - clicked on existing link
11:58:01.216 [main] INFO  Elements_Testcases.Ab_ParaTC - Clicked change Element
12:01:39.954 [main] INFO  Elements_Testcases.Ab_ParaTC - Starting verifyChangeSectionHeadingToPara
12:02:11.214 [main] INFO  Elements_Testcases.Ab_ParaTC - Logged in, searched for a file, and clicked Edit.
12:02:11.227 [main] INFO  Elements_Testcases.Ab_ParaTC - Created Para instance.
12:02:15.324 [main] INFO  Elements_Testcases.Ab_ParaTC - Clicked change Element
14:15:50.223 [main] INFO  Elements_Testcases.Ab_ParaTC - ****    Starting --> paraTC    ****
14:15:51.296 [main] INFO  Elements_Testcases.Ab_ParaTC - Rightclicked on First para from VE
14:15:53.202 [main] INFO  Elements_Testcases.Ab_ParaTC - clicked on Insert After button from VE
14:15:54.743 [main] INFO  Elements_Testcases.Ab_ParaTC - clicked on Insert after simple para
14:15:55.165 [main] INFO  Elements_Testcases.Ab_ParaTC - clicked on insert element button from inseet after popup
14:15:55.582 [main] INFO  Elements_Testcases.Ab_ParaTC - Verifying Li in VE
14:24:18.979 [main] INFO  Elements_Testcases.Ab_ParaTC - Starting verifyChangeSectionHeadingToPara
14:24:48.104 [main] INFO  Elements_Testcases.Ab_ParaTC - Logged in, searched for a file, and clicked Edit.
14:24:48.115 [main] INFO  Elements_Testcases.Ab_ParaTC - Created Para instance.
14:24:54.430 [main] INFO  Elements_Testcases.Ab_ParaTC - Verifying image in VE
14:31:56.362 [main] INFO  Elements_Testcases.Ab_ParaTC - Verifying Para is deleted
14:37:03.384 [main] INFO  Elements_Testcases.Ab_ParaTC - Verifying Para is deleted
23:45:15.220 [TestNG-test=RetryMultipleFailedTestcases-4] INFO  BasicEditingTC.F1_SectionTC - Starting VerifyDeleteSection ..
23:45:16.347 [TestNG-test=RetryMultipleFailedTestcases-2] INFO  BasicEditingTC.F1_SectionTC - Starting Verify_InsertsectionAtMiddle ..
23:45:16.512 [TestNG-test=RetryMultipleFailedTestcases-3] INFO  BasicEditingTC.F1_SectionTC - Starting Verify_InsertsectionAtEnd ..
23:45:17.980 [TestNG-test=RetryMultipleFailedTestcases-1] INFO  BasicEditingTC.F1_SectionTC - Starting Verify_InsertSectionAtBeginning ..
23:45:47.569 [TestNG-test=RetryMultipleFailedTestcases-4] INFO  BasicEditingTC.F1_SectionTC - Verifying section presence in Visual Editor...
23:45:48.188 [TestNG-test=RetryMultipleFailedTestcases-4] INFO  BasicEditingTC.F1_SectionTC - Clicked on Quick Preview Button....
23:45:48.531 [TestNG-test=RetryMultipleFailedTestcases-4] INFO  BasicEditingTC.F1_SectionTC - Verifying section presence in Quick Preview...
23:45:49.082 [TestNG-test=RetryMultipleFailedTestcases-3] INFO  BasicEditingTC.F1_SectionTC - Cliked on Last section heading
23:45:49.142 [TestNG-test=RetryMultipleFailedTestcases-4] INFO  BasicEditingTC.F1_SectionTC - Clicked on visual Editor Button....
23:45:49.206 [TestNG-test=RetryMultipleFailedTestcases-2] INFO  BasicEditingTC.F1_SectionTC - Cliked on Middle section heading
23:45:50.348 [TestNG-test=RetryMultipleFailedTestcases-1] INFO  BasicEditingTC.F1_SectionTC - Cliked on First section heading
23:45:50.686 [TestNG-test=RetryMultipleFailedTestcases-3] INFO  BasicEditingTC.F1_SectionTC - Right Clicked on Last section heading
23:45:50.970 [TestNG-test=RetryMultipleFailedTestcases-2] INFO  BasicEditingTC.F1_SectionTC - Right Clicked on Middle section heading
23:45:51.379 [TestNG-test=RetryMultipleFailedTestcases-4] INFO  BasicEditingTC.F1_SectionTC - Right clicked and click on Remove element....
23:45:51.380 [TestNG-test=RetryMultipleFailedTestcases-1] INFO  BasicEditingTC.F1_SectionTC - Right Clicked on First section heading
23:45:51.596 [TestNG-test=RetryMultipleFailedTestcases-3] INFO  BasicEditingTC.F1_SectionTC - Clicked on Insert After from through right click
23:45:51.858 [TestNG-test=RetryMultipleFailedTestcases-2] INFO  BasicEditingTC.F1_SectionTC - Clicked on Insert After from through right click
23:45:52.342 [TestNG-test=RetryMultipleFailedTestcases-1] INFO  BasicEditingTC.F1_SectionTC - Clicked on Insert After from through right click
23:45:52.638 [TestNG-test=RetryMultipleFailedTestcases-1] INFO  BasicEditingTC.F1_SectionTC - Search for Section 
23:45:53.113 [TestNG-test=RetryMultipleFailedTestcases-3] INFO  BasicEditingTC.F1_SectionTC - Clicked on insert element button
23:45:53.133 [TestNG-test=RetryMultipleFailedTestcases-1] INFO  BasicEditingTC.F1_SectionTC - Section is selected 
23:45:53.355 [TestNG-test=RetryMultipleFailedTestcases-2] INFO  BasicEditingTC.F1_SectionTC - Clicked on insert element button
23:45:53.678 [TestNG-test=RetryMultipleFailedTestcases-1] INFO  BasicEditingTC.F1_SectionTC - Clicked on insert element button
23:45:53.721 [TestNG-test=RetryMultipleFailedTestcases-4] INFO  BasicEditingTC.F1_SectionTC - Clicked on Accept changes Button....
23:46:34.859 [TestNG-test=RetryMultipleFailedTestcases-4] INFO  BasicEditingTC.F1_SectionTC - Verifying section is not present in Visual Editor...
23:46:35.616 [TestNG-test=RetryMultipleFailedTestcases-4] INFO  BasicEditingTC.F1_SectionTC - Clicked on Code View Button....
23:46:40.653 [TestNG-test=RetryMultipleFailedTestcases-3] INFO  BasicEditingTC.F1_SectionTC - Starting Verify_InsertsectionAtEnd ..
23:46:40.691 [TestNG-test=RetryMultipleFailedTestcases-2] INFO  BasicEditingTC.F1_SectionTC - Starting Verify_InsertsectionAtMiddle ..
23:46:43.908 [TestNG-test=RetryMultipleFailedTestcases-1] INFO  BasicEditingTC.F1_SectionTC - Starting Verify_InsertSectionAtBeginning ..
23:47:14.268 [TestNG-test=RetryMultipleFailedTestcases-2] INFO  BasicEditingTC.F1_SectionTC - Cliked on Middle section heading
23:47:15.690 [TestNG-test=RetryMultipleFailedTestcases-4] INFO  BasicEditingTC.F1_SectionTC - Verifying content validation is not Occured...
23:47:16.295 [TestNG-test=RetryMultipleFailedTestcases-4] INFO  BasicEditingTC.F1_SectionTC - Clicked on Quick Preview Button....
23:47:18.581 [TestNG-test=RetryMultipleFailedTestcases-2] INFO  BasicEditingTC.F1_SectionTC - Right Clicked on Middle section heading
23:47:19.140 [TestNG-test=RetryMultipleFailedTestcases-3] INFO  BasicEditingTC.F1_SectionTC - Cliked on Last section heading
23:47:19.924 [TestNG-test=RetryMultipleFailedTestcases-2] INFO  BasicEditingTC.F1_SectionTC - Clicked on Insert After from through right click
23:47:20.965 [TestNG-test=RetryMultipleFailedTestcases-3] INFO  BasicEditingTC.F1_SectionTC - Right Clicked on Last section heading
23:47:21.057 [TestNG-test=RetryMultipleFailedTestcases-1] INFO  BasicEditingTC.F1_SectionTC - Cliked on First section heading
23:47:21.451 [TestNG-test=RetryMultipleFailedTestcases-2] INFO  BasicEditingTC.F1_SectionTC - Clicked on insert element button
23:47:22.059 [TestNG-test=RetryMultipleFailedTestcases-3] INFO  BasicEditingTC.F1_SectionTC - Clicked on Insert After from through right click
23:47:22.600 [TestNG-test=RetryMultipleFailedTestcases-1] INFO  BasicEditingTC.F1_SectionTC - Right Clicked on First section heading
23:47:23.682 [TestNG-test=RetryMultipleFailedTestcases-1] INFO  BasicEditingTC.F1_SectionTC - Clicked on Insert After from through right click
23:47:23.946 [TestNG-test=RetryMultipleFailedTestcases-1] INFO  BasicEditingTC.F1_SectionTC - Search for Section 
23:47:23.975 [TestNG-test=RetryMultipleFailedTestcases-3] INFO  BasicEditingTC.F1_SectionTC - Clicked on insert element button
23:47:24.442 [TestNG-test=RetryMultipleFailedTestcases-1] INFO  BasicEditingTC.F1_SectionTC - Section is selected 
23:47:25.029 [TestNG-test=RetryMultipleFailedTestcases-1] INFO  BasicEditingTC.F1_SectionTC - Clicked on insert element button
23:47:56.355 [TestNG-test=RetryMultipleFailedTestcases-4] INFO  BasicEditingTC.F1_SectionTC - Verifying section is not present in Quick Preview...
23:47:56.355 [TestNG-test=RetryMultipleFailedTestcases-4] INFO  BasicEditingTC.F1_SectionTC - Finished VerifyDeleteSection ..
23:48:05.994 [TestNG-test=RetryMultipleFailedTestcases-4] INFO  BasicEditingTC.F1_SectionTC - Starting Verify_PressEnterInToSectionNumber ..
23:48:08.308 [TestNG-test=RetryMultipleFailedTestcases-2] INFO  BasicEditingTC.F1_SectionTC - Starting Verify_InsertsectionAtMiddle ..
23:48:14.317 [TestNG-test=RetryMultipleFailedTestcases-3] INFO  BasicEditingTC.F1_SectionTC - Starting Verify_InsertsectionAtEnd ..
23:48:17.734 [TestNG-test=RetryMultipleFailedTestcases-1] INFO  BasicEditingTC.F1_SectionTC - Starting Verify_InsertSectionAtBeginning ..
23:48:56.184 [TestNG-test=RetryMultipleFailedTestcases-4] INFO  BasicEditingTC.F1_SectionTC - Clicked on Section Number
23:48:57.099 [TestNG-test=RetryMultipleFailedTestcases-4] INFO  BasicEditingTC.F1_SectionTC - Pressed Enter key
23:48:57.582 [TestNG-test=RetryMultipleFailedTestcases-4] INFO  BasicEditingTC.F1_SectionTC - Clicked on Code View button
23:49:03.767 [TestNG-test=RetryMultipleFailedTestcases-2] INFO  BasicEditingTC.F1_SectionTC - Cliked on Middle section heading
23:49:05.715 [TestNG-test=RetryMultipleFailedTestcases-2] INFO  BasicEditingTC.F1_SectionTC - Right Clicked on Middle section heading
23:49:07.112 [TestNG-test=RetryMultipleFailedTestcases-2] INFO  BasicEditingTC.F1_SectionTC - Clicked on Insert After from through right click
23:49:08.715 [TestNG-test=RetryMultipleFailedTestcases-2] INFO  BasicEditingTC.F1_SectionTC - Clicked on insert element button
23:49:09.586 [TestNG-test=RetryMultipleFailedTestcases-3] INFO  BasicEditingTC.F1_SectionTC - Cliked on Last section heading
23:49:11.244 [TestNG-test=RetryMultipleFailedTestcases-3] INFO  BasicEditingTC.F1_SectionTC - Right Clicked on Last section heading
23:49:12.531 [TestNG-test=RetryMultipleFailedTestcases-3] INFO  BasicEditingTC.F1_SectionTC - Clicked on Insert After from through right click
23:49:13.786 [TestNG-test=RetryMultipleFailedTestcases-1] INFO  BasicEditingTC.F1_SectionTC - Cliked on First section heading
23:49:14.275 [TestNG-test=RetryMultipleFailedTestcases-3] INFO  BasicEditingTC.F1_SectionTC - Clicked on insert element button
23:49:15.145 [TestNG-test=RetryMultipleFailedTestcases-1] INFO  BasicEditingTC.F1_SectionTC - Right Clicked on First section heading
23:49:16.017 [TestNG-test=RetryMultipleFailedTestcases-1] INFO  BasicEditingTC.F1_SectionTC - Clicked on Insert After from through right click
23:49:16.223 [TestNG-test=RetryMultipleFailedTestcases-1] INFO  BasicEditingTC.F1_SectionTC - Search for Section 
23:49:16.728 [TestNG-test=RetryMultipleFailedTestcases-1] INFO  BasicEditingTC.F1_SectionTC - Section is selected 
23:49:17.217 [TestNG-test=RetryMultipleFailedTestcases-1] INFO  BasicEditingTC.F1_SectionTC - Clicked on insert element button
23:49:37.761 [TestNG-test=RetryMultipleFailedTestcases-4] INFO  BasicEditingTC.F1_SectionTC - No Content Validation error is present in CodeView.
23:49:37.761 [TestNG-test=RetryMultipleFailedTestcases-4] INFO  BasicEditingTC.F1_SectionTC - Finished Verify_PressEnterInToSectionNumber ..
23:49:43.769 [TestNG-test=RetryMultipleFailedTestcases-4] INFO  BasicEditingTC.F1_SectionTC - Starting Verify_insertAfterSection ..
23:49:55.912 [TestNG-test=RetryMultipleFailedTestcases-2] INFO  BasicEditingTC.F1_SectionTC - Starting Verify_InsertsectionAtMiddle ..
23:50:00.106 [TestNG-test=RetryMultipleFailedTestcases-3] INFO  BasicEditingTC.F1_SectionTC - Starting Verify_InsertsectionAtEnd ..
23:50:05.930 [TestNG-test=RetryMultipleFailedTestcases-1] INFO  BasicEditingTC.F1_SectionTC - Starting Verify_InsertSectionAtBeginning ..
23:50:11.552 [TestNG-test=RetryMultipleFailedTestcases-4] INFO  BasicEditingTC.F1_SectionTC - Cliked on First section heading from VE
23:50:11.816 [TestNG-test=RetryMultipleFailedTestcases-4] INFO  BasicEditingTC.F1_SectionTC - Before Adding New Section the section number is :7.2.1
23:50:13.262 [TestNG-test=RetryMultipleFailedTestcases-4] INFO  BasicEditingTC.F1_SectionTC - Right Clicked on First section heading
23:50:14.308 [TestNG-test=RetryMultipleFailedTestcases-4] INFO  BasicEditingTC.F1_SectionTC - Clicked on Insert After from through right click
23:50:15.800 [TestNG-test=RetryMultipleFailedTestcases-4] INFO  BasicEditingTC.F1_SectionTC - Clicked on insert element button
23:50:25.633 [TestNG-test=RetryMultipleFailedTestcases-2] INFO  BasicEditingTC.F1_SectionTC - Cliked on Middle section heading
23:50:26.835 [TestNG-test=RetryMultipleFailedTestcases-2] INFO  BasicEditingTC.F1_SectionTC - Right Clicked on Middle section heading
23:50:28.004 [TestNG-test=RetryMultipleFailedTestcases-2] INFO  BasicEditingTC.F1_SectionTC - Clicked on Insert After from through right click
23:50:29.807 [TestNG-test=RetryMultipleFailedTestcases-2] INFO  BasicEditingTC.F1_SectionTC - Clicked on insert element button
23:50:37.116 [TestNG-test=RetryMultipleFailedTestcases-3] INFO  BasicEditingTC.F1_SectionTC - Cliked on Last section heading
23:50:38.676 [TestNG-test=RetryMultipleFailedTestcases-3] INFO  BasicEditingTC.F1_SectionTC - Right Clicked on Last section heading
23:50:39.699 [TestNG-test=RetryMultipleFailedTestcases-3] INFO  BasicEditingTC.F1_SectionTC - Clicked on Insert After from through right click
23:50:41.400 [TestNG-test=RetryMultipleFailedTestcases-3] INFO  BasicEditingTC.F1_SectionTC - Clicked on insert element button
23:50:42.612 [TestNG-test=RetryMultipleFailedTestcases-1] INFO  BasicEditingTC.F1_SectionTC - Cliked on First section heading
23:50:44.069 [TestNG-test=RetryMultipleFailedTestcases-1] INFO  BasicEditingTC.F1_SectionTC - Right Clicked on First section heading
23:50:44.849 [TestNG-test=RetryMultipleFailedTestcases-1] INFO  BasicEditingTC.F1_SectionTC - Clicked on Insert After from through right click
23:50:45.037 [TestNG-test=RetryMultipleFailedTestcases-1] INFO  BasicEditingTC.F1_SectionTC - Search for Section 
23:50:45.509 [TestNG-test=RetryMultipleFailedTestcases-1] INFO  BasicEditingTC.F1_SectionTC - Section is selected 
23:50:45.886 [TestNG-test=RetryMultipleFailedTestcases-1] INFO  BasicEditingTC.F1_SectionTC - Clicked on insert element button
23:51:03.719 [TestNG-test=RetryMultipleFailedTestcases-4] INFO  BasicEditingTC.F1_SectionTC - Starting Verify_insertAfterSection ..
23:51:17.587 [TestNG-test=RetryMultipleFailedTestcases-2] INFO  BasicEditingTC.F1_SectionTC - Starting Verify_insertAfterSectionNumber ..
23:51:29.256 [TestNG-test=RetryMultipleFailedTestcases-3] INFO  BasicEditingTC.F1_SectionTC - Starting Verify_insertAfterSectionheading ..
23:51:35.298 [TestNG-test=RetryMultipleFailedTestcases-1] INFO  BasicEditingTC.F1_SectionTC - Starting Verify_PressEnterInToSectionheading ..
23:51:43.854 [TestNG-test=RetryMultipleFailedTestcases-4] INFO  BasicEditingTC.F1_SectionTC - Cliked on First section heading from VE
23:51:43.980 [TestNG-test=RetryMultipleFailedTestcases-4] INFO  BasicEditingTC.F1_SectionTC - Before Adding New Section the section number is :7.2.1
23:51:45.332 [TestNG-test=RetryMultipleFailedTestcases-4] INFO  BasicEditingTC.F1_SectionTC - Right Clicked on First section heading
23:51:46.094 [TestNG-test=RetryMultipleFailedTestcases-4] INFO  BasicEditingTC.F1_SectionTC - Clicked on Insert After from through right click
23:51:47.432 [TestNG-test=RetryMultipleFailedTestcases-4] INFO  BasicEditingTC.F1_SectionTC - Clicked on insert element button
23:51:51.074 [TestNG-test=RetryMultipleFailedTestcases-2] INFO  BasicEditingTC.F1_SectionTC - Cliked on First section heading from VE
23:51:52.240 [TestNG-test=RetryMultipleFailedTestcases-2] INFO  BasicEditingTC.F1_SectionTC - Right Clicked on First section heading
23:51:52.974 [TestNG-test=RetryMultipleFailedTestcases-2] INFO  BasicEditingTC.F1_SectionTC - Clicked on insert element button
23:52:06.872 [TestNG-test=RetryMultipleFailedTestcases-3] INFO  BasicEditingTC.F1_SectionTC - Cliked on First section heading from VE
23:52:07.091 [TestNG-test=RetryMultipleFailedTestcases-3] INFO  BasicEditingTC.F1_SectionTC - Before Adding New Section Heading the section number is :7.2.1
23:52:08.066 [TestNG-test=RetryMultipleFailedTestcases-3] INFO  BasicEditingTC.F1_SectionTC - Right Clicked on First section heading
23:52:11.181 [TestNG-test=RetryMultipleFailedTestcases-3] INFO  BasicEditingTC.F1_SectionTC - Clicked on insert element button
23:52:12.211 [TestNG-test=RetryMultipleFailedTestcases-2] INFO  BasicEditingTC.F1_SectionTC - Starting Verify_insertAfterSectionNumber ..
23:52:13.359 [TestNG-test=RetryMultipleFailedTestcases-1] INFO  BasicEditingTC.F1_SectionTC - Clicked on Section Heading
23:52:14.100 [TestNG-test=RetryMultipleFailedTestcases-1] INFO  BasicEditingTC.F1_SectionTC - Pressed Enter key
23:52:14.888 [TestNG-test=RetryMultipleFailedTestcases-1] INFO  BasicEditingTC.F1_SectionTC - Clicked on Code View button
23:52:28.469 [TestNG-test=RetryMultipleFailedTestcases-3] INFO  BasicEditingTC.F1_SectionTC - Starting Verify_insertAfterSectionheading ..
23:52:37.729 [TestNG-test=RetryMultipleFailedTestcases-4] INFO  BasicEditingTC.F1_SectionTC - Starting Verify_insertAfterSection ..
23:52:44.953 [TestNG-test=RetryMultipleFailedTestcases-2] INFO  BasicEditingTC.F1_SectionTC - Cliked on First section heading from VE
23:52:46.449 [TestNG-test=RetryMultipleFailedTestcases-2] INFO  BasicEditingTC.F1_SectionTC - Right Clicked on First section heading
23:52:47.274 [TestNG-test=RetryMultipleFailedTestcases-2] INFO  BasicEditingTC.F1_SectionTC - Clicked on insert element button
23:52:55.033 [TestNG-test=RetryMultipleFailedTestcases-1] INFO  BasicEditingTC.F1_SectionTC - No Content Validation error is present in CodeView.
23:52:55.033 [TestNG-test=RetryMultipleFailedTestcases-1] INFO  BasicEditingTC.F1_SectionTC - Finished Verify_PressEnterInToSectionheading ..
23:53:04.890 [TestNG-test=RetryMultipleFailedTestcases-1] INFO  BasicEditingTC.F1_SectionTC - Starting VerifyDeleteSectionHeading ..
23:53:06.552 [TestNG-test=RetryMultipleFailedTestcases-2] INFO  BasicEditingTC.F1_SectionTC - Starting Verify_insertAfterSectionNumber ..
23:53:14.989 [TestNG-test=RetryMultipleFailedTestcases-3] INFO  BasicEditingTC.F1_SectionTC - Cliked on First section heading from VE
23:53:15.099 [TestNG-test=RetryMultipleFailedTestcases-3] INFO  BasicEditingTC.F1_SectionTC - Before Adding New Section Heading the section number is :7.2.1
23:53:16.446 [TestNG-test=RetryMultipleFailedTestcases-3] INFO  BasicEditingTC.F1_SectionTC - Right Clicked on First section heading
23:53:19.686 [TestNG-test=RetryMultipleFailedTestcases-3] INFO  BasicEditingTC.F1_SectionTC - Clicked on insert element button
23:53:25.693 [TestNG-test=RetryMultipleFailedTestcases-4] INFO  BasicEditingTC.F1_SectionTC - Cliked on First section heading from VE
23:53:25.837 [TestNG-test=RetryMultipleFailedTestcases-4] INFO  BasicEditingTC.F1_SectionTC - Before Adding New Section the section number is :7.2.1
23:53:26.821 [TestNG-test=RetryMultipleFailedTestcases-4] INFO  BasicEditingTC.F1_SectionTC - Right Clicked on First section heading
23:53:27.844 [TestNG-test=RetryMultipleFailedTestcases-4] INFO  BasicEditingTC.F1_SectionTC - Clicked on Insert After from through right click
23:53:29.062 [TestNG-test=RetryMultipleFailedTestcases-4] INFO  BasicEditingTC.F1_SectionTC - Clicked on insert element button
23:53:39.667 [TestNG-test=RetryMultipleFailedTestcases-3] INFO  BasicEditingTC.F1_SectionTC - Starting Verify_insertAfterSectionheading ..
23:53:41.171 [TestNG-test=RetryMultipleFailedTestcases-2] INFO  BasicEditingTC.F1_SectionTC - Cliked on First section heading from VE
23:53:41.871 [TestNG-test=RetryMultipleFailedTestcases-1] INFO  BasicEditingTC.F1_SectionTC - Clicked on Document structure First section....
23:53:42.425 [TestNG-test=RetryMultipleFailedTestcases-2] INFO  BasicEditingTC.F1_SectionTC - Right Clicked on First section heading
23:53:43.296 [TestNG-test=RetryMultipleFailedTestcases-2] INFO  BasicEditingTC.F1_SectionTC - Clicked on insert element button
23:53:44.460 [TestNG-test=RetryMultipleFailedTestcases-1] INFO  BasicEditingTC.F1_SectionTC - Right clicked and removerd section heading
23:53:45.153 [TestNG-test=RetryMultipleFailedTestcases-1] INFO  BasicEditingTC.F1_SectionTC - Clicked on Accept changes Button....
23:54:01.033 [TestNG-test=RetryMultipleFailedTestcases-2] INFO  BasicEditingTC.F1_SectionTC - Starting Verify_insertAfterSectionNumber ..
23:54:13.104 [TestNG-test=RetryMultipleFailedTestcases-3] INFO  BasicEditingTC.F1_SectionTC - Cliked on First section heading from VE
23:54:13.235 [TestNG-test=RetryMultipleFailedTestcases-3] INFO  BasicEditingTC.F1_SectionTC - Before Adding New Section Heading the section number is :7.2.1
23:54:14.330 [TestNG-test=RetryMultipleFailedTestcases-3] INFO  BasicEditingTC.F1_SectionTC - Right Clicked on First section heading
23:54:17.015 [TestNG-test=RetryMultipleFailedTestcases-3] INFO  BasicEditingTC.F1_SectionTC - Clicked on insert element button
23:54:17.170 [TestNG-test=RetryMultipleFailedTestcases-4] INFO  BasicEditingTC.F1_SectionTC - Starting Verify_insertAfterSection ..
23:54:25.962 [TestNG-test=RetryMultipleFailedTestcases-1] INFO  BasicEditingTC.F1_SectionTC - Verifying section Heading is not present in Visual Editor...
23:54:26.559 [TestNG-test=RetryMultipleFailedTestcases-1] INFO  BasicEditingTC.F1_SectionTC - Clicked on Code View Button....
23:54:35.254 [TestNG-test=RetryMultipleFailedTestcases-2] INFO  BasicEditingTC.F1_SectionTC - Cliked on First section heading from VE
23:54:36.080 [TestNG-test=RetryMultipleFailedTestcases-3] INFO  BasicEditingTC.F1_SectionTC - Starting Verify_insertAfterSectionheading ..
23:54:36.609 [TestNG-test=RetryMultipleFailedTestcases-2] INFO  BasicEditingTC.F1_SectionTC - Right Clicked on First section heading
23:54:37.672 [TestNG-test=RetryMultipleFailedTestcases-2] INFO  BasicEditingTC.F1_SectionTC - Clicked on insert element button
23:54:39.360 [TestNG-test=RetryMultipleFailedTestcases-1] INFO  BasicEditingTC.F1_SectionTC - Starting VerifyDeleteSectionHeading ..
23:54:50.285 [TestNG-test=RetryMultipleFailedTestcases-4] INFO  BasicEditingTC.F1_SectionTC - Cliked on First section heading from VE
23:54:50.490 [TestNG-test=RetryMultipleFailedTestcases-4] INFO  BasicEditingTC.F1_SectionTC - Before Adding New Section the section number is :7.2.1
23:54:51.710 [TestNG-test=RetryMultipleFailedTestcases-4] INFO  BasicEditingTC.F1_SectionTC - Right Clicked on First section heading
23:54:52.653 [TestNG-test=RetryMultipleFailedTestcases-4] INFO  BasicEditingTC.F1_SectionTC - Clicked on Insert After from through right click
23:54:54.496 [TestNG-test=RetryMultipleFailedTestcases-4] INFO  BasicEditingTC.F1_SectionTC - Clicked on insert element button
23:54:57.188 [TestNG-test=RetryMultipleFailedTestcases-2] INFO  BasicEditingTC.F1_SectionTC - Starting VerifyDeleteSectionNumber ..
23:55:04.903 [TestNG-test=RetryMultipleFailedTestcases-3] INFO  BasicEditingTC.F1_SectionTC - Cliked on First section heading from VE
23:55:04.999 [TestNG-test=RetryMultipleFailedTestcases-3] INFO  BasicEditingTC.F1_SectionTC - Before Adding New Section Heading the section number is :7.2.1
23:55:06.097 [TestNG-test=RetryMultipleFailedTestcases-3] INFO  BasicEditingTC.F1_SectionTC - Right Clicked on First section heading
23:55:08.791 [TestNG-test=RetryMultipleFailedTestcases-3] INFO  BasicEditingTC.F1_SectionTC - Clicked on insert element button
23:55:08.891 [TestNG-test=RetryMultipleFailedTestcases-1] INFO  BasicEditingTC.F1_SectionTC - Clicked on Document structure First section....
23:55:11.114 [TestNG-test=RetryMultipleFailedTestcases-1] INFO  BasicEditingTC.F1_SectionTC - Right clicked and removerd section heading
23:55:11.871 [TestNG-test=RetryMultipleFailedTestcases-1] INFO  BasicEditingTC.F1_SectionTC - Clicked on Accept changes Button....
23:55:27.708 [TestNG-test=RetryMultipleFailedTestcases-3] INFO  BasicEditingTC.F1_SectionTC - Starting Verify_DeleteSectionNumberBackSpacekey ..
23:55:41.300 [TestNG-test=RetryMultipleFailedTestcases-4] INFO  BasicEditingTC.F1_SectionTC - Starting Verify_DeleteSectionfromDS_usingDeleteKey ..
23:55:49.589 [TestNG-test=RetryMultipleFailedTestcases-2] INFO  BasicEditingTC.F1_SectionTC - Clicked on Document structure First section....
23:55:52.095 [TestNG-test=RetryMultipleFailedTestcases-2] INFO  BasicEditingTC.F1_SectionTC - Right clicked and removerd section Number
23:55:52.869 [TestNG-test=RetryMultipleFailedTestcases-1] INFO  BasicEditingTC.F1_SectionTC - Verifying section Heading is not present in Visual Editor...
23:55:53.484 [TestNG-test=RetryMultipleFailedTestcases-1] INFO  BasicEditingTC.F1_SectionTC - Clicked on Code View Button....
23:55:54.411 [TestNG-test=RetryMultipleFailedTestcases-2] INFO  BasicEditingTC.F1_SectionTC - Clicked on Accept changes Button....
23:56:08.541 [TestNG-test=RetryMultipleFailedTestcases-3] INFO  BasicEditingTC.F1_SectionTC - Double Clicked on Section Number....
23:56:09.171 [TestNG-test=RetryMultipleFailedTestcases-3] INFO  BasicEditingTC.F1_SectionTC -  Clicked on deleted Section Number from VE....
23:56:09.491 [TestNG-test=RetryMultipleFailedTestcases-3] INFO  BasicEditingTC.F1_SectionTC - Clicked on Accept changes Button....
23:56:17.560 [TestNG-test=RetryMultipleFailedTestcases-4] INFO  BasicEditingTC.F1_SectionTC - Clicked on Delete button
23:56:23.629 [TestNG-test=RetryMultipleFailedTestcases-4] INFO  BasicEditingTC.F1_SectionTC - Starting Verify_DeleteSectionfromDS_usingDeleteKey ..
23:56:33.640 [TestNG-test=RetryMultipleFailedTestcases-1] INFO  BasicEditingTC.F1_SectionTC - Verifying content validation is not Occured...
23:56:34.078 [TestNG-test=RetryMultipleFailedTestcases-1] INFO  BasicEditingTC.F1_SectionTC - Clicked on Quick Preview Button....
23:56:35.422 [TestNG-test=RetryMultipleFailedTestcases-2] INFO  BasicEditingTC.F1_SectionTC - Verifying section Number is not present in Visual Editor...
23:56:36.038 [TestNG-test=RetryMultipleFailedTestcases-2] INFO  BasicEditingTC.F1_SectionTC - Clicked on Code View Button....
23:56:51.353 [TestNG-test=RetryMultipleFailedTestcases-4] INFO  BasicEditingTC.F1_SectionTC - Clicked on Delete button
23:56:51.613 [TestNG-test=RetryMultipleFailedTestcases-4] INFO  BasicEditingTC.F1_SectionTC - Next Section element is Highlighted In DS
23:56:51.709 [TestNG-test=RetryMultipleFailedTestcases-4] INFO  BasicEditingTC.F1_SectionTC - Next Section element is Highlighted In VE
23:56:52.171 [TestNG-test=RetryMultipleFailedTestcases-4] INFO  BasicEditingTC.F1_SectionTC - Clicked on Code View button
23:56:57.491 [TestNG-test=RetryMultipleFailedTestcases-3] INFO  BasicEditingTC.F1_SectionTC - Starting Verify_DeleteSectionNumberBackSpacekey ..
23:57:14.144 [TestNG-test=RetryMultipleFailedTestcases-1] INFO  BasicEditingTC.F1_SectionTC - Verifying section heading is not present in Quick Preview...
23:57:14.144 [TestNG-test=RetryMultipleFailedTestcases-1] INFO  BasicEditingTC.F1_SectionTC - Finished VerifyDeleteSectionHeading ..
23:57:16.201 [TestNG-test=RetryMultipleFailedTestcases-2] INFO  BasicEditingTC.F1_SectionTC - Verifying content validation is not Occured...
23:57:16.613 [TestNG-test=RetryMultipleFailedTestcases-2] INFO  BasicEditingTC.F1_SectionTC - Clicked on Quick Preview Button....
23:57:23.932 [TestNG-test=RetryMultipleFailedTestcases-1] INFO  BasicEditingTC.F1_SectionTC - Starting Verify_InsertNewParaCheckDShighlighted ..
23:57:32.319 [TestNG-test=RetryMultipleFailedTestcases-4] INFO  BasicEditingTC.F1_SectionTC - No Content Validation error is present in CodeView.
