00:57:06.193 [TestNG-test=RetryMultipleFailedTestcases-1] INFO  sprint1_TestCases.D_TabViewOptionsTC - verified Quick Preview is displayed
00:57:06.349 [TestNG-test=RetryMultipleFailedTestcases-1] INFO  sprint1_TestCases.D_TabViewOptionsTC - verified Print Preview is displayed
00:57:06.357 [TestNG-test=RetryMultipleFailedTestcases-1] INFO  sprint1_TestCases.D_TabViewOptionsTC - Page is refreshed
00:57:10.112 [TestNG-test=RetryMultipleFailedTestcases-4] INFO  sprint1_TestCases.D_TabViewOptionsTC - Starting verifyTooltipsOnWindowResize
00:57:12.536 [TestNG-test=RetryMultipleFailedTestcases-1] INFO  sprint1_TestCases.D_TabViewOptionsTC - verified Visual Editor is displayed
00:57:12.609 [TestNG-test=RetryMultipleFailedTestcases-1] INFO  sprint1_TestCases.D_TabViewOptionsTC - verified Code View is displayed
00:57:12.679 [TestNG-test=RetryMultipleFailedTestcases-1] INFO  sprint1_TestCases.D_TabViewOptionsTC - verified Quick Preview is displayed
00:57:12.753 [TestNG-test=RetryMultipleFailedTestcases-1] INFO  sprint1_TestCases.D_TabViewOptionsTC - verified Print Preview is displayed
00:57:12.754 [TestNG-test=RetryMultipleFailedTestcases-1] INFO  sprint1_TestCases.D_TabViewOptionsTC - Finished verify_TabOptions_OnRefresh
00:57:14.600 [TestNG-test=RetryMultipleFailedTestcases-3] INFO  sprint1_TestCases.D_TabViewOptionsTC - Logged in and searched for a file, then clicked Edit.
00:57:15.043 [TestNG-test=RetryMultipleFailedTestcases-3] INFO  sprint1_TestCases.D_TabViewOptionsTC - verified Visual Editor Tooltip is displayed
00:57:15.207 [TestNG-test=RetryMultipleFailedTestcases-3] INFO  sprint1_TestCases.D_TabViewOptionsTC - verified Code  View Tooltip is displayed
00:57:15.409 [TestNG-test=RetryMultipleFailedTestcases-3] INFO  sprint1_TestCases.D_TabViewOptionsTC - verified Quick Preview Tooltip is displayed
00:57:15.602 [TestNG-test=RetryMultipleFailedTestcases-3] INFO  sprint1_TestCases.D_TabViewOptionsTC - verified Print Preview Tooltip is displayed
00:57:19.834 [TestNG-test=RetryMultipleFailedTestcases-1] INFO  sprint1_TestCases.D_TabViewOptionsTC - Starting verifyVisualEditorHighLighted
00:57:22.779 [TestNG-test=RetryMultipleFailedTestcases-3] INFO  sprint1_TestCases.D_TabViewOptionsTC - Starting verifyVisualEditorTab
00:57:35.739 [TestNG-test=RetryMultipleFailedTestcases-2] INFO  sprint1_TestCases.C_Verify_CMSMenu_FunctionalityTC - Logged in and searched for a file, then clicked Edit.
00:57:35.797 [TestNG-test=RetryMultipleFailedTestcases-2] INFO  sprint1_TestCases.C_Verify_CMSMenu_FunctionalityTC - Switched to frame 0.
00:57:36.254 [TestNG-test=RetryMultipleFailedTestcases-2] INFO  sprint1_TestCases.C_Verify_CMSMenu_FunctionalityTC - clicked on First para from VE
00:57:36.288 [TestNG-test=RetryMultipleFailedTestcases-2] INFO  sprint1_TestCases.C_Verify_CMSMenu_FunctionalityTC - Switched back to default content.
00:57:36.528 [TestNG-test=RetryMultipleFailedTestcases-2] INFO  sprint1_TestCases.C_Verify_CMSMenu_FunctionalityTC - clicked on Handberger button
00:57:36.801 [TestNG-test=RetryMultipleFailedTestcases-2] INFO  sprint1_TestCases.C_Verify_CMSMenu_FunctionalityTC - clicked on media object button
00:57:45.891 [TestNG-test=RetryMultipleFailedTestcases-4] INFO  sprint1_TestCases.D_TabViewOptionsTC - Logged in and searched for a file, then clicked Edit.
00:57:47.124 [TestNG-test=RetryMultipleFailedTestcases-4] INFO  sprint1_TestCases.D_TabViewOptionsTC - verified Visual Editor Tooltip is displayed
00:57:47.327 [TestNG-test=RetryMultipleFailedTestcases-4] INFO  sprint1_TestCases.D_TabViewOptionsTC - verified Code View Tooltip is displayed
00:57:47.512 [TestNG-test=RetryMultipleFailedTestcases-4] INFO  sprint1_TestCases.D_TabViewOptionsTC - verified Quick Preview Tooltip is displayed
00:57:47.693 [TestNG-test=RetryMultipleFailedTestcases-4] INFO  sprint1_TestCases.D_TabViewOptionsTC - verified Print Preview Tooltip is displayed
00:57:47.693 [TestNG-test=RetryMultipleFailedTestcases-4] INFO  sprint1_TestCases.D_TabViewOptionsTC - Finished verifyTooltipsOnWindowResize
00:57:51.637 [TestNG-test=RetryMultipleFailedTestcases-1] INFO  sprint1_TestCases.D_TabViewOptionsTC - Logged in and searched for a file, then clicked Edit.
00:57:51.869 [TestNG-test=RetryMultipleFailedTestcases-1] INFO  sprint1_TestCases.D_TabViewOptionsTC - verified General attributes label is displayed
00:57:51.908 [TestNG-test=RetryMultipleFailedTestcases-1] INFO  sprint1_TestCases.D_TabViewOptionsTC - verified Visual Editor is displayed
00:57:51.953 [TestNG-test=RetryMultipleFailedTestcases-1] INFO  sprint1_TestCases.D_TabViewOptionsTC - verified visual editor is highlighted
00:57:51.953 [TestNG-test=RetryMultipleFailedTestcases-1] INFO  sprint1_TestCases.D_TabViewOptionsTC - Finished verifyVisualEditorHighLighted
00:58:02.527 [TestNG-test=RetryMultipleFailedTestcases-4] INFO  sprint1_TestCases.D_TabViewOptionsTC - Starting verifyCodeView_HighLighted
00:58:06.399 [TestNG-test=RetryMultipleFailedTestcases-1] INFO  sprint1_TestCases.D_TabViewOptionsTC - Starting verifyCodeViewEnabled
00:58:07.067 [TestNG-test=RetryMultipleFailedTestcases-3] INFO  sprint1_TestCases.D_TabViewOptionsTC - Logged in and searched for a file, then clicked Edit.
00:58:07.215 [TestNG-test=RetryMultipleFailedTestcases-3] INFO  sprint1_TestCases.D_TabViewOptionsTC - verified Visual Editor is displayed
00:58:07.270 [TestNG-test=RetryMultipleFailedTestcases-3] INFO  sprint1_TestCases.D_TabViewOptionsTC - verified Content block label is displayed
00:58:07.329 [TestNG-test=RetryMultipleFailedTestcases-3] INFO  sprint1_TestCases.D_TabViewOptionsTC - verified General attributes label is displayed
00:58:07.329 [TestNG-test=RetryMultipleFailedTestcases-3] INFO  sprint1_TestCases.D_TabViewOptionsTC - Finished verifyVisualEditorTab
00:58:13.201 [TestNG-test=RetryMultipleFailedTestcases-3] INFO  sprint1_TestCases.D_TabViewOptionsTC - Starting verifyCodeViewTab
00:58:18.655 [TestNG-test=RetryMultipleFailedTestcases-2] INFO  sprint1_TestCases.D_TabViewOptionsTC - Starting verifyQuickPreviewEnabled
00:58:28.456 [TestNG-test=RetryMultipleFailedTestcases-4] INFO  sprint1_TestCases.D_TabViewOptionsTC - Logged in and searched for a file, then clicked Edit.
00:58:28.688 [TestNG-test=RetryMultipleFailedTestcases-4] INFO  sprint1_TestCases.D_TabViewOptionsTC - Click Code View is displayed
00:58:29.008 [TestNG-test=RetryMultipleFailedTestcases-4] INFO  sprint1_TestCases.D_TabViewOptionsTC - verified Code View is displayed
00:58:29.069 [TestNG-test=RetryMultipleFailedTestcases-4] INFO  sprint1_TestCases.D_TabViewOptionsTC - verified Code View is highlighted
00:58:29.069 [TestNG-test=RetryMultipleFailedTestcases-4] INFO  sprint1_TestCases.D_TabViewOptionsTC - Finished verifyCodeView_HighLighted
00:58:38.823 [TestNG-test=RetryMultipleFailedTestcases-4] INFO  sprint1_TestCases.D_TabViewOptionsTC - Starting verifyQuickPreviewHighLighted
00:58:41.751 [TestNG-test=RetryMultipleFailedTestcases-1] INFO  sprint1_TestCases.D_TabViewOptionsTC - Logged in and searched for a file, then clicked Edit.
00:58:41.897 [TestNG-test=RetryMultipleFailedTestcases-1] INFO  sprint1_TestCases.D_TabViewOptionsTC - verified Code View is displayed
00:58:42.143 [TestNG-test=RetryMultipleFailedTestcases-1] INFO  sprint1_TestCases.D_TabViewOptionsTC - Double click on Code View
00:58:42.284 [TestNG-test=RetryMultipleFailedTestcases-1] INFO  sprint1_TestCases.D_TabViewOptionsTC - verified Code View text is displayed
00:58:42.284 [TestNG-test=RetryMultipleFailedTestcases-1] INFO  sprint1_TestCases.D_TabViewOptionsTC - Finished verifyCodeViewEnabled
00:58:46.240 [TestNG-test=RetryMultipleFailedTestcases-3] INFO  sprint1_TestCases.D_TabViewOptionsTC - Logged in and searched for a file, then clicked Edit.
00:58:49.616 [TestNG-test=RetryMultipleFailedTestcases-1] INFO  sprint1_TestCases.D_TabViewOptionsTC - Starting verifyPrintPriviewExpanded
00:58:55.180 [TestNG-test=RetryMultipleFailedTestcases-3] INFO  sprint1_TestCases.D_TabViewOptionsTC - Inserted the table in content block
00:58:55.645 [TestNG-test=RetryMultipleFailedTestcases-3] INFO  sprint1_TestCases.D_TabViewOptionsTC - Clicked on Code View
00:58:55.948 [TestNG-test=RetryMultipleFailedTestcases-3] INFO  sprint1_TestCases.D_TabViewOptionsTC - verified Code View is displayed
00:58:56.645 [TestNG-test=RetryMultipleFailedTestcases-2] INFO  sprint1_TestCases.D_TabViewOptionsTC - Logged in and searched for a file, then clicked Edit.
00:58:57.157 [TestNG-test=RetryMultipleFailedTestcases-2] INFO  sprint1_TestCases.D_TabViewOptionsTC - Clicked Quick Preview is displayed
00:58:57.392 [TestNG-test=RetryMultipleFailedTestcases-2] INFO  sprint1_TestCases.D_TabViewOptionsTC - verified Quick Preview  is displayed
00:58:57.470 [TestNG-test=RetryMultipleFailedTestcases-2] INFO  sprint1_TestCases.D_TabViewOptionsTC - verified Quick Preview  is displayed
00:58:57.470 [TestNG-test=RetryMultipleFailedTestcases-2] INFO  sprint1_TestCases.D_TabViewOptionsTC - Finished verifyQuickPreviewEnabled
00:58:59.195 [TestNG-test=RetryMultipleFailedTestcases-3] INFO  sprint1_TestCases.D_TabViewOptionsTC - verified Code View table displayed
00:59:10.381 [TestNG-test=RetryMultipleFailedTestcases-2] INFO  sprint1_TestCases.D_TabViewOptionsTC - Starting verifyPrintPriviewHighLighted
00:59:11.905 [TestNG-test=RetryMultipleFailedTestcases-4] INFO  sprint1_TestCases.D_TabViewOptionsTC - Logged in and searched for a file, then clicked Edit.
00:59:12.294 [TestNG-test=RetryMultipleFailedTestcases-4] INFO  sprint1_TestCases.D_TabViewOptionsTC - Clicked on Quick Preview
00:59:12.557 [TestNG-test=RetryMultipleFailedTestcases-4] INFO  sprint1_TestCases.D_TabViewOptionsTC - verified Quick Preview  is displayed
00:59:12.615 [TestNG-test=RetryMultipleFailedTestcases-4] INFO  sprint1_TestCases.D_TabViewOptionsTC - verified Quick Preview  is highlighted
00:59:12.615 [TestNG-test=RetryMultipleFailedTestcases-4] INFO  sprint1_TestCases.D_TabViewOptionsTC - Finished verifyQuickPreviewHighLighted
00:59:18.807 [TestNG-test=RetryMultipleFailedTestcases-4] INFO  sprint1_TestCases.D_TabViewOptionsTC - Starting verifySelectTextInVisualEditor
00:59:25.300 [TestNG-test=RetryMultipleFailedTestcases-1] INFO  sprint1_TestCases.D_TabViewOptionsTC - Logged in and searched for a file, then clicked Edit.
00:59:25.638 [TestNG-test=RetryMultipleFailedTestcases-1] INFO  sprint1_TestCases.D_TabViewOptionsTC - Clicked on Print Preview
00:59:25.750 [TestNG-test=RetryMultipleFailedTestcases-1] INFO  sprint1_TestCases.D_TabViewOptionsTC - verified Print Preview is displayed
00:59:25.789 [TestNG-test=RetryMultipleFailedTestcases-1] INFO  sprint1_TestCases.D_TabViewOptionsTC - verified Print Preview is Expanded
00:59:25.790 [TestNG-test=RetryMultipleFailedTestcases-1] INFO  sprint1_TestCases.D_TabViewOptionsTC - Finished verifyPrintPriviewExpanded
00:59:39.253 [TestNG-test=RetryMultipleFailedTestcases-3] INFO  sprint1_TestCases.D_TabViewOptionsTC - verified Content Validation error message is not Displayed
00:59:39.254 [TestNG-test=RetryMultipleFailedTestcases-3] INFO  sprint1_TestCases.D_TabViewOptionsTC - Finished verifyCodeViewTab
00:59:41.802 [TestNG-test=RetryMultipleFailedTestcases-2] INFO  sprint1_TestCases.D_TabViewOptionsTC - Logged in and searched for a file, then clicked Edit.
00:59:41.996 [TestNG-test=RetryMultipleFailedTestcases-2] INFO  sprint1_TestCases.D_TabViewOptionsTC - Clicked on Print Preview
00:59:42.102 [TestNG-test=RetryMultipleFailedTestcases-2] INFO  sprint1_TestCases.D_TabViewOptionsTC - verified Print Preview is displayed
00:59:42.574 [TestNG-test=RetryMultipleFailedTestcases-4] INFO  sprint1_TestCases.D_TabViewOptionsTC - Logged in and searched for a file, then clicked Edit.
00:59:42.596 [TestNG-test=RetryMultipleFailedTestcases-4] INFO  sprint1_TestCases.D_TabViewOptionsTC - Switched to frame 0.
00:59:43.259 [TestNG-test=RetryMultipleFailedTestcases-4] INFO  sprint1_TestCases.D_TabViewOptionsTC - Double click on first para
00:59:43.734 [TestNG-test=RetryMultipleFailedTestcases-4] INFO  sprint1_TestCases.D_TabViewOptionsTC - Double click on second para
00:59:43.734 [TestNG-test=RetryMultipleFailedTestcases-4] INFO  sprint1_TestCases.D_TabViewOptionsTC - Finished verifySelectTextInVisualEditor
00:59:49.464 [TestNG-test=RetryMultipleFailedTestcases-2] INFO  sprint1_TestCases.D_TabViewOptionsTC - Starting verifyPrintPriviewHighLighted
01:00:11.577 [TestNG-test=RetryMultipleFailedTestcases-2] INFO  sprint1_TestCases.D_TabViewOptionsTC - Logged in and searched for a file, then clicked Edit.
01:00:11.692 [TestNG-test=RetryMultipleFailedTestcases-2] INFO  sprint1_TestCases.D_TabViewOptionsTC - Clicked on Print Preview
01:00:11.735 [TestNG-test=RetryMultipleFailedTestcases-2] INFO  sprint1_TestCases.D_TabViewOptionsTC - verified Print Preview is displayed
01:00:16.678 [TestNG-test=RetryMultipleFailedTestcases-2] INFO  sprint1_TestCases.D_TabViewOptionsTC - Starting verifyPrintPriviewHighLighted
01:01:12.716 [TestNG-test=RetryMultipleFailedTestcases-2] INFO  sprint1_TestCases.D_TabViewOptionsTC - Logged in and searched for a file, then clicked Edit.
01:01:12.862 [TestNG-test=RetryMultipleFailedTestcases-2] INFO  sprint1_TestCases.D_TabViewOptionsTC - Clicked on Print Preview
01:01:12.905 [TestNG-test=RetryMultipleFailedTestcases-2] INFO  sprint1_TestCases.D_TabViewOptionsTC - verified Print Preview is displayed
01:05:05.646 [TestNG-test=RetryMultipleFailedTestcases-2] INFO  sprint1_TestCases.B_Verify_TitleBarOptionsTC - Starting verify_TitleBar
01:05:05.755 [TestNG-test=RetryMultipleFailedTestcases-3] INFO  sprint1_TestCases.B_Verify_TitleBarOptionsTC - Starting verify_Tooltips_OnWindowResize
01:05:06.966 [TestNG-test=RetryMultipleFailedTestcases-4] INFO  sprint1_TestCases.B_Verify_TitleBarOptionsTC - Starting verify_Save_Highlighted
01:05:07.158 [TestNG-test=RetryMultipleFailedTestcases-1] INFO  sprint1_TestCases.A_Login_PageTC - Starting verify_Login
01:05:07.259 [TestNG-test=RetryMultipleFailedTestcases-1] INFO  sprint1_TestCases.A_Login_PageTC - Clicking on username and entering mail id
01:05:07.317 [TestNG-test=RetryMultipleFailedTestcases-1] INFO  sprint1_TestCases.A_Login_PageTC - Clicking on password and entering password
01:05:10.424 [TestNG-test=RetryMultipleFailedTestcases-1] INFO  sprint1_TestCases.A_Login_PageTC - Clicking on login button
01:05:10.538 [TestNG-test=RetryMultipleFailedTestcases-1] INFO  sprint1_TestCases.A_Login_PageTC - Checking for logged in in page is visible
01:05:10.538 [TestNG-test=RetryMultipleFailedTestcases-1] INFO  sprint1_TestCases.A_Login_PageTC - Finished verify_ExistingList_PropertiesPopup
01:05:17.065 [TestNG-test=RetryMultipleFailedTestcases-1] INFO  sprint1_TestCases.B_Verify_TitleBarOptionsTC - Starting verify_Reset_Highlighted
01:05:34.034 [TestNG-test=RetryMultipleFailedTestcases-3] INFO  sprint1_TestCases.B_Verify_TitleBarOptionsTC - Logged in and searched for a file, then clicked Edit.
01:05:34.202 [TestNG-test=RetryMultipleFailedTestcases-2] INFO  sprint1_TestCases.B_Verify_TitleBarOptionsTC - Logged in and searched for a file, then clicked Edit.
01:05:34.345 [TestNG-test=RetryMultipleFailedTestcases-2] INFO  sprint1_TestCases.B_Verify_TitleBarOptionsTC - verified banner is in blue
01:05:34.446 [TestNG-test=RetryMultipleFailedTestcases-2] INFO  sprint1_TestCases.B_Verify_TitleBarOptionsTC - verified image banner is available
01:05:34.446 [TestNG-test=RetryMultipleFailedTestcases-2] INFO  sprint1_TestCases.B_Verify_TitleBarOptionsTC - Finished verify_TitleBar
01:05:34.479 [TestNG-test=RetryMultipleFailedTestcases-3] INFO  sprint1_TestCases.B_Verify_TitleBarOptionsTC - Minimized the window to certain dimensions
01:05:36.582 [TestNG-test=RetryMultipleFailedTestcases-3] INFO  sprint1_TestCases.B_Verify_TitleBarOptionsTC - Current page is refreshed
01:05:39.570 [TestNG-test=RetryMultipleFailedTestcases-3] INFO  sprint1_TestCases.B_Verify_TitleBarOptionsTC - Verified save button tooltip is displayed when minimized
01:05:40.063 [TestNG-test=RetryMultipleFailedTestcases-3] INFO  sprint1_TestCases.B_Verify_TitleBarOptionsTC - Verified save button tooltip is displayed when minimized
01:05:40.597 [TestNG-test=RetryMultipleFailedTestcases-3] INFO  sprint1_TestCases.B_Verify_TitleBarOptionsTC - Verified Validate button tooltip is displayed when minimized
01:05:40.835 [TestNG-test=RetryMultipleFailedTestcases-3] INFO  sprint1_TestCases.B_Verify_TitleBarOptionsTC - Verified Check in button tooltip is displayed when minimized
01:05:40.835 [TestNG-test=RetryMultipleFailedTestcases-3] INFO  sprint1_TestCases.B_Verify_TitleBarOptionsTC - Finished verify_Tooltips_OnWindowResize
01:05:43.314 [TestNG-test=RetryMultipleFailedTestcases-2] INFO  sprint1_TestCases.B_Verify_TitleBarOptionsTC - Starting verify_Validate_Highlighted
01:05:46.180 [TestNG-test=RetryMultipleFailedTestcases-4] INFO  sprint1_TestCases.B_Verify_TitleBarOptionsTC - Logged in and searched for a file, then clicked Edit.
01:05:46.394 [TestNG-test=RetryMultipleFailedTestcases-4] INFO  sprint1_TestCases.B_Verify_TitleBarOptionsTC - moving to element save button
01:05:46.690 [TestNG-test=RetryMultipleFailedTestcases-4] INFO  sprint1_TestCases.B_Verify_TitleBarOptionsTC - verified Save button is highlighted
01:05:46.690 [TestNG-test=RetryMultipleFailedTestcases-4] INFO  sprint1_TestCases.B_Verify_TitleBarOptionsTC - Finished verify_Save_Highlighted
01:05:48.363 [TestNG-test=RetryMultipleFailedTestcases-3] INFO  sprint1_TestCases.B_Verify_TitleBarOptionsTC - Starting verify_CheckIn_Highlighted
01:05:52.096 [TestNG-test=RetryMultipleFailedTestcases-1] INFO  sprint1_TestCases.B_Verify_TitleBarOptionsTC - Logged in and searched for a file, then clicked Edit.
01:05:52.224 [TestNG-test=RetryMultipleFailedTestcases-1] INFO  sprint1_TestCases.B_Verify_TitleBarOptionsTC - Clicked on reset button
01:05:52.603 [TestNG-test=RetryMultipleFailedTestcases-1] INFO  sprint1_TestCases.B_Verify_TitleBarOptionsTC - moving to element Reset button
01:05:52.690 [TestNG-test=RetryMultipleFailedTestcases-1] INFO  sprint1_TestCases.B_Verify_TitleBarOptionsTC - Verified Reset button is highlighted
01:05:52.691 [TestNG-test=RetryMultipleFailedTestcases-1] INFO  sprint1_TestCases.B_Verify_TitleBarOptionsTC - Finished verify_Reset_Highlighted
01:05:55.376 [TestNG-test=RetryMultipleFailedTestcases-4] INFO  sprint1_TestCases.B_Verify_TitleBarOptionsTC - Starting verify_LastSave_With_RealTime
01:05:59.184 [TestNG-test=RetryMultipleFailedTestcases-1] INFO  sprint1_TestCases.B_Verify_TitleBarOptionsTC - Starting TC_021_verify_SaveFunctionality
01:06:10.075 [TestNG-test=RetryMultipleFailedTestcases-2] INFO  sprint1_TestCases.B_Verify_TitleBarOptionsTC - Logged in and searched for a file, then clicked Edit.
01:06:10.246 [TestNG-test=RetryMultipleFailedTestcases-2] INFO  sprint1_TestCases.B_Verify_TitleBarOptionsTC - moving to element validate button
01:06:10.320 [TestNG-test=RetryMultipleFailedTestcases-2] INFO  sprint1_TestCases.B_Verify_TitleBarOptionsTC - Verified validate button is highlighted
01:06:10.320 [TestNG-test=RetryMultipleFailedTestcases-2] INFO  sprint1_TestCases.B_Verify_TitleBarOptionsTC - Finished verify_Validate_Highlighted
01:06:15.028 [TestNG-test=RetryMultipleFailedTestcases-3] INFO  sprint1_TestCases.B_Verify_TitleBarOptionsTC - Logged in and searched for a file, then clicked Edit.
01:06:15.261 [TestNG-test=RetryMultipleFailedTestcases-3] INFO  sprint1_TestCases.B_Verify_TitleBarOptionsTC - moving to element check in  button
01:06:15.590 [TestNG-test=RetryMultipleFailedTestcases-3] INFO  sprint1_TestCases.B_Verify_TitleBarOptionsTC - Verified check in button is highlighted
01:06:15.590 [TestNG-test=RetryMultipleFailedTestcases-3] INFO  sprint1_TestCases.B_Verify_TitleBarOptionsTC - Finished verify_CheckIn_Highlighted
01:06:23.036 [TestNG-test=RetryMultipleFailedTestcases-2] INFO  sprint1_TestCases.B_Verify_TitleBarOptionsTC - Starting verify_SaveTime_OnBrowserMinimize
01:06:23.641 [TestNG-test=RetryMultipleFailedTestcases-3] INFO  sprint1_TestCases.B_Verify_TitleBarOptionsTC - Starting verify_Save_Error_Message
01:06:24.652 [TestNG-test=RetryMultipleFailedTestcases-4] INFO  sprint1_TestCases.B_Verify_TitleBarOptionsTC - Logged in and searched for a file, then clicked Edit.
01:06:24.672 [TestNG-test=RetryMultipleFailedTestcases-4] INFO  sprint1_TestCases.B_Verify_TitleBarOptionsTC - Switched to frame 0.
01:06:25.198 [TestNG-test=RetryMultipleFailedTestcases-4] INFO  sprint1_TestCases.B_Verify_TitleBarOptionsTC - Double clicked on first para button
01:06:25.248 [TestNG-test=RetryMultipleFailedTestcases-4] INFO  sprint1_TestCases.B_Verify_TitleBarOptionsTC - Switched back to default content.
01:06:25.549 [TestNG-test=RetryMultipleFailedTestcases-4] INFO  sprint1_TestCases.B_Verify_TitleBarOptionsTC - Clicked on bold plugin
01:06:27.877 [TestNG-test=RetryMultipleFailedTestcases-4] INFO  sprint1_TestCases.B_Verify_TitleBarOptionsTC - Clicked on save button
01:06:27.933 [TestNG-test=RetryMultipleFailedTestcases-4] INFO  sprint1_TestCases.B_Verify_TitleBarOptionsTC - verified the class in actual saved time
01:06:27.933 [TestNG-test=RetryMultipleFailedTestcases-4] INFO  sprint1_TestCases.B_Verify_TitleBarOptionsTC - Finished verify_LastSave_With_RealTime
01:06:29.888 [TestNG-test=RetryMultipleFailedTestcases-1] INFO  sprint1_TestCases.B_Verify_TitleBarOptionsTC - Logged in and searched for a file, then clicked Edit.
01:06:29.906 [TestNG-test=RetryMultipleFailedTestcases-1] INFO  sprint1_TestCases.B_Verify_TitleBarOptionsTC - Switched to frame 0.
01:06:30.888 [TestNG-test=RetryMultipleFailedTestcases-1] INFO  sprint1_TestCases.B_Verify_TitleBarOptionsTC - Double clicked on first para button
01:06:30.916 [TestNG-test=RetryMultipleFailedTestcases-1] INFO  sprint1_TestCases.B_Verify_TitleBarOptionsTC - Switched back to default content.
01:06:31.342 [TestNG-test=RetryMultipleFailedTestcases-1] INFO  sprint1_TestCases.B_Verify_TitleBarOptionsTC - Clicked on bold plugin
01:06:34.472 [TestNG-test=RetryMultipleFailedTestcases-1] INFO  sprint1_TestCases.B_Verify_TitleBarOptionsTC - Clicked on save button
01:06:34.768 [TestNG-test=RetryMultipleFailedTestcases-4] INFO  sprint1_TestCases.B_Verify_TitleBarOptionsTC - Starting verify_LastSaveTime_AfterResetFile
01:06:37.514 [TestNG-test=RetryMultipleFailedTestcases-1] INFO  sprint1_TestCases.B_Verify_TitleBarOptionsTC - verified on Save Successful notification is displayed
01:06:37.570 [TestNG-test=RetryMultipleFailedTestcases-1] INFO  sprint1_TestCases.B_Verify_TitleBarOptionsTC - verified on Last Saved Time is displayed
01:06:37.607 [TestNG-test=RetryMultipleFailedTestcases-1] INFO  sprint1_TestCases.B_Verify_TitleBarOptionsTC - verified the class in actual saved time
01:06:37.607 [TestNG-test=RetryMultipleFailedTestcases-1] INFO  sprint1_TestCases.B_Verify_TitleBarOptionsTC - Finished verify_TitleBar
01:06:50.080 [TestNG-test=RetryMultipleFailedTestcases-1] INFO  sprint1_TestCases.B_Verify_TitleBarOptionsTC - Starting verify_ResetFile
01:06:57.782 [TestNG-test=RetryMultipleFailedTestcases-2] INFO  sprint1_TestCases.B_Verify_TitleBarOptionsTC - Logged in and searched for a file, then clicked Edit.
01:06:57.816 [TestNG-test=RetryMultipleFailedTestcases-2] INFO  sprint1_TestCases.B_Verify_TitleBarOptionsTC - Switched to frame 0.
01:06:58.597 [TestNG-test=RetryMultipleFailedTestcases-2] INFO  sprint1_TestCases.B_Verify_TitleBarOptionsTC - Double clicked on first para button
01:06:58.765 [TestNG-test=RetryMultipleFailedTestcases-2] INFO  sprint1_TestCases.B_Verify_TitleBarOptionsTC - Switched back to default content.
01:06:59.382 [TestNG-test=RetryMultipleFailedTestcases-2] INFO  sprint1_TestCases.B_Verify_TitleBarOptionsTC - Clicked on bold plugin
01:06:59.853 [TestNG-test=RetryMultipleFailedTestcases-3] INFO  sprint1_TestCases.B_Verify_TitleBarOptionsTC - Logged in and searched for a file, then clicked Edit.
01:07:00.041 [TestNG-test=RetryMultipleFailedTestcases-3] INFO  sprint1_TestCases.B_Verify_TitleBarOptionsTC - Clicking on save button
01:07:01.903 [TestNG-test=RetryMultipleFailedTestcases-2] INFO  sprint1_TestCases.B_Verify_TitleBarOptionsTC - Clicked on save button
01:07:01.965 [TestNG-test=RetryMultipleFailedTestcases-2] INFO  sprint1_TestCases.B_Verify_TitleBarOptionsTC - verified the class in actual saved time
01:07:02.677 [TestNG-test=RetryMultipleFailedTestcases-2] INFO  sprint1_TestCases.B_Verify_TitleBarOptionsTC - Minimized the window to certain dimensions
01:07:03.484 [TestNG-test=RetryMultipleFailedTestcases-2] INFO  sprint1_TestCases.B_Verify_TitleBarOptionsTC - verified Last Saved Time is displayed
01:07:03.485 [TestNG-test=RetryMultipleFailedTestcases-2] INFO  sprint1_TestCases.B_Verify_TitleBarOptionsTC - Finished verify_SaveTime_OnBrowserMinimize
01:07:10.122 [TestNG-test=RetryMultipleFailedTestcases-2] INFO  sprint1_TestCases.B_Verify_TitleBarOptionsTC - Starting ChangeElementSimpePara_ValidateFile
01:07:18.212 [TestNG-test=RetryMultipleFailedTestcases-4] INFO  sprint1_TestCases.B_Verify_TitleBarOptionsTC - Logged in and searched for a file, then clicked Edit.
01:07:18.231 [TestNG-test=RetryMultipleFailedTestcases-4] INFO  sprint1_TestCases.B_Verify_TitleBarOptionsTC - Switched to frame 0.
01:07:18.874 [TestNG-test=RetryMultipleFailedTestcases-4] INFO  sprint1_TestCases.B_Verify_TitleBarOptionsTC - Double clicked on first para button
01:07:18.932 [TestNG-test=RetryMultipleFailedTestcases-4] INFO  sprint1_TestCases.B_Verify_TitleBarOptionsTC - Switched back to default content.
01:07:19.327 [TestNG-test=RetryMultipleFailedTestcases-4] INFO  sprint1_TestCases.B_Verify_TitleBarOptionsTC - Clicked on bold plugin
01:07:21.709 [TestNG-test=RetryMultipleFailedTestcases-4] INFO  sprint1_TestCases.B_Verify_TitleBarOptionsTC - Clicked on save button
01:07:23.257 [TestNG-test=RetryMultipleFailedTestcases-1] INFO  sprint1_TestCases.B_Verify_TitleBarOptionsTC - Logged in and searched for a file, then clicked Edit.
01:07:23.397 [TestNG-test=RetryMultipleFailedTestcases-1] INFO  sprint1_TestCases.B_Verify_TitleBarOptionsTC - Switched to frame 0.
01:07:24.226 [TestNG-test=RetryMultipleFailedTestcases-1] INFO  sprint1_TestCases.B_Verify_TitleBarOptionsTC - Double clicked on first para button
01:07:24.263 [TestNG-test=RetryMultipleFailedTestcases-1] INFO  sprint1_TestCases.B_Verify_TitleBarOptionsTC - Switched back to default content.
01:07:24.769 [TestNG-test=RetryMultipleFailedTestcases-1] INFO  sprint1_TestCases.B_Verify_TitleBarOptionsTC - Clicked on bold plugin
01:07:25.546 [TestNG-test=RetryMultipleFailedTestcases-4] INFO  sprint1_TestCases.B_Verify_TitleBarOptionsTC - verified on Save Successful notification is displayed
01:07:25.624 [TestNG-test=RetryMultipleFailedTestcases-4] INFO  sprint1_TestCases.B_Verify_TitleBarOptionsTC - verified on Last Saved Time is displayed
01:07:25.790 [TestNG-test=RetryMultipleFailedTestcases-4] INFO  sprint1_TestCases.B_Verify_TitleBarOptionsTC - Clicked on reset button
01:07:25.836 [TestNG-test=RetryMultipleFailedTestcases-4] INFO  sprint1_TestCases.B_Verify_TitleBarOptionsTC - verified on alert text of reset button
01:07:26.041 [TestNG-test=RetryMultipleFailedTestcases-4] INFO  sprint1_TestCases.B_Verify_TitleBarOptionsTC - Clicked on reset confirm button
01:07:26.148 [TestNG-test=RetryMultipleFailedTestcases-4] INFO  sprint1_TestCases.B_Verify_TitleBarOptionsTC - verified on Last Saved Time is displayed
01:07:26.148 [TestNG-test=RetryMultipleFailedTestcases-4] INFO  sprint1_TestCases.B_Verify_TitleBarOptionsTC - Finished verify_LastSaveTime_AfterResetFile
01:07:27.078 [TestNG-test=RetryMultipleFailedTestcases-1] INFO  sprint1_TestCases.B_Verify_TitleBarOptionsTC - Clicked on save button
01:07:27.140 [TestNG-test=RetryMultipleFailedTestcases-1] INFO  sprint1_TestCases.B_Verify_TitleBarOptionsTC - verified on Last Saved Time is displayed
01:07:27.262 [TestNG-test=RetryMultipleFailedTestcases-1] INFO  sprint1_TestCases.B_Verify_TitleBarOptionsTC - Clicked on reset button
01:07:27.300 [TestNG-test=RetryMultipleFailedTestcases-1] INFO  sprint1_TestCases.B_Verify_TitleBarOptionsTC - verified on alert text of reset button
01:07:27.467 [TestNG-test=RetryMultipleFailedTestcases-1] INFO  sprint1_TestCases.B_Verify_TitleBarOptionsTC - Clicked on reset confirm button
01:07:27.467 [TestNG-test=RetryMultipleFailedTestcases-1] INFO  sprint1_TestCases.B_Verify_TitleBarOptionsTC - Finished verify_ResetFile
01:07:33.922 [TestNG-test=RetryMultipleFailedTestcases-4] INFO  sprint1_TestCases.B_Verify_TitleBarOptionsTC - Starting ChangeElementAddress_ValidateFile
01:07:35.192 [TestNG-test=RetryMultipleFailedTestcases-1] INFO  sprint1_TestCases.B_Verify_TitleBarOptionsTC - Starting verify_ValidateFile
01:07:38.497 [TestNG-test=RetryMultipleFailedTestcases-2] INFO  sprint1_TestCases.B_Verify_TitleBarOptionsTC - Logged in and searched for a file, then clicked Edit.
01:07:38.512 [TestNG-test=RetryMultipleFailedTestcases-2] INFO  sprint1_TestCases.B_Verify_TitleBarOptionsTC - Switched to frame 0.
01:07:39.126 [TestNG-test=RetryMultipleFailedTestcases-2] INFO  sprint1_TestCases.B_Verify_TitleBarOptionsTC - clicked on First para from VE
01:07:39.193 [TestNG-test=RetryMultipleFailedTestcases-2] INFO  sprint1_TestCases.B_Verify_TitleBarOptionsTC - Switched back to default content.
01:07:39.767 [TestNG-test=RetryMultipleFailedTestcases-2] INFO  sprint1_TestCases.B_Verify_TitleBarOptionsTC - clicked on change element and searched for simple para
01:07:40.892 [TestNG-test=RetryMultipleFailedTestcases-2] INFO  sprint1_TestCases.B_Verify_TitleBarOptionsTC - clicked on simple-para selement
01:07:41.111 [TestNG-test=RetryMultipleFailedTestcases-2] INFO  sprint1_TestCases.B_Verify_TitleBarOptionsTC - Verifying Simple Para present into DS
01:07:41.451 [TestNG-test=RetryMultipleFailedTestcases-2] INFO  sprint1_TestCases.B_Verify_TitleBarOptionsTC - clicked on validate button
01:07:45.011 [TestNG-test=RetryMultipleFailedTestcases-2] INFO  sprint1_TestCases.B_Verify_TitleBarOptionsTC - verified label validation success message is present
01:07:45.078 [TestNG-test=RetryMultipleFailedTestcases-2] INFO  sprint1_TestCases.B_Verify_TitleBarOptionsTC - clicked Validation success alert text is displayed
01:07:45.368 [TestNG-test=RetryMultipleFailedTestcases-2] INFO  sprint1_TestCases.B_Verify_TitleBarOptionsTC - clicked on validate ok button
01:07:45.369 [TestNG-test=RetryMultipleFailedTestcases-2] INFO  sprint1_TestCases.B_Verify_TitleBarOptionsTC - Finished ChangeElementSimpePara_ValidateFile
01:07:46.628 [TestNG-test=RetryMultipleFailedTestcases-3] INFO  sprint1_TestCases.B_Verify_TitleBarOptionsTC - Starting verify_Save_Error_Message
01:07:52.620 [TestNG-test=RetryMultipleFailedTestcases-2] INFO  sprint1_TestCases.B_Verify_TitleBarOptionsTC - Starting verify_CheckIn
01:08:01.338 [TestNG-test=RetryMultipleFailedTestcases-4] INFO  sprint1_TestCases.B_Verify_TitleBarOptionsTC - Logged in and searched for a file, then clicked Edit.
01:08:01.359 [TestNG-test=RetryMultipleFailedTestcases-4] INFO  sprint1_TestCases.B_Verify_TitleBarOptionsTC - Switched to frame 0.
01:08:01.944 [TestNG-test=RetryMultipleFailedTestcases-4] INFO  sprint1_TestCases.B_Verify_TitleBarOptionsTC - clicked on First para from VE
01:08:02.017 [TestNG-test=RetryMultipleFailedTestcases-4] INFO  sprint1_TestCases.B_Verify_TitleBarOptionsTC - Switched back to default content.
01:08:02.691 [TestNG-test=RetryMultipleFailedTestcases-4] INFO  sprint1_TestCases.B_Verify_TitleBarOptionsTC - clicked on change element and searched for Address
01:08:04.460 [TestNG-test=RetryMultipleFailedTestcases-4] INFO  sprint1_TestCases.B_Verify_TitleBarOptionsTC - clicked on Address element
01:08:04.740 [TestNG-test=RetryMultipleFailedTestcases-4] INFO  sprint1_TestCases.B_Verify_TitleBarOptionsTC - Verifying Address present into DS
01:08:05.261 [TestNG-test=RetryMultipleFailedTestcases-4] INFO  sprint1_TestCases.B_Verify_TitleBarOptionsTC - clicked on validate button
01:08:05.607 [TestNG-test=RetryMultipleFailedTestcases-1] INFO  sprint1_TestCases.B_Verify_TitleBarOptionsTC - Logged in and searched for a file, then clicked Edit.
01:08:06.370 [TestNG-test=RetryMultipleFailedTestcases-1] INFO  sprint1_TestCases.B_Verify_TitleBarOptionsTC - clicked on validate button
01:08:09.126 [TestNG-test=RetryMultipleFailedTestcases-4] INFO  sprint1_TestCases.B_Verify_TitleBarOptionsTC - verified label validation success message is present
01:08:09.181 [TestNG-test=RetryMultipleFailedTestcases-4] INFO  sprint1_TestCases.B_Verify_TitleBarOptionsTC - clicked Validation success alert text is displayed
01:08:09.422 [TestNG-test=RetryMultipleFailedTestcases-4] INFO  sprint1_TestCases.B_Verify_TitleBarOptionsTC - clicked on validate ok button
01:08:09.422 [TestNG-test=RetryMultipleFailedTestcases-4] INFO  sprint1_TestCases.B_Verify_TitleBarOptionsTC - Finished ChangeElementAddress_ValidateFile
01:08:10.582 [TestNG-test=RetryMultipleFailedTestcases-1] INFO  sprint1_TestCases.B_Verify_TitleBarOptionsTC - verified label validation success message is present
01:08:10.619 [TestNG-test=RetryMultipleFailedTestcases-1] INFO  sprint1_TestCases.B_Verify_TitleBarOptionsTC - clicked Validation success alert text is displayed
01:08:10.818 [TestNG-test=RetryMultipleFailedTestcases-1] INFO  sprint1_TestCases.B_Verify_TitleBarOptionsTC - clicked on validate ok button
01:08:10.819 [TestNG-test=RetryMultipleFailedTestcases-1] INFO  sprint1_TestCases.B_Verify_TitleBarOptionsTC - Finished verify_ValidateFile
01:08:16.418 [TestNG-test=RetryMultipleFailedTestcases-4] INFO  sprint1_TestCases.B_Verify_TitleBarOptionsTC - Starting verify_CheckIn_CancelButton
01:08:18.318 [TestNG-test=RetryMultipleFailedTestcases-1] INFO  sprint1_TestCases.C_Verify_CMSMenu_FunctionalityTC - Starting verify_CMSMenu_Enabled
01:08:23.979 [TestNG-test=RetryMultipleFailedTestcases-3] INFO  sprint1_TestCases.B_Verify_TitleBarOptionsTC - Logged in and searched for a file, then clicked Edit.
01:08:24.219 [TestNG-test=RetryMultipleFailedTestcases-3] INFO  sprint1_TestCases.B_Verify_TitleBarOptionsTC - Clicking on save button
01:08:25.298 [TestNG-test=RetryMultipleFailedTestcases-2] INFO  sprint1_TestCases.B_Verify_TitleBarOptionsTC - Logged in and searched for a file, then clicked Edit.
01:08:26.231 [TestNG-test=RetryMultipleFailedTestcases-2] INFO  sprint1_TestCases.B_Verify_TitleBarOptionsTC - Click CheckIn button is displayed
01:08:26.383 [TestNG-test=RetryMultipleFailedTestcases-2] INFO  sprint1_TestCases.B_Verify_TitleBarOptionsTC - verified CheckIn button is displayed
01:08:26.413 [TestNG-test=RetryMultipleFailedTestcases-2] INFO  sprint1_TestCases.B_Verify_TitleBarOptionsTC - verified Do you want to check-in? is displayed
01:08:26.480 [TestNG-test=RetryMultipleFailedTestcases-2] INFO  sprint1_TestCases.B_Verify_TitleBarOptionsTC - verified CheckIn confirm button is displayed
01:08:26.536 [TestNG-test=RetryMultipleFailedTestcases-2] INFO  sprint1_TestCases.B_Verify_TitleBarOptionsTC - verified CheckIn cancel button is displayed
01:08:26.536 [TestNG-test=RetryMultipleFailedTestcases-2] INFO  sprint1_TestCases.B_Verify_TitleBarOptionsTC - Finished verify_CheckIn
01:08:33.207 [TestNG-test=RetryMultipleFailedTestcases-2] INFO  sprint1_TestCases.C_Verify_CMSMenu_FunctionalityTC - Starting verify_CMSHambergerMenu
01:08:48.127 [TestNG-test=RetryMultipleFailedTestcases-1] INFO  sprint1_TestCases.C_Verify_CMSMenu_FunctionalityTC - Logged in and searched for a file, then clicked Edit.
01:08:48.587 [TestNG-test=RetryMultipleFailedTestcases-1] INFO  sprint1_TestCases.C_Verify_CMSMenu_FunctionalityTC - clicked on Handberger button
01:08:48.747 [TestNG-test=RetryMultipleFailedTestcases-1] INFO  sprint1_TestCases.C_Verify_CMSMenu_FunctionalityTC - verified Label CMS menu displayed
01:08:48.830 [TestNG-test=RetryMultipleFailedTestcases-1] INFO  sprint1_TestCases.C_Verify_CMSMenu_FunctionalityTC - verified Label CMS close is displayed
01:08:48.830 [TestNG-test=RetryMultipleFailedTestcases-1] INFO  sprint1_TestCases.C_Verify_CMSMenu_FunctionalityTC - Finished verify_CMSMenu_Enabled
01:08:50.946 [TestNG-test=RetryMultipleFailedTestcases-4] INFO  sprint1_TestCases.B_Verify_TitleBarOptionsTC - Logged in and searched for a file, then clicked Edit.
01:08:51.322 [TestNG-test=RetryMultipleFailedTestcases-4] INFO  sprint1_TestCases.B_Verify_TitleBarOptionsTC - Click CheckIn button is displayed
01:08:51.411 [TestNG-test=RetryMultipleFailedTestcases-4] INFO  sprint1_TestCases.B_Verify_TitleBarOptionsTC - verified CheckIn button is displayed
01:08:51.526 [TestNG-test=RetryMultipleFailedTestcases-4] INFO  sprint1_TestCases.B_Verify_TitleBarOptionsTC - verified Do you want to check-in? is displayed
01:08:51.793 [TestNG-test=RetryMultipleFailedTestcases-4] INFO  sprint1_TestCases.B_Verify_TitleBarOptionsTC - Click CheckIn cancel button is displayed
01:08:51.888 [TestNG-test=RetryMultipleFailedTestcases-4] INFO  sprint1_TestCases.B_Verify_TitleBarOptionsTC - verified label content block is displayed
01:08:51.889 [TestNG-test=RetryMultipleFailedTestcases-4] INFO  sprint1_TestCases.B_Verify_TitleBarOptionsTC - Finished verify_CheckIn_CancelButton
01:08:56.160 [TestNG-test=RetryMultipleFailedTestcases-1] INFO  sprint1_TestCases.C_Verify_CMSMenu_FunctionalityTC - Starting verify_CMSMenu_CloseBtn
01:08:59.325 [TestNG-test=RetryMultipleFailedTestcases-4] INFO  sprint1_TestCases.C_Verify_CMSMenu_FunctionalityTC - Starting verify_CMSHambergerMenu_Highlighted
01:09:07.700 [TestNG-test=RetryMultipleFailedTestcases-2] INFO  sprint1_TestCases.C_Verify_CMSMenu_FunctionalityTC - Logged in and searched for a file, then clicked Edit.
01:09:07.892 [TestNG-test=RetryMultipleFailedTestcases-2] INFO  sprint1_TestCases.C_Verify_CMSMenu_FunctionalityTC - clicked on Handberger button
01:09:10.364 [TestNG-test=RetryMultipleFailedTestcases-2] INFO  sprint1_TestCases.C_Verify_CMSMenu_FunctionalityTC - clicked on hyperlinks and checked for response code-200
01:09:10.691 [TestNG-test=RetryMultipleFailedTestcases-2] INFO  sprint1_TestCases.C_Verify_CMSMenu_FunctionalityTC - clicked on CMS close button
01:09:11.843 [TestNG-test=RetryMultipleFailedTestcases-3] INFO  sprint1_TestCases.B_Verify_TitleBarOptionsTC - Starting verify_Save_Error_Message
01:09:21.173 [TestNG-test=RetryMultipleFailedTestcases-1] INFO  sprint1_TestCases.C_Verify_CMSMenu_FunctionalityTC - Logged in and searched for a file, then clicked Edit.
01:09:21.403 [TestNG-test=RetryMultipleFailedTestcases-1] INFO  sprint1_TestCases.C_Verify_CMSMenu_FunctionalityTC - clicked on Handberger button
01:09:21.457 [TestNG-test=RetryMultipleFailedTestcases-1] INFO  sprint1_TestCases.C_Verify_CMSMenu_FunctionalityTC - verified Label CMS close is displayed
01:09:22.564 [TestNG-test=RetryMultipleFailedTestcases-1] INFO  sprint1_TestCases.C_Verify_CMSMenu_FunctionalityTC - Finished verify_CMSMenu_Enabled
01:09:22.564 [TestNG-test=RetryMultipleFailedTestcases-1] INFO  sprint1_TestCases.C_Verify_CMSMenu_FunctionalityTC - Finished verify_CMSMenu_CloseBtn
01:09:25.233 [TestNG-test=RetryMultipleFailedTestcases-4] INFO  sprint1_TestCases.C_Verify_CMSMenu_FunctionalityTC - Logged in and searched for a file, then clicked Edit.
01:09:25.369 [TestNG-test=RetryMultipleFailedTestcases-4] INFO  sprint1_TestCases.C_Verify_CMSMenu_FunctionalityTC - clicked on Handberger button
01:09:25.457 [TestNG-test=RetryMultipleFailedTestcases-4] INFO  sprint1_TestCases.C_Verify_CMSMenu_FunctionalityTC - verified all the background colors of hyperlinks
01:09:25.704 [TestNG-test=RetryMultipleFailedTestcases-4] INFO  sprint1_TestCases.C_Verify_CMSMenu_FunctionalityTC - clicked on CMS close button
01:09:30.672 [TestNG-test=RetryMultipleFailedTestcases-1] INFO  sprint1_TestCases.C_Verify_CMSMenu_FunctionalityTC - Starting verify_CMSMenu_ByResizing
01:09:50.885 [TestNG-test=RetryMultipleFailedTestcases-2] INFO  sprint1_TestCases.C_Verify_CMSMenu_FunctionalityTC - verified Label CMS menu is not displayed
01:09:50.885 [TestNG-test=RetryMultipleFailedTestcases-2] INFO  sprint1_TestCases.C_Verify_CMSMenu_FunctionalityTC - Finished verify_CMSHambergerMenu
01:09:52.531 [TestNG-test=RetryMultipleFailedTestcases-3] INFO  sprint1_TestCases.B_Verify_TitleBarOptionsTC - Logged in and searched for a file, then clicked Edit.
01:09:52.618 [TestNG-test=RetryMultipleFailedTestcases-3] INFO  sprint1_TestCases.B_Verify_TitleBarOptionsTC - Clicking on save button
01:10:03.267 [TestNG-test=RetryMultipleFailedTestcases-2] INFO  sprint1_TestCases.C_Verify_CMSMenu_FunctionalityTC - Starting verify_CMSMenu_Collapse
01:10:05.750 [TestNG-test=RetryMultipleFailedTestcases-4] INFO  sprint1_TestCases.C_Verify_CMSMenu_FunctionalityTC - verified Label CMS menu is not displayed
01:10:05.750 [TestNG-test=RetryMultipleFailedTestcases-4] INFO  sprint1_TestCases.C_Verify_CMSMenu_FunctionalityTC - Finished verify_CMSHambergerMenu_Highlighted
01:10:15.277 [TestNG-test=RetryMultipleFailedTestcases-4] INFO  sprint1_TestCases.C_Verify_CMSMenu_FunctionalityTC - Starting verify_CMSMenu_MediaLib_Section_Insert_Error
01:10:17.560 [TestNG-test=RetryMultipleFailedTestcases-1] INFO  sprint1_TestCases.C_Verify_CMSMenu_FunctionalityTC - Logged in and searched for a file, then clicked Edit.
01:10:17.688 [TestNG-test=RetryMultipleFailedTestcases-1] INFO  sprint1_TestCases.C_Verify_CMSMenu_FunctionalityTC - clicked on Handberger button
01:10:17.755 [TestNG-test=RetryMultipleFailedTestcases-1] INFO  sprint1_TestCases.C_Verify_CMSMenu_FunctionalityTC - verified Label CMS menu displayed
01:10:18.256 [TestNG-test=RetryMultipleFailedTestcases-1] INFO  sprint1_TestCases.C_Verify_CMSMenu_FunctionalityTC - Initiate driver to minimize the window size
01:10:18.346 [TestNG-test=RetryMultipleFailedTestcases-1] INFO  sprint1_TestCases.C_Verify_CMSMenu_FunctionalityTC - verified Label CMS menu displayed
01:10:18.346 [TestNG-test=RetryMultipleFailedTestcases-1] INFO  sprint1_TestCases.C_Verify_CMSMenu_FunctionalityTC - Finished verify_CMSMenu_ByResizing
01:10:26.585 [TestNG-test=RetryMultipleFailedTestcases-1] INFO  sprint1_TestCases.C_Verify_CMSMenu_FunctionalityTC - Starting verify_MediaObject_InCMSMenu
01:10:35.897 [TestNG-test=RetryMultipleFailedTestcases-2] INFO  sprint1_TestCases.C_Verify_CMSMenu_FunctionalityTC - Logged in and searched for a file, then clicked Edit.
01:10:36.215 [TestNG-test=RetryMultipleFailedTestcases-2] INFO  sprint1_TestCases.C_Verify_CMSMenu_FunctionalityTC - clicked on Handberger button
01:10:36.306 [TestNG-test=RetryMultipleFailedTestcases-2] INFO  sprint1_TestCases.C_Verify_CMSMenu_FunctionalityTC - verified Label CMS menu displayed
01:10:36.659 [TestNG-test=RetryMultipleFailedTestcases-2] INFO  sprint1_TestCases.C_Verify_CMSMenu_FunctionalityTC - clicked on Handberger button
01:10:36.752 [TestNG-test=RetryMultipleFailedTestcases-2] INFO  sprint1_TestCases.C_Verify_CMSMenu_FunctionalityTC - verified Label CMS menu displayed
01:10:36.752 [TestNG-test=RetryMultipleFailedTestcases-2] INFO  sprint1_TestCases.C_Verify_CMSMenu_FunctionalityTC - Finished verify_CMSMenu_Collapse
01:10:42.622 [TestNG-test=RetryMultipleFailedTestcases-3] INFO  sprint1_TestCases.C_Verify_CMSMenu_FunctionalityTC - Starting verify_CMSMenu_AddingFile
01:10:44.320 [TestNG-test=RetryMultipleFailedTestcases-4] INFO  sprint1_TestCases.C_Verify_CMSMenu_FunctionalityTC - Logged in and searched for a file, then clicked Edit.
01:10:44.354 [TestNG-test=RetryMultipleFailedTestcases-4] INFO  sprint1_TestCases.C_Verify_CMSMenu_FunctionalityTC - Switched to frame 0.
01:10:44.781 [TestNG-test=RetryMultipleFailedTestcases-4] INFO  sprint1_TestCases.C_Verify_CMSMenu_FunctionalityTC - Switched back to default content.
01:10:44.938 [TestNG-test=RetryMultipleFailedTestcases-4] INFO  sprint1_TestCases.C_Verify_CMSMenu_FunctionalityTC - clicked on Handberger button
01:10:45.186 [TestNG-test=RetryMultipleFailedTestcases-4] INFO  sprint1_TestCases.C_Verify_CMSMenu_FunctionalityTC - clicked on Media object link in CMS menu
01:10:46.752 [TestNG-test=RetryMultipleFailedTestcases-2] INFO  sprint1_TestCases.C_Verify_CMSMenu_FunctionalityTC - Starting verify_CMSCollapse_ByClickingEditorView
01:10:47.028 [TestNG-test=RetryMultipleFailedTestcases-4] INFO  sprint1_TestCases.C_Verify_CMSMenu_FunctionalityTC - clicked on image insert button
01:10:47.172 [TestNG-test=RetryMultipleFailedTestcases-4] INFO  sprint1_TestCases.C_Verify_CMSMenu_FunctionalityTC - verified error popup message is displayed
01:10:47.172 [TestNG-test=RetryMultipleFailedTestcases-4] INFO  sprint1_TestCases.C_Verify_CMSMenu_FunctionalityTC - Finished verify_CMSMenu_MediaLib_Section_Insert_Error
01:10:54.871 [TestNG-test=RetryMultipleFailedTestcases-4] INFO  sprint1_TestCases.C_Verify_CMSMenu_FunctionalityTC - Starting verify_CMSCollapse_ByClickinCodeVeiw
01:10:54.956 [TestNG-test=RetryMultipleFailedTestcases-1] INFO  sprint1_TestCases.C_Verify_CMSMenu_FunctionalityTC - Logged in and searched for a file, then clicked Edit.
01:10:54.974 [TestNG-test=RetryMultipleFailedTestcases-1] INFO  sprint1_TestCases.C_Verify_CMSMenu_FunctionalityTC - Switched to frame 0.
01:10:55.464 [TestNG-test=RetryMultipleFailedTestcases-1] INFO  sprint1_TestCases.C_Verify_CMSMenu_FunctionalityTC - clicked on First para from VE
01:10:55.524 [TestNG-test=RetryMultipleFailedTestcases-1] INFO  sprint1_TestCases.C_Verify_CMSMenu_FunctionalityTC - Switched back to default content.
01:10:55.737 [TestNG-test=RetryMultipleFailedTestcases-1] INFO  sprint1_TestCases.C_Verify_CMSMenu_FunctionalityTC - clicked on Handberger button
01:10:56.016 [TestNG-test=RetryMultipleFailedTestcases-1] INFO  sprint1_TestCases.C_Verify_CMSMenu_FunctionalityTC - clicked on Media object link in CMS menu
01:11:00.505 [TestNG-test=RetryMultipleFailedTestcases-1] INFO  sprint1_TestCases.C_Verify_CMSMenu_FunctionalityTC - clicked on image insert button
01:11:01.956 [TestNG-test=RetryMultipleFailedTestcases-1] INFO  sprint1_TestCases.C_Verify_CMSMenu_FunctionalityTC - vefied image is not present in DS
01:11:01.956 [TestNG-test=RetryMultipleFailedTestcases-1] INFO  sprint1_TestCases.C_Verify_CMSMenu_FunctionalityTC - Finished verify_MediaObject_InCMSMenu
01:11:12.565 [TestNG-test=RetryMultipleFailedTestcases-3] INFO  sprint1_TestCases.C_Verify_CMSMenu_FunctionalityTC - Logged in and searched for a file, then clicked Edit.
01:11:12.829 [TestNG-test=RetryMultipleFailedTestcases-3] INFO  sprint1_TestCases.C_Verify_CMSMenu_FunctionalityTC - clicked on Handberger button
01:11:13.620 [TestNG-test=RetryMultipleFailedTestcases-3] INFO  sprint1_TestCases.C_Verify_CMSMenu_FunctionalityTC - clicked on checked out files link
01:11:18.065 [TestNG-test=RetryMultipleFailedTestcases-1] INFO  sprint1_TestCases.C_Verify_CMSMenu_FunctionalityTC - Starting verify_CMSCollapse_ByClickingAttributePanel
01:11:20.278 [TestNG-test=RetryMultipleFailedTestcases-2] INFO  sprint1_TestCases.C_Verify_CMSMenu_FunctionalityTC - Logged in and searched for a file, then clicked Edit.
01:11:20.477 [TestNG-test=RetryMultipleFailedTestcases-2] INFO  sprint1_TestCases.C_Verify_CMSMenu_FunctionalityTC - clicked on Handberger button
01:11:20.576 [TestNG-test=RetryMultipleFailedTestcases-2] INFO  sprint1_TestCases.C_Verify_CMSMenu_FunctionalityTC - verified Label CMS menu displayed
01:11:20.594 [TestNG-test=RetryMultipleFailedTestcases-2] INFO  sprint1_TestCases.C_Verify_CMSMenu_FunctionalityTC - Switched to frame 0.
01:11:21.035 [TestNG-test=RetryMultipleFailedTestcases-2] INFO  sprint1_TestCases.C_Verify_CMSMenu_FunctionalityTC - clicked on First para from VE
01:11:21.075 [TestNG-test=RetryMultipleFailedTestcases-2] INFO  sprint1_TestCases.C_Verify_CMSMenu_FunctionalityTC - Switched back to default content.
01:11:21.545 [TestNG-test=RetryMultipleFailedTestcases-2] INFO  sprint1_TestCases.C_Verify_CMSMenu_FunctionalityTC - clicked on Handberger button
01:11:25.864 [TestNG-test=RetryMultipleFailedTestcases-3] INFO  sprint1_TestCases.C_Verify_CMSMenu_FunctionalityTC - clicked on add new file link
01:11:34.114 [TestNG-test=RetryMultipleFailedTestcases-4] INFO  sprint1_TestCases.C_Verify_CMSMenu_FunctionalityTC - Logged in and searched for a file, then clicked Edit.
01:11:34.422 [TestNG-test=RetryMultipleFailedTestcases-4] INFO  sprint1_TestCases.C_Verify_CMSMenu_FunctionalityTC - clicked on Handberger button
01:11:34.481 [TestNG-test=RetryMultipleFailedTestcases-4] INFO  sprint1_TestCases.C_Verify_CMSMenu_FunctionalityTC - verified Label CMS menu displayed
01:11:34.849 [TestNG-test=RetryMultipleFailedTestcases-4] INFO  sprint1_TestCases.C_Verify_CMSMenu_FunctionalityTC - clicked on code view
01:11:47.324 [TestNG-test=RetryMultipleFailedTestcases-1] INFO  sprint1_TestCases.C_Verify_CMSMenu_FunctionalityTC - Logged in and searched for a file, then clicked Edit.
01:11:47.607 [TestNG-test=RetryMultipleFailedTestcases-1] INFO  sprint1_TestCases.C_Verify_CMSMenu_FunctionalityTC - clicked on Handberger button
01:11:47.685 [TestNG-test=RetryMultipleFailedTestcases-1] INFO  sprint1_TestCases.C_Verify_CMSMenu_FunctionalityTC - verified Label CMS menu displayed
01:11:47.837 [TestNG-test=RetryMultipleFailedTestcases-1] INFO  sprint1_TestCases.C_Verify_CMSMenu_FunctionalityTC - clicked on general attribute text
01:11:52.232 [TestNG-test=RetryMultipleFailedTestcases-3] INFO  sprint1_TestCases.C_Verify_CMSMenu_FunctionalityTC - Starting verify_CMSMenu_AddingFile
01:12:01.579 [TestNG-test=RetryMultipleFailedTestcases-2] INFO  sprint1_TestCases.C_Verify_CMSMenu_FunctionalityTC - verified Label CMS menu is not displayed
01:12:01.580 [TestNG-test=RetryMultipleFailedTestcases-2] INFO  sprint1_TestCases.C_Verify_CMSMenu_FunctionalityTC - Finished verify_CMSCollapse_ByClickingEditorView
01:12:10.272 [TestNG-test=RetryMultipleFailedTestcases-2] INFO  sprint1_TestCases.C_Verify_CMSMenu_FunctionalityTC - Starting verify_CMSCollapse_ByClickingValidateButton
