01:41:22.376 [TestNG-test=RetryMultipleFailedTestcases-2] INFO  Elements_Testcases.Aa_ListTC - Right click All options are Correct.
01:41:22.386 [TestNG-test=RetryMultipleFailedTestcases-2] INFO  Elements_Testcases.Aa_ListTC - Finished TC114_verifyRightClickOptionsVE ..
01:41:22.395 [TestNG-test=RetryMultipleFailedTestcases-2] INFO  Elements_Testcases.Aa_ListTC - Right click All options are Correct.
01:41:22.396 [TestNG-test=RetryMultipleFailedTestcases-2] INFO  Elements_Testcases.Aa_ListTC - Finished TC114_verifyRightClickOptionsVE ..
01:41:22.405 [TestNG-test=RetryMultipleFailedTestcases-2] INFO  Elements_Testcases.Aa_ListTC - Right click All options are Correct.
01:41:22.406 [TestNG-test=RetryMultipleFailedTestcases-2] INFO  Elements_Testcases.Aa_ListTC - Finished TC114_verifyRightClickOptionsVE ..
01:41:22.416 [TestNG-test=RetryMultipleFailedTestcases-2] INFO  Elements_Testcases.Aa_ListTC - Right click All options are Correct.
01:41:22.417 [TestNG-test=RetryMultipleFailedTestcases-2] INFO  Elements_Testcases.Aa_ListTC - Finished TC114_verifyRightClickOptionsVE ..
01:41:22.425 [TestNG-test=RetryMultipleFailedTestcases-2] INFO  Elements_Testcases.Aa_ListTC - Right click All options are Correct.
01:41:22.425 [TestNG-test=RetryMultipleFailedTestcases-2] INFO  Elements_Testcases.Aa_ListTC - Finished TC114_verifyRightClickOptionsVE ..
01:41:22.435 [TestNG-test=RetryMultipleFailedTestcases-2] INFO  Elements_Testcases.Aa_ListTC - Right click All options are Correct.
01:41:22.435 [TestNG-test=RetryMultipleFailedTestcases-2] INFO  Elements_Testcases.Aa_ListTC - Finished TC114_verifyRightClickOptionsVE ..
01:41:28.052 [TestNG-test=RetryMultipleFailedTestcases-2] INFO  Elements_Testcases.Aa_ListTC - Starting verify_List_Properties_VE
01:41:42.440 [TestNG-test=RetryMultipleFailedTestcases-1] INFO  Elements_Testcases.Aa_ListTC - Logged in, searched for a file, and clicked Edit.
01:41:42.468 [TestNG-test=RetryMultipleFailedTestcases-1] INFO  Elements_Testcases.Aa_ListTC - Switched to frame 0.
01:41:42.492 [TestNG-test=RetryMultipleFailedTestcases-1] INFO  Elements_Testcases.Aa_ListTC - List count before adding: 5
01:41:43.311 [TestNG-test=RetryMultipleFailedTestcases-1] INFO  Elements_Testcases.Aa_ListTC - Clicked on List before Para.
01:41:44.466 [TestNG-test=RetryMultipleFailedTestcases-1] INFO  Elements_Testcases.Aa_ListTC - Clicked on DS Existing OL.
01:41:45.583 [TestNG-test=RetryMultipleFailedTestcases-1] INFO  Elements_Testcases.Aa_ListTC - Clicked on DS Existing List Item.
01:41:45.883 [TestNG-test=RetryMultipleFailedTestcases-1] INFO  Elements_Testcases.Aa_ListTC - Pressed ENTER key.
01:41:46.337 [TestNG-test=RetryMultipleFailedTestcases-1] INFO  Elements_Testcases.Aa_ListTC - Accept Change button is enabled.
01:41:46.386 [TestNG-test=RetryMultipleFailedTestcases-1] INFO  Elements_Testcases.Aa_ListTC - Reject Change button is enabled.
01:41:49.688 [TestNG-test=RetryMultipleFailedTestcases-3] INFO  Elements_Testcases.Aa_ListTC - Logged in, searched for a file, and clicked Edit.
01:41:49.766 [TestNG-test=RetryMultipleFailedTestcases-3] INFO  Elements_Testcases.Aa_ListTC - Switched to frame 0.
01:41:49.798 [TestNG-test=RetryMultipleFailedTestcases-3] INFO  Elements_Testcases.Aa_ListTC - Number of list items before adding: 5
01:41:50.649 [TestNG-test=RetryMultipleFailedTestcases-3] INFO  Elements_Testcases.Aa_ListTC - Clicked on Existing List Item.
01:41:51.162 [TestNG-test=RetryMultipleFailedTestcases-3] INFO  Elements_Testcases.Aa_ListTC - Performed ENTER key press.
01:41:52.772 [TestNG-test=RetryMultipleFailedTestcases-3] INFO  Elements_Testcases.Aa_ListTC - Typed 'Hello'.
01:41:53.970 [TestNG-test=RetryMultipleFailedTestcases-3] INFO  Elements_Testcases.Aa_ListTC - Verified that Accept Change Element is enabled.
01:41:54.071 [TestNG-test=RetryMultipleFailedTestcases-3] INFO  Elements_Testcases.Aa_ListTC - Verified that Reject Change Element is enabled.
01:42:07.177 [TestNG-test=RetryMultipleFailedTestcases-4] INFO  Elements_Testcases.Aa_ListTC - Logged in, searched for a file, and clicked Edit.
01:42:07.226 [TestNG-test=RetryMultipleFailedTestcases-4] INFO  Elements_Testcases.Aa_ListTC - List count before adding: 5
01:42:08.848 [TestNG-test=RetryMultipleFailedTestcases-2] INFO  Elements_Testcases.Aa_ListTC - Logged in, searched for a file, and clicked Edit.
01:42:08.870 [TestNG-test=RetryMultipleFailedTestcases-2] INFO  Elements_Testcases.Aa_ListTC - Switched to frame 0.
01:42:09.597 [TestNG-test=RetryMultipleFailedTestcases-2] INFO  Elements_Testcases.Aa_ListTC - Clicked List Before Paragraph.
01:42:10.937 [TestNG-test=RetryMultipleFailedTestcases-2] INFO  Elements_Testcases.Aa_ListTC - Clicked DS Existing Ordered List.
01:42:12.484 [TestNG-test=RetryMultipleFailedTestcases-2] INFO  Elements_Testcases.Aa_ListTC - Clicked DS Existing List Item.
01:42:12.658 [TestNG-test=RetryMultipleFailedTestcases-2] INFO  Elements_Testcases.Aa_ListTC - Switched back to frame 0.
01:42:14.539 [TestNG-test=RetryMultipleFailedTestcases-4] INFO  Elements_Testcases.Aa_ListTC - Accept Change button is enabled.
01:42:14.611 [TestNG-test=RetryMultipleFailedTestcases-4] INFO  Elements_Testcases.Aa_ListTC - Reject Change button is enabled.
01:42:18.889 [TestNG-test=RetryMultipleFailedTestcases-2] INFO  BasicEditingTC.F3_ListTC - Starting InsertAfter_SimplePara_ExistingList
01:42:26.687 [TestNG-test=RetryMultipleFailedTestcases-1] INFO  Elements_Testcases.Aa_ListTC - Attribute Li button is not displayed.
01:42:26.705 [TestNG-test=RetryMultipleFailedTestcases-1] INFO  Elements_Testcases.Aa_ListTC - List count after adding: 6
01:42:26.705 [TestNG-test=RetryMultipleFailedTestcases-1] INFO  Elements_Testcases.Aa_ListTC - List count increased by 1 as expected.
01:42:27.223 [TestNG-test=RetryMultipleFailedTestcases-1] INFO  Elements_Testcases.Aa_ListTC - Clicked on Code View.
01:42:34.153 [TestNG-test=RetryMultipleFailedTestcases-3] INFO  Elements_Testcases.Aa_ListTC - Verifying if attributeLiButton is not displayed.
01:42:34.167 [TestNG-test=RetryMultipleFailedTestcases-3] INFO  Elements_Testcases.Aa_ListTC - Verified that the list count increased by 1 after adding.
01:42:50.688 [TestNG-test=RetryMultipleFailedTestcases-2] INFO  BasicEditingTC.F3_ListTC - Logged in, searched for a file, and clicked Edit.
01:42:50.689 [TestNG-test=RetryMultipleFailedTestcases-2] INFO  BasicEditingTC.F3_ListTC - UIUX-2906
01:42:50.707 [TestNG-test=RetryMultipleFailedTestcases-2] INFO  BasicEditingTC.F3_ListTC - Switched to frame 0.
01:42:51.579 [TestNG-test=RetryMultipleFailedTestcases-2] INFO  BasicEditingTC.F3_ListTC - Performed right-click on Existing List Item.
01:42:51.702 [TestNG-test=RetryMultipleFailedTestcases-2] INFO  BasicEditingTC.F3_ListTC - Switched to frame 1.
01:42:52.853 [TestNG-test=RetryMultipleFailedTestcases-2] INFO  BasicEditingTC.F3_ListTC - Clicked VE Insert After.
01:42:54.775 [TestNG-test=RetryMultipleFailedTestcases-4] INFO  Elements_Testcases.Aa_ListTC - Attribute Li button is not displayed.
01:42:54.786 [TestNG-test=RetryMultipleFailedTestcases-4] INFO  Elements_Testcases.Aa_ListTC - List count after adding: 6
01:42:54.786 [TestNG-test=RetryMultipleFailedTestcases-4] INFO  Elements_Testcases.Aa_ListTC - List count increased by 1 as expected.
01:43:02.161 [TestNG-test=RetryMultipleFailedTestcases-4] INFO  BasicEditingTC.F3_ListTC - Starting verify_ExistingList_PropertiesPopup
01:43:07.417 [TestNG-test=RetryMultipleFailedTestcases-1] INFO  Elements_Testcases.Aa_ListTC - Content Validation error is not present.
01:43:07.417 [TestNG-test=RetryMultipleFailedTestcases-1] INFO  Elements_Testcases.Aa_ListTC - Finished PressEnterAtEnd_ToExistingList_CheckCount
01:43:14.307 [TestNG-test=RetryMultipleFailedTestcases-1] INFO  BasicEditingTC.F3_ListTC - Starting verify_ExistingList_PropertiesPopup
01:43:14.745 [TestNG-test=RetryMultipleFailedTestcases-3] INFO  Elements_Testcases.Aa_ListTC - Verified that Content Validation error is not present in Code View.
01:43:14.746 [TestNG-test=RetryMultipleFailedTestcases-3] INFO  Elements_Testcases.Aa_ListTC - Finished AddList_To_ExistingList_CheckCount
01:43:21.947 [TestNG-test=RetryMultipleFailedTestcases-3] INFO  BasicEditingTC.F3_ListTC - Starting verifyListActions
01:43:30.610 [TestNG-test=RetryMultipleFailedTestcases-4] INFO  BasicEditingTC.F3_ListTC - Logged in, searched for a file, and clicked Edit.
01:43:30.634 [TestNG-test=RetryMultipleFailedTestcases-4] INFO  BasicEditingTC.F3_ListTC - Switched to frame 0.
01:43:31.272 [TestNG-test=RetryMultipleFailedTestcases-4] INFO  BasicEditingTC.F3_ListTC - Clicked on the first paragraph.
01:43:31.307 [TestNG-test=RetryMultipleFailedTestcases-4] INFO  BasicEditingTC.F3_ListTC - Switched back to default content.
01:43:32.374 [TestNG-test=RetryMultipleFailedTestcases-4] INFO  BasicEditingTC.F3_ListTC - Clicked on the Number List.
01:43:33.047 [TestNG-test=RetryMultipleFailedTestcases-2] INFO  BasicEditingTC.F3_ListTC - Finished InsertAfter_SimplePara_ExistingList
01:43:33.777 [TestNG-test=RetryMultipleFailedTestcases-4] INFO  BasicEditingTC.F3_ListTC - Verified that List Number is present in DS.
01:43:33.822 [TestNG-test=RetryMultipleFailedTestcases-4] INFO  BasicEditingTC.F3_ListTC - Verified that aria-disabled attribute contains 'false' for Accept Change element.
01:43:33.859 [TestNG-test=RetryMultipleFailedTestcases-4] INFO  BasicEditingTC.F3_ListTC - Verified that aria-disabled attribute contains 'false' for Reject Change element.
01:43:33.874 [TestNG-test=RetryMultipleFailedTestcases-4] INFO  BasicEditingTC.F3_ListTC - Switched back to frame 0.
01:43:33.903 [TestNG-test=RetryMultipleFailedTestcases-4] INFO  BasicEditingTC.F3_ListTC - Verified that List is highlighted in VE.
01:43:33.904 [TestNG-test=RetryMultipleFailedTestcases-4] INFO  BasicEditingTC.F3_ListTC - Finished verify_ExistingList_PropertiesPopup
01:43:40.398 [TestNG-test=RetryMultipleFailedTestcases-2] INFO  BasicEditingTC.F3_ListTC - Starting AddList_To_ExistingList_CheckCount
01:43:41.267 [TestNG-test=RetryMultipleFailedTestcases-4] INFO  BasicEditingTC.F3_ListTC - Starting verify_List_Properties_VE
01:43:52.181 [TestNG-test=RetryMultipleFailedTestcases-3] INFO  BasicEditingTC.F3_ListTC - Logged in, searched for a file, and clicked Edit.
01:43:52.208 [TestNG-test=RetryMultipleFailedTestcases-3] INFO  BasicEditingTC.F3_ListTC - Switched to frame 0.
01:43:52.226 [TestNG-test=RetryMultipleFailedTestcases-3] INFO  BasicEditingTC.F3_ListTC - Number of list items before deleting: 5
01:43:52.930 [TestNG-test=RetryMultipleFailedTestcases-3] INFO  BasicEditingTC.F3_ListTC - Clicked on Existing List Item.
01:43:53.219 [TestNG-test=RetryMultipleFailedTestcases-3] INFO  BasicEditingTC.F3_ListTC - Verifying if attributeLiButton is displayed.
01:43:53.758 [TestNG-test=RetryMultipleFailedTestcases-3] INFO  BasicEditingTC.F3_ListTC - Clicked on Number List.
01:44:34.132 [TestNG-test=RetryMultipleFailedTestcases-3] INFO  BasicEditingTC.F3_ListTC - Verifying if attributeLiButton is not displayed.
01:44:34.160 [TestNG-test=RetryMultipleFailedTestcases-3] INFO  BasicEditingTC.F3_ListTC - Verified that the list count decreased by 1 after performing actions.
01:44:34.160 [TestNG-test=RetryMultipleFailedTestcases-3] INFO  BasicEditingTC.F3_ListTC - Finished verifyListActions
01:44:38.423 [TestNG-test=RetryMultipleFailedTestcases-2] INFO  BasicEditingTC.F3_ListTC - Logged in, searched for a file, and clicked Edit.
01:44:38.452 [TestNG-test=RetryMultipleFailedTestcases-2] INFO  BasicEditingTC.F3_ListTC - Switched to frame 0.
01:44:38.478 [TestNG-test=RetryMultipleFailedTestcases-2] INFO  BasicEditingTC.F3_ListTC - Number of list items before adding: 5
01:44:39.213 [TestNG-test=RetryMultipleFailedTestcases-2] INFO  BasicEditingTC.F3_ListTC - Clicked on Existing List Item.
01:44:40.252 [TestNG-test=RetryMultipleFailedTestcases-2] INFO  BasicEditingTC.F3_ListTC - Performed ENTER key press.
01:44:42.016 [TestNG-test=RetryMultipleFailedTestcases-2] INFO  BasicEditingTC.F3_ListTC - Typed 'Hello'.
01:44:43.012 [TestNG-test=RetryMultipleFailedTestcases-2] INFO  BasicEditingTC.F3_ListTC - Verified that Accept Change Element is enabled.
01:44:43.061 [TestNG-test=RetryMultipleFailedTestcases-2] INFO  BasicEditingTC.F3_ListTC - Verified that Reject Change Element is enabled.
01:44:44.431 [TestNG-test=RetryMultipleFailedTestcases-3] INFO  BasicEditingTC.F3_ListTC - Starting verify_ParaToList_CheckTC
01:44:44.595 [TestNG-test=RetryMultipleFailedTestcases-4] INFO  BasicEditingTC.F3_ListTC - Logged in, searched for a file, and clicked Edit.
01:44:44.596 [TestNG-test=RetryMultipleFailedTestcases-4] INFO  BasicEditingTC.F3_ListTC - Created F3_List instance.
01:44:44.617 [TestNG-test=RetryMultipleFailedTestcases-4] INFO  BasicEditingTC.F3_ListTC - Switched to frame 0.
01:44:45.303 [TestNG-test=RetryMultipleFailedTestcases-4] INFO  BasicEditingTC.F3_ListTC - Clicked on First Paragraph.
01:44:45.340 [TestNG-test=RetryMultipleFailedTestcases-4] INFO  BasicEditingTC.F3_ListTC - Switched back to default content.
01:44:46.634 [TestNG-test=RetryMultipleFailedTestcases-4] INFO  BasicEditingTC.F3_ListTC - Clicked on Number List.
01:44:47.228 [TestNG-test=RetryMultipleFailedTestcases-4] INFO  BasicEditingTC.F3_ListTC - Switched back to frame 0.
01:44:47.975 [TestNG-test=RetryMultipleFailedTestcases-4] INFO  BasicEditingTC.F3_ListTC - Context clicked on Inserted List in Paragraph.
01:44:48.003 [TestNG-test=RetryMultipleFailedTestcases-4] INFO  BasicEditingTC.F3_ListTC - Switched back to default content.
01:44:48.014 [TestNG-test=RetryMultipleFailedTestcases-4] INFO  BasicEditingTC.F3_ListTC - Switched to frame 1.
01:44:48.317 [TestNG-test=RetryMultipleFailedTestcases-4] INFO  BasicEditingTC.F3_ListTC - Clicked on Right-click List Properties.
01:44:48.341 [TestNG-test=RetryMultipleFailedTestcases-4] INFO  BasicEditingTC.F3_ListTC - Found List Properties Box element.
01:44:48.886 [TestNG-test=RetryMultipleFailedTestcases-4] INFO  BasicEditingTC.F3_ListTC - Selected 'lower-roman' from the dropdown.
01:44:49.187 [TestNG-test=RetryMultipleFailedTestcases-4] INFO  BasicEditingTC.F3_ListTC - Clicked on List Properties OK Button.
01:44:49.298 [TestNG-test=RetryMultipleFailedTestcases-4] INFO  BasicEditingTC.F3_ListTC - Verified that 'lower-roman' is Inserted.
01:44:50.008 [TestNG-test=RetryMultipleFailedTestcases-4] INFO  BasicEditingTC.F3_ListTC - Performed context click on Inserted List in Paragraph.
01:44:50.513 [TestNG-test=RetryMultipleFailedTestcases-4] INFO  BasicEditingTC.F3_ListTC - Clicked on Right-click List Properties.
01:44:50.768 [TestNG-test=RetryMultipleFailedTestcases-4] INFO  BasicEditingTC.F3_ListTC - Found List Properties Box element.
01:44:50.980 [TestNG-test=RetryMultipleFailedTestcases-4] INFO  BasicEditingTC.F3_ListTC - Selected 'ndash' from the dropdown.
01:44:51.347 [TestNG-test=RetryMultipleFailedTestcases-4] INFO  BasicEditingTC.F3_ListTC - Clicked on List Properties OK Button.
01:44:51.933 [TestNG-test=RetryMultipleFailedTestcases-4] INFO  BasicEditingTC.F3_ListTC - Verified that 'ndash' is Inserted.
01:44:51.933 [TestNG-test=RetryMultipleFailedTestcases-4] INFO  BasicEditingTC.F3_ListTC - Finished verify_List_Properties_VE
01:44:58.965 [TestNG-test=RetryMultipleFailedTestcases-4] INFO  BasicEditingTC.F3_ListTC - Starting verify_InsertInto_ExistingList
01:45:03.451 [TestNG-test=RetryMultipleFailedTestcases-1] INFO  BasicEditingTC.F3_ListTC - Logged in, searched for a file, and clicked Edit.
01:45:03.469 [TestNG-test=RetryMultipleFailedTestcases-1] INFO  BasicEditingTC.F3_ListTC - Switched to frame 0.
01:45:03.484 [TestNG-test=RetryMultipleFailedTestcases-1] INFO  BasicEditingTC.F3_ListTC - Number of list items before deleting: 5
01:45:04.385 [TestNG-test=RetryMultipleFailedTestcases-1] INFO  BasicEditingTC.F3_ListTC - Performed right-click on the existing list item.
01:45:04.664 [TestNG-test=RetryMultipleFailedTestcases-1] INFO  BasicEditingTC.F3_ListTC - Switched back to default content.
01:45:04.716 [TestNG-test=RetryMultipleFailedTestcases-1] INFO  BasicEditingTC.F3_ListTC - Switched to frame 1.
01:45:05.271 [TestNG-test=RetryMultipleFailedTestcases-1] INFO  BasicEditingTC.F3_ListTC - Clicked on Remove Element Block.
01:45:05.360 [TestNG-test=RetryMultipleFailedTestcases-1] INFO  BasicEditingTC.F3_ListTC - Switched back to default content.
01:45:05.604 [TestNG-test=RetryMultipleFailedTestcases-1] INFO  BasicEditingTC.F3_ListTC - Switched back to frame 0.
01:45:05.651 [TestNG-test=RetryMultipleFailedTestcases-1] INFO  BasicEditingTC.F3_ListTC - Verified that the list is deleted in VE.
01:45:05.667 [TestNG-test=RetryMultipleFailedTestcases-1] INFO  BasicEditingTC.F3_ListTC - Verified that the list count remains the same after deletion.
01:45:06.223 [TestNG-test=RetryMultipleFailedTestcases-1] INFO  BasicEditingTC.F3_ListTC - Clicked on Accept Change Element.
01:45:07.260 [TestNG-test=RetryMultipleFailedTestcases-1] INFO  BasicEditingTC.F3_ListTC - Switched back to frame 0.
01:45:07.271 [TestNG-test=RetryMultipleFailedTestcases-1] INFO  BasicEditingTC.F3_ListTC - Verified that the list count decreased by 1 after accepting changes.
01:45:07.272 [TestNG-test=RetryMultipleFailedTestcases-1] INFO  BasicEditingTC.F3_ListTC - Finished verify_ExistingList_PropertiesPopup
01:45:11.641 [TestNG-test=RetryMultipleFailedTestcases-3] INFO  BasicEditingTC.F3_ListTC - Logged in, searched for a file, and clicked Edit.
01:45:14.363 [TestNG-test=RetryMultipleFailedTestcases-3] INFO  BasicEditingTC.F3_ListTC - Clicked on Change Element.
01:45:16.458 [TestNG-test=RetryMultipleFailedTestcases-3] INFO  BasicEditingTC.F3_ListTC - Clicked on Change Element Search Box.
01:45:16.490 [TestNG-test=RetryMultipleFailedTestcases-3] INFO  BasicEditingTC.F3_ListTC - Typed 'ol' in the search box.
01:45:17.432 [TestNG-test=RetryMultipleFailedTestcases-3] INFO  BasicEditingTC.F3_ListTC - Clicked on Change Element 'ol'.
01:45:18.808 [TestNG-test=RetryMultipleFailedTestcases-3] INFO  BasicEditingTC.F3_ListTC - Verified that List Number is present in Content block.
01:45:18.857 [TestNG-test=RetryMultipleFailedTestcases-3] INFO  BasicEditingTC.F3_ListTC - Verified that Accept Change Element is enabled.
01:45:18.892 [TestNG-test=RetryMultipleFailedTestcases-3] INFO  BasicEditingTC.F3_ListTC - Verified that Reject Change Element is enabled.
01:45:18.947 [TestNG-test=RetryMultipleFailedTestcases-3] INFO  BasicEditingTC.F3_ListTC - Verified that List is highlighted in VE.
01:45:18.947 [TestNG-test=RetryMultipleFailedTestcases-3] INFO  BasicEditingTC.F3_ListTC - Finished verify_ParaToList_CheckTC
01:45:23.240 [TestNG-test=RetryMultipleFailedTestcases-2] INFO  BasicEditingTC.F3_ListTC - Verifying if attributeLiButton is not displayed.
01:45:23.240 [TestNG-test=RetryMultipleFailedTestcases-2] INFO  BasicEditingTC.F3_ListTC - Verified that attributeLiButton is not displayed.
01:45:23.449 [TestNG-test=RetryMultipleFailedTestcases-2] INFO  BasicEditingTC.F3_ListTC - Verified that the list count increased by 1 after adding.
01:45:29.316 [TestNG-test=RetryMultipleFailedTestcases-4] INFO  BasicEditingTC.F3_ListTC - Logged in, searched for a file, and clicked Edit.
01:45:29.329 [TestNG-test=RetryMultipleFailedTestcases-4] INFO  BasicEditingTC.F3_ListTC - Switched to frame 0.
01:45:29.895 [TestNG-test=RetryMultipleFailedTestcases-3] INFO  BasicEditingTC.F3_ListTC - Starting PressEnterAtEnd_ToExistingList_CheckCount
01:45:30.358 [TestNG-test=RetryMultipleFailedTestcases-4] INFO  BasicEditingTC.F3_ListTC - Performed right-click on Existing List Item.
01:45:30.596 [TestNG-test=RetryMultipleFailedTestcases-4] INFO  BasicEditingTC.F3_ListTC - Switched to frame 1.
01:45:31.622 [TestNG-test=RetryMultipleFailedTestcases-4] INFO  BasicEditingTC.F3_ListTC - Clicked on VE Insert Into.
01:45:32.313 [TestNG-test=RetryMultipleFailedTestcases-4] INFO  BasicEditingTC.F3_ListTC - Clicked on Insert Into OL.
01:45:32.726 [TestNG-test=RetryMultipleFailedTestcases-4] INFO  BasicEditingTC.F3_ListTC - Clicked on RHS Insert Button.
01:45:33.174 [TestNG-test=RetryMultipleFailedTestcases-4] INFO  BasicEditingTC.F3_ListTC - Accept Change button is enabled.
01:45:33.227 [TestNG-test=RetryMultipleFailedTestcases-4] INFO  BasicEditingTC.F3_ListTC - Reject Change button is enabled.
01:45:33.276 [TestNG-test=RetryMultipleFailedTestcases-4] INFO  BasicEditingTC.F3_ListTC - List is highlighted in VE.
01:45:33.276 [TestNG-test=RetryMultipleFailedTestcases-4] INFO  BasicEditingTC.F3_ListTC - Finished verify_InsertInto_ExistingList
01:45:40.136 [TestNG-test=RetryMultipleFailedTestcases-4] INFO  BasicEditingTC.F3_ListTC - Starting PressEnter2Times_ToExistingList
01:45:48.032 [TestNG-test=RetryMultipleFailedTestcases-1] INFO  BasicEditingTC.F3_ListTC - Logged in and searched for a file, then clicked Edit.
01:45:48.048 [TestNG-test=RetryMultipleFailedTestcases-1] INFO  BasicEditingTC.F3_ListTC - Switched to frame 0.
01:45:48.929 [TestNG-test=RetryMultipleFailedTestcases-1] INFO  BasicEditingTC.F3_ListTC - Context-clicked an existing list item.
01:45:49.100 [TestNG-test=RetryMultipleFailedTestcases-1] INFO  BasicEditingTC.F3_ListTC - Switched back to default content.
01:45:49.140 [TestNG-test=RetryMultipleFailedTestcases-1] INFO  BasicEditingTC.F3_ListTC - Switched to frame 1.
01:45:49.706 [TestNG-test=RetryMultipleFailedTestcases-1] INFO  BasicEditingTC.F3_ListTC - Clicked on right-click List Properties.
01:45:49.761 [TestNG-test=RetryMultipleFailedTestcases-1] INFO  BasicEditingTC.F3_ListTC - Switched back to default content.
01:45:50.534 [TestNG-test=RetryMultipleFailedTestcases-1] INFO  BasicEditingTC.F3_ListTC - Checked if list properties popup is visible.
01:45:50.638 [TestNG-test=RetryMultipleFailedTestcases-1] INFO  BasicEditingTC.F3_ListTC - Obtained and selected the first option from the dropdown.
01:45:50.638 [TestNG-test=RetryMultipleFailedTestcases-1] INFO  BasicEditingTC.F3_ListTC - Finished verify_ExistingList_PropertiesPopup
01:45:59.665 [TestNG-test=RetryMultipleFailedTestcases-1] INFO  BasicEditingTC.F3_ListTC - Starting AddList_To_ExistingList_CheckCount
01:46:02.233 [TestNG-test=RetryMultipleFailedTestcases-3] INFO  BasicEditingTC.F3_ListTC - Logged in, searched for a file, and clicked Edit.
01:46:02.253 [TestNG-test=RetryMultipleFailedTestcases-3] INFO  BasicEditingTC.F3_ListTC - Switched to frame 0.
01:46:02.273 [TestNG-test=RetryMultipleFailedTestcases-3] INFO  BasicEditingTC.F3_ListTC - List count before adding: 5
01:46:02.850 [TestNG-test=RetryMultipleFailedTestcases-3] INFO  BasicEditingTC.F3_ListTC - Clicked on List before Para.
01:46:03.956 [TestNG-test=RetryMultipleFailedTestcases-3] INFO  BasicEditingTC.F3_ListTC - Clicked on DS Existing OL.
01:46:04.531 [TestNG-test=RetryMultipleFailedTestcases-2] INFO  BasicEditingTC.F3_ListTC - Verified that Content Validation error is not present in Code View.
01:46:04.531 [TestNG-test=RetryMultipleFailedTestcases-2] INFO  BasicEditingTC.F3_ListTC - Finished AddList_To_ExistingList_CheckCount
01:46:05.407 [TestNG-test=RetryMultipleFailedTestcases-3] INFO  BasicEditingTC.F3_ListTC - Clicked on DS Existing List Item.
01:46:05.866 [TestNG-test=RetryMultipleFailedTestcases-3] INFO  BasicEditingTC.F3_ListTC - Pressed ENTER key.
01:46:06.926 [TestNG-test=RetryMultipleFailedTestcases-3] INFO  BasicEditingTC.F3_ListTC - Accept Change button is enabled.
01:46:06.965 [TestNG-test=RetryMultipleFailedTestcases-3] INFO  BasicEditingTC.F3_ListTC - Reject Change button is enabled.
01:46:16.646 [TestNG-test=RetryMultipleFailedTestcases-2] INFO  BasicEditingTC.F3_ListTC - Starting InsertList_ToExistingList_DS
01:46:18.043 [TestNG-test=RetryMultipleFailedTestcases-4] INFO  BasicEditingTC.F3_ListTC - Logged in, searched for a file, and clicked Edit.
01:46:18.062 [TestNG-test=RetryMultipleFailedTestcases-4] INFO  BasicEditingTC.F3_ListTC - Switched to frame 0.
01:46:18.620 [TestNG-test=RetryMultipleFailedTestcases-4] INFO  BasicEditingTC.F3_ListTC - Clicked on Existing List Item.
01:46:18.944 [TestNG-test=RetryMultipleFailedTestcases-4] INFO  BasicEditingTC.F3_ListTC - Pressed ENTER key once.
01:46:19.716 [TestNG-test=RetryMultipleFailedTestcases-4] INFO  BasicEditingTC.F3_ListTC - Pressed ENTER key again.
01:46:20.950 [TestNG-test=RetryMultipleFailedTestcases-4] INFO  BasicEditingTC.F3_ListTC - Pressed ENTER key one more time.
01:46:39.230 [TestNG-test=RetryMultipleFailedTestcases-1] INFO  BasicEditingTC.F3_ListTC - Logged in, searched for a file, and clicked Edit.
01:46:39.249 [TestNG-test=RetryMultipleFailedTestcases-1] INFO  BasicEditingTC.F3_ListTC - Switched to frame 0.
01:46:39.276 [TestNG-test=RetryMultipleFailedTestcases-1] INFO  BasicEditingTC.F3_ListTC - Number of list items before adding: 5
01:46:39.752 [TestNG-test=RetryMultipleFailedTestcases-1] INFO  BasicEditingTC.F3_ListTC - Clicked on Existing List Item.
01:46:40.239 [TestNG-test=RetryMultipleFailedTestcases-1] INFO  BasicEditingTC.F3_ListTC - Performed ENTER key press.
01:46:42.112 [TestNG-test=RetryMultipleFailedTestcases-1] INFO  BasicEditingTC.F3_ListTC - Typed 'Hello'.
01:46:42.493 [TestNG-test=RetryMultipleFailedTestcases-1] INFO  BasicEditingTC.F3_ListTC - Verified that Accept Change Element is enabled.
01:46:42.537 [TestNG-test=RetryMultipleFailedTestcases-1] INFO  BasicEditingTC.F3_ListTC - Verified that Reject Change Element is enabled.
01:46:42.844 [TestNG-test=RetryMultipleFailedTestcases-2] INFO  BasicEditingTC.F3_ListTC - Logged in, searched for a file, and clicked Edit.
01:46:42.864 [TestNG-test=RetryMultipleFailedTestcases-2] INFO  BasicEditingTC.F3_ListTC - Switched to frame 0.
01:46:43.278 [TestNG-test=RetryMultipleFailedTestcases-2] INFO  BasicEditingTC.F3_ListTC - Clicked List Before Paragraph.
01:46:44.183 [TestNG-test=RetryMultipleFailedTestcases-2] INFO  BasicEditingTC.F3_ListTC - Clicked DS Existing Ordered List.
01:46:45.365 [TestNG-test=RetryMultipleFailedTestcases-2] INFO  BasicEditingTC.F3_ListTC - Clicked DS Existing List Item.
01:46:46.253 [TestNG-test=RetryMultipleFailedTestcases-2] INFO  BasicEditingTC.F3_ListTC - Performed right-click on DS Existing List Item.
01:46:46.424 [TestNG-test=RetryMultipleFailedTestcases-2] INFO  BasicEditingTC.F3_ListTC - Clicked DS Insert After.
01:46:47.011 [TestNG-test=RetryMultipleFailedTestcases-3] INFO  BasicEditingTC.F3_ListTC - Attribute Li button is not displayed.
01:46:47.028 [TestNG-test=RetryMultipleFailedTestcases-3] INFO  BasicEditingTC.F3_ListTC - List count after adding: 6
01:46:47.028 [TestNG-test=RetryMultipleFailedTestcases-3] INFO  BasicEditingTC.F3_ListTC - List count increased by 1 as expected.
01:46:47.081 [TestNG-test=RetryMultipleFailedTestcases-2] INFO  BasicEditingTC.F3_ListTC - Pressed TAB and ENTER keys.
01:46:47.557 [TestNG-test=RetryMultipleFailedTestcases-3] INFO  BasicEditingTC.F3_ListTC - Clicked on Code View.
01:46:47.823 [TestNG-test=RetryMultipleFailedTestcases-2] INFO  BasicEditingTC.F3_ListTC - Finished InsertList_ToExistingList_DS
01:46:55.108 [TestNG-test=RetryMultipleFailedTestcases-2] INFO  BasicEditingTC.F3_ListTC - Starting verify_ExistingList_Properties_INVE_DS
01:47:01.591 [TestNG-test=RetryMultipleFailedTestcases-4] INFO  BasicEditingTC.F3_ListTC - Verifying if Insert After popup should not visible.
01:47:01.591 [TestNG-test=RetryMultipleFailedTestcases-4] INFO  BasicEditingTC.F3_ListTC - Finished PressEnter2Times_ToExistingList
01:47:11.068 [TestNG-test=RetryMultipleFailedTestcases-4] INFO  BasicEditingTC.F3_ListTC - Starting verify_InsertMultipleList_AcceptChange
01:47:22.654 [TestNG-test=RetryMultipleFailedTestcases-1] INFO  BasicEditingTC.F3_ListTC - Verifying if attributeLiButton is not displayed.
01:47:22.666 [TestNG-test=RetryMultipleFailedTestcases-1] INFO  BasicEditingTC.F3_ListTC - Verified that the list count increased by 1 after adding.
01:47:27.689 [TestNG-test=RetryMultipleFailedTestcases-3] INFO  BasicEditingTC.F3_ListTC - Content Validation error is not present.
01:47:27.689 [TestNG-test=RetryMultipleFailedTestcases-3] INFO  BasicEditingTC.F3_ListTC - Finished PressEnterAtEnd_ToExistingList_CheckCount
01:47:30.551 [TestNG-test=RetryMultipleFailedTestcases-2] INFO  BasicEditingTC.F3_ListTC - Logged in, searched for a file, and clicked Edit.
01:47:31.532 [TestNG-test=RetryMultipleFailedTestcases-2] INFO  BasicEditingTC.F3_ListTC - Performed right-click on Existing List Item.
01:47:33.760 [TestNG-test=RetryMultipleFailedTestcases-2] INFO  BasicEditingTC.F3_ListTC - Clicked Right-click List Properties.
01:47:34.531 [TestNG-test=RetryMultipleFailedTestcases-2] INFO  BasicEditingTC.F3_ListTC - Selected option value: numerical
01:47:36.117 [TestNG-test=RetryMultipleFailedTestcases-3] INFO  BasicEditingTC.F3_ListTC - Starting verify_InsertMultipleList_CheckLP_FromDS
01:47:36.176 [TestNG-test=RetryMultipleFailedTestcases-2] INFO  BasicEditingTC.F3_ListTC - Performed right-click on DS Existing List Item and clicked DS List Properties.
01:47:36.484 [TestNG-test=RetryMultipleFailedTestcases-2] INFO  BasicEditingTC.F3_ListTC - Selected option value: numerical
01:47:36.484 [TestNG-test=RetryMultipleFailedTestcases-2] INFO  BasicEditingTC.F3_ListTC - Finished verify_ExistingList_Properties_INVE_DS
01:47:38.533 [TestNG-test=RetryMultipleFailedTestcases-4] INFO  BasicEditingTC.F3_ListTC - Logged in, searched for a file, and clicked Edit.
01:47:38.533 [TestNG-test=RetryMultipleFailedTestcases-4] INFO  BasicEditingTC.F3_ListTC - UIUX-2873
01:47:39.340 [TestNG-test=RetryMultipleFailedTestcases-4] INFO  BasicEditingTC.F3_ListTC - Clicked on Second Section.
01:47:40.738 [TestNG-test=RetryMultipleFailedTestcases-4] INFO  BasicEditingTC.F3_ListTC - Clicked on CB First Paragraph.
01:47:42.587 [TestNG-test=RetryMultipleFailedTestcases-4] INFO  BasicEditingTC.F3_ListTC - Clicked on Number List.
01:47:44.381 [TestNG-test=RetryMultipleFailedTestcases-4] INFO  BasicEditingTC.F3_ListTC - Clicked on CB First Paragraph.
01:47:44.809 [TestNG-test=RetryMultipleFailedTestcases-2] INFO  BasicEditingTC.F3_ListTC - Starting InsertList_To_ExistingList_ThroughRHS
01:47:45.616 [TestNG-test=RetryMultipleFailedTestcases-4] INFO  BasicEditingTC.F3_ListTC - Clicked on Number List.
01:47:46.535 [TestNG-test=RetryMultipleFailedTestcases-4] INFO  BasicEditingTC.F3_ListTC - Switched to frame 0.
01:47:46.952 [TestNG-test=RetryMultipleFailedTestcases-4] INFO  BasicEditingTC.F3_ListTC - Clicked Accept Change Element.
01:47:47.042 [TestNG-test=RetryMultipleFailedTestcases-4] INFO  BasicEditingTC.F3_ListTC - Finished verify_InsertMultipleList_AcceptChange
01:47:54.320 [TestNG-test=RetryMultipleFailedTestcases-4] INFO  BasicEditingTC.F3_ListTC - Starting InsertAfterNotes_To_ExistingList
01:48:03.139 [TestNG-test=RetryMultipleFailedTestcases-3] INFO  BasicEditingTC.F3_ListTC - Logged in, searched for a file, and clicked Edit.
01:48:03.140 [TestNG-test=RetryMultipleFailedTestcases-3] INFO  BasicEditingTC.F3_ListTC - UIUX-2867
01:48:03.164 [TestNG-test=RetryMultipleFailedTestcases-3] INFO  BasicEditingTC.F3_ListTC - Switched to frame 0.
01:48:03.307 [TestNG-test=RetryMultipleFailedTestcases-1] INFO  BasicEditingTC.F3_ListTC - Verified that Content Validation error is not present in Code View.
01:48:03.307 [TestNG-test=RetryMultipleFailedTestcases-1] INFO  BasicEditingTC.F3_ListTC - Finished AddList_To_ExistingList_CheckCount
01:48:03.850 [TestNG-test=RetryMultipleFailedTestcases-3] INFO  BasicEditingTC.F3_ListTC - Clicked on First Paragraph.
01:48:05.252 [TestNG-test=RetryMultipleFailedTestcases-3] INFO  BasicEditingTC.F3_ListTC - Clicked on Number List.
01:48:10.263 [TestNG-test=RetryMultipleFailedTestcases-3] INFO  BasicEditingTC.F3_ListTC - Switched to frame 0.
01:48:11.672 [TestNG-test=RetryMultipleFailedTestcases-3] INFO  BasicEditingTC.F3_ListTC - Performed right-click on VE Existing List 3.
01:48:11.844 [TestNG-test=RetryMultipleFailedTestcases-3] INFO  BasicEditingTC.F3_ListTC - Switched to frame 1.
01:48:12.246 [TestNG-test=RetryMultipleFailedTestcases-3] INFO  BasicEditingTC.F3_ListTC - Clicked on Right-click List Properties.
01:48:13.213 [TestNG-test=RetryMultipleFailedTestcases-3] INFO  BasicEditingTC.F3_ListTC - Clicked List Properties OK Button.
01:48:13.844 [TestNG-test=RetryMultipleFailedTestcases-3] INFO  BasicEditingTC.F3_ListTC - Performed right-click on VE Existing List 3 again.
01:48:13.876 [TestNG-test=RetryMultipleFailedTestcases-1] INFO  BasicEditingTC.F3_ListTC - Starting Verify_AddListToTable ..
01:48:13.903 [TestNG-test=RetryMultipleFailedTestcases-3] INFO  BasicEditingTC.F3_ListTC - Switched to frame 1.
01:48:15.012 [TestNG-test=RetryMultipleFailedTestcases-3] INFO  BasicEditingTC.F3_ListTC - Clicked on VE Insert Into.
01:48:15.503 [TestNG-test=RetryMultipleFailedTestcases-3] INFO  BasicEditingTC.F3_ListTC - Clicked on Insert Into OL.
01:48:19.521 [TestNG-test=RetryMultipleFailedTestcases-3] INFO  BasicEditingTC.F3_ListTC - Clicked on DS New List Item.
01:48:20.714 [TestNG-test=RetryMultipleFailedTestcases-3] INFO  BasicEditingTC.F3_ListTC - Performed right-click on DS New List Item.
01:48:21.820 [TestNG-test=RetryMultipleFailedTestcases-3] INFO  BasicEditingTC.F3_ListTC - Clicked on DS List Properties.
01:48:22.461 [TestNG-test=RetryMultipleFailedTestcases-3] INFO  BasicEditingTC.F3_ListTC - Clicked List Properties Cancel Button.
01:48:22.461 [TestNG-test=RetryMultipleFailedTestcases-3] INFO  BasicEditingTC.F3_ListTC - Finished verify_InsertMultipleList_CheckLP_FromDS
01:48:23.106 [TestNG-test=RetryMultipleFailedTestcases-2] INFO  BasicEditingTC.F3_ListTC - Logged in, searched for a file, and clicked Edit.
01:48:23.129 [TestNG-test=RetryMultipleFailedTestcases-2] INFO  BasicEditingTC.F3_ListTC - Switched to frame 0.
01:48:23.156 [TestNG-test=RetryMultipleFailedTestcases-2] INFO  BasicEditingTC.F3_ListTC - Number of list items before adding: 5
01:48:24.170 [TestNG-test=RetryMultipleFailedTestcases-2] INFO  BasicEditingTC.F3_ListTC - Performed context click on Existing List Item.
01:48:24.372 [TestNG-test=RetryMultipleFailedTestcases-2] INFO  BasicEditingTC.F3_ListTC - Switched to frame 1.
01:48:25.422 [TestNG-test=RetryMultipleFailedTestcases-2] INFO  BasicEditingTC.F3_ListTC - Clicked on VE Insert After.
01:48:25.730 [TestNG-test=RetryMultipleFailedTestcases-2] INFO  BasicEditingTC.F3_ListTC - Clicked on Insert After List.
01:48:26.685 [TestNG-test=RetryMultipleFailedTestcases-2] INFO  BasicEditingTC.F3_ListTC - Clicked on RHS Insert Button.
01:48:28.457 [TestNG-test=RetryMultipleFailedTestcases-2] INFO  BasicEditingTC.F3_ListTC - Verified that Accept Change Element is enabled.
01:48:28.920 [TestNG-test=RetryMultipleFailedTestcases-2] INFO  BasicEditingTC.F3_ListTC - Verified that Reject Change Element is enabled.
01:48:28.990 [TestNG-test=RetryMultipleFailedTestcases-2] INFO  BasicEditingTC.F3_ListTC - Verified that the list count increased by 1 after adding.
01:48:29.058 [TestNG-test=RetryMultipleFailedTestcases-2] INFO  BasicEditingTC.F3_ListTC - Verified that List is highlighted in VE.
01:48:29.059 [TestNG-test=RetryMultipleFailedTestcases-2] INFO  BasicEditingTC.F3_ListTC - Finished InsertList_To_ExistingList_ThroughRHS
01:48:31.844 [TestNG-test=RetryMultipleFailedTestcases-3] INFO  BasicEditingTC.F3_ListTC - Starting verify_UnorderdList
01:48:34.316 [TestNG-test=RetryMultipleFailedTestcases-4] INFO  BasicEditingTC.F3_ListTC - Logged in, searched for a file, and clicked Edit.
01:48:34.316 [TestNG-test=RetryMultipleFailedTestcases-4] INFO  BasicEditingTC.F3_ListTC - UIUX-2906
01:48:34.426 [TestNG-test=RetryMultipleFailedTestcases-4] INFO  BasicEditingTC.F3_ListTC - Switched to frame 0.
01:48:35.780 [TestNG-test=RetryMultipleFailedTestcases-4] INFO  BasicEditingTC.F3_ListTC - Performed right-click on Existing List Item.
01:48:36.042 [TestNG-test=RetryMultipleFailedTestcases-4] INFO  BasicEditingTC.F3_ListTC - Switched to frame 1.
01:48:37.414 [TestNG-test=RetryMultipleFailedTestcases-4] INFO  BasicEditingTC.F3_ListTC - Clicked VE Insert After.
01:48:37.708 [TestNG-test=RetryMultipleFailedTestcases-2] INFO  BasicEditingTC.F3_ListTC - Starting Verify_ListToFigHeading ..
01:48:54.577 [TestNG-test=RetryMultipleFailedTestcases-1] INFO  BasicEditingTC.F3_ListTC - New Table is inserted into VE
01:48:55.438 [TestNG-test=RetryMultipleFailedTestcases-1] INFO  BasicEditingTC.F3_ListTC - Clicked on Number List.
01:48:56.267 [TestNG-test=RetryMultipleFailedTestcases-1] INFO  BasicEditingTC.F3_ListTC - Hello text is added into new table
01:48:57.931 [TestNG-test=RetryMultipleFailedTestcases-1] INFO  BasicEditingTC.F3_ListTC - clicked on Code View button 
01:49:17.597 [TestNG-test=RetryMultipleFailedTestcases-4] INFO  BasicEditingTC.F3_ListTC - Finished InsertAfterNotes_To_ExistingList
01:49:21.219 [TestNG-test=RetryMultipleFailedTestcases-3] INFO  BasicEditingTC.F3_ListTC - Logged in, searched for a file, and clicked Edit.
01:49:21.268 [TestNG-test=RetryMultipleFailedTestcases-3] INFO  BasicEditingTC.F3_ListTC - Switched to frame 0.
01:49:21.948 [TestNG-test=RetryMultipleFailedTestcases-3] INFO  BasicEditingTC.F3_ListTC - Clicked on the first paragraph.
01:49:22.125 [TestNG-test=RetryMultipleFailedTestcases-3] INFO  BasicEditingTC.F3_ListTC - Switched back to default content.
01:49:23.423 [TestNG-test=RetryMultipleFailedTestcases-3] INFO  BasicEditingTC.F3_ListTC - Clicked on the Number List.
01:49:25.571 [TestNG-test=RetryMultipleFailedTestcases-3] INFO  BasicEditingTC.F3_ListTC - Verified that List Number is present in DS.
01:49:25.620 [TestNG-test=RetryMultipleFailedTestcases-3] INFO  BasicEditingTC.F3_ListTC - Verified that aria-disabled attribute contains 'false' for Accept Change element.
01:49:25.664 [TestNG-test=RetryMultipleFailedTestcases-3] INFO  BasicEditingTC.F3_ListTC - Verified that aria-disabled attribute contains 'false' for Reject Change element.
01:49:25.681 [TestNG-test=RetryMultipleFailedTestcases-3] INFO  BasicEditingTC.F3_ListTC - Switched back to frame 0.
01:49:25.712 [TestNG-test=RetryMultipleFailedTestcases-3] INFO  BasicEditingTC.F3_ListTC - Verified that List is highlighted in VE.
01:49:25.712 [TestNG-test=RetryMultipleFailedTestcases-3] INFO  BasicEditingTC.F3_ListTC - Finished verify_UnorderdList
01:49:27.529 [TestNG-test=RetryMultipleFailedTestcases-4] INFO  BasicEditingTC.F3_ListTC - Starting Verify_ListToFigHeading ..
01:49:33.670 [TestNG-test=RetryMultipleFailedTestcases-2] INFO  BasicEditingTC.F3_ListTC - Right Clicked on Para Element 
01:49:34.391 [TestNG-test=RetryMultipleFailedTestcases-3] INFO  BasicEditingTC.F3_ListTC - Starting Verify_AddListToNewEmphasisElement ..
01:49:34.828 [TestNG-test=RetryMultipleFailedTestcases-2] INFO  BasicEditingTC.F3_ListTC - Clicked on Insert After 
01:49:35.228 [TestNG-test=RetryMultipleFailedTestcases-2] INFO  BasicEditingTC.F3_ListTC - Searched figure element from fearch field 
01:49:35.826 [TestNG-test=RetryMultipleFailedTestcases-2] INFO  BasicEditingTC.F3_ListTC - Clicked on Figure element
01:49:36.272 [TestNG-test=RetryMultipleFailedTestcases-2] INFO  BasicEditingTC.F3_ListTC - Clicked on Insert element Button 
01:49:37.568 [TestNG-test=RetryMultipleFailedTestcases-2] INFO  BasicEditingTC.F3_ListTC - Figure heading is Added 
01:49:38.262 [TestNG-test=RetryMultipleFailedTestcases-1] INFO  BasicEditingTC.F3_ListTC - Verifying content validation error
01:49:38.262 [TestNG-test=RetryMultipleFailedTestcases-1] INFO  BasicEditingTC.F3_ListTC - Finished Verify_CommentToNewTable ..
01:49:40.059 [TestNG-test=RetryMultipleFailedTestcases-2] INFO  BasicEditingTC.F3_ListTC - Clicked on Accept changes 
01:49:46.078 [TestNG-test=RetryMultipleFailedTestcases-1] INFO  sprint4_TestCases.G_ChangeElementTC - Starting verifyListChangeItems
01:50:02.180 [TestNG-test=RetryMultipleFailedTestcases-4] INFO  BasicEditingTC.F3_ListTC - Right Clicked on Para Element 
01:50:03.165 [TestNG-test=RetryMultipleFailedTestcases-4] INFO  BasicEditingTC.F3_ListTC - Clicked on Insert After 
01:50:03.325 [TestNG-test=RetryMultipleFailedTestcases-4] INFO  BasicEditingTC.F3_ListTC - Searched img element from fearch field 
01:50:03.751 [TestNG-test=RetryMultipleFailedTestcases-4] INFO  BasicEditingTC.F3_ListTC - Clicked on img element
01:50:04.059 [TestNG-test=RetryMultipleFailedTestcases-4] INFO  BasicEditingTC.F3_ListTC - Clicked on Insert element Button 
01:50:15.056 [TestNG-test=RetryMultipleFailedTestcases-3] INFO  BasicEditingTC.F3_ListTC - clicked On firt section From DS
01:50:16.198 [TestNG-test=RetryMultipleFailedTestcases-3] INFO  BasicEditingTC.F3_ListTC - clicked On First Para From DS
01:50:16.519 [TestNG-test=RetryMultipleFailedTestcases-3] INFO  BasicEditingTC.F3_ListTC - Pressed Enter key
01:50:21.532 [TestNG-test=RetryMultipleFailedTestcases-2] INFO  BasicEditingTC.F3_ListTC - Verified that List Number is Added to Figure Heading In VE.
01:50:21.532 [TestNG-test=RetryMultipleFailedTestcases-2] INFO  BasicEditingTC.F3_ListTC - Finished Verify_ListToFigHeading
01:50:35.167 [TestNG-test=RetryMultipleFailedTestcases-2] INFO  sprint5_TestCases.Am_ListTC - Starting TC238_verifyNumberedList
01:50:42.545 [TestNG-test=RetryMultipleFailedTestcases-1] INFO  sprint4_TestCases.G_ChangeElementTC - Logged in, searched for a file, and clicked Edit.
01:50:42.557 [TestNG-test=RetryMultipleFailedTestcases-1] INFO  sprint4_TestCases.G_ChangeElementTC - Created G_ChangeElement instance.
01:50:42.817 [TestNG-test=RetryMultipleFailedTestcases-1] INFO  sprint4_TestCases.G_ChangeElementTC - Clicked DS section no 2.
01:50:44.717 [TestNG-test=RetryMultipleFailedTestcases-1] INFO  sprint4_TestCases.G_ChangeElementTC - Clicked DS first para.
01:50:47.009 [TestNG-test=RetryMultipleFailedTestcases-1] INFO  sprint4_TestCases.G_ChangeElementTC - Clicked Number list.
01:50:47.009 [TestNG-test=RetryMultipleFailedTestcases-1] INFO  sprint4_TestCases.G_ChangeElementTC - Created Actions class instance.
01:50:47.340 [TestNG-test=RetryMultipleFailedTestcases-3] INFO  BasicEditingTC.F3_ListTC - Starting Verify_AddListToNewEmphasisElement ..
01:50:48.705 [TestNG-test=RetryMultipleFailedTestcases-1] INFO  sprint4_TestCases.G_ChangeElementTC - Finished verifyListChangeItems
01:50:52.900 [TestNG-test=RetryMultipleFailedTestcases-4] INFO  BasicEditingTC.F3_ListTC - Starting Verify_ListToFigHeading ..
01:50:56.822 [TestNG-test=RetryMultipleFailedTestcases-1] INFO  sprint5_TestCases.Am_ListTC - Starting TC243_verifyNumberListInCB
01:51:11.978 [TestNG-test=RetryMultipleFailedTestcases-2] INFO  sprint5_TestCases.Am_ListTC - Logged in and searched for a file, then clicked Edit.
01:51:12.073 [TestNG-test=RetryMultipleFailedTestcases-2] INFO  sprint5_TestCases.Am_ListTC - Switched to frame 0.
01:51:12.700 [TestNG-test=RetryMultipleFailedTestcases-2] INFO  sprint5_TestCases.Am_ListTC - Clicked on first para VE.
01:51:12.745 [TestNG-test=RetryMultipleFailedTestcases-2] INFO  sprint5_TestCases.Am_ListTC - Switched to default content.
01:51:14.950 [TestNG-test=RetryMultipleFailedTestcases-2] INFO  sprint5_TestCases.Am_ListTC - Clicked on Number List Plugin.
01:51:16.282 [TestNG-test=RetryMultipleFailedTestcases-2] INFO  sprint5_TestCases.Am_ListTC - Finished TC238_verifyNumberedList
01:51:25.078 [TestNG-test=RetryMultipleFailedTestcases-2] INFO  sprint5_TestCases.Am_ListTC - Starting TC244_verifyBulletListInCB
01:51:25.568 [TestNG-test=RetryMultipleFailedTestcases-3] INFO  BasicEditingTC.F3_ListTC - clicked On firt section From DS
01:51:26.813 [TestNG-test=RetryMultipleFailedTestcases-3] INFO  BasicEditingTC.F3_ListTC - clicked On First Para From DS
01:51:27.151 [TestNG-test=RetryMultipleFailedTestcases-3] INFO  BasicEditingTC.F3_ListTC - Pressed Enter key
01:51:29.229 [TestNG-test=RetryMultipleFailedTestcases-4] INFO  BasicEditingTC.F3_ListTC - Right Clicked on Para Element 
01:51:30.771 [TestNG-test=RetryMultipleFailedTestcases-4] INFO  BasicEditingTC.F3_ListTC - Clicked on Insert After 
01:51:30.984 [TestNG-test=RetryMultipleFailedTestcases-4] INFO  BasicEditingTC.F3_ListTC - Searched img element from fearch field 
01:51:31.430 [TestNG-test=RetryMultipleFailedTestcases-4] INFO  BasicEditingTC.F3_ListTC - Clicked on img element
01:51:31.865 [TestNG-test=RetryMultipleFailedTestcases-4] INFO  BasicEditingTC.F3_ListTC - Clicked on Insert element Button 
01:51:37.209 [TestNG-test=RetryMultipleFailedTestcases-1] INFO  sprint5_TestCases.Am_ListTC - Logged in and searched for a file, then clicked Edit.
01:51:37.231 [TestNG-test=RetryMultipleFailedTestcases-1] INFO  sprint5_TestCases.Am_ListTC - Switched to frame 0.
01:51:37.486 [TestNG-test=RetryMultipleFailedTestcases-4] INFO  BasicEditingTC.F3_ListTC - Clicked Accept Change.
01:51:37.857 [TestNG-test=RetryMultipleFailedTestcases-1] INFO  sprint5_TestCases.Am_ListTC - Clicked on first para VE.
01:51:37.896 [TestNG-test=RetryMultipleFailedTestcases-1] INFO  sprint5_TestCases.Am_ListTC - Switched to default content.
01:51:39.311 [TestNG-test=RetryMultipleFailedTestcases-1] INFO  sprint5_TestCases.Am_ListTC - Clicked on Number List Plugin.
01:51:40.617 [TestNG-test=RetryMultipleFailedTestcases-1] INFO  sprint5_TestCases.Am_ListTC - Finished TC243_verifyNumberListInCB
01:51:40.773 [TestNG-test=RetryMultipleFailedTestcases-4] INFO  BasicEditingTC.F3_ListTC - Verified that List Number is present in DS.
01:51:46.244 [TestNG-test=RetryMultipleFailedTestcases-1] INFO  sprint5_TestCases.Am_ListTC - Starting TC245_verifyEmphasisParaToList
01:51:56.109 [TestNG-test=RetryMultipleFailedTestcases-3] INFO  BasicEditingTC.F3_ListTC - Starting Verify_AddListToNewEmphasisElement ..
01:52:05.513 [TestNG-test=RetryMultipleFailedTestcases-2] INFO  sprint5_TestCases.Am_ListTC - Logged in and searched for a file, then clicked Edit.
01:52:05.547 [TestNG-test=RetryMultipleFailedTestcases-2] INFO  sprint5_TestCases.Am_ListTC - Switched to frame 0.
01:52:07.074 [TestNG-test=RetryMultipleFailedTestcases-2] INFO  sprint5_TestCases.Am_ListTC - Clicked on first para VE.
01:52:07.209 [TestNG-test=RetryMultipleFailedTestcases-2] INFO  sprint5_TestCases.Am_ListTC - Switched to default content.
01:52:08.496 [TestNG-test=RetryMultipleFailedTestcases-2] INFO  sprint5_TestCases.Am_ListTC - Clicked on Bullet List Plugin.
01:52:09.407 [TestNG-test=RetryMultipleFailedTestcases-4] INFO  BasicEditingTC.F3_ListTC - Starting Verify_ListToFigHeading ..
01:52:10.209 [TestNG-test=RetryMultipleFailedTestcases-2] INFO  sprint5_TestCases.Am_ListTC - Finished TC244_verifyBulletListInCB
01:52:17.398 [TestNG-test=RetryMultipleFailedTestcases-2] INFO  sprint5_TestCases.Am_ListTC - Starting TC246_verifyListInTable
01:52:22.747 [TestNG-test=RetryMultipleFailedTestcases-1] INFO  sprint5_TestCases.Am_ListTC - Logged in and searched for a file, then clicked Edit.
01:52:22.773 [TestNG-test=RetryMultipleFailedTestcases-1] INFO  sprint5_TestCases.Am_ListTC - Switched to frame 0.
01:52:23.234 [TestNG-test=RetryMultipleFailedTestcases-1] INFO  sprint5_TestCases.Am_ListTC - Switched to default content.
01:52:23.970 [TestNG-test=RetryMultipleFailedTestcases-1] INFO  sprint5_TestCases.Am_ListTC - Clicked on Number List Plugin.
01:52:25.810 [TestNG-test=RetryMultipleFailedTestcases-1] INFO  sprint5_TestCases.Am_ListTC - Finished TC245_verifyEmphasisParaToList
01:52:33.850 [TestNG-test=RetryMultipleFailedTestcases-3] INFO  BasicEditingTC.F3_ListTC - clicked On firt section From DS
01:52:35.139 [TestNG-test=RetryMultipleFailedTestcases-3] INFO  BasicEditingTC.F3_ListTC - clicked On First Para From DS
01:52:35.441 [TestNG-test=RetryMultipleFailedTestcases-1] INFO  sprint5_TestCases.Am_ListTC - Starting TC247_verifyExistingListToUnList
01:52:35.556 [TestNG-test=RetryMultipleFailedTestcases-3] INFO  BasicEditingTC.F3_ListTC - Pressed Enter key
01:52:45.835 [TestNG-test=RetryMultipleFailedTestcases-4] INFO  BasicEditingTC.F3_ListTC - Right Clicked on Para Element 
01:52:47.115 [TestNG-test=RetryMultipleFailedTestcases-4] INFO  BasicEditingTC.F3_ListTC - Clicked on Insert After 
01:52:47.270 [TestNG-test=RetryMultipleFailedTestcases-4] INFO  BasicEditingTC.F3_ListTC - Searched img element from fearch field 
01:52:47.730 [TestNG-test=RetryMultipleFailedTestcases-4] INFO  BasicEditingTC.F3_ListTC - Clicked on img element
01:52:48.126 [TestNG-test=RetryMultipleFailedTestcases-4] INFO  BasicEditingTC.F3_ListTC - Clicked on Insert element Button 
01:52:52.419 [TestNG-test=RetryMultipleFailedTestcases-2] INFO  sprint5_TestCases.Am_ListTC - Logged in and searched for a file, then clicked Edit.
01:53:00.955 [TestNG-test=RetryMultipleFailedTestcases-2] INFO  sprint5_TestCases.Am_ListTC - Clicked on Number List Plugin.
01:53:01.199 [TestNG-test=RetryMultipleFailedTestcases-2] INFO  sprint5_TestCases.Am_ListTC - Switched to frame 0.
01:53:01.262 [TestNG-test=RetryMultipleFailedTestcases-2] INFO  sprint5_TestCases.Am_ListTC - Finished TC246_verifyListInTable
01:53:10.052 [TestNG-test=RetryMultipleFailedTestcases-3] INFO  BasicEditingTC.F3_ListTC - Starting Verify_AddListToNewEmphasisElement ..
01:53:15.815 [TestNG-test=RetryMultipleFailedTestcases-2] INFO  sprint5_TestCases.Am_ListTC - Starting TC248_verifyListResequence
01:53:18.861 [TestNG-test=RetryMultipleFailedTestcases-1] INFO  sprint5_TestCases.Am_ListTC - Logged in and searched for a file, then clicked Edit.
01:53:18.884 [TestNG-test=RetryMultipleFailedTestcases-1] INFO  sprint5_TestCases.Am_ListTC - Switched to frame 0.
01:53:19.304 [TestNG-test=RetryMultipleFailedTestcases-1] INFO  sprint5_TestCases.Am_ListTC - Switched to default content.
01:53:19.827 [TestNG-test=RetryMultipleFailedTestcases-1] INFO  sprint5_TestCases.Am_ListTC - Clicked on Number List Plugin.
01:53:27.136 [TestNG-test=RetryMultipleFailedTestcases-4] INFO  BasicEditingTC.F3_ListTC - Starting Verify_ListToFigHeading ..
