15:32:51.917 [TestNG-test=RetryMultipleFailedTestcases-3] INFO  Elements_Testcases.Ck_RightClickOptionTC - clicked on insert element button from inseet after popup
15:32:59.362 [TestNG-test=RetryMultipleFailedTestcases-1] INFO  Elements_Testcases.Ck_RightClickOptionTC - Switched to frame 0.
15:33:00.324 [TestNG-test=RetryMultipleFailedTestcases-1] INFO  Elements_Testcases.Ck_RightClickOptionTC - Context Clicked on First Para from VE.
15:33:00.370 [TestNG-test=RetryMultipleFailedTestcases-1] INFO  Elements_Testcases.Ck_RightClickOptionTC - Switched back to default content.
15:33:00.381 [TestNG-test=RetryMultipleFailedTestcases-1] INFO  Elements_Testcases.Ck_RightClickOptionTC - Switched to frame 1.
15:33:14.939 [TestNG-test=RetryMultipleFailedTestcases-2] INFO  Elements_Testcases.Ck_RightClickOptionTC - Logged in and searched for the file, then clicked Edit.
15:33:24.005 [TestNG-test=RetryMultipleFailedTestcases-1] INFO  Elements_Testcases.Ck_RightClickOptionTC - Starting verifyRCInsertIntoAddress ..
15:33:24.635 [TestNG-test=RetryMultipleFailedTestcases-3] INFO  Elements_Testcases.Ck_RightClickOptionTC - Starting verifyRCInsertIntoEmphasisElement ..
15:33:58.330 [TestNG-test=RetryMultipleFailedTestcases-1] INFO  Elements_Testcases.Ck_RightClickOptionTC - Logged in, searched for a file, and clicked Edit.
15:33:58.333 [TestNG-test=RetryMultipleFailedTestcases-1] INFO  Elements_Testcases.Ck_RightClickOptionTC - Created Ck_RightClickOption instance.
15:33:58.549 [TestNG-test=RetryMultipleFailedTestcases-1] INFO  Elements_Testcases.Ck_RightClickOptionTC - Switched to frame 0.
15:33:59.080 [TestNG-test=RetryMultipleFailedTestcases-4] INFO  Elements_Testcases.Ck_RightClickOptionTC - clicked on Insert After button from VE
15:34:00.533 [TestNG-test=RetryMultipleFailedTestcases-4] INFO  Elements_Testcases.Ck_RightClickOptionTC - clicked on Insert after simple para
15:34:00.661 [TestNG-test=RetryMultipleFailedTestcases-3] INFO  Elements_Testcases.Ck_RightClickOptionTC - Logged in, searched for a file, and clicked Edit.
15:34:00.662 [TestNG-test=RetryMultipleFailedTestcases-3] INFO  Elements_Testcases.Ck_RightClickOptionTC - Created Ck_RightClickOption instance.
15:34:00.683 [TestNG-test=RetryMultipleFailedTestcases-3] INFO  Elements_Testcases.Ck_RightClickOptionTC - Switched to frame 0.
15:34:01.025 [TestNG-test=RetryMultipleFailedTestcases-4] INFO  Elements_Testcases.Ck_RightClickOptionTC - clicked on insert element button from inseet after popup
15:34:01.804 [TestNG-test=RetryMultipleFailedTestcases-1] INFO  Elements_Testcases.Ck_RightClickOptionTC - Context Clicked on First Para from VE.
15:34:01.896 [TestNG-test=RetryMultipleFailedTestcases-1] INFO  Elements_Testcases.Ck_RightClickOptionTC - Switched back to default content.
15:34:01.957 [TestNG-test=RetryMultipleFailedTestcases-1] INFO  Elements_Testcases.Ck_RightClickOptionTC - Switched to frame 1.
15:34:02.742 [TestNG-test=RetryMultipleFailedTestcases-3] INFO  Elements_Testcases.Ck_RightClickOptionTC - Context Clicked on First Para from VE.
15:34:02.793 [TestNG-test=RetryMultipleFailedTestcases-3] INFO  Elements_Testcases.Ck_RightClickOptionTC - Switched back to default content.
15:34:02.809 [TestNG-test=RetryMultipleFailedTestcases-3] INFO  Elements_Testcases.Ck_RightClickOptionTC - Switched to frame 1.
15:34:03.536 [TestNG-test=RetryMultipleFailedTestcases-1] INFO  Elements_Testcases.Ck_RightClickOptionTC - Switched back to default content.
15:34:04.195 [TestNG-test=RetryMultipleFailedTestcases-3] INFO  Elements_Testcases.Ck_RightClickOptionTC - Switched back to default content.
15:34:04.259 [TestNG-test=RetryMultipleFailedTestcases-1] INFO  Elements_Testcases.Ck_RightClickOptionTC - Clicked on List element
15:34:04.729 [TestNG-test=RetryMultipleFailedTestcases-1] INFO  Elements_Testcases.Ck_RightClickOptionTC - Clicked on Insert element Button 
15:34:04.949 [TestNG-test=RetryMultipleFailedTestcases-3] INFO  Elements_Testcases.Ck_RightClickOptionTC - Clicked on List element
15:34:05.425 [TestNG-test=RetryMultipleFailedTestcases-3] INFO  Elements_Testcases.Ck_RightClickOptionTC - Clicked on Insert element Button 
15:34:34.250 [TestNG-test=RetryMultipleFailedTestcases-1] INFO  Elements_Testcases.Ck_RightClickOptionTC - Starting verifyRCInsertIntoAddress ..
15:34:34.271 [TestNG-test=RetryMultipleFailedTestcases-3] INFO  Elements_Testcases.Ck_RightClickOptionTC - Starting verifyRCInsertIntoEmphasisElement ..
15:34:54.952 [TestNG-test=RetryMultipleFailedTestcases-4] INFO  Elements_Testcases.Ck_RightClickOptionTC - Logged in, searched for a file, and clicked Edit.
15:34:54.953 [TestNG-test=RetryMultipleFailedTestcases-4] INFO  Elements_Testcases.Ck_RightClickOptionTC - Created Ck_RightClickOption instance.
15:34:55.121 [TestNG-test=RetryMultipleFailedTestcases-4] INFO  Elements_Testcases.Ck_RightClickOptionTC - Switched to frame 0.
15:34:57.300 [TestNG-test=RetryMultipleFailedTestcases-4] INFO  Elements_Testcases.Ck_RightClickOptionTC - Context Clicked on First Para from VE.
15:34:57.405 [TestNG-test=RetryMultipleFailedTestcases-4] INFO  Elements_Testcases.Ck_RightClickOptionTC - Switched back to default content.
15:34:57.449 [TestNG-test=RetryMultipleFailedTestcases-4] INFO  Elements_Testcases.Ck_RightClickOptionTC - Switched to frame 1.
15:35:01.239 [TestNG-test=RetryMultipleFailedTestcases-1] INFO  Elements_Testcases.Ck_RightClickOptionTC - Logged in, searched for a file, and clicked Edit.
15:35:01.240 [TestNG-test=RetryMultipleFailedTestcases-1] INFO  Elements_Testcases.Ck_RightClickOptionTC - Created Ck_RightClickOption instance.
15:35:01.600 [TestNG-test=RetryMultipleFailedTestcases-1] INFO  Elements_Testcases.Ck_RightClickOptionTC - Switched to frame 0.
15:35:03.249 [TestNG-test=RetryMultipleFailedTestcases-3] INFO  Elements_Testcases.Ck_RightClickOptionTC - Logged in, searched for a file, and clicked Edit.
15:35:03.250 [TestNG-test=RetryMultipleFailedTestcases-3] INFO  Elements_Testcases.Ck_RightClickOptionTC - Created Ck_RightClickOption instance.
15:35:03.266 [TestNG-test=RetryMultipleFailedTestcases-3] INFO  Elements_Testcases.Ck_RightClickOptionTC - Switched to frame 0.
15:35:05.010 [TestNG-test=RetryMultipleFailedTestcases-1] INFO  Elements_Testcases.Ck_RightClickOptionTC - Context Clicked on First Para from VE.
15:35:05.116 [TestNG-test=RetryMultipleFailedTestcases-1] INFO  Elements_Testcases.Ck_RightClickOptionTC - Switched back to default content.
15:35:05.148 [TestNG-test=RetryMultipleFailedTestcases-1] INFO  Elements_Testcases.Ck_RightClickOptionTC - Switched to frame 1.
15:35:05.467 [TestNG-test=RetryMultipleFailedTestcases-3] INFO  Elements_Testcases.Ck_RightClickOptionTC - Context Clicked on First Para from VE.
15:35:05.512 [TestNG-test=RetryMultipleFailedTestcases-3] INFO  Elements_Testcases.Ck_RightClickOptionTC - Switched back to default content.
15:35:05.530 [TestNG-test=RetryMultipleFailedTestcases-3] INFO  Elements_Testcases.Ck_RightClickOptionTC - Switched to frame 1.
15:35:07.510 [TestNG-test=RetryMultipleFailedTestcases-1] INFO  Elements_Testcases.Ck_RightClickOptionTC - Switched back to default content.
15:35:08.134 [TestNG-test=RetryMultipleFailedTestcases-1] INFO  Elements_Testcases.Ck_RightClickOptionTC - Clicked on List element
15:35:08.399 [TestNG-test=RetryMultipleFailedTestcases-1] INFO  Elements_Testcases.Ck_RightClickOptionTC - Clicked on Insert element Button 
15:55:14.911 [TestNG-test=RetryMultipleFailedTestcases-3] INFO  sprint2_TestCases.B_Verify_RightClick_OptionsTC - Starting verify_Addingimg_WithoutInserting ..
15:55:14.911 [TestNG-test=RetryMultipleFailedTestcases-1] INFO  sprint2_TestCases.B_Verify_RightClick_OptionsTC - Starting verify_ContentBlock_RightClickOptions ..
15:55:15.337 [TestNG-test=RetryMultipleFailedTestcases-2] INFO  sprint2_TestCases.B_Verify_RightClick_OptionsTC - Starting verify_ContentBlock ..
15:55:15.552 [TestNG-test=RetryMultipleFailedTestcases-4] INFO  sprint2_TestCases.B_Verify_RightClick_OptionsTC - Starting verify_ContentBlock_RightClick_InsertBefore_AllOptions ..
15:55:54.692 [TestNG-test=RetryMultipleFailedTestcases-1] INFO  sprint2_TestCases.B_Verify_RightClick_OptionsTC - Logged in, searched for a file, and clicked Edit.
15:55:54.716 [TestNG-test=RetryMultipleFailedTestcases-1] INFO  sprint2_TestCases.B_Verify_RightClick_OptionsTC - Created B_Verify_RightClick_Options instance.
15:55:55.822 [TestNG-test=RetryMultipleFailedTestcases-1] INFO  sprint2_TestCases.B_Verify_RightClick_OptionsTC - Clicked on Sectio 
15:55:57.689 [TestNG-test=RetryMultipleFailedTestcases-4] INFO  sprint2_TestCases.B_Verify_RightClick_OptionsTC - Logged in, searched for a file, and clicked Edit.
15:55:57.694 [TestNG-test=RetryMultipleFailedTestcases-4] INFO  sprint2_TestCases.B_Verify_RightClick_OptionsTC - Created B_Verify_RightClick_Options instance.
15:55:58.337 [TestNG-test=RetryMultipleFailedTestcases-3] INFO  sprint2_TestCases.B_Verify_RightClick_OptionsTC - Logged in, searched for a file, and clicked Edit.
15:55:58.341 [TestNG-test=RetryMultipleFailedTestcases-3] INFO  sprint2_TestCases.B_Verify_RightClick_OptionsTC - Created B_Verify_RightClick_Options instance.
15:55:58.436 [TestNG-test=RetryMultipleFailedTestcases-3] INFO  sprint2_TestCases.B_Verify_RightClick_OptionsTC - Switched to frame 0.
15:55:58.539 [TestNG-test=RetryMultipleFailedTestcases-1] INFO  sprint2_TestCases.B_Verify_RightClick_OptionsTC - Context Clicked on Section element 
15:55:59.461 [TestNG-test=RetryMultipleFailedTestcases-2] INFO  sprint2_TestCases.B_Verify_RightClick_OptionsTC - Logged in, searched for a file, and clicked Edit.
15:55:59.464 [TestNG-test=RetryMultipleFailedTestcases-2] INFO  sprint2_TestCases.B_Verify_RightClick_OptionsTC - Created B_Verify_RightClick_Options instance.
15:55:59.552 [TestNG-test=RetryMultipleFailedTestcases-2] INFO  sprint2_TestCases.B_Verify_RightClick_OptionsTC - Switched to frame 0.
15:56:02.405 [TestNG-test=RetryMultipleFailedTestcases-3] INFO  sprint2_TestCases.B_Verify_RightClick_OptionsTC - Context Clicked on First Para VE.
15:56:02.463 [TestNG-test=RetryMultipleFailedTestcases-3] INFO  sprint2_TestCases.B_Verify_RightClick_OptionsTC - Switched back to default content.
15:56:02.478 [TestNG-test=RetryMultipleFailedTestcases-3] INFO  sprint2_TestCases.B_Verify_RightClick_OptionsTC - Switched to frame 1.
15:56:03.241 [TestNG-test=RetryMultipleFailedTestcases-4] INFO  sprint2_TestCases.B_Verify_RightClick_OptionsTC - Context Clicked on Para element 
15:56:03.339 [TestNG-test=RetryMultipleFailedTestcases-2] INFO  sprint2_TestCases.B_Verify_RightClick_OptionsTC - Context Clicked on First Para from VE.
15:56:03.369 [TestNG-test=RetryMultipleFailedTestcases-4] INFO  sprint2_TestCases.B_Verify_RightClick_OptionsTC - Clicked on Insert Before 
15:56:03.411 [TestNG-test=RetryMultipleFailedTestcases-2] INFO  sprint2_TestCases.B_Verify_RightClick_OptionsTC - Switched back to default content.
15:56:03.430 [TestNG-test=RetryMultipleFailedTestcases-2] INFO  sprint2_TestCases.B_Verify_RightClick_OptionsTC - Switched to frame 1.
15:56:03.465 [TestNG-test=RetryMultipleFailedTestcases-2] INFO  sprint2_TestCases.B_Verify_RightClick_OptionsTC - Right click All options are Correct.
15:56:03.466 [TestNG-test=RetryMultipleFailedTestcases-2] INFO  sprint2_TestCases.B_Verify_RightClick_OptionsTC - Finished verify_RightClick_Options ..
15:56:05.266 [TestNG-test=RetryMultipleFailedTestcases-3] INFO  sprint2_TestCases.B_Verify_RightClick_OptionsTC - Clicked on Insert After 
15:56:05.339 [TestNG-test=RetryMultipleFailedTestcases-3] INFO  sprint2_TestCases.B_Verify_RightClick_OptionsTC - Switched back to default content.
15:56:05.408 [TestNG-test=RetryMultipleFailedTestcases-3] INFO  sprint2_TestCases.B_Verify_RightClick_OptionsTC - Created Actions class instance.
15:56:05.470 [TestNG-test=RetryMultipleFailedTestcases-3] INFO  sprint2_TestCases.B_Verify_RightClick_OptionsTC - Searched img element from fearch field 
15:56:06.589 [TestNG-test=RetryMultipleFailedTestcases-3] INFO  sprint2_TestCases.B_Verify_RightClick_OptionsTC - Clicked on img element
15:56:06.653 [TestNG-test=RetryMultipleFailedTestcases-3] INFO  sprint2_TestCases.B_Verify_RightClick_OptionsTC - insert Element Close button is present
15:56:06.952 [TestNG-test=RetryMultipleFailedTestcases-3] INFO  sprint2_TestCases.B_Verify_RightClick_OptionsTC - Clicked on Close button
15:56:07.155 [TestNG-test=RetryMultipleFailedTestcases-3] INFO  sprint2_TestCases.B_Verify_RightClick_OptionsTC - Switched to frame 0.
15:56:12.285 [TestNG-test=RetryMultipleFailedTestcases-2] INFO  sprint2_TestCases.B_Verify_RightClick_OptionsTC - Starting verify_InsertBefore_Options ..
15:56:18.643 [TestNG-test=RetryMultipleFailedTestcases-1] INFO  sprint2_TestCases.B_Verify_RightClick_OptionsTC - Finished verify_ContentBlock_RightClickOptions ..
15:56:20.449 [TestNG-test=RetryMultipleFailedTestcases-3] INFO  sprint2_TestCases.B_Verify_RightClick_OptionsTC - Starting verify_Addingimg_WithoutInserting ..
15:56:23.407 [TestNG-test=RetryMultipleFailedTestcases-4] INFO  sprint2_TestCases.B_Verify_RightClick_OptionsTC - Right click Insert Before All Options Are Present and correct 
15:56:23.407 [TestNG-test=RetryMultipleFailedTestcases-4] INFO  sprint2_TestCases.B_Verify_RightClick_OptionsTC - Finished verify_ContentBlock_RightClick_InsertBefore_AllOptions ..
15:56:30.608 [TestNG-test=RetryMultipleFailedTestcases-1] INFO  sprint2_TestCases.B_Verify_RightClick_OptionsTC - Starting verify_ContentBlock_RightClick_InsertInto_AllOptions ..
15:56:36.015 [TestNG-test=RetryMultipleFailedTestcases-4] INFO  sprint2_TestCases.B_Verify_RightClick_OptionsTC - Starting verify_InsertInTo_Options ..
15:56:47.743 [TestNG-test=RetryMultipleFailedTestcases-2] INFO  sprint2_TestCases.B_Verify_RightClick_OptionsTC - Logged in, searched for a file, and clicked Edit.
15:56:47.745 [TestNG-test=RetryMultipleFailedTestcases-2] INFO  sprint2_TestCases.B_Verify_RightClick_OptionsTC - Created B_Verify_RightClick_Options instance.
15:56:47.797 [TestNG-test=RetryMultipleFailedTestcases-2] INFO  sprint2_TestCases.B_Verify_RightClick_OptionsTC - Switched to frame 0.
15:56:50.271 [TestNG-test=RetryMultipleFailedTestcases-2] INFO  sprint2_TestCases.B_Verify_RightClick_OptionsTC - Context Clicked on Section Heading.
15:56:50.376 [TestNG-test=RetryMultipleFailedTestcases-2] INFO  sprint2_TestCases.B_Verify_RightClick_OptionsTC - Switched back to default content.
15:56:50.452 [TestNG-test=RetryMultipleFailedTestcases-2] INFO  sprint2_TestCases.B_Verify_RightClick_OptionsTC - Switched to frame 1.
15:56:50.808 [TestNG-test=RetryMultipleFailedTestcases-2] INFO  sprint2_TestCases.B_Verify_RightClick_OptionsTC - Clicked on Insert Before 
15:56:50.833 [TestNG-test=RetryMultipleFailedTestcases-2] INFO  sprint2_TestCases.B_Verify_RightClick_OptionsTC - Switched back to default content.
15:56:55.914 [TestNG-test=RetryMultipleFailedTestcases-3] INFO  sprint2_TestCases.B_Verify_RightClick_OptionsTC - Logged in, searched for a file, and clicked Edit.
15:56:55.917 [TestNG-test=RetryMultipleFailedTestcases-3] INFO  sprint2_TestCases.B_Verify_RightClick_OptionsTC - Created B_Verify_RightClick_Options instance.
15:56:55.951 [TestNG-test=RetryMultipleFailedTestcases-3] INFO  sprint2_TestCases.B_Verify_RightClick_OptionsTC - Switched to frame 0.
15:56:58.750 [TestNG-test=RetryMultipleFailedTestcases-3] INFO  sprint2_TestCases.B_Verify_RightClick_OptionsTC - Context Clicked on First Para VE.
15:56:58.839 [TestNG-test=RetryMultipleFailedTestcases-3] INFO  sprint2_TestCases.B_Verify_RightClick_OptionsTC - Switched back to default content.
15:56:58.868 [TestNG-test=RetryMultipleFailedTestcases-3] INFO  sprint2_TestCases.B_Verify_RightClick_OptionsTC - Switched to frame 1.
15:57:01.205 [TestNG-test=RetryMultipleFailedTestcases-3] INFO  sprint2_TestCases.B_Verify_RightClick_OptionsTC - Clicked on Insert After 
15:57:01.276 [TestNG-test=RetryMultipleFailedTestcases-3] INFO  sprint2_TestCases.B_Verify_RightClick_OptionsTC - Switched back to default content.
15:57:01.509 [TestNG-test=RetryMultipleFailedTestcases-3] INFO  sprint2_TestCases.B_Verify_RightClick_OptionsTC - Created Actions class instance.
15:57:01.885 [TestNG-test=RetryMultipleFailedTestcases-3] INFO  sprint2_TestCases.B_Verify_RightClick_OptionsTC - Searched img element from fearch field 
15:57:04.387 [TestNG-test=RetryMultipleFailedTestcases-1] INFO  sprint2_TestCases.B_Verify_RightClick_OptionsTC - Logged in, searched for a file, and clicked Edit.
15:57:04.389 [TestNG-test=RetryMultipleFailedTestcases-1] INFO  sprint2_TestCases.B_Verify_RightClick_OptionsTC - Created B_Verify_RightClick_Options instance.
15:57:05.107 [TestNG-test=RetryMultipleFailedTestcases-3] INFO  sprint2_TestCases.B_Verify_RightClick_OptionsTC - Clicked on img element
15:57:05.509 [TestNG-test=RetryMultipleFailedTestcases-3] INFO  sprint2_TestCases.B_Verify_RightClick_OptionsTC - insert Element Close button is present
15:57:06.036 [TestNG-test=RetryMultipleFailedTestcases-3] INFO  sprint2_TestCases.B_Verify_RightClick_OptionsTC - Clicked on Close button
15:57:06.111 [TestNG-test=RetryMultipleFailedTestcases-3] INFO  sprint2_TestCases.B_Verify_RightClick_OptionsTC - Switched to frame 0.
15:57:07.533 [TestNG-test=RetryMultipleFailedTestcases-1] INFO  sprint2_TestCases.B_Verify_RightClick_OptionsTC - Context Clicked on Para element 
15:57:08.111 [TestNG-test=RetryMultipleFailedTestcases-1] INFO  sprint2_TestCases.B_Verify_RightClick_OptionsTC - Clicked on Insert Into 
15:57:10.495 [TestNG-test=RetryMultipleFailedTestcases-4] INFO  sprint2_TestCases.B_Verify_RightClick_OptionsTC - Logged in, searched for a file, and clicked Edit.
15:57:10.497 [TestNG-test=RetryMultipleFailedTestcases-4] INFO  sprint2_TestCases.B_Verify_RightClick_OptionsTC - Created B_Verify_RightClick_Options instance.
15:57:10.606 [TestNG-test=RetryMultipleFailedTestcases-4] INFO  sprint2_TestCases.B_Verify_RightClick_OptionsTC - Switched to frame 0.
15:57:10.896 [TestNG-test=RetryMultipleFailedTestcases-2] INFO  sprint2_TestCases.B_Verify_RightClick_OptionsTC - Right click Insert Before All options are Correct.
15:57:10.896 [TestNG-test=RetryMultipleFailedTestcases-2] INFO  sprint2_TestCases.B_Verify_RightClick_OptionsTC - Finished verify_InsertBefore_Options ..
15:57:12.660 [TestNG-test=RetryMultipleFailedTestcases-4] INFO  sprint2_TestCases.B_Verify_RightClick_OptionsTC - Context Clicked on Section Heading.
15:57:12.735 [TestNG-test=RetryMultipleFailedTestcases-4] INFO  sprint2_TestCases.B_Verify_RightClick_OptionsTC - Switched back to default content.
15:57:12.801 [TestNG-test=RetryMultipleFailedTestcases-4] INFO  sprint2_TestCases.B_Verify_RightClick_OptionsTC - Switched to frame 1.
15:57:14.373 [TestNG-test=RetryMultipleFailedTestcases-4] INFO  sprint2_TestCases.B_Verify_RightClick_OptionsTC - Clicked on Insert Into 
15:57:14.435 [TestNG-test=RetryMultipleFailedTestcases-4] INFO  sprint2_TestCases.B_Verify_RightClick_OptionsTC - Switched back to default content.
15:57:20.540 [TestNG-test=RetryMultipleFailedTestcases-3] INFO  sprint2_TestCases.B_Verify_RightClick_OptionsTC - Starting verify_ContentBlock_RightClick_InsertAfter_AllOptions ..
15:57:22.260 [TestNG-test=RetryMultipleFailedTestcases-2] INFO  sprint2_TestCases.B_Verify_RightClick_OptionsTC - Starting verify_InsertAfter_Options ..
15:57:28.198 [TestNG-test=RetryMultipleFailedTestcases-1] INFO  sprint2_TestCases.B_Verify_RightClick_OptionsTC - Right click Insert Into All Options Are Present and correct 
15:57:28.198 [TestNG-test=RetryMultipleFailedTestcases-1] INFO  sprint2_TestCases.B_Verify_RightClick_OptionsTC - Finished verify_ContentBlock_RightClick_InsertInto_AllOptions ..
15:57:34.456 [TestNG-test=RetryMultipleFailedTestcases-4] INFO  sprint2_TestCases.B_Verify_RightClick_OptionsTC - Right click Insert Into All options are Correct.
15:57:34.457 [TestNG-test=RetryMultipleFailedTestcases-4] INFO  sprint2_TestCases.B_Verify_RightClick_OptionsTC - Finished verify_InsertInTo_Options ..
15:57:40.410 [TestNG-test=RetryMultipleFailedTestcases-1] INFO  sprint2_TestCases.B_Verify_RightClick_OptionsTC - Starting verify_ContentBlock_Rightclick_SearchOptions ..
15:57:46.330 [TestNG-test=RetryMultipleFailedTestcases-4] INFO  sprint2_TestCases.B_Verify_RightClick_OptionsTC - Starting verify_RightClick_SearchOptions ..
15:57:48.476 [TestNG-test=RetryMultipleFailedTestcases-3] INFO  sprint2_TestCases.B_Verify_RightClick_OptionsTC - Logged in, searched for a file, and clicked Edit.
15:57:48.478 [TestNG-test=RetryMultipleFailedTestcases-3] INFO  sprint2_TestCases.B_Verify_RightClick_OptionsTC - Created B_Verify_RightClick_Options instance.
15:57:50.546 [TestNG-test=RetryMultipleFailedTestcases-3] INFO  sprint2_TestCases.B_Verify_RightClick_OptionsTC - Context Clicked on Para element 
15:57:51.498 [TestNG-test=RetryMultipleFailedTestcases-3] INFO  sprint2_TestCases.B_Verify_RightClick_OptionsTC - Clicked on Insert After 
15:57:51.726 [TestNG-test=RetryMultipleFailedTestcases-2] INFO  sprint2_TestCases.B_Verify_RightClick_OptionsTC - Logged in, searched for a file, and clicked Edit.
15:57:51.727 [TestNG-test=RetryMultipleFailedTestcases-2] INFO  sprint2_TestCases.B_Verify_RightClick_OptionsTC - Created B_Verify_RightClick_Options instance.
15:57:51.760 [TestNG-test=RetryMultipleFailedTestcases-2] INFO  sprint2_TestCases.B_Verify_RightClick_OptionsTC - Switched to frame 0.
15:57:52.046 [TestNG-test=RetryMultipleFailedTestcases-3] INFO  sprint2_TestCases.B_Verify_RightClick_OptionsTC - Right click Insert After All Options Are Present and correct 
15:57:52.046 [TestNG-test=RetryMultipleFailedTestcases-3] INFO  sprint2_TestCases.B_Verify_RightClick_OptionsTC - Finished verify_ContentBlock_RightClick_InsertAfter_AllOptions ..
15:57:54.734 [TestNG-test=RetryMultipleFailedTestcases-2] INFO  sprint2_TestCases.B_Verify_RightClick_OptionsTC - Context Clicked on Section Heading.
15:57:54.783 [TestNG-test=RetryMultipleFailedTestcases-2] INFO  sprint2_TestCases.B_Verify_RightClick_OptionsTC - Switched back to default content.
15:57:54.800 [TestNG-test=RetryMultipleFailedTestcases-2] INFO  sprint2_TestCases.B_Verify_RightClick_OptionsTC - Switched to frame 1.
15:57:59.726 [TestNG-test=RetryMultipleFailedTestcases-3] INFO  sprint2_TestCases.B_Verify_RightClick_OptionsTC - Starting TC124_verifyAddingNotesInsertBeforeInCB ..
15:58:12.847 [TestNG-test=RetryMultipleFailedTestcases-2] INFO  sprint2_TestCases.B_Verify_RightClick_OptionsTC - Starting verify_InsertAfter_Options ..
15:58:15.014 [TestNG-test=RetryMultipleFailedTestcases-1] INFO  sprint2_TestCases.B_Verify_RightClick_OptionsTC - Logged in, searched for a file, and clicked Edit.
15:58:15.015 [TestNG-test=RetryMultipleFailedTestcases-1] INFO  sprint2_TestCases.B_Verify_RightClick_OptionsTC - Created B_Verify_RightClick_Options instance.
15:58:16.077 [TestNG-test=RetryMultipleFailedTestcases-4] INFO  sprint2_TestCases.B_Verify_RightClick_OptionsTC - Logged in, searched for a file, and clicked Edit.
15:58:16.079 [TestNG-test=RetryMultipleFailedTestcases-4] INFO  sprint2_TestCases.B_Verify_RightClick_OptionsTC - Created B_Verify_RightClick_Options instance.
15:58:16.107 [TestNG-test=RetryMultipleFailedTestcases-4] INFO  sprint2_TestCases.B_Verify_RightClick_OptionsTC - Switched to frame 0.
15:58:16.407 [TestNG-test=RetryMultipleFailedTestcases-1] INFO  sprint2_TestCases.B_Verify_RightClick_OptionsTC - Clicked on Para Element 
15:58:17.727 [TestNG-test=RetryMultipleFailedTestcases-4] INFO  sprint2_TestCases.B_Verify_RightClick_OptionsTC - Context Clicked on Para VE.
15:58:17.771 [TestNG-test=RetryMultipleFailedTestcases-1] INFO  sprint2_TestCases.B_Verify_RightClick_OptionsTC - Context Clicked on Para element 
15:58:17.810 [TestNG-test=RetryMultipleFailedTestcases-4] INFO  sprint2_TestCases.B_Verify_RightClick_OptionsTC - Switched back to default content.
15:58:17.841 [TestNG-test=RetryMultipleFailedTestcases-4] INFO  sprint2_TestCases.B_Verify_RightClick_OptionsTC - Switched to frame 1.
15:58:17.928 [TestNG-test=RetryMultipleFailedTestcases-1] INFO  sprint2_TestCases.B_Verify_RightClick_OptionsTC - Clicked on Insert Before 
15:58:17.988 [TestNG-test=RetryMultipleFailedTestcases-1] INFO  sprint2_TestCases.B_Verify_RightClick_OptionsTC - Right click Search Field Is present 
15:58:17.988 [TestNG-test=RetryMultipleFailedTestcases-1] INFO  sprint2_TestCases.B_Verify_RightClick_OptionsTC - Finished verify_ContentBlock_Rightclick_SearchOptions ..
15:58:32.459 [TestNG-test=RetryMultipleFailedTestcases-1] INFO  sprint2_TestCases.B_Verify_RightClick_OptionsTC - Starting verify_AddingImg_InsertBefore_InSectionHeading ..
15:58:39.076 [TestNG-test=RetryMultipleFailedTestcases-4] INFO  sprint2_TestCases.B_Verify_RightClick_OptionsTC - Starting verify_RightClick_SearchOptions ..
15:58:45.807 [TestNG-test=RetryMultipleFailedTestcases-3] INFO  sprint2_TestCases.B_Verify_RightClick_OptionsTC - Logged in, searched for a file, and clicked Edit.
15:58:45.808 [TestNG-test=RetryMultipleFailedTestcases-3] INFO  sprint2_TestCases.B_Verify_RightClick_OptionsTC - Created B_Verify_RightClick_Options instance.
15:58:48.609 [TestNG-test=RetryMultipleFailedTestcases-3] INFO  sprint2_TestCases.B_Verify_RightClick_OptionsTC - Context Clicked on Para element 
15:58:48.804 [TestNG-test=RetryMultipleFailedTestcases-3] INFO  sprint2_TestCases.B_Verify_RightClick_OptionsTC - Clicked on Insert Before 
15:58:48.805 [TestNG-test=RetryMultipleFailedTestcases-3] INFO  sprint2_TestCases.B_Verify_RightClick_OptionsTC - Created Actions class instance.
15:58:48.877 [TestNG-test=RetryMultipleFailedTestcases-3] INFO  sprint2_TestCases.B_Verify_RightClick_OptionsTC - Caption element searched.
15:58:48.901 [TestNG-test=RetryMultipleFailedTestcases-3] INFO  sprint2_TestCases.B_Verify_RightClick_OptionsTC - Clicked on TAB 
15:58:49.312 [TestNG-test=RetryMultipleFailedTestcases-3] INFO  sprint2_TestCases.B_Verify_RightClick_OptionsTC - Clicked on ENTER 
15:58:50.200 [TestNG-test=RetryMultipleFailedTestcases-3] INFO  sprint2_TestCases.B_Verify_RightClick_OptionsTC - Notes is inserted in DS
15:58:50.200 [TestNG-test=RetryMultipleFailedTestcases-3] INFO  sprint2_TestCases.B_Verify_RightClick_OptionsTC - Finished TC124_verifyAddingNotesInsertBeforeInCB ..
15:58:58.448 [TestNG-test=RetryMultipleFailedTestcases-2] INFO  sprint2_TestCases.B_Verify_RightClick_OptionsTC - Logged in, searched for a file, and clicked Edit.
15:58:58.450 [TestNG-test=RetryMultipleFailedTestcases-2] INFO  sprint2_TestCases.B_Verify_RightClick_OptionsTC - Created B_Verify_RightClick_Options instance.
15:58:58.478 [TestNG-test=RetryMultipleFailedTestcases-2] INFO  sprint2_TestCases.B_Verify_RightClick_OptionsTC - Switched to frame 0.
15:59:00.134 [TestNG-test=RetryMultipleFailedTestcases-3] INFO  sprint2_TestCases.B_Verify_RightClick_OptionsTC - Starting verify_AddingList_InsertInto_InCB ..
15:59:00.612 [TestNG-test=RetryMultipleFailedTestcases-2] INFO  sprint2_TestCases.B_Verify_RightClick_OptionsTC - Context Clicked on Section Heading.
15:59:00.681 [TestNG-test=RetryMultipleFailedTestcases-2] INFO  sprint2_TestCases.B_Verify_RightClick_OptionsTC - Switched back to default content.
15:59:00.703 [TestNG-test=RetryMultipleFailedTestcases-2] INFO  sprint2_TestCases.B_Verify_RightClick_OptionsTC - Switched to frame 1.
15:59:02.065 [TestNG-test=RetryMultipleFailedTestcases-2] INFO  sprint2_TestCases.B_Verify_RightClick_OptionsTC - Clicked on Insert After 
15:59:02.084 [TestNG-test=RetryMultipleFailedTestcases-2] INFO  sprint2_TestCases.B_Verify_RightClick_OptionsTC - Switched back to default content.
15:59:02.546 [TestNG-test=RetryMultipleFailedTestcases-1] INFO  sprint2_TestCases.B_Verify_RightClick_OptionsTC - Logged in, searched for a file, and clicked Edit.
15:59:02.547 [TestNG-test=RetryMultipleFailedTestcases-1] INFO  sprint2_TestCases.B_Verify_RightClick_OptionsTC - Created B_Verify_RightClick_Options instance.
15:59:02.585 [TestNG-test=RetryMultipleFailedTestcases-1] INFO  sprint2_TestCases.B_Verify_RightClick_OptionsTC - Switched to frame 0.
15:59:03.879 [TestNG-test=RetryMultipleFailedTestcases-1] INFO  sprint2_TestCases.B_Verify_RightClick_OptionsTC - Context Clicked on Section Heading.
15:59:03.981 [TestNG-test=RetryMultipleFailedTestcases-1] INFO  sprint2_TestCases.B_Verify_RightClick_OptionsTC - Switched back to default content.
15:59:04.044 [TestNG-test=RetryMultipleFailedTestcases-1] INFO  sprint2_TestCases.B_Verify_RightClick_OptionsTC - Switched to frame 1.
15:59:05.411 [TestNG-test=RetryMultipleFailedTestcases-1] INFO  sprint2_TestCases.B_Verify_RightClick_OptionsTC - Clicked on Insert Before 
15:59:05.457 [TestNG-test=RetryMultipleFailedTestcases-1] INFO  sprint2_TestCases.B_Verify_RightClick_OptionsTC - Switched back to default content.
15:59:05.525 [TestNG-test=RetryMultipleFailedTestcases-1] INFO  sprint2_TestCases.B_Verify_RightClick_OptionsTC - Created Actions class instance.
15:59:05.579 [TestNG-test=RetryMultipleFailedTestcases-1] INFO  sprint2_TestCases.B_Verify_RightClick_OptionsTC - Searched img element from fearch field 
15:59:06.319 [TestNG-test=RetryMultipleFailedTestcases-1] INFO  sprint2_TestCases.B_Verify_RightClick_OptionsTC - Clicked on img element
15:59:06.680 [TestNG-test=RetryMultipleFailedTestcases-1] INFO  sprint2_TestCases.B_Verify_RightClick_OptionsTC - Clicked on Insert element Button 
15:59:08.524 [TestNG-test=RetryMultipleFailedTestcases-4] INFO  sprint2_TestCases.B_Verify_RightClick_OptionsTC - Logged in, searched for a file, and clicked Edit.
15:59:08.526 [TestNG-test=RetryMultipleFailedTestcases-4] INFO  sprint2_TestCases.B_Verify_RightClick_OptionsTC - Created B_Verify_RightClick_Options instance.
15:59:08.552 [TestNG-test=RetryMultipleFailedTestcases-4] INFO  sprint2_TestCases.B_Verify_RightClick_OptionsTC - Switched to frame 0.
15:59:10.563 [TestNG-test=RetryMultipleFailedTestcases-4] INFO  sprint2_TestCases.B_Verify_RightClick_OptionsTC - Context Clicked on Para VE.
15:59:10.639 [TestNG-test=RetryMultipleFailedTestcases-4] INFO  sprint2_TestCases.B_Verify_RightClick_OptionsTC - Switched back to default content.
15:59:10.671 [TestNG-test=RetryMultipleFailedTestcases-4] INFO  sprint2_TestCases.B_Verify_RightClick_OptionsTC - Switched to frame 1.
15:59:22.100 [TestNG-test=RetryMultipleFailedTestcases-1] INFO  sprint2_TestCases.B_Verify_RightClick_OptionsTC - Clicked on First Img element 
15:59:22.200 [TestNG-test=RetryMultipleFailedTestcases-2] INFO  sprint2_TestCases.B_Verify_RightClick_OptionsTC - Right click Insert Into All options are Correct.
15:59:22.200 [TestNG-test=RetryMultipleFailedTestcases-2] INFO  sprint2_TestCases.B_Verify_RightClick_OptionsTC - Finished verify_InsertAfter_Options ..
15:59:23.148 [TestNG-test=RetryMultipleFailedTestcases-1] INFO  sprint2_TestCases.B_Verify_RightClick_OptionsTC - Clicked Accept Change.
15:59:23.325 [TestNG-test=RetryMultipleFailedTestcases-1] INFO  sprint2_TestCases.B_Verify_RightClick_OptionsTC - Img is inserted in DS 
15:59:23.394 [TestNG-test=RetryMultipleFailedTestcases-1] INFO  sprint2_TestCases.B_Verify_RightClick_OptionsTC - Switched to frame 0.
15:59:23.503 [TestNG-test=RetryMultipleFailedTestcases-1] INFO  sprint2_TestCases.B_Verify_RightClick_OptionsTC - Img is inserted in VE 
15:59:23.503 [TestNG-test=RetryMultipleFailedTestcases-1] INFO  sprint2_TestCases.B_Verify_RightClick_OptionsTC - Finished verify_AddingImg_InsertBefore_InSectionHeading ..
15:59:26.527 [TestNG-test=RetryMultipleFailedTestcases-3] INFO  sprint2_TestCases.B_Verify_RightClick_OptionsTC - Logged in, searched for a file, and clicked Edit.
15:59:26.529 [TestNG-test=RetryMultipleFailedTestcases-3] INFO  sprint2_TestCases.B_Verify_RightClick_OptionsTC - Created B_Verify_RightClick_Options instance.
15:59:29.110 [TestNG-test=RetryMultipleFailedTestcases-3] INFO  sprint2_TestCases.B_Verify_RightClick_OptionsTC - Context Clicked on Para element 
15:59:29.277 [TestNG-test=RetryMultipleFailedTestcases-3] INFO  sprint2_TestCases.B_Verify_RightClick_OptionsTC - Clicked on Insert Into 
15:59:29.277 [TestNG-test=RetryMultipleFailedTestcases-3] INFO  sprint2_TestCases.B_Verify_RightClick_OptionsTC - Created Actions class instance.
15:59:29.314 [TestNG-test=RetryMultipleFailedTestcases-3] INFO  sprint2_TestCases.B_Verify_RightClick_OptionsTC - List element searched.
15:59:29.326 [TestNG-test=RetryMultipleFailedTestcases-3] INFO  sprint2_TestCases.B_Verify_RightClick_OptionsTC - Clicked on TAB 
15:59:29.726 [TestNG-test=RetryMultipleFailedTestcases-3] INFO  sprint2_TestCases.B_Verify_RightClick_OptionsTC - Clicked on ENTER 
15:59:30.634 [TestNG-test=RetryMultipleFailedTestcases-3] INFO  sprint2_TestCases.B_Verify_RightClick_OptionsTC - List ul is inserted in DS
15:59:30.635 [TestNG-test=RetryMultipleFailedTestcases-3] INFO  sprint2_TestCases.B_Verify_RightClick_OptionsTC - Finished verify_AddingList_InsertInto_InCB ..
15:59:35.061 [TestNG-test=RetryMultipleFailedTestcases-4] INFO  sprint2_TestCases.B_Verify_RightClick_OptionsTC - Starting verify_AddingList_InsertInto_InPara ..
15:59:38.201 [TestNG-test=RetryMultipleFailedTestcases-2] INFO  sprint2_TestCases.B_Verify_RightClick_OptionsTC - Starting verify_AddingCaption_InsertBefore_InCB ..
15:59:38.279 [TestNG-test=RetryMultipleFailedTestcases-1] INFO  sprint2_TestCases.B_Verify_RightClick_OptionsTC - Starting verify_Img_IconIndication ..
15:59:40.357 [TestNG-test=RetryMultipleFailedTestcases-3] INFO  sprint2_TestCases.B_Verify_RightClick_OptionsTC - Starting SearchInvalidContent_CheckResults ..
16:00:03.872 [TestNG-test=RetryMultipleFailedTestcases-4] INFO  sprint2_TestCases.B_Verify_RightClick_OptionsTC - Logged in, searched for a file, and clicked Edit.
16:00:03.873 [TestNG-test=RetryMultipleFailedTestcases-4] INFO  sprint2_TestCases.B_Verify_RightClick_OptionsTC - Created B_Verify_RightClick_Options instance.
16:00:03.891 [TestNG-test=RetryMultipleFailedTestcases-4] INFO  sprint2_TestCases.B_Verify_RightClick_OptionsTC - Switched to frame 0.
16:00:05.788 [TestNG-test=RetryMultipleFailedTestcases-4] INFO  sprint2_TestCases.B_Verify_RightClick_OptionsTC - Context Clicked on First Para VE.
16:00:05.858 [TestNG-test=RetryMultipleFailedTestcases-4] INFO  sprint2_TestCases.B_Verify_RightClick_OptionsTC - Switched back to default content.
16:00:05.893 [TestNG-test=RetryMultipleFailedTestcases-4] INFO  sprint2_TestCases.B_Verify_RightClick_OptionsTC - Switched to frame 1.
16:00:06.718 [TestNG-test=RetryMultipleFailedTestcases-1] INFO  sprint2_TestCases.B_Verify_RightClick_OptionsTC - Logged in, searched for a file, and clicked Edit.
16:00:06.719 [TestNG-test=RetryMultipleFailedTestcases-1] INFO  sprint2_TestCases.B_Verify_RightClick_OptionsTC - Created B_Verify_RightClick_Options instance.
16:00:06.752 [TestNG-test=RetryMultipleFailedTestcases-1] INFO  sprint2_TestCases.B_Verify_RightClick_OptionsTC - Switched to frame 0.
16:00:08.158 [TestNG-test=RetryMultipleFailedTestcases-4] INFO  sprint2_TestCases.B_Verify_RightClick_OptionsTC - Clicked on Insert Into 
16:00:08.185 [TestNG-test=RetryMultipleFailedTestcases-4] INFO  sprint2_TestCases.B_Verify_RightClick_OptionsTC - Switched back to default content.
16:00:09.140 [TestNG-test=RetryMultipleFailedTestcases-1] INFO  sprint2_TestCases.B_Verify_RightClick_OptionsTC - Context Clicked on First Para VE.
16:00:09.270 [TestNG-test=RetryMultipleFailedTestcases-1] INFO  sprint2_TestCases.B_Verify_RightClick_OptionsTC - Switched back to default content.
16:00:09.329 [TestNG-test=RetryMultipleFailedTestcases-2] INFO  sprint2_TestCases.B_Verify_RightClick_OptionsTC - Logged in, searched for a file, and clicked Edit.
16:00:09.331 [TestNG-test=RetryMultipleFailedTestcases-2] INFO  sprint2_TestCases.B_Verify_RightClick_OptionsTC - Created B_Verify_RightClick_Options instance.
16:00:09.338 [TestNG-test=RetryMultipleFailedTestcases-1] INFO  sprint2_TestCases.B_Verify_RightClick_OptionsTC - Switched to frame 1.
16:00:09.436 [TestNG-test=RetryMultipleFailedTestcases-4] INFO  sprint2_TestCases.B_Verify_RightClick_OptionsTC - Clicked on List element
16:00:09.813 [TestNG-test=RetryMultipleFailedTestcases-3] INFO  sprint2_TestCases.B_Verify_RightClick_OptionsTC - Logged in, searched for a file, and clicked Edit.
16:00:09.815 [TestNG-test=RetryMultipleFailedTestcases-3] INFO  sprint2_TestCases.B_Verify_RightClick_OptionsTC - Created B_Verify_RightClick_Options instance.
16:00:09.973 [TestNG-test=RetryMultipleFailedTestcases-4] INFO  sprint2_TestCases.B_Verify_RightClick_OptionsTC - Clicked on Insert element Button 
16:00:10.755 [TestNG-test=RetryMultipleFailedTestcases-4] INFO  sprint2_TestCases.B_Verify_RightClick_OptionsTC - List is inserted in DS 
16:00:10.771 [TestNG-test=RetryMultipleFailedTestcases-4] INFO  sprint2_TestCases.B_Verify_RightClick_OptionsTC - Switched to frame 0.
16:00:10.820 [TestNG-test=RetryMultipleFailedTestcases-4] INFO  sprint2_TestCases.B_Verify_RightClick_OptionsTC - List is inserted in VE 
16:00:10.820 [TestNG-test=RetryMultipleFailedTestcases-4] INFO  sprint2_TestCases.B_Verify_RightClick_OptionsTC - Finished verify_AddingList_InsertInto_InPara ..
16:00:12.256 [TestNG-test=RetryMultipleFailedTestcases-2] INFO  sprint2_TestCases.B_Verify_RightClick_OptionsTC - Context Clicked on Para element 
16:00:12.365 [TestNG-test=RetryMultipleFailedTestcases-1] INFO  sprint2_TestCases.B_Verify_RightClick_OptionsTC - Clicked on Insert After 
16:00:12.382 [TestNG-test=RetryMultipleFailedTestcases-1] INFO  sprint2_TestCases.B_Verify_RightClick_OptionsTC - Switched back to default content.
16:00:12.438 [TestNG-test=RetryMultipleFailedTestcases-1] INFO  sprint2_TestCases.B_Verify_RightClick_OptionsTC - Created Actions class instance.
16:00:12.552 [TestNG-test=RetryMultipleFailedTestcases-1] INFO  sprint2_TestCases.B_Verify_RightClick_OptionsTC - Searched img element from fearch field 
16:00:12.595 [TestNG-test=RetryMultipleFailedTestcases-2] INFO  sprint2_TestCases.B_Verify_RightClick_OptionsTC - Clicked on Insert After 
16:00:12.595 [TestNG-test=RetryMultipleFailedTestcases-2] INFO  sprint2_TestCases.B_Verify_RightClick_OptionsTC - Created Actions class instance.
16:00:12.636 [TestNG-test=RetryMultipleFailedTestcases-3] INFO  sprint2_TestCases.B_Verify_RightClick_OptionsTC - Context Clicked on Para element 
16:00:12.691 [TestNG-test=RetryMultipleFailedTestcases-2] INFO  sprint2_TestCases.B_Verify_RightClick_OptionsTC - Caption element searched.
16:00:12.709 [TestNG-test=RetryMultipleFailedTestcases-2] INFO  sprint2_TestCases.B_Verify_RightClick_OptionsTC - Clicked on TAB 
16:00:12.884 [TestNG-test=RetryMultipleFailedTestcases-3] INFO  sprint2_TestCases.B_Verify_RightClick_OptionsTC - Clicked on Insert Before 
16:00:12.884 [TestNG-test=RetryMultipleFailedTestcases-3] INFO  sprint2_TestCases.B_Verify_RightClick_OptionsTC - Created Actions class instance.
16:00:12.997 [TestNG-test=RetryMultipleFailedTestcases-3] INFO  sprint2_TestCases.B_Verify_RightClick_OptionsTC - dhsjddn invalid element searched.
16:00:13.068 [TestNG-test=RetryMultipleFailedTestcases-3] INFO  sprint2_TestCases.B_Verify_RightClick_OptionsTC - No any Elements info msg is displayed
16:00:13.139 [TestNG-test=RetryMultipleFailedTestcases-2] INFO  sprint2_TestCases.B_Verify_RightClick_OptionsTC - Clicked on ENTER 
16:00:13.143 [TestNG-test=RetryMultipleFailedTestcases-3] INFO  sprint2_TestCases.B_Verify_RightClick_OptionsTC - No any Elements info msg is displayed
16:00:13.143 [TestNG-test=RetryMultipleFailedTestcases-3] INFO  sprint2_TestCases.B_Verify_RightClick_OptionsTC - Finished SearchInvalidContent_CheckResults ..
16:00:13.570 [TestNG-test=RetryMultipleFailedTestcases-1] INFO  sprint2_TestCases.B_Verify_RightClick_OptionsTC - Clicked on img element
16:00:13.894 [TestNG-test=RetryMultipleFailedTestcases-1] INFO  sprint2_TestCases.B_Verify_RightClick_OptionsTC - Clicked on Insert element Button 
16:00:14.088 [TestNG-test=RetryMultipleFailedTestcases-2] INFO  sprint2_TestCases.B_Verify_RightClick_OptionsTC - Notes is inserted in DS
16:00:14.089 [TestNG-test=RetryMultipleFailedTestcases-2] INFO  sprint2_TestCases.B_Verify_RightClick_OptionsTC - Finished verify_AddingCaption_InsertBefore_InCB ..
16:00:22.284 [TestNG-test=RetryMultipleFailedTestcases-4] INFO  Elements_Testcases.Ai_RightClickOptionDSTC - Starting verify_ContentBlock_Collapse ..
16:00:24.536 [TestNG-test=RetryMultipleFailedTestcases-2] INFO  Elements_Testcases.Ai_RightClickOptionDSTC - Starting verify_ContentBlock_Collapse_Tooltip ..
16:00:25.518 [TestNG-test=RetryMultipleFailedTestcases-3] INFO  Elements_Testcases.Ai_RightClickOptionDSTC - Starting verify_ContentBlock_RightClickOptions ..
16:00:33.410 [TestNG-test=RetryMultipleFailedTestcases-1] INFO  sprint2_TestCases.B_Verify_RightClick_OptionsTC - Clicked on First img element
16:00:34.106 [TestNG-test=RetryMultipleFailedTestcases-1] INFO  sprint2_TestCases.B_Verify_RightClick_OptionsTC - Clicked Accept Change.
16:00:34.303 [TestNG-test=RetryMultipleFailedTestcases-1] INFO  sprint2_TestCases.B_Verify_RightClick_OptionsTC - Img icon is present in DS ..
16:00:34.328 [TestNG-test=RetryMultipleFailedTestcases-1] INFO  sprint2_TestCases.B_Verify_RightClick_OptionsTC - Switched to frame 0.
16:00:34.398 [TestNG-test=RetryMultipleFailedTestcases-1] INFO  sprint2_TestCases.B_Verify_RightClick_OptionsTC - Img is inserted into VE.
16:00:34.398 [TestNG-test=RetryMultipleFailedTestcases-1] INFO  sprint2_TestCases.B_Verify_RightClick_OptionsTC - Finished verify_Img_IconIndication ..
16:00:43.379 [TestNG-test=RetryMultipleFailedTestcases-1] INFO  Elements_Testcases.Ai_RightClickOptionDSTC - Starting verifyPlaceCursorAtStartingOFParaAndCheckInsertAfterPopup
16:00:51.382 [TestNG-test=RetryMultipleFailedTestcases-4] INFO  Elements_Testcases.Ai_RightClickOptionDSTC - Logged in, searched for a file, and clicked Edit.
16:00:51.398 [TestNG-test=RetryMultipleFailedTestcases-4] INFO  Elements_Testcases.Ai_RightClickOptionDSTC - Created A_Verify_ContentBlock instance.
16:00:56.500 [TestNG-test=RetryMultipleFailedTestcases-2] INFO  Elements_Testcases.Ai_RightClickOptionDSTC - Logged in, searched for a file, and clicked Edit.
16:00:56.502 [TestNG-test=RetryMultipleFailedTestcases-2] INFO  Elements_Testcases.Ai_RightClickOptionDSTC - Created A_Verify_ContentBlock instance.
16:00:56.928 [TestNG-test=RetryMultipleFailedTestcases-3] INFO  Elements_Testcases.Ai_RightClickOptionDSTC - Logged in, searched for a file, and clicked Edit.
16:00:56.929 [TestNG-test=RetryMultipleFailedTestcases-3] INFO  Elements_Testcases.Ai_RightClickOptionDSTC - Created B_Verify_RightClick_Options instance.
16:00:57.530 [TestNG-test=RetryMultipleFailedTestcases-3] INFO  Elements_Testcases.Ai_RightClickOptionDSTC - Clicked on Sectio 
16:00:59.750 [TestNG-test=RetryMultipleFailedTestcases-3] INFO  Elements_Testcases.Ai_RightClickOptionDSTC - Context Clicked on Section element 
16:01:17.633 [TestNG-test=RetryMultipleFailedTestcases-4] INFO  Elements_Testcases.Ai_RightClickOptionDSTC - Starting verify_ContentBlock_Collapse ..
16:01:18.452 [TestNG-test=RetryMultipleFailedTestcases-1] INFO  Elements_Testcases.Ai_RightClickOptionDSTC - Clicked on Insert Into 
16:01:19.861 [TestNG-test=RetryMultipleFailedTestcases-3] INFO  Elements_Testcases.Ai_RightClickOptionDSTC - Finished verify_ContentBlock_RightClickOptions ..
16:01:27.808 [TestNG-test=RetryMultipleFailedTestcases-2] INFO  Elements_Testcases.Ai_RightClickOptionDSTC - Starting verifyPlaceCursorAtMiddleOFParaAndCheckInsertIntoPopup
16:01:31.071 [TestNG-test=RetryMultipleFailedTestcases-1] INFO  Elements_Testcases.Ai_RightClickOptionDSTC - Starting verify_ContentBlock_Collapse ..
16:01:32.277 [TestNG-test=RetryMultipleFailedTestcases-3] INFO  BasicEditingTC.F7_PDFTC - Starting verify_ChapterLevel_Changes
16:01:35.824 [TestNG-test=RetryMultipleFailedTestcases-3] INFO  BasicEditingTC.F7_PDFTC - Logged in to the application.
16:01:38.635 [TestNG-test=RetryMultipleFailedTestcases-3] INFO  BasicEditingTC.F7_PDFTC - Selected project and navigated to the file list.
16:01:38.805 [TestNG-test=RetryMultipleFailedTestcases-3] INFO  BasicEditingTC.F7_PDFTC - Searched for a file by name.
16:01:47.261 [TestNG-test=RetryMultipleFailedTestcases-4] INFO  Elements_Testcases.Ai_RightClickOptionDSTC - Logged in, searched for a file, and clicked Edit.
16:01:47.262 [TestNG-test=RetryMultipleFailedTestcases-4] INFO  Elements_Testcases.Ai_RightClickOptionDSTC - Created A_Verify_ContentBlock instance.
16:01:52.536 [TestNG-test=RetryMultipleFailedTestcases-4] INFO  Elements_Testcases.Ai_RightClickOptionDSTC - clicked on Insert after ol
16:01:53.002 [TestNG-test=RetryMultipleFailedTestcases-4] INFO  Elements_Testcases.Ai_RightClickOptionDSTC - clicked on insert element button from inseet after popup
16:01:53.998 [TestNG-test=RetryMultipleFailedTestcases-4] INFO  Elements_Testcases.Ai_RightClickOptionDSTC - Verifying li present into DS
16:01:54.455 [TestNG-test=RetryMultipleFailedTestcases-4] INFO  Elements_Testcases.Ai_RightClickOptionDSTC - Ol is collapsed.
16:02:02.779 [TestNG-test=RetryMultipleFailedTestcases-1] INFO  Elements_Testcases.Ai_RightClickOptionDSTC - Logged in, searched for a file, and clicked Edit.
16:02:02.779 [TestNG-test=RetryMultipleFailedTestcases-1] INFO  Elements_Testcases.Ai_RightClickOptionDSTC - Created A_Verify_ContentBlock instance.
16:02:04.879 [TestNG-test=RetryMultipleFailedTestcases-2] INFO  Elements_Testcases.Ai_RightClickOptionDSTC - Clicked on Insert Into 
16:02:07.077 [TestNG-test=RetryMultipleFailedTestcases-4] INFO  sprint6_TestCases.HL_CommonBugsTC - Starting the test TC585_verifyAddFigureDeleteWholeContentCheckDS
16:02:14.285 [TestNG-test=RetryMultipleFailedTestcases-1] INFO  Elements_Testcases.Ai_RightClickOptionDSTC - Starting verify_ContentBlock_Collapse ..
16:02:24.919 [TestNG-test=RetryMultipleFailedTestcases-2] INFO  Elements_Testcases.Ai_RightClickOptionDSTC - Finished verifyPlaceCursorAtMiddleOFParaAndCheckInsertIntoPopup
16:02:27.588 [TestNG-test=RetryMultipleFailedTestcases-3] INFO  BasicEditingTC.F7_PDFTC - Starting verify_ChapterLevel_Changes
16:02:33.024 [TestNG-test=RetryMultipleFailedTestcases-3] INFO  BasicEditingTC.F7_PDFTC - Logged in to the application.
16:02:33.146 [TestNG-test=RetryMultipleFailedTestcases-4] INFO  sprint6_TestCases.HL_CommonBugsTC - Logged in and searched for the file, then clicked on edit.
16:02:33.159 [TestNG-test=RetryMultipleFailedTestcases-4] INFO  sprint6_TestCases.HL_CommonBugsTC - Initialized HL_CommonBugs.
16:02:35.001 [TestNG-test=RetryMultipleFailedTestcases-4] INFO  sprint6_TestCases.HL_CommonBugsTC - Context-clicked on the first paragraph.
16:02:35.536 [TestNG-test=RetryMultipleFailedTestcases-2] INFO  sprint5_TestCases.E_CommonTC - Starting verifyDoubleClickContentCheckInsertIntoOptions
16:02:35.861 [TestNG-test=RetryMultipleFailedTestcases-3] INFO  BasicEditingTC.F7_PDFTC - Selected project and navigated to the file list.
16:02:35.956 [TestNG-test=RetryMultipleFailedTestcases-3] INFO  BasicEditingTC.F7_PDFTC - Searched for a file by name.
16:02:40.826 [TestNG-test=RetryMultipleFailedTestcases-1] INFO  Elements_Testcases.Ai_RightClickOptionDSTC - Logged in, searched for a file, and clicked Edit.
16:02:40.826 [TestNG-test=RetryMultipleFailedTestcases-1] INFO  Elements_Testcases.Ai_RightClickOptionDSTC - Created A_Verify_ContentBlock instance.
16:02:57.381 [TestNG-test=RetryMultipleFailedTestcases-4] INFO  sprint6_TestCases.HL_CommonBugsTC - Starting the test TC585_verifyAddFigureDeleteWholeContentCheckDS
16:03:01.692 [TestNG-test=RetryMultipleFailedTestcases-2] INFO  sprint5_TestCases.E_CommonTC - Logged in, searched for a file, and clicked Edit.
16:03:01.724 [TestNG-test=RetryMultipleFailedTestcases-2] INFO  sprint5_TestCases.E_CommonTC - Created E_Common instance.
16:03:01.848 [TestNG-test=RetryMultipleFailedTestcases-2] INFO  sprint5_TestCases.E_CommonTC - Switched to frame 0.
16:03:02.289 [TestNG-test=RetryMultipleFailedTestcases-2] INFO  sprint5_TestCases.E_CommonTC - doublebclicked on First Para
16:03:03.457 [TestNG-test=RetryMultipleFailedTestcases-2] INFO  sprint5_TestCases.E_CommonTC - Right Clicked on First Para
16:03:03.530 [TestNG-test=RetryMultipleFailedTestcases-2] INFO  sprint5_TestCases.E_CommonTC - Switched back to default content.
16:03:03.551 [TestNG-test=RetryMultipleFailedTestcases-2] INFO  sprint5_TestCases.E_CommonTC - Switched to frame 1.
16:03:04.894 [TestNG-test=RetryMultipleFailedTestcases-2] INFO  sprint5_TestCases.E_CommonTC - clicked on Insert into
16:03:04.967 [TestNG-test=RetryMultipleFailedTestcases-2] INFO  sprint5_TestCases.E_CommonTC - Switched back to default content.
16:03:05.030 [TestNG-test=RetryMultipleFailedTestcases-2] INFO  sprint5_TestCases.E_CommonTC - Verified No Results Found msg is displayed
16:03:05.031 [TestNG-test=RetryMultipleFailedTestcases-2] INFO  sprint5_TestCases.E_CommonTC - Finished verifyDoubleClickContentCheckInsertIntoOptions
16:03:24.615 [TestNG-test=RetryMultipleFailedTestcases-4] INFO  sprint6_TestCases.HL_CommonBugsTC - Logged in and searched for the file, then clicked on edit.
16:03:24.616 [TestNG-test=RetryMultipleFailedTestcases-4] INFO  sprint6_TestCases.HL_CommonBugsTC - Initialized HL_CommonBugs.
16:03:26.486 [TestNG-test=RetryMultipleFailedTestcases-4] INFO  sprint6_TestCases.HL_CommonBugsTC - Context-clicked on the first paragraph.
16:03:27.644 [TestNG-test=RetryMultipleFailedTestcases-4] INFO  sprint6_TestCases.HL_CommonBugsTC - Clicked on Visual Editor Insert After.
16:03:28.729 [TestNG-test=RetryMultipleFailedTestcases-4] INFO  sprint6_TestCases.HL_CommonBugsTC - Added a figure.
16:03:40.586 [TestNG-test=RetryMultipleFailedTestcases-4] INFO  sprint6_TestCases.HL_CommonBugsTC - Clicked on the first figure.
