20:20:36.979 [TestNG-test=RetryMultipleFailedTestcases-4] INFO  sprint5_TestCases.Am_ListTC - Switched to frame 0.
20:20:37.998 [TestNG-test=RetryMultipleFailedTestcases-4] INFO  sprint5_TestCases.Am_ListTC - Switched to default content.
20:20:38.741 [TestNG-test=RetryMultipleFailedTestcases-4] INFO  sprint5_TestCases.Am_ListTC - Clicked on Number List Plugin.
20:20:39.269 [TestNG-test=RetryMultipleFailedTestcases-2] INFO  sprint5_TestCases.Am_ListTC - Logged in and searched for a file, then clicked Edit.
20:20:39.312 [TestNG-test=RetryMultipleFailedTestcases-2] INFO  sprint5_TestCases.Am_ListTC - Switched to frame 0.
20:20:40.435 [TestNG-test=RetryMultipleFailedTestcases-2] INFO  sprint5_TestCases.Am_ListTC - Switched to default content.
20:20:40.750 [TestNG-test=RetryMultipleFailedTestcases-4] INFO  sprint5_TestCases.Am_ListTC - Switched to frame 0.
20:20:41.464 [TestNG-test=RetryMultipleFailedTestcases-2] INFO  sprint5_TestCases.Am_ListTC - Clicked on Number List Plugin.
20:20:42.099 [TestNG-test=RetryMultipleFailedTestcases-4] INFO  sprint5_TestCases.Am_ListTC - Switched to default content.
20:20:42.121 [TestNG-test=RetryMultipleFailedTestcases-4] INFO  sprint5_TestCases.Am_ListTC - Switched to frame 1.
20:20:42.638 [TestNG-test=RetryMultipleFailedTestcases-2] INFO  sprint5_TestCases.Am_ListTC - Switched to frame 0.
20:20:42.710 [TestNG-test=RetryMultipleFailedTestcases-4] INFO  sprint5_TestCases.Am_ListTC - Switched to default content.
20:20:43.659 [TestNG-test=RetryMultipleFailedTestcases-1] INFO  sprint5_TestCases.Am_ListTC - Starting TC256_verifyListPropertiesBullet
20:20:43.666 [TestNG-test=RetryMultipleFailedTestcases-4] INFO  sprint5_TestCases.Am_ListTC - Switched to List Proprties OK Button.
20:20:44.047 [TestNG-test=RetryMultipleFailedTestcases-2] INFO  sprint5_TestCases.Am_ListTC - Switched to default content.
20:20:44.064 [TestNG-test=RetryMultipleFailedTestcases-2] INFO  sprint5_TestCases.Am_ListTC - Switched to frame 1.
20:20:44.412 [TestNG-test=RetryMultipleFailedTestcases-4] INFO  sprint5_TestCases.Am_ListTC - Switched to frame 0.
20:20:44.443 [TestNG-test=RetryMultipleFailedTestcases-4] INFO  sprint5_TestCases.Am_ListTC - Finished TC253_verifyListPropertiesSquare
20:20:44.539 [TestNG-test=RetryMultipleFailedTestcases-2] INFO  sprint5_TestCases.Am_ListTC - Switched to default content.
20:20:45.582 [TestNG-test=RetryMultipleFailedTestcases-2] INFO  sprint5_TestCases.Am_ListTC - Switched to List Proprties OK Button.
20:20:46.255 [TestNG-test=RetryMultipleFailedTestcases-2] INFO  sprint5_TestCases.Am_ListTC - Switched to frame 0.
20:20:46.282 [TestNG-test=RetryMultipleFailedTestcases-2] INFO  sprint5_TestCases.Am_ListTC - Finished TC254_verifyListPropertiesmdash
20:20:51.830 [TestNG-test=RetryMultipleFailedTestcases-4] INFO  sprint5_TestCases.Am_ListTC - Starting TC257_verifyListPropertiesNone
20:20:54.704 [TestNG-test=RetryMultipleFailedTestcases-2] INFO  sprint5_TestCases.Am_ListTC - Starting TC258_verifyBacktoBackListitems
20:21:11.042 [TestNG-test=RetryMultipleFailedTestcases-3] INFO  sprint5_TestCases.Am_ListTC - Logged in and searched for a file, then clicked Edit.
20:21:11.060 [TestNG-test=RetryMultipleFailedTestcases-3] INFO  sprint5_TestCases.Am_ListTC - Switched to frame 0.
20:21:11.897 [TestNG-test=RetryMultipleFailedTestcases-3] INFO  sprint5_TestCases.Am_ListTC - Switched to default content.
20:21:13.125 [TestNG-test=RetryMultipleFailedTestcases-1] INFO  sprint5_TestCases.Am_ListTC - Logged in and searched for a file, then clicked Edit.
20:21:13.196 [TestNG-test=RetryMultipleFailedTestcases-1] INFO  sprint5_TestCases.Am_ListTC - Switched to frame 0.
20:21:13.233 [TestNG-test=RetryMultipleFailedTestcases-3] INFO  sprint5_TestCases.Am_ListTC - Clicked on Number List Plugin.
20:21:14.352 [TestNG-test=RetryMultipleFailedTestcases-1] INFO  sprint5_TestCases.Am_ListTC - Switched to default content.
20:21:14.962 [TestNG-test=RetryMultipleFailedTestcases-3] INFO  sprint5_TestCases.Am_ListTC - Switched to frame 0.
20:21:15.109 [TestNG-test=RetryMultipleFailedTestcases-1] INFO  sprint5_TestCases.Am_ListTC - Clicked on Number List Plugin.
20:21:16.156 [TestNG-test=RetryMultipleFailedTestcases-1] INFO  sprint5_TestCases.Am_ListTC - Switched to frame 0.
20:21:18.894 [TestNG-test=RetryMultipleFailedTestcases-3] INFO  sprint5_TestCases.Am_ListTC - Switched to default content.
20:21:18.908 [TestNG-test=RetryMultipleFailedTestcases-3] INFO  sprint5_TestCases.Am_ListTC - Switched to frame 1.
20:21:18.970 [TestNG-test=RetryMultipleFailedTestcases-1] INFO  sprint5_TestCases.Am_ListTC - Switched to default content.
20:21:18.987 [TestNG-test=RetryMultipleFailedTestcases-1] INFO  sprint5_TestCases.Am_ListTC - Switched to frame 1.
20:21:19.406 [TestNG-test=RetryMultipleFailedTestcases-3] INFO  sprint5_TestCases.Am_ListTC - Switched to default content.
20:21:19.453 [TestNG-test=RetryMultipleFailedTestcases-1] INFO  sprint5_TestCases.Am_ListTC - Switched to default content.
20:21:22.493 [TestNG-test=RetryMultipleFailedTestcases-3] INFO  sprint5_TestCases.Am_ListTC - Switched to List Proprties OK Button.
20:21:23.190 [TestNG-test=RetryMultipleFailedTestcases-1] INFO  sprint5_TestCases.Am_ListTC - Switched to List Proprties OK Button.
20:21:23.817 [TestNG-test=RetryMultipleFailedTestcases-3] INFO  sprint5_TestCases.Am_ListTC - Switched to frame 0.
20:21:23.852 [TestNG-test=RetryMultipleFailedTestcases-4] INFO  sprint5_TestCases.Am_ListTC - Logged in and searched for a file, then clicked Edit.
20:21:23.971 [TestNG-test=RetryMultipleFailedTestcases-3] INFO  sprint5_TestCases.Am_ListTC - Finished TC255_verifyListPropertiesndash
20:21:24.053 [TestNG-test=RetryMultipleFailedTestcases-4] INFO  sprint5_TestCases.Am_ListTC - Switched to frame 0.
20:21:24.205 [TestNG-test=RetryMultipleFailedTestcases-1] INFO  sprint5_TestCases.Am_ListTC - Switched to frame 0.
20:21:24.280 [TestNG-test=RetryMultipleFailedTestcases-1] INFO  sprint5_TestCases.Am_ListTC - Finished TC256_verifyListPropertiesBullet
20:21:25.073 [TestNG-test=RetryMultipleFailedTestcases-4] INFO  sprint5_TestCases.Am_ListTC - Switched to default content.
20:21:26.032 [TestNG-test=RetryMultipleFailedTestcases-4] INFO  sprint5_TestCases.Am_ListTC - Clicked on Number List Plugin.
20:21:27.354 [TestNG-test=RetryMultipleFailedTestcases-4] INFO  sprint5_TestCases.Am_ListTC - Switched to frame 0.
20:21:29.009 [TestNG-test=RetryMultipleFailedTestcases-4] INFO  sprint5_TestCases.Am_ListTC - Switched to default content.
20:21:29.635 [TestNG-test=RetryMultipleFailedTestcases-4] INFO  sprint5_TestCases.Am_ListTC - Switched to frame 1.
20:21:30.772 [TestNG-test=RetryMultipleFailedTestcases-4] INFO  sprint5_TestCases.Am_ListTC - Switched to default content.
20:21:31.570 [TestNG-test=RetryMultipleFailedTestcases-1] INFO  sprint5_TestCases.Am_ListTC - Starting TC260_verifyBulletListitemsInAttributePanel
20:21:32.708 [TestNG-test=RetryMultipleFailedTestcases-4] INFO  sprint5_TestCases.Am_ListTC - Switched to List Proprties OK Button.
20:21:32.784 [TestNG-test=RetryMultipleFailedTestcases-4] INFO  sprint5_TestCases.Am_ListTC - Switched to frame 0.
20:21:32.927 [TestNG-test=RetryMultipleFailedTestcases-4] INFO  sprint5_TestCases.Am_ListTC - Finished TC257_verifyListPropertiesNone
20:21:32.958 [TestNG-test=RetryMultipleFailedTestcases-3] INFO  sprint5_TestCases.Am_ListTC - Starting TC259_verifyNumberedListitemsInAttributePanel
20:21:34.252 [TestNG-test=RetryMultipleFailedTestcases-2] INFO  sprint5_TestCases.Am_ListTC - Logged in and searched for a file, then clicked Edit.
20:21:34.280 [TestNG-test=RetryMultipleFailedTestcases-2] INFO  sprint5_TestCases.Am_ListTC - Switched to frame 0.
20:21:35.136 [TestNG-test=RetryMultipleFailedTestcases-2] INFO  sprint5_TestCases.Am_ListTC - Switched to default content.
20:21:35.921 [TestNG-test=RetryMultipleFailedTestcases-2] INFO  sprint5_TestCases.Am_ListTC - Clicked on Number List Plugin.
20:21:37.740 [TestNG-test=RetryMultipleFailedTestcases-2] INFO  sprint5_TestCases.Am_ListTC - Switched to frame 0.
20:21:38.779 [TestNG-test=RetryMultipleFailedTestcases-2] INFO  sprint5_TestCases.Am_ListTC - Clicked on Existing Para 1.
20:21:38.816 [TestNG-test=RetryMultipleFailedTestcases-2] INFO  sprint5_TestCases.Am_ListTC - Switched to default content.
20:21:39.429 [TestNG-test=RetryMultipleFailedTestcases-2] INFO  sprint5_TestCases.Am_ListTC - Clicked on Number List Plugin.
20:21:40.028 [TestNG-test=RetryMultipleFailedTestcases-2] INFO  sprint5_TestCases.Am_ListTC - Switched to frame 0.
20:21:40.524 [TestNG-test=RetryMultipleFailedTestcases-2] INFO  sprint5_TestCases.Am_ListTC - Clicked on Existing Para 1.
20:21:40.573 [TestNG-test=RetryMultipleFailedTestcases-2] INFO  sprint5_TestCases.Am_ListTC - Switched to default content.
20:21:40.811 [TestNG-test=RetryMultipleFailedTestcases-4] INFO  sprint5_TestCases.Am_ListTC - Starting TC261_verifyUnListBulletList
20:21:41.065 [TestNG-test=RetryMultipleFailedTestcases-2] INFO  sprint5_TestCases.Am_ListTC - Clicked on Number List Plugin.
20:21:41.508 [TestNG-test=RetryMultipleFailedTestcases-2] INFO  sprint5_TestCases.Am_ListTC - Switched to default content.
20:21:41.579 [TestNG-test=RetryMultipleFailedTestcases-2] INFO  sprint5_TestCases.Am_ListTC - Switched to frame 0.
20:21:41.969 [TestNG-test=RetryMultipleFailedTestcases-2] INFO  sprint5_TestCases.Am_ListTC - Clicked on first para VE.
20:21:42.004 [TestNG-test=RetryMultipleFailedTestcases-2] INFO  sprint5_TestCases.Am_ListTC - Finished TC258_verifyBacktoBackListitems
20:21:50.048 [TestNG-test=RetryMultipleFailedTestcases-2] INFO  sprint5_TestCases.Am_ListTC - Starting TC262_verifyUnlistNumberedList
20:22:00.902 [TestNG-test=RetryMultipleFailedTestcases-1] INFO  sprint5_TestCases.Am_ListTC - Logged in and searched for a file, then clicked Edit.
20:22:00.921 [TestNG-test=RetryMultipleFailedTestcases-1] INFO  sprint5_TestCases.Am_ListTC - Switched to frame 0.
20:22:01.545 [TestNG-test=RetryMultipleFailedTestcases-1] INFO  sprint5_TestCases.Am_ListTC - Clicked on first para VE.
20:22:01.729 [TestNG-test=RetryMultipleFailedTestcases-1] INFO  sprint5_TestCases.Am_ListTC - Switched to default content.
20:22:02.377 [TestNG-test=RetryMultipleFailedTestcases-3] INFO  sprint5_TestCases.Am_ListTC - Logged in and searched for a file, then clicked Edit.
20:22:02.403 [TestNG-test=RetryMultipleFailedTestcases-3] INFO  sprint5_TestCases.Am_ListTC - Switched to frame 0.
20:22:03.263 [TestNG-test=RetryMultipleFailedTestcases-1] INFO  sprint5_TestCases.Am_ListTC - Clicked on Number List Plugin.
20:22:03.387 [TestNG-test=RetryMultipleFailedTestcases-3] INFO  sprint5_TestCases.Am_ListTC - Clicked on first para VE.
20:22:03.620 [TestNG-test=RetryMultipleFailedTestcases-3] INFO  sprint5_TestCases.Am_ListTC - Switched to default content.
20:22:04.914 [TestNG-test=RetryMultipleFailedTestcases-3] INFO  sprint5_TestCases.Am_ListTC - Clicked on Number List Plugin.
20:22:05.184 [TestNG-test=RetryMultipleFailedTestcases-1] INFO  sprint5_TestCases.Am_ListTC - Finished TC260_verifyBulletListitemsInAttributePanel
20:22:06.664 [TestNG-test=RetryMultipleFailedTestcases-3] INFO  sprint5_TestCases.Am_ListTC - Finished TC259_verifyNumberedListitemsInAttributePanel
20:22:13.013 [TestNG-test=RetryMultipleFailedTestcases-4] INFO  sprint5_TestCases.Am_ListTC - Logged in and searched for a file, then clicked Edit.
20:22:13.163 [TestNG-test=RetryMultipleFailedTestcases-4] INFO  sprint5_TestCases.Am_ListTC - Switched to frame 0.
20:22:14.313 [TestNG-test=RetryMultipleFailedTestcases-4] INFO  sprint5_TestCases.Am_ListTC - Clicked on first para VE.
20:22:14.510 [TestNG-test=RetryMultipleFailedTestcases-4] INFO  sprint5_TestCases.Am_ListTC - Switched to default content.
20:22:14.648 [TestNG-test=RetryMultipleFailedTestcases-3] INFO  sprint5_TestCases.C_CommonBugsTC - Starting test TC463_verifyEmphasisToList.
20:22:14.745 [TestNG-test=RetryMultipleFailedTestcases-1] INFO  sprint5_TestCases.C_CommonBugsTC - Starting test TC462_verifyExistingEmphasisListandUnlist.
20:22:15.915 [TestNG-test=RetryMultipleFailedTestcases-4] INFO  sprint5_TestCases.Am_ListTC - Clicked on Bullet List Plugin.
20:22:18.377 [TestNG-test=RetryMultipleFailedTestcases-4] INFO  sprint5_TestCases.Am_ListTC - Clicked on Bullet List Plugin.
20:22:25.643 [TestNG-test=RetryMultipleFailedTestcases-2] INFO  sprint5_TestCases.Am_ListTC - Logged in and searched for a file, then clicked Edit.
20:22:25.663 [TestNG-test=RetryMultipleFailedTestcases-2] INFO  sprint5_TestCases.Am_ListTC - Switched to frame 0.
20:22:26.287 [TestNG-test=RetryMultipleFailedTestcases-2] INFO  sprint5_TestCases.Am_ListTC - Clicked on first para VE.
20:22:26.341 [TestNG-test=RetryMultipleFailedTestcases-2] INFO  sprint5_TestCases.Am_ListTC - Switched to default content.
20:22:27.083 [TestNG-test=RetryMultipleFailedTestcases-2] INFO  sprint5_TestCases.Am_ListTC - Clicked on Number List Plugin.
20:22:28.557 [TestNG-test=RetryMultipleFailedTestcases-2] INFO  sprint5_TestCases.Am_ListTC - Clicked on Number List Plugin.
20:22:41.987 [TestNG-test=RetryMultipleFailedTestcases-1] INFO  sprint5_TestCases.C_CommonBugsTC - Logged in and clicked on Edit.
20:22:41.993 [TestNG-test=RetryMultipleFailedTestcases-1] INFO  sprint5_TestCases.C_CommonBugsTC - Initialized the CommonBugs page object.
20:22:42.893 [TestNG-test=RetryMultipleFailedTestcases-1] INFO  sprint5_TestCases.C_CommonBugsTC - Double-clicked on the bold element in the paragraph.
20:22:43.522 [TestNG-test=RetryMultipleFailedTestcases-1] INFO  sprint5_TestCases.C_CommonBugsTC - Clicked on 'Number List' twice.
20:22:45.239 [TestNG-test=RetryMultipleFailedTestcases-1] INFO  sprint5_TestCases.C_CommonBugsTC - Checked if the same Emphasis is disabled after adding List and Unlist.
20:22:45.239 [TestNG-test=RetryMultipleFailedTestcases-1] INFO  sprint5_TestCases.C_CommonBugsTC - Test TC462_verifyExistingEmphasisListandUnlist completed.
20:22:58.856 [TestNG-test=RetryMultipleFailedTestcases-4] INFO  sprint5_TestCases.Am_ListTC - Finished TC261_verifyUnListBulletList
20:23:08.809 [TestNG-test=RetryMultipleFailedTestcases-2] INFO  sprint5_TestCases.Am_ListTC - Finished TC262_verifyUnlistNumberedList
20:23:20.039 [TestNG-test=RetryMultipleFailedTestcases-3] INFO  sprint5_TestCases.C_CommonBugsTC - Logged in and clicked on Edit.
20:23:20.349 [TestNG-test=RetryMultipleFailedTestcases-3] INFO  sprint5_TestCases.C_CommonBugsTC - Clicked on the bold text in the paragraph.
20:23:20.754 [TestNG-test=RetryMultipleFailedTestcases-3] INFO  sprint5_TestCases.C_CommonBugsTC - Clicked on the Number List option.
20:23:21.221 [TestNG-test=RetryMultipleFailedTestcases-3] INFO  sprint5_TestCases.C_CommonBugsTC - Verified that the list is displayed in the paragraph.
20:23:21.221 [TestNG-test=RetryMultipleFailedTestcases-3] INFO  sprint5_TestCases.C_CommonBugsTC - Test TC463_verifyEmphasisToList completed.
20:27:02.446 [TestNG-test=RetryMultipleFailedTestcases-3] INFO  BasicEditingTC.F12_UndoRedoTC - Logged in and searched for a file, then clicked Edit.
20:27:02.840 [TestNG-test=RetryMultipleFailedTestcases-3] INFO  BasicEditingTC.F12_UndoRedoTC - Switched to frame 0.
20:27:03.823 [TestNG-test=RetryMultipleFailedTestcases-3] INFO  BasicEditingTC.F12_UndoRedoTC - Switched to default content.
20:27:05.081 [TestNG-test=RetryMultipleFailedTestcases-1] INFO  sprint5_TestCases.Ab_UndoTC - Clicking the First Paragraph.
20:27:05.345 [TestNG-test=RetryMultipleFailedTestcases-4] INFO  BasicEditingTC.F12_UndoRedoTC - Logged in and searched for a file, then clicked Edit.
20:27:05.370 [TestNG-test=RetryMultipleFailedTestcases-4] INFO  BasicEditingTC.F12_UndoRedoTC - Switched to frame 0.
20:27:05.597 [TestNG-test=RetryMultipleFailedTestcases-1] INFO  sprint5_TestCases.Ab_UndoTC - Pressing Enter and typing 'Hi'.
20:27:05.891 [TestNG-test=RetryMultipleFailedTestcases-4] INFO  BasicEditingTC.F12_UndoRedoTC - Switched to default content.
20:27:06.578 [TestNG-test=RetryMultipleFailedTestcases-1] INFO  sprint5_TestCases.Ab_UndoTC - Asserting that new content 'Hi' is displayed.
20:27:07.043 [TestNG-test=RetryMultipleFailedTestcases-1] INFO  sprint5_TestCases.Ab_UndoTC - Holding Shift key and selecting text.
20:27:07.294 [TestNG-test=RetryMultipleFailedTestcases-1] INFO  sprint5_TestCases.Ab_UndoTC - Switching back to default content.
20:27:07.504 [TestNG-test=RetryMultipleFailedTestcases-1] INFO  sprint5_TestCases.Ab_UndoTC - Clicking Undo.
20:27:07.846 [TestNG-test=RetryMultipleFailedTestcases-3] INFO  BasicEditingTC.F12_UndoRedoTC - Clicked on track changes.
20:27:07.932 [TestNG-test=RetryMultipleFailedTestcases-3] INFO  BasicEditingTC.F12_UndoRedoTC - Switched to frame 0.
20:27:07.969 [TestNG-test=RetryMultipleFailedTestcases-3] INFO  BasicEditingTC.F12_UndoRedoTC - Switched to default content.
20:27:08.186 [TestNG-test=RetryMultipleFailedTestcases-1] INFO  sprint5_TestCases.Ab_UndoTC - Switching to frame 0.
20:27:08.363 [TestNG-test=RetryMultipleFailedTestcases-1] INFO  sprint5_TestCases.Ab_UndoTC - Asserting that new content 'Hi' is still present in Visual Editor after clicking on undo.
20:27:08.464 [TestNG-test=RetryMultipleFailedTestcases-1] INFO  sprint5_TestCases.Ab_UndoTC - Switching back to default content.
20:27:08.469 [TestNG-test=RetryMultipleFailedTestcases-1] INFO  sprint5_TestCases.Ab_UndoTC - Clicking Quick Preview.
20:27:09.065 [TestNG-test=RetryMultipleFailedTestcases-1] INFO  sprint5_TestCases.Ab_UndoTC - Switching to frame 0.
20:27:09.149 [TestNG-test=RetryMultipleFailedTestcases-3] INFO  BasicEditingTC.F12_UndoRedoTC - Switched to frame 0.
20:27:09.283 [TestNG-test=RetryMultipleFailedTestcases-1] INFO  sprint5_TestCases.Ab_UndoTC - Asserting that new content 'Hi' is still in Quick preview after clicking on undo.
20:27:09.495 [TestNG-test=RetryMultipleFailedTestcases-1] INFO  sprint5_TestCases.Ab_UndoTC - Switching back to default content.
20:27:09.509 [TestNG-test=RetryMultipleFailedTestcases-1] INFO  sprint5_TestCases.Ab_UndoTC - Clicking Code View.
20:27:09.689 [TestNG-test=RetryMultipleFailedTestcases-4] INFO  BasicEditingTC.F12_UndoRedoTC - Clicked on track changes.
20:27:09.819 [TestNG-test=RetryMultipleFailedTestcases-4] INFO  BasicEditingTC.F12_UndoRedoTC - Switched to frame 0.
20:27:09.868 [TestNG-test=RetryMultipleFailedTestcases-1] INFO  sprint5_TestCases.Ab_UndoTC - Asserting that Content Validation is not present.
20:27:09.876 [TestNG-test=RetryMultipleFailedTestcases-4] INFO  BasicEditingTC.F12_UndoRedoTC - Switched to default content.
20:27:10.907 [TestNG-test=RetryMultipleFailedTestcases-4] INFO  BasicEditingTC.F12_UndoRedoTC - Switched to frame 0.
20:27:51.018 [TestNG-test=RetryMultipleFailedTestcases-4] INFO  BasicEditingTC.F12_UndoRedoTC - Switched to default content.
20:27:51.809 [TestNG-test=RetryMultipleFailedTestcases-4] INFO  BasicEditingTC.F12_UndoRedoTC - Switched to frame 0.
20:27:58.424 [TestNG-test=RetryMultipleFailedTestcases-3] INFO  BasicEditingTC.F12_UndoRedoTC - Starting verify_Insert_Table
20:27:58.518 [TestNG-test=RetryMultipleFailedTestcases-1] INFO  BasicEditingTC.F12_UndoRedoTC - Starting verify_Insert_Table
20:28:03.292 [TestNG-test=RetryMultipleFailedTestcases-4] INFO  BasicEditingTC.F12_UndoRedoTC - Starting verify_ExistingList_PropertiesPopup
20:28:17.651 [TestNG-test=RetryMultipleFailedTestcases-2] INFO  sprint5_TestCases.Ab_UndoTC - Right-clicking on the liValueone element.
20:28:22.506 [TestNG-test=RetryMultipleFailedTestcases-2] INFO  sprint5_TestCases.Ab_UndoTC - Clicking on Remove Element Block.
20:28:23.016 [TestNG-test=RetryMultipleFailedTestcases-2] INFO  sprint5_TestCases.Ab_UndoTC - Switching to frame 0.
20:28:23.291 [TestNG-test=RetryMultipleFailedTestcases-2] INFO  sprint5_TestCases.Ab_UndoTC - Clicking the Spantext72 element.
20:28:23.688 [TestNG-test=RetryMultipleFailedTestcases-2] INFO  sprint5_TestCases.Ab_UndoTC - Switching back to default content.
20:28:23.717 [TestNG-test=RetryMultipleFailedTestcases-2] INFO  sprint5_TestCases.Ab_UndoTC - Clicking Accept Change.
20:28:23.935 [TestNG-test=RetryMultipleFailedTestcases-2] INFO  sprint5_TestCases.Ab_UndoTC - Asserting that existing content is not removed from Document Structure.
20:28:41.231 [TestNG-test=RetryMultipleFailedTestcases-1] INFO  BasicEditingTC.F12_UndoRedoTC - Logged in, searched for a file, and clicked Edit.
20:28:41.233 [TestNG-test=RetryMultipleFailedTestcases-1] INFO  BasicEditingTC.F12_UndoRedoTC - Created F4_Table instance.
20:28:44.491 [TestNG-test=RetryMultipleFailedTestcases-2] INFO  sprint5_TestCases.Ab_UndoTC - Clicking Undo.
20:28:44.550 [TestNG-test=RetryMultipleFailedTestcases-4] INFO  BasicEditingTC.F12_UndoRedoTC - Logged in, searched for a file, and clicked Edit.
20:28:44.576 [TestNG-test=RetryMultipleFailedTestcases-4] INFO  BasicEditingTC.F12_UndoRedoTC - Switched to frame 0.
20:28:45.243 [TestNG-test=RetryMultipleFailedTestcases-3] INFO  BasicEditingTC.F12_UndoRedoTC - Logged in, searched for a file, and clicked Edit.
20:28:45.245 [TestNG-test=RetryMultipleFailedTestcases-3] INFO  BasicEditingTC.F12_UndoRedoTC - Created F4_Table instance.
20:28:45.468 [TestNG-test=RetryMultipleFailedTestcases-2] INFO  sprint5_TestCases.Ab_UndoTC - Asserting that existing content is present in Document Structure after clicking on Undo.
20:28:46.171 [TestNG-test=RetryMultipleFailedTestcases-4] INFO  BasicEditingTC.F12_UndoRedoTC - Performed right-click on the existing list item.
20:28:46.415 [TestNG-test=RetryMultipleFailedTestcases-4] INFO  BasicEditingTC.F12_UndoRedoTC - Switched back to default content.
20:28:46.490 [TestNG-test=RetryMultipleFailedTestcases-4] INFO  BasicEditingTC.F12_UndoRedoTC - Switched to frame 1.
20:28:47.089 [TestNG-test=RetryMultipleFailedTestcases-2] INFO  sprint5_TestCases.Ab_UndoTC - Switching to frame 0.
20:28:47.112 [TestNG-test=RetryMultipleFailedTestcases-2] INFO  sprint5_TestCases.Ab_UndoTC - Asserting that existing content is present in the VE after clicking on Undo.
20:28:47.186 [TestNG-test=RetryMultipleFailedTestcases-2] INFO  sprint5_TestCases.Ab_UndoTC - Switching back to default content.
20:28:47.189 [TestNG-test=RetryMultipleFailedTestcases-2] INFO  sprint5_TestCases.Ab_UndoTC - Clicking Quick Preview.
20:28:47.290 [TestNG-test=RetryMultipleFailedTestcases-4] INFO  BasicEditingTC.F12_UndoRedoTC - Clicked on Remove Element Block.
20:28:47.555 [TestNG-test=RetryMultipleFailedTestcases-4] INFO  BasicEditingTC.F12_UndoRedoTC - Switched back to default content.
20:28:47.588 [TestNG-test=RetryMultipleFailedTestcases-4] INFO  BasicEditingTC.F12_UndoRedoTC - Switched back to frame 0.
20:28:47.684 [TestNG-test=RetryMultipleFailedTestcases-4] INFO  BasicEditingTC.F12_UndoRedoTC - Verified that the list is deleted in VE.
20:28:47.906 [TestNG-test=RetryMultipleFailedTestcases-2] INFO  sprint5_TestCases.Ab_UndoTC - Switching to frame 0.
20:28:47.977 [TestNG-test=RetryMultipleFailedTestcases-2] INFO  sprint5_TestCases.Ab_UndoTC - Asserting that existing content is present in Quick Preview after clicking on Undo.
20:28:48.175 [TestNG-test=RetryMultipleFailedTestcases-2] INFO  sprint5_TestCases.Ab_UndoTC - Switching back to default content.
20:28:48.184 [TestNG-test=RetryMultipleFailedTestcases-2] INFO  sprint5_TestCases.Ab_UndoTC - Clicking Code View.
20:28:48.670 [TestNG-test=RetryMultipleFailedTestcases-4] INFO  BasicEditingTC.F12_UndoRedoTC - Switched back to frame 0.
20:28:48.685 [TestNG-test=RetryMultipleFailedTestcases-2] INFO  sprint5_TestCases.Ab_UndoTC - Switching to frame 0.
20:28:48.696 [TestNG-test=RetryMultipleFailedTestcases-4] INFO  BasicEditingTC.F12_UndoRedoTC - Verified that the list is deleted in VE.
20:28:48.732 [TestNG-test=RetryMultipleFailedTestcases-2] INFO  sprint5_TestCases.Ab_UndoTC - Asserting that existing content is present in Code View after clicking on Undo.
20:28:49.969 [TestNG-test=RetryMultipleFailedTestcases-1] INFO  BasicEditingTC.F12_UndoRedoTC - Inserted table using ReusableMethods.
20:28:50.190 [TestNG-test=RetryMultipleFailedTestcases-1] INFO  BasicEditingTC.F12_UndoRedoTC - Switched to frame 0.
20:28:50.292 [TestNG-test=RetryMultipleFailedTestcases-1] INFO  BasicEditingTC.F12_UndoRedoTC - Table is inserted in the Visual Editor.
20:28:50.294 [TestNG-test=RetryMultipleFailedTestcases-1] INFO  BasicEditingTC.F12_UndoRedoTC - Switched back to default content.
20:28:50.437 [TestNG-test=RetryMultipleFailedTestcases-1] INFO  BasicEditingTC.F12_UndoRedoTC - Document Structure is updated with the table.
20:28:55.823 [TestNG-test=RetryMultipleFailedTestcases-2] INFO  sprint5_TestCases.C_CommonBugsTC - Starting test TC775_verifyDeleteColumnExisting.
20:28:57.267 [TestNG-test=RetryMultipleFailedTestcases-4] INFO  sprint5_TestCases.Ac_RedoTC - Starting test TC048_verifyRedoInFootnote.
20:28:58.603 [TestNG-test=RetryMultipleFailedTestcases-3] INFO  BasicEditingTC.F12_UndoRedoTC - Inserted table using ReusableMethods.
20:28:58.687 [TestNG-test=RetryMultipleFailedTestcases-3] INFO  BasicEditingTC.F12_UndoRedoTC - Switched to frame 0.
20:28:58.745 [TestNG-test=RetryMultipleFailedTestcases-3] INFO  BasicEditingTC.F12_UndoRedoTC - Table is inserted in the Visual Editor.
20:28:58.747 [TestNG-test=RetryMultipleFailedTestcases-3] INFO  BasicEditingTC.F12_UndoRedoTC - Switched back to default content.
20:28:58.798 [TestNG-test=RetryMultipleFailedTestcases-3] INFO  BasicEditingTC.F12_UndoRedoTC - Document Structure is updated with the table.
20:29:30.877 [TestNG-test=RetryMultipleFailedTestcases-2] INFO  sprint5_TestCases.C_CommonBugsTC - Logged in and clicked on Edit.
20:29:31.633 [TestNG-test=RetryMultipleFailedTestcases-4] INFO  sprint5_TestCases.Ac_RedoTC - Creating a new Footnote.
20:29:31.728 [TestNG-test=RetryMultipleFailedTestcases-2] INFO  sprint5_TestCases.C_CommonBugsTC - Clicked on a table cell.
20:29:32.204 [TestNG-test=RetryMultipleFailedTestcases-2] INFO  sprint5_TestCases.C_CommonBugsTC - Clicked on the Table Properties tab.
20:29:32.966 [TestNG-test=RetryMultipleFailedTestcases-2] INFO  sprint5_TestCases.C_CommonBugsTC - Clicked 'Delete Column'.
20:29:33.571 [TestNG-test=RetryMultipleFailedTestcases-2] INFO  sprint5_TestCases.C_CommonBugsTC - Clicked on a table cell.
20:29:33.752 [TestNG-test=RetryMultipleFailedTestcases-2] INFO  sprint5_TestCases.C_CommonBugsTC - Clicked 'Delete Column'.
20:29:34.313 [TestNG-test=RetryMultipleFailedTestcases-2] INFO  sprint5_TestCases.C_CommonBugsTC - Clicked 'Accept Change'.
20:29:34.607 [TestNG-test=RetryMultipleFailedTestcases-2] INFO  sprint5_TestCases.C_CommonBugsTC - Verified the table column count before Undo.
20:29:35.815 [TestNG-test=RetryMultipleFailedTestcases-2] INFO  sprint5_TestCases.C_CommonBugsTC - Clicked 'Undo'.
20:29:36.361 [TestNG-test=RetryMultipleFailedTestcases-2] INFO  sprint5_TestCases.C_CommonBugsTC - Verified the table column count after Undo.
20:29:36.362 [TestNG-test=RetryMultipleFailedTestcases-2] INFO  sprint5_TestCases.C_CommonBugsTC - Test TC775_verifyDeleteColumnExisting completed.
20:29:39.812 [TestNG-test=RetryMultipleFailedTestcases-1] INFO  BasicEditingTC.F12_UndoRedoTC - Starting verify_Insert_Table
20:29:40.187 [TestNG-test=RetryMultipleFailedTestcases-4] INFO  sprint5_TestCases.Ac_RedoTC - Verifying the presence of Footnote.
20:29:40.292 [TestNG-test=RetryMultipleFailedTestcases-4] INFO  sprint5_TestCases.Ac_RedoTC - Performing Redo operations.
20:29:44.357 [TestNG-test=RetryMultipleFailedTestcases-2] INFO  sprint5_TestCases.C_CommonBugsTC - Starting test TC780_verifyInsertEntityUndoRedo.
20:29:47.093 [TestNG-test=RetryMultipleFailedTestcases-3] INFO  BasicEditingTC.F12_UndoRedoTC - Starting verify_Insert_Table
20:29:49.559 [TestNG-test=RetryMultipleFailedTestcases-4] INFO  sprint5_TestCases.Ac_RedoTC - Verifying the presence of Footnote after Redo.
20:29:49.601 [TestNG-test=RetryMultipleFailedTestcases-4] INFO  sprint5_TestCases.Ac_RedoTC - Test TC048_verifyRedoInFootnote completed.
20:29:56.337 [TestNG-test=RetryMultipleFailedTestcases-4] INFO  sprint5_TestCases.E_CommonTC - Starting verifyUndoInCB
20:30:27.869 [TestNG-test=RetryMultipleFailedTestcases-2] INFO  sprint5_TestCases.C_CommonBugsTC - Logged in and clicked on Edit.
20:30:28.100 [TestNG-test=RetryMultipleFailedTestcases-3] INFO  BasicEditingTC.F12_UndoRedoTC - Logged in, searched for a file, and clicked Edit.
20:30:28.101 [TestNG-test=RetryMultipleFailedTestcases-3] INFO  BasicEditingTC.F12_UndoRedoTC - Created F4_Table instance.
20:30:28.413 [TestNG-test=RetryMultipleFailedTestcases-2] INFO  sprint5_TestCases.C_CommonBugsTC - Clicked on Entity.
20:30:29.670 [TestNG-test=RetryMultipleFailedTestcases-2] INFO  sprint5_TestCases.C_CommonBugsTC - Clicked the first expander.
20:30:29.900 [TestNG-test=RetryMultipleFailedTestcases-2] INFO  sprint5_TestCases.C_CommonBugsTC - Clicked the FancyTreeNode.
20:30:30.381 [TestNG-test=RetryMultipleFailedTestcases-2] INFO  sprint5_TestCases.C_CommonBugsTC - Clicked Entity Insert button.
20:30:30.482 [TestNG-test=RetryMultipleFailedTestcases-2] INFO  sprint5_TestCases.C_CommonBugsTC - Verified that Track change is enabled.
20:30:31.057 [TestNG-test=RetryMultipleFailedTestcases-2] INFO  sprint5_TestCases.C_CommonBugsTC - Clicked Quick Preview.
20:30:31.370 [TestNG-test=RetryMultipleFailedTestcases-2] INFO  sprint5_TestCases.C_CommonBugsTC - Verified that Entity is inserted.
20:30:32.673 [TestNG-test=RetryMultipleFailedTestcases-2] INFO  sprint5_TestCases.C_CommonBugsTC - Clicked Undo.
20:30:33.249 [TestNG-test=RetryMultipleFailedTestcases-2] INFO  sprint5_TestCases.C_CommonBugsTC - Clicked Redo.
20:30:33.340 [TestNG-test=RetryMultipleFailedTestcases-2] INFO  sprint5_TestCases.C_CommonBugsTC - Verified that the Attribute panel is updated accordingly.
20:30:33.341 [TestNG-test=RetryMultipleFailedTestcases-2] INFO  sprint5_TestCases.C_CommonBugsTC - Test TC780_verifyInsertEntityUndoRedo completed.
20:30:36.835 [TestNG-test=RetryMultipleFailedTestcases-3] INFO  BasicEditingTC.F12_UndoRedoTC - Inserted table using ReusableMethods.
20:30:36.943 [TestNG-test=RetryMultipleFailedTestcases-3] INFO  BasicEditingTC.F12_UndoRedoTC - Switched to frame 0.
20:30:37.074 [TestNG-test=RetryMultipleFailedTestcases-3] INFO  BasicEditingTC.F12_UndoRedoTC - Table is inserted in the Visual Editor.
20:30:37.078 [TestNG-test=RetryMultipleFailedTestcases-3] INFO  BasicEditingTC.F12_UndoRedoTC - Switched back to default content.
20:30:37.195 [TestNG-test=RetryMultipleFailedTestcases-3] INFO  BasicEditingTC.F12_UndoRedoTC - Document Structure is updated with the table.
20:30:37.976 [TestNG-test=RetryMultipleFailedTestcases-4] INFO  sprint5_TestCases.E_CommonTC - Logged in, searched for a file, and clicked Edit.
20:30:38.013 [TestNG-test=RetryMultipleFailedTestcases-4] INFO  sprint5_TestCases.E_CommonTC - Switched to frame 0.
20:30:38.562 [TestNG-test=RetryMultipleFailedTestcases-4] INFO  sprint5_TestCases.E_CommonTC - clicked on VE First para 
20:30:38.562 [TestNG-test=RetryMultipleFailedTestcases-4] INFO  sprint5_TestCases.E_CommonTC - Created Actions class instance.
20:30:40.223 [TestNG-test=RetryMultipleFailedTestcases-4] INFO  sprint5_TestCases.E_CommonTC - Switched back to default content.
20:30:41.619 [TestNG-test=RetryMultipleFailedTestcases-4] INFO  sprint5_TestCases.E_CommonTC - Clicked on Undo Plugin
20:30:42.099 [TestNG-test=RetryMultipleFailedTestcases-2] INFO  sprint5_TestCases.E_CommonTC - Starting verifyFindReplaceUndoRedo
20:30:46.838 [TestNG-test=RetryMultipleFailedTestcases-1] INFO  BasicEditingTC.F12_UndoRedoTC - Logged in, searched for a file, and clicked Edit.
20:30:46.840 [TestNG-test=RetryMultipleFailedTestcases-1] INFO  BasicEditingTC.F12_UndoRedoTC - Created F4_Table instance.
20:30:54.001 [TestNG-test=RetryMultipleFailedTestcases-1] INFO  BasicEditingTC.F12_UndoRedoTC - Inserted table using ReusableMethods.
20:30:54.056 [TestNG-test=RetryMultipleFailedTestcases-1] INFO  BasicEditingTC.F12_UndoRedoTC - Switched to frame 0.
20:30:54.135 [TestNG-test=RetryMultipleFailedTestcases-1] INFO  BasicEditingTC.F12_UndoRedoTC - Table is inserted in the Visual Editor.
20:30:54.140 [TestNG-test=RetryMultipleFailedTestcases-1] INFO  BasicEditingTC.F12_UndoRedoTC - Switched back to default content.
20:30:54.201 [TestNG-test=RetryMultipleFailedTestcases-1] INFO  BasicEditingTC.F12_UndoRedoTC - Document Structure is updated with the table.
20:31:22.169 [TestNG-test=RetryMultipleFailedTestcases-4] INFO  sprint5_TestCases.E_CommonTC - Finished verifyUndoInCB ..
20:31:26.160 [TestNG-test=RetryMultipleFailedTestcases-2] INFO  sprint5_TestCases.E_CommonTC - Logged in, searched for a file, and clicked Edit.
20:31:26.165 [TestNG-test=RetryMultipleFailedTestcases-2] INFO  sprint5_TestCases.E_CommonTC - Created E_Common instance.
20:31:26.257 [TestNG-test=RetryMultipleFailedTestcases-2] INFO  sprint5_TestCases.E_CommonTC - Verified Find Replace Enabled
20:31:26.416 [TestNG-test=RetryMultipleFailedTestcases-3] INFO  BasicEditingTC.F12_UndoRedoTC - Starting verify_Insert_Table
20:31:26.421 [TestNG-test=RetryMultipleFailedTestcases-2] INFO  sprint5_TestCases.E_CommonTC - Verified Find Replace is displayed
20:31:26.865 [TestNG-test=RetryMultipleFailedTestcases-2] INFO  sprint5_TestCases.E_CommonTC - Clicked on Replace plugin.
20:31:28.540 [TestNG-test=RetryMultipleFailedTestcases-2] INFO  sprint5_TestCases.E_CommonTC - Created Actions class instance.
20:31:29.074 [TestNG-test=RetryMultipleFailedTestcases-2] INFO  sprint5_TestCases.E_CommonTC - Clicked on Replace Button.
20:31:30.018 [TestNG-test=RetryMultipleFailedTestcases-2] INFO  sprint5_TestCases.E_CommonTC - Clicked on Replace Close button.
20:31:30.069 [TestNG-test=RetryMultipleFailedTestcases-2] INFO  sprint5_TestCases.E_CommonTC - Switched to frame 0.
20:31:30.114 [TestNG-test=RetryMultipleFailedTestcases-2] INFO  sprint5_TestCases.E_CommonTC - Switched back to default content.
20:31:30.820 [TestNG-test=RetryMultipleFailedTestcases-2] INFO  sprint5_TestCases.E_CommonTC - Clicked on Undo Plugin
20:31:30.823 [TestNG-test=RetryMultipleFailedTestcases-4] INFO  sprint5_TestCases.E_CommonTC - Starting verifyUndoRedoEmphasis
20:31:30.993 [TestNG-test=RetryMultipleFailedTestcases-2] INFO  sprint5_TestCases.E_CommonTC - Switched to frame 0.
20:31:43.674 [TestNG-test=RetryMultipleFailedTestcases-1] INFO  BasicEditingTC.F12_UndoRedoTC - Starting verify_Insert_Table
20:31:54.983 [TestNG-test=RetryMultipleFailedTestcases-3] INFO  BasicEditingTC.F12_UndoRedoTC - Logged in, searched for a file, and clicked Edit.
20:31:54.984 [TestNG-test=RetryMultipleFailedTestcases-3] INFO  BasicEditingTC.F12_UndoRedoTC - Created F4_Table instance.
20:32:02.233 [TestNG-test=RetryMultipleFailedTestcases-3] INFO  BasicEditingTC.F12_UndoRedoTC - Inserted table using ReusableMethods.
20:32:02.282 [TestNG-test=RetryMultipleFailedTestcases-3] INFO  BasicEditingTC.F12_UndoRedoTC - Switched to frame 0.
20:32:02.332 [TestNG-test=RetryMultipleFailedTestcases-3] INFO  BasicEditingTC.F12_UndoRedoTC - Table is inserted in the Visual Editor.
20:32:02.335 [TestNG-test=RetryMultipleFailedTestcases-3] INFO  BasicEditingTC.F12_UndoRedoTC - Switched back to default content.
20:32:02.400 [TestNG-test=RetryMultipleFailedTestcases-3] INFO  BasicEditingTC.F12_UndoRedoTC - Document Structure is updated with the table.
20:32:05.447 [TestNG-test=RetryMultipleFailedTestcases-4] INFO  sprint5_TestCases.E_CommonTC - Logged in, searched for a file, and clicked Edit.
20:32:05.449 [TestNG-test=RetryMultipleFailedTestcases-4] INFO  sprint5_TestCases.E_CommonTC - Created E_Common instance.
20:32:05.481 [TestNG-test=RetryMultipleFailedTestcases-4] INFO  sprint5_TestCases.E_CommonTC - Switched to frame 0.
20:32:05.485 [TestNG-test=RetryMultipleFailedTestcases-4] INFO  sprint5_TestCases.E_CommonTC - Switched back to default content.
20:32:05.705 [TestNG-test=RetryMultipleFailedTestcases-4] INFO  sprint5_TestCases.E_CommonTC - Clicked on Bold Button
20:32:11.125 [TestNG-test=RetryMultipleFailedTestcases-2] INFO  sprint5_TestCases.E_CommonTC - Switched back to default content.
20:32:11.764 [TestNG-test=RetryMultipleFailedTestcases-2] INFO  sprint5_TestCases.E_CommonTC - Clicked on Redo Plugin
20:32:11.854 [TestNG-test=RetryMultipleFailedTestcases-2] INFO  sprint5_TestCases.E_CommonTC - Switched to frame 0.
20:32:11.961 [TestNG-test=RetryMultipleFailedTestcases-2] INFO  sprint5_TestCases.E_CommonTC - Finished verifyFindReplaceUndoRedo ..
20:32:20.304 [TestNG-test=RetryMultipleFailedTestcases-4] INFO  sprint5_TestCases.E_CommonTC - Starting verifyUndoRedoEmphasis
20:32:23.850 [TestNG-test=RetryMultipleFailedTestcases-1] INFO  BasicEditingTC.F12_UndoRedoTC - Logged in, searched for a file, and clicked Edit.
20:32:23.851 [TestNG-test=RetryMultipleFailedTestcases-1] INFO  BasicEditingTC.F12_UndoRedoTC - Created F4_Table instance.
20:32:31.439 [TestNG-test=RetryMultipleFailedTestcases-1] INFO  BasicEditingTC.F12_UndoRedoTC - Inserted table using ReusableMethods.
20:32:31.492 [TestNG-test=RetryMultipleFailedTestcases-1] INFO  BasicEditingTC.F12_UndoRedoTC - Switched to frame 0.
20:32:31.562 [TestNG-test=RetryMultipleFailedTestcases-1] INFO  BasicEditingTC.F12_UndoRedoTC - Table is inserted in the Visual Editor.
20:32:31.567 [TestNG-test=RetryMultipleFailedTestcases-1] INFO  BasicEditingTC.F12_UndoRedoTC - Switched back to default content.
20:32:31.674 [TestNG-test=RetryMultipleFailedTestcases-1] INFO  BasicEditingTC.F12_UndoRedoTC - Document Structure is updated with the table.
20:32:58.488 [TestNG-test=RetryMultipleFailedTestcases-4] INFO  sprint5_TestCases.E_CommonTC - Logged in, searched for a file, and clicked Edit.
20:32:58.490 [TestNG-test=RetryMultipleFailedTestcases-4] INFO  sprint5_TestCases.E_CommonTC - Created E_Common instance.
20:32:58.516 [TestNG-test=RetryMultipleFailedTestcases-4] INFO  sprint5_TestCases.E_CommonTC - Switched to frame 0.
20:32:58.520 [TestNG-test=RetryMultipleFailedTestcases-4] INFO  sprint5_TestCases.E_CommonTC - Switched back to default content.
20:32:58.776 [TestNG-test=RetryMultipleFailedTestcases-4] INFO  sprint5_TestCases.E_CommonTC - Clicked on Bold Button
20:33:05.359 [TestNG-test=RetryMultipleFailedTestcases-4] INFO  sprint5_TestCases.E_CommonTC - Starting verifyUndoRedoEmphasis
20:33:36.101 [TestNG-test=RetryMultipleFailedTestcases-4] INFO  sprint5_TestCases.E_CommonTC - Logged in, searched for a file, and clicked Edit.
20:33:36.105 [TestNG-test=RetryMultipleFailedTestcases-4] INFO  sprint5_TestCases.E_CommonTC - Created E_Common instance.
20:33:36.188 [TestNG-test=RetryMultipleFailedTestcases-4] INFO  sprint5_TestCases.E_CommonTC - Switched to frame 0.
20:33:36.192 [TestNG-test=RetryMultipleFailedTestcases-4] INFO  sprint5_TestCases.E_CommonTC - Switched back to default content.
20:33:36.476 [TestNG-test=RetryMultipleFailedTestcases-4] INFO  sprint5_TestCases.E_CommonTC - Clicked on Bold Button
20:35:20.413 [TestNG-test=RetryMultipleFailedTestcases-3] INFO  BasicEditingTC.F5_CrossReferenceTC - Starting verify_CrossReference_EditLink_VE ..
20:35:20.595 [TestNG-test=RetryMultipleFailedTestcases-2] INFO  BasicEditingTC.F5_CrossReferenceTC - Starting verify_CrossReference_EditLink_DS ..
20:35:21.247 [TestNG-test=RetryMultipleFailedTestcases-1] INFO  BasicEditingTC.F5_CrossReferenceTC - Starting verify_InsertCrossReferenceInPara ..
20:35:21.630 [TestNG-test=RetryMultipleFailedTestcases-4] INFO  sprint5_TestCases.Ao_CrossReferenceTC - Starting TC277_verifyCrossreferenceEnable ..
20:35:56.289 [TestNG-test=RetryMultipleFailedTestcases-3] INFO  BasicEditingTC.F5_CrossReferenceTC - Double clicked on First para
20:35:56.302 [TestNG-test=RetryMultipleFailedTestcases-2] INFO  BasicEditingTC.F5_CrossReferenceTC - Double clicked on First para
20:35:57.752 [TestNG-test=RetryMultipleFailedTestcases-3] INFO  BasicEditingTC.F5_CrossReferenceTC - clicked on Cross Reference button 
20:35:57.783 [TestNG-test=RetryMultipleFailedTestcases-2] INFO  BasicEditingTC.F5_CrossReferenceTC - clicked on Cross Reference button 
20:35:57.796 [TestNG-test=RetryMultipleFailedTestcases-4] INFO  sprint5_TestCases.Ao_CrossReferenceTC - Logged in, searched for a file, and clicked Edit.
20:35:57.819 [TestNG-test=RetryMultipleFailedTestcases-4] INFO  sprint5_TestCases.Ao_CrossReferenceTC - Created Ao_CrossReference instance.
20:35:57.906 [TestNG-test=RetryMultipleFailedTestcases-4] INFO  sprint5_TestCases.Ao_CrossReferenceTC - Switched to frame 0.
20:35:57.906 [TestNG-test=RetryMultipleFailedTestcases-4] INFO  sprint5_TestCases.Ao_CrossReferenceTC - Created Actions class instance.
20:35:59.145 [TestNG-test=RetryMultipleFailedTestcases-4] INFO  sprint5_TestCases.Ao_CrossReferenceTC - Double clicked on First para
20:35:59.368 [TestNG-test=RetryMultipleFailedTestcases-4] INFO  sprint5_TestCases.Ao_CrossReferenceTC - Switched back to default content.
20:35:59.447 [TestNG-test=RetryMultipleFailedTestcases-4] INFO  sprint5_TestCases.Ao_CrossReferenceTC - Verified CrossReference is Enabled
20:35:59.447 [TestNG-test=RetryMultipleFailedTestcases-4] INFO  sprint5_TestCases.Ao_CrossReferenceTC - Finished TC277_verifyCrossreferenceEnable ..
20:36:00.682 [TestNG-test=RetryMultipleFailedTestcases-1] INFO  BasicEditingTC.F5_CrossReferenceTC - Double clicked on First para
20:36:01.995 [TestNG-test=RetryMultipleFailedTestcases-1] INFO  BasicEditingTC.F5_CrossReferenceTC - clicked on Cross Reference button 
20:36:07.839 [TestNG-test=RetryMultipleFailedTestcases-4] INFO  sprint5_TestCases.Ao_CrossReferenceTC - Starting TC278_verifyCrossReferenceHighlighted ..
20:36:38.094 [TestNG-test=RetryMultipleFailedTestcases-3] INFO  BasicEditingTC.F5_CrossReferenceTC - clicked on Code Cross Reference checkbox 
20:36:38.163 [TestNG-test=RetryMultipleFailedTestcases-2] INFO  BasicEditingTC.F5_CrossReferenceTC - clicked on Code Cross Reference checkbox 
20:36:39.227 [TestNG-test=RetryMultipleFailedTestcases-3] INFO  BasicEditingTC.F5_CrossReferenceTC - clicked on Cross Reference popup ok button 
20:36:39.363 [TestNG-test=RetryMultipleFailedTestcases-2] INFO  BasicEditingTC.F5_CrossReferenceTC - clicked on Cross Reference popup ok button 
20:36:40.704 [TestNG-test=RetryMultipleFailedTestcases-3] INFO  BasicEditingTC.F5_CrossReferenceTC - Verifying Cross Reference is present in AP
20:36:40.800 [TestNG-test=RetryMultipleFailedTestcases-3] INFO  BasicEditingTC.F5_CrossReferenceTC - Verifying Cross Reference text is correct
20:36:41.124 [TestNG-test=RetryMultipleFailedTestcases-2] INFO  BasicEditingTC.F5_CrossReferenceTC - Verifying Cross Reference is present in AP
20:36:41.200 [TestNG-test=RetryMultipleFailedTestcases-2] INFO  BasicEditingTC.F5_CrossReferenceTC - Verifying Cross Reference text is correct
20:36:42.343 [TestNG-test=RetryMultipleFailedTestcases-1] INFO  BasicEditingTC.F5_CrossReferenceTC - clicked on Code Cross Reference checkbox 
20:36:43.509 [TestNG-test=RetryMultipleFailedTestcases-1] INFO  BasicEditingTC.F5_CrossReferenceTC - clicked on Cross Reference popup ok button 
20:36:45.343 [TestNG-test=RetryMultipleFailedTestcases-1] INFO  BasicEditingTC.F5_CrossReferenceTC - Verifying Cross Reference is present in AP
20:36:45.444 [TestNG-test=RetryMultipleFailedTestcases-1] INFO  BasicEditingTC.F5_CrossReferenceTC - Verifying Cross Reference text is correct
20:36:46.140 [TestNG-test=RetryMultipleFailedTestcases-1] INFO  BasicEditingTC.F5_CrossReferenceTC - clicked on Code View button 
20:36:53.153 [TestNG-test=RetryMultipleFailedTestcases-4] INFO  sprint5_TestCases.Ao_CrossReferenceTC - Logged in, searched for a file, and clicked Edit.
20:36:53.154 [TestNG-test=RetryMultipleFailedTestcases-4] INFO  sprint5_TestCases.Ao_CrossReferenceTC - Created Ao_CrossReference instance.
20:36:53.224 [TestNG-test=RetryMultipleFailedTestcases-4] INFO  sprint5_TestCases.Ao_CrossReferenceTC - Entity background color is=rgba(0, 0, 0, 0)
20:36:53.224 [TestNG-test=RetryMultipleFailedTestcases-4] INFO  sprint5_TestCases.Ao_CrossReferenceTC - Created Actions class instance.
20:36:53.445 [TestNG-test=RetryMultipleFailedTestcases-4] INFO  sprint5_TestCases.Ao_CrossReferenceTC - After mouse hover Entity background color is=rgba(215, 239, 255, 1)
20:36:53.445 [TestNG-test=RetryMultipleFailedTestcases-4] INFO  sprint5_TestCases.Ao_CrossReferenceTC - verified CrossReference is highlighted
20:36:53.445 [TestNG-test=RetryMultipleFailedTestcases-4] INFO  sprint5_TestCases.Ao_CrossReferenceTC - Finished TC278_verifyCrossReferenceHighlighted ..
20:36:54.602 [TestNG-test=RetryMultipleFailedTestcases-3] INFO  BasicEditingTC.F5_CrossReferenceTC - clicked on Code View button 
20:37:01.193 [TestNG-test=RetryMultipleFailedTestcases-4] INFO  sprint5_TestCases.Ao_CrossReferenceTC - Starting TC279_verifyCrossReferenceWithoutSelectingText ..
20:37:26.321 [TestNG-test=RetryMultipleFailedTestcases-1] INFO  BasicEditingTC.F5_CrossReferenceTC - Verifying content validation error
20:37:26.891 [TestNG-test=RetryMultipleFailedTestcases-1] INFO  BasicEditingTC.F5_CrossReferenceTC - clicked on Quick Preview button 
20:37:27.027 [TestNG-test=RetryMultipleFailedTestcases-1] INFO  BasicEditingTC.F5_CrossReferenceTC - Verifying Cross Reference is present in QP
20:37:27.027 [TestNG-test=RetryMultipleFailedTestcases-1] INFO  BasicEditingTC.F5_CrossReferenceTC - Finished verify_InsertCrossReferenceInPara ..
20:37:31.152 [TestNG-test=RetryMultipleFailedTestcases-4] INFO  sprint5_TestCases.Ao_CrossReferenceTC - Logged in, searched for a file, and clicked Edit.
20:37:31.153 [TestNG-test=RetryMultipleFailedTestcases-4] INFO  sprint5_TestCases.Ao_CrossReferenceTC - Created Ao_CrossReference instance.
20:37:31.330 [TestNG-test=RetryMultipleFailedTestcases-4] INFO  sprint5_TestCases.Ao_CrossReferenceTC - Switched to frame 0.
20:37:32.507 [TestNG-test=RetryMultipleFailedTestcases-4] INFO  sprint5_TestCases.Ao_CrossReferenceTC - Switched back to default content.
20:37:33.163 [TestNG-test=RetryMultipleFailedTestcases-4] INFO  sprint5_TestCases.Ao_CrossReferenceTC - clicked on CrossReference Button
20:37:33.334 [TestNG-test=RetryMultipleFailedTestcases-4] INFO  sprint5_TestCases.Ao_CrossReferenceTC - Verified No text selected. alert msg present
20:37:33.334 [TestNG-test=RetryMultipleFailedTestcases-4] INFO  sprint5_TestCases.Ao_CrossReferenceTC - Finished TC279_verifyCrossReferenceWithoutSelectingText ..
20:37:34.555 [TestNG-test=RetryMultipleFailedTestcases-2] INFO  BasicEditingTC.F5_CrossReferenceTC - Starting verify_CrossReference_EditLink_DS ..
20:37:34.725 [TestNG-test=RetryMultipleFailedTestcases-3] INFO  BasicEditingTC.F5_CrossReferenceTC - Verifying content validation error
20:37:35.519 [TestNG-test=RetryMultipleFailedTestcases-3] INFO  BasicEditingTC.F5_CrossReferenceTC - Finished verify_CrossReference_EditLink_VE ..
20:37:38.843 [TestNG-test=RetryMultipleFailedTestcases-1] INFO  sprint5_TestCases.Ao_CrossReferenceTC - Starting TC280_verifyCrossReferenceInCB ..
20:37:43.384 [TestNG-test=RetryMultipleFailedTestcases-4] INFO  sprint5_TestCases.Ao_CrossReferenceTC - Starting TC281_verifyCrossReferenceInside ..
20:37:46.384 [TestNG-test=RetryMultipleFailedTestcases-3] INFO  sprint5_TestCases.Ao_CrossReferenceTC - Starting TC282_verifyCrossreferenceOptionsEnabled ..
20:38:13.943 [TestNG-test=RetryMultipleFailedTestcases-2] INFO  BasicEditingTC.F5_CrossReferenceTC - Double clicked on First para
20:38:15.285 [TestNG-test=RetryMultipleFailedTestcases-2] INFO  BasicEditingTC.F5_CrossReferenceTC - clicked on Cross Reference button 
20:38:21.751 [TestNG-test=RetryMultipleFailedTestcases-1] INFO  sprint5_TestCases.Ao_CrossReferenceTC - Logged in, searched for a file, and clicked Edit.
20:38:21.753 [TestNG-test=RetryMultipleFailedTestcases-1] INFO  sprint5_TestCases.Ao_CrossReferenceTC - Created Ao_CrossReference instance.
20:38:21.792 [TestNG-test=RetryMultipleFailedTestcases-1] INFO  sprint5_TestCases.Ao_CrossReferenceTC - Switched to frame 0.
20:38:21.792 [TestNG-test=RetryMultipleFailedTestcases-1] INFO  sprint5_TestCases.Ao_CrossReferenceTC - Created Actions class instance.
20:38:22.874 [TestNG-test=RetryMultipleFailedTestcases-1] INFO  sprint5_TestCases.Ao_CrossReferenceTC - Double clicked on First para
20:38:23.123 [TestNG-test=RetryMultipleFailedTestcases-1] INFO  sprint5_TestCases.Ao_CrossReferenceTC - Switched back to default content.
20:38:24.609 [TestNG-test=RetryMultipleFailedTestcases-1] INFO  sprint5_TestCases.Ao_CrossReferenceTC - clicked on CrossReference Button
20:38:28.466 [TestNG-test=RetryMultipleFailedTestcases-3] INFO  sprint5_TestCases.Ao_CrossReferenceTC - Logged in, searched for a file, and clicked Edit.
20:38:28.468 [TestNG-test=RetryMultipleFailedTestcases-3] INFO  sprint5_TestCases.Ao_CrossReferenceTC - Created Ao_CrossReference instance.
20:38:28.511 [TestNG-test=RetryMultipleFailedTestcases-3] INFO  sprint5_TestCases.Ao_CrossReferenceTC - Switched to frame 0.
20:38:28.511 [TestNG-test=RetryMultipleFailedTestcases-3] INFO  sprint5_TestCases.Ao_CrossReferenceTC - Created Actions class instance.
20:38:28.842 [TestNG-test=RetryMultipleFailedTestcases-4] INFO  sprint5_TestCases.Ao_CrossReferenceTC - Logged in, searched for a file, and clicked Edit.
20:38:28.843 [TestNG-test=RetryMultipleFailedTestcases-4] INFO  sprint5_TestCases.Ao_CrossReferenceTC - Created Ao_CrossReference instance.
20:38:28.865 [TestNG-test=RetryMultipleFailedTestcases-4] INFO  sprint5_TestCases.Ao_CrossReferenceTC - Switched to frame 0.
20:38:28.866 [TestNG-test=RetryMultipleFailedTestcases-4] INFO  sprint5_TestCases.Ao_CrossReferenceTC - Created Actions class instance.
20:38:29.486 [TestNG-test=RetryMultipleFailedTestcases-3] INFO  sprint5_TestCases.Ao_CrossReferenceTC - Double clicked on First para
20:38:29.666 [TestNG-test=RetryMultipleFailedTestcases-3] INFO  sprint5_TestCases.Ao_CrossReferenceTC - Switched back to default content.
