23:10:01.416 [TestNG-test=RetryMultipleFailedTestcases-3] INFO  sprint5_TestCases.E_CommonTC - Clicked on spell Check.
23:10:01.497 [TestNG-test=RetryMultipleFailedTestcases-3] INFO  sprint5_TestCases.E_CommonTC - Created Actions class instance.
23:10:01.910 [TestNG-test=RetryMultipleFailedTestcases-3] INFO  sprint5_TestCases.E_CommonTC - Clicked on spell Check.
23:10:01.935 [TestNG-test=RetryMultipleFailedTestcases-3] INFO  sprint5_TestCases.E_CommonTC - Switched to frame 1.
23:10:03.046 [TestNG-test=RetryMultipleFailedTestcases-1] INFO  sprint5_TestCases.E_CommonTC - Verified content validation is Not present
23:10:03.459 [TestNG-test=RetryMultipleFailedTestcases-1] INFO  sprint5_TestCases.E_CommonTC - clicked On Quick Preview
23:10:03.459 [TestNG-test=RetryMultipleFailedTestcases-1] INFO  sprint5_TestCases.E_CommonTC - clicked On Quick Preview
23:10:03.491 [TestNG-test=RetryMultipleFailedTestcases-1] INFO  sprint5_TestCases.E_CommonTC - Switched to frame 0.
23:10:03.563 [TestNG-test=RetryMultipleFailedTestcases-1] INFO  sprint5_TestCases.E_CommonTC - Finished verifyShowHideInQP ..
23:10:03.635 [TestNG-test=RetryMultipleFailedTestcases-2] INFO  sprint5_TestCases.E_CommonTC - Starting verifyMultipleFootnoteInCodeView
23:10:12.374 [TestNG-test=RetryMultipleFailedTestcases-1] INFO  sprint5_TestCases.E_CommonTC - Starting verifyXrefLinkCustomReference
23:10:24.027 [TestNG-test=RetryMultipleFailedTestcases-4] INFO  sprint5_TestCases.E_CommonTC - Logged in, searched for a file, and clicked Edit.
23:10:24.027 [TestNG-test=RetryMultipleFailedTestcases-4] INFO  sprint5_TestCases.E_CommonTC - Created E_Common instance.
23:10:24.057 [TestNG-test=RetryMultipleFailedTestcases-4] INFO  sprint5_TestCases.E_CommonTC - Switched to frame 0.
23:10:24.068 [TestNG-test=RetryMultipleFailedTestcases-4] INFO  sprint5_TestCases.E_CommonTC - Switched back to default content.
23:10:24.304 [TestNG-test=RetryMultipleFailedTestcases-4] INFO  sprint5_TestCases.E_CommonTC - Clicked on Bold Button
23:10:32.657 [TestNG-test=RetryMultipleFailedTestcases-4] INFO  sprint5_TestCases.E_CommonTC - Starting verifyUndoRedoEmphasis
23:10:39.637 [TestNG-test=RetryMultipleFailedTestcases-2] INFO  sprint5_TestCases.E_CommonTC - Logged in, searched for a file, and clicked Edit.
23:10:39.892 [TestNG-test=RetryMultipleFailedTestcases-2] INFO  sprint5_TestCases.E_CommonTC - clicked On Footnote Plugin
23:10:39.892 [TestNG-test=RetryMultipleFailedTestcases-2] INFO  sprint5_TestCases.E_CommonTC - clicked on footnote plugin
23:10:43.448 [TestNG-test=RetryMultipleFailedTestcases-2] INFO  sprint5_TestCases.E_CommonTC - clicked on new footnote box
23:10:43.449 [TestNG-test=RetryMultipleFailedTestcases-2] INFO  sprint5_TestCases.E_CommonTC - Created Actions class instance.
23:10:45.161 [TestNG-test=RetryMultipleFailedTestcases-2] INFO  sprint5_TestCases.E_CommonTC - clicked on footnote ok button
23:10:46.435 [TestNG-test=RetryMultipleFailedTestcases-2] INFO  sprint5_TestCases.E_CommonTC - Switched to frame 0.
23:10:47.296 [TestNG-test=RetryMultipleFailedTestcases-2] INFO  sprint5_TestCases.E_CommonTC - clicked on VE First para 
23:10:47.424 [TestNG-test=RetryMultipleFailedTestcases-2] INFO  sprint5_TestCases.E_CommonTC - Switched back to default content.
23:10:48.446 [TestNG-test=RetryMultipleFailedTestcases-2] INFO  sprint5_TestCases.E_CommonTC - clicked On Footnote Plugin
23:10:48.446 [TestNG-test=RetryMultipleFailedTestcases-2] INFO  sprint5_TestCases.E_CommonTC - clicked on footnote plugin
23:10:49.345 [TestNG-test=RetryMultipleFailedTestcases-2] INFO  sprint5_TestCases.E_CommonTC - clicked on new footnote box
23:10:50.883 [TestNG-test=RetryMultipleFailedTestcases-2] INFO  sprint5_TestCases.E_CommonTC - clicked on footnote ok button
23:10:51.223 [TestNG-test=RetryMultipleFailedTestcases-1] INFO  sprint5_TestCases.E_CommonTC - Logged in, searched for a file, and clicked Edit.
23:10:51.245 [TestNG-test=RetryMultipleFailedTestcases-1] INFO  sprint5_TestCases.E_CommonTC - Switched to frame 0.
23:10:51.762 [TestNG-test=RetryMultipleFailedTestcases-3] INFO  sprint5_TestCases.E_CommonTC - Starting verifySpellCheckOptions
23:10:52.060 [TestNG-test=RetryMultipleFailedTestcases-1] INFO  sprint5_TestCases.E_CommonTC - doublebclicked on First Para
23:10:52.201 [TestNG-test=RetryMultipleFailedTestcases-1] INFO  sprint5_TestCases.E_CommonTC - Switched back to default content.
23:10:52.441 [TestNG-test=RetryMultipleFailedTestcases-2] INFO  sprint5_TestCases.E_CommonTC - Switched to frame 0.
23:10:53.431 [TestNG-test=RetryMultipleFailedTestcases-2] INFO  sprint5_TestCases.E_CommonTC - clicked on VE Second para 
23:10:53.673 [TestNG-test=RetryMultipleFailedTestcases-2] INFO  sprint5_TestCases.E_CommonTC - Switched back to default content.
23:10:54.515 [TestNG-test=RetryMultipleFailedTestcases-2] INFO  sprint5_TestCases.E_CommonTC - clicked On Footnote Plugin
23:10:54.515 [TestNG-test=RetryMultipleFailedTestcases-2] INFO  sprint5_TestCases.E_CommonTC - clicked on footnote plugin
23:10:55.135 [TestNG-test=RetryMultipleFailedTestcases-2] INFO  sprint5_TestCases.E_CommonTC - clicked on new footnote box
23:10:56.903 [TestNG-test=RetryMultipleFailedTestcases-2] INFO  sprint5_TestCases.E_CommonTC - clicked on footnote ok button
23:10:58.718 [TestNG-test=RetryMultipleFailedTestcases-2] INFO  sprint5_TestCases.E_CommonTC - Switched to frame 0.
23:10:59.940 [TestNG-test=RetryMultipleFailedTestcases-2] INFO  sprint5_TestCases.E_CommonTC - Switched back to default content.
23:10:59.967 [TestNG-test=RetryMultipleFailedTestcases-4] INFO  sprint5_TestCases.E_CommonTC - Logged in, searched for a file, and clicked Edit.
23:10:59.967 [TestNG-test=RetryMultipleFailedTestcases-4] INFO  sprint5_TestCases.E_CommonTC - Created E_Common instance.
23:10:59.994 [TestNG-test=RetryMultipleFailedTestcases-4] INFO  sprint5_TestCases.E_CommonTC - Switched to frame 0.
23:10:59.997 [TestNG-test=RetryMultipleFailedTestcases-4] INFO  sprint5_TestCases.E_CommonTC - Switched back to default content.
23:11:00.442 [TestNG-test=RetryMultipleFailedTestcases-4] INFO  sprint5_TestCases.E_CommonTC - Clicked on Bold Button
23:11:01.299 [TestNG-test=RetryMultipleFailedTestcases-2] INFO  sprint5_TestCases.E_CommonTC - clicked on Cross Reference button 
23:11:08.263 [TestNG-test=RetryMultipleFailedTestcases-4] INFO  sprint5_TestCases.E_CommonTC - Starting verifyUndoRedoEmphasis
23:11:26.712 [TestNG-test=RetryMultipleFailedTestcases-3] INFO  sprint5_TestCases.E_CommonTC - Logged in, searched for a file, and clicked Edit.
23:11:26.858 [TestNG-test=RetryMultipleFailedTestcases-3] INFO  sprint5_TestCases.E_CommonTC - Clicked on spell Check.
23:11:26.858 [TestNG-test=RetryMultipleFailedTestcases-3] INFO  sprint5_TestCases.E_CommonTC - Created Actions class instance.
23:11:27.266 [TestNG-test=RetryMultipleFailedTestcases-3] INFO  sprint5_TestCases.E_CommonTC - Clicked on spell Check.
23:11:27.301 [TestNG-test=RetryMultipleFailedTestcases-3] INFO  sprint5_TestCases.E_CommonTC - Switched to frame 1.
23:11:35.125 [TestNG-test=RetryMultipleFailedTestcases-1] INFO  sprint5_TestCases.E_CommonTC - Switched to frame 0.
23:11:37.589 [TestNG-test=RetryMultipleFailedTestcases-1] INFO  sprint5_TestCases.E_CommonTC - Finished verifyXrefLinkCustomReference ..
23:11:43.430 [TestNG-test=RetryMultipleFailedTestcases-4] INFO  sprint5_TestCases.E_CommonTC - Logged in, searched for a file, and clicked Edit.
23:11:43.430 [TestNG-test=RetryMultipleFailedTestcases-4] INFO  sprint5_TestCases.E_CommonTC - Created E_Common instance.
23:11:43.454 [TestNG-test=RetryMultipleFailedTestcases-4] INFO  sprint5_TestCases.E_CommonTC - Switched to frame 0.
23:11:43.457 [TestNG-test=RetryMultipleFailedTestcases-4] INFO  sprint5_TestCases.E_CommonTC - Switched back to default content.
23:11:43.691 [TestNG-test=RetryMultipleFailedTestcases-4] INFO  sprint5_TestCases.E_CommonTC - Clicked on Bold Button
23:11:50.124 [TestNG-test=RetryMultipleFailedTestcases-4] INFO  sprint5_TestCases.E_CommonTC - Starting verifyUndoRedoEmphasis
23:12:13.828 [TestNG-test=RetryMultipleFailedTestcases-3] INFO  sprint5_TestCases.E_CommonTC - Starting verifySpellCheckOptions
23:12:14.004 [TestNG-test=RetryMultipleFailedTestcases-4] INFO  sprint5_TestCases.E_CommonTC - Logged in, searched for a file, and clicked Edit.
23:12:14.004 [TestNG-test=RetryMultipleFailedTestcases-4] INFO  sprint5_TestCases.E_CommonTC - Created E_Common instance.
23:12:14.065 [TestNG-test=RetryMultipleFailedTestcases-4] INFO  sprint5_TestCases.E_CommonTC - Switched to frame 0.
23:12:14.182 [TestNG-test=RetryMultipleFailedTestcases-4] INFO  sprint5_TestCases.E_CommonTC - Switched back to default content.
23:12:14.419 [TestNG-test=RetryMultipleFailedTestcases-4] INFO  sprint5_TestCases.E_CommonTC - Clicked on Bold Button
23:12:38.427 [TestNG-test=RetryMultipleFailedTestcases-3] INFO  sprint5_TestCases.E_CommonTC - Logged in, searched for a file, and clicked Edit.
23:12:38.714 [TestNG-test=RetryMultipleFailedTestcases-3] INFO  sprint5_TestCases.E_CommonTC - Clicked on spell Check.
23:12:38.714 [TestNG-test=RetryMultipleFailedTestcases-3] INFO  sprint5_TestCases.E_CommonTC - Created Actions class instance.
23:12:39.714 [TestNG-test=RetryMultipleFailedTestcases-3] INFO  sprint5_TestCases.E_CommonTC - Clicked on spell Check.
23:12:39.729 [TestNG-test=RetryMultipleFailedTestcases-3] INFO  sprint5_TestCases.E_CommonTC - Switched to frame 1.
23:13:24.900 [TestNG-test=RetryMultipleFailedTestcases-3] INFO  sprint5_TestCases.E_CommonTC - Starting verifySpellCheckOptions
23:13:49.154 [TestNG-test=RetryMultipleFailedTestcases-3] INFO  sprint5_TestCases.E_CommonTC - Logged in, searched for a file, and clicked Edit.
23:13:49.301 [TestNG-test=RetryMultipleFailedTestcases-3] INFO  sprint5_TestCases.E_CommonTC - Clicked on spell Check.
23:13:49.301 [TestNG-test=RetryMultipleFailedTestcases-3] INFO  sprint5_TestCases.E_CommonTC - Created Actions class instance.
23:13:50.423 [TestNG-test=RetryMultipleFailedTestcases-3] INFO  sprint5_TestCases.E_CommonTC - Clicked on spell Check.
23:13:50.436 [TestNG-test=RetryMultipleFailedTestcases-3] INFO  sprint5_TestCases.E_CommonTC - Switched to frame 1.
19:14:19.352 [TestNG-test=RetryMultipleFailedTestcases-1] INFO  Elements_Testcases.A_ListTC - Starting verify_ExistingList_PropertiesPopup
19:14:21.689 [TestNG-test=RetryMultipleFailedTestcases-2] INFO  Elements_Testcases.A_ListTC - Starting PressEnterAtEnd_ToExistingList_CheckCount
19:14:21.731 [TestNG-test=RetryMultipleFailedTestcases-3] INFO  Elements_Testcases.A_ListTC - Starting AddList_To_ExistingList_CheckCount
19:14:22.398 [TestNG-test=RetryMultipleFailedTestcases-4] INFO  Elements_Testcases.A_ListTC - Starting InsertList_ToExistingList_DS
19:14:57.506 [TestNG-test=RetryMultipleFailedTestcases-4] INFO  Elements_Testcases.A_ListTC - Logged in, searched for a file, and clicked Edit.
19:14:57.563 [TestNG-test=RetryMultipleFailedTestcases-4] INFO  Elements_Testcases.A_ListTC - Switched to frame 0.
19:14:58.674 [TestNG-test=RetryMultipleFailedTestcases-4] INFO  Elements_Testcases.A_ListTC - Clicked List Before Paragraph.
19:14:58.738 [TestNG-test=RetryMultipleFailedTestcases-2] INFO  Elements_Testcases.A_ListTC - Logged in, searched for a file, and clicked Edit.
19:14:58.770 [TestNG-test=RetryMultipleFailedTestcases-2] INFO  Elements_Testcases.A_ListTC - Switched to frame 0.
19:14:58.804 [TestNG-test=RetryMultipleFailedTestcases-2] INFO  Elements_Testcases.A_ListTC - List count before adding: 5
19:14:59.499 [TestNG-test=RetryMultipleFailedTestcases-2] INFO  Elements_Testcases.A_ListTC - Clicked on List before Para.
19:14:59.971 [TestNG-test=RetryMultipleFailedTestcases-4] INFO  Elements_Testcases.A_ListTC - Clicked DS Existing Ordered List.
19:15:00.666 [TestNG-test=RetryMultipleFailedTestcases-2] INFO  Elements_Testcases.A_ListTC - Clicked on DS Existing OL.
19:15:01.167 [TestNG-test=RetryMultipleFailedTestcases-4] INFO  Elements_Testcases.A_ListTC - Clicked DS Existing List Item.
19:15:01.849 [TestNG-test=RetryMultipleFailedTestcases-2] INFO  Elements_Testcases.A_ListTC - Clicked on DS Existing List Item.
19:15:01.943 [TestNG-test=RetryMultipleFailedTestcases-4] INFO  Elements_Testcases.A_ListTC - Performed right-click on DS Existing List Item.
19:15:02.194 [TestNG-test=RetryMultipleFailedTestcases-4] INFO  Elements_Testcases.A_ListTC - Clicked DS Insert After.
19:15:02.306 [TestNG-test=RetryMultipleFailedTestcases-2] INFO  Elements_Testcases.A_ListTC - Pressed ENTER key.
19:15:03.082 [TestNG-test=RetryMultipleFailedTestcases-4] INFO  Elements_Testcases.A_ListTC - Pressed TAB and ENTER keys.
19:15:03.512 [TestNG-test=RetryMultipleFailedTestcases-2] INFO  Elements_Testcases.A_ListTC - Accept Change button is enabled.
19:15:03.572 [TestNG-test=RetryMultipleFailedTestcases-2] INFO  Elements_Testcases.A_ListTC - Reject Change button is enabled.
19:15:04.343 [TestNG-test=RetryMultipleFailedTestcases-4] INFO  Elements_Testcases.A_ListTC - Finished InsertList_ToExistingList_DS
19:15:06.460 [TestNG-test=RetryMultipleFailedTestcases-3] INFO  Elements_Testcases.A_ListTC - Logged in, searched for a file, and clicked Edit.
19:15:06.505 [TestNG-test=RetryMultipleFailedTestcases-3] INFO  Elements_Testcases.A_ListTC - Switched to frame 0.
19:15:06.535 [TestNG-test=RetryMultipleFailedTestcases-3] INFO  Elements_Testcases.A_ListTC - Number of list items before adding: 5
19:15:07.049 [TestNG-test=RetryMultipleFailedTestcases-3] INFO  Elements_Testcases.A_ListTC - Clicked on Existing List Item.
19:15:07.607 [TestNG-test=RetryMultipleFailedTestcases-3] INFO  Elements_Testcases.A_ListTC - Performed ENTER key press.
19:15:08.015 [TestNG-test=RetryMultipleFailedTestcases-1] INFO  Elements_Testcases.A_ListTC - Logged in, searched for a file, and clicked Edit.
19:15:08.042 [TestNG-test=RetryMultipleFailedTestcases-1] INFO  Elements_Testcases.A_ListTC - Switched to frame 0.
19:15:08.064 [TestNG-test=RetryMultipleFailedTestcases-1] INFO  Elements_Testcases.A_ListTC - Number of list items before deleting: 5
19:15:09.188 [TestNG-test=RetryMultipleFailedTestcases-1] INFO  Elements_Testcases.A_ListTC - Performed right-click on the existing list item.
19:15:09.507 [TestNG-test=RetryMultipleFailedTestcases-3] INFO  Elements_Testcases.A_ListTC - Typed 'Hello'.
19:15:09.547 [TestNG-test=RetryMultipleFailedTestcases-1] INFO  Elements_Testcases.A_ListTC - Switched back to default content.
19:15:09.790 [TestNG-test=RetryMultipleFailedTestcases-1] INFO  Elements_Testcases.A_ListTC - Switched to frame 1.
19:15:10.017 [TestNG-test=RetryMultipleFailedTestcases-3] INFO  Elements_Testcases.A_ListTC - Verified that Accept Change Element is enabled.
19:15:10.089 [TestNG-test=RetryMultipleFailedTestcases-3] INFO  Elements_Testcases.A_ListTC - Verified that Reject Change Element is enabled.
19:15:10.621 [TestNG-test=RetryMultipleFailedTestcases-1] INFO  Elements_Testcases.A_ListTC - Clicked on Remove Element Block.
19:15:10.757 [TestNG-test=RetryMultipleFailedTestcases-1] INFO  Elements_Testcases.A_ListTC - Switched back to default content.
19:15:10.796 [TestNG-test=RetryMultipleFailedTestcases-1] INFO  Elements_Testcases.A_ListTC - Switched back to frame 0.
19:15:10.829 [TestNG-test=RetryMultipleFailedTestcases-1] INFO  Elements_Testcases.A_ListTC - Verified that the list is deleted in VE.
19:15:10.839 [TestNG-test=RetryMultipleFailedTestcases-1] INFO  Elements_Testcases.A_ListTC - Verified that the list count remains the same after deletion.
19:15:11.233 [TestNG-test=RetryMultipleFailedTestcases-1] INFO  Elements_Testcases.A_ListTC - Clicked on Accept Change Element.
19:15:11.989 [TestNG-test=RetryMultipleFailedTestcases-1] INFO  Elements_Testcases.A_ListTC - Switched back to frame 0.
19:15:12.002 [TestNG-test=RetryMultipleFailedTestcases-1] INFO  Elements_Testcases.A_ListTC - Verified that the list count decreased by 1 after accepting changes.
19:15:12.002 [TestNG-test=RetryMultipleFailedTestcases-1] INFO  Elements_Testcases.A_ListTC - Finished verify_ExistingList_PropertiesPopup
19:15:15.554 [TestNG-test=RetryMultipleFailedTestcases-4] INFO  Elements_Testcases.A_ListTC - Starting verifyChangeAddressToList
19:15:18.481 [TestNG-test=RetryMultipleFailedTestcases-1] INFO  Elements_Testcases.A_ListTC - Starting verifyChangeNumberListToBulletList
19:15:43.789 [TestNG-test=RetryMultipleFailedTestcases-2] INFO  Elements_Testcases.A_ListTC - Attribute Li button is not displayed.
19:15:43.799 [TestNG-test=RetryMultipleFailedTestcases-2] INFO  Elements_Testcases.A_ListTC - List count after adding: 6
19:15:43.799 [TestNG-test=RetryMultipleFailedTestcases-2] INFO  Elements_Testcases.A_ListTC - List count increased by 1 as expected.
19:15:44.217 [TestNG-test=RetryMultipleFailedTestcases-2] INFO  Elements_Testcases.A_ListTC - Clicked on Code View.
19:15:50.211 [TestNG-test=RetryMultipleFailedTestcases-3] INFO  Elements_Testcases.A_ListTC - Verifying if attributeLiButton is not displayed.
19:15:50.226 [TestNG-test=RetryMultipleFailedTestcases-3] INFO  Elements_Testcases.A_ListTC - Verified that the list count increased by 1 after adding.
19:16:05.556 [TestNG-test=RetryMultipleFailedTestcases-1] INFO  Elements_Testcases.A_ListTC - Logged in and searched for a file, then clicked Edit.
19:16:05.561 [TestNG-test=RetryMultipleFailedTestcases-1] INFO  Elements_Testcases.A_ListTC - Created List instance.
19:16:05.576 [TestNG-test=RetryMultipleFailedTestcases-1] INFO  Elements_Testcases.A_ListTC - Switched to frame 0.
19:16:05.961 [TestNG-test=RetryMultipleFailedTestcases-1] INFO  Elements_Testcases.A_ListTC - Clicked on the first paragraph.
19:16:05.995 [TestNG-test=RetryMultipleFailedTestcases-1] INFO  Elements_Testcases.A_ListTC - Switched back to default content.
19:16:06.526 [TestNG-test=RetryMultipleFailedTestcases-1] INFO  Elements_Testcases.A_ListTC - Clicked on the Bullet List.
19:16:07.675 [TestNG-test=RetryMultipleFailedTestcases-1] INFO  Elements_Testcases.A_ListTC - Verified that List bullet is present in DS.
19:16:07.720 [TestNG-test=RetryMultipleFailedTestcases-1] INFO  Elements_Testcases.A_ListTC - Switched back to frame 0.
19:16:07.760 [TestNG-test=RetryMultipleFailedTestcases-1] INFO  Elements_Testcases.A_ListTC - Switched back to default content.
19:16:08.276 [TestNG-test=RetryMultipleFailedTestcases-1] INFO  Elements_Testcases.A_ListTC - Clicked on the Number List.
19:16:08.563 [TestNG-test=RetryMultipleFailedTestcases-1] INFO  Elements_Testcases.A_ListTC - Verified that List Number is present in DS.
19:16:08.563 [TestNG-test=RetryMultipleFailedTestcases-1] INFO  Elements_Testcases.A_ListTC - Finished verifyChangeNumberListToBulletList ..
19:16:10.036 [TestNG-test=RetryMultipleFailedTestcases-4] INFO  Elements_Testcases.A_ListTC - Logged in and searched for a file, then clicked Edit.
19:16:10.038 [TestNG-test=RetryMultipleFailedTestcases-4] INFO  Elements_Testcases.A_ListTC - Created List instance.
19:16:10.731 [TestNG-test=RetryMultipleFailedTestcases-4] INFO  Elements_Testcases.A_ListTC - Clicked on Section 2 
19:16:11.860 [TestNG-test=RetryMultipleFailedTestcases-4] INFO  Elements_Testcases.A_ListTC - Clicked on Para Element 
19:16:12.764 [TestNG-test=RetryMultipleFailedTestcases-4] INFO  Elements_Testcases.A_ListTC - Context Clicked on Para element 
19:16:13.198 [TestNG-test=RetryMultipleFailedTestcases-4] INFO  Elements_Testcases.A_ListTC - Clicked on Insert After 
19:16:13.199 [TestNG-test=RetryMultipleFailedTestcases-4] INFO  Elements_Testcases.A_ListTC - Created Actions class instance.
19:16:13.356 [TestNG-test=RetryMultipleFailedTestcases-4] INFO  Elements_Testcases.A_ListTC - Caption element searched.
19:16:13.373 [TestNG-test=RetryMultipleFailedTestcases-4] INFO  Elements_Testcases.A_ListTC - Clicked on TAB 
19:16:13.775 [TestNG-test=RetryMultipleFailedTestcases-4] INFO  Elements_Testcases.A_ListTC - Clicked on ENTER 
19:16:14.419 [TestNG-test=RetryMultipleFailedTestcases-4] INFO  Elements_Testcases.A_ListTC - Caption is inserted in DS
19:16:14.669 [TestNG-test=RetryMultipleFailedTestcases-4] INFO  Elements_Testcases.A_ListTC - Clicked change Element
19:16:14.715 [TestNG-test=RetryMultipleFailedTestcases-4] INFO  Elements_Testcases.A_ListTC - Finished verifyChangeAddressToList ..
19:16:16.172 [TestNG-test=RetryMultipleFailedTestcases-1] INFO  Elements_Testcases.A_ListTC - Starting verifyChangeCrossReferenceToList
19:16:24.323 [TestNG-test=RetryMultipleFailedTestcases-2] INFO  Elements_Testcases.A_ListTC - Content Validation error is not present.
19:16:24.323 [TestNG-test=RetryMultipleFailedTestcases-2] INFO  Elements_Testcases.A_ListTC - Finished PressEnterAtEnd_ToExistingList_CheckCount
19:16:24.521 [TestNG-test=RetryMultipleFailedTestcases-4] INFO  Elements_Testcases.A_ListTC - Starting verifyChangeFootnoteToList
19:16:30.774 [TestNG-test=RetryMultipleFailedTestcases-3] INFO  Elements_Testcases.A_ListTC - Verified that Content Validation error is not present in Code View.
19:16:30.774 [TestNG-test=RetryMultipleFailedTestcases-3] INFO  Elements_Testcases.A_ListTC - Finished AddList_To_ExistingList_CheckCount
19:16:35.376 [TestNG-test=RetryMultipleFailedTestcases-2] INFO  Elements_Testcases.A_ListTC - Starting verifyChangeImgToList
19:16:38.621 [TestNG-test=RetryMultipleFailedTestcases-3] INFO  Elements_Testcases.A_ListTC - Starting verifyChangeNumberListToBulletList
19:17:15.310 [TestNG-test=RetryMultipleFailedTestcases-1] INFO  Elements_Testcases.A_ListTC - Logged in and searched for a file, then clicked Edit.
19:17:15.311 [TestNG-test=RetryMultipleFailedTestcases-1] INFO  Elements_Testcases.A_ListTC - Created List instance.
19:17:16.012 [TestNG-test=RetryMultipleFailedTestcases-1] INFO  Elements_Testcases.A_ListTC - Double clicked on First para
19:17:17.868 [TestNG-test=RetryMultipleFailedTestcases-1] INFO  Elements_Testcases.A_ListTC - clicked on Cross Reference button 
19:17:30.724 [TestNG-test=RetryMultipleFailedTestcases-3] INFO  Elements_Testcases.A_ListTC - Logged in and searched for a file, then clicked Edit.
19:17:30.725 [TestNG-test=RetryMultipleFailedTestcases-3] INFO  Elements_Testcases.A_ListTC - Created List instance.
19:17:30.755 [TestNG-test=RetryMultipleFailedTestcases-3] INFO  Elements_Testcases.A_ListTC - Switched to frame 0.
19:17:30.800 [TestNG-test=RetryMultipleFailedTestcases-4] INFO  Elements_Testcases.A_ListTC - Logged in and searched for a file, then clicked Edit.
19:17:30.801 [TestNG-test=RetryMultipleFailedTestcases-4] INFO  Elements_Testcases.A_ListTC - Created List instance.
19:17:31.008 [TestNG-test=RetryMultipleFailedTestcases-4] INFO  Elements_Testcases.A_ListTC - clicked On Footnote Plugin
19:17:31.219 [TestNG-test=RetryMultipleFailedTestcases-3] INFO  Elements_Testcases.A_ListTC - Clicked on the first paragraph.
19:17:31.253 [TestNG-test=RetryMultipleFailedTestcases-3] INFO  Elements_Testcases.A_ListTC - Switched back to default content.
19:17:32.058 [TestNG-test=RetryMultipleFailedTestcases-3] INFO  Elements_Testcases.A_ListTC - Clicked on the Number List.
19:17:33.042 [TestNG-test=RetryMultipleFailedTestcases-3] INFO  Elements_Testcases.A_ListTC - Verified that List Number is present in DS.
19:17:33.070 [TestNG-test=RetryMultipleFailedTestcases-3] INFO  Elements_Testcases.A_ListTC - Switched back to frame 0.
19:17:33.107 [TestNG-test=RetryMultipleFailedTestcases-3] INFO  Elements_Testcases.A_ListTC - Switched back to default content.
19:17:33.407 [TestNG-test=RetryMultipleFailedTestcases-3] INFO  Elements_Testcases.A_ListTC - Clicked on the Bullet List.
19:17:33.736 [TestNG-test=RetryMultipleFailedTestcases-3] INFO  Elements_Testcases.A_ListTC - Verified that List bullet is present in DS.
19:17:33.736 [TestNG-test=RetryMultipleFailedTestcases-3] INFO  Elements_Testcases.A_ListTC - Finished verifyChangeNumberListToBulletList ..
19:17:37.892 [TestNG-test=RetryMultipleFailedTestcases-4] INFO  Elements_Testcases.A_ListTC - clicked on new footnote box
19:17:37.892 [TestNG-test=RetryMultipleFailedTestcases-4] INFO  Elements_Testcases.A_ListTC - Created Actions class instance.
19:17:38.909 [TestNG-test=RetryMultipleFailedTestcases-4] INFO  Elements_Testcases.A_ListTC - clicked on footnote ok button
19:17:40.072 [TestNG-test=RetryMultipleFailedTestcases-4] INFO  Elements_Testcases.A_ListTC - Clicked change Element
19:17:40.115 [TestNG-test=RetryMultipleFailedTestcases-4] INFO  Elements_Testcases.A_ListTC - Finished verifyChangeFootnoteToList ..
19:17:46.193 [TestNG-test=RetryMultipleFailedTestcases-3] INFO  Elements_Testcases.A_ListTC - Starting verifyChangeParaToList
19:17:48.750 [TestNG-test=RetryMultipleFailedTestcases-4] INFO  Elements_Testcases.A_ListTC - Starting verifyChangeSectionHeadingToList
19:17:58.115 [TestNG-test=RetryMultipleFailedTestcases-1] INFO  Elements_Testcases.A_ListTC - clicked on Code Cross Reference checkbox 
19:17:58.536 [TestNG-test=RetryMultipleFailedTestcases-1] INFO  Elements_Testcases.A_ListTC - clicked on Cross Reference popup ok button 
19:17:59.972 [TestNG-test=RetryMultipleFailedTestcases-1] INFO  Elements_Testcases.A_ListTC - Verifying Cross Reference is present in AP
19:18:00.020 [TestNG-test=RetryMultipleFailedTestcases-1] INFO  Elements_Testcases.A_ListTC - Verifying Cross Reference text is correct
19:18:00.200 [TestNG-test=RetryMultipleFailedTestcases-1] INFO  Elements_Testcases.A_ListTC - Clicked change Element
19:18:00.248 [TestNG-test=RetryMultipleFailedTestcases-1] INFO  Elements_Testcases.A_ListTC - Finished verifyChangeCrossReferenceToList ..
19:18:16.017 [TestNG-test=RetryMultipleFailedTestcases-1] INFO  Elements_Testcases.A_ListTC - Starting verifyChangeSectionNumberToList
19:18:23.191 [TestNG-test=RetryMultipleFailedTestcases-2] INFO  Elements_Testcases.A_ListTC - Logged in and searched for a file, then clicked Edit.
19:18:23.192 [TestNG-test=RetryMultipleFailedTestcases-2] INFO  Elements_Testcases.A_ListTC - Created List instance.
19:18:23.211 [TestNG-test=RetryMultipleFailedTestcases-2] INFO  Elements_Testcases.A_ListTC - Switched to frame 0.
19:18:24.868 [TestNG-test=RetryMultipleFailedTestcases-2] INFO  Elements_Testcases.A_ListTC - Switched back to default content.
19:18:26.277 [TestNG-test=RetryMultipleFailedTestcases-2] INFO  Elements_Testcases.A_ListTC - Switched back to default content.
19:18:26.856 [TestNG-test=RetryMultipleFailedTestcases-2] INFO  Elements_Testcases.A_ListTC - Clicked insert img button
19:18:27.483 [TestNG-test=RetryMultipleFailedTestcases-2] INFO  Elements_Testcases.A_ListTC - Clicked RHS insert Button
19:18:41.084 [TestNG-test=RetryMultipleFailedTestcases-4] INFO  Elements_Testcases.A_ListTC - Logged in and searched for a file, then clicked Edit.
19:18:41.085 [TestNG-test=RetryMultipleFailedTestcases-4] INFO  Elements_Testcases.A_ListTC - Created List instance.
19:18:41.273 [TestNG-test=RetryMultipleFailedTestcases-3] INFO  Elements_Testcases.A_ListTC - Logged in and searched for a file, then clicked Edit.
19:18:41.274 [TestNG-test=RetryMultipleFailedTestcases-3] INFO  Elements_Testcases.A_ListTC - Created List instance.
19:18:41.295 [TestNG-test=RetryMultipleFailedTestcases-3] INFO  Elements_Testcases.A_ListTC - Switched to frame 0.
19:18:41.697 [TestNG-test=RetryMultipleFailedTestcases-4] INFO  Elements_Testcases.A_ListTC - Clicked the first para.
19:18:41.752 [TestNG-test=RetryMultipleFailedTestcases-4] INFO  Elements_Testcases.A_ListTC - Switched back to default content.
19:18:41.832 [TestNG-test=RetryMultipleFailedTestcases-3] INFO  Elements_Testcases.A_ListTC - Clicked the first para.
19:18:41.873 [TestNG-test=RetryMultipleFailedTestcases-3] INFO  Elements_Testcases.A_ListTC - Switched back to default content.
19:18:41.991 [TestNG-test=RetryMultipleFailedTestcases-4] INFO  Elements_Testcases.A_ListTC - Clicked change Element
19:18:42.377 [TestNG-test=RetryMultipleFailedTestcases-3] INFO  Elements_Testcases.A_ListTC - Clicked change Element
19:18:43.386 [TestNG-test=RetryMultipleFailedTestcases-4] INFO  Elements_Testcases.A_ListTC - Clicked List change Element
19:18:43.727 [TestNG-test=RetryMultipleFailedTestcases-3] INFO  Elements_Testcases.A_ListTC - Clicked List change Element
19:18:44.526 [TestNG-test=RetryMultipleFailedTestcases-4] INFO  Elements_Testcases.A_ListTC - Finished verifyChangeSectionHeadingToList ..
19:18:45.016 [TestNG-test=RetryMultipleFailedTestcases-3] INFO  Elements_Testcases.A_ListTC - Finished TC452_verifyParaToListCheckTC ..
19:18:52.797 [TestNG-test=RetryMultipleFailedTestcases-4] INFO  Elements_Testcases.A_ListTC - Starting verify_ExistingList_PropertiesPopup
19:19:00.120 [TestNG-test=RetryMultipleFailedTestcases-2] INFO  Elements_Testcases.A_ListTC - Starting verifyChangeImgToList
19:19:01.867 [TestNG-test=RetryMultipleFailedTestcases-1] INFO  Elements_Testcases.A_ListTC - Logged in and searched for a file, then clicked Edit.
19:19:01.868 [TestNG-test=RetryMultipleFailedTestcases-1] INFO  Elements_Testcases.A_ListTC - Created List instance.
19:19:02.159 [TestNG-test=RetryMultipleFailedTestcases-1] INFO  Elements_Testcases.A_ListTC - Clicked the first para.
19:19:02.193 [TestNG-test=RetryMultipleFailedTestcases-1] INFO  Elements_Testcases.A_ListTC - Switched back to default content.
19:19:02.356 [TestNG-test=RetryMultipleFailedTestcases-1] INFO  Elements_Testcases.A_ListTC - Clicked change Element
19:19:03.691 [TestNG-test=RetryMultipleFailedTestcases-1] INFO  Elements_Testcases.A_ListTC - Clicked List change Element
19:19:05.082 [TestNG-test=RetryMultipleFailedTestcases-1] INFO  Elements_Testcases.A_ListTC - Finished verifyChangeSectionNumberToList ..
19:19:14.896 [TestNG-test=RetryMultipleFailedTestcases-1] INFO  Elements_Testcases.A_ListTC - Starting InsertList_ToExistingList_DS
19:19:24.311 [TestNG-test=RetryMultipleFailedTestcases-3] INFO  Elements_Testcases.A_ListTC - Logged in and searched for a file, then clicked Edit.
19:19:24.313 [TestNG-test=RetryMultipleFailedTestcases-3] INFO  Elements_Testcases.A_ListTC - Created List instance.
19:19:24.662 [TestNG-test=RetryMultipleFailedTestcases-4] INFO  Elements_Testcases.A_ListTC - Logged in, searched for a file, and clicked Edit.
19:19:24.684 [TestNG-test=RetryMultipleFailedTestcases-4] INFO  Elements_Testcases.A_ListTC - Switched to frame 0.
19:19:24.702 [TestNG-test=RetryMultipleFailedTestcases-4] INFO  Elements_Testcases.A_ListTC - Number of list items before deleting: 5
19:19:25.729 [TestNG-test=RetryMultipleFailedTestcases-4] INFO  Elements_Testcases.A_ListTC - Performed right-click on the existing list item.
19:19:26.077 [TestNG-test=RetryMultipleFailedTestcases-4] INFO  Elements_Testcases.A_ListTC - Switched back to default content.
19:19:26.162 [TestNG-test=RetryMultipleFailedTestcases-4] INFO  Elements_Testcases.A_ListTC - Switched to frame 1.
19:19:26.776 [TestNG-test=RetryMultipleFailedTestcases-4] INFO  Elements_Testcases.A_ListTC - Clicked on Remove Element Block.
19:19:26.819 [TestNG-test=RetryMultipleFailedTestcases-4] INFO  Elements_Testcases.A_ListTC - Switched back to default content.
19:19:26.843 [TestNG-test=RetryMultipleFailedTestcases-4] INFO  Elements_Testcases.A_ListTC - Switched back to frame 0.
19:19:26.973 [TestNG-test=RetryMultipleFailedTestcases-4] INFO  Elements_Testcases.A_ListTC - Verified that the list is deleted in VE.
19:19:26.998 [TestNG-test=RetryMultipleFailedTestcases-4] INFO  Elements_Testcases.A_ListTC - Verified that the list count remains the same after deletion.
19:19:27.407 [TestNG-test=RetryMultipleFailedTestcases-4] INFO  Elements_Testcases.A_ListTC - Clicked on Accept Change Element.
19:19:28.075 [TestNG-test=RetryMultipleFailedTestcases-3] INFO  Elements_Testcases.A_ListTC - Context-clicked an existing list item.
19:19:28.191 [TestNG-test=RetryMultipleFailedTestcases-4] INFO  Elements_Testcases.A_ListTC - Switched back to frame 0.
19:19:28.202 [TestNG-test=RetryMultipleFailedTestcases-4] INFO  Elements_Testcases.A_ListTC - Verified that the list count decreased by 1 after accepting changes.
19:19:28.202 [TestNG-test=RetryMultipleFailedTestcases-4] INFO  Elements_Testcases.A_ListTC - Finished verify_ExistingList_PropertiesPopup
19:19:28.815 [TestNG-test=RetryMultipleFailedTestcases-3] INFO  Elements_Testcases.A_ListTC - Checked if list properties popup is visible.
19:19:28.968 [TestNG-test=RetryMultipleFailedTestcases-3] INFO  Elements_Testcases.A_ListTC - Obtained and selected the first option from the dropdown.
19:19:28.968 [TestNG-test=RetryMultipleFailedTestcases-3] INFO  Elements_Testcases.A_ListTC - Finished verify_ExistingList_PropertiesPopup
19:19:32.832 [TestNG-test=RetryMultipleFailedTestcases-2] INFO  Elements_Testcases.A_ListTC - Logged in and searched for a file, then clicked Edit.
19:19:32.833 [TestNG-test=RetryMultipleFailedTestcases-2] INFO  Elements_Testcases.A_ListTC - Created List instance.
19:19:32.854 [TestNG-test=RetryMultipleFailedTestcases-2] INFO  Elements_Testcases.A_ListTC - Switched to frame 0.
19:19:34.867 [TestNG-test=RetryMultipleFailedTestcases-2] INFO  Elements_Testcases.A_ListTC - Switched back to default content.
19:19:36.617 [TestNG-test=RetryMultipleFailedTestcases-2] INFO  Elements_Testcases.A_ListTC - Switched back to default content.
19:19:37.434 [TestNG-test=RetryMultipleFailedTestcases-2] INFO  Elements_Testcases.A_ListTC - Clicked insert img button
19:19:37.639 [TestNG-test=RetryMultipleFailedTestcases-4] INFO  Elements_Testcases.A_ListTC - Starting InsertList_ToExistingList_DS
19:19:38.177 [TestNG-test=RetryMultipleFailedTestcases-2] INFO  Elements_Testcases.A_ListTC - Clicked RHS insert Button
19:19:39.625 [TestNG-test=RetryMultipleFailedTestcases-2] INFO  Elements_Testcases.A_ListTC - Clicked img insert button
19:19:41.102 [TestNG-test=RetryMultipleFailedTestcases-2] INFO  Elements_Testcases.A_ListTC - Clicked change Element
19:19:42.685 [TestNG-test=RetryMultipleFailedTestcases-2] INFO  Elements_Testcases.A_ListTC - Clicked List change Element
19:19:43.553 [TestNG-test=RetryMultipleFailedTestcases-2] INFO  Elements_Testcases.A_ListTC - Finished verifyChangeImgToList ..
19:19:54.318 [TestNG-test=RetryMultipleFailedTestcases-1] INFO  Elements_Testcases.A_ListTC - Logged in, searched for a file, and clicked Edit.
19:19:54.342 [TestNG-test=RetryMultipleFailedTestcases-1] INFO  Elements_Testcases.A_ListTC - Switched to frame 0.
19:19:55.065 [TestNG-test=RetryMultipleFailedTestcases-1] INFO  Elements_Testcases.A_ListTC - Clicked List Before Paragraph.
19:19:56.522 [TestNG-test=RetryMultipleFailedTestcases-1] INFO  Elements_Testcases.A_ListTC - Clicked DS Existing Ordered List.
19:19:57.991 [TestNG-test=RetryMultipleFailedTestcases-1] INFO  Elements_Testcases.A_ListTC - Clicked DS Existing List Item.
19:19:58.836 [TestNG-test=RetryMultipleFailedTestcases-1] INFO  Elements_Testcases.A_ListTC - Performed right-click on DS Existing List Item.
19:19:59.267 [TestNG-test=RetryMultipleFailedTestcases-1] INFO  Elements_Testcases.A_ListTC - Clicked DS Insert After.
19:20:00.156 [TestNG-test=RetryMultipleFailedTestcases-1] INFO  Elements_Testcases.A_ListTC - Pressed TAB and ENTER keys.
19:20:01.058 [TestNG-test=RetryMultipleFailedTestcases-1] INFO  Elements_Testcases.A_ListTC - Finished InsertList_ToExistingList_DS
19:20:20.749 [TestNG-test=RetryMultipleFailedTestcases-3] INFO  Elements_Testcases.A_ListTC - Switched to frame 0.
19:20:21.429 [TestNG-test=RetryMultipleFailedTestcases-3] INFO  Elements_Testcases.A_ListTC - Clicked List Before Paragraph.
19:20:21.500 [TestNG-test=RetryMultipleFailedTestcases-4] INFO  Elements_Testcases.A_ListTC - Logged in, searched for a file, and clicked Edit.
19:20:21.518 [TestNG-test=RetryMultipleFailedTestcases-4] INFO  Elements_Testcases.A_ListTC - Switched to frame 0.
19:20:21.992 [TestNG-test=RetryMultipleFailedTestcases-4] INFO  Elements_Testcases.A_ListTC - Clicked List Before Paragraph.
19:20:22.417 [TestNG-test=RetryMultipleFailedTestcases-3] INFO  Elements_Testcases.A_ListTC - Clicked DS Existing Ordered List.
19:20:22.990 [TestNG-test=RetryMultipleFailedTestcases-4] INFO  Elements_Testcases.A_ListTC - Clicked DS Existing Ordered List.
19:20:23.613 [TestNG-test=RetryMultipleFailedTestcases-3] INFO  Elements_Testcases.A_ListTC - Clicked DS Existing List Item.
19:20:24.121 [TestNG-test=RetryMultipleFailedTestcases-4] INFO  Elements_Testcases.A_ListTC - Clicked DS Existing List Item.
19:20:24.380 [TestNG-test=RetryMultipleFailedTestcases-3] INFO  Elements_Testcases.A_ListTC - Performed right-click on DS Existing List Item.
19:20:24.554 [TestNG-test=RetryMultipleFailedTestcases-3] INFO  Elements_Testcases.A_ListTC - Clicked DS Insert After.
19:20:24.849 [TestNG-test=RetryMultipleFailedTestcases-4] INFO  Elements_Testcases.A_ListTC - Performed right-click on DS Existing List Item.
19:20:25.017 [TestNG-test=RetryMultipleFailedTestcases-4] INFO  Elements_Testcases.A_ListTC - Clicked DS Insert After.
19:20:25.568 [TestNG-test=RetryMultipleFailedTestcases-4] INFO  Elements_Testcases.A_ListTC - Pressed TAB and ENTER keys.
19:20:26.370 [TestNG-test=RetryMultipleFailedTestcases-4] INFO  Elements_Testcases.A_ListTC - Finished InsertList_ToExistingList_DS
19:20:34.042 [TestNG-test=RetryMultipleFailedTestcases-2] INFO  Elements_Testcases.A_ListTC - Switched to frame 0.
19:20:34.633 [TestNG-test=RetryMultipleFailedTestcases-2] INFO  Elements_Testcases.A_ListTC - Clicked List Before Paragraph.
19:20:35.556 [TestNG-test=RetryMultipleFailedTestcases-2] INFO  Elements_Testcases.A_ListTC - Clicked DS Existing Ordered List.
19:20:36.571 [TestNG-test=RetryMultipleFailedTestcases-2] INFO  Elements_Testcases.A_ListTC - Clicked DS Existing List Item.
19:20:37.157 [TestNG-test=RetryMultipleFailedTestcases-2] INFO  Elements_Testcases.A_ListTC - Performed right-click on DS Existing List Item.
19:20:37.375 [TestNG-test=RetryMultipleFailedTestcases-2] INFO  Elements_Testcases.A_ListTC - Clicked DS Insert After.
19:20:49.515 [TestNG-test=RetryMultipleFailedTestcases-1] INFO  Elements_Testcases.A_ListTC - Switched to frame 0.
19:20:50.428 [TestNG-test=RetryMultipleFailedTestcases-1] INFO  Elements_Testcases.A_ListTC - Performed right-click on Existing List Item.
19:21:17.155 [TestNG-test=RetryMultipleFailedTestcases-4] INFO  Elements_Testcases.A_ListTC - Switched to frame 0.
19:21:18.248 [TestNG-test=RetryMultipleFailedTestcases-4] INFO  Elements_Testcases.A_ListTC - Performed right-click on Existing List Item.
19:21:18.575 [TestNG-test=RetryMultipleFailedTestcases-4] INFO  Elements_Testcases.A_ListTC - Switched to frame 1.
19:21:19.744 [TestNG-test=RetryMultipleFailedTestcases-4] INFO  Elements_Testcases.A_ListTC - Clicked VE Insert After.
19:21:41.682 [TestNG-test=RetryMultipleFailedTestcases-1] INFO  Elements_Testcases.A_ListTC - Switched to frame 0.
19:21:42.656 [TestNG-test=RetryMultipleFailedTestcases-1] INFO  Elements_Testcases.A_ListTC - Performed right-click on Existing List Item.
19:21:42.935 [TestNG-test=RetryMultipleFailedTestcases-1] INFO  Elements_Testcases.A_ListTC - Switched to frame 1.
19:21:43.971 [TestNG-test=RetryMultipleFailedTestcases-1] INFO  Elements_Testcases.A_ListTC - Clicked VE Insert After.
19:21:55.924 [TestNG-test=RetryMultipleFailedTestcases-3] INFO  Elements_Testcases.A_ListTC - Switched to frame 0.
19:21:56.525 [TestNG-test=RetryMultipleFailedTestcases-3] INFO  Elements_Testcases.A_ListTC - Clicked List Before Paragraph.
19:21:57.402 [TestNG-test=RetryMultipleFailedTestcases-3] INFO  Elements_Testcases.A_ListTC - Clicked DS Existing Ordered List.
19:21:58.506 [TestNG-test=RetryMultipleFailedTestcases-3] INFO  Elements_Testcases.A_ListTC - Clicked DS Existing List Item.
19:21:59.226 [TestNG-test=RetryMultipleFailedTestcases-3] INFO  Elements_Testcases.A_ListTC - Performed right-click on DS Existing List Item.
19:21:59.403 [TestNG-test=RetryMultipleFailedTestcases-3] INFO  Elements_Testcases.A_ListTC - Clicked DS Insert After.
19:22:39.679 [TestNG-test=RetryMultipleFailedTestcases-4] INFO  Elements_Testcases.A_ListTC - Switched to frame 0.
19:22:40.918 [TestNG-test=RetryMultipleFailedTestcases-4] INFO  Elements_Testcases.A_ListTC - Performed right-click on Existing List Item.
19:22:41.170 [TestNG-test=RetryMultipleFailedTestcases-2] INFO  Elements_Testcases.A_ListTC - Switched to frame 0.
19:22:41.290 [TestNG-test=RetryMultipleFailedTestcases-4] INFO  Elements_Testcases.A_ListTC - Switched to frame 1.
19:22:41.857 [TestNG-test=RetryMultipleFailedTestcases-2] INFO  Elements_Testcases.A_ListTC - Clicked List Before Paragraph.
19:22:42.257 [TestNG-test=RetryMultipleFailedTestcases-4] INFO  Elements_Testcases.A_ListTC - Clicked VE Insert After.
19:22:43.085 [TestNG-test=RetryMultipleFailedTestcases-2] INFO  Elements_Testcases.A_ListTC - Clicked DS Existing Ordered List.
19:22:44.668 [TestNG-test=RetryMultipleFailedTestcases-2] INFO  Elements_Testcases.A_ListTC - Clicked DS Existing List Item.
19:22:45.961 [TestNG-test=RetryMultipleFailedTestcases-2] INFO  Elements_Testcases.A_ListTC - Performed right-click on DS Existing List Item.
19:22:46.220 [TestNG-test=RetryMultipleFailedTestcases-2] INFO  Elements_Testcases.A_ListTC - Clicked DS Insert After.
19:23:03.787 [TestNG-test=RetryMultipleFailedTestcases-1] INFO  Elements_Testcases.A_ListTC - Switched to frame 0.
19:23:04.816 [TestNG-test=RetryMultipleFailedTestcases-1] INFO  Elements_Testcases.A_ListTC - Performed right-click on Existing List Item.
19:23:05.000 [TestNG-test=RetryMultipleFailedTestcases-1] INFO  Elements_Testcases.A_ListTC - Switched to frame 1.
19:23:06.091 [TestNG-test=RetryMultipleFailedTestcases-1] INFO  Elements_Testcases.A_ListTC - Clicked VE Insert After.
19:23:21.972 [TestNG-test=RetryMultipleFailedTestcases-3] INFO  Elements_Testcases.A_ListTC - Switched to frame 0.
19:23:21.978 [TestNG-test=RetryMultipleFailedTestcases-4] INFO  Elements_Testcases.A_ListTC - Switched to frame 0.
19:23:23.710 [TestNG-test=RetryMultipleFailedTestcases-4] INFO  Elements_Testcases.A_ListTC - Performed right-click on Existing List Item.
19:23:24.032 [TestNG-test=RetryMultipleFailedTestcases-4] INFO  Elements_Testcases.A_ListTC - Switched to frame 1.
19:23:24.272 [TestNG-test=RetryMultipleFailedTestcases-3] INFO  Elements_Testcases.A_ListTC - Performed right-click on Existing List Item.
19:23:24.943 [TestNG-test=RetryMultipleFailedTestcases-4] INFO  Elements_Testcases.A_ListTC - Clicked VE Insert After.
19:23:57.138 [TestNG-test=RetryMultipleFailedTestcases-1] INFO  Elements_Testcases.A_ListTC - Starting AddList_To_ExistingList_CheckCount
19:24:05.441 [TestNG-test=RetryMultipleFailedTestcases-3] INFO  Elements_Testcases.A_ListTC - Switched to frame 0.
19:24:07.367 [TestNG-test=RetryMultipleFailedTestcases-3] INFO  Elements_Testcases.A_ListTC - Performed right-click on Existing List Item.
19:24:07.706 [TestNG-test=RetryMultipleFailedTestcases-3] INFO  Elements_Testcases.A_ListTC - Switched to frame 1.
19:24:08.575 [TestNG-test=RetryMultipleFailedTestcases-2] INFO  Elements_Testcases.A_ListTC - Switched to frame 0.
19:24:08.734 [TestNG-test=RetryMultipleFailedTestcases-3] INFO  Elements_Testcases.A_ListTC - Clicked VE Insert After.
19:24:09.764 [TestNG-test=RetryMultipleFailedTestcases-2] INFO  Elements_Testcases.A_ListTC - Performed right-click on Existing List Item.
19:24:15.182 [TestNG-test=RetryMultipleFailedTestcases-4] INFO  Elements_Testcases.A_ListTC - Switched to frame 0.
19:24:16.335 [TestNG-test=RetryMultipleFailedTestcases-4] INFO  Elements_Testcases.A_ListTC - Performed right-click on Existing List Item.
19:24:16.500 [TestNG-test=RetryMultipleFailedTestcases-4] INFO  Elements_Testcases.A_ListTC - Switched to frame 1.
19:24:17.374 [TestNG-test=RetryMultipleFailedTestcases-4] INFO  Elements_Testcases.A_ListTC - Clicked VE Insert After.
19:24:18.936 [TestNG-test=RetryMultipleFailedTestcases-2] INFO  Elements_Testcases.B_TableTC - Starting verify_Insert_Table
19:24:31.156 [TestNG-test=RetryMultipleFailedTestcases-4] INFO  Elements_Testcases.B_TableTC - Starting DeleteTableandVerify_ExistingTable
19:25:02.595 [TestNG-test=RetryMultipleFailedTestcases-1] INFO  Elements_Testcases.A_ListTC - Logged in, searched for a file, and clicked Edit.
19:25:02.651 [TestNG-test=RetryMultipleFailedTestcases-1] INFO  Elements_Testcases.A_ListTC - List count before adding: 5
19:25:07.876 [TestNG-test=RetryMultipleFailedTestcases-2] INFO  Elements_Testcases.B_TableTC - Logged in, searched for a file, and clicked Edit.
19:25:07.882 [TestNG-test=RetryMultipleFailedTestcases-2] INFO  Elements_Testcases.B_TableTC - Created F4_Table instance.
19:25:09.268 [TestNG-test=RetryMultipleFailedTestcases-1] INFO  Elements_Testcases.A_ListTC - Accept Change button is enabled.
19:25:09.305 [TestNG-test=RetryMultipleFailedTestcases-1] INFO  Elements_Testcases.A_ListTC - Reject Change button is enabled.
19:25:15.420 [TestNG-test=RetryMultipleFailedTestcases-2] INFO  Elements_Testcases.B_TableTC - Inserted table using ReusableMethods.
19:25:15.496 [TestNG-test=RetryMultipleFailedTestcases-2] INFO  Elements_Testcases.B_TableTC - Switched to frame 0.
19:25:15.555 [TestNG-test=RetryMultipleFailedTestcases-2] INFO  Elements_Testcases.B_TableTC - Table is inserted in the Visual Editor.
19:25:15.558 [TestNG-test=RetryMultipleFailedTestcases-2] INFO  Elements_Testcases.B_TableTC - Switched back to default content.
19:25:15.624 [TestNG-test=RetryMultipleFailedTestcases-2] INFO  Elements_Testcases.B_TableTC - Document Structure is updated with the table.
19:25:16.026 [TestNG-test=RetryMultipleFailedTestcases-2] INFO  Elements_Testcases.B_TableTC - Clicked Quick Preview.
19:25:16.430 [TestNG-test=RetryMultipleFailedTestcases-2] INFO  Elements_Testcases.B_TableTC - Table is inserted in QuickPreview visible.
19:25:16.999 [TestNG-test=RetryMultipleFailedTestcases-2] INFO  Elements_Testcases.B_TableTC - Clicked Code View.
19:25:18.465 [TestNG-test=RetryMultipleFailedTestcases-4] INFO  Elements_Testcases.B_TableTC - Logged in, searched for a file, and clicked Edit.
19:25:18.466 [TestNG-test=RetryMultipleFailedTestcases-4] INFO  Elements_Testcases.B_TableTC - Created F4_Table instance.
19:25:18.485 [TestNG-test=RetryMultipleFailedTestcases-4] INFO  Elements_Testcases.B_TableTC - Switched to frame 0.
19:25:19.082 [TestNG-test=RetryMultipleFailedTestcases-4] INFO  Elements_Testcases.B_TableTC - Clicked on an existing table cell.
19:25:19.200 [TestNG-test=RetryMultipleFailedTestcases-4] INFO  Elements_Testcases.B_TableTC - Table is added in the visual editor.
19:25:19.211 [TestNG-test=RetryMultipleFailedTestcases-4] INFO  Elements_Testcases.B_TableTC - Switched back to default content.
19:25:19.401 [TestNG-test=RetryMultipleFailedTestcases-4] INFO  Elements_Testcases.B_TableTC - Clicked on Table Properties tab.
19:25:20.757 [TestNG-test=RetryMultipleFailedTestcases-4] INFO  Elements_Testcases.B_TableTC - Clicked on the deleted table.
19:25:22.300 [TestNG-test=RetryMultipleFailedTestcases-4] INFO  Elements_Testcases.B_TableTC - Clicked on an existing table cell again.
19:25:23.396 [TestNG-test=RetryMultipleFailedTestcases-4] INFO  Elements_Testcases.B_TableTC - Clicked Accept Change.
19:25:29.494 [TestNG-test=RetryMultipleFailedTestcases-3] INFO  Elements_Testcases.A_ListTC - Switched to frame 0.
19:25:35.306 [TestNG-test=RetryMultipleFailedTestcases-3] INFO  Elements_Testcases.A_ListTC - Performed right-click on Existing List Item.
19:25:35.482 [TestNG-test=RetryMultipleFailedTestcases-3] INFO  Elements_Testcases.A_ListTC - Switched to frame 1.
19:25:36.913 [TestNG-test=RetryMultipleFailedTestcases-3] INFO  Elements_Testcases.A_ListTC - Clicked VE Insert After.
19:25:49.390 [TestNG-test=RetryMultipleFailedTestcases-1] INFO  Elements_Testcases.A_ListTC - Attribute Li button is not displayed.
19:25:49.402 [TestNG-test=RetryMultipleFailedTestcases-1] INFO  Elements_Testcases.A_ListTC - List count after adding: 6
19:25:57.083 [TestNG-test=RetryMultipleFailedTestcases-2] INFO  Elements_Testcases.B_TableTC - No Content Validation error is present in CodeView.
19:25:57.084 [TestNG-test=RetryMultipleFailedTestcases-2] INFO  Elements_Testcases.B_TableTC - Finished verify_Insert_Table
19:26:04.219 [TestNG-test=RetryMultipleFailedTestcases-4] INFO  Elements_Testcases.B_TableTC - After deleting table, there is no table in the visual editor.
19:26:04.221 [TestNG-test=RetryMultipleFailedTestcases-4] INFO  Elements_Testcases.B_TableTC - Finished DeleteTableandVerify_ExistingTable
19:28:53.507 [TestNG-test=RetryMultipleFailedTestcases-1] INFO  Elements_Testcases.A_ListTC - Starting AddList_To_ExistingList_CheckCount
19:29:01.661 [TestNG-test=RetryMultipleFailedTestcases-2] INFO  Elements_Testcases.B_TableTC - Starting changeParaToTableAndVerify
19:29:08.378 [TestNG-test=RetryMultipleFailedTestcases-4] INFO  Elements_Testcases.B_TableTC - Starting verifyInsertRowAboveAndVerify ..
19:29:20.691 [TestNG-test=RetryMultipleFailedTestcases-3] INFO  Elements_Testcases.B_TableTC - Starting insertRowBelowAndVerify ..
19:29:37.611 [TestNG-test=RetryMultipleFailedTestcases-3] INFO  Elements_Testcases.B_TableTC - Logged in, searched for a file, and clicked Edit.
19:29:37.644 [TestNG-test=RetryMultipleFailedTestcases-3] INFO  Elements_Testcases.B_TableTC - Created D_TP_Insertions instance.
19:29:38.600 [TestNG-test=RetryMultipleFailedTestcases-4] INFO  Elements_Testcases.B_TableTC - Logged in, searched for a file, and clicked Edit.
19:29:38.602 [TestNG-test=RetryMultipleFailedTestcases-4] INFO  Elements_Testcases.B_TableTC - Created D_TP_Insertions instance.
19:29:39.355 [TestNG-test=RetryMultipleFailedTestcases-2] INFO  Elements_Testcases.B_TableTC - Logged in, searched for a file, and clicked Edit.
19:29:39.356 [TestNG-test=RetryMultipleFailedTestcases-2] INFO  Elements_Testcases.B_TableTC - Created F4_Table instance.
19:29:40.075 [TestNG-test=RetryMultipleFailedTestcases-1] INFO  Elements_Testcases.A_ListTC - Logged in, searched for a file, and clicked Edit.
