21:28:32.862 [TestNG-test=RetryMultipleFailedTestcases-3] INFO  Elements_Testcases.A_ListTC - Verified that Reject Change Element is enabled.
21:28:32.842 [TestNG-test=RetryMultipleFailedTestcases-2] INFO  Elements_Testcases.A_ListTC - Logged in, searched for a file, and clicked Edit.
21:28:32.888 [TestNG-test=RetryMultipleFailedTestcases-2] INFO  Elements_Testcases.A_ListTC - Switched to frame 0.
21:28:32.909 [TestNG-test=RetryMultipleFailedTestcases-2] INFO  Elements_Testcases.A_ListTC - List count before adding: 5
21:28:33.265 [TestNG-test=RetryMultipleFailedTestcases-1] INFO  Elements_Testcases.A_ListTC - Switched back to frame 0.
21:28:33.277 [TestNG-test=RetryMultipleFailedTestcases-1] INFO  Elements_Testcases.A_ListTC - Verified that the list count decreased by 1 after accepting changes.
21:28:33.277 [TestNG-test=RetryMultipleFailedTestcases-1] INFO  Elements_Testcases.A_ListTC - Finished verify_ExistingList_PropertiesPopup
21:28:33.430 [TestNG-test=RetryMultipleFailedTestcases-4] INFO  Elements_Testcases.A_ListTC - Performed right-click on DS Existing List Item.
21:28:33.431 [TestNG-test=RetryMultipleFailedTestcases-2] INFO  Elements_Testcases.A_ListTC - Clicked on List before Para.
21:28:33.808 [TestNG-test=RetryMultipleFailedTestcases-4] INFO  Elements_Testcases.A_ListTC - Clicked DS Insert After.
21:28:34.608 [TestNG-test=RetryMultipleFailedTestcases-4] INFO  Elements_Testcases.A_ListTC - Pressed TAB and ENTER keys.
21:28:34.635 [TestNG-test=RetryMultipleFailedTestcases-2] INFO  Elements_Testcases.A_ListTC - Clicked on DS Existing OL.
21:28:35.462 [TestNG-test=RetryMultipleFailedTestcases-4] INFO  Elements_Testcases.A_ListTC - Finished InsertList_ToExistingList_DS
21:28:36.037 [TestNG-test=RetryMultipleFailedTestcases-2] INFO  Elements_Testcases.A_ListTC - Clicked on DS Existing List Item.
21:28:36.476 [TestNG-test=RetryMultipleFailedTestcases-2] INFO  Elements_Testcases.A_ListTC - Pressed ENTER key.
21:28:37.435 [TestNG-test=RetryMultipleFailedTestcases-2] INFO  Elements_Testcases.A_ListTC - Accept Change button is enabled.
21:28:37.615 [TestNG-test=RetryMultipleFailedTestcases-2] INFO  Elements_Testcases.A_ListTC - Reject Change button is enabled.
21:28:40.708 [TestNG-test=RetryMultipleFailedTestcases-1] INFO  Elements_Testcases.A_ListTC - Starting verifyChangeAddressToList
21:28:42.553 [TestNG-test=RetryMultipleFailedTestcases-4] INFO  Elements_Testcases.A_ListTC - Starting verifyChangeNumberListToBulletList
21:29:08.197 [TestNG-test=RetryMultipleFailedTestcases-1] INFO  Elements_Testcases.A_ListTC - Logged in and searched for a file, then clicked Edit.
21:29:08.207 [TestNG-test=RetryMultipleFailedTestcases-1] INFO  Elements_Testcases.A_ListTC - Created List instance.
21:29:08.954 [TestNG-test=RetryMultipleFailedTestcases-4] INFO  Elements_Testcases.A_ListTC - Logged in and searched for a file, then clicked Edit.
21:29:08.955 [TestNG-test=RetryMultipleFailedTestcases-4] INFO  Elements_Testcases.A_ListTC - Created List instance.
21:29:08.972 [TestNG-test=RetryMultipleFailedTestcases-4] INFO  Elements_Testcases.A_ListTC - Switched to frame 0.
21:29:09.015 [TestNG-test=RetryMultipleFailedTestcases-1] INFO  Elements_Testcases.A_ListTC - Clicked on Section 2 
21:29:09.547 [TestNG-test=RetryMultipleFailedTestcases-4] INFO  Elements_Testcases.A_ListTC - Clicked on the first paragraph.
21:29:09.596 [TestNG-test=RetryMultipleFailedTestcases-4] INFO  Elements_Testcases.A_ListTC - Switched back to default content.
21:29:09.893 [TestNG-test=RetryMultipleFailedTestcases-1] INFO  Elements_Testcases.A_ListTC - Clicked on Para Element 
21:29:10.329 [TestNG-test=RetryMultipleFailedTestcases-4] INFO  Elements_Testcases.A_ListTC - Clicked on the Bullet List.
21:29:10.933 [TestNG-test=RetryMultipleFailedTestcases-1] INFO  Elements_Testcases.A_ListTC - Context Clicked on Para element 
21:29:11.203 [TestNG-test=RetryMultipleFailedTestcases-1] INFO  Elements_Testcases.A_ListTC - Clicked on Insert After 
21:29:11.204 [TestNG-test=RetryMultipleFailedTestcases-1] INFO  Elements_Testcases.A_ListTC - Created Actions class instance.
21:29:11.347 [TestNG-test=RetryMultipleFailedTestcases-1] INFO  Elements_Testcases.A_ListTC - Caption element searched.
21:29:11.360 [TestNG-test=RetryMultipleFailedTestcases-1] INFO  Elements_Testcases.A_ListTC - Clicked on TAB 
21:29:11.486 [TestNG-test=RetryMultipleFailedTestcases-4] INFO  Elements_Testcases.A_ListTC - Verified that List bullet is present in DS.
21:29:11.504 [TestNG-test=RetryMultipleFailedTestcases-4] INFO  Elements_Testcases.A_ListTC - Switched back to frame 0.
21:29:11.601 [TestNG-test=RetryMultipleFailedTestcases-4] INFO  Elements_Testcases.A_ListTC - Switched back to default content.
21:29:11.832 [TestNG-test=RetryMultipleFailedTestcases-1] INFO  Elements_Testcases.A_ListTC - Clicked on ENTER 
21:29:11.915 [TestNG-test=RetryMultipleFailedTestcases-4] INFO  Elements_Testcases.A_ListTC - Clicked on the Number List.
21:29:12.282 [TestNG-test=RetryMultipleFailedTestcases-4] INFO  Elements_Testcases.A_ListTC - Verified that List Number is present in DS.
21:29:12.282 [TestNG-test=RetryMultipleFailedTestcases-4] INFO  Elements_Testcases.A_ListTC - Finished verifyChangeNumberListToBulletList ..
21:29:12.374 [TestNG-test=RetryMultipleFailedTestcases-1] INFO  Elements_Testcases.A_ListTC - Caption is inserted in DS
21:29:12.936 [TestNG-test=RetryMultipleFailedTestcases-3] INFO  Elements_Testcases.A_ListTC - Verifying if attributeLiButton is not displayed.
21:29:12.955 [TestNG-test=RetryMultipleFailedTestcases-3] INFO  Elements_Testcases.A_ListTC - Verified that the list count increased by 1 after adding.
21:29:13.544 [TestNG-test=RetryMultipleFailedTestcases-1] INFO  Elements_Testcases.A_ListTC - Clicked change Element
21:29:13.605 [TestNG-test=RetryMultipleFailedTestcases-1] INFO  Elements_Testcases.A_ListTC - Finished verifyChangeAddressToList ..
21:29:17.852 [TestNG-test=RetryMultipleFailedTestcases-4] INFO  Elements_Testcases.A_ListTC - Starting verifyChangeCrossReferenceToList
21:29:17.995 [TestNG-test=RetryMultipleFailedTestcases-2] INFO  Elements_Testcases.A_ListTC - Attribute Li button is not displayed.
21:29:18.027 [TestNG-test=RetryMultipleFailedTestcases-2] INFO  Elements_Testcases.A_ListTC - List count after adding: 6
21:29:18.028 [TestNG-test=RetryMultipleFailedTestcases-2] INFO  Elements_Testcases.A_ListTC - List count increased by 1 as expected.
21:29:18.930 [TestNG-test=RetryMultipleFailedTestcases-2] INFO  Elements_Testcases.A_ListTC - Clicked on Code View.
21:29:20.821 [TestNG-test=RetryMultipleFailedTestcases-1] INFO  Elements_Testcases.A_ListTC - Starting verifyChangeFootnoteToList
21:29:43.208 [TestNG-test=RetryMultipleFailedTestcases-4] INFO  Elements_Testcases.A_ListTC - Logged in and searched for a file, then clicked Edit.
21:29:43.210 [TestNG-test=RetryMultipleFailedTestcases-4] INFO  Elements_Testcases.A_ListTC - Created List instance.
21:29:43.715 [TestNG-test=RetryMultipleFailedTestcases-1] INFO  Elements_Testcases.A_ListTC - Logged in and searched for a file, then clicked Edit.
21:29:43.716 [TestNG-test=RetryMultipleFailedTestcases-1] INFO  Elements_Testcases.A_ListTC - Created List instance.
21:29:43.851 [TestNG-test=RetryMultipleFailedTestcases-4] INFO  Elements_Testcases.A_ListTC - Double clicked on First para
21:29:44.170 [TestNG-test=RetryMultipleFailedTestcases-1] INFO  Elements_Testcases.A_ListTC - clicked On Footnote Plugin
21:29:44.769 [TestNG-test=RetryMultipleFailedTestcases-4] INFO  Elements_Testcases.A_ListTC - clicked on Cross Reference button 
21:29:46.942 [TestNG-test=RetryMultipleFailedTestcases-1] INFO  Elements_Testcases.A_ListTC - clicked on new footnote box
21:29:46.942 [TestNG-test=RetryMultipleFailedTestcases-1] INFO  Elements_Testcases.A_ListTC - Created Actions class instance.
21:29:47.675 [TestNG-test=RetryMultipleFailedTestcases-1] INFO  Elements_Testcases.A_ListTC - clicked on footnote ok button
21:29:48.888 [TestNG-test=RetryMultipleFailedTestcases-1] INFO  Elements_Testcases.A_ListTC - Clicked change Element
21:29:48.917 [TestNG-test=RetryMultipleFailedTestcases-1] INFO  Elements_Testcases.A_ListTC - Finished verifyChangeFootnoteToList ..
21:29:53.588 [TestNG-test=RetryMultipleFailedTestcases-3] INFO  Elements_Testcases.A_ListTC - Verified that Content Validation error is not present in Code View.
21:29:53.588 [TestNG-test=RetryMultipleFailedTestcases-3] INFO  Elements_Testcases.A_ListTC - Finished AddList_To_ExistingList_CheckCount
21:29:55.392 [TestNG-test=RetryMultipleFailedTestcases-1] INFO  Elements_Testcases.A_ListTC - Starting verifyChangeImgToList
21:29:59.095 [TestNG-test=RetryMultipleFailedTestcases-2] INFO  Elements_Testcases.A_ListTC - Content Validation error is not present.
21:29:59.095 [TestNG-test=RetryMultipleFailedTestcases-2] INFO  Elements_Testcases.A_ListTC - Finished PressEnterAtEnd_ToExistingList_CheckCount
21:29:59.910 [TestNG-test=RetryMultipleFailedTestcases-3] INFO  Elements_Testcases.A_ListTC - Starting verifyChangeNumberListToBulletList
21:30:06.278 [TestNG-test=RetryMultipleFailedTestcases-2] INFO  Elements_Testcases.A_ListTC - Starting verifyChangeParaToList
21:30:23.991 [TestNG-test=RetryMultipleFailedTestcases-1] INFO  Elements_Testcases.A_ListTC - Logged in and searched for a file, then clicked Edit.
21:30:23.993 [TestNG-test=RetryMultipleFailedTestcases-1] INFO  Elements_Testcases.A_ListTC - Created List instance.
21:30:24.031 [TestNG-test=RetryMultipleFailedTestcases-1] INFO  Elements_Testcases.A_ListTC - Switched to frame 0.
21:30:25.185 [TestNG-test=RetryMultipleFailedTestcases-4] INFO  Elements_Testcases.A_ListTC - clicked on Code Cross Reference checkbox 
21:30:25.324 [TestNG-test=RetryMultipleFailedTestcases-1] INFO  Elements_Testcases.A_ListTC - Switched back to default content.
21:30:25.904 [TestNG-test=RetryMultipleFailedTestcases-4] INFO  Elements_Testcases.A_ListTC - clicked on Cross Reference popup ok button 
21:30:26.527 [TestNG-test=RetryMultipleFailedTestcases-1] INFO  Elements_Testcases.A_ListTC - Switched back to default content.
21:30:27.642 [TestNG-test=RetryMultipleFailedTestcases-4] INFO  Elements_Testcases.A_ListTC - Verifying Cross Reference is present in AP
21:30:27.713 [TestNG-test=RetryMultipleFailedTestcases-4] INFO  Elements_Testcases.A_ListTC - Verifying Cross Reference text is correct
21:30:28.381 [TestNG-test=RetryMultipleFailedTestcases-1] INFO  Elements_Testcases.A_ListTC - Clicked insert img button
21:30:28.775 [TestNG-test=RetryMultipleFailedTestcases-3] INFO  Elements_Testcases.A_ListTC - Logged in and searched for a file, then clicked Edit.
21:30:28.776 [TestNG-test=RetryMultipleFailedTestcases-3] INFO  Elements_Testcases.A_ListTC - Created List instance.
21:30:28.795 [TestNG-test=RetryMultipleFailedTestcases-3] INFO  Elements_Testcases.A_ListTC - Switched to frame 0.
21:30:28.872 [TestNG-test=RetryMultipleFailedTestcases-1] INFO  Elements_Testcases.A_ListTC - Clicked RHS insert Button
21:30:28.876 [TestNG-test=RetryMultipleFailedTestcases-4] INFO  Elements_Testcases.A_ListTC - Clicked change Element
21:30:29.673 [TestNG-test=RetryMultipleFailedTestcases-3] INFO  Elements_Testcases.A_ListTC - Clicked on the first paragraph.
21:30:29.734 [TestNG-test=RetryMultipleFailedTestcases-3] INFO  Elements_Testcases.A_ListTC - Switched back to default content.
21:30:30.316 [TestNG-test=RetryMultipleFailedTestcases-1] INFO  Elements_Testcases.A_ListTC - Clicked img insert button
21:30:31.303 [TestNG-test=RetryMultipleFailedTestcases-3] INFO  Elements_Testcases.A_ListTC - Clicked on the Number List.
21:30:32.424 [TestNG-test=RetryMultipleFailedTestcases-1] INFO  Elements_Testcases.A_ListTC - Clicked change Element
21:30:32.489 [TestNG-test=RetryMultipleFailedTestcases-2] INFO  Elements_Testcases.A_ListTC - Logged in and searched for a file, then clicked Edit.
21:30:32.490 [TestNG-test=RetryMultipleFailedTestcases-2] INFO  Elements_Testcases.A_ListTC - Created List instance.
21:30:32.503 [TestNG-test=RetryMultipleFailedTestcases-3] INFO  Elements_Testcases.A_ListTC - Verified that List Number is present in DS.
21:30:32.507 [TestNG-test=RetryMultipleFailedTestcases-2] INFO  Elements_Testcases.A_ListTC - Switched to frame 0.
21:30:32.522 [TestNG-test=RetryMultipleFailedTestcases-3] INFO  Elements_Testcases.A_ListTC - Switched back to frame 0.
21:30:32.613 [TestNG-test=RetryMultipleFailedTestcases-3] INFO  Elements_Testcases.A_ListTC - Switched back to default content.
21:30:32.998 [TestNG-test=RetryMultipleFailedTestcases-3] INFO  Elements_Testcases.A_ListTC - Clicked on the Bullet List.
21:30:33.009 [TestNG-test=RetryMultipleFailedTestcases-2] INFO  Elements_Testcases.A_ListTC - Clicked the first para.
21:30:33.054 [TestNG-test=RetryMultipleFailedTestcases-2] INFO  Elements_Testcases.A_ListTC - Switched back to default content.
21:30:33.408 [TestNG-test=RetryMultipleFailedTestcases-3] INFO  Elements_Testcases.A_ListTC - Verified that List bullet is present in DS.
21:30:33.409 [TestNG-test=RetryMultipleFailedTestcases-3] INFO  Elements_Testcases.A_ListTC - Finished verifyChangeNumberListToBulletList ..
21:30:33.425 [TestNG-test=RetryMultipleFailedTestcases-2] INFO  Elements_Testcases.A_ListTC - Clicked change Element
21:30:36.182 [TestNG-test=RetryMultipleFailedTestcases-1] INFO  Elements_Testcases.A_ListTC - Clicked List change Element
21:30:36.936 [TestNG-test=RetryMultipleFailedTestcases-1] INFO  Elements_Testcases.A_ListTC - Finished verifyChangeImgToList ..
21:30:37.037 [TestNG-test=RetryMultipleFailedTestcases-4] INFO  Elements_Testcases.A_ListTC - Starting verifyChangeCrossReferenceToList
21:30:40.824 [TestNG-test=RetryMultipleFailedTestcases-3] INFO  Elements_Testcases.A_ListTC - Starting verifyChangeSectionHeadingToList
21:30:43.938 [TestNG-test=RetryMultipleFailedTestcases-1] INFO  Elements_Testcases.A_ListTC - Starting verifyChangeSectionNumberToList
21:31:05.500 [TestNG-test=RetryMultipleFailedTestcases-4] INFO  Elements_Testcases.A_ListTC - Logged in and searched for a file, then clicked Edit.
21:31:05.501 [TestNG-test=RetryMultipleFailedTestcases-4] INFO  Elements_Testcases.A_ListTC - Created List instance.
21:31:06.166 [TestNG-test=RetryMultipleFailedTestcases-4] INFO  Elements_Testcases.A_ListTC - Double clicked on First para
21:31:06.789 [TestNG-test=RetryMultipleFailedTestcases-4] INFO  Elements_Testcases.A_ListTC - clicked on Cross Reference button 
21:31:09.930 [TestNG-test=RetryMultipleFailedTestcases-3] INFO  Elements_Testcases.A_ListTC - Logged in and searched for a file, then clicked Edit.
21:31:09.931 [TestNG-test=RetryMultipleFailedTestcases-3] INFO  Elements_Testcases.A_ListTC - Created List instance.
21:31:10.637 [TestNG-test=RetryMultipleFailedTestcases-3] INFO  Elements_Testcases.A_ListTC - Clicked the first para.
21:31:10.713 [TestNG-test=RetryMultipleFailedTestcases-3] INFO  Elements_Testcases.A_ListTC - Switched back to default content.
21:31:10.982 [TestNG-test=RetryMultipleFailedTestcases-1] INFO  Elements_Testcases.A_ListTC - Logged in and searched for a file, then clicked Edit.
21:31:10.983 [TestNG-test=RetryMultipleFailedTestcases-1] INFO  Elements_Testcases.A_ListTC - Created List instance.
21:31:11.191 [TestNG-test=RetryMultipleFailedTestcases-1] INFO  Elements_Testcases.A_ListTC - Clicked the first para.
21:31:11.200 [TestNG-test=RetryMultipleFailedTestcases-1] INFO  Elements_Testcases.A_ListTC - Switched back to default content.
21:31:11.357 [TestNG-test=RetryMultipleFailedTestcases-3] INFO  Elements_Testcases.A_ListTC - Clicked change Element
21:31:12.298 [TestNG-test=RetryMultipleFailedTestcases-1] INFO  Elements_Testcases.A_ListTC - Clicked change Element
21:31:13.735 [TestNG-test=RetryMultipleFailedTestcases-3] INFO  Elements_Testcases.A_ListTC - Clicked List change Element
21:31:14.744 [TestNG-test=RetryMultipleFailedTestcases-3] INFO  Elements_Testcases.A_ListTC - Finished verifyChangeSectionHeadingToList ..
21:31:18.837 [TestNG-test=RetryMultipleFailedTestcases-2] INFO  Elements_Testcases.A_ListTC - Starting verifyChangeParaToList
21:31:21.469 [TestNG-test=RetryMultipleFailedTestcases-3] INFO  Elements_Testcases.A_ListTC - Starting verify_ExistingList_PropertiesPopup
21:31:47.120 [TestNG-test=RetryMultipleFailedTestcases-4] INFO  Elements_Testcases.A_ListTC - clicked on Code Cross Reference checkbox 
21:31:47.750 [TestNG-test=RetryMultipleFailedTestcases-2] INFO  Elements_Testcases.A_ListTC - Logged in and searched for a file, then clicked Edit.
21:31:47.751 [TestNG-test=RetryMultipleFailedTestcases-2] INFO  Elements_Testcases.A_ListTC - Created List instance.
21:31:47.771 [TestNG-test=RetryMultipleFailedTestcases-2] INFO  Elements_Testcases.A_ListTC - Switched to frame 0.
21:31:47.949 [TestNG-test=RetryMultipleFailedTestcases-4] INFO  Elements_Testcases.A_ListTC - clicked on Cross Reference popup ok button 
21:31:48.477 [TestNG-test=RetryMultipleFailedTestcases-2] INFO  Elements_Testcases.A_ListTC - Clicked the first para.
21:31:48.686 [TestNG-test=RetryMultipleFailedTestcases-2] INFO  Elements_Testcases.A_ListTC - Switched back to default content.
21:31:49.166 [TestNG-test=RetryMultipleFailedTestcases-2] INFO  Elements_Testcases.A_ListTC - Clicked change Element
21:31:49.373 [TestNG-test=RetryMultipleFailedTestcases-4] INFO  Elements_Testcases.A_ListTC - Verifying Cross Reference is present in AP
21:31:49.452 [TestNG-test=RetryMultipleFailedTestcases-4] INFO  Elements_Testcases.A_ListTC - Verifying Cross Reference text is correct
21:31:50.396 [TestNG-test=RetryMultipleFailedTestcases-4] INFO  Elements_Testcases.A_ListTC - Clicked change Element
21:31:51.454 [TestNG-test=RetryMultipleFailedTestcases-3] INFO  Elements_Testcases.A_ListTC - Logged in, searched for a file, and clicked Edit.
21:31:51.474 [TestNG-test=RetryMultipleFailedTestcases-3] INFO  Elements_Testcases.A_ListTC - Switched to frame 0.
21:31:51.579 [TestNG-test=RetryMultipleFailedTestcases-3] INFO  Elements_Testcases.A_ListTC - Number of list items before deleting: 5
21:31:52.506 [TestNG-test=RetryMultipleFailedTestcases-3] INFO  Elements_Testcases.A_ListTC - Performed right-click on the existing list item.
21:31:52.727 [TestNG-test=RetryMultipleFailedTestcases-3] INFO  Elements_Testcases.A_ListTC - Switched back to default content.
21:31:52.776 [TestNG-test=RetryMultipleFailedTestcases-3] INFO  Elements_Testcases.A_ListTC - Switched to frame 1.
21:31:53.324 [TestNG-test=RetryMultipleFailedTestcases-3] INFO  Elements_Testcases.A_ListTC - Clicked on Remove Element Block.
21:31:53.420 [TestNG-test=RetryMultipleFailedTestcases-3] INFO  Elements_Testcases.A_ListTC - Switched back to default content.
21:31:53.583 [TestNG-test=RetryMultipleFailedTestcases-3] INFO  Elements_Testcases.A_ListTC - Switched back to frame 0.
21:31:53.626 [TestNG-test=RetryMultipleFailedTestcases-3] INFO  Elements_Testcases.A_ListTC - Verified that the list is deleted in VE.
21:31:53.637 [TestNG-test=RetryMultipleFailedTestcases-3] INFO  Elements_Testcases.A_ListTC - Verified that the list count remains the same after deletion.
21:31:54.213 [TestNG-test=RetryMultipleFailedTestcases-3] INFO  Elements_Testcases.A_ListTC - Clicked on Accept Change Element.
21:31:55.530 [TestNG-test=RetryMultipleFailedTestcases-3] INFO  Elements_Testcases.A_ListTC - Switched back to frame 0.
21:31:55.540 [TestNG-test=RetryMultipleFailedTestcases-3] INFO  Elements_Testcases.A_ListTC - Verified that the list count decreased by 1 after accepting changes.
21:31:55.540 [TestNG-test=RetryMultipleFailedTestcases-3] INFO  Elements_Testcases.A_ListTC - Finished verify_ExistingList_PropertiesPopup
21:31:57.516 [TestNG-test=RetryMultipleFailedTestcases-4] INFO  Elements_Testcases.A_ListTC - Starting verifyChangeCrossReferenceToList
21:32:00.084 [TestNG-test=RetryMultipleFailedTestcases-1] INFO  Elements_Testcases.A_ListTC - Starting verifyChangeSectionNumberToList
21:32:21.265 [TestNG-test=RetryMultipleFailedTestcases-4] INFO  Elements_Testcases.A_ListTC - Logged in and searched for a file, then clicked Edit.
21:32:21.266 [TestNG-test=RetryMultipleFailedTestcases-4] INFO  Elements_Testcases.A_ListTC - Created List instance.
21:32:22.090 [TestNG-test=RetryMultipleFailedTestcases-4] INFO  Elements_Testcases.A_ListTC - Double clicked on First para
21:32:24.534 [TestNG-test=RetryMultipleFailedTestcases-4] INFO  Elements_Testcases.A_ListTC - clicked on Cross Reference button 
21:32:25.682 [TestNG-test=RetryMultipleFailedTestcases-1] INFO  Elements_Testcases.A_ListTC - Logged in and searched for a file, then clicked Edit.
21:32:25.682 [TestNG-test=RetryMultipleFailedTestcases-1] INFO  Elements_Testcases.A_ListTC - Created List instance.
21:32:26.083 [TestNG-test=RetryMultipleFailedTestcases-1] INFO  Elements_Testcases.A_ListTC - Clicked the first para.
21:32:26.103 [TestNG-test=RetryMultipleFailedTestcases-1] INFO  Elements_Testcases.A_ListTC - Switched back to default content.
21:32:26.780 [TestNG-test=RetryMultipleFailedTestcases-1] INFO  Elements_Testcases.A_ListTC - Clicked change Element
21:32:29.269 [TestNG-test=RetryMultipleFailedTestcases-3] INFO  Elements_Testcases.A_ListTC - Logged in and searched for a file, then clicked Edit.
21:32:29.269 [TestNG-test=RetryMultipleFailedTestcases-3] INFO  Elements_Testcases.A_ListTC - Created List instance.
21:32:35.815 [TestNG-test=RetryMultipleFailedTestcases-2] INFO  Elements_Testcases.A_ListTC - Starting verifyChangeParaToList
21:33:01.224 [TestNG-test=RetryMultipleFailedTestcases-2] INFO  Elements_Testcases.A_ListTC - Logged in and searched for a file, then clicked Edit.
21:33:01.224 [TestNG-test=RetryMultipleFailedTestcases-2] INFO  Elements_Testcases.A_ListTC - Created List instance.
21:33:01.242 [TestNG-test=RetryMultipleFailedTestcases-2] INFO  Elements_Testcases.A_ListTC - Switched to frame 0.
21:33:01.742 [TestNG-test=RetryMultipleFailedTestcases-2] INFO  Elements_Testcases.A_ListTC - Clicked the first para.
21:33:01.789 [TestNG-test=RetryMultipleFailedTestcases-2] INFO  Elements_Testcases.A_ListTC - Switched back to default content.
21:33:02.026 [TestNG-test=RetryMultipleFailedTestcases-2] INFO  Elements_Testcases.A_ListTC - Clicked change Element
21:33:04.795 [TestNG-test=RetryMultipleFailedTestcases-4] INFO  Elements_Testcases.A_ListTC - clicked on Code Cross Reference checkbox 
21:33:05.446 [TestNG-test=RetryMultipleFailedTestcases-4] INFO  Elements_Testcases.A_ListTC - clicked on Cross Reference popup ok button 
21:33:06.664 [TestNG-test=RetryMultipleFailedTestcases-4] INFO  Elements_Testcases.A_ListTC - Verifying Cross Reference is present in AP
21:33:06.702 [TestNG-test=RetryMultipleFailedTestcases-4] INFO  Elements_Testcases.A_ListTC - Verifying Cross Reference text is correct
21:33:07.355 [TestNG-test=RetryMultipleFailedTestcases-4] INFO  Elements_Testcases.A_ListTC - Clicked change Element
21:33:13.976 [TestNG-test=RetryMultipleFailedTestcases-1] INFO  Elements_Testcases.A_ListTC - Starting verifyChangeSectionNumberToList
21:33:15.001 [TestNG-test=RetryMultipleFailedTestcases-4] INFO  Elements_Testcases.A_ListTC - Starting InsertList_ToExistingList_DS
21:33:19.507 [TestNG-test=RetryMultipleFailedTestcases-3] INFO  Elements_Testcases.A_ListTC - Logged in and searched for a file, then clicked Edit.
21:33:19.508 [TestNG-test=RetryMultipleFailedTestcases-3] INFO  Elements_Testcases.A_ListTC - Created List instance.
21:33:40.671 [TestNG-test=RetryMultipleFailedTestcases-1] INFO  Elements_Testcases.A_ListTC - Logged in and searched for a file, then clicked Edit.
21:33:40.672 [TestNG-test=RetryMultipleFailedTestcases-1] INFO  Elements_Testcases.A_ListTC - Created List instance.
21:33:41.012 [TestNG-test=RetryMultipleFailedTestcases-1] INFO  Elements_Testcases.A_ListTC - Clicked the first para.
21:33:41.026 [TestNG-test=RetryMultipleFailedTestcases-1] INFO  Elements_Testcases.A_ListTC - Switched back to default content.
21:33:41.519 [TestNG-test=RetryMultipleFailedTestcases-4] INFO  Elements_Testcases.A_ListTC - Logged in, searched for a file, and clicked Edit.
21:33:41.536 [TestNG-test=RetryMultipleFailedTestcases-4] INFO  Elements_Testcases.A_ListTC - Switched to frame 0.
21:33:41.608 [TestNG-test=RetryMultipleFailedTestcases-1] INFO  Elements_Testcases.A_ListTC - Clicked change Element
21:33:42.128 [TestNG-test=RetryMultipleFailedTestcases-4] INFO  Elements_Testcases.A_ListTC - Clicked List Before Paragraph.
21:33:43.346 [TestNG-test=RetryMultipleFailedTestcases-4] INFO  Elements_Testcases.A_ListTC - Clicked DS Existing Ordered List.
21:33:44.399 [TestNG-test=RetryMultipleFailedTestcases-4] INFO  Elements_Testcases.A_ListTC - Clicked DS Existing List Item.
21:33:45.045 [TestNG-test=RetryMultipleFailedTestcases-4] INFO  Elements_Testcases.A_ListTC - Performed right-click on DS Existing List Item.
21:33:45.207 [TestNG-test=RetryMultipleFailedTestcases-4] INFO  Elements_Testcases.A_ListTC - Clicked DS Insert After.
21:33:45.839 [TestNG-test=RetryMultipleFailedTestcases-4] INFO  Elements_Testcases.A_ListTC - Pressed TAB and ENTER keys.
21:33:47.377 [TestNG-test=RetryMultipleFailedTestcases-4] INFO  Elements_Testcases.A_ListTC - Finished InsertList_ToExistingList_DS
21:33:50.033 [TestNG-test=RetryMultipleFailedTestcases-2] INFO  Elements_Testcases.A_ListTC - Starting InsertList_ToExistingList_DS
21:34:12.907 [TestNG-test=RetryMultipleFailedTestcases-3] INFO  Elements_Testcases.A_ListTC - Logged in and searched for a file, then clicked Edit.
21:34:12.911 [TestNG-test=RetryMultipleFailedTestcases-3] INFO  Elements_Testcases.A_ListTC - Created List instance.
21:34:18.207 [TestNG-test=RetryMultipleFailedTestcases-2] INFO  Elements_Testcases.A_ListTC - Logged in, searched for a file, and clicked Edit.
21:34:18.233 [TestNG-test=RetryMultipleFailedTestcases-2] INFO  Elements_Testcases.A_ListTC - Switched to frame 0.
21:34:18.696 [TestNG-test=RetryMultipleFailedTestcases-2] INFO  Elements_Testcases.A_ListTC - Clicked List Before Paragraph.
21:34:19.885 [TestNG-test=RetryMultipleFailedTestcases-2] INFO  Elements_Testcases.A_ListTC - Clicked DS Existing Ordered List.
21:34:20.978 [TestNG-test=RetryMultipleFailedTestcases-2] INFO  Elements_Testcases.A_ListTC - Clicked DS Existing List Item.
21:34:21.088 [TestNG-test=RetryMultipleFailedTestcases-4] INFO  Elements_Testcases.A_ListTC - Switched to frame 0.
21:34:21.457 [TestNG-test=RetryMultipleFailedTestcases-4] INFO  Elements_Testcases.A_ListTC - Clicked List Before Paragraph.
21:34:22.358 [TestNG-test=RetryMultipleFailedTestcases-4] INFO  Elements_Testcases.A_ListTC - Clicked DS Existing Ordered List.
21:34:22.362 [TestNG-test=RetryMultipleFailedTestcases-2] INFO  Elements_Testcases.A_ListTC - Performed right-click on DS Existing List Item.
21:34:22.591 [TestNG-test=RetryMultipleFailedTestcases-2] INFO  Elements_Testcases.A_ListTC - Clicked DS Insert After.
21:34:23.178 [TestNG-test=RetryMultipleFailedTestcases-2] INFO  Elements_Testcases.A_ListTC - Pressed TAB and ENTER keys.
21:34:23.538 [TestNG-test=RetryMultipleFailedTestcases-4] INFO  Elements_Testcases.A_ListTC - Clicked DS Existing List Item.
21:34:24.052 [TestNG-test=RetryMultipleFailedTestcases-2] INFO  Elements_Testcases.A_ListTC - Finished InsertList_ToExistingList_DS
21:34:24.237 [TestNG-test=RetryMultipleFailedTestcases-4] INFO  Elements_Testcases.A_ListTC - Performed right-click on DS Existing List Item.
21:34:24.469 [TestNG-test=RetryMultipleFailedTestcases-4] INFO  Elements_Testcases.A_ListTC - Clicked DS Insert After.
21:34:54.233 [TestNG-test=RetryMultipleFailedTestcases-1] INFO  Elements_Testcases.A_ListTC - Switched to frame 0.
21:34:55.040 [TestNG-test=RetryMultipleFailedTestcases-1] INFO  Elements_Testcases.A_ListTC - Clicked List Before Paragraph.
21:34:57.258 [TestNG-test=RetryMultipleFailedTestcases-1] INFO  Elements_Testcases.A_ListTC - Clicked DS Existing Ordered List.
21:34:58.514 [TestNG-test=RetryMultipleFailedTestcases-1] INFO  Elements_Testcases.A_ListTC - Clicked DS Existing List Item.
21:34:58.585 [TestNG-test=RetryMultipleFailedTestcases-2] INFO  Elements_Testcases.A_ListTC - Switched to frame 0.
21:34:59.150 [TestNG-test=RetryMultipleFailedTestcases-1] INFO  Elements_Testcases.A_ListTC - Performed right-click on DS Existing List Item.
21:34:59.372 [TestNG-test=RetryMultipleFailedTestcases-1] INFO  Elements_Testcases.A_ListTC - Clicked DS Insert After.
21:34:59.940 [TestNG-test=RetryMultipleFailedTestcases-2] INFO  Elements_Testcases.A_ListTC - Performed right-click on Existing List Item.
21:35:01.922 [TestNG-test=RetryMultipleFailedTestcases-3] INFO  Elements_Testcases.A_ListTC - Switched to frame 0.
21:35:03.287 [TestNG-test=RetryMultipleFailedTestcases-3] INFO  Elements_Testcases.A_ListTC - Performed right-click on Existing List Item.
21:35:03.549 [TestNG-test=RetryMultipleFailedTestcases-3] INFO  Elements_Testcases.A_ListTC - Switched to frame 1.
21:35:31.677 [TestNG-test=RetryMultipleFailedTestcases-2] INFO  Elements_Testcases.A_ListTC - Switched to frame 0.
21:35:32.653 [TestNG-test=RetryMultipleFailedTestcases-2] INFO  Elements_Testcases.A_ListTC - Performed right-click on Existing List Item.
21:35:32.829 [TestNG-test=RetryMultipleFailedTestcases-2] INFO  Elements_Testcases.A_ListTC - Switched to frame 1.
21:35:33.631 [TestNG-test=RetryMultipleFailedTestcases-2] INFO  Elements_Testcases.A_ListTC - Clicked VE Insert After.
21:35:35.347 [TestNG-test=RetryMultipleFailedTestcases-4] INFO  Elements_Testcases.A_ListTC - Switched to frame 0.
21:35:35.894 [TestNG-test=RetryMultipleFailedTestcases-4] INFO  Elements_Testcases.A_ListTC - Clicked List Before Paragraph.
21:35:36.811 [TestNG-test=RetryMultipleFailedTestcases-4] INFO  Elements_Testcases.A_ListTC - Clicked DS Existing Ordered List.
21:35:37.903 [TestNG-test=RetryMultipleFailedTestcases-4] INFO  Elements_Testcases.A_ListTC - Clicked DS Existing List Item.
21:35:38.592 [TestNG-test=RetryMultipleFailedTestcases-4] INFO  Elements_Testcases.A_ListTC - Performed right-click on DS Existing List Item.
21:35:38.748 [TestNG-test=RetryMultipleFailedTestcases-4] INFO  Elements_Testcases.A_ListTC - Clicked DS Insert After.
21:35:45.764 [TestNG-test=RetryMultipleFailedTestcases-3] INFO  Elements_Testcases.A_ListTC - Switched to frame 0.
21:35:46.763 [TestNG-test=RetryMultipleFailedTestcases-3] INFO  Elements_Testcases.A_ListTC - Performed right-click on Existing List Item.
21:35:46.932 [TestNG-test=RetryMultipleFailedTestcases-3] INFO  Elements_Testcases.A_ListTC - Switched to frame 1.
21:35:48.307 [TestNG-test=RetryMultipleFailedTestcases-3] INFO  Elements_Testcases.A_ListTC - Clicked VE Insert After.
21:36:13.372 [TestNG-test=RetryMultipleFailedTestcases-1] INFO  Elements_Testcases.A_ListTC - Switched to frame 0.
21:36:13.759 [TestNG-test=RetryMultipleFailedTestcases-1] INFO  Elements_Testcases.A_ListTC - Clicked List Before Paragraph.
21:36:14.790 [TestNG-test=RetryMultipleFailedTestcases-1] INFO  Elements_Testcases.A_ListTC - Clicked DS Existing Ordered List.
21:36:15.976 [TestNG-test=RetryMultipleFailedTestcases-1] INFO  Elements_Testcases.A_ListTC - Clicked DS Existing List Item.
21:36:16.768 [TestNG-test=RetryMultipleFailedTestcases-1] INFO  Elements_Testcases.A_ListTC - Performed right-click on DS Existing List Item.
21:36:16.935 [TestNG-test=RetryMultipleFailedTestcases-1] INFO  Elements_Testcases.A_ListTC - Clicked DS Insert After.
21:36:21.447 [TestNG-test=RetryMultipleFailedTestcases-3] INFO  Elements_Testcases.A_ListTC - Switched to frame 0.
21:36:22.545 [TestNG-test=RetryMultipleFailedTestcases-3] INFO  Elements_Testcases.A_ListTC - Performed right-click on Existing List Item.
21:36:23.007 [TestNG-test=RetryMultipleFailedTestcases-3] INFO  Elements_Testcases.A_ListTC - Switched to frame 1.
21:36:24.110 [TestNG-test=RetryMultipleFailedTestcases-3] INFO  Elements_Testcases.A_ListTC - Clicked VE Insert After.
21:36:49.119 [TestNG-test=RetryMultipleFailedTestcases-2] INFO  Elements_Testcases.A_ListTC - Switched to frame 0.
21:36:49.961 [TestNG-test=RetryMultipleFailedTestcases-2] INFO  Elements_Testcases.A_ListTC - Performed right-click on Existing List Item.
21:36:50.363 [TestNG-test=RetryMultipleFailedTestcases-2] INFO  Elements_Testcases.A_ListTC - Switched to frame 1.
21:36:52.013 [TestNG-test=RetryMultipleFailedTestcases-2] INFO  Elements_Testcases.A_ListTC - Clicked VE Insert After.
21:36:53.111 [TestNG-test=RetryMultipleFailedTestcases-4] INFO  Elements_Testcases.A_ListTC - Switched to frame 0.
21:36:53.679 [TestNG-test=RetryMultipleFailedTestcases-4] INFO  Elements_Testcases.A_ListTC - Clicked List Before Paragraph.
21:36:54.673 [TestNG-test=RetryMultipleFailedTestcases-4] INFO  Elements_Testcases.A_ListTC - Clicked DS Existing Ordered List.
21:36:55.674 [TestNG-test=RetryMultipleFailedTestcases-4] INFO  Elements_Testcases.A_ListTC - Clicked DS Existing List Item.
21:36:56.955 [TestNG-test=RetryMultipleFailedTestcases-4] INFO  Elements_Testcases.A_ListTC - Performed right-click on DS Existing List Item.
21:36:57.307 [TestNG-test=RetryMultipleFailedTestcases-4] INFO  Elements_Testcases.A_ListTC - Clicked DS Insert After.
21:36:58.232 [TestNG-test=RetryMultipleFailedTestcases-3] INFO  Elements_Testcases.A_ListTC - Switched to frame 0.
21:36:59.161 [TestNG-test=RetryMultipleFailedTestcases-3] INFO  Elements_Testcases.A_ListTC - Performed right-click on Existing List Item.
21:37:32.873 [TestNG-test=RetryMultipleFailedTestcases-1] INFO  Elements_Testcases.A_ListTC - Switched to frame 0.
21:37:33.744 [TestNG-test=RetryMultipleFailedTestcases-1] INFO  Elements_Testcases.A_ListTC - Clicked List Before Paragraph.
21:37:34.071 [TestNG-test=RetryMultipleFailedTestcases-3] INFO  Elements_Testcases.A_ListTC - Switched to frame 0.
21:37:34.905 [TestNG-test=RetryMultipleFailedTestcases-3] INFO  Elements_Testcases.A_ListTC - Performed right-click on Existing List Item.
21:37:35.015 [TestNG-test=RetryMultipleFailedTestcases-1] INFO  Elements_Testcases.A_ListTC - Clicked DS Existing Ordered List.
21:37:35.276 [TestNG-test=RetryMultipleFailedTestcases-3] INFO  Elements_Testcases.A_ListTC - Switched to frame 1.
21:37:36.293 [TestNG-test=RetryMultipleFailedTestcases-3] INFO  Elements_Testcases.A_ListTC - Clicked VE Insert After.
21:37:36.447 [TestNG-test=RetryMultipleFailedTestcases-1] INFO  Elements_Testcases.A_ListTC - Clicked DS Existing List Item.
21:37:37.464 [TestNG-test=RetryMultipleFailedTestcases-1] INFO  Elements_Testcases.A_ListTC - Performed right-click on DS Existing List Item.
21:37:37.777 [TestNG-test=RetryMultipleFailedTestcases-1] INFO  Elements_Testcases.A_ListTC - Clicked DS Insert After.
21:38:16.252 [TestNG-test=RetryMultipleFailedTestcases-4] INFO  Elements_Testcases.A_ListTC - Switched to frame 0.
21:38:16.396 [TestNG-test=RetryMultipleFailedTestcases-3] INFO  Elements_Testcases.A_ListTC - Switched to frame 0.
21:38:17.363 [TestNG-test=RetryMultipleFailedTestcases-4] INFO  Elements_Testcases.A_ListTC - Performed right-click on Existing List Item.
21:38:17.460 [TestNG-test=RetryMultipleFailedTestcases-3] INFO  Elements_Testcases.A_ListTC - Performed right-click on Existing List Item.
21:38:17.899 [TestNG-test=RetryMultipleFailedTestcases-3] INFO  Elements_Testcases.A_ListTC - Switched to frame 1.
21:38:18.024 [TestNG-test=RetryMultipleFailedTestcases-4] INFO  Elements_Testcases.A_ListTC - Switched to frame 1.
21:38:18.980 [TestNG-test=RetryMultipleFailedTestcases-3] INFO  Elements_Testcases.A_ListTC - Clicked VE Insert After.
21:38:19.585 [TestNG-test=RetryMultipleFailedTestcases-4] INFO  Elements_Testcases.A_ListTC - Clicked VE Insert After.
21:38:20.623 [TestNG-test=RetryMultipleFailedTestcases-2] INFO  Elements_Testcases.A_ListTC - Switched to frame 0.
21:38:21.571 [TestNG-test=RetryMultipleFailedTestcases-2] INFO  Elements_Testcases.A_ListTC - Performed right-click on Existing List Item.
21:38:21.773 [TestNG-test=RetryMultipleFailedTestcases-2] INFO  Elements_Testcases.A_ListTC - Switched to frame 1.
21:38:22.878 [TestNG-test=RetryMultipleFailedTestcases-2] INFO  Elements_Testcases.A_ListTC - Clicked VE Insert After.
21:38:53.623 [TestNG-test=RetryMultipleFailedTestcases-1] INFO  Elements_Testcases.A_ListTC - Switched to frame 0.
21:38:54.504 [TestNG-test=RetryMultipleFailedTestcases-1] INFO  Elements_Testcases.A_ListTC - Performed right-click on Existing List Item.
21:38:56.769 [TestNG-test=RetryMultipleFailedTestcases-3] INFO  Elements_Testcases.A_ListTC - Switched to frame 0.
21:38:57.687 [TestNG-test=RetryMultipleFailedTestcases-3] INFO  Elements_Testcases.A_ListTC - Performed right-click on Existing List Item.
21:38:57.874 [TestNG-test=RetryMultipleFailedTestcases-3] INFO  Elements_Testcases.A_ListTC - Switched to frame 1.
21:38:59.073 [TestNG-test=RetryMultipleFailedTestcases-3] INFO  Elements_Testcases.A_ListTC - Clicked VE Insert After.
21:39:01.235 [TestNG-test=RetryMultipleFailedTestcases-1] INFO  Elements_Testcases.A_ListTC - Starting AddList_To_ExistingList_CheckCount
21:39:07.289 [TestNG-test=RetryMultipleFailedTestcases-3] INFO  sprint4_TestCases.G_ChangeElementTC - Starting verifyListChangeItems
21:39:09.669 [TestNG-test=RetryMultipleFailedTestcases-2] INFO  sprint5_TestCases.Am_ListTC - Starting TC238_verifyNumberedList
21:39:26.583 [TestNG-test=RetryMultipleFailedTestcases-1] INFO  Elements_Testcases.A_ListTC - Logged in, searched for a file, and clicked Edit.
21:39:26.649 [TestNG-test=RetryMultipleFailedTestcases-1] INFO  Elements_Testcases.A_ListTC - List count before adding: 5
21:39:33.844 [TestNG-test=RetryMultipleFailedTestcases-4] INFO  Elements_Testcases.A_ListTC - Switched to frame 0.
21:39:34.647 [TestNG-test=RetryMultipleFailedTestcases-3] INFO  sprint4_TestCases.G_ChangeElementTC - Logged in, searched for a file, and clicked Edit.
21:39:34.654 [TestNG-test=RetryMultipleFailedTestcases-3] INFO  sprint4_TestCases.G_ChangeElementTC - Created G_ChangeElement instance.
21:39:34.891 [TestNG-test=RetryMultipleFailedTestcases-3] INFO  sprint4_TestCases.G_ChangeElementTC - Clicked DS section no 2.
21:39:35.728 [TestNG-test=RetryMultipleFailedTestcases-4] INFO  Elements_Testcases.A_ListTC - Performed right-click on Existing List Item.
21:39:36.026 [TestNG-test=RetryMultipleFailedTestcases-1] INFO  Elements_Testcases.A_ListTC - Accept Change button is enabled.
21:39:36.050 [TestNG-test=RetryMultipleFailedTestcases-4] INFO  Elements_Testcases.A_ListTC - Switched to frame 1.
21:39:36.086 [TestNG-test=RetryMultipleFailedTestcases-1] INFO  Elements_Testcases.A_ListTC - Reject Change button is enabled.
21:39:36.262 [TestNG-test=RetryMultipleFailedTestcases-3] INFO  sprint4_TestCases.G_ChangeElementTC - Clicked DS first para.
21:39:36.949 [TestNG-test=RetryMultipleFailedTestcases-3] INFO  sprint4_TestCases.G_ChangeElementTC - Clicked Number list.
21:39:36.950 [TestNG-test=RetryMultipleFailedTestcases-3] INFO  sprint4_TestCases.G_ChangeElementTC - Created Actions class instance.
21:39:37.111 [TestNG-test=RetryMultipleFailedTestcases-4] INFO  Elements_Testcases.A_ListTC - Clicked VE Insert After.
21:39:38.790 [TestNG-test=RetryMultipleFailedTestcases-3] INFO  sprint4_TestCases.G_ChangeElementTC - Finished verifyListChangeItems
21:39:40.530 [TestNG-test=RetryMultipleFailedTestcases-2] INFO  sprint5_TestCases.Am_ListTC - Logged in and searched for a file, then clicked Edit.
21:39:40.592 [TestNG-test=RetryMultipleFailedTestcases-2] INFO  sprint5_TestCases.Am_ListTC - Switched to frame 0.
21:39:41.007 [TestNG-test=RetryMultipleFailedTestcases-2] INFO  sprint5_TestCases.Am_ListTC - Clicked on first para VE.
21:39:41.044 [TestNG-test=RetryMultipleFailedTestcases-2] INFO  sprint5_TestCases.Am_ListTC - Switched to default content.
21:39:41.725 [TestNG-test=RetryMultipleFailedTestcases-2] INFO  sprint5_TestCases.Am_ListTC - Clicked on Number List Plugin.
21:39:44.417 [TestNG-test=RetryMultipleFailedTestcases-2] INFO  sprint5_TestCases.Am_ListTC - Switched to frame 0.
21:39:46.259 [TestNG-test=RetryMultipleFailedTestcases-3] INFO  sprint5_TestCases.Am_ListTC - Starting TC243_verifyNumberListInCB
21:39:50.574 [TestNG-test=RetryMultipleFailedTestcases-2] INFO  sprint5_TestCases.Am_ListTC - Starting TC238_verifyNumberedList
21:40:14.120 [TestNG-test=RetryMultipleFailedTestcases-3] INFO  sprint5_TestCases.Am_ListTC - Logged in and searched for a file, then clicked Edit.
21:40:14.137 [TestNG-test=RetryMultipleFailedTestcases-3] INFO  sprint5_TestCases.Am_ListTC - Switched to frame 0.
21:40:14.492 [TestNG-test=RetryMultipleFailedTestcases-3] INFO  sprint5_TestCases.Am_ListTC - Clicked on first para VE.
21:40:14.529 [TestNG-test=RetryMultipleFailedTestcases-3] INFO  sprint5_TestCases.Am_ListTC - Switched to default content.
21:40:15.005 [TestNG-test=RetryMultipleFailedTestcases-3] INFO  sprint5_TestCases.Am_ListTC - Clicked on Number List Plugin.
21:40:15.801 [TestNG-test=RetryMultipleFailedTestcases-3] INFO  sprint5_TestCases.Am_ListTC - Finished TC243_verifyNumberListInCB
21:40:16.153 [TestNG-test=RetryMultipleFailedTestcases-1] INFO  Elements_Testcases.A_ListTC - Attribute Li button is not displayed.
21:40:16.164 [TestNG-test=RetryMultipleFailedTestcases-1] INFO  Elements_Testcases.A_ListTC - List count after adding: 6
21:40:25.382 [TestNG-test=RetryMultipleFailedTestcases-3] INFO  sprint5_TestCases.Am_ListTC - Starting TC244_verifyBulletListInCB
21:40:25.781 [TestNG-test=RetryMultipleFailedTestcases-1] INFO  Elements_Testcases.A_ListTC - Starting AddList_To_ExistingList_CheckCount
21:40:26.451 [TestNG-test=RetryMultipleFailedTestcases-2] INFO  sprint5_TestCases.Am_ListTC - Logged in and searched for a file, then clicked Edit.
21:40:26.518 [TestNG-test=RetryMultipleFailedTestcases-2] INFO  sprint5_TestCases.Am_ListTC - Switched to frame 0.
21:40:27.162 [TestNG-test=RetryMultipleFailedTestcases-2] INFO  sprint5_TestCases.Am_ListTC - Clicked on first para VE.
21:40:27.245 [TestNG-test=RetryMultipleFailedTestcases-2] INFO  sprint5_TestCases.Am_ListTC - Switched to default content.
21:40:28.035 [TestNG-test=RetryMultipleFailedTestcases-2] INFO  sprint5_TestCases.Am_ListTC - Clicked on Number List Plugin.
21:40:30.197 [TestNG-test=RetryMultipleFailedTestcases-2] INFO  sprint5_TestCases.Am_ListTC - Switched to frame 0.
21:40:37.271 [TestNG-test=RetryMultipleFailedTestcases-2] INFO  sprint5_TestCases.Am_ListTC - Starting TC238_verifyNumberedList
21:40:53.026 [TestNG-test=RetryMultipleFailedTestcases-1] INFO  Elements_Testcases.A_ListTC - Logged in, searched for a file, and clicked Edit.
21:40:53.083 [TestNG-test=RetryMultipleFailedTestcases-1] INFO  Elements_Testcases.A_ListTC - List count before adding: 5
21:40:53.734 [TestNG-test=RetryMultipleFailedTestcases-3] INFO  sprint5_TestCases.Am_ListTC - Logged in and searched for a file, then clicked Edit.
21:40:53.761 [TestNG-test=RetryMultipleFailedTestcases-3] INFO  sprint5_TestCases.Am_ListTC - Switched to frame 0.
21:40:54.964 [TestNG-test=RetryMultipleFailedTestcases-3] INFO  sprint5_TestCases.Am_ListTC - Clicked on first para VE.
21:40:55.232 [TestNG-test=RetryMultipleFailedTestcases-3] INFO  sprint5_TestCases.Am_ListTC - Switched to default content.
21:40:56.212 [TestNG-test=RetryMultipleFailedTestcases-3] INFO  sprint5_TestCases.Am_ListTC - Clicked on Bullet List Plugin.
21:40:57.465 [TestNG-test=RetryMultipleFailedTestcases-4] INFO  Elements_Testcases.A_ListTC - Switched to frame 0.
21:40:58.120 [TestNG-test=RetryMultipleFailedTestcases-3] INFO  sprint5_TestCases.Am_ListTC - Finished TC244_verifyBulletListInCB
21:40:58.398 [TestNG-test=RetryMultipleFailedTestcases-4] INFO  Elements_Testcases.A_ListTC - Performed right-click on Existing List Item.
21:40:58.776 [TestNG-test=RetryMultipleFailedTestcases-4] INFO  Elements_Testcases.A_ListTC - Switched to frame 1.
21:40:59.831 [TestNG-test=RetryMultipleFailedTestcases-4] INFO  Elements_Testcases.A_ListTC - Clicked VE Insert After.
21:41:00.384 [TestNG-test=RetryMultipleFailedTestcases-1] INFO  Elements_Testcases.A_ListTC - Accept Change button is enabled.
21:41:00.429 [TestNG-test=RetryMultipleFailedTestcases-1] INFO  Elements_Testcases.A_ListTC - Reject Change button is enabled.
21:41:03.363 [TestNG-test=RetryMultipleFailedTestcases-3] INFO  sprint5_TestCases.Am_ListTC - Starting TC245_verifyEmphasisParaToList
21:41:05.092 [TestNG-test=RetryMultipleFailedTestcases-2] INFO  sprint5_TestCases.Am_ListTC - Logged in and searched for a file, then clicked Edit.
21:41:05.152 [TestNG-test=RetryMultipleFailedTestcases-2] INFO  sprint5_TestCases.Am_ListTC - Switched to frame 0.
21:41:05.582 [TestNG-test=RetryMultipleFailedTestcases-2] INFO  sprint5_TestCases.Am_ListTC - Clicked on first para VE.
21:41:05.619 [TestNG-test=RetryMultipleFailedTestcases-2] INFO  sprint5_TestCases.Am_ListTC - Switched to default content.
21:41:06.076 [TestNG-test=RetryMultipleFailedTestcases-2] INFO  sprint5_TestCases.Am_ListTC - Clicked on Number List Plugin.
21:41:07.234 [TestNG-test=RetryMultipleFailedTestcases-2] INFO  sprint5_TestCases.Am_ListTC - Switched to frame 0.
21:41:13.746 [TestNG-test=RetryMultipleFailedTestcases-2] INFO  sprint5_TestCases.Am_ListTC - Starting TC246_verifyListInTable
21:41:29.291 [TestNG-test=RetryMultipleFailedTestcases-3] INFO  sprint5_TestCases.Am_ListTC - Logged in and searched for a file, then clicked Edit.
21:41:29.308 [TestNG-test=RetryMultipleFailedTestcases-3] INFO  sprint5_TestCases.Am_ListTC - Switched to frame 0.
21:41:29.637 [TestNG-test=RetryMultipleFailedTestcases-3] INFO  sprint5_TestCases.Am_ListTC - Switched to default content.
21:41:29.989 [TestNG-test=RetryMultipleFailedTestcases-3] INFO  sprint5_TestCases.Am_ListTC - Clicked on Number List Plugin.
21:41:31.606 [TestNG-test=RetryMultipleFailedTestcases-3] INFO  sprint5_TestCases.Am_ListTC - Finished TC245_verifyEmphasisParaToList
21:41:38.949 [TestNG-test=RetryMultipleFailedTestcases-3] INFO  sprint5_TestCases.Am_ListTC - Starting TC247_verifyExistingListToUnList
21:41:39.802 [TestNG-test=RetryMultipleFailedTestcases-2] INFO  sprint5_TestCases.Am_ListTC - Logged in and searched for a file, then clicked Edit.
21:41:40.519 [TestNG-test=RetryMultipleFailedTestcases-1] INFO  Elements_Testcases.A_ListTC - Attribute Li button is not displayed.
21:41:40.539 [TestNG-test=RetryMultipleFailedTestcases-1] INFO  Elements_Testcases.A_ListTC - List count after adding: 6
21:41:47.550 [TestNG-test=RetryMultipleFailedTestcases-4] INFO  sprint5_TestCases.Am_ListTC - Starting TC248_verifyListResequence
21:41:48.355 [TestNG-test=RetryMultipleFailedTestcases-1] INFO  Elements_Testcases.A_ListTC - Starting AddList_To_ExistingList_CheckCount
21:41:49.077 [TestNG-test=RetryMultipleFailedTestcases-2] INFO  sprint5_TestCases.Am_ListTC - Clicked on Number List Plugin.
21:41:49.255 [TestNG-test=RetryMultipleFailedTestcases-2] INFO  sprint5_TestCases.Am_ListTC - Switched to frame 0.
21:41:49.293 [TestNG-test=RetryMultipleFailedTestcases-2] INFO  sprint5_TestCases.Am_ListTC - Finished TC246_verifyListInTable
21:41:56.500 [TestNG-test=RetryMultipleFailedTestcases-2] INFO  sprint5_TestCases.Am_ListTC - Starting TC249_verifyListUsingTab
21:42:05.192 [TestNG-test=RetryMultipleFailedTestcases-3] INFO  sprint5_TestCases.Am_ListTC - Logged in and searched for a file, then clicked Edit.
21:42:05.207 [TestNG-test=RetryMultipleFailedTestcases-3] INFO  sprint5_TestCases.Am_ListTC - Switched to frame 0.
21:42:06.001 [TestNG-test=RetryMultipleFailedTestcases-3] INFO  sprint5_TestCases.Am_ListTC - Switched to default content.
21:42:06.942 [TestNG-test=RetryMultipleFailedTestcases-3] INFO  sprint5_TestCases.Am_ListTC - Clicked on Number List Plugin.
21:42:11.720 [TestNG-test=RetryMultipleFailedTestcases-4] INFO  sprint5_TestCases.Am_ListTC - Logged in and searched for a file, then clicked Edit.
21:42:11.739 [TestNG-test=RetryMultipleFailedTestcases-4] INFO  sprint5_TestCases.Am_ListTC - Switched to frame 0.
21:42:12.350 [TestNG-test=RetryMultipleFailedTestcases-4] INFO  sprint5_TestCases.Am_ListTC - Clicked on first para VE.
21:42:12.527 [TestNG-test=RetryMultipleFailedTestcases-4] INFO  sprint5_TestCases.Am_ListTC - Switched to default content.
21:42:13.500 [TestNG-test=RetryMultipleFailedTestcases-4] INFO  sprint5_TestCases.Am_ListTC - Clicked on Number List Plugin.
21:42:14.614 [TestNG-test=RetryMultipleFailedTestcases-1] INFO  Elements_Testcases.A_ListTC - Logged in, searched for a file, and clicked Edit.
21:42:14.644 [TestNG-test=RetryMultipleFailedTestcases-1] INFO  Elements_Testcases.A_ListTC - List count before adding: 5
21:42:20.267 [TestNG-test=RetryMultipleFailedTestcases-1] INFO  Elements_Testcases.A_ListTC - Accept Change button is enabled.
21:42:20.316 [TestNG-test=RetryMultipleFailedTestcases-1] INFO  Elements_Testcases.A_ListTC - Reject Change button is enabled.
21:42:22.708 [TestNG-test=RetryMultipleFailedTestcases-2] INFO  sprint5_TestCases.Am_ListTC - Logged in and searched for a file, then clicked Edit.
21:42:22.887 [TestNG-test=RetryMultipleFailedTestcases-2] INFO  sprint5_TestCases.Am_ListTC - Switched to frame 0.
21:42:23.492 [TestNG-test=RetryMultipleFailedTestcases-2] INFO  sprint5_TestCases.Am_ListTC - Clicked on first para VE.
21:42:23.556 [TestNG-test=RetryMultipleFailedTestcases-2] INFO  sprint5_TestCases.Am_ListTC - Switched to default content.
21:42:23.992 [TestNG-test=RetryMultipleFailedTestcases-4] INFO  sprint5_TestCases.Am_ListTC - Switched to default content.
21:42:24.399 [TestNG-test=RetryMultipleFailedTestcases-2] INFO  sprint5_TestCases.Am_ListTC - Clicked on Number List Plugin.
21:42:24.800 [TestNG-test=RetryMultipleFailedTestcases-4] INFO  sprint5_TestCases.Am_ListTC - Clicked on Number List Plugin.
21:42:25.426 [TestNG-test=RetryMultipleFailedTestcases-4] INFO  sprint5_TestCases.Am_ListTC - Switched to frame 0.
21:42:25.511 [TestNG-test=RetryMultipleFailedTestcases-4] INFO  sprint5_TestCases.Am_ListTC - Finished TC248_verifyListResequence
