18:54:25.430 [TestNG-test=RetryMultipleFailedTestcases-3] INFO  BasicEditingTC.F3_ListTC - Logged in, searched for a file, and clicked Edit.
18:54:25.445 [TestNG-test=RetryMultipleFailedTestcases-3] INFO  BasicEditingTC.F3_ListTC - UIUX-2906
18:54:25.465 [TestNG-test=RetryMultipleFailedTestcases-3] INFO  BasicEditingTC.F3_ListTC - Switched to frame 0.
18:54:26.412 [TestNG-test=RetryMultipleFailedTestcases-3] INFO  BasicEditingTC.F3_ListTC - Performed right-click on Existing List Item.
18:54:26.550 [TestNG-test=RetryMultipleFailedTestcases-3] INFO  BasicEditingTC.F3_ListTC - Switched to frame 1.
18:54:27.318 [TestNG-test=RetryMultipleFailedTestcases-3] INFO  BasicEditingTC.F3_ListTC - Clicked VE Insert After.
18:54:46.197 [TestNG-test=RetryMultipleFailedTestcases-1] INFO  Elements_Testcases.Aa_ListTC - Logged in, searched for a file, and clicked Edit.
18:54:46.229 [TestNG-test=RetryMultipleFailedTestcases-1] INFO  Elements_Testcases.Aa_ListTC - List count before adding: 15
18:54:49.439 [TestNG-test=RetryMultipleFailedTestcases-1] INFO  Elements_Testcases.Aa_ListTC - Accept Change button is enabled.
18:54:49.478 [TestNG-test=RetryMultipleFailedTestcases-1] INFO  Elements_Testcases.Aa_ListTC - Reject Change button is enabled.
18:54:51.114 [TestNG-test=RetryMultipleFailedTestcases-4] INFO  Elements_Testcases.Aa_ListTC - Starting verifyChangeImgToList
18:55:07.617 [TestNG-test=RetryMultipleFailedTestcases-3] INFO  BasicEditingTC.F3_ListTC - Finished InsertAfter_SimplePara_ExistingList
18:55:13.833 [TestNG-test=RetryMultipleFailedTestcases-4] INFO  Elements_Testcases.Aa_ListTC - Logged in and searched for a file, then clicked Edit.
18:55:13.834 [TestNG-test=RetryMultipleFailedTestcases-4] INFO  Elements_Testcases.Aa_ListTC - Created List instance.
18:55:13.849 [TestNG-test=RetryMultipleFailedTestcases-4] INFO  Elements_Testcases.Aa_ListTC - Switched to frame 0.
18:55:15.609 [TestNG-test=RetryMultipleFailedTestcases-4] INFO  Elements_Testcases.Aa_ListTC - Switched back to default content.
18:55:17.211 [TestNG-test=RetryMultipleFailedTestcases-3] INFO  BasicEditingTC.F3_ListTC - Starting verify_ExistingList_PropertiesPopup
18:55:17.323 [TestNG-test=RetryMultipleFailedTestcases-4] INFO  Elements_Testcases.Aa_ListTC - Switched back to default content.
18:55:17.871 [TestNG-test=RetryMultipleFailedTestcases-4] INFO  Elements_Testcases.Aa_ListTC - Clicked insert img button
18:55:18.159 [TestNG-test=RetryMultipleFailedTestcases-4] INFO  Elements_Testcases.Aa_ListTC - Clicked RHS insert Button
18:55:24.641 [TestNG-test=RetryMultipleFailedTestcases-4] INFO  Elements_Testcases.Aa_ListTC - Clicked img insert button
18:55:29.574 [TestNG-test=RetryMultipleFailedTestcases-1] INFO  Elements_Testcases.Aa_ListTC - Attribute Li button is not displayed.
18:55:29.588 [TestNG-test=RetryMultipleFailedTestcases-1] INFO  Elements_Testcases.Aa_ListTC - List count after adding: 17
18:55:40.010 [TestNG-test=RetryMultipleFailedTestcases-3] INFO  BasicEditingTC.F3_ListTC - Logged in, searched for a file, and clicked Edit.
18:55:40.043 [TestNG-test=RetryMultipleFailedTestcases-3] INFO  BasicEditingTC.F3_ListTC - Switched to frame 0.
18:55:40.405 [TestNG-test=RetryMultipleFailedTestcases-1] INFO  Elements_Testcases.Aa_ListTC - Starting AddList_To_ExistingList_CheckCount
18:55:40.585 [TestNG-test=RetryMultipleFailedTestcases-3] INFO  BasicEditingTC.F3_ListTC - Clicked on the first paragraph.
18:55:40.647 [TestNG-test=RetryMultipleFailedTestcases-3] INFO  BasicEditingTC.F3_ListTC - Switched back to default content.
18:55:43.790 [TestNG-test=RetryMultipleFailedTestcases-3] INFO  BasicEditingTC.F3_ListTC - Clicked on the Number List.
18:55:44.592 [TestNG-test=RetryMultipleFailedTestcases-3] INFO  BasicEditingTC.F3_ListTC - Verified that List Number is present in DS.
18:55:44.627 [TestNG-test=RetryMultipleFailedTestcases-3] INFO  BasicEditingTC.F3_ListTC - Verified that aria-disabled attribute contains 'false' for Accept Change element.
18:55:44.674 [TestNG-test=RetryMultipleFailedTestcases-3] INFO  BasicEditingTC.F3_ListTC - Verified that aria-disabled attribute contains 'false' for Reject Change element.
18:55:44.688 [TestNG-test=RetryMultipleFailedTestcases-3] INFO  BasicEditingTC.F3_ListTC - Switched back to frame 0.
18:55:44.718 [TestNG-test=RetryMultipleFailedTestcases-3] INFO  BasicEditingTC.F3_ListTC - Verified that List is highlighted in VE.
18:55:44.718 [TestNG-test=RetryMultipleFailedTestcases-3] INFO  BasicEditingTC.F3_ListTC - Finished verify_ExistingList_PropertiesPopup
18:55:51.400 [TestNG-test=RetryMultipleFailedTestcases-3] INFO  BasicEditingTC.F3_ListTC - Starting verify_ExistingList_PropertiesPopup
18:56:02.400 [TestNG-test=RetryMultipleFailedTestcases-1] INFO  Elements_Testcases.Aa_ListTC - Logged in, searched for a file, and clicked Edit.
18:56:02.433 [TestNG-test=RetryMultipleFailedTestcases-1] INFO  Elements_Testcases.Aa_ListTC - List count before adding: 15
18:56:05.388 [TestNG-test=RetryMultipleFailedTestcases-1] INFO  Elements_Testcases.Aa_ListTC - Accept Change button is enabled.
18:56:05.434 [TestNG-test=RetryMultipleFailedTestcases-1] INFO  Elements_Testcases.Aa_ListTC - Reject Change button is enabled.
18:56:13.211 [TestNG-test=RetryMultipleFailedTestcases-3] INFO  BasicEditingTC.F3_ListTC - Logged in, searched for a file, and clicked Edit.
18:56:13.249 [TestNG-test=RetryMultipleFailedTestcases-3] INFO  BasicEditingTC.F3_ListTC - Switched to frame 0.
18:56:13.271 [TestNG-test=RetryMultipleFailedTestcases-3] INFO  BasicEditingTC.F3_ListTC - Number of list items before deleting: 15
18:56:14.399 [TestNG-test=RetryMultipleFailedTestcases-3] INFO  BasicEditingTC.F3_ListTC - Performed right-click on the existing list item.
18:56:14.500 [TestNG-test=RetryMultipleFailedTestcases-3] INFO  BasicEditingTC.F3_ListTC - Switched back to default content.
18:56:14.583 [TestNG-test=RetryMultipleFailedTestcases-3] INFO  BasicEditingTC.F3_ListTC - Switched to frame 1.
18:56:15.030 [TestNG-test=RetryMultipleFailedTestcases-3] INFO  BasicEditingTC.F3_ListTC - Clicked on Remove Element Block.
18:56:15.098 [TestNG-test=RetryMultipleFailedTestcases-3] INFO  BasicEditingTC.F3_ListTC - Switched back to default content.
18:56:15.164 [TestNG-test=RetryMultipleFailedTestcases-3] INFO  BasicEditingTC.F3_ListTC - Switched back to frame 0.
18:56:15.205 [TestNG-test=RetryMultipleFailedTestcases-3] INFO  BasicEditingTC.F3_ListTC - Verified that the list is deleted in VE.
18:56:15.219 [TestNG-test=RetryMultipleFailedTestcases-3] INFO  BasicEditingTC.F3_ListTC - Verified that the list count remains the same after deletion.
18:56:15.472 [TestNG-test=RetryMultipleFailedTestcases-3] INFO  BasicEditingTC.F3_ListTC - Clicked on Accept Change Element.
18:56:15.526 [TestNG-test=RetryMultipleFailedTestcases-3] INFO  BasicEditingTC.F3_ListTC - Switched back to frame 0.
18:56:15.538 [TestNG-test=RetryMultipleFailedTestcases-3] INFO  BasicEditingTC.F3_ListTC - Verified that the list count decreased by 1 after accepting changes.
18:56:15.538 [TestNG-test=RetryMultipleFailedTestcases-3] INFO  BasicEditingTC.F3_ListTC - Finished verify_ExistingList_PropertiesPopup
18:56:16.526 [TestNG-test=RetryMultipleFailedTestcases-4] INFO  Elements_Testcases.Aa_ListTC - Starting verifyChangeImgToList
18:56:27.219 [TestNG-test=RetryMultipleFailedTestcases-3] INFO  BasicEditingTC.F3_ListTC - Starting verifyListActions
18:56:36.919 [TestNG-test=RetryMultipleFailedTestcases-4] INFO  Elements_Testcases.Aa_ListTC - Logged in and searched for a file, then clicked Edit.
18:56:36.920 [TestNG-test=RetryMultipleFailedTestcases-4] INFO  Elements_Testcases.Aa_ListTC - Created List instance.
18:56:37.024 [TestNG-test=RetryMultipleFailedTestcases-4] INFO  Elements_Testcases.Aa_ListTC - Switched to frame 0.
18:56:38.384 [TestNG-test=RetryMultipleFailedTestcases-4] INFO  Elements_Testcases.Aa_ListTC - Switched back to default content.
18:56:40.167 [TestNG-test=RetryMultipleFailedTestcases-4] INFO  Elements_Testcases.Aa_ListTC - Switched back to default content.
18:56:40.610 [TestNG-test=RetryMultipleFailedTestcases-4] INFO  Elements_Testcases.Aa_ListTC - Clicked insert img button
18:56:41.083 [TestNG-test=RetryMultipleFailedTestcases-4] INFO  Elements_Testcases.Aa_ListTC - Clicked RHS insert Button
18:56:45.529 [TestNG-test=RetryMultipleFailedTestcases-1] INFO  Elements_Testcases.Aa_ListTC - Attribute Li button is not displayed.
18:56:45.550 [TestNG-test=RetryMultipleFailedTestcases-1] INFO  Elements_Testcases.Aa_ListTC - List count after adding: 17
18:56:47.799 [TestNG-test=RetryMultipleFailedTestcases-4] INFO  Elements_Testcases.Aa_ListTC - Clicked img insert button
18:56:49.470 [TestNG-test=RetryMultipleFailedTestcases-3] INFO  BasicEditingTC.F3_ListTC - Logged in, searched for a file, and clicked Edit.
18:56:49.495 [TestNG-test=RetryMultipleFailedTestcases-3] INFO  BasicEditingTC.F3_ListTC - Switched to frame 0.
18:56:49.522 [TestNG-test=RetryMultipleFailedTestcases-3] INFO  BasicEditingTC.F3_ListTC - Number of list items before deleting: 15
18:56:50.216 [TestNG-test=RetryMultipleFailedTestcases-3] INFO  BasicEditingTC.F3_ListTC - Clicked on Existing List Item.
18:56:50.408 [TestNG-test=RetryMultipleFailedTestcases-3] INFO  BasicEditingTC.F3_ListTC - Verifying if attributeLiButton is displayed.
18:56:50.808 [TestNG-test=RetryMultipleFailedTestcases-3] INFO  BasicEditingTC.F3_ListTC - Clicked on Number List.
18:56:57.555 [TestNG-test=RetryMultipleFailedTestcases-1] INFO  BasicEditingTC.F3_ListTC - Starting AddList_To_ExistingList_CheckCount
18:57:17.577 [TestNG-test=RetryMultipleFailedTestcases-1] INFO  BasicEditingTC.F3_ListTC - Logged in, searched for a file, and clicked Edit.
18:57:17.590 [TestNG-test=RetryMultipleFailedTestcases-1] INFO  BasicEditingTC.F3_ListTC - Switched to frame 0.
18:57:17.631 [TestNG-test=RetryMultipleFailedTestcases-1] INFO  BasicEditingTC.F3_ListTC - Number of list items before adding: 15
18:57:17.973 [TestNG-test=RetryMultipleFailedTestcases-1] INFO  BasicEditingTC.F3_ListTC - Clicked on Existing List Item.
18:57:18.728 [TestNG-test=RetryMultipleFailedTestcases-1] INFO  BasicEditingTC.F3_ListTC - Performed ENTER key press.
18:57:18.830 [TestNG-test=RetryMultipleFailedTestcases-1] INFO  BasicEditingTC.F3_ListTC - Typed 'Hello'.
18:57:18.879 [TestNG-test=RetryMultipleFailedTestcases-1] INFO  BasicEditingTC.F3_ListTC - Verified that Accept Change Element is enabled.
18:57:18.905 [TestNG-test=RetryMultipleFailedTestcases-1] INFO  BasicEditingTC.F3_ListTC - Verified that Reject Change Element is enabled.
18:57:30.931 [TestNG-test=RetryMultipleFailedTestcases-3] INFO  BasicEditingTC.F3_ListTC - Verifying if attributeLiButton is not displayed.
18:57:30.970 [TestNG-test=RetryMultipleFailedTestcases-3] INFO  BasicEditingTC.F3_ListTC - Verified that the list count decreased by 1 after performing actions.
18:57:30.970 [TestNG-test=RetryMultipleFailedTestcases-3] INFO  BasicEditingTC.F3_ListTC - Finished verifyListActions
18:57:31.873 [TestNG-test=RetryMultipleFailedTestcases-2] INFO  BasicEditingTC.F3_ListTC - Starting verify_List_Properties_VE
18:57:39.385 [TestNG-test=RetryMultipleFailedTestcases-4] INFO  Elements_Testcases.Aa_ListTC - Starting verifyChangeImgToList
18:57:39.388 [TestNG-test=RetryMultipleFailedTestcases-3] INFO  BasicEditingTC.F3_ListTC - Starting verify_InsertInto_ExistingList
18:57:56.359 [TestNG-test=RetryMultipleFailedTestcases-2] INFO  BasicEditingTC.F3_ListTC - Logged in, searched for a file, and clicked Edit.
18:57:56.359 [TestNG-test=RetryMultipleFailedTestcases-2] INFO  BasicEditingTC.F3_ListTC - Created F3_List instance.
18:57:56.388 [TestNG-test=RetryMultipleFailedTestcases-2] INFO  BasicEditingTC.F3_ListTC - Switched to frame 0.
18:57:57.080 [TestNG-test=RetryMultipleFailedTestcases-2] INFO  BasicEditingTC.F3_ListTC - Clicked on First Paragraph.
18:57:57.158 [TestNG-test=RetryMultipleFailedTestcases-2] INFO  BasicEditingTC.F3_ListTC - Switched back to default content.
18:57:58.977 [TestNG-test=RetryMultipleFailedTestcases-1] INFO  BasicEditingTC.F3_ListTC - Verifying if attributeLiButton is not displayed.
18:57:58.977 [TestNG-test=RetryMultipleFailedTestcases-1] INFO  BasicEditingTC.F3_ListTC - Verified that attributeLiButton is not displayed.
18:58:00.812 [TestNG-test=RetryMultipleFailedTestcases-2] INFO  BasicEditingTC.F3_ListTC - Clicked on Number List.
18:58:00.980 [TestNG-test=RetryMultipleFailedTestcases-2] INFO  BasicEditingTC.F3_ListTC - Switched back to frame 0.
18:58:01.967 [TestNG-test=RetryMultipleFailedTestcases-2] INFO  BasicEditingTC.F3_ListTC - Context clicked on Inserted List in Paragraph.
18:58:02.043 [TestNG-test=RetryMultipleFailedTestcases-2] INFO  BasicEditingTC.F3_ListTC - Switched back to default content.
18:58:02.066 [TestNG-test=RetryMultipleFailedTestcases-2] INFO  BasicEditingTC.F3_ListTC - Switched to frame 1.
18:58:02.436 [TestNG-test=RetryMultipleFailedTestcases-2] INFO  BasicEditingTC.F3_ListTC - Clicked on Right-click List Properties.
18:58:02.477 [TestNG-test=RetryMultipleFailedTestcases-2] INFO  BasicEditingTC.F3_ListTC - Found List Properties Box element.
18:58:04.138 [TestNG-test=RetryMultipleFailedTestcases-2] INFO  BasicEditingTC.F3_ListTC - Selected 'lower-roman' from the dropdown.
18:58:04.550 [TestNG-test=RetryMultipleFailedTestcases-2] INFO  BasicEditingTC.F3_ListTC - Clicked on List Properties OK Button.
18:58:04.726 [TestNG-test=RetryMultipleFailedTestcases-2] INFO  BasicEditingTC.F3_ListTC - Verified that 'lower-roman' is Inserted.
18:58:04.966 [TestNG-test=RetryMultipleFailedTestcases-3] INFO  BasicEditingTC.F3_ListTC - Logged in, searched for a file, and clicked Edit.
18:58:05.148 [TestNG-test=RetryMultipleFailedTestcases-3] INFO  BasicEditingTC.F3_ListTC - Switched to frame 0.
18:58:05.422 [TestNG-test=RetryMultipleFailedTestcases-2] INFO  BasicEditingTC.F3_ListTC - Performed context click on Inserted List in Paragraph.
18:58:05.993 [TestNG-test=RetryMultipleFailedTestcases-2] INFO  BasicEditingTC.F3_ListTC - Clicked on Right-click List Properties.
18:58:06.146 [TestNG-test=RetryMultipleFailedTestcases-2] INFO  BasicEditingTC.F3_ListTC - Found List Properties Box element.
18:58:06.377 [TestNG-test=RetryMultipleFailedTestcases-2] INFO  BasicEditingTC.F3_ListTC - Selected 'ndash' from the dropdown.
18:58:06.649 [TestNG-test=RetryMultipleFailedTestcases-2] INFO  BasicEditingTC.F3_ListTC - Clicked on List Properties OK Button.
18:58:06.717 [TestNG-test=RetryMultipleFailedTestcases-3] INFO  BasicEditingTC.F3_ListTC - Performed right-click on Existing List Item.
18:58:06.846 [TestNG-test=RetryMultipleFailedTestcases-3] INFO  BasicEditingTC.F3_ListTC - Switched to frame 1.
18:58:06.960 [TestNG-test=RetryMultipleFailedTestcases-2] INFO  BasicEditingTC.F3_ListTC - Verified that 'ndash' is Inserted.
18:58:06.960 [TestNG-test=RetryMultipleFailedTestcases-2] INFO  BasicEditingTC.F3_ListTC - Finished verify_List_Properties_VE
18:58:07.526 [TestNG-test=RetryMultipleFailedTestcases-1] INFO  BasicEditingTC.F3_ListTC - Starting AddList_To_ExistingList_CheckCount
18:58:08.519 [TestNG-test=RetryMultipleFailedTestcases-3] INFO  BasicEditingTC.F3_ListTC - Clicked on VE Insert Into.
18:58:08.643 [TestNG-test=RetryMultipleFailedTestcases-4] INFO  Elements_Testcases.Aa_ListTC - Logged in and searched for a file, then clicked Edit.
18:58:08.643 [TestNG-test=RetryMultipleFailedTestcases-4] INFO  Elements_Testcases.Aa_ListTC - Created List instance.
18:58:08.838 [TestNG-test=RetryMultipleFailedTestcases-4] INFO  Elements_Testcases.Aa_ListTC - Switched to frame 0.
18:58:09.530 [TestNG-test=RetryMultipleFailedTestcases-3] INFO  BasicEditingTC.F3_ListTC - Clicked on Insert Into OL.
18:58:10.009 [TestNG-test=RetryMultipleFailedTestcases-3] INFO  BasicEditingTC.F3_ListTC - Clicked on RHS Insert Button.
18:58:10.181 [TestNG-test=RetryMultipleFailedTestcases-3] INFO  BasicEditingTC.F3_ListTC - Accept Change button is enabled.
18:58:10.244 [TestNG-test=RetryMultipleFailedTestcases-3] INFO  BasicEditingTC.F3_ListTC - Reject Change button is enabled.
18:58:10.316 [TestNG-test=RetryMultipleFailedTestcases-3] INFO  BasicEditingTC.F3_ListTC - List is highlighted in VE.
18:58:10.317 [TestNG-test=RetryMultipleFailedTestcases-3] INFO  BasicEditingTC.F3_ListTC - Finished verify_InsertInto_ExistingList
18:58:10.513 [TestNG-test=RetryMultipleFailedTestcases-4] INFO  Elements_Testcases.Aa_ListTC - Switched back to default content.
18:58:12.773 [TestNG-test=RetryMultipleFailedTestcases-4] INFO  Elements_Testcases.Aa_ListTC - Switched back to default content.
18:58:13.572 [TestNG-test=RetryMultipleFailedTestcases-4] INFO  Elements_Testcases.Aa_ListTC - Clicked insert img button
18:58:13.942 [TestNG-test=RetryMultipleFailedTestcases-4] INFO  Elements_Testcases.Aa_ListTC - Clicked RHS insert Button
18:58:20.428 [TestNG-test=RetryMultipleFailedTestcases-4] INFO  Elements_Testcases.Aa_ListTC - Clicked img insert button
18:58:21.871 [TestNG-test=RetryMultipleFailedTestcases-3] INFO  BasicEditingTC.F3_ListTC - Starting PressEnterAtEnd_ToExistingList_CheckCount
18:58:31.911 [TestNG-test=RetryMultipleFailedTestcases-1] INFO  BasicEditingTC.F3_ListTC - Logged in, searched for a file, and clicked Edit.
18:58:31.926 [TestNG-test=RetryMultipleFailedTestcases-1] INFO  BasicEditingTC.F3_ListTC - Switched to frame 0.
18:58:31.943 [TestNG-test=RetryMultipleFailedTestcases-1] INFO  BasicEditingTC.F3_ListTC - Number of list items before adding: 15
18:58:32.441 [TestNG-test=RetryMultipleFailedTestcases-1] INFO  BasicEditingTC.F3_ListTC - Clicked on Existing List Item.
18:58:32.668 [TestNG-test=RetryMultipleFailedTestcases-1] INFO  BasicEditingTC.F3_ListTC - Performed ENTER key press.
18:58:32.868 [TestNG-test=RetryMultipleFailedTestcases-1] INFO  BasicEditingTC.F3_ListTC - Typed 'Hello'.
18:58:33.086 [TestNG-test=RetryMultipleFailedTestcases-1] INFO  BasicEditingTC.F3_ListTC - Verified that Accept Change Element is enabled.
18:58:33.119 [TestNG-test=RetryMultipleFailedTestcases-1] INFO  BasicEditingTC.F3_ListTC - Verified that Reject Change Element is enabled.
18:58:41.949 [TestNG-test=RetryMultipleFailedTestcases-2] INFO  BasicEditingTC.F3_ListTC - Logged in and searched for a file, then clicked Edit.
18:58:41.963 [TestNG-test=RetryMultipleFailedTestcases-2] INFO  BasicEditingTC.F3_ListTC - Switched to frame 0.
18:58:42.817 [TestNG-test=RetryMultipleFailedTestcases-2] INFO  BasicEditingTC.F3_ListTC - Context-clicked an existing list item.
18:58:42.975 [TestNG-test=RetryMultipleFailedTestcases-2] INFO  BasicEditingTC.F3_ListTC - Switched back to default content.
18:58:43.002 [TestNG-test=RetryMultipleFailedTestcases-2] INFO  BasicEditingTC.F3_ListTC - Switched to frame 1.
18:58:44.464 [TestNG-test=RetryMultipleFailedTestcases-3] INFO  BasicEditingTC.F3_ListTC - Logged in, searched for a file, and clicked Edit.
18:58:44.479 [TestNG-test=RetryMultipleFailedTestcases-3] INFO  BasicEditingTC.F3_ListTC - Switched to frame 0.
18:58:44.516 [TestNG-test=RetryMultipleFailedTestcases-3] INFO  BasicEditingTC.F3_ListTC - List count before adding: 15
18:58:44.966 [TestNG-test=RetryMultipleFailedTestcases-3] INFO  BasicEditingTC.F3_ListTC - Clicked on List before Para.
18:58:45.732 [TestNG-test=RetryMultipleFailedTestcases-3] INFO  BasicEditingTC.F3_ListTC - Clicked on DS Existing OL.
18:58:46.585 [TestNG-test=RetryMultipleFailedTestcases-3] INFO  BasicEditingTC.F3_ListTC - Clicked on DS Existing List Item.
18:58:46.741 [TestNG-test=RetryMultipleFailedTestcases-3] INFO  BasicEditingTC.F3_ListTC - Pressed ENTER key.
18:58:46.921 [TestNG-test=RetryMultipleFailedTestcases-3] INFO  BasicEditingTC.F3_ListTC - Accept Change button is enabled.
18:58:46.989 [TestNG-test=RetryMultipleFailedTestcases-3] INFO  BasicEditingTC.F3_ListTC - Reject Change button is enabled.
18:59:10.027 [TestNG-test=RetryMultipleFailedTestcases-4] INFO  BasicEditingTC.F3_ListTC - Starting PressEnter2Times_ToExistingList
18:59:13.156 [TestNG-test=RetryMultipleFailedTestcases-1] INFO  BasicEditingTC.F3_ListTC - Verifying if attributeLiButton is not displayed.
18:59:13.157 [TestNG-test=RetryMultipleFailedTestcases-1] INFO  BasicEditingTC.F3_ListTC - Verified that attributeLiButton is not displayed.
18:59:13.173 [TestNG-test=RetryMultipleFailedTestcases-1] INFO  BasicEditingTC.F3_ListTC - Verified that the list count increased by 1 after adding.
18:59:22.324 [TestNG-test=RetryMultipleFailedTestcases-2] INFO  BasicEditingTC.F3_ListTC - Logged in and searched for a file, then clicked Edit.
18:59:22.337 [TestNG-test=RetryMultipleFailedTestcases-2] INFO  BasicEditingTC.F3_ListTC - Switched to frame 0.
18:59:23.022 [TestNG-test=RetryMultipleFailedTestcases-2] INFO  BasicEditingTC.F3_ListTC - Context-clicked an existing list item.
18:59:23.138 [TestNG-test=RetryMultipleFailedTestcases-2] INFO  BasicEditingTC.F3_ListTC - Switched back to default content.
18:59:23.161 [TestNG-test=RetryMultipleFailedTestcases-2] INFO  BasicEditingTC.F3_ListTC - Switched to frame 1.
18:59:23.661 [TestNG-test=RetryMultipleFailedTestcases-2] INFO  BasicEditingTC.F3_ListTC - Clicked on right-click List Properties.
18:59:23.699 [TestNG-test=RetryMultipleFailedTestcases-2] INFO  BasicEditingTC.F3_ListTC - Switched back to default content.
18:59:24.431 [TestNG-test=RetryMultipleFailedTestcases-2] INFO  BasicEditingTC.F3_ListTC - Checked if list properties popup is visible.
18:59:24.585 [TestNG-test=RetryMultipleFailedTestcases-2] INFO  BasicEditingTC.F3_ListTC - Obtained and selected the first option from the dropdown.
18:59:24.585 [TestNG-test=RetryMultipleFailedTestcases-2] INFO  BasicEditingTC.F3_ListTC - Finished verify_ExistingList_PropertiesPopup
18:59:27.100 [TestNG-test=RetryMultipleFailedTestcases-3] INFO  BasicEditingTC.F3_ListTC - Attribute Li button is not displayed.
18:59:27.120 [TestNG-test=RetryMultipleFailedTestcases-3] INFO  BasicEditingTC.F3_ListTC - List count after adding: 16
18:59:27.121 [TestNG-test=RetryMultipleFailedTestcases-3] INFO  BasicEditingTC.F3_ListTC - List count increased by 1 as expected.
18:59:27.587 [TestNG-test=RetryMultipleFailedTestcases-3] INFO  BasicEditingTC.F3_ListTC - Clicked on Code View.
18:59:33.223 [TestNG-test=RetryMultipleFailedTestcases-2] INFO  BasicEditingTC.F3_ListTC - Starting AddList_To_ExistingList_CheckCount
18:59:34.097 [TestNG-test=RetryMultipleFailedTestcases-4] INFO  BasicEditingTC.F3_ListTC - Logged in, searched for a file, and clicked Edit.
18:59:34.147 [TestNG-test=RetryMultipleFailedTestcases-4] INFO  BasicEditingTC.F3_ListTC - Switched to frame 0.
18:59:34.525 [TestNG-test=RetryMultipleFailedTestcases-4] INFO  BasicEditingTC.F3_ListTC - Clicked on Existing List Item.
18:59:34.654 [TestNG-test=RetryMultipleFailedTestcases-4] INFO  BasicEditingTC.F3_ListTC - Pressed ENTER key once.
18:59:34.798 [TestNG-test=RetryMultipleFailedTestcases-4] INFO  BasicEditingTC.F3_ListTC - Pressed ENTER key again.
18:59:34.930 [TestNG-test=RetryMultipleFailedTestcases-4] INFO  BasicEditingTC.F3_ListTC - Pressed ENTER key one more time.
18:59:53.730 [TestNG-test=RetryMultipleFailedTestcases-1] INFO  BasicEditingTC.F3_ListTC - Verified that Content Validation error is not present in Code View.
18:59:53.730 [TestNG-test=RetryMultipleFailedTestcases-1] INFO  BasicEditingTC.F3_ListTC - Finished AddList_To_ExistingList_CheckCount
18:59:55.127 [TestNG-test=RetryMultipleFailedTestcases-2] INFO  BasicEditingTC.F3_ListTC - Logged in, searched for a file, and clicked Edit.
18:59:55.143 [TestNG-test=RetryMultipleFailedTestcases-2] INFO  BasicEditingTC.F3_ListTC - Switched to frame 0.
18:59:55.163 [TestNG-test=RetryMultipleFailedTestcases-2] INFO  BasicEditingTC.F3_ListTC - Number of list items before adding: 15
18:59:55.599 [TestNG-test=RetryMultipleFailedTestcases-2] INFO  BasicEditingTC.F3_ListTC - Clicked on Existing List Item.
18:59:55.845 [TestNG-test=RetryMultipleFailedTestcases-2] INFO  BasicEditingTC.F3_ListTC - Performed ENTER key press.
18:59:56.060 [TestNG-test=RetryMultipleFailedTestcases-2] INFO  BasicEditingTC.F3_ListTC - Typed 'Hello'.
18:59:56.219 [TestNG-test=RetryMultipleFailedTestcases-2] INFO  BasicEditingTC.F3_ListTC - Verified that Accept Change Element is enabled.
18:59:56.246 [TestNG-test=RetryMultipleFailedTestcases-2] INFO  BasicEditingTC.F3_ListTC - Verified that Reject Change Element is enabled.
19:00:00.801 [TestNG-test=RetryMultipleFailedTestcases-1] INFO  BasicEditingTC.F3_ListTC - Starting InsertList_ToExistingList_DS
19:00:07.686 [TestNG-test=RetryMultipleFailedTestcases-3] INFO  BasicEditingTC.F3_ListTC - Content Validation error is not present.
19:00:07.686 [TestNG-test=RetryMultipleFailedTestcases-3] INFO  BasicEditingTC.F3_ListTC - Finished PressEnterAtEnd_ToExistingList_CheckCount
19:00:14.876 [TestNG-test=RetryMultipleFailedTestcases-3] INFO  BasicEditingTC.F3_ListTC - Starting verify_ExistingList_Properties_INVE_DS
19:00:15.090 [TestNG-test=RetryMultipleFailedTestcases-4] INFO  BasicEditingTC.F3_ListTC - Verifying if Insert After popup should not visible.
19:00:15.090 [TestNG-test=RetryMultipleFailedTestcases-4] INFO  BasicEditingTC.F3_ListTC - Finished PressEnter2Times_ToExistingList
19:00:22.330 [TestNG-test=RetryMultipleFailedTestcases-1] INFO  BasicEditingTC.F3_ListTC - Logged in, searched for a file, and clicked Edit.
19:00:22.381 [TestNG-test=RetryMultipleFailedTestcases-1] INFO  BasicEditingTC.F3_ListTC - Switched to frame 0.
19:00:22.879 [TestNG-test=RetryMultipleFailedTestcases-1] INFO  BasicEditingTC.F3_ListTC - Clicked List Before Paragraph.
19:00:23.771 [TestNG-test=RetryMultipleFailedTestcases-1] INFO  BasicEditingTC.F3_ListTC - Clicked DS Existing Ordered List.
19:00:24.351 [TestNG-test=RetryMultipleFailedTestcases-4] INFO  BasicEditingTC.F3_ListTC - Starting verify_InsertMultipleList_AcceptChange
19:00:24.711 [TestNG-test=RetryMultipleFailedTestcases-1] INFO  BasicEditingTC.F3_ListTC - Clicked DS Existing List Item.
19:00:25.471 [TestNG-test=RetryMultipleFailedTestcases-1] INFO  BasicEditingTC.F3_ListTC - Performed right-click on DS Existing List Item.
19:00:25.615 [TestNG-test=RetryMultipleFailedTestcases-1] INFO  BasicEditingTC.F3_ListTC - Clicked DS Insert After.
19:00:25.884 [TestNG-test=RetryMultipleFailedTestcases-1] INFO  BasicEditingTC.F3_ListTC - Pressed TAB and ENTER keys.
19:00:33.285 [TestNG-test=RetryMultipleFailedTestcases-1] INFO  BasicEditingTC.F3_ListTC - Starting InsertList_ToExistingList_DS
19:00:36.364 [TestNG-test=RetryMultipleFailedTestcases-2] INFO  BasicEditingTC.F3_ListTC - Verifying if attributeLiButton is not displayed.
19:00:36.379 [TestNG-test=RetryMultipleFailedTestcases-2] INFO  BasicEditingTC.F3_ListTC - Verified that the list count increased by 1 after adding.
19:00:38.092 [TestNG-test=RetryMultipleFailedTestcases-3] INFO  BasicEditingTC.F3_ListTC - Logged in, searched for a file, and clicked Edit.
19:00:39.064 [TestNG-test=RetryMultipleFailedTestcases-3] INFO  BasicEditingTC.F3_ListTC - Performed right-click on Existing List Item.
19:00:47.646 [TestNG-test=RetryMultipleFailedTestcases-4] INFO  BasicEditingTC.F3_ListTC - Logged in, searched for a file, and clicked Edit.
19:00:47.646 [TestNG-test=RetryMultipleFailedTestcases-4] INFO  BasicEditingTC.F3_ListTC - UIUX-2873
19:00:48.235 [TestNG-test=RetryMultipleFailedTestcases-4] INFO  BasicEditingTC.F3_ListTC - Clicked on Second Section.
19:00:48.917 [TestNG-test=RetryMultipleFailedTestcases-4] INFO  BasicEditingTC.F3_ListTC - Clicked on CB First Paragraph.
19:00:52.686 [TestNG-test=RetryMultipleFailedTestcases-4] INFO  BasicEditingTC.F3_ListTC - Clicked on Number List.
19:00:54.207 [TestNG-test=RetryMultipleFailedTestcases-4] INFO  BasicEditingTC.F3_ListTC - Clicked on CB First Paragraph.
19:00:56.141 [TestNG-test=RetryMultipleFailedTestcases-3] INFO  BasicEditingTC.F3_ListTC - Starting verify_ExistingList_Properties_INVE_DS
19:00:57.077 [TestNG-test=RetryMultipleFailedTestcases-1] INFO  BasicEditingTC.F3_ListTC - Logged in, searched for a file, and clicked Edit.
19:00:57.098 [TestNG-test=RetryMultipleFailedTestcases-1] INFO  BasicEditingTC.F3_ListTC - Switched to frame 0.
19:00:57.549 [TestNG-test=RetryMultipleFailedTestcases-1] INFO  BasicEditingTC.F3_ListTC - Clicked List Before Paragraph.
19:00:57.996 [TestNG-test=RetryMultipleFailedTestcases-4] INFO  BasicEditingTC.F3_ListTC - Clicked on Number List.
19:00:58.241 [TestNG-test=RetryMultipleFailedTestcases-4] INFO  BasicEditingTC.F3_ListTC - Switched to frame 0.
19:00:58.382 [TestNG-test=RetryMultipleFailedTestcases-1] INFO  BasicEditingTC.F3_ListTC - Clicked DS Existing Ordered List.
19:00:58.633 [TestNG-test=RetryMultipleFailedTestcases-4] INFO  BasicEditingTC.F3_ListTC - Clicked Accept Change Element.
19:00:58.681 [TestNG-test=RetryMultipleFailedTestcases-4] INFO  BasicEditingTC.F3_ListTC - Finished verify_InsertMultipleList_AcceptChange
19:00:59.342 [TestNG-test=RetryMultipleFailedTestcases-1] INFO  BasicEditingTC.F3_ListTC - Clicked DS Existing List Item.
19:00:59.999 [TestNG-test=RetryMultipleFailedTestcases-1] INFO  BasicEditingTC.F3_ListTC - Performed right-click on DS Existing List Item.
19:01:00.251 [TestNG-test=RetryMultipleFailedTestcases-1] INFO  BasicEditingTC.F3_ListTC - Clicked DS Insert After.
19:01:00.595 [TestNG-test=RetryMultipleFailedTestcases-1] INFO  BasicEditingTC.F3_ListTC - Pressed TAB and ENTER keys.
19:01:06.260 [TestNG-test=RetryMultipleFailedTestcases-4] INFO  BasicEditingTC.F3_ListTC - Starting verify_InsertMultipleList_CheckLP_FromDS
19:01:09.651 [TestNG-test=RetryMultipleFailedTestcases-1] INFO  BasicEditingTC.F3_ListTC - Starting InsertList_ToExistingList_DS
19:01:17.127 [TestNG-test=RetryMultipleFailedTestcases-2] INFO  BasicEditingTC.F3_ListTC - Verified that Content Validation error is not present in Code View.
19:01:17.127 [TestNG-test=RetryMultipleFailedTestcases-2] INFO  BasicEditingTC.F3_ListTC - Finished AddList_To_ExistingList_CheckCount
19:01:22.286 [TestNG-test=RetryMultipleFailedTestcases-3] INFO  BasicEditingTC.F3_ListTC - Logged in, searched for a file, and clicked Edit.
19:01:23.376 [TestNG-test=RetryMultipleFailedTestcases-3] INFO  BasicEditingTC.F3_ListTC - Performed right-click on Existing List Item.
19:01:25.774 [TestNG-test=RetryMultipleFailedTestcases-2] INFO  BasicEditingTC.F3_ListTC - Starting InsertList_To_ExistingList_ThroughRHS
19:01:29.109 [TestNG-test=RetryMultipleFailedTestcases-4] INFO  BasicEditingTC.F3_ListTC - Logged in, searched for a file, and clicked Edit.
19:01:29.109 [TestNG-test=RetryMultipleFailedTestcases-4] INFO  BasicEditingTC.F3_ListTC - UIUX-2867
19:01:29.124 [TestNG-test=RetryMultipleFailedTestcases-4] INFO  BasicEditingTC.F3_ListTC - Switched to frame 0.
19:01:29.736 [TestNG-test=RetryMultipleFailedTestcases-4] INFO  BasicEditingTC.F3_ListTC - Clicked on First Paragraph.
19:01:32.511 [TestNG-test=RetryMultipleFailedTestcases-1] INFO  BasicEditingTC.F3_ListTC - Logged in, searched for a file, and clicked Edit.
19:01:32.528 [TestNG-test=RetryMultipleFailedTestcases-1] INFO  BasicEditingTC.F3_ListTC - Switched to frame 0.
19:01:33.111 [TestNG-test=RetryMultipleFailedTestcases-1] INFO  BasicEditingTC.F3_ListTC - Clicked List Before Paragraph.
19:01:33.750 [TestNG-test=RetryMultipleFailedTestcases-4] INFO  BasicEditingTC.F3_ListTC - Clicked on Number List.
19:01:34.251 [TestNG-test=RetryMultipleFailedTestcases-1] INFO  BasicEditingTC.F3_ListTC - Clicked DS Existing Ordered List.
19:01:35.388 [TestNG-test=RetryMultipleFailedTestcases-1] INFO  BasicEditingTC.F3_ListTC - Clicked DS Existing List Item.
19:01:35.663 [TestNG-test=RetryMultipleFailedTestcases-4] INFO  BasicEditingTC.F3_ListTC - Switched to frame 0.
19:01:36.316 [TestNG-test=RetryMultipleFailedTestcases-1] INFO  BasicEditingTC.F3_ListTC - Performed right-click on DS Existing List Item.
19:01:36.391 [TestNG-test=RetryMultipleFailedTestcases-4] INFO  BasicEditingTC.F3_ListTC - Performed right-click on VE Existing List 3.
19:01:36.578 [TestNG-test=RetryMultipleFailedTestcases-4] INFO  BasicEditingTC.F3_ListTC - Switched to frame 1.
19:01:36.689 [TestNG-test=RetryMultipleFailedTestcases-1] INFO  BasicEditingTC.F3_ListTC - Clicked DS Insert After.
19:01:37.222 [TestNG-test=RetryMultipleFailedTestcases-4] INFO  BasicEditingTC.F3_ListTC - Clicked on Right-click List Properties.
19:01:37.222 [TestNG-test=RetryMultipleFailedTestcases-1] INFO  BasicEditingTC.F3_ListTC - Pressed TAB and ENTER keys.
19:01:38.938 [TestNG-test=RetryMultipleFailedTestcases-4] INFO  BasicEditingTC.F3_ListTC - Clicked List Properties OK Button.
19:01:39.564 [TestNG-test=RetryMultipleFailedTestcases-4] INFO  BasicEditingTC.F3_ListTC - Performed right-click on VE Existing List 3 again.
19:01:39.604 [TestNG-test=RetryMultipleFailedTestcases-4] INFO  BasicEditingTC.F3_ListTC - Switched to frame 1.
19:01:40.610 [TestNG-test=RetryMultipleFailedTestcases-4] INFO  BasicEditingTC.F3_ListTC - Clicked on VE Insert Into.
19:01:41.242 [TestNG-test=RetryMultipleFailedTestcases-4] INFO  BasicEditingTC.F3_ListTC - Clicked on Insert Into OL.
19:01:43.903 [TestNG-test=RetryMultipleFailedTestcases-3] INFO  BasicEditingTC.F3_ListTC - Starting verify_ExistingList_Properties_INVE_DS
19:01:44.730 [TestNG-test=RetryMultipleFailedTestcases-4] INFO  BasicEditingTC.F3_ListTC - Clicked on DS New List Item.
19:01:45.579 [TestNG-test=RetryMultipleFailedTestcases-4] INFO  BasicEditingTC.F3_ListTC - Performed right-click on DS New List Item.
19:01:46.269 [TestNG-test=RetryMultipleFailedTestcases-4] INFO  BasicEditingTC.F3_ListTC - Clicked on DS List Properties.
19:01:46.963 [TestNG-test=RetryMultipleFailedTestcases-4] INFO  BasicEditingTC.F3_ListTC - Clicked List Properties Cancel Button.
19:01:46.963 [TestNG-test=RetryMultipleFailedTestcases-4] INFO  BasicEditingTC.F3_ListTC - Finished verify_InsertMultipleList_CheckLP_FromDS
19:01:48.281 [TestNG-test=RetryMultipleFailedTestcases-1] INFO  BasicEditingTC.F3_ListTC - Starting InsertList_ToExistingList_DS
19:01:50.318 [TestNG-test=RetryMultipleFailedTestcases-2] INFO  BasicEditingTC.F3_ListTC - Logged in, searched for a file, and clicked Edit.
19:01:50.337 [TestNG-test=RetryMultipleFailedTestcases-2] INFO  BasicEditingTC.F3_ListTC - Switched to frame 0.
19:01:50.353 [TestNG-test=RetryMultipleFailedTestcases-2] INFO  BasicEditingTC.F3_ListTC - Number of list items before adding: 15
19:01:51.430 [TestNG-test=RetryMultipleFailedTestcases-2] INFO  BasicEditingTC.F3_ListTC - Performed context click on Existing List Item.
19:01:51.848 [TestNG-test=RetryMultipleFailedTestcases-2] INFO  BasicEditingTC.F3_ListTC - Switched to frame 1.
19:01:55.168 [TestNG-test=RetryMultipleFailedTestcases-4] INFO  BasicEditingTC.F3_ListTC - Starting InsertAfterNotes_To_ExistingList
19:02:06.524 [TestNG-test=RetryMultipleFailedTestcases-3] INFO  BasicEditingTC.F3_ListTC - Logged in, searched for a file, and clicked Edit.
19:02:07.474 [TestNG-test=RetryMultipleFailedTestcases-3] INFO  BasicEditingTC.F3_ListTC - Performed right-click on Existing List Item.
19:02:09.125 [TestNG-test=RetryMultipleFailedTestcases-3] INFO  BasicEditingTC.F3_ListTC - Clicked Right-click List Properties.
19:02:09.943 [TestNG-test=RetryMultipleFailedTestcases-3] INFO  BasicEditingTC.F3_ListTC - Selected option value: bullet
19:02:12.467 [TestNG-test=RetryMultipleFailedTestcases-3] INFO  BasicEditingTC.F3_ListTC - Performed right-click on DS Existing List Item and clicked DS List Properties.
19:02:12.928 [TestNG-test=RetryMultipleFailedTestcases-3] INFO  BasicEditingTC.F3_ListTC - Selected option value: bullet
19:02:12.929 [TestNG-test=RetryMultipleFailedTestcases-3] INFO  BasicEditingTC.F3_ListTC - Finished verify_ExistingList_Properties_INVE_DS
19:02:15.389 [TestNG-test=RetryMultipleFailedTestcases-2] INFO  BasicEditingTC.F3_ListTC - Starting InsertList_To_ExistingList_ThroughRHS
19:02:16.291 [TestNG-test=RetryMultipleFailedTestcases-1] INFO  BasicEditingTC.F3_ListTC - Logged in, searched for a file, and clicked Edit.
19:02:16.351 [TestNG-test=RetryMultipleFailedTestcases-1] INFO  BasicEditingTC.F3_ListTC - Switched to frame 0.
19:02:16.957 [TestNG-test=RetryMultipleFailedTestcases-1] INFO  BasicEditingTC.F3_ListTC - Clicked List Before Paragraph.
19:02:17.936 [TestNG-test=RetryMultipleFailedTestcases-1] INFO  BasicEditingTC.F3_ListTC - Clicked DS Existing Ordered List.
19:02:19.333 [TestNG-test=RetryMultipleFailedTestcases-1] INFO  BasicEditingTC.F3_ListTC - Clicked DS Existing List Item.
19:02:20.293 [TestNG-test=RetryMultipleFailedTestcases-1] INFO  BasicEditingTC.F3_ListTC - Performed right-click on DS Existing List Item.
19:02:20.680 [TestNG-test=RetryMultipleFailedTestcases-1] INFO  BasicEditingTC.F3_ListTC - Clicked DS Insert After.
19:02:21.469 [TestNG-test=RetryMultipleFailedTestcases-1] INFO  BasicEditingTC.F3_ListTC - Pressed TAB and ENTER keys.
19:02:22.781 [TestNG-test=RetryMultipleFailedTestcases-4] INFO  BasicEditingTC.F3_ListTC - Logged in, searched for a file, and clicked Edit.
19:02:22.782 [TestNG-test=RetryMultipleFailedTestcases-4] INFO  BasicEditingTC.F3_ListTC - UIUX-2906
19:02:22.831 [TestNG-test=RetryMultipleFailedTestcases-4] INFO  BasicEditingTC.F3_ListTC - Switched to frame 0.
19:02:23.692 [TestNG-test=RetryMultipleFailedTestcases-4] INFO  BasicEditingTC.F3_ListTC - Performed right-click on Existing List Item.
19:02:23.889 [TestNG-test=RetryMultipleFailedTestcases-4] INFO  BasicEditingTC.F3_ListTC - Switched to frame 1.
19:02:24.704 [TestNG-test=RetryMultipleFailedTestcases-4] INFO  BasicEditingTC.F3_ListTC - Clicked VE Insert After.
19:02:24.808 [TestNG-test=RetryMultipleFailedTestcases-3] INFO  BasicEditingTC.F3_ListTC - Starting Verify_AddListToTable ..
19:02:30.209 [TestNG-test=RetryMultipleFailedTestcases-1] INFO  BasicEditingTC.F3_ListTC - Starting verify_UnorderdList
19:02:39.235 [TestNG-test=RetryMultipleFailedTestcases-2] INFO  BasicEditingTC.F3_ListTC - Logged in, searched for a file, and clicked Edit.
19:02:39.264 [TestNG-test=RetryMultipleFailedTestcases-2] INFO  BasicEditingTC.F3_ListTC - Switched to frame 0.
19:02:39.420 [TestNG-test=RetryMultipleFailedTestcases-2] INFO  BasicEditingTC.F3_ListTC - Number of list items before adding: 15
19:02:40.242 [TestNG-test=RetryMultipleFailedTestcases-2] INFO  BasicEditingTC.F3_ListTC - Performed context click on Existing List Item.
19:02:40.450 [TestNG-test=RetryMultipleFailedTestcases-2] INFO  BasicEditingTC.F3_ListTC - Switched to frame 1.
19:02:41.140 [TestNG-test=RetryMultipleFailedTestcases-2] INFO  BasicEditingTC.F3_ListTC - Clicked on VE Insert After.
19:02:41.321 [TestNG-test=RetryMultipleFailedTestcases-2] INFO  BasicEditingTC.F3_ListTC - Clicked on Insert After List.
19:02:41.642 [TestNG-test=RetryMultipleFailedTestcases-2] INFO  BasicEditingTC.F3_ListTC - Clicked on RHS Insert Button.
19:02:41.739 [TestNG-test=RetryMultipleFailedTestcases-2] INFO  BasicEditingTC.F3_ListTC - Verified that Accept Change Element is enabled.
19:02:41.783 [TestNG-test=RetryMultipleFailedTestcases-2] INFO  BasicEditingTC.F3_ListTC - Verified that Reject Change Element is enabled.
19:02:41.829 [TestNG-test=RetryMultipleFailedTestcases-2] INFO  BasicEditingTC.F3_ListTC - Verified that the list count increased by 1 after adding.
19:02:41.881 [TestNG-test=RetryMultipleFailedTestcases-2] INFO  BasicEditingTC.F3_ListTC - Verified that List is highlighted in VE.
19:02:41.881 [TestNG-test=RetryMultipleFailedTestcases-2] INFO  BasicEditingTC.F3_ListTC - Finished InsertList_To_ExistingList_ThroughRHS
19:02:50.159 [TestNG-test=RetryMultipleFailedTestcases-2] INFO  BasicEditingTC.F3_ListTC - Starting Verify_ListToFigHeading ..
19:02:52.660 [TestNG-test=RetryMultipleFailedTestcases-1] INFO  BasicEditingTC.F3_ListTC - Logged in, searched for a file, and clicked Edit.
19:02:52.675 [TestNG-test=RetryMultipleFailedTestcases-1] INFO  BasicEditingTC.F3_ListTC - Switched to frame 0.
19:02:53.220 [TestNG-test=RetryMultipleFailedTestcases-1] INFO  BasicEditingTC.F3_ListTC - Clicked on the first paragraph.
19:02:53.302 [TestNG-test=RetryMultipleFailedTestcases-1] INFO  BasicEditingTC.F3_ListTC - Switched back to default content.
19:02:55.869 [TestNG-test=RetryMultipleFailedTestcases-3] INFO  BasicEditingTC.F3_ListTC - New Table is inserted into VE
19:02:55.882 [TestNG-test=RetryMultipleFailedTestcases-1] INFO  BasicEditingTC.F3_ListTC - Clicked on the Number List.
19:02:56.731 [TestNG-test=RetryMultipleFailedTestcases-1] INFO  BasicEditingTC.F3_ListTC - Verified that List Number is present in DS.
19:02:56.756 [TestNG-test=RetryMultipleFailedTestcases-1] INFO  BasicEditingTC.F3_ListTC - Verified that aria-disabled attribute contains 'false' for Accept Change element.
19:02:56.781 [TestNG-test=RetryMultipleFailedTestcases-1] INFO  BasicEditingTC.F3_ListTC - Verified that aria-disabled attribute contains 'false' for Reject Change element.
19:02:56.790 [TestNG-test=RetryMultipleFailedTestcases-1] INFO  BasicEditingTC.F3_ListTC - Switched back to frame 0.
19:02:56.811 [TestNG-test=RetryMultipleFailedTestcases-1] INFO  BasicEditingTC.F3_ListTC - Verified that List is highlighted in VE.
19:02:56.811 [TestNG-test=RetryMultipleFailedTestcases-1] INFO  BasicEditingTC.F3_ListTC - Finished verify_UnorderdList
19:02:58.370 [TestNG-test=RetryMultipleFailedTestcases-3] INFO  BasicEditingTC.F3_ListTC - Clicked on Number List.
19:02:58.924 [TestNG-test=RetryMultipleFailedTestcases-3] INFO  BasicEditingTC.F3_ListTC - Hello text is added into new table
19:03:00.259 [TestNG-test=RetryMultipleFailedTestcases-3] INFO  BasicEditingTC.F3_ListTC - clicked on Code View button 
19:03:04.934 [TestNG-test=RetryMultipleFailedTestcases-4] INFO  BasicEditingTC.F3_ListTC - Finished InsertAfterNotes_To_ExistingList
19:03:07.304 [TestNG-test=RetryMultipleFailedTestcases-1] INFO  BasicEditingTC.F3_ListTC - Starting Verify_ListToFigHeading ..
19:03:12.133 [TestNG-test=RetryMultipleFailedTestcases-4] INFO  BasicEditingTC.F3_ListTC - Starting Verify_AddListToNewEmphasisElement ..
19:03:22.153 [TestNG-test=RetryMultipleFailedTestcases-2] INFO  BasicEditingTC.F3_ListTC - Right Clicked on Para Element 
19:03:22.976 [TestNG-test=RetryMultipleFailedTestcases-2] INFO  BasicEditingTC.F3_ListTC - Clicked on Insert After 
19:03:23.234 [TestNG-test=RetryMultipleFailedTestcases-2] INFO  BasicEditingTC.F3_ListTC - Searched figure element from fearch field 
19:03:23.734 [TestNG-test=RetryMultipleFailedTestcases-2] INFO  BasicEditingTC.F3_ListTC - Clicked on Figure element
19:03:24.045 [TestNG-test=RetryMultipleFailedTestcases-2] INFO  BasicEditingTC.F3_ListTC - Clicked on Insert element Button 
19:03:26.247 [TestNG-test=RetryMultipleFailedTestcases-2] INFO  BasicEditingTC.F3_ListTC - Figure heading is Added 
19:03:28.187 [TestNG-test=RetryMultipleFailedTestcases-2] INFO  BasicEditingTC.F3_ListTC - Clicked on Accept changes 
19:03:35.680 [TestNG-test=RetryMultipleFailedTestcases-1] INFO  BasicEditingTC.F3_ListTC - Right Clicked on Para Element 
19:03:36.566 [TestNG-test=RetryMultipleFailedTestcases-1] INFO  BasicEditingTC.F3_ListTC - Clicked on Insert After 
19:03:36.717 [TestNG-test=RetryMultipleFailedTestcases-1] INFO  BasicEditingTC.F3_ListTC - Searched img element from fearch field 
19:03:37.167 [TestNG-test=RetryMultipleFailedTestcases-1] INFO  BasicEditingTC.F3_ListTC - Clicked on img element
19:03:37.401 [TestNG-test=RetryMultipleFailedTestcases-1] INFO  BasicEditingTC.F3_ListTC - Clicked on Insert element Button 
19:03:39.258 [TestNG-test=RetryMultipleFailedTestcases-4] INFO  BasicEditingTC.F3_ListTC - clicked On firt section From DS
19:03:40.397 [TestNG-test=RetryMultipleFailedTestcases-4] INFO  BasicEditingTC.F3_ListTC - clicked On First Para From DS
19:03:40.577 [TestNG-test=RetryMultipleFailedTestcases-3] INFO  BasicEditingTC.F3_ListTC - Verifying content validation error
19:03:40.578 [TestNG-test=RetryMultipleFailedTestcases-3] INFO  BasicEditingTC.F3_ListTC - Finished Verify_CommentToNewTable ..
19:03:40.767 [TestNG-test=RetryMultipleFailedTestcases-4] INFO  BasicEditingTC.F3_ListTC - Pressed Enter key
19:03:41.338 [TestNG-test=RetryMultipleFailedTestcases-1] INFO  BasicEditingTC.F3_ListTC - Clicked Accept Change.
19:03:42.638 [TestNG-test=RetryMultipleFailedTestcases-4] INFO  BasicEditingTC.F3_ListTC - Verifying bold is present in DS 
19:03:46.693 [TestNG-test=RetryMultipleFailedTestcases-4] INFO  BasicEditingTC.F3_ListTC - Verifying List is present in DS 
19:03:46.838 [TestNG-test=RetryMultipleFailedTestcases-1] INFO  BasicEditingTC.F3_ListTC - Verified that List Number is present in DS.
19:03:47.042 [TestNG-test=RetryMultipleFailedTestcases-4] INFO  BasicEditingTC.F3_ListTC - clicked on Code View button 
19:03:47.105 [TestNG-test=RetryMultipleFailedTestcases-1] INFO  BasicEditingTC.F3_ListTC - Verified that List  is Added to img In VE.
19:03:47.105 [TestNG-test=RetryMultipleFailedTestcases-1] INFO  BasicEditingTC.F3_ListTC - Finished Verify_ListToFigHeading
19:03:50.012 [TestNG-test=RetryMultipleFailedTestcases-3] INFO  sprint4_TestCases.J_CommonTestcases - Starting verifyListitemHighlightedInCBAftertyping
19:03:56.191 [TestNG-test=RetryMultipleFailedTestcases-1] INFO  sprint5_TestCases.Am_ListTC - Starting TC238_verifyNumberedList
19:04:11.692 [TestNG-test=RetryMultipleFailedTestcases-3] INFO  sprint4_TestCases.J_CommonTestcases - Logged in and searched for a file, then clicked Edit.
19:04:12.493 [TestNG-test=RetryMultipleFailedTestcases-2] INFO  BasicEditingTC.F3_ListTC - Verified that List Number is Added to Figure Heading In VE.
19:04:12.493 [TestNG-test=RetryMultipleFailedTestcases-2] INFO  BasicEditingTC.F3_ListTC - Finished Verify_ListToFigHeading
19:04:19.441 [TestNG-test=RetryMultipleFailedTestcases-1] INFO  sprint5_TestCases.Am_ListTC - Logged in and searched for a file, then clicked Edit.
19:04:19.651 [TestNG-test=RetryMultipleFailedTestcases-1] INFO  sprint5_TestCases.Am_ListTC - Switched to frame 0.
19:04:20.305 [TestNG-test=RetryMultipleFailedTestcases-1] INFO  sprint5_TestCases.Am_ListTC - Clicked on first para VE.
19:04:20.348 [TestNG-test=RetryMultipleFailedTestcases-1] INFO  sprint5_TestCases.Am_ListTC - Switched to default content.
19:04:20.448 [TestNG-test=RetryMultipleFailedTestcases-3] INFO  sprint4_TestCases.J_CommonTestcases - Inserted Table in DS
19:04:21.023 [TestNG-test=RetryMultipleFailedTestcases-3] INFO  sprint4_TestCases.J_CommonTestcases - clicked on Number list from VE
19:04:21.302 [TestNG-test=RetryMultipleFailedTestcases-2] INFO  sprint5_TestCases.Am_ListTC - Starting TC242_verifyListitemInRightClickOption
19:04:21.911 [TestNG-test=RetryMultipleFailedTestcases-1] INFO  sprint5_TestCases.Am_ListTC - Clicked on Number List Plugin.
19:04:22.067 [TestNG-test=RetryMultipleFailedTestcases-1] INFO  sprint5_TestCases.Am_ListTC - Finished TC238_verifyNumberedList
19:04:26.951 [TestNG-test=RetryMultipleFailedTestcases-3] INFO  sprint4_TestCases.J_CommonTestcases - clicked on Reject change
19:04:26.951 [TestNG-test=RetryMultipleFailedTestcases-3] INFO  sprint4_TestCases.J_CommonTestcases - Finished verifyListitemHighlightedInCBAftertyping
19:04:27.150 [TestNG-test=RetryMultipleFailedTestcases-4] INFO  BasicEditingTC.F3_ListTC - Verifying content validation error
19:04:27.150 [TestNG-test=RetryMultipleFailedTestcases-4] INFO  BasicEditingTC.F3_ListTC - Finished Verify_AddListToNewEmphasisElement ..
19:04:30.286 [TestNG-test=RetryMultipleFailedTestcases-1] INFO  sprint5_TestCases.Am_ListTC - Starting TC243_verifyNumberListInCB
19:04:38.514 [TestNG-test=RetryMultipleFailedTestcases-3] INFO  sprint5_TestCases.Am_ListTC - Starting TC244_verifyBulletListInCB
19:04:38.588 [TestNG-test=RetryMultipleFailedTestcases-4] INFO  sprint5_TestCases.Am_ListTC - Starting TC245_verifyEmphasisParaToList
19:04:45.330 [TestNG-test=RetryMultipleFailedTestcases-2] INFO  sprint5_TestCases.Am_ListTC - Logged in and searched for a file, then clicked Edit.
19:04:45.366 [TestNG-test=RetryMultipleFailedTestcases-2] INFO  sprint5_TestCases.Am_ListTC - Switched to frame 0.
19:04:46.683 [TestNG-test=RetryMultipleFailedTestcases-2] INFO  sprint5_TestCases.Am_ListTC - Switched to default content.
19:04:46.704 [TestNG-test=RetryMultipleFailedTestcases-2] INFO  sprint5_TestCases.Am_ListTC - Switched to frame 1.
19:04:47.984 [TestNG-test=RetryMultipleFailedTestcases-2] INFO  sprint5_TestCases.Am_ListTC - Clicked on VE Insert Into.
19:04:48.046 [TestNG-test=RetryMultipleFailedTestcases-2] INFO  sprint5_TestCases.Am_ListTC - Switched to default content.
19:04:48.636 [TestNG-test=RetryMultipleFailedTestcases-2] INFO  sprint5_TestCases.Am_ListTC - Clicked on Insert Into OL.
19:04:48.926 [TestNG-test=RetryMultipleFailedTestcases-2] INFO  sprint5_TestCases.Am_ListTC - Clicked on RHS Insert Button.
19:04:49.163 [TestNG-test=RetryMultipleFailedTestcases-2] INFO  sprint5_TestCases.Am_ListTC - Finished TC242_verifyListitemInRightClickOption
19:04:55.709 [TestNG-test=RetryMultipleFailedTestcases-1] INFO  sprint5_TestCases.Am_ListTC - Logged in and searched for a file, then clicked Edit.
19:04:55.727 [TestNG-test=RetryMultipleFailedTestcases-1] INFO  sprint5_TestCases.Am_ListTC - Switched to frame 0.
19:04:56.271 [TestNG-test=RetryMultipleFailedTestcases-1] INFO  sprint5_TestCases.Am_ListTC - Clicked on first para VE.
19:04:56.319 [TestNG-test=RetryMultipleFailedTestcases-1] INFO  sprint5_TestCases.Am_ListTC - Switched to default content.
19:04:58.817 [TestNG-test=RetryMultipleFailedTestcases-1] INFO  sprint5_TestCases.Am_ListTC - Clicked on Number List Plugin.
19:04:59.341 [TestNG-test=RetryMultipleFailedTestcases-1] INFO  sprint5_TestCases.Am_ListTC - Finished TC243_verifyNumberListInCB
19:05:00.583 [TestNG-test=RetryMultipleFailedTestcases-2] INFO  sprint5_TestCases.Am_ListTC - Starting TC246_verifyListInTable
