22:22:21.211 [TestNG-test=RetryMultipleFailedTestcases-1] INFO  Elements_Testcases.Am_SearchContentTC - Verifying alert message for exceeding character limit
22:22:21.225 [TestNG-test=RetryMultipleFailedTestcases-1] INFO  Elements_Testcases.Am_SearchContentTC - verify_Searchcontent_100Count test completed successfully.
22:23:56.973 [TestNG-test=RetryMultipleFailedTestcases-1] INFO  Elements_Testcases.Ba_SectionTC - Switched to frame 0.
22:23:57.433 [TestNG-test=RetryMultipleFailedTestcases-1] INFO  Elements_Testcases.Ba_SectionTC - Clicked on the first paragraph in VE and switched back to default content.
22:23:57.869 [TestNG-test=RetryMultipleFailedTestcases-1] INFO  Elements_Testcases.Ba_SectionTC - Clicked on the footnote plugin.
22:24:00.794 [TestNG-test=RetryMultipleFailedTestcases-1] INFO  Elements_Testcases.Ba_SectionTC - Clicked on the new footnote box.
22:24:01.003 [TestNG-test=RetryMultipleFailedTestcases-1] INFO  Elements_Testcases.Ba_SectionTC - Entered 'This is footnote' using Actions.
22:24:02.128 [TestNG-test=RetryMultipleFailedTestcases-1] INFO  Elements_Testcases.Ba_SectionTC - Clicked on the footnote OK button.
22:24:02.316 [TestNG-test=RetryMultipleFailedTestcases-2] INFO  Elements_Testcases.Ba_SectionTC - Switched to frame 0.
22:24:02.797 [TestNG-test=RetryMultipleFailedTestcases-2] INFO  Elements_Testcases.Ba_SectionTC - Clicked on the first paragraph in VE and switched back to default content.
22:24:03.346 [TestNG-test=RetryMultipleFailedTestcases-2] INFO  Elements_Testcases.Ba_SectionTC - Clicked on the footnote plugin.
22:24:06.005 [TestNG-test=RetryMultipleFailedTestcases-2] INFO  Elements_Testcases.Ba_SectionTC - Clicked on the new footnote box.
22:24:06.101 [TestNG-test=RetryMultipleFailedTestcases-2] INFO  Elements_Testcases.Ba_SectionTC - Entered 'This is footnote' using Actions.
22:24:07.802 [TestNG-test=RetryMultipleFailedTestcases-2] INFO  Elements_Testcases.Ba_SectionTC - Clicked on the footnote OK button.
22:24:42.457 [TestNG-test=RetryMultipleFailedTestcases-1] INFO  Elements_Testcases.Ba_SectionTC - Clicked change Element
22:25:41.578 [TestNG-test=RetryMultipleFailedTestcases-1] INFO  Elements_Testcases.Ba_SectionTC - Clicked change Element
22:25:54.321 [TestNG-test=RetryMultipleFailedTestcases-4] INFO  Elements_Testcases.Ba_SectionTC - Switched to frame 0.
22:25:55.613 [TestNG-test=RetryMultipleFailedTestcases-4] INFO  Elements_Testcases.Ba_SectionTC - Switched back to default content.
22:25:56.731 [TestNG-test=RetryMultipleFailedTestcases-4] INFO  Elements_Testcases.Ba_SectionTC - Switched back to default content.
22:25:57.406 [TestNG-test=RetryMultipleFailedTestcases-4] INFO  Elements_Testcases.Ba_SectionTC - Clicked insert img button
22:25:57.921 [TestNG-test=RetryMultipleFailedTestcases-4] INFO  Elements_Testcases.Ba_SectionTC - Clicked RHS insert Button
22:26:06.269 [TestNG-test=RetryMultipleFailedTestcases-4] INFO  Elements_Testcases.Ba_SectionTC - Clicked img insert button
22:26:09.819 [TestNG-test=RetryMultipleFailedTestcases-4] INFO  Elements_Testcases.Ba_SectionTC - Clicked change Element
22:26:32.502 [TestNG-test=RetryMultipleFailedTestcases-2] INFO  Elements_Testcases.Ba_SectionTC - Switched to frame 0.
22:26:33.950 [TestNG-test=RetryMultipleFailedTestcases-2] INFO  Elements_Testcases.Ba_SectionTC - Switched back to default content.
22:26:35.352 [TestNG-test=RetryMultipleFailedTestcases-2] INFO  Elements_Testcases.Ba_SectionTC - Switched back to default content.
22:26:36.228 [TestNG-test=RetryMultipleFailedTestcases-2] INFO  Elements_Testcases.Ba_SectionTC - Clicked insert img button
22:26:36.723 [TestNG-test=RetryMultipleFailedTestcases-2] INFO  Elements_Testcases.Ba_SectionTC - Clicked RHS insert Button
22:26:37.748 [TestNG-test=RetryMultipleFailedTestcases-2] INFO  Elements_Testcases.Ba_SectionTC - Clicked img insert button
22:27:08.816 [TestNG-test=RetryMultipleFailedTestcases-1] INFO  Elements_Testcases.Ba_SectionTC - Clicked change Element
22:28:07.266 [TestNG-test=RetryMultipleFailedTestcases-2] INFO  Elements_Testcases.Ba_SectionTC - Logged in and searched for the file, then clicked on edit.
22:28:08.888 [TestNG-test=RetryMultipleFailedTestcases-2] INFO  Elements_Testcases.Ba_SectionTC - Clicked on the Hyperlink element in Visual Editor.
22:28:32.899 [TestNG-test=RetryMultipleFailedTestcases-4] INFO  Elements_Testcases.Ba_SectionTC - Logged in and searched for the file, then clicked on edit.
22:28:33.495 [TestNG-test=RetryMultipleFailedTestcases-4] INFO  Elements_Testcases.Ba_SectionTC - Clicked on the Hyperlink element in Visual Editor.
22:42:59.258 [TestNG-test=RetryMultipleFailedTestcases-1] INFO  Elements_Testcases.Bb_ImagesTC - Logged in and searched for the file, then clicked Edit.
22:43:00.228 [TestNG-test=RetryMultipleFailedTestcases-1] INFO  Elements_Testcases.Bb_ImagesTC - Clicked on the first paragraph and switched back to default content.
22:43:13.909 [TestNG-test=RetryMultipleFailedTestcases-1] INFO  Elements_Testcases.Bb_ImagesTC - Clicked on the first image inside the Insert popup.
22:44:17.914 [TestNG-test=RetryMultipleFailedTestcases-2] INFO  Elements_Testcases.Bb_ImagesTC - Logged in, searched for a file, and clicked Edit.
22:44:17.998 [TestNG-test=RetryMultipleFailedTestcases-2] INFO  Elements_Testcases.Bb_ImagesTC - Switched to frame 0.
22:44:18.606 [TestNG-test=RetryMultipleFailedTestcases-2] INFO  Elements_Testcases.Bb_ImagesTC - clicked on VE First para 
22:44:18.658 [TestNG-test=RetryMultipleFailedTestcases-2] INFO  Elements_Testcases.Bb_ImagesTC - Switched back to default content.
22:44:43.802 [TestNG-test=RetryMultipleFailedTestcases-4] INFO  sprint6_TestCases.HH_SectionSymbolTC - Starting the test TC266_verify_Insert_Symbols_CheckTC
22:45:05.577 [TestNG-test=RetryMultipleFailedTestcases-2] INFO  Elements_Testcases.Bb_ImagesTC - clicked On Insert Element button
22:45:05.577 [TestNG-test=RetryMultipleFailedTestcases-2] INFO  Elements_Testcases.Bb_ImagesTC - Created Actions class instance.
22:45:18.569 [TestNG-test=RetryMultipleFailedTestcases-4] INFO  sprint6_TestCases.HH_SectionSymbolTC - Logged in and searched for the file, then clicked on edit.
22:45:19.095 [TestNG-test=RetryMultipleFailedTestcases-4] INFO  sprint6_TestCases.HH_SectionSymbolTC - Clicked on the first paragraph in Visual Editor.
22:45:19.614 [TestNG-test=RetryMultipleFailedTestcases-4] INFO  sprint6_TestCases.HH_SectionSymbolTC - Clicked on the Symbol button.
22:45:21.782 [TestNG-test=RetryMultipleFailedTestcases-4] INFO  sprint6_TestCases.HH_SectionSymbolTC - Clicked on the 'A' symbol.
22:45:21.906 [TestNG-test=RetryMultipleFailedTestcases-4] INFO  sprint6_TestCases.HH_SectionSymbolTC - Verified that the inserted Symbol 'A' is present in Visual Editor.
22:45:22.169 [TestNG-test=RetryMultipleFailedTestcases-4] INFO  sprint6_TestCases.HH_SectionSymbolTC - Clicked on 'Track Change'.
22:45:22.235 [TestNG-test=RetryMultipleFailedTestcases-4] INFO  sprint6_TestCases.HH_SectionSymbolTC - Verified that the Data card is displayed.
22:45:22.277 [TestNG-test=RetryMultipleFailedTestcases-4] INFO  sprint6_TestCases.HH_SectionSymbolTC - Verified the Data Information for the added Symbol.
22:45:22.277 [TestNG-test=RetryMultipleFailedTestcases-4] INFO  sprint6_TestCases.HH_SectionSymbolTC - Test TC266_verify_Insert_Symbols_CheckTC completed.
22:45:31.183 [TestNG-test=RetryMultipleFailedTestcases-4] INFO  sprint5_TestCases.Ap_FootNoteTC - Starting TC304_verifyFootnoteInsert
22:45:39.692 [TestNG-test=RetryMultipleFailedTestcases-3] INFO  Elements_Testcases.Bc_FootnoteTC - Logged in and searched for a file, then clicked Edit.
22:45:39.720 [TestNG-test=RetryMultipleFailedTestcases-3] INFO  Elements_Testcases.Bc_FootnoteTC - Switched to frame 0.
22:45:43.097 [TestNG-test=RetryMultipleFailedTestcases-1] INFO  Elements_Testcases.Bc_FootnoteTC - Logged in and searched for a file, then clicked Edit.
22:45:43.124 [TestNG-test=RetryMultipleFailedTestcases-1] INFO  Elements_Testcases.Bc_FootnoteTC - Switched to frame 0.
22:45:47.718 [TestNG-test=RetryMultipleFailedTestcases-3] INFO  Elements_Testcases.Be_SaveandResetTC - Starting verify_ResetFile
22:45:50.546 [TestNG-test=RetryMultipleFailedTestcases-1] INFO  Elements_Testcases.Be_SaveandResetTC - Starting verify_LastSaveTime_AfterResetFile
22:45:58.028 [TestNG-test=RetryMultipleFailedTestcases-4] INFO  sprint5_TestCases.Ap_FootNoteTC - Logged in and searched for a file, then clicked Edit.
22:45:58.051 [TestNG-test=RetryMultipleFailedTestcases-4] INFO  sprint5_TestCases.Ap_FootNoteTC - Switched to frame 0.
22:45:58.602 [TestNG-test=RetryMultipleFailedTestcases-4] INFO  sprint5_TestCases.Ap_FootNoteTC - Clicked on first para VE.
22:45:58.645 [TestNG-test=RetryMultipleFailedTestcases-4] INFO  sprint5_TestCases.Ap_FootNoteTC - Switched to default content.
22:45:59.025 [TestNG-test=RetryMultipleFailedTestcases-4] INFO  sprint5_TestCases.Ap_FootNoteTC - clicked on footnote plugin
22:46:01.935 [TestNG-test=RetryMultipleFailedTestcases-4] INFO  sprint5_TestCases.Ap_FootNoteTC - clicked on new footnote box
22:46:02.956 [TestNG-test=RetryMultipleFailedTestcases-4] INFO  sprint5_TestCases.Ap_FootNoteTC - clicked on footnote ok button
22:46:03.917 [TestNG-test=RetryMultipleFailedTestcases-4] INFO  sprint5_TestCases.Ap_FootNoteTC - Finished TC304_verifyFootnoteInsert
22:46:19.153 [TestNG-test=RetryMultipleFailedTestcases-1] INFO  Elements_Testcases.Be_SaveandResetTC - Logged in and searched for a file, then clicked Edit.
22:46:19.177 [TestNG-test=RetryMultipleFailedTestcases-1] INFO  Elements_Testcases.Be_SaveandResetTC - Switched to frame 0.
22:46:20.054 [TestNG-test=RetryMultipleFailedTestcases-1] INFO  Elements_Testcases.Be_SaveandResetTC - Double clicked on first para button
22:46:20.112 [TestNG-test=RetryMultipleFailedTestcases-1] INFO  Elements_Testcases.Be_SaveandResetTC - Switched back to default content.
22:46:20.968 [TestNG-test=RetryMultipleFailedTestcases-1] INFO  Elements_Testcases.Be_SaveandResetTC - Clicked on bold plugin
22:46:22.739 [TestNG-test=RetryMultipleFailedTestcases-1] INFO  Elements_Testcases.Be_SaveandResetTC - Clicked on save button
22:46:23.044 [TestNG-test=RetryMultipleFailedTestcases-4] INFO  Elements_Testcases.Be_SaveandResetTC - Starting TC_021_verify_SaveFunctionality
22:46:23.312 [TestNG-test=RetryMultipleFailedTestcases-3] INFO  Elements_Testcases.Be_SaveandResetTC - Logged in and searched for a file, then clicked Edit.
22:46:23.340 [TestNG-test=RetryMultipleFailedTestcases-3] INFO  Elements_Testcases.Be_SaveandResetTC - Switched to frame 0.
22:46:24.068 [TestNG-test=RetryMultipleFailedTestcases-3] INFO  Elements_Testcases.Be_SaveandResetTC - Double clicked on first para button
22:46:24.137 [TestNG-test=RetryMultipleFailedTestcases-3] INFO  Elements_Testcases.Be_SaveandResetTC - Switched back to default content.
22:46:24.794 [TestNG-test=RetryMultipleFailedTestcases-3] INFO  Elements_Testcases.Be_SaveandResetTC - Clicked on bold plugin
22:46:25.939 [TestNG-test=RetryMultipleFailedTestcases-3] INFO  Elements_Testcases.Be_SaveandResetTC - Clicked on save button
22:46:26.020 [TestNG-test=RetryMultipleFailedTestcases-3] INFO  Elements_Testcases.Be_SaveandResetTC - verified on Last Saved Time is displayed
22:46:26.189 [TestNG-test=RetryMultipleFailedTestcases-3] INFO  Elements_Testcases.Be_SaveandResetTC - Clicked on reset button
22:46:26.265 [TestNG-test=RetryMultipleFailedTestcases-3] INFO  Elements_Testcases.Be_SaveandResetTC - verified on alert text of reset button
22:46:26.398 [TestNG-test=RetryMultipleFailedTestcases-1] INFO  Elements_Testcases.Be_SaveandResetTC - verified on Save Successful notification is displayed
22:46:26.479 [TestNG-test=RetryMultipleFailedTestcases-3] INFO  Elements_Testcases.Be_SaveandResetTC - Clicked on reset confirm button
22:46:26.480 [TestNG-test=RetryMultipleFailedTestcases-3] INFO  Elements_Testcases.Be_SaveandResetTC - Finished verify_ResetFile
22:46:26.481 [TestNG-test=RetryMultipleFailedTestcases-1] INFO  Elements_Testcases.Be_SaveandResetTC - verified on Last Saved Time is displayed
22:46:26.739 [TestNG-test=RetryMultipleFailedTestcases-1] INFO  Elements_Testcases.Be_SaveandResetTC - Clicked on reset button
22:46:26.788 [TestNG-test=RetryMultipleFailedTestcases-1] INFO  Elements_Testcases.Be_SaveandResetTC - verified on alert text of reset button
22:46:26.965 [TestNG-test=RetryMultipleFailedTestcases-1] INFO  Elements_Testcases.Be_SaveandResetTC - Clicked on reset confirm button
22:46:27.049 [TestNG-test=RetryMultipleFailedTestcases-1] INFO  Elements_Testcases.Be_SaveandResetTC - verified on Last Saved Time is displayed
22:46:27.049 [TestNG-test=RetryMultipleFailedTestcases-1] INFO  Elements_Testcases.Be_SaveandResetTC - Finished verify_LastSaveTime_AfterResetFile
22:46:32.235 [TestNG-test=RetryMultipleFailedTestcases-3] INFO  Elements_Testcases.B_TableTC - Starting verify_Insert_Table
22:46:34.951 [TestNG-test=RetryMultipleFailedTestcases-1] INFO  Elements_Testcases.B_TableTC - Starting DeleteTableandVerify_ExistingTable
22:46:42.560 [TestNG-test=RetryMultipleFailedTestcases-2] INFO  Elements_Testcases.B_TableTC - Starting changeParaToTableAndVerify
22:46:53.711 [TestNG-test=RetryMultipleFailedTestcases-4] INFO  Elements_Testcases.Be_SaveandResetTC - Logged in and searched for a file, then clicked Edit.
22:46:53.740 [TestNG-test=RetryMultipleFailedTestcases-4] INFO  Elements_Testcases.Be_SaveandResetTC - Switched to frame 0.
22:46:54.458 [TestNG-test=RetryMultipleFailedTestcases-4] INFO  Elements_Testcases.Be_SaveandResetTC - Double clicked on first para button
22:46:54.522 [TestNG-test=RetryMultipleFailedTestcases-4] INFO  Elements_Testcases.Be_SaveandResetTC - Switched back to default content.
22:46:55.176 [TestNG-test=RetryMultipleFailedTestcases-4] INFO  Elements_Testcases.Be_SaveandResetTC - Clicked on bold plugin
22:46:56.949 [TestNG-test=RetryMultipleFailedTestcases-4] INFO  Elements_Testcases.Be_SaveandResetTC - Clicked on save button
22:47:11.714 [TestNG-test=RetryMultipleFailedTestcases-1] INFO  Elements_Testcases.B_TableTC - Logged in, searched for a file, and clicked Edit.
22:47:11.730 [TestNG-test=RetryMultipleFailedTestcases-3] INFO  Elements_Testcases.B_TableTC - Logged in, searched for a file, and clicked Edit.
22:47:11.733 [TestNG-test=RetryMultipleFailedTestcases-3] INFO  Elements_Testcases.B_TableTC - Created F4_Table instance.
22:47:11.734 [TestNG-test=RetryMultipleFailedTestcases-1] INFO  Elements_Testcases.B_TableTC - Created F4_Table instance.
22:47:11.807 [TestNG-test=RetryMultipleFailedTestcases-1] INFO  Elements_Testcases.B_TableTC - Switched to frame 0.
22:47:13.754 [TestNG-test=RetryMultipleFailedTestcases-1] INFO  Elements_Testcases.B_TableTC - Clicked on an existing table cell.
22:47:14.057 [TestNG-test=RetryMultipleFailedTestcases-1] INFO  Elements_Testcases.B_TableTC - Table is added in the visual editor.
22:47:14.059 [TestNG-test=RetryMultipleFailedTestcases-1] INFO  Elements_Testcases.B_TableTC - Switched back to default content.
22:47:14.357 [TestNG-test=RetryMultipleFailedTestcases-1] INFO  Elements_Testcases.B_TableTC - Clicked on Table Properties tab.
22:47:15.835 [TestNG-test=RetryMultipleFailedTestcases-1] INFO  Elements_Testcases.B_TableTC - Clicked on the deleted table.
22:47:18.093 [TestNG-test=RetryMultipleFailedTestcases-1] INFO  Elements_Testcases.B_TableTC - Clicked on an existing table cell again.
22:47:18.433 [TestNG-test=RetryMultipleFailedTestcases-2] INFO  Elements_Testcases.B_TableTC - Logged in, searched for a file, and clicked Edit.
22:47:18.434 [TestNG-test=RetryMultipleFailedTestcases-2] INFO  Elements_Testcases.B_TableTC - Created F4_Table instance.
22:47:19.028 [TestNG-test=RetryMultipleFailedTestcases-1] INFO  Elements_Testcases.B_TableTC - Clicked Accept Change.
22:47:20.690 [TestNG-test=RetryMultipleFailedTestcases-2] INFO  Elements_Testcases.B_TableTC - Clicked Change Element.
22:47:21.029 [TestNG-test=RetryMultipleFailedTestcases-3] INFO  Elements_Testcases.B_TableTC - Inserted table using ReusableMethods.
22:47:21.098 [TestNG-test=RetryMultipleFailedTestcases-3] INFO  Elements_Testcases.B_TableTC - Switched to frame 0.
22:47:21.151 [TestNG-test=RetryMultipleFailedTestcases-3] INFO  Elements_Testcases.B_TableTC - Table is inserted in the Visual Editor.
22:47:21.153 [TestNG-test=RetryMultipleFailedTestcases-3] INFO  Elements_Testcases.B_TableTC - Switched back to default content.
22:47:23.517 [TestNG-test=RetryMultipleFailedTestcases-2] INFO  Elements_Testcases.B_TableTC - Selected Table.
22:47:23.849 [TestNG-test=RetryMultipleFailedTestcases-2] INFO  Elements_Testcases.B_TableTC - Table Properties popup is displayed.
22:47:24.780 [TestNG-test=RetryMultipleFailedTestcases-2] INFO  Elements_Testcases.B_TableTC - Clicked OK Button.
22:47:25.536 [TestNG-test=RetryMultipleFailedTestcases-2] INFO  Elements_Testcases.B_TableTC - Switched to frame 0.
22:47:25.588 [TestNG-test=RetryMultipleFailedTestcases-2] INFO  Elements_Testcases.B_TableTC - Table is added in the Visual Editor.
22:47:25.924 [TestNG-test=RetryMultipleFailedTestcases-2] INFO  Elements_Testcases.B_TableTC - Clicked Accept Change.
22:47:51.759 [TestNG-test=RetryMultipleFailedTestcases-4] INFO  Elements_Testcases.Be_SaveandResetTC - Starting TC_021_verify_SaveFunctionality
22:47:59.705 [TestNG-test=RetryMultipleFailedTestcases-1] INFO  Elements_Testcases.B_TableTC - After deleting table, there is no table in the visual editor.
22:47:59.705 [TestNG-test=RetryMultipleFailedTestcases-1] INFO  Elements_Testcases.B_TableTC - Finished DeleteTableandVerify_ExistingTable
22:48:06.751 [TestNG-test=RetryMultipleFailedTestcases-1] INFO  Elements_Testcases.B_TableTC - Starting verifyInsertRowAboveAndVerify ..
22:48:08.301 [TestNG-test=RetryMultipleFailedTestcases-3] INFO  Elements_Testcases.B_TableTC - Starting verify_Insert_Table
22:48:13.710 [TestNG-test=RetryMultipleFailedTestcases-2] INFO  Elements_Testcases.B_TableTC - Starting changeParaToTableAndVerify
22:48:26.740 [TestNG-test=RetryMultipleFailedTestcases-4] INFO  Elements_Testcases.Be_SaveandResetTC - Logged in and searched for a file, then clicked Edit.
22:48:26.775 [TestNG-test=RetryMultipleFailedTestcases-4] INFO  Elements_Testcases.Be_SaveandResetTC - Switched to frame 0.
22:48:27.780 [TestNG-test=RetryMultipleFailedTestcases-4] INFO  Elements_Testcases.Be_SaveandResetTC - Double clicked on first para button
22:48:27.963 [TestNG-test=RetryMultipleFailedTestcases-4] INFO  Elements_Testcases.Be_SaveandResetTC - Switched back to default content.
22:48:28.545 [TestNG-test=RetryMultipleFailedTestcases-4] INFO  Elements_Testcases.Be_SaveandResetTC - Clicked on bold plugin
22:48:30.007 [TestNG-test=RetryMultipleFailedTestcases-4] INFO  Elements_Testcases.Be_SaveandResetTC - Clicked on save button
22:48:32.758 [TestNG-test=RetryMultipleFailedTestcases-4] INFO  Elements_Testcases.Be_SaveandResetTC - verified on Save Successful notification is displayed
22:48:32.837 [TestNG-test=RetryMultipleFailedTestcases-4] INFO  Elements_Testcases.Be_SaveandResetTC - verified on Last Saved Time is displayed
22:48:32.870 [TestNG-test=RetryMultipleFailedTestcases-4] INFO  Elements_Testcases.Be_SaveandResetTC - verified the class in actual saved time
22:48:32.870 [TestNG-test=RetryMultipleFailedTestcases-4] INFO  Elements_Testcases.Be_SaveandResetTC - Finished verify_TitleBar
22:48:40.476 [TestNG-test=RetryMultipleFailedTestcases-4] INFO  Elements_Testcases.B_TableTC - Starting insertRowBelowAndVerify ..
22:48:43.993 [TestNG-test=RetryMultipleFailedTestcases-3] INFO  Elements_Testcases.B_TableTC - Logged in, searched for a file, and clicked Edit.
22:48:43.993 [TestNG-test=RetryMultipleFailedTestcases-3] INFO  Elements_Testcases.B_TableTC - Created F4_Table instance.
22:48:45.845 [TestNG-test=RetryMultipleFailedTestcases-1] INFO  Elements_Testcases.B_TableTC - Logged in, searched for a file, and clicked Edit.
22:48:45.877 [TestNG-test=RetryMultipleFailedTestcases-1] INFO  Elements_Testcases.B_TableTC - Created D_TP_Insertions instance.
22:48:47.660 [TestNG-test=RetryMultipleFailedTestcases-2] INFO  Elements_Testcases.B_TableTC - Logged in, searched for a file, and clicked Edit.
22:48:47.660 [TestNG-test=RetryMultipleFailedTestcases-2] INFO  Elements_Testcases.B_TableTC - Created F4_Table instance.
22:48:50.073 [TestNG-test=RetryMultipleFailedTestcases-2] INFO  Elements_Testcases.B_TableTC - Clicked Change Element.
22:48:51.516 [TestNG-test=RetryMultipleFailedTestcases-3] INFO  Elements_Testcases.B_TableTC - Inserted table using ReusableMethods.
22:48:51.581 [TestNG-test=RetryMultipleFailedTestcases-3] INFO  Elements_Testcases.B_TableTC - Switched to frame 0.
22:48:51.640 [TestNG-test=RetryMultipleFailedTestcases-3] INFO  Elements_Testcases.B_TableTC - Table is inserted in the Visual Editor.
22:48:51.642 [TestNG-test=RetryMultipleFailedTestcases-3] INFO  Elements_Testcases.B_TableTC - Switched back to default content.
22:48:53.916 [TestNG-test=RetryMultipleFailedTestcases-2] INFO  Elements_Testcases.B_TableTC - Selected Table.
22:48:54.603 [TestNG-test=RetryMultipleFailedTestcases-2] INFO  Elements_Testcases.B_TableTC - Table Properties popup is displayed.
22:48:55.199 [TestNG-test=RetryMultipleFailedTestcases-2] INFO  Elements_Testcases.B_TableTC - Clicked OK Button.
22:48:55.836 [TestNG-test=RetryMultipleFailedTestcases-2] INFO  Elements_Testcases.B_TableTC - Switched to frame 0.
22:48:55.888 [TestNG-test=RetryMultipleFailedTestcases-2] INFO  Elements_Testcases.B_TableTC - Table is added in the Visual Editor.
22:48:56.237 [TestNG-test=RetryMultipleFailedTestcases-2] INFO  Elements_Testcases.B_TableTC - Clicked Accept Change.
22:48:59.049 [TestNG-test=RetryMultipleFailedTestcases-1] INFO  Elements_Testcases.B_TableTC - Inserted a new table.
22:48:59.556 [TestNG-test=RetryMultipleFailedTestcases-1] INFO  Elements_Testcases.B_TableTC - Clicked Accept Change.
22:48:59.649 [TestNG-test=RetryMultipleFailedTestcases-1] INFO  Elements_Testcases.B_TableTC - Switched to frame 0.
22:49:00.534 [TestNG-test=RetryMultipleFailedTestcases-1] INFO  Elements_Testcases.B_TableTC - Clicked on the first cell of the inserted table.
22:49:00.670 [TestNG-test=RetryMultipleFailedTestcases-1] INFO  Elements_Testcases.B_TableTC - Number of rows before inserting row: 8
22:49:00.672 [TestNG-test=RetryMultipleFailedTestcases-1] INFO  Elements_Testcases.B_TableTC - Switched back to default content.
22:49:01.442 [TestNG-test=RetryMultipleFailedTestcases-1] INFO  Elements_Testcases.B_TableTC - Clicked Insert Above.
22:49:01.890 [TestNG-test=RetryMultipleFailedTestcases-1] INFO  Elements_Testcases.B_TableTC - Number of rows after inserting row is different from before inserting row.
22:49:01.890 [TestNG-test=RetryMultipleFailedTestcases-1] INFO  Elements_Testcases.B_TableTC - Finished verifyInsertRowAboveAndVerify
22:49:12.094 [TestNG-test=RetryMultipleFailedTestcases-1] INFO  Elements_Testcases.B_TableTC - Starting verifyInsertColumnLeft
22:49:12.263 [TestNG-test=RetryMultipleFailedTestcases-4] INFO  Elements_Testcases.B_TableTC - Logged in, searched for a file, and clicked Edit.
22:49:12.263 [TestNG-test=RetryMultipleFailedTestcases-4] INFO  Elements_Testcases.B_TableTC - Created D_TP_Insertions instance.
22:49:19.907 [TestNG-test=RetryMultipleFailedTestcases-4] INFO  Elements_Testcases.B_TableTC - Inserted a new table.
22:49:20.265 [TestNG-test=RetryMultipleFailedTestcases-4] INFO  Elements_Testcases.B_TableTC - Clicked Accept Change.
22:49:20.336 [TestNG-test=RetryMultipleFailedTestcases-4] INFO  Elements_Testcases.B_TableTC - Switched to frame 0.
22:49:20.738 [TestNG-test=RetryMultipleFailedTestcases-4] INFO  Elements_Testcases.B_TableTC - Clicked on the first cell of the inserted table.
22:49:20.896 [TestNG-test=RetryMultipleFailedTestcases-4] INFO  Elements_Testcases.B_TableTC - Number of rows before inserting row: 8
22:49:20.898 [TestNG-test=RetryMultipleFailedTestcases-4] INFO  Elements_Testcases.B_TableTC - Switched back to default content.
22:49:21.551 [TestNG-test=RetryMultipleFailedTestcases-4] INFO  Elements_Testcases.B_TableTC - Clicked Insert Below.
22:49:21.712 [TestNG-test=RetryMultipleFailedTestcases-4] INFO  Elements_Testcases.B_TableTC - Number of rows after inserting row is different from before inserting row.
22:49:21.713 [TestNG-test=RetryMultipleFailedTestcases-4] INFO  Elements_Testcases.B_TableTC - Finished insertRowBelowAndVerify
22:49:28.270 [TestNG-test=RetryMultipleFailedTestcases-4] INFO  Elements_Testcases.B_TableTC - Starting verifyInsertColumnRight
22:49:36.724 [TestNG-test=RetryMultipleFailedTestcases-3] INFO  Elements_Testcases.B_TableTC - Starting verify_Insert_Table
22:49:43.732 [TestNG-test=RetryMultipleFailedTestcases-2] INFO  Elements_Testcases.B_TableTC - Starting changeParaToTableAndVerify
22:49:45.852 [TestNG-test=RetryMultipleFailedTestcases-1] INFO  Elements_Testcases.B_TableTC - Logged in, searched for a file, and clicked Edit.
22:49:45.853 [TestNG-test=RetryMultipleFailedTestcases-1] INFO  Elements_Testcases.B_TableTC - Created D_TP_Insertions instance.
22:49:52.324 [TestNG-test=RetryMultipleFailedTestcases-4] INFO  Elements_Testcases.B_TableTC - Logged in, searched for a file, and clicked Edit.
22:49:52.324 [TestNG-test=RetryMultipleFailedTestcases-4] INFO  Elements_Testcases.B_TableTC - Created D_TP_Insertions instance.
22:49:55.511 [TestNG-test=RetryMultipleFailedTestcases-1] INFO  Elements_Testcases.B_TableTC - Inserted a new table.
22:49:56.108 [TestNG-test=RetryMultipleFailedTestcases-1] INFO  Elements_Testcases.B_TableTC - Clicked Accept Change.
22:49:56.206 [TestNG-test=RetryMultipleFailedTestcases-1] INFO  Elements_Testcases.B_TableTC - Switched to frame 0.
22:49:56.932 [TestNG-test=RetryMultipleFailedTestcases-1] INFO  Elements_Testcases.B_TableTC - Clicked on the first cell of the inserted table.
22:49:57.013 [TestNG-test=RetryMultipleFailedTestcases-1] INFO  Elements_Testcases.B_TableTC - Number of rows before inserting column: 8
22:49:57.015 [TestNG-test=RetryMultipleFailedTestcases-1] INFO  Elements_Testcases.B_TableTC - Switched back to default content.
22:49:58.305 [TestNG-test=RetryMultipleFailedTestcases-1] INFO  Elements_Testcases.B_TableTC - Clicked Insert Left.
22:49:58.574 [TestNG-test=RetryMultipleFailedTestcases-1] INFO  Elements_Testcases.B_TableTC - Number of columns after inserting column is different from before inserting column.
22:49:58.574 [TestNG-test=RetryMultipleFailedTestcases-1] INFO  Elements_Testcases.B_TableTC - Finished verifyInsertColumnLeft
22:50:05.524 [TestNG-test=RetryMultipleFailedTestcases-4] INFO  Elements_Testcases.B_TableTC - Inserted a new table.
22:50:06.155 [TestNG-test=RetryMultipleFailedTestcases-4] INFO  Elements_Testcases.B_TableTC - Clicked Accept Change.
22:50:06.272 [TestNG-test=RetryMultipleFailedTestcases-4] INFO  Elements_Testcases.B_TableTC - Switched to frame 0.
22:50:07.105 [TestNG-test=RetryMultipleFailedTestcases-4] INFO  Elements_Testcases.B_TableTC - Clicked on the first cell of the inserted table.
22:50:07.183 [TestNG-test=RetryMultipleFailedTestcases-4] INFO  Elements_Testcases.B_TableTC - Number of rows before inserting column: 8
22:50:07.185 [TestNG-test=RetryMultipleFailedTestcases-4] INFO  Elements_Testcases.B_TableTC - Switched back to default content.
22:50:08.094 [TestNG-test=RetryMultipleFailedTestcases-4] INFO  Elements_Testcases.B_TableTC - Clicked Insert Right.
22:50:08.328 [TestNG-test=RetryMultipleFailedTestcases-4] INFO  Elements_Testcases.B_TableTC - Switched to frame 0.
22:50:08.362 [TestNG-test=RetryMultipleFailedTestcases-4] INFO  Elements_Testcases.B_TableTC - Number of columns after inserting column is different from before inserting column.
22:50:08.362 [TestNG-test=RetryMultipleFailedTestcases-4] INFO  Elements_Testcases.B_TableTC - Finished verifyInsertColumnRight
22:50:13.312 [TestNG-test=RetryMultipleFailedTestcases-1] INFO  Elements_Testcases.B_TableTC - Starting verifyChangeSectionHeadingTableAndVerify
22:50:14.902 [TestNG-test=RetryMultipleFailedTestcases-3] INFO  Elements_Testcases.B_TableTC - Logged in, searched for a file, and clicked Edit.
22:50:14.903 [TestNG-test=RetryMultipleFailedTestcases-3] INFO  Elements_Testcases.B_TableTC - Created F4_Table instance.
22:50:23.520 [TestNG-test=RetryMultipleFailedTestcases-3] INFO  Elements_Testcases.B_TableTC - Inserted table using ReusableMethods.
22:50:23.578 [TestNG-test=RetryMultipleFailedTestcases-3] INFO  Elements_Testcases.B_TableTC - Switched to frame 0.
22:50:23.642 [TestNG-test=RetryMultipleFailedTestcases-3] INFO  Elements_Testcases.B_TableTC - Table is inserted in the Visual Editor.
22:50:23.644 [TestNG-test=RetryMultipleFailedTestcases-3] INFO  Elements_Testcases.B_TableTC - Switched back to default content.
22:50:27.922 [TestNG-test=RetryMultipleFailedTestcases-2] INFO  Elements_Testcases.B_TableTC - Logged in, searched for a file, and clicked Edit.
22:50:27.922 [TestNG-test=RetryMultipleFailedTestcases-2] INFO  Elements_Testcases.B_TableTC - Created F4_Table instance.
22:50:30.263 [TestNG-test=RetryMultipleFailedTestcases-2] INFO  Elements_Testcases.B_TableTC - Clicked Change Element.
22:50:33.577 [TestNG-test=RetryMultipleFailedTestcases-2] INFO  Elements_Testcases.B_TableTC - Selected Table.
22:50:34.268 [TestNG-test=RetryMultipleFailedTestcases-2] INFO  Elements_Testcases.B_TableTC - Table Properties popup is displayed.
22:50:35.323 [TestNG-test=RetryMultipleFailedTestcases-2] INFO  Elements_Testcases.B_TableTC - Clicked OK Button.
22:50:36.527 [TestNG-test=RetryMultipleFailedTestcases-2] INFO  Elements_Testcases.B_TableTC - Switched to frame 0.
22:50:36.605 [TestNG-test=RetryMultipleFailedTestcases-2] INFO  Elements_Testcases.B_TableTC - Table is added in the Visual Editor.
22:50:36.989 [TestNG-test=RetryMultipleFailedTestcases-2] INFO  Elements_Testcases.B_TableTC - Clicked Accept Change.
22:50:57.183 [TestNG-test=RetryMultipleFailedTestcases-4] INFO  Elements_Testcases.B_TableTC - Logged in and searched for a file, then clicked Edit.
22:50:58.923 [TestNG-test=RetryMultipleFailedTestcases-1] INFO  Elements_Testcases.B_TableTC - Logged in, searched for a file, and clicked Edit.
22:50:58.930 [TestNG-test=RetryMultipleFailedTestcases-1] INFO  Elements_Testcases.B_TableTC - Created G_ChangeElement instance.
22:50:59.551 [TestNG-test=RetryMultipleFailedTestcases-4] INFO  Elements_Testcases.B_TableTC - Clicked on track changes.
22:51:12.013 [TestNG-test=RetryMultipleFailedTestcases-3] INFO  Elements_Testcases.B_TableTC - Starting verify_Insert_Table
22:51:22.177 [TestNG-test=RetryMultipleFailedTestcases-1] INFO  Elements_Testcases.B_TableTC - Starting verifyChangeSectionHeadingTableAndVerify
22:51:24.127 [TestNG-test=RetryMultipleFailedTestcases-2] INFO  Elements_Testcases.B_TableTC - Starting changeParaToTableAndVerify
22:51:45.992 [TestNG-test=RetryMultipleFailedTestcases-3] INFO  Elements_Testcases.B_TableTC - Logged in, searched for a file, and clicked Edit.
22:51:45.992 [TestNG-test=RetryMultipleFailedTestcases-3] INFO  Elements_Testcases.B_TableTC - Created F4_Table instance.
22:51:51.851 [TestNG-test=RetryMultipleFailedTestcases-4] INFO  Elements_Testcases.B_TableTC - Starting verifyDeleteExistingtTableBackspaceKey
22:51:55.014 [TestNG-test=RetryMultipleFailedTestcases-3] INFO  Elements_Testcases.B_TableTC - Inserted table using ReusableMethods.
22:51:55.102 [TestNG-test=RetryMultipleFailedTestcases-3] INFO  Elements_Testcases.B_TableTC - Switched to frame 0.
22:51:55.185 [TestNG-test=RetryMultipleFailedTestcases-3] INFO  Elements_Testcases.B_TableTC - Table is inserted in the Visual Editor.
22:51:55.187 [TestNG-test=RetryMultipleFailedTestcases-3] INFO  Elements_Testcases.B_TableTC - Switched back to default content.
22:51:58.996 [TestNG-test=RetryMultipleFailedTestcases-1] INFO  Elements_Testcases.B_TableTC - Logged in, searched for a file, and clicked Edit.
22:51:58.996 [TestNG-test=RetryMultipleFailedTestcases-1] INFO  Elements_Testcases.B_TableTC - Created G_ChangeElement instance.
22:52:02.849 [TestNG-test=RetryMultipleFailedTestcases-2] INFO  Elements_Testcases.B_TableTC - Logged in, searched for a file, and clicked Edit.
22:52:02.849 [TestNG-test=RetryMultipleFailedTestcases-2] INFO  Elements_Testcases.B_TableTC - Created F4_Table instance.
22:52:04.813 [TestNG-test=RetryMultipleFailedTestcases-2] INFO  Elements_Testcases.B_TableTC - Clicked Change Element.
22:52:07.131 [TestNG-test=RetryMultipleFailedTestcases-2] INFO  Elements_Testcases.B_TableTC - Selected Table.
22:52:07.780 [TestNG-test=RetryMultipleFailedTestcases-2] INFO  Elements_Testcases.B_TableTC - Table Properties popup is displayed.
22:52:08.296 [TestNG-test=RetryMultipleFailedTestcases-2] INFO  Elements_Testcases.B_TableTC - Clicked OK Button.
22:52:08.943 [TestNG-test=RetryMultipleFailedTestcases-2] INFO  Elements_Testcases.B_TableTC - Switched to frame 0.
22:52:08.982 [TestNG-test=RetryMultipleFailedTestcases-2] INFO  Elements_Testcases.B_TableTC - Table is added in the Visual Editor.
22:52:09.266 [TestNG-test=RetryMultipleFailedTestcases-2] INFO  Elements_Testcases.B_TableTC - Clicked Accept Change.
22:52:20.263 [TestNG-test=RetryMultipleFailedTestcases-4] INFO  Elements_Testcases.B_TableTC - Logged in, searched for a file, and clicked Edit.
22:52:20.263 [TestNG-test=RetryMultipleFailedTestcases-4] INFO  Elements_Testcases.B_TableTC - Created F4_Table instance.
22:52:20.490 [TestNG-test=RetryMultipleFailedTestcases-4] INFO  Elements_Testcases.B_TableTC - Switched to frame 0.
22:52:22.084 [TestNG-test=RetryMultipleFailedTestcases-4] INFO  Elements_Testcases.B_TableTC - Clicked on an existing table first cell.
22:52:22.302 [TestNG-test=RetryMultipleFailedTestcases-4] INFO  Elements_Testcases.B_TableTC - Table is added in the visual editor.
22:52:23.623 [TestNG-test=RetryMultipleFailedTestcases-1] INFO  Elements_Testcases.B_TableTC - Starting verifyChangeSectionHeadingTableAndVerify
22:52:24.976 [TestNG-test=RetryMultipleFailedTestcases-4] INFO  Elements_Testcases.B_TableTC - Clicked Accept Change.
22:52:42.413 [TestNG-test=RetryMultipleFailedTestcases-3] INFO  Elements_Testcases.B_TableTC - Starting verifyDeleteNewTableAndCheckTC
22:52:56.985 [TestNG-test=RetryMultipleFailedTestcases-1] INFO  Elements_Testcases.B_TableTC - Logged in, searched for a file, and clicked Edit.
22:52:56.986 [TestNG-test=RetryMultipleFailedTestcases-1] INFO  Elements_Testcases.B_TableTC - Created G_ChangeElement instance.
22:53:05.324 [TestNG-test=RetryMultipleFailedTestcases-4] INFO  Elements_Testcases.B_TableTC - After deleting table, there is no table in the visual editor.
22:53:05.324 [TestNG-test=RetryMultipleFailedTestcases-4] INFO  Elements_Testcases.B_TableTC - Finished verifyDeleteExistingtTableBackspaceKey
22:53:20.336 [TestNG-test=RetryMultipleFailedTestcases-1] INFO  Elements_Testcases.B_TableTC - Starting verifyChangeSectionHeadingTableAndVerify
22:53:21.933 [TestNG-test=RetryMultipleFailedTestcases-3] INFO  Elements_Testcases.B_TableTC - Logged in, searched for a file, and clicked Edit.
22:53:21.933 [TestNG-test=RetryMultipleFailedTestcases-3] INFO  Elements_Testcases.B_TableTC - Created B_Table instance.
22:53:29.381 [TestNG-test=RetryMultipleFailedTestcases-3] INFO  Elements_Testcases.B_TableTC - Inserted table using ReusableMethods.
22:53:29.597 [TestNG-test=RetryMultipleFailedTestcases-3] INFO  Elements_Testcases.B_TableTC - Clicked on track changes.
22:53:41.618 [TestNG-test=RetryMultipleFailedTestcases-2] INFO  Elements_Testcases.B_TableTC - Logged in and searched for a file, then clicked Edit.
22:53:43.444 [TestNG-test=RetryMultipleFailedTestcases-2] INFO  Elements_Testcases.B_TableTC - Verifying Content not allowed inside info msg is present and empty space is not inserted
22:53:47.959 [TestNG-test=RetryMultipleFailedTestcases-1] INFO  Elements_Testcases.B_TableTC - Logged in, searched for a file, and clicked Edit.
22:53:47.959 [TestNG-test=RetryMultipleFailedTestcases-1] INFO  Elements_Testcases.B_TableTC - Created G_ChangeElement instance.
22:53:49.456 [TestNG-test=RetryMultipleFailedTestcases-3] INFO  Elements_Testcases.B_TableTC - Starting verifyDeleteNewTableAndCheckTC
22:53:52.572 [TestNG-test=RetryMultipleFailedTestcases-2] INFO  Elements_Testcases.B_TableTC - Starting verifyInsertImgNewTableAndDeleteImg
22:54:17.438 [TestNG-test=RetryMultipleFailedTestcases-3] INFO  Elements_Testcases.B_TableTC - Logged in, searched for a file, and clicked Edit.
22:54:17.438 [TestNG-test=RetryMultipleFailedTestcases-3] INFO  Elements_Testcases.B_TableTC - Created B_Table instance.
22:54:23.186 [TestNG-test=RetryMultipleFailedTestcases-2] INFO  Elements_Testcases.B_TableTC - Logged in, searched for a file, and clicked Edit.
22:54:26.352 [TestNG-test=RetryMultipleFailedTestcases-3] INFO  Elements_Testcases.B_TableTC - Inserted table using ReusableMethods.
22:54:26.543 [TestNG-test=RetryMultipleFailedTestcases-3] INFO  Elements_Testcases.B_TableTC - Clicked on track changes.
22:54:36.347 [TestNG-test=RetryMultipleFailedTestcases-2] INFO  Elements_Testcases.B_TableTC - Switched back to default content.
22:54:36.905 [TestNG-test=RetryMultipleFailedTestcases-2] INFO  Elements_Testcases.B_TableTC - Clicked Insert.
22:54:38.089 [TestNG-test=RetryMultipleFailedTestcases-2] INFO  Elements_Testcases.B_TableTC - Clicked Image for Table.
22:54:38.401 [TestNG-test=RetryMultipleFailedTestcases-2] INFO  Elements_Testcases.B_TableTC - Clicked on the image.
22:54:45.186 [TestNG-test=RetryMultipleFailedTestcases-3] INFO  Elements_Testcases.B_TableTC - Starting verifyDeleteNewTableAndCheckTC
22:55:19.652 [TestNG-test=RetryMultipleFailedTestcases-3] INFO  Elements_Testcases.B_TableTC - Logged in, searched for a file, and clicked Edit.
22:55:19.652 [TestNG-test=RetryMultipleFailedTestcases-3] INFO  Elements_Testcases.B_TableTC - Created B_Table instance.
22:55:25.042 [TestNG-test=RetryMultipleFailedTestcases-2] INFO  Elements_Testcases.B_TableTC - Starting verifyInsertImgNewTableAndDeleteImg
22:55:28.857 [TestNG-test=RetryMultipleFailedTestcases-3] INFO  Elements_Testcases.B_TableTC - Inserted table using ReusableMethods.
22:55:29.113 [TestNG-test=RetryMultipleFailedTestcases-3] INFO  Elements_Testcases.B_TableTC - Clicked on track changes.
22:55:47.129 [TestNG-test=RetryMultipleFailedTestcases-3] INFO  Elements_Testcases.B_TableTC - Starting verifyDeleteNewTableAndCheckTC
22:55:58.074 [TestNG-test=RetryMultipleFailedTestcases-2] INFO  Elements_Testcases.B_TableTC - Logged in, searched for a file, and clicked Edit.
22:56:08.774 [TestNG-test=RetryMultipleFailedTestcases-2] INFO  Elements_Testcases.B_TableTC - Switched back to default content.
22:56:09.198 [TestNG-test=RetryMultipleFailedTestcases-2] INFO  Elements_Testcases.B_TableTC - Clicked Insert.
22:56:09.800 [TestNG-test=RetryMultipleFailedTestcases-2] INFO  Elements_Testcases.B_TableTC - Clicked Image for Table.
22:56:35.214 [TestNG-test=RetryMultipleFailedTestcases-2] INFO  Elements_Testcases.B_TableTC - Starting verifyInsertImgNewTableAndDeleteImg
22:56:47.850 [TestNG-test=RetryMultipleFailedTestcases-3] INFO  Elements_Testcases.B_TableTC - Logged in, searched for a file, and clicked Edit.
22:56:47.850 [TestNG-test=RetryMultipleFailedTestcases-3] INFO  Elements_Testcases.B_TableTC - Created B_Table instance.
22:56:56.138 [TestNG-test=RetryMultipleFailedTestcases-3] INFO  Elements_Testcases.B_TableTC - Inserted table using ReusableMethods.
22:56:56.410 [TestNG-test=RetryMultipleFailedTestcases-3] INFO  Elements_Testcases.B_TableTC - Clicked on track changes.
22:57:02.201 [TestNG-test=RetryMultipleFailedTestcases-2] INFO  Elements_Testcases.B_TableTC - Logged in, searched for a file, and clicked Edit.
22:57:11.980 [TestNG-test=RetryMultipleFailedTestcases-2] INFO  Elements_Testcases.B_TableTC - Switched back to default content.
22:57:13.174 [TestNG-test=RetryMultipleFailedTestcases-2] INFO  Elements_Testcases.B_TableTC - Clicked Insert.
22:57:13.822 [TestNG-test=RetryMultipleFailedTestcases-2] INFO  Elements_Testcases.B_TableTC - Clicked Image for Table.
22:57:14.062 [TestNG-test=RetryMultipleFailedTestcases-2] INFO  Elements_Testcases.B_TableTC - Clicked on the image.
22:58:03.252 [TestNG-test=RetryMultipleFailedTestcases-2] INFO  Elements_Testcases.B_TableTC - Starting verifyInsertImgNewTableAndDeleteImg
22:58:35.650 [TestNG-test=RetryMultipleFailedTestcases-2] INFO  Elements_Testcases.B_TableTC - Logged in, searched for a file, and clicked Edit.
22:58:44.867 [TestNG-test=RetryMultipleFailedTestcases-2] INFO  Elements_Testcases.B_TableTC - Switched back to default content.
22:58:45.525 [TestNG-test=RetryMultipleFailedTestcases-2] INFO  Elements_Testcases.B_TableTC - Clicked Insert.
22:58:46.396 [TestNG-test=RetryMultipleFailedTestcases-2] INFO  Elements_Testcases.B_TableTC - Clicked Image for Table.
22:58:46.702 [TestNG-test=RetryMultipleFailedTestcases-2] INFO  Elements_Testcases.B_TableTC - Clicked on the image.
23:02:31.739 [TestNG-test=RetryMultipleFailedTestcases-1] INFO  Elements_Testcases.B_TableTC - Starting verifymergeColumnBellowNewTable
23:02:57.743 [TestNG-test=RetryMultipleFailedTestcases-1] INFO  Elements_Testcases.B_TableTC - Logged in, searched for a file, and clicked Edit.
23:02:57.743 [TestNG-test=RetryMultipleFailedTestcases-1] INFO  Elements_Testcases.B_TableTC - Created F4_Table instance.
23:03:06.931 [TestNG-test=RetryMultipleFailedTestcases-1] INFO  Elements_Testcases.B_TableTC - Inserted a new table.
23:03:07.298 [TestNG-test=RetryMultipleFailedTestcases-1] INFO  Elements_Testcases.B_TableTC - Clicked Accept Change.
23:03:07.371 [TestNG-test=RetryMultipleFailedTestcases-1] INFO  Elements_Testcases.B_TableTC - Switched to frame 0.
23:03:07.860 [TestNG-test=RetryMultipleFailedTestcases-1] INFO  Elements_Testcases.B_TableTC - Clicked on the first cell of the inserted table.
23:03:07.892 [TestNG-test=RetryMultipleFailedTestcases-1] INFO  Elements_Testcases.B_TableTC - Switched back to default content.
23:03:23.470 [TestNG-test=RetryMultipleFailedTestcases-4] INFO  Elements_Testcases.B_TableTC - Starting verifymergeRowRightNewTable
23:03:47.917 [TestNG-test=RetryMultipleFailedTestcases-1] INFO  Elements_Testcases.B_TableTC - Cell merge has not occurred.
23:03:47.922 [TestNG-test=RetryMultipleFailedTestcases-1] INFO  Elements_Testcases.B_TableTC - Switched back to default content.
23:03:48.289 [TestNG-test=RetryMultipleFailedTestcases-1] INFO  Elements_Testcases.B_TableTC - Clicked on Table Properties tab.
23:03:49.530 [TestNG-test=RetryMultipleFailedTestcases-1] INFO  Elements_Testcases.B_TableTC - Clicked Merge Below.
23:03:49.795 [TestNG-test=RetryMultipleFailedTestcases-1] INFO  Elements_Testcases.B_TableTC - Cell merge has occurred.
23:03:49.797 [TestNG-test=RetryMultipleFailedTestcases-1] INFO  Elements_Testcases.B_TableTC - Switched back to default content.
23:03:49.797 [TestNG-test=RetryMultipleFailedTestcases-1] INFO  Elements_Testcases.B_TableTC - Finished verifymergeColumnBellowNewTable
23:03:57.490 [TestNG-test=RetryMultipleFailedTestcases-1] INFO  Elements_Testcases.J_BasicTextStylingTC - Starting verifyEmphasisForSectionHeading ..
23:04:01.540 [TestNG-test=RetryMultipleFailedTestcases-4] INFO  Elements_Testcases.B_TableTC - Logged in, searched for a file, and clicked Edit.
23:04:01.541 [TestNG-test=RetryMultipleFailedTestcases-4] INFO  Elements_Testcases.B_TableTC - Created F4_Table instance.
23:04:08.835 [TestNG-test=RetryMultipleFailedTestcases-2] INFO  Elements_Testcases.J_BasicTextStylingTC - Starting verifyEmphasisStyleEnableFromToolbar ..
23:04:10.403 [TestNG-test=RetryMultipleFailedTestcases-4] INFO  Elements_Testcases.B_TableTC - Inserted a new table.
23:04:10.805 [TestNG-test=RetryMultipleFailedTestcases-4] INFO  Elements_Testcases.B_TableTC - Clicked Accept Change.
23:04:10.874 [TestNG-test=RetryMultipleFailedTestcases-4] INFO  Elements_Testcases.B_TableTC - Switched to frame 0.
23:04:11.620 [TestNG-test=RetryMultipleFailedTestcases-4] INFO  Elements_Testcases.B_TableTC - Clicked on the first cell of the inserted table.
23:04:11.673 [TestNG-test=RetryMultipleFailedTestcases-4] INFO  Elements_Testcases.B_TableTC - Switched back to default content.
23:04:47.178 [TestNG-test=RetryMultipleFailedTestcases-1] INFO  Elements_Testcases.J_BasicTextStylingTC - Starting verifyEmphasisForSectionHeading ..
23:04:49.468 [TestNG-test=RetryMultipleFailedTestcases-2] INFO  Elements_Testcases.J_BasicTextStylingTC - clicked on taable cell in VE
23:04:49.926 [TestNG-test=RetryMultipleFailedTestcases-2] INFO  Elements_Testcases.J_BasicTextStylingTC - clicked on bold button from toolbar
23:04:50.311 [TestNG-test=RetryMultipleFailedTestcases-2] INFO  Elements_Testcases.J_BasicTextStylingTC - Inserted bold Text
23:04:50.743 [TestNG-test=RetryMultipleFailedTestcases-2] INFO  Elements_Testcases.J_BasicTextStylingTC - clicked on Accept changes button from toolbar
23:04:51.027 [TestNG-test=RetryMultipleFailedTestcases-2] INFO  Elements_Testcases.J_BasicTextStylingTC - Verifying  emph is present In CE
23:04:51.077 [TestNG-test=RetryMultipleFailedTestcases-2] INFO  Elements_Testcases.J_BasicTextStylingTC - Verifying  emph is present In VE table Cell
23:04:51.077 [TestNG-test=RetryMultipleFailedTestcases-2] INFO  Elements_Testcases.J_BasicTextStylingTC - Finished verifyEmphasisStyleEnableFromToolbar ..
23:04:51.752 [TestNG-test=RetryMultipleFailedTestcases-4] INFO  Elements_Testcases.B_TableTC - Cell merge has not occurred.
23:04:51.754 [TestNG-test=RetryMultipleFailedTestcases-4] INFO  Elements_Testcases.B_TableTC - Switched back to default content.
23:04:51.988 [TestNG-test=RetryMultipleFailedTestcases-4] INFO  Elements_Testcases.B_TableTC - Clicked on Table Properties tab.
23:04:52.843 [TestNG-test=RetryMultipleFailedTestcases-4] INFO  Elements_Testcases.B_TableTC - Clicked Merge Right.
23:04:53.143 [TestNG-test=RetryMultipleFailedTestcases-4] INFO  Elements_Testcases.B_TableTC - Cell merge has occurred.
23:04:53.145 [TestNG-test=RetryMultipleFailedTestcases-4] INFO  Elements_Testcases.B_TableTC - Switched back to default content.
23:04:53.145 [TestNG-test=RetryMultipleFailedTestcases-4] INFO  Elements_Testcases.B_TableTC - Finished verifymergeRowRightNewTable
23:04:58.899 [TestNG-test=RetryMultipleFailedTestcases-2] INFO  Elements_Testcases.J_BasicTextStylingTC - Starting verifySelectParaContentApplyEmphasis ..
23:04:59.951 [TestNG-test=RetryMultipleFailedTestcases-4] INFO  Elements_Testcases.M_AlignmentTC - Starting verifyAlignmentForTableCell ..
23:05:25.674 [TestNG-test=RetryMultipleFailedTestcases-2] INFO  Elements_Testcases.J_BasicTextStylingTC - Starting verify_insertBoldDoulbeClick ..
23:05:26.296 [TestNG-test=RetryMultipleFailedTestcases-2] INFO  Elements_Testcases.J_BasicTextStylingTC - clicked on First para
23:05:26.985 [TestNG-test=RetryMultipleFailedTestcases-2] INFO  Elements_Testcases.J_BasicTextStylingTC - clicked on bold button from toolbar
23:05:28.389 [TestNG-test=RetryMultipleFailedTestcases-2] INFO  Elements_Testcases.J_BasicTextStylingTC - Verifying bold is present in DS 
23:05:28.452 [TestNG-test=RetryMultipleFailedTestcases-2] INFO  Elements_Testcases.J_BasicTextStylingTC -  bold is present in CE 
23:05:28.452 [TestNG-test=RetryMultipleFailedTestcases-2] INFO  Elements_Testcases.J_BasicTextStylingTC - Finished verifySelectParaContentApplyEmphasis ..
23:05:36.508 [TestNG-test=RetryMultipleFailedTestcases-2] INFO  Elements_Testcases.N_AutoSequencenumberingTC - Starting verifyInsertNewSectioWithNumberCheckResequencing ..
23:05:39.862 [TestNG-test=RetryMultipleFailedTestcases-4] INFO  Elements_Testcases.M_AlignmentTC - Logged in, searched for a file, and clicked Edit.
23:05:39.876 [TestNG-test=RetryMultipleFailedTestcases-4] INFO  Elements_Testcases.M_AlignmentTC - Created Al_Alignment instance.
23:05:41.999 [TestNG-test=RetryMultipleFailedTestcases-1] INFO  Elements_Testcases.J_BasicTextStylingTC - Starting verifyEmphasisForSectionHeading ..
23:05:48.826 [TestNG-test=RetryMultipleFailedTestcases-4] INFO  Elements_Testcases.M_AlignmentTC - Inserted new Table
23:05:48.889 [TestNG-test=RetryMultipleFailedTestcases-4] INFO  Elements_Testcases.M_AlignmentTC - Switched to frame 0.
23:05:58.918 [TestNG-test=RetryMultipleFailedTestcases-2] INFO  Elements_Testcases.N_AutoSequencenumberingTC - Before Adding New Section the section number is :7.2.2
23:05:59.404 [TestNG-test=RetryMultipleFailedTestcases-2] INFO  Elements_Testcases.N_AutoSequencenumberingTC - Cliked on First section heading from VE
23:06:00.433 [TestNG-test=RetryMultipleFailedTestcases-2] INFO  Elements_Testcases.N_AutoSequencenumberingTC - Right Clicked on First section heading
23:06:01.293 [TestNG-test=RetryMultipleFailedTestcases-2] INFO  Elements_Testcases.N_AutoSequencenumberingTC - Clicked on Insert After from through right click
23:06:02.299 [TestNG-test=RetryMultipleFailedTestcases-2] INFO  Elements_Testcases.N_AutoSequencenumberingTC - Clicked on insert element button
23:06:06.562 [TestNG-test=RetryMultipleFailedTestcases-2] INFO  Elements_Testcases.N_AutoSequencenumberingTC - In the Ds new section is added
23:06:06.711 [TestNG-test=RetryMultipleFailedTestcases-2] INFO  Elements_Testcases.N_AutoSequencenumberingTC - After changing Section number the section number is :7.2.27.2.3
23:06:06.711 [TestNG-test=RetryMultipleFailedTestcases-2] INFO  Elements_Testcases.N_AutoSequencenumberingTC - After inserting new section  there is Resequancing happend in VE
23:06:06.711 [TestNG-test=RetryMultipleFailedTestcases-2] INFO  Elements_Testcases.N_AutoSequencenumberingTC - Finished verifyInsertNewSectioWithNumberCheckResequencing ..
23:06:14.322 [TestNG-test=RetryMultipleFailedTestcases-2] INFO  Elements_Testcases.N_AutoSequencenumberingTC - Starting Verify_NewSectionNumberIsNotDeleted ..
