00:43:03.768 [TestNG-test=RetryMultipleFailedTestcases-1] INFO  BasicEditingTC.F4_TableTC - Creating an instance of A_HomePage class with the driver
00:43:03.779 [TestNG-test=RetryMultipleFailedTestcases-1] INFO  BasicEditingTC.F4_TableTC - Waiting for the page to load
00:43:03.786 [TestNG-test=RetryMultipleFailedTestcases-1] INFO  BasicEditingTC.F4_TableTC - Clicking on the DS section
00:43:04.442 [TestNG-test=RetryMultipleFailedTestcases-1] INFO  BasicEditingTC.F4_TableTC - Clicking on the first paragraph
00:43:05.710 [TestNG-test=RetryMultipleFailedTestcases-1] INFO  BasicEditingTC.F4_TableTC - Creating an instance of F4_Table class with the driver
00:43:05.711 [TestNG-test=RetryMultipleFailedTestcases-1] INFO  BasicEditingTC.F4_TableTC - Clicking on the insert table icon
00:43:05.955 [TestNG-test=RetryMultipleFailedTestcases-1] INFO  BasicEditingTC.F4_TableTC - Switching to the table frame
00:43:05.978 [TestNG-test=RetryMultipleFailedTestcases-1] INFO  BasicEditingTC.F4_TableTC - Clicking on More Options
00:43:06.358 [TestNG-test=RetryMultipleFailedTestcases-1] INFO  BasicEditingTC.F4_TableTC - Switching back to the default content
00:43:06.393 [TestNG-test=RetryMultipleFailedTestcases-1] INFO  BasicEditingTC.F4_TableTC - Verifying the OK button
00:43:07.028 [TestNG-test=RetryMultipleFailedTestcases-1] INFO  BasicEditingTC.F4_TableTC - Clicking OK to insert the table
00:43:07.534 [TestNG-test=RetryMultipleFailedTestcases-1] INFO  BasicEditingTC.F4_TableTC - Switching back to the table frame
00:43:08.412 [TestNG-test=RetryMultipleFailedTestcases-1] INFO  BasicEditingTC.F4_TableTC - Checking if the table is inserted after accepting changes
00:43:08.448 [TestNG-test=RetryMultipleFailedTestcases-1] INFO  BasicEditingTC.F4_TableTC - Test completed: TableFromTableOptions
00:43:21.077 [TestNG-test=RetryMultipleFailedTestcases-3] INFO  BasicEditingTC.F4_TableTC - In the code view, Content Validation error is not present.
00:43:21.077 [TestNG-test=RetryMultipleFailedTestcases-3] INFO  BasicEditingTC.F4_TableTC - Finished TabKey_LastRow
00:44:47.529 [TestNG-test=RetryMultipleFailedTestcases-3] INFO  BasicEditingTC.F4_TableTC - Clicked Merge Right.
00:44:47.604 [TestNG-test=RetryMultipleFailedTestcases-3] INFO  BasicEditingTC.F4_TableTC - Cell merge has occurred.
00:45:04.604 [TestNG-test=RetryMultipleFailedTestcases-4] INFO  BasicEditingTC.F4_TableTC - Starting splitHorizontalAndVerify_ExistingTable
00:45:17.744 [TestNG-test=RetryMultipleFailedTestcases-1] INFO  BasicEditingTC.F4_TableTC - Starting splitHorizontalAndVerify_ExistingTable
00:45:43.237 [TestNG-test=RetryMultipleFailedTestcases-4] INFO  BasicEditingTC.F4_TableTC - Logged in, searched for a file, and clicked Edit.
00:45:43.237 [TestNG-test=RetryMultipleFailedTestcases-4] INFO  BasicEditingTC.F4_TableTC - Created F4_Table instance.
00:45:43.315 [TestNG-test=RetryMultipleFailedTestcases-4] INFO  BasicEditingTC.F4_TableTC - Switched to frame 0.
00:45:43.910 [TestNG-test=RetryMultipleFailedTestcases-4] INFO  BasicEditingTC.F4_TableTC - Clicked on the first cell of the existing table.
00:45:43.970 [TestNG-test=RetryMultipleFailedTestcases-4] INFO  BasicEditingTC.F4_TableTC - Number of rows before split: 6
00:45:45.044 [TestNG-test=RetryMultipleFailedTestcases-4] INFO  BasicEditingTC.F4_TableTC - Number of rows after split: 7
00:45:45.044 [TestNG-test=RetryMultipleFailedTestcases-4] INFO  BasicEditingTC.F4_TableTC - Number of rows after split is different from before split.
00:45:45.044 [TestNG-test=RetryMultipleFailedTestcases-4] INFO  BasicEditingTC.F4_TableTC - Finished splitHorizontalAndVerify_ExistingTable
00:45:51.951 [TestNG-test=RetryMultipleFailedTestcases-4] INFO  BasicEditingTC.F4_TableTC - Starting verify_ListInsideTable
00:46:00.917 [TestNG-test=RetryMultipleFailedTestcases-1] INFO  BasicEditingTC.F4_TableTC - Logged in, searched for a file, and clicked Edit.
00:46:00.917 [TestNG-test=RetryMultipleFailedTestcases-1] INFO  BasicEditingTC.F4_TableTC - Created F4_Table instance.
00:46:00.938 [TestNG-test=RetryMultipleFailedTestcases-1] INFO  BasicEditingTC.F4_TableTC - Switched to frame 0.
00:46:01.608 [TestNG-test=RetryMultipleFailedTestcases-1] INFO  BasicEditingTC.F4_TableTC - Clicked on the first cell of the existing table.
00:46:01.685 [TestNG-test=RetryMultipleFailedTestcases-1] INFO  BasicEditingTC.F4_TableTC - Number of rows before split: 6
00:46:02.895 [TestNG-test=RetryMultipleFailedTestcases-1] INFO  BasicEditingTC.F4_TableTC - Number of rows after split: 7
00:46:02.895 [TestNG-test=RetryMultipleFailedTestcases-1] INFO  BasicEditingTC.F4_TableTC - Number of rows after split is different from before split.
00:46:02.895 [TestNG-test=RetryMultipleFailedTestcases-1] INFO  BasicEditingTC.F4_TableTC - Finished splitHorizontalAndVerify_ExistingTable
00:46:10.932 [TestNG-test=RetryMultipleFailedTestcases-1] INFO  BasicEditingTC.F4_TableTC - Starting InsertList_NewTable
00:46:27.443 [TestNG-test=RetryMultipleFailedTestcases-4] INFO  BasicEditingTC.F4_TableTC - Logged in, searched for a file, and clicked Edit.
00:46:27.444 [TestNG-test=RetryMultipleFailedTestcases-4] INFO  BasicEditingTC.F4_TableTC - Created F4_Table instance.
00:46:27.497 [TestNG-test=RetryMultipleFailedTestcases-4] INFO  BasicEditingTC.F4_TableTC - Switched to frame 0.
00:46:27.967 [TestNG-test=RetryMultipleFailedTestcases-4] INFO  BasicEditingTC.F4_TableTC - Clicked on the second cell of the existing table.
00:46:28.253 [TestNG-test=RetryMultipleFailedTestcases-4] INFO  BasicEditingTC.F4_TableTC - Clicked Number List.
00:46:28.632 [TestNG-test=RetryMultipleFailedTestcases-4] INFO  BasicEditingTC.F4_TableTC - Clicked Accept Change.
00:46:28.737 [TestNG-test=RetryMultipleFailedTestcases-4] INFO  BasicEditingTC.F4_TableTC - Inside the table, a list is available in the Visual Editor.
00:46:46.699 [TestNG-test=RetryMultipleFailedTestcases-1] INFO  BasicEditingTC.F4_TableTC - Logged in, searched for a file, and clicked Edit.
00:46:46.699 [TestNG-test=RetryMultipleFailedTestcases-1] INFO  BasicEditingTC.F4_TableTC - Created F4_Table instance.
00:46:54.401 [TestNG-test=RetryMultipleFailedTestcases-1] INFO  BasicEditingTC.F4_TableTC - Inserted a new table.
00:46:54.738 [TestNG-test=RetryMultipleFailedTestcases-1] INFO  BasicEditingTC.F4_TableTC - Clicked Accept Change.
00:46:54.807 [TestNG-test=RetryMultipleFailedTestcases-1] INFO  BasicEditingTC.F4_TableTC - Switched to frame 0.
00:46:55.529 [TestNG-test=RetryMultipleFailedTestcases-1] INFO  BasicEditingTC.F4_TableTC - Clicked on the first cell of the inserted table.
00:46:55.597 [TestNG-test=RetryMultipleFailedTestcases-1] INFO  BasicEditingTC.F4_TableTC - Switched back to default content.
00:46:55.617 [TestNG-test=RetryMultipleFailedTestcases-1] INFO  BasicEditingTC.F4_TableTC - Switched to frame 0 again.
00:46:56.102 [TestNG-test=RetryMultipleFailedTestcases-1] INFO  BasicEditingTC.F4_TableTC - Clicked on a new table cell.
00:46:56.135 [TestNG-test=RetryMultipleFailedTestcases-1] INFO  BasicEditingTC.F4_TableTC - Switched back to default content.
00:46:56.527 [TestNG-test=RetryMultipleFailedTestcases-1] INFO  BasicEditingTC.F4_TableTC - Clicked Bulleted List.
00:46:56.949 [TestNG-test=RetryMultipleFailedTestcases-1] INFO  BasicEditingTC.F4_TableTC - Clicked Accept Change.
00:46:57.346 [TestNG-test=RetryMultipleFailedTestcases-1] INFO  BasicEditingTC.F4_TableTC - Inside the table, a list is available in the Visual editor.
00:46:57.391 [TestNG-test=RetryMultipleFailedTestcases-1] INFO  BasicEditingTC.F4_TableTC - DS is updated after adding a list inside the table.
00:46:57.754 [TestNG-test=RetryMultipleFailedTestcases-1] INFO  BasicEditingTC.F4_TableTC - After adding a list in the table, the list is present.
00:47:08.822 [TestNG-test=RetryMultipleFailedTestcases-4] INFO  BasicEditingTC.F4_TableTC - Document Structure is updated after adding a list inside the table.
00:47:09.263 [TestNG-test=RetryMultipleFailedTestcases-4] INFO  BasicEditingTC.F4_TableTC - Clicked Quick Preview.
00:47:09.547 [TestNG-test=RetryMultipleFailedTestcases-4] INFO  BasicEditingTC.F4_TableTC - List is present in Quick Preview after adding it to the table.
00:47:16.592 [TestNG-test=RetryMultipleFailedTestcases-4] INFO  BasicEditingTC.F4_TableTC - Inside CodeView, there is list insertion code for the table.
00:47:38.260 [TestNG-test=RetryMultipleFailedTestcases-1] INFO  BasicEditingTC.F4_TableTC - In the code view, Content Validation error is not present.
00:47:38.260 [TestNG-test=RetryMultipleFailedTestcases-1] INFO  BasicEditingTC.F4_TableTC - Finished InsertList_NewTable
00:47:53.561 [TestNG-test=RetryMultipleFailedTestcases-2] INFO  BasicEditingTC.F4_TableTC - Clicked Merge Right.
00:47:53.639 [TestNG-test=RetryMultipleFailedTestcases-2] INFO  BasicEditingTC.F4_TableTC - Cell merge has occurred.
00:47:56.692 [TestNG-test=RetryMultipleFailedTestcases-4] INFO  BasicEditingTC.F4_TableTC - No Content Validation error is present in CodeView.
00:47:56.692 [TestNG-test=RetryMultipleFailedTestcases-4] INFO  BasicEditingTC.F4_TableTC - Finished verify_ListInsideTable
00:53:01.342 [TestNG-test=RetryMultipleFailedTestcases-4] INFO  BasicEditingTC.F4_TableTC - Starting InsertList_NewTable
00:53:39.405 [TestNG-test=RetryMultipleFailedTestcases-4] INFO  BasicEditingTC.F4_TableTC - Logged in, searched for a file, and clicked Edit.
00:53:39.406 [TestNG-test=RetryMultipleFailedTestcases-4] INFO  BasicEditingTC.F4_TableTC - Created F4_Table instance.
00:56:48.173 [TestNG-test=RetryMultipleFailedTestcases-3] INFO  BasicEditingTC.F7_PDFTC - Starting verify_CombinationElements_GeneratePDF
00:57:24.168 [TestNG-test=RetryMultipleFailedTestcases-3] INFO  BasicEditingTC.F7_PDFTC - Logged in, searched for a file, and clicked Edit.
00:57:30.018 [TestNG-test=RetryMultipleFailedTestcases-3] INFO  BasicEditingTC.F7_PDFTC - Accepted the change.
00:57:30.258 [TestNG-test=RetryMultipleFailedTestcases-3] INFO  BasicEditingTC.F7_PDFTC - Clicked on the first paragraph.
00:57:32.114 [TestNG-test=RetryMultipleFailedTestcases-3] INFO  BasicEditingTC.F7_PDFTC - Added an entity reference.
00:57:38.130 [TestNG-test=RetryMultipleFailedTestcases-3] INFO  BasicEditingTC.F7_PDFTC - Added a cross-reference.
00:57:45.592 [TestNG-test=RetryMultipleFailedTestcases-3] INFO  BasicEditingTC.F7_PDFTC - Added a footnote.
00:57:47.108 [TestNG-test=RetryMultipleFailedTestcases-1] INFO  BasicEditingTC.F7_PDFTC - Starting verify_WithSomeTextEdit_GeneratePDF
00:57:49.174 [TestNG-test=RetryMultipleFailedTestcases-3] INFO  BasicEditingTC.F7_PDFTC - Added a numbered list.
00:57:54.063 [TestNG-test=RetryMultipleFailedTestcases-4] INFO  BasicEditingTC.F7_PDFTC - Starting verify_ChapterLevel_Changes
00:57:54.770 [TestNG-test=RetryMultipleFailedTestcases-3] INFO  BasicEditingTC.F7_PDFTC - Added a media object.
00:57:57.713 [TestNG-test=RetryMultipleFailedTestcases-4] INFO  BasicEditingTC.F7_PDFTC - Logged in to the application.
00:57:59.593 [TestNG-test=RetryMultipleFailedTestcases-4] INFO  BasicEditingTC.F7_PDFTC - Selected project and navigated to the file list.
00:57:59.657 [TestNG-test=RetryMultipleFailedTestcases-4] INFO  BasicEditingTC.F7_PDFTC - Searched for a file by name.
00:58:01.773 [TestNG-test=RetryMultipleFailedTestcases-4] INFO  BasicEditingTC.F7_PDFTC - Clicked on the edit file button.
00:58:19.261 [TestNG-test=RetryMultipleFailedTestcases-4] INFO  BasicEditingTC.F7_PDFTC - Performed actions on the new window.
00:58:22.928 [TestNG-test=RetryMultipleFailedTestcases-1] INFO  BasicEditingTC.F7_PDFTC - Clicked on the first paragraph.
00:58:23.183 [TestNG-test=RetryMultipleFailedTestcases-4] INFO  BasicEditingTC.F7_PDFTC - Waited for Dynamic Section to become visible.
00:58:23.692 [TestNG-test=RetryMultipleFailedTestcases-4] INFO  BasicEditingTC.F7_PDFTC - Clicked on the first paragraph.
00:58:24.121 [TestNG-test=RetryMultipleFailedTestcases-1] INFO  BasicEditingTC.F7_PDFTC - Accepted the change.
00:58:24.220 [TestNG-test=RetryMultipleFailedTestcases-4] INFO  BasicEditingTC.F7_PDFTC - Accepted the change for the first paragraph.
00:58:24.715 [TestNG-test=RetryMultipleFailedTestcases-4] INFO  BasicEditingTC.F7_PDFTC - Right-clicked on the second paragraph.
00:58:24.867 [TestNG-test=RetryMultipleFailedTestcases-1] INFO  BasicEditingTC.F7_PDFTC - Right-clicked on the second paragraph.
00:58:25.248 [TestNG-test=RetryMultipleFailedTestcases-4] INFO  BasicEditingTC.F7_PDFTC - Inserted content after the PDF.
00:58:25.637 [TestNG-test=RetryMultipleFailedTestcases-1] INFO  BasicEditingTC.F7_PDFTC - Inserted after the PDF.
00:58:26.660 [TestNG-test=RetryMultipleFailedTestcases-4] INFO  BasicEditingTC.F7_PDFTC - Added text to the second paragraph.
00:58:27.193 [TestNG-test=RetryMultipleFailedTestcases-4] INFO  BasicEditingTC.F7_PDFTC - Initiated PDF generation.
00:58:29.392 [TestNG-test=RetryMultipleFailedTestcases-1] INFO  BasicEditingTC.F7_PDFTC - Added text to the second paragraph.
00:58:37.988 [TestNG-test=RetryMultipleFailedTestcases-1] INFO  BasicEditingTC.F7_PDFTC - Time taken: 7.7 seconds and 7732 milliseconds
00:58:37.988 [TestNG-test=RetryMultipleFailedTestcases-1] INFO  BasicEditingTC.F7_PDFTC - Time taken: 15-10-2023 12:58:30 AM StartTime and 15-10-2023 12:58:37 AM EndTime
00:58:37.988 [TestNG-test=RetryMultipleFailedTestcases-1] INFO  BasicEditingTC.F7_PDFTC - Time taken in minutes: 0.1
00:58:37.988 [TestNG-test=RetryMultipleFailedTestcases-1] INFO  BasicEditingTC.F7_PDFTC - Finished verify_WithSomeTextEdit_GeneratePDF
00:59:51.931 [TestNG-test=RetryMultipleFailedTestcases-4] INFO  BasicEditingTC.F7_PDFTC - Time taken: 84.7 seconds and 84738 milliseconds
00:59:51.931 [TestNG-test=RetryMultipleFailedTestcases-4] INFO  BasicEditingTC.F7_PDFTC - Time taken: 15-10-2023 12:58:27 AM StartTime and 15-10-2023 12:59:51 AM EndTime
00:59:51.931 [TestNG-test=RetryMultipleFailedTestcases-4] INFO  BasicEditingTC.F7_PDFTC - Time taken in minutes: 1.4
00:59:51.932 [TestNG-test=RetryMultipleFailedTestcases-4] INFO  BasicEditingTC.F7_PDFTC - Finished verify_ChapterLevel_Changes
01:02:27.210 [TestNG-test=RetryMultipleFailedTestcases-3] INFO  BasicEditingTC.F7_PDFTC - Starting verify_CombinationElements_GeneratePDF
01:02:55.582 [TestNG-test=RetryMultipleFailedTestcases-3] INFO  BasicEditingTC.F7_PDFTC - Logged in, searched for a file, and clicked Edit.
01:03:01.166 [TestNG-test=RetryMultipleFailedTestcases-3] INFO  BasicEditingTC.F7_PDFTC - Accepted the change.
01:03:01.387 [TestNG-test=RetryMultipleFailedTestcases-3] INFO  BasicEditingTC.F7_PDFTC - Clicked on the first paragraph.
01:03:02.886 [TestNG-test=RetryMultipleFailedTestcases-3] INFO  BasicEditingTC.F7_PDFTC - Added an entity reference.
01:03:13.260 [TestNG-test=RetryMultipleFailedTestcases-3] INFO  BasicEditingTC.F7_PDFTC - Starting verify_CombinationElements_GeneratePDF
01:03:42.299 [TestNG-test=RetryMultipleFailedTestcases-3] INFO  BasicEditingTC.F7_PDFTC - Logged in, searched for a file, and clicked Edit.
01:03:47.729 [TestNG-test=RetryMultipleFailedTestcases-3] INFO  BasicEditingTC.F7_PDFTC - Accepted the change.
01:03:47.945 [TestNG-test=RetryMultipleFailedTestcases-3] INFO  BasicEditingTC.F7_PDFTC - Clicked on the first paragraph.
01:03:49.359 [TestNG-test=RetryMultipleFailedTestcases-3] INFO  BasicEditingTC.F7_PDFTC - Added an entity reference.
01:03:54.226 [TestNG-test=RetryMultipleFailedTestcases-3] INFO  BasicEditingTC.F7_PDFTC - Added a cross-reference.
01:04:00.952 [TestNG-test=RetryMultipleFailedTestcases-3] INFO  BasicEditingTC.F7_PDFTC - Added a footnote.
01:04:02.927 [TestNG-test=RetryMultipleFailedTestcases-3] INFO  BasicEditingTC.F7_PDFTC - Added a numbered list.
01:04:05.570 [TestNG-test=RetryMultipleFailedTestcases-3] INFO  BasicEditingTC.F7_PDFTC - Added a media object.
23:48:05.966 [TestNG-test=RetryMultipleFailedTestcases-2] INFO  sprint1_TestCases.B_Verify_TitleBarOptionsTC - Starting verify_TitleBar
23:48:06.240 [TestNG-test=RetryMultipleFailedTestcases-4] INFO  sprint1_TestCases.B_Verify_TitleBarOptionsTC - Starting verify_Save_Highlighted
23:48:06.267 [TestNG-test=RetryMultipleFailedTestcases-3] INFO  sprint1_TestCases.B_Verify_TitleBarOptionsTC - Starting verify_Tooltips_OnWindowResize
23:48:06.351 [TestNG-test=RetryMultipleFailedTestcases-1] INFO  sprint1_TestCases.A_Login_PageTC - Starting verify_Login
23:48:06.467 [TestNG-test=RetryMultipleFailedTestcases-1] INFO  sprint1_TestCases.A_Login_PageTC - Clicking on username and entering mail id
23:48:06.547 [TestNG-test=RetryMultipleFailedTestcases-1] INFO  sprint1_TestCases.A_Login_PageTC - Clicking on password and entering password
23:48:10.446 [TestNG-test=RetryMultipleFailedTestcases-1] INFO  sprint1_TestCases.A_Login_PageTC - Clicking on login button
23:48:10.618 [TestNG-test=RetryMultipleFailedTestcases-1] INFO  sprint1_TestCases.A_Login_PageTC - Checking for logged in in page is visible
23:48:10.620 [TestNG-test=RetryMultipleFailedTestcases-1] INFO  sprint1_TestCases.A_Login_PageTC - Finished verify_ExistingList_PropertiesPopup
23:48:16.826 [TestNG-test=RetryMultipleFailedTestcases-1] INFO  sprint1_TestCases.B_Verify_TitleBarOptionsTC - Starting verify_Reset_Highlighted
23:48:35.731 [TestNG-test=RetryMultipleFailedTestcases-2] INFO  sprint1_TestCases.B_Verify_TitleBarOptionsTC - Logged in and searched for a file, then clicked Edit.
23:48:36.073 [TestNG-test=RetryMultipleFailedTestcases-2] INFO  sprint1_TestCases.B_Verify_TitleBarOptionsTC - verified banner is in blue
23:48:36.142 [TestNG-test=RetryMultipleFailedTestcases-2] INFO  sprint1_TestCases.B_Verify_TitleBarOptionsTC - verified image banner is available
23:48:36.142 [TestNG-test=RetryMultipleFailedTestcases-2] INFO  sprint1_TestCases.B_Verify_TitleBarOptionsTC - Finished verify_TitleBar
23:48:39.243 [TestNG-test=RetryMultipleFailedTestcases-4] INFO  sprint1_TestCases.B_Verify_TitleBarOptionsTC - Logged in and searched for a file, then clicked Edit.
23:48:39.648 [TestNG-test=RetryMultipleFailedTestcases-4] INFO  sprint1_TestCases.B_Verify_TitleBarOptionsTC - moving to element save button
23:48:39.939 [TestNG-test=RetryMultipleFailedTestcases-4] INFO  sprint1_TestCases.B_Verify_TitleBarOptionsTC - verified Save button is highlighted
23:48:39.939 [TestNG-test=RetryMultipleFailedTestcases-4] INFO  sprint1_TestCases.B_Verify_TitleBarOptionsTC - Finished verify_Save_Highlighted
23:48:40.815 [TestNG-test=RetryMultipleFailedTestcases-3] INFO  sprint1_TestCases.B_Verify_TitleBarOptionsTC - Logged in and searched for a file, then clicked Edit.
23:48:41.229 [TestNG-test=RetryMultipleFailedTestcases-3] INFO  sprint1_TestCases.B_Verify_TitleBarOptionsTC - Minimized the window to certain dimensions
23:48:44.154 [TestNG-test=RetryMultipleFailedTestcases-3] INFO  sprint1_TestCases.B_Verify_TitleBarOptionsTC - Current page is refreshed
23:48:45.850 [TestNG-test=RetryMultipleFailedTestcases-3] INFO  sprint1_TestCases.B_Verify_TitleBarOptionsTC - Verified save button tooltip is displayed when minimized
23:48:46.329 [TestNG-test=RetryMultipleFailedTestcases-3] INFO  sprint1_TestCases.B_Verify_TitleBarOptionsTC - Verified save button tooltip is displayed when minimized
23:48:46.743 [TestNG-test=RetryMultipleFailedTestcases-3] INFO  sprint1_TestCases.B_Verify_TitleBarOptionsTC - Verified Validate button tooltip is displayed when minimized
23:48:46.979 [TestNG-test=RetryMultipleFailedTestcases-3] INFO  sprint1_TestCases.B_Verify_TitleBarOptionsTC - Verified Check in button tooltip is displayed when minimized
23:48:46.980 [TestNG-test=RetryMultipleFailedTestcases-3] INFO  sprint1_TestCases.B_Verify_TitleBarOptionsTC - Finished verify_Tooltips_OnWindowResize
23:48:48.645 [TestNG-test=RetryMultipleFailedTestcases-2] INFO  sprint1_TestCases.B_Verify_TitleBarOptionsTC - Starting verify_Validate_Highlighted
23:48:50.047 [TestNG-test=RetryMultipleFailedTestcases-4] INFO  sprint1_TestCases.B_Verify_TitleBarOptionsTC - Starting verify_CheckIn_Highlighted
23:48:57.832 [TestNG-test=RetryMultipleFailedTestcases-3] INFO  sprint1_TestCases.B_Verify_TitleBarOptionsTC - Starting verify_LastSave_With_RealTime
23:49:00.782 [TestNG-test=RetryMultipleFailedTestcases-1] INFO  sprint1_TestCases.B_Verify_TitleBarOptionsTC - Logged in and searched for a file, then clicked Edit.
23:49:00.867 [TestNG-test=RetryMultipleFailedTestcases-1] INFO  sprint1_TestCases.B_Verify_TitleBarOptionsTC - Clicked on reset button
23:49:01.109 [TestNG-test=RetryMultipleFailedTestcases-1] INFO  sprint1_TestCases.B_Verify_TitleBarOptionsTC - moving to element Reset button
23:49:01.201 [TestNG-test=RetryMultipleFailedTestcases-1] INFO  sprint1_TestCases.B_Verify_TitleBarOptionsTC - Verified Reset button is highlighted
23:49:01.202 [TestNG-test=RetryMultipleFailedTestcases-1] INFO  sprint1_TestCases.B_Verify_TitleBarOptionsTC - Finished verify_Reset_Highlighted
23:49:08.460 [TestNG-test=RetryMultipleFailedTestcases-1] INFO  sprint1_TestCases.B_Verify_TitleBarOptionsTC - Starting TC_021_verify_SaveFunctionality
23:49:40.579 [TestNG-test=RetryMultipleFailedTestcases-2] INFO  sprint1_TestCases.B_Verify_TitleBarOptionsTC - Logged in and searched for a file, then clicked Edit.
23:49:40.789 [TestNG-test=RetryMultipleFailedTestcases-2] INFO  sprint1_TestCases.B_Verify_TitleBarOptionsTC - moving to element validate button
23:49:40.923 [TestNG-test=RetryMultipleFailedTestcases-2] INFO  sprint1_TestCases.B_Verify_TitleBarOptionsTC - Verified validate button is highlighted
23:49:40.924 [TestNG-test=RetryMultipleFailedTestcases-2] INFO  sprint1_TestCases.B_Verify_TitleBarOptionsTC - Finished verify_Validate_Highlighted
23:49:41.399 [TestNG-test=RetryMultipleFailedTestcases-4] INFO  sprint1_TestCases.B_Verify_TitleBarOptionsTC - Logged in and searched for a file, then clicked Edit.
23:49:41.625 [TestNG-test=RetryMultipleFailedTestcases-4] INFO  sprint1_TestCases.B_Verify_TitleBarOptionsTC - moving to element check in  button
23:49:41.758 [TestNG-test=RetryMultipleFailedTestcases-4] INFO  sprint1_TestCases.B_Verify_TitleBarOptionsTC - Verified check in button is highlighted
23:49:41.758 [TestNG-test=RetryMultipleFailedTestcases-4] INFO  sprint1_TestCases.B_Verify_TitleBarOptionsTC - Finished verify_CheckIn_Highlighted
23:49:51.254 [TestNG-test=RetryMultipleFailedTestcases-3] INFO  sprint1_TestCases.B_Verify_TitleBarOptionsTC - Logged in and searched for a file, then clicked Edit.
23:49:51.359 [TestNG-test=RetryMultipleFailedTestcases-3] INFO  sprint1_TestCases.B_Verify_TitleBarOptionsTC - Switched to frame 0.
23:49:52.962 [TestNG-test=RetryMultipleFailedTestcases-2] INFO  sprint1_TestCases.B_Verify_TitleBarOptionsTC - Starting verify_SaveTime_OnBrowserMinimize
23:49:52.981 [TestNG-test=RetryMultipleFailedTestcases-3] INFO  sprint1_TestCases.B_Verify_TitleBarOptionsTC - Double clicked on first para button
23:49:53.185 [TestNG-test=RetryMultipleFailedTestcases-3] INFO  sprint1_TestCases.B_Verify_TitleBarOptionsTC - Switched back to default content.
23:49:54.397 [TestNG-test=RetryMultipleFailedTestcases-3] INFO  sprint1_TestCases.B_Verify_TitleBarOptionsTC - Clicked on bold plugin
23:49:54.465 [TestNG-test=RetryMultipleFailedTestcases-4] INFO  sprint1_TestCases.B_Verify_TitleBarOptionsTC - Starting verify_Save_Error_Message
23:49:58.649 [TestNG-test=RetryMultipleFailedTestcases-3] INFO  sprint1_TestCases.B_Verify_TitleBarOptionsTC - Clicked on save button
23:49:58.740 [TestNG-test=RetryMultipleFailedTestcases-3] INFO  sprint1_TestCases.B_Verify_TitleBarOptionsTC - verified the class in actual saved time
23:49:58.740 [TestNG-test=RetryMultipleFailedTestcases-3] INFO  sprint1_TestCases.B_Verify_TitleBarOptionsTC - Finished verify_LastSave_With_RealTime
23:50:02.344 [TestNG-test=RetryMultipleFailedTestcases-1] INFO  sprint1_TestCases.B_Verify_TitleBarOptionsTC - Logged in and searched for a file, then clicked Edit.
23:50:02.391 [TestNG-test=RetryMultipleFailedTestcases-1] INFO  sprint1_TestCases.B_Verify_TitleBarOptionsTC - Switched to frame 0.
23:50:03.573 [TestNG-test=RetryMultipleFailedTestcases-1] INFO  sprint1_TestCases.B_Verify_TitleBarOptionsTC - Double clicked on first para button
23:50:03.654 [TestNG-test=RetryMultipleFailedTestcases-1] INFO  sprint1_TestCases.B_Verify_TitleBarOptionsTC - Switched back to default content.
23:50:04.276 [TestNG-test=RetryMultipleFailedTestcases-1] INFO  sprint1_TestCases.B_Verify_TitleBarOptionsTC - Clicked on bold plugin
23:50:08.893 [TestNG-test=RetryMultipleFailedTestcases-3] INFO  sprint1_TestCases.B_Verify_TitleBarOptionsTC - Starting verify_LastSaveTime_AfterResetFile
23:50:10.465 [TestNG-test=RetryMultipleFailedTestcases-1] INFO  sprint1_TestCases.B_Verify_TitleBarOptionsTC - Clicked on save button
23:50:28.226 [TestNG-test=RetryMultipleFailedTestcases-2] INFO  sprint1_TestCases.B_Verify_TitleBarOptionsTC - Logged in and searched for a file, then clicked Edit.
23:50:28.267 [TestNG-test=RetryMultipleFailedTestcases-2] INFO  sprint1_TestCases.B_Verify_TitleBarOptionsTC - Switched to frame 0.
23:50:28.708 [TestNG-test=RetryMultipleFailedTestcases-2] INFO  sprint1_TestCases.B_Verify_TitleBarOptionsTC - Double clicked on first para button
23:50:28.711 [TestNG-test=RetryMultipleFailedTestcases-2] INFO  sprint1_TestCases.B_Verify_TitleBarOptionsTC - Switched back to default content.
23:50:41.290 [TestNG-test=RetryMultipleFailedTestcases-4] INFO  sprint1_TestCases.B_Verify_TitleBarOptionsTC - Logged in and searched for a file, then clicked Edit.
23:50:41.603 [TestNG-test=RetryMultipleFailedTestcases-4] INFO  sprint1_TestCases.B_Verify_TitleBarOptionsTC - Clicking on save button
23:50:41.824 [TestNG-test=RetryMultipleFailedTestcases-2] INFO  sprint1_TestCases.B_Verify_TitleBarOptionsTC - Starting verify_SaveTime_OnBrowserMinimize
23:50:59.689 [TestNG-test=RetryMultipleFailedTestcases-3] INFO  sprint1_TestCases.B_Verify_TitleBarOptionsTC - Logged in and searched for a file, then clicked Edit.
23:50:59.721 [TestNG-test=RetryMultipleFailedTestcases-3] INFO  sprint1_TestCases.B_Verify_TitleBarOptionsTC - Switched to frame 0.
23:51:00.753 [TestNG-test=RetryMultipleFailedTestcases-3] INFO  sprint1_TestCases.B_Verify_TitleBarOptionsTC - Double clicked on first para button
23:51:00.872 [TestNG-test=RetryMultipleFailedTestcases-3] INFO  sprint1_TestCases.B_Verify_TitleBarOptionsTC - Switched back to default content.
23:51:02.107 [TestNG-test=RetryMultipleFailedTestcases-3] INFO  sprint1_TestCases.B_Verify_TitleBarOptionsTC - Clicked on bold plugin
23:51:02.332 [TestNG-test=RetryMultipleFailedTestcases-1] INFO  sprint1_TestCases.B_Verify_TitleBarOptionsTC - Starting TC_021_verify_SaveFunctionality
23:51:05.781 [TestNG-test=RetryMultipleFailedTestcases-3] INFO  sprint1_TestCases.B_Verify_TitleBarOptionsTC - Clicked on save button
23:51:10.295 [TestNG-test=RetryMultipleFailedTestcases-3] INFO  sprint1_TestCases.B_Verify_TitleBarOptionsTC - verified on Save Successful notification is displayed
23:51:10.389 [TestNG-test=RetryMultipleFailedTestcases-3] INFO  sprint1_TestCases.B_Verify_TitleBarOptionsTC - verified on Last Saved Time is displayed
23:51:10.596 [TestNG-test=RetryMultipleFailedTestcases-3] INFO  sprint1_TestCases.B_Verify_TitleBarOptionsTC - Clicked on reset button
23:51:10.663 [TestNG-test=RetryMultipleFailedTestcases-3] INFO  sprint1_TestCases.B_Verify_TitleBarOptionsTC - verified on alert text of reset button
23:51:10.894 [TestNG-test=RetryMultipleFailedTestcases-3] INFO  sprint1_TestCases.B_Verify_TitleBarOptionsTC - Clicked on reset confirm button
23:51:11.028 [TestNG-test=RetryMultipleFailedTestcases-3] INFO  sprint1_TestCases.B_Verify_TitleBarOptionsTC - verified on Last Saved Time is displayed
23:51:11.029 [TestNG-test=RetryMultipleFailedTestcases-3] INFO  sprint1_TestCases.B_Verify_TitleBarOptionsTC - Finished verify_LastSaveTime_AfterResetFile
23:51:20.295 [TestNG-test=RetryMultipleFailedTestcases-3] INFO  sprint1_TestCases.B_Verify_TitleBarOptionsTC - Starting verify_ResetFile
23:51:26.576 [TestNG-test=RetryMultipleFailedTestcases-2] INFO  sprint1_TestCases.B_Verify_TitleBarOptionsTC - Logged in and searched for a file, then clicked Edit.
23:51:26.644 [TestNG-test=RetryMultipleFailedTestcases-2] INFO  sprint1_TestCases.B_Verify_TitleBarOptionsTC - Switched to frame 0.
23:51:27.995 [TestNG-test=RetryMultipleFailedTestcases-2] INFO  sprint1_TestCases.B_Verify_TitleBarOptionsTC - Double clicked on first para button
23:51:28.190 [TestNG-test=RetryMultipleFailedTestcases-2] INFO  sprint1_TestCases.B_Verify_TitleBarOptionsTC - Switched back to default content.
23:51:29.253 [TestNG-test=RetryMultipleFailedTestcases-2] INFO  sprint1_TestCases.B_Verify_TitleBarOptionsTC - Clicked on bold plugin
23:51:32.059 [TestNG-test=RetryMultipleFailedTestcases-4] INFO  sprint1_TestCases.B_Verify_TitleBarOptionsTC - Starting verify_Save_Error_Message
23:51:33.837 [TestNG-test=RetryMultipleFailedTestcases-2] INFO  sprint1_TestCases.B_Verify_TitleBarOptionsTC - Clicked on save button
23:51:33.915 [TestNG-test=RetryMultipleFailedTestcases-2] INFO  sprint1_TestCases.B_Verify_TitleBarOptionsTC - verified the class in actual saved time
23:51:34.410 [TestNG-test=RetryMultipleFailedTestcases-2] INFO  sprint1_TestCases.B_Verify_TitleBarOptionsTC - Minimized the window to certain dimensions
23:51:34.723 [TestNG-test=RetryMultipleFailedTestcases-2] INFO  sprint1_TestCases.B_Verify_TitleBarOptionsTC - verified Last Saved Time is displayed
23:51:34.723 [TestNG-test=RetryMultipleFailedTestcases-2] INFO  sprint1_TestCases.B_Verify_TitleBarOptionsTC - Finished verify_SaveTime_OnBrowserMinimize
23:51:44.825 [TestNG-test=RetryMultipleFailedTestcases-2] INFO  sprint1_TestCases.B_Verify_TitleBarOptionsTC - Starting ChangeElementSimpePara_ValidateFile
23:51:45.326 [TestNG-test=RetryMultipleFailedTestcases-1] INFO  sprint1_TestCases.B_Verify_TitleBarOptionsTC - Logged in and searched for a file, then clicked Edit.
23:51:45.371 [TestNG-test=RetryMultipleFailedTestcases-1] INFO  sprint1_TestCases.B_Verify_TitleBarOptionsTC - Switched to frame 0.
23:51:46.375 [TestNG-test=RetryMultipleFailedTestcases-1] INFO  sprint1_TestCases.B_Verify_TitleBarOptionsTC - Double clicked on first para button
23:51:46.415 [TestNG-test=RetryMultipleFailedTestcases-1] INFO  sprint1_TestCases.B_Verify_TitleBarOptionsTC - Switched back to default content.
23:51:47.130 [TestNG-test=RetryMultipleFailedTestcases-1] INFO  sprint1_TestCases.B_Verify_TitleBarOptionsTC - Clicked on bold plugin
23:51:51.473 [TestNG-test=RetryMultipleFailedTestcases-1] INFO  sprint1_TestCases.B_Verify_TitleBarOptionsTC - Clicked on save button
23:51:54.751 [TestNG-test=RetryMultipleFailedTestcases-3] INFO  sprint1_TestCases.B_Verify_TitleBarOptionsTC - Logged in and searched for a file, then clicked Edit.
23:51:54.924 [TestNG-test=RetryMultipleFailedTestcases-3] INFO  sprint1_TestCases.B_Verify_TitleBarOptionsTC - Switched to frame 0.
23:51:55.050 [TestNG-test=RetryMultipleFailedTestcases-1] INFO  sprint1_TestCases.B_Verify_TitleBarOptionsTC - verified on Save Successful notification is displayed
23:51:55.131 [TestNG-test=RetryMultipleFailedTestcases-1] INFO  sprint1_TestCases.B_Verify_TitleBarOptionsTC - verified on Last Saved Time is displayed
23:51:55.177 [TestNG-test=RetryMultipleFailedTestcases-1] INFO  sprint1_TestCases.B_Verify_TitleBarOptionsTC - verified the class in actual saved time
23:51:55.178 [TestNG-test=RetryMultipleFailedTestcases-1] INFO  sprint1_TestCases.B_Verify_TitleBarOptionsTC - Finished verify_TitleBar
23:51:56.026 [TestNG-test=RetryMultipleFailedTestcases-3] INFO  sprint1_TestCases.B_Verify_TitleBarOptionsTC - Double clicked on first para button
23:51:56.137 [TestNG-test=RetryMultipleFailedTestcases-3] INFO  sprint1_TestCases.B_Verify_TitleBarOptionsTC - Switched back to default content.
23:51:56.742 [TestNG-test=RetryMultipleFailedTestcases-3] INFO  sprint1_TestCases.B_Verify_TitleBarOptionsTC - Clicked on bold plugin
23:52:01.368 [TestNG-test=RetryMultipleFailedTestcases-3] INFO  sprint1_TestCases.B_Verify_TitleBarOptionsTC - Clicked on save button
23:52:01.503 [TestNG-test=RetryMultipleFailedTestcases-3] INFO  sprint1_TestCases.B_Verify_TitleBarOptionsTC - verified on Last Saved Time is displayed
23:52:01.869 [TestNG-test=RetryMultipleFailedTestcases-3] INFO  sprint1_TestCases.B_Verify_TitleBarOptionsTC - Clicked on reset button
23:52:01.939 [TestNG-test=RetryMultipleFailedTestcases-3] INFO  sprint1_TestCases.B_Verify_TitleBarOptionsTC - verified on alert text of reset button
23:52:02.208 [TestNG-test=RetryMultipleFailedTestcases-3] INFO  sprint1_TestCases.B_Verify_TitleBarOptionsTC - Clicked on reset confirm button
23:52:02.209 [TestNG-test=RetryMultipleFailedTestcases-3] INFO  sprint1_TestCases.B_Verify_TitleBarOptionsTC - Finished verify_ResetFile
23:52:04.237 [TestNG-test=RetryMultipleFailedTestcases-1] INFO  sprint1_TestCases.B_Verify_TitleBarOptionsTC - Starting ChangeElementAddress_ValidateFile
23:52:10.461 [TestNG-test=RetryMultipleFailedTestcases-4] INFO  sprint1_TestCases.B_Verify_TitleBarOptionsTC - Logged in and searched for a file, then clicked Edit.
23:52:10.578 [TestNG-test=RetryMultipleFailedTestcases-4] INFO  sprint1_TestCases.B_Verify_TitleBarOptionsTC - Clicking on save button
23:52:11.688 [TestNG-test=RetryMultipleFailedTestcases-3] INFO  sprint1_TestCases.B_Verify_TitleBarOptionsTC - Starting verify_ValidateFile
23:52:23.790 [TestNG-test=RetryMultipleFailedTestcases-2] INFO  sprint1_TestCases.B_Verify_TitleBarOptionsTC - Logged in and searched for a file, then clicked Edit.
23:52:23.821 [TestNG-test=RetryMultipleFailedTestcases-2] INFO  sprint1_TestCases.B_Verify_TitleBarOptionsTC - Switched to frame 0.
23:52:24.686 [TestNG-test=RetryMultipleFailedTestcases-2] INFO  sprint1_TestCases.B_Verify_TitleBarOptionsTC - clicked on First para from VE
23:52:24.795 [TestNG-test=RetryMultipleFailedTestcases-2] INFO  sprint1_TestCases.B_Verify_TitleBarOptionsTC - Switched back to default content.
23:52:25.391 [TestNG-test=RetryMultipleFailedTestcases-2] INFO  sprint1_TestCases.B_Verify_TitleBarOptionsTC - clicked on change element and searched for simple para
23:52:27.073 [TestNG-test=RetryMultipleFailedTestcases-2] INFO  sprint1_TestCases.B_Verify_TitleBarOptionsTC - clicked on simple-para selement
23:52:27.528 [TestNG-test=RetryMultipleFailedTestcases-2] INFO  sprint1_TestCases.B_Verify_TitleBarOptionsTC - Verifying Simple Para present into DS
23:52:28.076 [TestNG-test=RetryMultipleFailedTestcases-2] INFO  sprint1_TestCases.B_Verify_TitleBarOptionsTC - clicked on validate button
23:52:33.686 [TestNG-test=RetryMultipleFailedTestcases-2] INFO  sprint1_TestCases.B_Verify_TitleBarOptionsTC - verified label validation success message is present
23:52:33.804 [TestNG-test=RetryMultipleFailedTestcases-2] INFO  sprint1_TestCases.B_Verify_TitleBarOptionsTC - clicked Validation success alert text is displayed
23:52:34.089 [TestNG-test=RetryMultipleFailedTestcases-2] INFO  sprint1_TestCases.B_Verify_TitleBarOptionsTC - clicked on validate ok button
23:52:34.089 [TestNG-test=RetryMultipleFailedTestcases-2] INFO  sprint1_TestCases.B_Verify_TitleBarOptionsTC - Finished ChangeElementSimpePara_ValidateFile
23:52:44.077 [TestNG-test=RetryMultipleFailedTestcases-2] INFO  sprint1_TestCases.B_Verify_TitleBarOptionsTC - Starting verify_CheckIn
23:52:45.074 [TestNG-test=RetryMultipleFailedTestcases-1] INFO  sprint1_TestCases.B_Verify_TitleBarOptionsTC - Logged in and searched for a file, then clicked Edit.
23:52:45.104 [TestNG-test=RetryMultipleFailedTestcases-1] INFO  sprint1_TestCases.B_Verify_TitleBarOptionsTC - Switched to frame 0.
23:52:45.752 [TestNG-test=RetryMultipleFailedTestcases-1] INFO  sprint1_TestCases.B_Verify_TitleBarOptionsTC - clicked on First para from VE
23:52:45.851 [TestNG-test=RetryMultipleFailedTestcases-1] INFO  sprint1_TestCases.B_Verify_TitleBarOptionsTC - Switched back to default content.
23:52:46.444 [TestNG-test=RetryMultipleFailedTestcases-1] INFO  sprint1_TestCases.B_Verify_TitleBarOptionsTC - clicked on change element and searched for Address
23:52:48.338 [TestNG-test=RetryMultipleFailedTestcases-1] INFO  sprint1_TestCases.B_Verify_TitleBarOptionsTC - clicked on Address element
23:52:48.944 [TestNG-test=RetryMultipleFailedTestcases-1] INFO  sprint1_TestCases.B_Verify_TitleBarOptionsTC - Verifying Address present into DS
23:52:49.382 [TestNG-test=RetryMultipleFailedTestcases-1] INFO  sprint1_TestCases.B_Verify_TitleBarOptionsTC - clicked on validate button
23:52:53.426 [TestNG-test=RetryMultipleFailedTestcases-1] INFO  sprint1_TestCases.B_Verify_TitleBarOptionsTC - verified label validation success message is present
23:52:53.508 [TestNG-test=RetryMultipleFailedTestcases-1] INFO  sprint1_TestCases.B_Verify_TitleBarOptionsTC - clicked Validation success alert text is displayed
23:52:53.762 [TestNG-test=RetryMultipleFailedTestcases-1] INFO  sprint1_TestCases.B_Verify_TitleBarOptionsTC - clicked on validate ok button
23:52:53.763 [TestNG-test=RetryMultipleFailedTestcases-1] INFO  sprint1_TestCases.B_Verify_TitleBarOptionsTC - Finished ChangeElementAddress_ValidateFile
23:52:59.521 [TestNG-test=RetryMultipleFailedTestcases-3] INFO  sprint1_TestCases.B_Verify_TitleBarOptionsTC - Logged in and searched for a file, then clicked Edit.
23:53:00.549 [TestNG-test=RetryMultipleFailedTestcases-3] INFO  sprint1_TestCases.B_Verify_TitleBarOptionsTC - clicked on validate button
23:53:01.710 [TestNG-test=RetryMultipleFailedTestcases-4] INFO  sprint1_TestCases.B_Verify_TitleBarOptionsTC - Starting verify_Save_Error_Message
23:53:04.149 [TestNG-test=RetryMultipleFailedTestcases-1] INFO  sprint1_TestCases.B_Verify_TitleBarOptionsTC - Starting verify_CheckIn_CancelButton
23:53:04.503 [TestNG-test=RetryMultipleFailedTestcases-3] INFO  sprint1_TestCases.B_Verify_TitleBarOptionsTC - verified label validation success message is present
23:53:04.572 [TestNG-test=RetryMultipleFailedTestcases-3] INFO  sprint1_TestCases.B_Verify_TitleBarOptionsTC - clicked Validation success alert text is displayed
23:53:04.818 [TestNG-test=RetryMultipleFailedTestcases-3] INFO  sprint1_TestCases.B_Verify_TitleBarOptionsTC - clicked on validate ok button
23:53:04.819 [TestNG-test=RetryMultipleFailedTestcases-3] INFO  sprint1_TestCases.B_Verify_TitleBarOptionsTC - Finished verify_ValidateFile
23:53:15.996 [TestNG-test=RetryMultipleFailedTestcases-3] INFO  sprint1_TestCases.C_Verify_CMSMenu_FunctionalityTC - Starting verify_CMSMenu_Enabled
23:53:29.001 [TestNG-test=RetryMultipleFailedTestcases-2] INFO  sprint1_TestCases.B_Verify_TitleBarOptionsTC - Logged in and searched for a file, then clicked Edit.
23:53:29.590 [TestNG-test=RetryMultipleFailedTestcases-2] INFO  sprint1_TestCases.B_Verify_TitleBarOptionsTC - Click CheckIn button is displayed
23:53:29.774 [TestNG-test=RetryMultipleFailedTestcases-2] INFO  sprint1_TestCases.B_Verify_TitleBarOptionsTC - verified CheckIn button is displayed
23:53:29.841 [TestNG-test=RetryMultipleFailedTestcases-2] INFO  sprint1_TestCases.B_Verify_TitleBarOptionsTC - verified Do you want to check-in? is displayed
23:53:29.989 [TestNG-test=RetryMultipleFailedTestcases-2] INFO  sprint1_TestCases.B_Verify_TitleBarOptionsTC - verified CheckIn confirm button is displayed
23:53:30.168 [TestNG-test=RetryMultipleFailedTestcases-2] INFO  sprint1_TestCases.B_Verify_TitleBarOptionsTC - verified CheckIn cancel button is displayed
23:53:30.168 [TestNG-test=RetryMultipleFailedTestcases-2] INFO  sprint1_TestCases.B_Verify_TitleBarOptionsTC - Finished verify_CheckIn
23:53:43.280 [TestNG-test=RetryMultipleFailedTestcases-2] INFO  sprint1_TestCases.C_Verify_CMSMenu_FunctionalityTC - Starting verify_CMSHambergerMenu
23:53:44.710 [TestNG-test=RetryMultipleFailedTestcases-4] INFO  sprint1_TestCases.B_Verify_TitleBarOptionsTC - Logged in and searched for a file, then clicked Edit.
23:53:44.885 [TestNG-test=RetryMultipleFailedTestcases-4] INFO  sprint1_TestCases.B_Verify_TitleBarOptionsTC - Clicking on save button
23:53:52.113 [TestNG-test=RetryMultipleFailedTestcases-1] INFO  sprint1_TestCases.B_Verify_TitleBarOptionsTC - Logged in and searched for a file, then clicked Edit.
23:53:52.560 [TestNG-test=RetryMultipleFailedTestcases-1] INFO  sprint1_TestCases.B_Verify_TitleBarOptionsTC - Click CheckIn button is displayed
23:53:52.755 [TestNG-test=RetryMultipleFailedTestcases-1] INFO  sprint1_TestCases.B_Verify_TitleBarOptionsTC - verified CheckIn button is displayed
23:53:52.824 [TestNG-test=RetryMultipleFailedTestcases-1] INFO  sprint1_TestCases.B_Verify_TitleBarOptionsTC - verified Do you want to check-in? is displayed
23:53:53.060 [TestNG-test=RetryMultipleFailedTestcases-1] INFO  sprint1_TestCases.B_Verify_TitleBarOptionsTC - Click CheckIn cancel button is displayed
23:53:53.188 [TestNG-test=RetryMultipleFailedTestcases-1] INFO  sprint1_TestCases.B_Verify_TitleBarOptionsTC - verified label content block is displayed
23:53:53.188 [TestNG-test=RetryMultipleFailedTestcases-1] INFO  sprint1_TestCases.B_Verify_TitleBarOptionsTC - Finished verify_CheckIn_CancelButton
23:54:02.509 [TestNG-test=RetryMultipleFailedTestcases-1] INFO  sprint1_TestCases.C_Verify_CMSMenu_FunctionalityTC - Starting verify_CMSMenu_CloseBtn
23:54:05.733 [TestNG-test=RetryMultipleFailedTestcases-3] INFO  sprint1_TestCases.C_Verify_CMSMenu_FunctionalityTC - Logged in and searched for a file, then clicked Edit.
23:54:06.043 [TestNG-test=RetryMultipleFailedTestcases-3] INFO  sprint1_TestCases.C_Verify_CMSMenu_FunctionalityTC - clicked on Handberger button
23:54:06.257 [TestNG-test=RetryMultipleFailedTestcases-3] INFO  sprint1_TestCases.C_Verify_CMSMenu_FunctionalityTC - verified Label CMS menu displayed
23:54:06.381 [TestNG-test=RetryMultipleFailedTestcases-3] INFO  sprint1_TestCases.C_Verify_CMSMenu_FunctionalityTC - verified Label CMS close is displayed
23:54:06.381 [TestNG-test=RetryMultipleFailedTestcases-3] INFO  sprint1_TestCases.C_Verify_CMSMenu_FunctionalityTC - Finished verify_CMSMenu_Enabled
23:54:16.858 [TestNG-test=RetryMultipleFailedTestcases-3] INFO  sprint1_TestCases.C_Verify_CMSMenu_FunctionalityTC - Starting verify_CMSHambergerMenu_Highlighted
23:54:28.481 [TestNG-test=RetryMultipleFailedTestcases-2] INFO  sprint1_TestCases.C_Verify_CMSMenu_FunctionalityTC - Logged in and searched for a file, then clicked Edit.
23:54:28.756 [TestNG-test=RetryMultipleFailedTestcases-2] INFO  sprint1_TestCases.C_Verify_CMSMenu_FunctionalityTC - clicked on Handberger button
23:54:32.650 [TestNG-test=RetryMultipleFailedTestcases-2] INFO  sprint1_TestCases.C_Verify_CMSMenu_FunctionalityTC - clicked on hyperlinks and checked for response code-200
23:54:33.216 [TestNG-test=RetryMultipleFailedTestcases-2] INFO  sprint1_TestCases.C_Verify_CMSMenu_FunctionalityTC - clicked on CMS close button
23:54:37.069 [TestNG-test=RetryMultipleFailedTestcases-4] INFO  sprint1_TestCases.C_Verify_CMSMenu_FunctionalityTC - Starting verify_CMSMenu_ByResizing
23:54:44.393 [TestNG-test=RetryMultipleFailedTestcases-1] INFO  sprint1_TestCases.C_Verify_CMSMenu_FunctionalityTC - Logged in and searched for a file, then clicked Edit.
23:54:44.699 [TestNG-test=RetryMultipleFailedTestcases-1] INFO  sprint1_TestCases.C_Verify_CMSMenu_FunctionalityTC - clicked on Handberger button
23:54:44.969 [TestNG-test=RetryMultipleFailedTestcases-1] INFO  sprint1_TestCases.C_Verify_CMSMenu_FunctionalityTC - verified Label CMS close is displayed
23:54:45.372 [TestNG-test=RetryMultipleFailedTestcases-1] INFO  sprint1_TestCases.C_Verify_CMSMenu_FunctionalityTC - Finished verify_CMSMenu_Enabled
23:54:45.372 [TestNG-test=RetryMultipleFailedTestcases-1] INFO  sprint1_TestCases.C_Verify_CMSMenu_FunctionalityTC - Finished verify_CMSMenu_CloseBtn
23:54:56.571 [TestNG-test=RetryMultipleFailedTestcases-1] INFO  sprint1_TestCases.C_Verify_CMSMenu_FunctionalityTC - Starting verify_CMSMenu_Collapse
23:55:00.336 [TestNG-test=RetryMultipleFailedTestcases-3] INFO  sprint1_TestCases.C_Verify_CMSMenu_FunctionalityTC - Logged in and searched for a file, then clicked Edit.
23:55:00.620 [TestNG-test=RetryMultipleFailedTestcases-3] INFO  sprint1_TestCases.C_Verify_CMSMenu_FunctionalityTC - clicked on Handberger button
23:55:01.074 [TestNG-test=RetryMultipleFailedTestcases-3] INFO  sprint1_TestCases.C_Verify_CMSMenu_FunctionalityTC - verified all the background colors of hyperlinks
23:55:01.854 [TestNG-test=RetryMultipleFailedTestcases-3] INFO  sprint1_TestCases.C_Verify_CMSMenu_FunctionalityTC - clicked on CMS close button
23:55:13.352 [TestNG-test=RetryMultipleFailedTestcases-2] INFO  sprint1_TestCases.C_Verify_CMSMenu_FunctionalityTC - verified Label CMS menu is not displayed
23:55:13.352 [TestNG-test=RetryMultipleFailedTestcases-2] INFO  sprint1_TestCases.C_Verify_CMSMenu_FunctionalityTC - Finished verify_CMSHambergerMenu
23:55:16.551 [TestNG-test=RetryMultipleFailedTestcases-4] INFO  sprint1_TestCases.C_Verify_CMSMenu_FunctionalityTC - Logged in and searched for a file, then clicked Edit.
23:55:16.832 [TestNG-test=RetryMultipleFailedTestcases-4] INFO  sprint1_TestCases.C_Verify_CMSMenu_FunctionalityTC - clicked on Handberger button
23:55:17.163 [TestNG-test=RetryMultipleFailedTestcases-4] INFO  sprint1_TestCases.C_Verify_CMSMenu_FunctionalityTC - verified Label CMS menu displayed
23:55:18.408 [TestNG-test=RetryMultipleFailedTestcases-4] INFO  sprint1_TestCases.C_Verify_CMSMenu_FunctionalityTC - Initiate driver to minimize the window size
23:55:18.774 [TestNG-test=RetryMultipleFailedTestcases-4] INFO  sprint1_TestCases.C_Verify_CMSMenu_FunctionalityTC - verified Label CMS menu displayed
23:55:18.776 [TestNG-test=RetryMultipleFailedTestcases-4] INFO  sprint1_TestCases.C_Verify_CMSMenu_FunctionalityTC - Finished verify_CMSMenu_ByResizing
23:55:24.163 [TestNG-test=RetryMultipleFailedTestcases-2] INFO  sprint1_TestCases.C_Verify_CMSMenu_FunctionalityTC - Starting verify_CMSMenu_MediaLib_Section_Insert_Error
23:55:29.965 [TestNG-test=RetryMultipleFailedTestcases-4] INFO  sprint1_TestCases.C_Verify_CMSMenu_FunctionalityTC - Starting verify_MediaObject_InCMSMenu
23:55:41.901 [TestNG-test=RetryMultipleFailedTestcases-1] INFO  sprint1_TestCases.C_Verify_CMSMenu_FunctionalityTC - Logged in and searched for a file, then clicked Edit.
23:55:42.005 [TestNG-test=RetryMultipleFailedTestcases-3] INFO  sprint1_TestCases.C_Verify_CMSMenu_FunctionalityTC - verified Label CMS menu is not displayed
23:55:42.006 [TestNG-test=RetryMultipleFailedTestcases-3] INFO  sprint1_TestCases.C_Verify_CMSMenu_FunctionalityTC - Finished verify_CMSHambergerMenu_Highlighted
23:55:42.458 [TestNG-test=RetryMultipleFailedTestcases-1] INFO  sprint1_TestCases.C_Verify_CMSMenu_FunctionalityTC - clicked on Handberger button
23:55:42.704 [TestNG-test=RetryMultipleFailedTestcases-1] INFO  sprint1_TestCases.C_Verify_CMSMenu_FunctionalityTC - verified Label CMS menu displayed
23:55:43.341 [TestNG-test=RetryMultipleFailedTestcases-1] INFO  sprint1_TestCases.C_Verify_CMSMenu_FunctionalityTC - clicked on Handberger button
23:55:58.576 [TestNG-test=RetryMultipleFailedTestcases-1] INFO  sprint1_TestCases.C_Verify_CMSMenu_FunctionalityTC - Starting verify_CMSMenu_Collapse
23:55:58.936 [TestNG-test=RetryMultipleFailedTestcases-3] INFO  sprint1_TestCases.C_Verify_CMSMenu_FunctionalityTC - Starting verify_CMSMenu_AddingFile
23:56:01.595 [TestNG-test=RetryMultipleFailedTestcases-2] INFO  sprint1_TestCases.C_Verify_CMSMenu_FunctionalityTC - Logged in and searched for a file, then clicked Edit.
23:56:01.817 [TestNG-test=RetryMultipleFailedTestcases-2] INFO  sprint1_TestCases.C_Verify_CMSMenu_FunctionalityTC - Switched to frame 0.
23:56:03.651 [TestNG-test=RetryMultipleFailedTestcases-2] INFO  sprint1_TestCases.C_Verify_CMSMenu_FunctionalityTC - Switched back to default content.
23:56:03.930 [TestNG-test=RetryMultipleFailedTestcases-2] INFO  sprint1_TestCases.C_Verify_CMSMenu_FunctionalityTC - clicked on Handberger button
23:56:04.493 [TestNG-test=RetryMultipleFailedTestcases-2] INFO  sprint1_TestCases.C_Verify_CMSMenu_FunctionalityTC - clicked on Media object link in CMS menu
23:56:05.733 [TestNG-test=RetryMultipleFailedTestcases-2] INFO  sprint1_TestCases.C_Verify_CMSMenu_FunctionalityTC - clicked on image insert button
23:56:06.317 [TestNG-test=RetryMultipleFailedTestcases-2] INFO  sprint1_TestCases.C_Verify_CMSMenu_FunctionalityTC - verified error popup message is displayed
23:56:06.318 [TestNG-test=RetryMultipleFailedTestcases-2] INFO  sprint1_TestCases.C_Verify_CMSMenu_FunctionalityTC - Finished verify_CMSMenu_MediaLib_Section_Insert_Error
23:56:14.184 [TestNG-test=RetryMultipleFailedTestcases-4] INFO  sprint1_TestCases.C_Verify_CMSMenu_FunctionalityTC - Logged in and searched for a file, then clicked Edit.
23:56:14.231 [TestNG-test=RetryMultipleFailedTestcases-4] INFO  sprint1_TestCases.C_Verify_CMSMenu_FunctionalityTC - Switched to frame 0.
23:56:15.935 [TestNG-test=RetryMultipleFailedTestcases-2] INFO  sprint1_TestCases.C_Verify_CMSMenu_FunctionalityTC - Starting verify_CMSCollapse_ByClickingEditorView
23:56:26.904 [TestNG-test=RetryMultipleFailedTestcases-4] INFO  sprint1_TestCases.C_Verify_CMSMenu_FunctionalityTC - clicked on First para from VE
23:56:27.015 [TestNG-test=RetryMultipleFailedTestcases-4] INFO  sprint1_TestCases.C_Verify_CMSMenu_FunctionalityTC - Switched back to default content.
23:56:27.461 [TestNG-test=RetryMultipleFailedTestcases-4] INFO  sprint1_TestCases.C_Verify_CMSMenu_FunctionalityTC - clicked on Handberger button
23:56:49.559 [TestNG-test=RetryMultipleFailedTestcases-4] INFO  sprint1_TestCases.C_Verify_CMSMenu_FunctionalityTC - Starting verify_MediaObject_InCMSMenu
23:56:56.206 [TestNG-test=RetryMultipleFailedTestcases-1] INFO  sprint1_TestCases.C_Verify_CMSMenu_FunctionalityTC - Logged in and searched for a file, then clicked Edit.
23:56:57.947 [TestNG-test=RetryMultipleFailedTestcases-3] INFO  sprint1_TestCases.C_Verify_CMSMenu_FunctionalityTC - Logged in and searched for a file, then clicked Edit.
